OpenJDK 64-Bit Server VM (25.372-b07) for windows-amd64 JRE (1.8.0_372-b07), built on Apr 17 2023 22:43:30 by "Administrator" with MS VC++ 12.0 (VS2013)
Memory: 4k page, physical 16474616k(2008996k free), swap 38375112k(5162452k free)
CommandLine flags: -XX:CMSInitiatingOccupancyFraction=40 -XX:+CMSScavengeBeforeRemark -XX:ConcGCThreads=16 -XX:GCLogFileSize=104857600 -XX:InitialHeapSize=1073741824 -XX:InitialTenuringThreshold=1 -XX:MaxHeapSize=1073741824 -XX:MaxTenuringThreshold=1 -XX:NewRatio=4 -XX:NumberOfGCLogFiles=14 -XX:OldPLABSize=16 -XX:+PrintGC -XX:+PrintGCApplicationStoppedTime -XX:+PrintGCDateStamps -XX:+PrintGCDetails -XX:+PrintGCTimeStamps -XX:+PrintHeapAtGC -XX:+PrintReferenceGC -XX:+PrintTenuringDistribution -XX:+UseCMSInitiatingOccupancyOnly -XX:+UseCompressedClassPointers -XX:+UseCompressedOops -XX:+UseConcMarkSweepGC -XX:+UseGCLogFileRotation -XX:-UseLargePagesIndividualAllocation -XX:+UseParNewGC 
{Heap before GC invocations=0 (full 0):
 par new generation   total 188736K, used 167482K [0x00000000c0000000, 0x00000000cccc0000, 0x00000000cccc0000)
  eden space 167808K,  99% used [0x00000000c0000000, 0x00000000ca38eb38, 0x00000000ca3e0000)
  from space 20928K,   0% used [0x00000000ca3e0000, 0x00000000ca3e0000, 0x00000000cb850000)
  to   space 20928K,   0% used [0x00000000cb850000, 0x00000000cb850000, 0x00000000cccc0000)
 concurrent mark-sweep generation total 838912K, used 0K [0x00000000cccc0000, 0x0000000100000000, 0x0000000100000000)
 Metaspace       used 3432K, capacity 4496K, committed 4864K, reserved 1056768K
  class space    used 368K, capacity 388K, committed 512K, reserved 1048576K
2024-07-26T01:31:08.539+0800: 0.138: [GC (Allocation Failure) 2024-07-26T01:31:08.539+0800: 0.138: [ParNew2024-07-26T01:31:08.569+0800: 0.168: [SoftReference, 0 refs, 0.0000460 secs]2024-07-26T01:31:08.569+0800: 0.168: [WeakReference, 10 refs, 0.0000107 secs]2024-07-26T01:31:08.569+0800: 0.168: [FinalReference, 24 refs, 0.0000233 secs]2024-07-26T01:31:08.569+0800: 0.168: [PhantomReference, 0 refs, 0.0000071 secs]2024-07-26T01:31:08.569+0800: 0.168: [JNI Weak Reference, 0.0000072 secs]
Desired survivor size 10715136 bytes, new threshold 1 (max 1)
- age   1:   20674048 bytes,   20674048 total
: 167482K->20248K(188736K), 0.0299442 secs] 167482K->59162K(1027648K), 0.0300911 secs] [Times: user=0.13 sys=0.02, real=0.03 secs] 
Heap after GC invocations=1 (full 0):
 par new generation   total 188736K, used 20248K [0x00000000c0000000, 0x00000000cccc0000, 0x00000000cccc0000)
  eden space 167808K,   0% used [0x00000000c0000000, 0x00000000c0000000, 0x00000000ca3e0000)
  from space 20928K,  96% used [0x00000000cb850000, 0x00000000ccc16000, 0x00000000cccc0000)
  to   space 20928K,   0% used [0x00000000ca3e0000, 0x00000000ca3e0000, 0x00000000cb850000)
 concurrent mark-sweep generation total 838912K, used 38914K [0x00000000cccc0000, 0x0000000100000000, 0x0000000100000000)
 Metaspace       used 3432K, capacity 4496K, committed 4864K, reserved 1056768K
  class space    used 368K, capacity 388K, committed 512K, reserved 1048576K
}
2024-07-26T01:31:08.569+0800: 0.168: Total time for which application threads were stopped: 0.0302571 seconds, Stopping threads took: 0.0000249 seconds
{Heap before GC invocations=1 (full 0):
 par new generation   total 188736K, used 187379K [0x00000000c0000000, 0x00000000cccc0000, 0x00000000cccc0000)
  eden space 167808K,  99% used [0x00000000c0000000, 0x00000000ca336d98, 0x00000000ca3e0000)
  from space 20928K,  96% used [0x00000000cb850000, 0x00000000ccc16000, 0x00000000cccc0000)
  to   space 20928K,   0% used [0x00000000ca3e0000, 0x00000000ca3e0000, 0x00000000cb850000)
 concurrent mark-sweep generation total 838912K, used 38914K [0x00000000cccc0000, 0x0000000100000000, 0x0000000100000000)
 Metaspace       used 3434K, capacity 4496K, committed 4864K, reserved 1056768K
  class space    used 368K, capacity 388K, committed 512K, reserved 1048576K
2024-07-26T01:31:08.584+0800: 0.184: [GC (Allocation Failure) 2024-07-26T01:31:08.584+0800: 0.184: [ParNew2024-07-26T01:31:08.596+0800: 0.196: [SoftReference, 0 refs, 0.0000747 secs]2024-07-26T01:31:08.596+0800: 0.196: [WeakReference, 0 refs, 0.0000045 secs]2024-07-26T01:31:08.596+0800: 0.196: [FinalReference, 0 refs, 0.0000038 secs]2024-07-26T01:31:08.596+0800: 0.196: [PhantomReference, 0 refs, 0.0000036 secs]2024-07-26T01:31:08.596+0800: 0.196: [JNI Weak Reference, 0.0000043 secs]
Desired survivor size 10715136 bytes, new threshold 1 (max 1)
- age   1:   18874656 bytes,   18874656 total
: 187379K->18432K(188736K), 0.0113452 secs] 226294K->58104K(1027648K), 0.0113928 secs] [Times: user=0.06 sys=0.03, real=0.01 secs] 
Heap after GC invocations=2 (full 0):
 par new generation   total 188736K, used 18432K [0x00000000c0000000, 0x00000000cccc0000, 0x00000000cccc0000)
  eden space 167808K,   0% used [0x00000000c0000000, 0x00000000c0000000, 0x00000000ca3e0000)
  from space 20928K,  88% used [0x00000000ca3e0000, 0x00000000cb5e0120, 0x00000000cb850000)
  to   space 20928K,   0% used [0x00000000cb850000, 0x00000000cb850000, 0x00000000cccc0000)
 concurrent mark-sweep generation total 838912K, used 39672K [0x00000000cccc0000, 0x0000000100000000, 0x0000000100000000)
 Metaspace       used 3434K, capacity 4496K, committed 4864K, reserved 1056768K
  class space    used 368K, capacity 388K, committed 512K, reserved 1048576K
}
2024-07-26T01:31:08.596+0800: 0.196: Total time for which application threads were stopped: 0.0115432 seconds, Stopping threads took: 0.0000379 seconds
{Heap before GC invocations=2 (full 0):
 par new generation   total 188736K, used 185574K [0x00000000c0000000, 0x00000000cccc0000, 0x00000000cccc0000)
  eden space 167808K,  99% used [0x00000000c0000000, 0x00000000ca339a50, 0x00000000ca3e0000)
  from space 20928K,  88% used [0x00000000ca3e0000, 0x00000000cb5e0120, 0x00000000cb850000)
  to   space 20928K,   0% used [0x00000000cb850000, 0x00000000cb850000, 0x00000000cccc0000)
 concurrent mark-sweep generation total 838912K, used 39672K [0x00000000cccc0000, 0x0000000100000000, 0x0000000100000000)
 Metaspace       used 3434K, capacity 4496K, committed 4864K, reserved 1056768K
  class space    used 368K, capacity 388K, committed 512K, reserved 1048576K
2024-07-26T01:31:08.611+0800: 0.210: [GC (Allocation Failure) 2024-07-26T01:31:08.611+0800: 0.211: [ParNew2024-07-26T01:31:08.662+0800: 0.262: [SoftReference, 0 refs, 0.0000554 secs]2024-07-26T01:31:08.662+0800: 0.262: [WeakReference, 0 refs, 0.0000052 secs]2024-07-26T01:31:08.662+0800: 0.262: [FinalReference, 0 refs, 0.0000048 secs]2024-07-26T01:31:08.662+0800: 0.262: [PhantomReference, 0 refs, 0.0000046 secs]2024-07-26T01:31:08.662+0800: 0.262: [JNI Weak Reference, 0.0000059 secs]
Desired survivor size 10715136 bytes, new threshold 1 (max 1)
- age   1:   20971840 bytes,   20971840 total
: 185574K->20480K(188736K), 0.0514392 secs] 225247K->121593K(1027648K), 0.0514884 secs] [Times: user=0.09 sys=0.05, real=0.05 secs] 
Heap after GC invocations=3 (full 0):
 par new generation   total 188736K, used 20480K [0x00000000c0000000, 0x00000000cccc0000, 0x00000000cccc0000)
  eden space 167808K,   0% used [0x00000000c0000000, 0x00000000c0000000, 0x00000000ca3e0000)
  from space 20928K,  97% used [0x00000000cb850000, 0x00000000ccc50140, 0x00000000cccc0000)
  to   space 20928K,   0% used [0x00000000ca3e0000, 0x00000000ca3e0000, 0x00000000cb850000)
 concurrent mark-sweep generation total 838912K, used 101113K [0x00000000cccc0000, 0x0000000100000000, 0x0000000100000000)
 Metaspace       used 3434K, capacity 4496K, committed 4864K, reserved 1056768K
  class space    used 368K, capacity 388K, committed 512K, reserved 1048576K
}
2024-07-26T01:31:08.662+0800: 0.262: Total time for which application threads were stopped: 0.0516354 seconds, Stopping threads took: 0.0000241 seconds
{Heap before GC invocations=3 (full 0):
 par new generation   total 188736K, used 187640K [0x00000000c0000000, 0x00000000cccc0000, 0x00000000cccc0000)
  eden space 167808K,  99% used [0x00000000c0000000, 0x00000000ca33e268, 0x00000000ca3e0000)
  from space 20928K,  97% used [0x00000000cb850000, 0x00000000ccc50140, 0x00000000cccc0000)
  to   space 20928K,   0% used [0x00000000ca3e0000, 0x00000000ca3e0000, 0x00000000cb850000)
 concurrent mark-sweep generation total 838912K, used 101113K [0x00000000cccc0000, 0x0000000100000000, 0x0000000100000000)
 Metaspace       used 3434K, capacity 4496K, committed 4864K, reserved 1056768K
  class space    used 368K, capacity 388K, committed 512K, reserved 1048576K
2024-07-26T01:31:08.678+0800: 0.278: [GC (Allocation Failure) 2024-07-26T01:31:08.678+0800: 0.278: [ParNew2024-07-26T01:31:08.695+0800: 0.295: [SoftReference, 0 refs, 0.0000335 secs]2024-07-26T01:31:08.695+0800: 0.295: [WeakReference, 0 refs, 0.0000042 secs]2024-07-26T01:31:08.695+0800: 0.295: [FinalReference, 0 refs, 0.0000039 secs]2024-07-26T01:31:08.695+0800: 0.295: [PhantomReference, 0 refs, 0.0000036 secs]2024-07-26T01:31:08.695+0800: 0.295: [JNI Weak Reference, 0.0000047 secs]
Desired survivor size 10715136 bytes, new threshold 1 (max 1)
- age   1:   20971840 bytes,   20971840 total
: 187640K->20480K(188736K), 0.0170360 secs] 288754K->143097K(1027648K), 0.0171229 secs] [Times: user=0.06 sys=0.00, real=0.02 secs] 
Heap after GC invocations=4 (full 0):
 par new generation   total 188736K, used 20480K [0x00000000c0000000, 0x00000000cccc0000, 0x00000000cccc0000)
  eden space 167808K,   0% used [0x00000000c0000000, 0x00000000c0000000, 0x00000000ca3e0000)
  from space 20928K,  97% used [0x00000000ca3e0000, 0x00000000cb7e0140, 0x00000000cb850000)
  to   space 20928K,   0% used [0x00000000cb850000, 0x00000000cb850000, 0x00000000cccc0000)
 concurrent mark-sweep generation total 838912K, used 122617K [0x00000000cccc0000, 0x0000000100000000, 0x0000000100000000)
 Metaspace       used 3434K, capacity 4496K, committed 4864K, reserved 1056768K
  class space    used 368K, capacity 388K, committed 512K, reserved 1048576K
}
2024-07-26T01:31:08.695+0800: 0.295: Total time for which application threads were stopped: 0.0175057 seconds, Stopping threads took: 0.0001361 seconds
{Heap before GC invocations=4 (full 0):
 par new generation   total 188736K, used 187652K [0x00000000c0000000, 0x00000000cccc0000, 0x00000000cccc0000)
  eden space 167808K,  99% used [0x00000000c0000000, 0x00000000ca3410c8, 0x00000000ca3e0000)
  from space 20928K,  97% used [0x00000000ca3e0000, 0x00000000cb7e0140, 0x00000000cb850000)
  to   space 20928K,   0% used [0x00000000cb850000, 0x00000000cb850000, 0x00000000cccc0000)
 concurrent mark-sweep generation total 838912K, used 122617K [0x00000000cccc0000, 0x0000000100000000, 0x0000000100000000)
 Metaspace       used 3434K, capacity 4496K, committed 4864K, reserved 1056768K
  class space    used 368K, capacity 388K, committed 512K, reserved 1048576K
2024-07-26T01:31:08.711+0800: 0.311: [GC (Allocation Failure) 2024-07-26T01:31:08.711+0800: 0.311: [ParNew2024-07-26T01:31:08.712+0800: 0.312: [SoftReference, 0 refs, 0.0000347 secs]2024-07-26T01:31:08.712+0800: 0.312: [WeakReference, 0 refs, 0.0000083 secs]2024-07-26T01:31:08.712+0800: 0.312: [FinalReference, 0 refs, 0.0000073 secs]2024-07-26T01:31:08.712+0800: 0.312: [PhantomReference, 0 refs, 0.0000074 secs]2024-07-26T01:31:08.712+0800: 0.312: [JNI Weak Reference, 0.0000064 secs]
Desired survivor size 10715136 bytes, new threshold 1 (max 1)
- age   1:    2097184 bytes,    2097184 total
: 187652K->2048K(188736K), 0.0011919 secs] 310270K->124665K(1027648K), 0.0012455 secs] [Times: user=0.00 sys=0.00, real=0.00 secs] 
Heap after GC invocations=5 (full 0):
 par new generation   total 188736K, used 2048K [0x00000000c0000000, 0x00000000cccc0000, 0x00000000cccc0000)
  eden space 167808K,   0% used [0x00000000c0000000, 0x00000000c0000000, 0x00000000ca3e0000)
  from space 20928K,   9% used [0x00000000cb850000, 0x00000000cba50020, 0x00000000cccc0000)
  to   space 20928K,   0% used [0x00000000ca3e0000, 0x00000000ca3e0000, 0x00000000cb850000)
 concurrent mark-sweep generation total 838912K, used 122617K [0x00000000cccc0000, 0x0000000100000000, 0x0000000100000000)
 Metaspace       used 3434K, capacity 4496K, committed 4864K, reserved 1056768K
  class space    used 368K, capacity 388K, committed 512K, reserved 1048576K
}
2024-07-26T01:31:08.712+0800: 0.312: Total time for which application threads were stopped: 0.0013763 seconds, Stopping threads took: 0.0000255 seconds
{Heap before GC invocations=5 (full 0):
 par new generation   total 188736K, used 169227K [0x00000000c0000000, 0x00000000cccc0000, 0x00000000cccc0000)
  eden space 167808K,  99% used [0x00000000c0000000, 0x00000000ca342e90, 0x00000000ca3e0000)
  from space 20928K,   9% used [0x00000000cb850000, 0x00000000cba50020, 0x00000000cccc0000)
  to   space 20928K,   0% used [0x00000000ca3e0000, 0x00000000ca3e0000, 0x00000000cb850000)
 concurrent mark-sweep generation total 838912K, used 122617K [0x00000000cccc0000, 0x0000000100000000, 0x0000000100000000)
 Metaspace       used 3434K, capacity 4496K, committed 4864K, reserved 1056768K
  class space    used 368K, capacity 388K, committed 512K, reserved 1048576K
2024-07-26T01:31:08.727+0800: 0.327: [GC (Allocation Failure) 2024-07-26T01:31:08.727+0800: 0.327: [ParNew2024-07-26T01:31:08.755+0800: 0.355: [SoftReference, 0 refs, 0.0000326 secs]2024-07-26T01:31:08.755+0800: 0.355: [WeakReference, 0 refs, 0.0000046 secs]2024-07-26T01:31:08.755+0800: 0.355: [FinalReference, 0 refs, 0.0000038 secs]2024-07-26T01:31:08.755+0800: 0.355: [PhantomReference, 0 refs, 0.0000037 secs]2024-07-26T01:31:08.755+0800: 0.355: [JNI Weak Reference, 0.0000043 secs]
Desired survivor size 10715136 bytes, new threshold 1 (max 1)
- age   1:   20971840 bytes,   20971840 total
: 169227K->20480K(188736K), 0.0282770 secs] 291845K->188154K(1027648K), 0.0283187 secs] [Times: user=0.02 sys=0.03, real=0.03 secs] 
Heap after GC invocations=6 (full 0):
 par new generation   total 188736K, used 20480K [0x00000000c0000000, 0x00000000cccc0000, 0x00000000cccc0000)
  eden space 167808K,   0% used [0x00000000c0000000, 0x00000000c0000000, 0x00000000ca3e0000)
  from space 20928K,  97% used [0x00000000ca3e0000, 0x00000000cb7e0140, 0x00000000cb850000)
  to   space 20928K,   0% used [0x00000000cb850000, 0x00000000cb850000, 0x00000000cccc0000)
 concurrent mark-sweep generation total 838912K, used 167674K [0x00000000cccc0000, 0x0000000100000000, 0x0000000100000000)
 Metaspace       used 3434K, capacity 4496K, committed 4864K, reserved 1056768K
  class space    used 368K, capacity 388K, committed 512K, reserved 1048576K
}
2024-07-26T01:31:08.755+0800: 0.355: Total time for which application threads were stopped: 0.0284410 seconds, Stopping threads took: 0.0000229 seconds
{Heap before GC invocations=6 (full 0):
 par new generation   total 188736K, used 187664K [0x00000000c0000000, 0x00000000cccc0000, 0x00000000cccc0000)
  eden space 167808K,  99% used [0x00000000c0000000, 0x00000000ca3441c0, 0x00000000ca3e0000)
  from space 20928K,  97% used [0x00000000ca3e0000, 0x00000000cb7e0140, 0x00000000cb850000)
  to   space 20928K,   0% used [0x00000000cb850000, 0x00000000cb850000, 0x00000000cccc0000)
 concurrent mark-sweep generation total 838912K, used 167674K [0x00000000cccc0000, 0x0000000100000000, 0x0000000100000000)
 Metaspace       used 3434K, capacity 4496K, committed 4864K, reserved 1056768K
  class space    used 368K, capacity 388K, committed 512K, reserved 1048576K
2024-07-26T01:31:08.772+0800: 0.371: [GC (Allocation Failure) 2024-07-26T01:31:08.772+0800: 0.371: [ParNew2024-07-26T01:31:08.786+0800: 0.386: [SoftReference, 0 refs, 0.0000336 secs]2024-07-26T01:31:08.786+0800: 0.386: [WeakReference, 0 refs, 0.0000042 secs]2024-07-26T01:31:08.786+0800: 0.386: [FinalReference, 0 refs, 0.0000038 secs]2024-07-26T01:31:08.786+0800: 0.386: [PhantomReference, 0 refs, 0.0000037 secs]2024-07-26T01:31:08.786+0800: 0.386: [JNI Weak Reference, 0.0000045 secs]
Desired survivor size 10715136 bytes, new threshold 1 (max 1)
- age   1:   20971840 bytes,   20971840 total
: 187664K->20480K(188736K), 0.0145311 secs] 355339K->193274K(1027648K), 0.0145694 secs] [Times: user=0.00 sys=0.00, real=0.01 secs] 
Heap after GC invocations=7 (full 0):
 par new generation   total 188736K, used 20480K [0x00000000c0000000, 0x00000000cccc0000, 0x00000000cccc0000)
  eden space 167808K,   0% used [0x00000000c0000000, 0x00000000c0000000, 0x00000000ca3e0000)
  from space 20928K,  97% used [0x00000000cb850000, 0x00000000ccc50140, 0x00000000cccc0000)
  to   space 20928K,   0% used [0x00000000ca3e0000, 0x00000000ca3e0000, 0x00000000cb850000)
 concurrent mark-sweep generation total 838912K, used 172794K [0x00000000cccc0000, 0x0000000100000000, 0x0000000100000000)
 Metaspace       used 3434K, capacity 4496K, committed 4864K, reserved 1056768K
  class space    used 368K, capacity 388K, committed 512K, reserved 1048576K
}
2024-07-26T01:31:08.786+0800: 0.386: Total time for which application threads were stopped: 0.0146823 seconds, Stopping threads took: 0.0000220 seconds
{Heap before GC invocations=7 (full 0):
 par new generation   total 188736K, used 187667K [0x00000000c0000000, 0x00000000cccc0000, 0x00000000cccc0000)
  eden space 167808K,  99% used [0x00000000c0000000, 0x00000000ca344e10, 0x00000000ca3e0000)
  from space 20928K,  97% used [0x00000000cb850000, 0x00000000ccc50140, 0x00000000cccc0000)
  to   space 20928K,   0% used [0x00000000ca3e0000, 0x00000000ca3e0000, 0x00000000cb850000)
 concurrent mark-sweep generation total 838912K, used 172794K [0x00000000cccc0000, 0x0000000100000000, 0x0000000100000000)
 Metaspace       used 3434K, capacity 4496K, committed 4864K, reserved 1056768K
  class space    used 368K, capacity 388K, committed 512K, reserved 1048576K
2024-07-26T01:31:08.802+0800: 0.402: [GC (Allocation Failure) 2024-07-26T01:31:08.802+0800: 0.402: [ParNew2024-07-26T01:31:08.849+0800: 0.449: [SoftReference, 0 refs, 0.0000489 secs]2024-07-26T01:31:08.849+0800: 0.449: [WeakReference, 0 refs, 0.0000044 secs]2024-07-26T01:31:08.849+0800: 0.449: [FinalReference, 0 refs, 0.0000037 secs]2024-07-26T01:31:08.849+0800: 0.449: [PhantomReference, 0 refs, 0.0000036 secs]2024-07-26T01:31:08.849+0800: 0.449: [JNI Weak Reference, 0.0000044 secs]
Desired survivor size 10715136 bytes, new threshold 1 (max 1)
- age   1:   20971840 bytes,   20971840 total
: 187667K->20480K(188736K), 0.0465084 secs] 360462K->261883K(1027648K), 0.0466530 secs] [Times: user=0.11 sys=0.03, real=0.05 secs] 
Heap after GC invocations=8 (full 0):
 par new generation   total 188736K, used 20480K [0x00000000c0000000, 0x00000000cccc0000, 0x00000000cccc0000)
  eden space 167808K,   0% used [0x00000000c0000000, 0x00000000c0000000, 0x00000000ca3e0000)
  from space 20928K,  97% used [0x00000000ca3e0000, 0x00000000cb7e0140, 0x00000000cb850000)
  to   space 20928K,   0% used [0x00000000cb850000, 0x00000000cb850000, 0x00000000cccc0000)
 concurrent mark-sweep generation total 838912K, used 241403K [0x00000000cccc0000, 0x0000000100000000, 0x0000000100000000)
 Metaspace       used 3434K, capacity 4496K, committed 4864K, reserved 1056768K
  class space    used 368K, capacity 388K, committed 512K, reserved 1048576K
}
2024-07-26T01:31:08.849+0800: 0.449: Total time for which application threads were stopped: 0.0467952 seconds, Stopping threads took: 0.0000342 seconds
{Heap before GC invocations=8 (full 0):
 par new generation   total 188736K, used 187669K [0x00000000c0000000, 0x00000000cccc0000, 0x00000000cccc0000)
  eden space 167808K,  99% used [0x00000000c0000000, 0x00000000ca345600, 0x00000000ca3e0000)
  from space 20928K,  97% used [0x00000000ca3e0000, 0x00000000cb7e0140, 0x00000000cb850000)
  to   space 20928K,   0% used [0x00000000cb850000, 0x00000000cb850000, 0x00000000cccc0000)
 concurrent mark-sweep generation total 838912K, used 241403K [0x00000000cccc0000, 0x0000000100000000, 0x0000000100000000)
 Metaspace       used 3434K, capacity 4496K, committed 4864K, reserved 1056768K
  class space    used 368K, capacity 388K, committed 512K, reserved 1048576K
2024-07-26T01:31:08.864+0800: 0.464: [GC (Allocation Failure) 2024-07-26T01:31:08.864+0800: 0.464: [ParNew2024-07-26T01:31:08.897+0800: 0.496: [SoftReference, 0 refs, 0.0000497 secs]2024-07-26T01:31:08.897+0800: 0.496: [WeakReference, 0 refs, 0.0000089 secs]2024-07-26T01:31:08.897+0800: 0.496: [FinalReference, 0 refs, 0.0000133 secs]2024-07-26T01:31:08.897+0800: 0.496: [PhantomReference, 0 refs, 0.0000076 secs]2024-07-26T01:31:08.897+0800: 0.496: [JNI Weak Reference, 0.0000071 secs]
Desired survivor size 10715136 bytes, new threshold 1 (max 1)
- age   1:   20971840 bytes,   20971840 total
: 187669K->20480K(188736K), 0.0324075 secs] 429073K->290556K(1027648K), 0.0324503 secs] [Times: user=0.06 sys=0.02, real=0.03 secs] 
Heap after GC invocations=9 (full 0):
 par new generation   total 188736K, used 20480K [0x00000000c0000000, 0x00000000cccc0000, 0x00000000cccc0000)
  eden space 167808K,   0% used [0x00000000c0000000, 0x00000000c0000000, 0x00000000ca3e0000)
  from space 20928K,  97% used [0x00000000cb850000, 0x00000000ccc50140, 0x00000000cccc0000)
  to   space 20928K,   0% used [0x00000000ca3e0000, 0x00000000ca3e0000, 0x00000000cb850000)
 concurrent mark-sweep generation total 838912K, used 270075K [0x00000000cccc0000, 0x0000000100000000, 0x0000000100000000)
 Metaspace       used 3434K, capacity 4496K, committed 4864K, reserved 1056768K
  class space    used 368K, capacity 388K, committed 512K, reserved 1048576K
}
2024-07-26T01:31:08.897+0800: 0.496: Total time for which application threads were stopped: 0.0326237 seconds, Stopping threads took: 0.0000235 seconds
{Heap before GC invocations=9 (full 0):
 par new generation   total 188736K, used 187671K [0x00000000c0000000, 0x00000000cccc0000, 0x00000000cccc0000)
  eden space 167808K,  99% used [0x00000000c0000000, 0x00000000ca345b18, 0x00000000ca3e0000)
  from space 20928K,  97% used [0x00000000cb850000, 0x00000000ccc50140, 0x00000000cccc0000)
  to   space 20928K,   0% used [0x00000000ca3e0000, 0x00000000ca3e0000, 0x00000000cb850000)
 concurrent mark-sweep generation total 838912K, used 270075K [0x00000000cccc0000, 0x0000000100000000, 0x0000000100000000)
 Metaspace       used 3434K, capacity 4496K, committed 4864K, reserved 1056768K
  class space    used 368K, capacity 388K, committed 512K, reserved 1048576K
2024-07-26T01:31:08.912+0800: 0.511: [GC (Allocation Failure) 2024-07-26T01:31:08.912+0800: 0.511: [ParNew2024-07-26T01:31:08.914+0800: 0.513: [SoftReference, 0 refs, 0.0000302 secs]2024-07-26T01:31:08.914+0800: 0.513: [WeakReference, 0 refs, 0.0000041 secs]2024-07-26T01:31:08.914+0800: 0.513: [FinalReference, 0 refs, 0.0000039 secs]2024-07-26T01:31:08.914+0800: 0.513: [PhantomReference, 0 refs, 0.0000038 secs]2024-07-26T01:31:08.914+0800: 0.514: [JNI Weak Reference, 0.0000044 secs]
Desired survivor size 10715136 bytes, new threshold 1 (max 1)
- age   1:    9437328 bytes,    9437328 total
: 187671K->9216K(188736K), 0.0020576 secs] 457746K->279292K(1027648K), 0.0021022 secs] [Times: user=0.00 sys=0.00, real=0.00 secs] 
Heap after GC invocations=10 (full 0):
 par new generation   total 188736K, used 9216K [0x00000000c0000000, 0x00000000cccc0000, 0x00000000cccc0000)
  eden space 167808K,   0% used [0x00000000c0000000, 0x00000000c0000000, 0x00000000ca3e0000)
  from space 20928K,  44% used [0x00000000ca3e0000, 0x00000000cace0090, 0x00000000cb850000)
  to   space 20928K,   0% used [0x00000000cb850000, 0x00000000cb850000, 0x00000000cccc0000)
 concurrent mark-sweep generation total 838912K, used 270075K [0x00000000cccc0000, 0x0000000100000000, 0x0000000100000000)
 Metaspace       used 3434K, capacity 4496K, committed 4864K, reserved 1056768K
  class space    used 368K, capacity 388K, committed 512K, reserved 1048576K
}
2024-07-26T01:31:08.914+0800: 0.514: Total time for which application threads were stopped: 0.0022575 seconds, Stopping threads took: 0.0000426 seconds
{Heap before GC invocations=10 (full 0):
 par new generation   total 188736K, used 176407K [0x00000000c0000000, 0x00000000cccc0000, 0x00000000cccc0000)
  eden space 167808K,  99% used [0x00000000c0000000, 0x00000000ca345e60, 0x00000000ca3e0000)
  from space 20928K,  44% used [0x00000000ca3e0000, 0x00000000cace0090, 0x00000000cb850000)
  to   space 20928K,   0% used [0x00000000cb850000, 0x00000000cb850000, 0x00000000cccc0000)
 concurrent mark-sweep generation total 838912K, used 270075K [0x00000000cccc0000, 0x0000000100000000, 0x0000000100000000)
 Metaspace       used 3434K, capacity 4496K, committed 4864K, reserved 1056768K
  class space    used 368K, capacity 388K, committed 512K, reserved 1048576K
2024-07-26T01:31:08.930+0800: 0.529: [GC (Allocation Failure) 2024-07-26T01:31:08.930+0800: 0.529: [ParNew2024-07-26T01:31:08.973+0800: 0.572: [SoftReference, 0 refs, 0.0000631 secs]2024-07-26T01:31:08.973+0800: 0.572: [WeakReference, 0 refs, 0.0000086 secs]2024-07-26T01:31:08.973+0800: 0.572: [FinalReference, 0 refs, 0.0000073 secs]2024-07-26T01:31:08.973+0800: 0.572: [PhantomReference, 0 refs, 0.0000072 secs]2024-07-26T01:31:08.973+0800: 0.572: [JNI Weak Reference, 0.0000073 secs]
Desired survivor size 10715136 bytes, new threshold 1 (max 1)
- age   1:   20971840 bytes,   20971840 total
: 176407K->20480K(188736K), 0.0434775 secs] 446483K->342781K(1027648K), 0.0435226 secs] [Times: user=0.09 sys=0.01, real=0.04 secs] 
Heap after GC invocations=11 (full 0):
 par new generation   total 188736K, used 20480K [0x00000000c0000000, 0x00000000cccc0000, 0x00000000cccc0000)
  eden space 167808K,   0% used [0x00000000c0000000, 0x00000000c0000000, 0x00000000ca3e0000)
  from space 20928K,  97% used [0x00000000cb850000, 0x00000000ccc50140, 0x00000000cccc0000)
  to   space 20928K,   0% used [0x00000000ca3e0000, 0x00000000ca3e0000, 0x00000000cb850000)
 concurrent mark-sweep generation total 838912K, used 322300K [0x00000000cccc0000, 0x0000000100000000, 0x0000000100000000)
 Metaspace       used 3434K, capacity 4496K, committed 4864K, reserved 1056768K
  class space    used 368K, capacity 388K, committed 512K, reserved 1048576K
}
2024-07-26T01:31:08.973+0800: 0.572: Total time for which application threads were stopped: 0.0436591 seconds, Stopping threads took: 0.0000210 seconds
{Heap before GC invocations=11 (full 0):
 par new generation   total 188736K, used 187672K [0x00000000c0000000, 0x00000000cccc0000, 0x00000000cccc0000)
  eden space 167808K,  99% used [0x00000000c0000000, 0x00000000ca346078, 0x00000000ca3e0000)
  from space 20928K,  97% used [0x00000000cb850000, 0x00000000ccc50140, 0x00000000cccc0000)
  to   space 20928K,   0% used [0x00000000ca3e0000, 0x00000000ca3e0000, 0x00000000cb850000)
 concurrent mark-sweep generation total 838912K, used 322300K [0x00000000cccc0000, 0x0000000100000000, 0x0000000100000000)
 Metaspace       used 3434K, capacity 4496K, committed 4864K, reserved 1056768K
  class space    used 368K, capacity 388K, committed 512K, reserved 1048576K
2024-07-26T01:31:08.990+0800: 0.589: [GC (Allocation Failure) 2024-07-26T01:31:08.990+0800: 0.589: [ParNew2024-07-26T01:31:09.005+0800: 0.604: [SoftReference, 0 refs, 0.0000382 secs]2024-07-26T01:31:09.005+0800: 0.604: [WeakReference, 0 refs, 0.0000077 secs]2024-07-26T01:31:09.005+0800: 0.604: [FinalReference, 0 refs, 0.0000071 secs]2024-07-26T01:31:09.005+0800: 0.604: [PhantomReference, 0 refs, 0.0000067 secs]2024-07-26T01:31:09.005+0800: 0.604: [JNI Weak Reference, 0.0000069 secs]
Desired survivor size 10715136 bytes, new threshold 1 (max 1)
- age   1:   20971840 bytes,   20971840 total
: 187672K->20480K(188736K), 0.0151529 secs] 509973K->355069K(1027648K), 0.0151980 secs] [Times: user=0.05 sys=0.00, real=0.02 secs] 
Heap after GC invocations=12 (full 0):
 par new generation   total 188736K, used 20480K [0x00000000c0000000, 0x00000000cccc0000, 0x00000000cccc0000)
  eden space 167808K,   0% used [0x00000000c0000000, 0x00000000c0000000, 0x00000000ca3e0000)
  from space 20928K,  97% used [0x00000000ca3e0000, 0x00000000cb7e0140, 0x00000000cb850000)
  to   space 20928K,   0% used [0x00000000cb850000, 0x00000000cb850000, 0x00000000cccc0000)
 concurrent mark-sweep generation total 838912K, used 334588K [0x00000000cccc0000, 0x0000000100000000, 0x0000000100000000)
 Metaspace       used 3434K, capacity 4496K, committed 4864K, reserved 1056768K
  class space    used 368K, capacity 388K, committed 512K, reserved 1048576K
}
2024-07-26T01:31:09.005+0800: 0.604: Total time for which application threads were stopped: 0.0153633 seconds, Stopping threads took: 0.0000480 seconds
{Heap before GC invocations=12 (full 0):
 par new generation   total 188736K, used 187672K [0x00000000c0000000, 0x00000000cccc0000, 0x00000000cccc0000)
  eden space 167808K,  99% used [0x00000000c0000000, 0x00000000ca3461d0, 0x00000000ca3e0000)
  from space 20928K,  97% used [0x00000000ca3e0000, 0x00000000cb7e0140, 0x00000000cb850000)
  to   space 20928K,   0% used [0x00000000cb850000, 0x00000000cb850000, 0x00000000cccc0000)
 concurrent mark-sweep generation total 838912K, used 334588K [0x00000000cccc0000, 0x0000000100000000, 0x0000000100000000)
 Metaspace       used 3434K, capacity 4496K, committed 4864K, reserved 1056768K
  class space    used 368K, capacity 388K, committed 512K, reserved 1048576K
2024-07-26T01:31:09.020+0800: 0.619: [GC (Allocation Failure) 2024-07-26T01:31:09.020+0800: 0.620: [ParNew2024-07-26T01:31:09.067+0800: 0.666: [SoftReference, 0 refs, 0.0000557 secs]2024-07-26T01:31:09.067+0800: 0.666: [WeakReference, 0 refs, 0.0000081 secs]2024-07-26T01:31:09.067+0800: 0.666: [FinalReference, 0 refs, 0.0000072 secs]2024-07-26T01:31:09.067+0800: 0.666: [PhantomReference, 0 refs, 0.0000069 secs]2024-07-26T01:31:09.067+0800: 0.666: [JNI Weak Reference, 0.0000076 secs]
Desired survivor size 10715136 bytes, new threshold 1 (max 1)
- age   1:   20971840 bytes,   20971840 total
: 187672K->20480K(188736K), 0.0465960 secs] 522261K->430846K(1027648K), 0.0466418 secs] [Times: user=0.08 sys=0.02, real=0.05 secs] 
Heap after GC invocations=13 (full 0):
 par new generation   total 188736K, used 20480K [0x00000000c0000000, 0x00000000cccc0000, 0x00000000cccc0000)
  eden space 167808K,   0% used [0x00000000c0000000, 0x00000000c0000000, 0x00000000ca3e0000)
  from space 20928K,  97% used [0x00000000cb850000, 0x00000000ccc50140, 0x00000000cccc0000)
  to   space 20928K,   0% used [0x00000000ca3e0000, 0x00000000ca3e0000, 0x00000000cb850000)
 concurrent mark-sweep generation total 838912K, used 410366K [0x00000000cccc0000, 0x0000000100000000, 0x0000000100000000)
 Metaspace       used 3434K, capacity 4496K, committed 4864K, reserved 1056768K
  class space    used 368K, capacity 388K, committed 512K, reserved 1048576K
}
2024-07-26T01:31:09.067+0800: 0.666: Total time for which application threads were stopped: 0.0467807 seconds, Stopping threads took: 0.0000204 seconds
2024-07-26T01:31:09.067+0800: 0.666: [GC (CMS Initial Mark) [1 CMS-initial-mark: 410366K(838912K)] 431870K(1027648K), 0.0001542 secs] [Times: user=0.00 sys=0.00, real=0.00 secs] 
2024-07-26T01:31:09.067+0800: 0.666: Total time for which application threads were stopped: 0.0002637 seconds, Stopping threads took: 0.0000727 seconds
2024-07-26T01:31:09.067+0800: 0.667: [CMS-concurrent-mark-start]
2024-07-26T01:31:09.069+0800: 0.668: [CMS-concurrent-mark: 0.001/0.001 secs] [Times: user=0.00 sys=0.00, real=0.00 secs] 
2024-07-26T01:31:09.069+0800: 0.668: [CMS-concurrent-preclean-start]
2024-07-26T01:31:09.069+0800: 0.668: [Preclean SoftReferences, 0.0000081 secs]2024-07-26T01:31:09.069+0800: 0.668: [Preclean WeakReferences, 0.0000059 secs]2024-07-26T01:31:09.069+0800: 0.668: [Preclean FinalReferences, 0.0000069 secs]2024-07-26T01:31:09.069+0800: 0.668: [Preclean PhantomReferences, 0.0000063 secs]2024-07-26T01:31:09.070+0800: 0.669: [CMS-concurrent-preclean: 0.001/0.001 secs] [Times: user=0.00 sys=0.00, real=0.00 secs] 
2024-07-26T01:31:09.070+0800: 0.669: [CMS-concurrent-abortable-preclean-start]
{Heap before GC invocations=13 (full 1):
 par new generation   total 188736K, used 187672K [0x00000000c0000000, 0x00000000cccc0000, 0x00000000cccc0000)
  eden space 167808K,  99% used [0x00000000c0000000, 0x00000000ca3462b0, 0x00000000ca3e0000)
  from space 20928K,  97% used [0x00000000cb850000, 0x00000000ccc50140, 0x00000000cccc0000)
  to   space 20928K,   0% used [0x00000000ca3e0000, 0x00000000ca3e0000, 0x00000000cb850000)
 concurrent mark-sweep generation total 838912K, used 410366K [0x00000000cccc0000, 0x0000000100000000, 0x0000000100000000)
 Metaspace       used 3434K, capacity 4496K, committed 4864K, reserved 1056768K
  class space    used 368K, capacity 388K, committed 512K, reserved 1048576K
2024-07-26T01:31:09.083+0800: 0.683: [GC (Allocation Failure) 2024-07-26T01:31:09.083+0800: 0.683: [ParNew2024-07-26T01:31:09.113+0800: 0.712: [SoftReference, 0 refs, 0.0000549 secs]2024-07-26T01:31:09.113+0800: 0.712: [WeakReference, 0 refs, 0.0000080 secs]2024-07-26T01:31:09.113+0800: 0.712: [FinalReference, 0 refs, 0.0000073 secs]2024-07-26T01:31:09.113+0800: 0.712: [PhantomReference, 0 refs, 0.0000070 secs]2024-07-26T01:31:09.113+0800: 0.712: [JNI Weak Reference, 0.0000079 secs]
Desired survivor size 10715136 bytes, new threshold 1 (max 1)
- age   1:   20971840 bytes,   20971840 total
: 187672K->20480K(188736K), 0.0293022 secs] 598039K->466686K(1027648K), 0.0294721 secs] [Times: user=0.11 sys=0.03, real=0.03 secs] 
Heap after GC invocations=14 (full 1):
 par new generation   total 188736K, used 20480K [0x00000000c0000000, 0x00000000cccc0000, 0x00000000cccc0000)
  eden space 167808K,   0% used [0x00000000c0000000, 0x00000000c0000000, 0x00000000ca3e0000)
  from space 20928K,  97% used [0x00000000ca3e0000, 0x00000000cb7e0140, 0x00000000cb850000)
  to   space 20928K,   0% used [0x00000000cb850000, 0x00000000cb850000, 0x00000000cccc0000)
 concurrent mark-sweep generation total 838912K, used 446206K [0x00000000cccc0000, 0x0000000100000000, 0x0000000100000000)
 Metaspace       used 3434K, capacity 4496K, committed 4864K, reserved 1056768K
  class space    used 368K, capacity 388K, committed 512K, reserved 1048576K
}
2024-07-26T01:31:09.113+0800: 0.713: Total time for which application threads were stopped: 0.0296629 seconds, Stopping threads took: 0.0000487 seconds
{Heap before GC invocations=14 (full 1):
 par new generation   total 188736K, used 187673K [0x00000000c0000000, 0x00000000cccc0000, 0x00000000cccc0000)
  eden space 167808K,  99% used [0x00000000c0000000, 0x00000000ca346340, 0x00000000ca3e0000)
  from space 20928K,  97% used [0x00000000ca3e0000, 0x00000000cb7e0140, 0x00000000cb850000)
  to   space 20928K,   0% used [0x00000000cb850000, 0x00000000cb850000, 0x00000000cccc0000)
 concurrent mark-sweep generation total 838912K, used 446206K [0x00000000cccc0000, 0x0000000100000000, 0x0000000100000000)
 Metaspace       used 3434K, capacity 4496K, committed 4864K, reserved 1056768K
  class space    used 368K, capacity 388K, committed 512K, reserved 1048576K
2024-07-26T01:31:09.128+0800: 0.728: [GC (Allocation Failure) 2024-07-26T01:31:09.128+0800: 0.728: [ParNew2024-07-26T01:31:09.132+0800: 0.732: [SoftReference, 0 refs, 0.0000571 secs]2024-07-26T01:31:09.132+0800: 0.732: [WeakReference, 0 refs, 0.0000081 secs]2024-07-26T01:31:09.132+0800: 0.732: [FinalReference, 0 refs, 0.0000073 secs]2024-07-26T01:31:09.132+0800: 0.732: [PhantomReference, 0 refs, 0.0000070 secs]2024-07-26T01:31:09.132+0800: 0.732: [JNI Weak Reference, 0.0000074 secs]
Desired survivor size 10715136 bytes, new threshold 1 (max 1)
- age   1:   16777472 bytes,   16777472 total
: 187673K->16384K(188736K), 0.0043555 secs] 633879K->462590K(1027648K), 0.0043967 secs] [Times: user=0.00 sys=0.00, real=0.00 secs] 
Heap after GC invocations=15 (full 1):
 par new generation   total 188736K, used 16384K [0x00000000c0000000, 0x00000000cccc0000, 0x00000000cccc0000)
  eden space 167808K,   0% used [0x00000000c0000000, 0x00000000c0000000, 0x00000000ca3e0000)
  from space 20928K,  78% used [0x00000000cb850000, 0x00000000cc850100, 0x00000000cccc0000)
  to   space 20928K,   0% used [0x00000000ca3e0000, 0x00000000ca3e0000, 0x00000000cb850000)
 concurrent mark-sweep generation total 838912K, used 446206K [0x00000000cccc0000, 0x0000000100000000, 0x0000000100000000)
 Metaspace       used 3434K, capacity 4496K, committed 4864K, reserved 1056768K
  class space    used 368K, capacity 388K, committed 512K, reserved 1048576K
}
2024-07-26T01:31:09.132+0800: 0.732: Total time for which application threads were stopped: 0.0045472 seconds, Stopping threads took: 0.0000301 seconds
{Heap before GC invocations=15 (full 1):
 par new generation   total 188736K, used 183577K [0x00000000c0000000, 0x00000000cccc0000, 0x00000000cccc0000)
  eden space 167808K,  99% used [0x00000000c0000000, 0x00000000ca3463a0, 0x00000000ca3e0000)
  from space 20928K,  78% used [0x00000000cb850000, 0x00000000cc850100, 0x00000000cccc0000)
  to   space 20928K,   0% used [0x00000000ca3e0000, 0x00000000ca3e0000, 0x00000000cb850000)
 concurrent mark-sweep generation total 838912K, used 446206K [0x00000000cccc0000, 0x0000000100000000, 0x0000000100000000)
 Metaspace       used 3434K, capacity 4496K, committed 4864K, reserved 1056768K
  class space    used 368K, capacity 388K, committed 512K, reserved 1048576K
2024-07-26T01:31:09.149+0800: 0.748: [GC (Allocation Failure) 2024-07-26T01:31:09.149+0800: 0.748: [ParNew2024-07-26T01:31:09.191+0800: 0.791: [SoftReference, 0 refs, 0.0000645 secs]2024-07-26T01:31:09.191+0800: 0.791: [WeakReference, 0 refs, 0.0000058 secs]2024-07-26T01:31:09.191+0800: 0.791: [FinalReference, 0 refs, 0.0000042 secs]2024-07-26T01:31:09.191+0800: 0.791: [PhantomReference, 0 refs, 0.0000039 secs]2024-07-26T01:31:09.191+0800: 0.791: [JNI Weak Reference, 0.0000050 secs]
Desired survivor size 10715136 bytes, new threshold 1 (max 1)
- age   1:   20971840 bytes,   20971840 total
: 183577K->20480K(188736K), 0.0426632 secs] 629783K->526079K(1027648K), 0.0427165 secs] [Times: user=0.09 sys=0.03, real=0.04 secs] 
Heap after GC invocations=16 (full 1):
 par new generation   total 188736K, used 20480K [0x00000000c0000000, 0x00000000cccc0000, 0x00000000cccc0000)
  eden space 167808K,   0% used [0x00000000c0000000, 0x00000000c0000000, 0x00000000ca3e0000)
  from space 20928K,  97% used [0x00000000ca3e0000, 0x00000000cb7e0140, 0x00000000cb850000)
  to   space 20928K,   0% used [0x00000000cb850000, 0x00000000cb850000, 0x00000000cccc0000)
 concurrent mark-sweep generation total 838912K, used 505599K [0x00000000cccc0000, 0x0000000100000000, 0x0000000100000000)
 Metaspace       used 3434K, capacity 4496K, committed 4864K, reserved 1056768K
  class space    used 368K, capacity 388K, committed 512K, reserved 1048576K
}
2024-07-26T01:31:09.191+0800: 0.791: Total time for which application threads were stopped: 0.0428835 seconds, Stopping threads took: 0.0000456 seconds
{Heap before GC invocations=16 (full 1):
 par new generation   total 188736K, used 187673K [0x00000000c0000000, 0x00000000cccc0000, 0x00000000cccc0000)
  eden space 167808K,  99% used [0x00000000c0000000, 0x00000000ca3463d8, 0x00000000ca3e0000)
  from space 20928K,  97% used [0x00000000ca3e0000, 0x00000000cb7e0140, 0x00000000cb850000)
  to   space 20928K,   0% used [0x00000000cb850000, 0x00000000cb850000, 0x00000000cccc0000)
 concurrent mark-sweep generation total 838912K, used 505599K [0x00000000cccc0000, 0x0000000100000000, 0x0000000100000000)
 Metaspace       used 3434K, capacity 4496K, committed 4864K, reserved 1056768K
  class space    used 368K, capacity 388K, committed 512K, reserved 1048576K
2024-07-26T01:31:09.206+0800: 0.806: [GC (Allocation Failure) 2024-07-26T01:31:09.206+0800: 0.806: [ParNew2024-07-26T01:31:09.223+0800: 0.823: [SoftReference, 0 refs, 0.0000340 secs]2024-07-26T01:31:09.223+0800: 0.823: [WeakReference, 0 refs, 0.0000046 secs]2024-07-26T01:31:09.223+0800: 0.823: [FinalReference, 0 refs, 0.0000043 secs]2024-07-26T01:31:09.223+0800: 0.823: [PhantomReference, 0 refs, 0.0000041 secs]2024-07-26T01:31:09.223+0800: 0.823: [JNI Weak Reference, 0.0000047 secs]
Desired survivor size 10715136 bytes, new threshold 1 (max 1)
- age   1:   20971840 bytes,   20971840 total
: 187673K->20480K(188736K), 0.0167269 secs] 693272K->545536K(1027648K), 0.0167632 secs] [Times: user=0.11 sys=0.00, real=0.02 secs] 
Heap after GC invocations=17 (full 1):
 par new generation   total 188736K, used 20480K [0x00000000c0000000, 0x00000000cccc0000, 0x00000000cccc0000)
  eden space 167808K,   0% used [0x00000000c0000000, 0x00000000c0000000, 0x00000000ca3e0000)
  from space 20928K,  97% used [0x00000000cb850000, 0x00000000ccc50140, 0x00000000cccc0000)
  to   space 20928K,   0% used [0x00000000ca3e0000, 0x00000000ca3e0000, 0x00000000cb850000)
 concurrent mark-sweep generation total 838912K, used 525055K [0x00000000cccc0000, 0x0000000100000000, 0x0000000100000000)
 Metaspace       used 3434K, capacity 4496K, committed 4864K, reserved 1056768K
  class space    used 368K, capacity 388K, committed 512K, reserved 1048576K
}
2024-07-26T01:31:09.223+0800: 0.823: Total time for which application threads were stopped: 0.0168855 seconds, Stopping threads took: 0.0000262 seconds
{Heap before GC invocations=17 (full 1):
 par new generation   total 188736K, used 187673K [0x00000000c0000000, 0x00000000cccc0000, 0x00000000cccc0000)
  eden space 167808K,  99% used [0x00000000c0000000, 0x00000000ca346400, 0x00000000ca3e0000)
  from space 20928K,  97% used [0x00000000cb850000, 0x00000000ccc50140, 0x00000000cccc0000)
  to   space 20928K,   0% used [0x00000000ca3e0000, 0x00000000ca3e0000, 0x00000000cb850000)
 concurrent mark-sweep generation total 838912K, used 525055K [0x00000000cccc0000, 0x0000000100000000, 0x0000000100000000)
 Metaspace       used 3434K, capacity 4496K, committed 4864K, reserved 1056768K
  class space    used 368K, capacity 388K, committed 512K, reserved 1048576K
2024-07-26T01:31:09.239+0800: 0.839: [GC (Allocation Failure) 2024-07-26T01:31:09.239+0800: 0.839: [ParNew2024-07-26T01:31:09.240+0800: 0.840: [SoftReference, 0 refs, 0.0000387 secs]2024-07-26T01:31:09.240+0800: 0.840: [WeakReference, 0 refs, 0.0000086 secs]2024-07-26T01:31:09.240+0800: 0.840: [FinalReference, 0 refs, 0.0000074 secs]2024-07-26T01:31:09.240+0800: 0.840: [PhantomReference, 0 refs, 0.0000073 secs]2024-07-26T01:31:09.240+0800: 0.840: [JNI Weak Reference, 0.0000071 secs]
Desired survivor size 10715136 bytes, new threshold 1 (max 1)
: 187673K->0K(188736K), 0.0009527 secs] 712729K->525055K(1027648K), 0.0010451 secs] [Times: user=0.00 sys=0.00, real=0.00 secs] 
Heap after GC invocations=18 (full 1):
 par new generation   total 188736K, used 0K [0x00000000c0000000, 0x00000000cccc0000, 0x00000000cccc0000)
  eden space 167808K,   0% used [0x00000000c0000000, 0x00000000c0000000, 0x00000000ca3e0000)
  from space 20928K,   0% used [0x00000000ca3e0000, 0x00000000ca3e0000, 0x00000000cb850000)
  to   space 20928K,   0% used [0x00000000cb850000, 0x00000000cb850000, 0x00000000cccc0000)
 concurrent mark-sweep generation total 838912K, used 525055K [0x00000000cccc0000, 0x0000000100000000, 0x0000000100000000)
 Metaspace       used 3434K, capacity 4496K, committed 4864K, reserved 1056768K
  class space    used 368K, capacity 388K, committed 512K, reserved 1048576K
}
2024-07-26T01:31:09.240+0800: 0.840: Total time for which application threads were stopped: 0.0013373 seconds, Stopping threads took: 0.0001463 seconds
{Heap before GC invocations=18 (full 1):
 par new generation   total 188736K, used 167193K [0x00000000c0000000, 0x00000000cccc0000, 0x00000000cccc0000)
  eden space 167808K,  99% used [0x00000000c0000000, 0x00000000ca346418, 0x00000000ca3e0000)
  from space 20928K,   0% used [0x00000000ca3e0000, 0x00000000ca3e0000, 0x00000000cb850000)
  to   space 20928K,   0% used [0x00000000cb850000, 0x00000000cb850000, 0x00000000cccc0000)
 concurrent mark-sweep generation total 838912K, used 525055K [0x00000000cccc0000, 0x0000000100000000, 0x0000000100000000)
 Metaspace       used 3434K, capacity 4496K, committed 4864K, reserved 1056768K
  class space    used 368K, capacity 388K, committed 512K, reserved 1048576K
2024-07-26T01:31:09.256+0800: 0.856: [GC (Allocation Failure) 2024-07-26T01:31:09.256+0800: 0.856: [ParNew2024-07-26T01:31:09.285+0800: 0.885: [SoftReference, 0 refs, 0.0000384 secs]2024-07-26T01:31:09.285+0800: 0.885: [WeakReference, 0 refs, 0.0000084 secs]2024-07-26T01:31:09.285+0800: 0.885: [FinalReference, 0 refs, 0.0000075 secs]2024-07-26T01:31:09.285+0800: 0.885: [PhantomReference, 0 refs, 0.0000071 secs]2024-07-26T01:31:09.285+0800: 0.885: [JNI Weak Reference, 0.0000066 secs]
Desired survivor size 10715136 bytes, new threshold 1 (max 1)
- age   1:   20971840 bytes,   20971840 total
: 167193K->20480K(188736K), 0.0288090 secs] 692248K->588544K(1027648K), 0.0288679 secs] [Times: user=0.16 sys=0.02, real=0.03 secs] 
Heap after GC invocations=19 (full 1):
 par new generation   total 188736K, used 20480K [0x00000000c0000000, 0x00000000cccc0000, 0x00000000cccc0000)
  eden space 167808K,   0% used [0x00000000c0000000, 0x00000000c0000000, 0x00000000ca3e0000)
  from space 20928K,  97% used [0x00000000cb850000, 0x00000000ccc50140, 0x00000000cccc0000)
  to   space 20928K,   0% used [0x00000000ca3e0000, 0x00000000ca3e0000, 0x00000000cb850000)
 concurrent mark-sweep generation total 838912K, used 568064K [0x00000000cccc0000, 0x0000000100000000, 0x0000000100000000)
 Metaspace       used 3434K, capacity 4496K, committed 4864K, reserved 1056768K
  class space    used 368K, capacity 388K, committed 512K, reserved 1048576K
}
2024-07-26T01:31:09.285+0800: 0.885: Total time for which application threads were stopped: 0.0290832 seconds, Stopping threads took: 0.0000449 seconds
{Heap before GC invocations=19 (full 1):
 par new generation   total 188736K, used 187673K [0x00000000c0000000, 0x00000000cccc0000, 0x00000000cccc0000)
  eden space 167808K,  99% used [0x00000000c0000000, 0x00000000ca346428, 0x00000000ca3e0000)
  from space 20928K,  97% used [0x00000000cb850000, 0x00000000ccc50140, 0x00000000cccc0000)
  to   space 20928K,   0% used [0x00000000ca3e0000, 0x00000000ca3e0000, 0x00000000cb850000)
 concurrent mark-sweep generation total 838912K, used 568064K [0x00000000cccc0000, 0x0000000100000000, 0x0000000100000000)
 Metaspace       used 3434K, capacity 4496K, committed 4864K, reserved 1056768K
  class space    used 368K, capacity 388K, committed 512K, reserved 1048576K
2024-07-26T01:31:09.301+0800: 0.901: [GC (Allocation Failure) 2024-07-26T01:31:09.301+0800: 0.901: [ParNew2024-07-26T01:31:09.308+0800: 0.907: [SoftReference, 0 refs, 0.0000300 secs]2024-07-26T01:31:09.308+0800: 0.907: [WeakReference, 0 refs, 0.0000043 secs]2024-07-26T01:31:09.308+0800: 0.907: [FinalReference, 0 refs, 0.0000037 secs]2024-07-26T01:31:09.308+0800: 0.907: [PhantomReference, 0 refs, 0.0000036 secs]2024-07-26T01:31:09.308+0800: 0.907: [JNI Weak Reference, 0.0000045 secs]
Desired survivor size 10715136 bytes, new threshold 1 (max 1)
- age   1:   20971840 bytes,   20971840 total
: 187673K->20480K(188736K), 0.0063824 secs] 755737K->591616K(1027648K), 0.0064178 secs] [Times: user=0.00 sys=0.00, real=0.01 secs] 
Heap after GC invocations=20 (full 1):
 par new generation   total 188736K, used 20480K [0x00000000c0000000, 0x00000000cccc0000, 0x00000000cccc0000)
  eden space 167808K,   0% used [0x00000000c0000000, 0x00000000c0000000, 0x00000000ca3e0000)
  from space 20928K,  97% used [0x00000000ca3e0000, 0x00000000cb7e0140, 0x00000000cb850000)
  to   space 20928K,   0% used [0x00000000cb850000, 0x00000000cb850000, 0x00000000cccc0000)
 concurrent mark-sweep generation total 838912K, used 571136K [0x00000000cccc0000, 0x0000000100000000, 0x0000000100000000)
 Metaspace       used 3434K, capacity 4496K, committed 4864K, reserved 1056768K
  class space    used 368K, capacity 388K, committed 512K, reserved 1048576K
}
2024-07-26T01:31:09.308+0800: 0.907: Total time for which application threads were stopped: 0.0065330 seconds, Stopping threads took: 0.0000230 seconds
{Heap before GC invocations=20 (full 1):
 par new generation   total 188736K, used 187673K [0x00000000c0000000, 0x00000000cccc0000, 0x00000000cccc0000)
  eden space 167808K,  99% used [0x00000000c0000000, 0x00000000ca346430, 0x00000000ca3e0000)
  from space 20928K,  97% used [0x00000000ca3e0000, 0x00000000cb7e0140, 0x00000000cb850000)
  to   space 20928K,   0% used [0x00000000cb850000, 0x00000000cb850000, 0x00000000cccc0000)
 concurrent mark-sweep generation total 838912K, used 571136K [0x00000000cccc0000, 0x0000000100000000, 0x0000000100000000)
 Metaspace       used 3434K, capacity 4496K, committed 4864K, reserved 1056768K
  class space    used 368K, capacity 388K, committed 512K, reserved 1048576K
2024-07-26T01:31:09.324+0800: 0.923: [GC (Allocation Failure) 2024-07-26T01:31:09.324+0800: 0.923: [ParNew2024-07-26T01:31:09.363+0800: 0.963: [SoftReference, 0 refs, 0.0000432 secs]2024-07-26T01:31:09.363+0800: 0.963: [WeakReference, 0 refs, 0.0000087 secs]2024-07-26T01:31:09.363+0800: 0.963: [FinalReference, 0 refs, 0.0000077 secs]2024-07-26T01:31:09.363+0800: 0.963: [PhantomReference, 0 refs, 0.0000074 secs]2024-07-26T01:31:09.363+0800: 0.963: [JNI Weak Reference, 0.0000071 secs]
Desired survivor size 10715136 bytes, new threshold 1 (max 1)
- age   1:   20971840 bytes,   20971840 total
: 187673K->20480K(188736K), 0.0397456 secs] 758809K->658177K(1027648K), 0.0397921 secs] [Times: user=0.09 sys=0.05, real=0.04 secs] 
Heap after GC invocations=21 (full 1):
 par new generation   total 188736K, used 20480K [0x00000000c0000000, 0x00000000cccc0000, 0x00000000cccc0000)
  eden space 167808K,   0% used [0x00000000c0000000, 0x00000000c0000000, 0x00000000ca3e0000)
  from space 20928K,  97% used [0x00000000cb850000, 0x00000000ccc50140, 0x00000000cccc0000)
  to   space 20928K,   0% used [0x00000000ca3e0000, 0x00000000ca3e0000, 0x00000000cb850000)
 concurrent mark-sweep generation total 838912K, used 637697K [0x00000000cccc0000, 0x0000000100000000, 0x0000000100000000)
 Metaspace       used 3434K, capacity 4496K, committed 4864K, reserved 1056768K
  class space    used 368K, capacity 388K, committed 512K, reserved 1048576K
}
2024-07-26T01:31:09.364+0800: 0.963: Total time for which application threads were stopped: 0.0399313 seconds, Stopping threads took: 0.0000228 seconds
{Heap before GC invocations=21 (full 1):
 par new generation   total 188736K, used 187673K [0x00000000c0000000, 0x00000000cccc0000, 0x00000000cccc0000)
  eden space 167808K,  99% used [0x00000000c0000000, 0x00000000ca346438, 0x00000000ca3e0000)
  from space 20928K,  97% used [0x00000000cb850000, 0x00000000ccc50140, 0x00000000cccc0000)
  to   space 20928K,   0% used [0x00000000ca3e0000, 0x00000000ca3e0000, 0x00000000cb850000)
 concurrent mark-sweep generation total 838912K, used 637697K [0x00000000cccc0000, 0x0000000100000000, 0x0000000100000000)
 Metaspace       used 3434K, capacity 4496K, committed 4864K, reserved 1056768K
  class space    used 368K, capacity 388K, committed 512K, reserved 1048576K
2024-07-26T01:31:09.380+0800: 0.979: [GC (Allocation Failure) 2024-07-26T01:31:09.380+0800: 0.979: [ParNew2024-07-26T01:31:09.409+0800: 1.008: [SoftReference, 0 refs, 0.0000332 secs]2024-07-26T01:31:09.409+0800: 1.009: [WeakReference, 0 refs, 0.0000048 secs]2024-07-26T01:31:09.409+0800: 1.009: [FinalReference, 0 refs, 0.0000040 secs]2024-07-26T01:31:09.409+0800: 1.009: [PhantomReference, 0 refs, 0.0000037 secs]2024-07-26T01:31:09.409+0800: 1.009: [JNI Weak Reference, 0.0000050 secs]
Desired survivor size 10715136 bytes, new threshold 1 (max 1)
- age   1:   20971840 bytes,   20971840 total
: 187673K->20480K(188736K), 0.0292114 secs] 825370K->684802K(1027648K), 0.0292468 secs] [Times: user=0.05 sys=0.00, real=0.03 secs] 
Heap after GC invocations=22 (full 1):
 par new generation   total 188736K, used 20480K [0x00000000c0000000, 0x00000000cccc0000, 0x00000000cccc0000)
  eden space 167808K,   0% used [0x00000000c0000000, 0x00000000c0000000, 0x00000000ca3e0000)
  from space 20928K,  97% used [0x00000000ca3e0000, 0x00000000cb7e0140, 0x00000000cb850000)
  to   space 20928K,   0% used [0x00000000cb850000, 0x00000000cb850000, 0x00000000cccc0000)
 concurrent mark-sweep generation total 838912K, used 664321K [0x00000000cccc0000, 0x0000000100000000, 0x0000000100000000)
 Metaspace       used 3434K, capacity 4496K, committed 4864K, reserved 1056768K
  class space    used 368K, capacity 388K, committed 512K, reserved 1048576K
}
2024-07-26T01:31:09.409+0800: 1.009: Total time for which application threads were stopped: 0.0293699 seconds, Stopping threads took: 0.0000309 seconds
{Heap before GC invocations=22 (full 1):
 par new generation   total 188736K, used 187673K [0x00000000c0000000, 0x00000000cccc0000, 0x00000000cccc0000)
  eden space 167808K,  99% used [0x00000000c0000000, 0x00000000ca346438, 0x00000000ca3e0000)
  from space 20928K,  97% used [0x00000000ca3e0000, 0x00000000cb7e0140, 0x00000000cb850000)
  to   space 20928K,   0% used [0x00000000cb850000, 0x00000000cb850000, 0x00000000cccc0000)
 concurrent mark-sweep generation total 838912K, used 664321K [0x00000000cccc0000, 0x0000000100000000, 0x0000000100000000)
 Metaspace       used 3434K, capacity 4496K, committed 4864K, reserved 1056768K
  class space    used 368K, capacity 388K, committed 512K, reserved 1048576K
2024-07-26T01:31:09.425+0800: 1.024: [GC (Allocation Failure) 2024-07-26T01:31:09.425+0800: 1.024: [ParNew2024-07-26T01:31:09.427+0800: 1.027: [SoftReference, 0 refs, 0.0000611 secs]2024-07-26T01:31:09.427+0800: 1.027: [WeakReference, 0 refs, 0.0000087 secs]2024-07-26T01:31:09.427+0800: 1.027: [FinalReference, 0 refs, 0.0000075 secs]2024-07-26T01:31:09.427+0800: 1.027: [PhantomReference, 0 refs, 0.0000072 secs]2024-07-26T01:31:09.427+0800: 1.027: [JNI Weak Reference, 0.0000079 secs]
Desired survivor size 10715136 bytes, new threshold 1 (max 1)
- age   1:    7340144 bytes,    7340144 total
: 187673K->7168K(188736K), 0.0025025 secs] 851995K->671490K(1027648K), 0.0025739 secs] [Times: user=0.00 sys=0.00, real=0.00 secs] 
Heap after GC invocations=23 (full 1):
 par new generation   total 188736K, used 7168K [0x00000000c0000000, 0x00000000cccc0000, 0x00000000cccc0000)
  eden space 167808K,   0% used [0x00000000c0000000, 0x00000000c0000000, 0x00000000ca3e0000)
  from space 20928K,  34% used [0x00000000cb850000, 0x00000000cbf50070, 0x00000000cccc0000)
  to   space 20928K,   0% used [0x00000000ca3e0000, 0x00000000ca3e0000, 0x00000000cb850000)
 concurrent mark-sweep generation total 838912K, used 664321K [0x00000000cccc0000, 0x0000000100000000, 0x0000000100000000)
 Metaspace       used 3434K, capacity 4496K, committed 4864K, reserved 1056768K
  class space    used 368K, capacity 388K, committed 512K, reserved 1048576K
}
2024-07-26T01:31:09.427+0800: 1.027: Total time for which application threads were stopped: 0.0027957 seconds, Stopping threads took: 0.0000571 seconds
{Heap before GC invocations=23 (full 1):
 par new generation   total 188736K, used 174361K [0x00000000c0000000, 0x00000000cccc0000, 0x00000000cccc0000)
  eden space 167808K,  99% used [0x00000000c0000000, 0x00000000ca346440, 0x00000000ca3e0000)
  from space 20928K,  34% used [0x00000000cb850000, 0x00000000cbf50070, 0x00000000cccc0000)
  to   space 20928K,   0% used [0x00000000ca3e0000, 0x00000000ca3e0000, 0x00000000cb850000)
 concurrent mark-sweep generation total 838912K, used 664321K [0x00000000cccc0000, 0x0000000100000000, 0x0000000100000000)
 Metaspace       used 3434K, capacity 4496K, committed 4864K, reserved 1056768K
  class space    used 368K, capacity 388K, committed 512K, reserved 1048576K
2024-07-26T01:31:09.442+0800: 1.042: [GC (Allocation Failure) 2024-07-26T01:31:09.442+0800: 1.042: [ParNew2024-07-26T01:31:09.474+0800: 1.074: [SoftReference, 0 refs, 0.0000326 secs]2024-07-26T01:31:09.474+0800: 1.074: [WeakReference, 0 refs, 0.0000074 secs]2024-07-26T01:31:09.474+0800: 1.074: [FinalReference, 0 refs, 0.0000044 secs]2024-07-26T01:31:09.474+0800: 1.074: [PhantomReference, 0 refs, 0.0000043 secs]2024-07-26T01:31:09.474+0800: 1.074: [JNI Weak Reference, 0.0000051 secs]
Desired survivor size 10715136 bytes, new threshold 1 (max 1)
- age   1:   20971840 bytes,   20971840 total
: 174361K->20480K(188736K), 0.0320798 secs] 838683K->734978K(1027648K), 0.0321415 secs] [Times: user=0.23 sys=0.05, real=0.03 secs] 
Heap after GC invocations=24 (full 1):
 par new generation   total 188736K, used 20480K [0x00000000c0000000, 0x00000000cccc0000, 0x00000000cccc0000)
  eden space 167808K,   0% used [0x00000000c0000000, 0x00000000c0000000, 0x00000000ca3e0000)
  from space 20928K,  97% used [0x00000000ca3e0000, 0x00000000cb7e0140, 0x00000000cb850000)
  to   space 20928K,   0% used [0x00000000cb850000, 0x00000000cb850000, 0x00000000cccc0000)
 concurrent mark-sweep generation total 838912K, used 714498K [0x00000000cccc0000, 0x0000000100000000, 0x0000000100000000)
 Metaspace       used 3434K, capacity 4496K, committed 4864K, reserved 1056768K
  class space    used 368K, capacity 388K, committed 512K, reserved 1048576K
}
2024-07-26T01:31:09.474+0800: 1.074: Total time for which application threads were stopped: 0.0323425 seconds, Stopping threads took: 0.0000526 seconds
{Heap before GC invocations=24 (full 1):
 par new generation   total 188736K, used 187785K [0x00000000c0000000, 0x00000000cccc0000, 0x00000000cccc0000)
  eden space 167808K,  99% used [0x00000000c0000000, 0x00000000ca362650, 0x00000000ca3e0000)
  from space 20928K,  97% used [0x00000000ca3e0000, 0x00000000cb7e0140, 0x00000000cb850000)
  to   space 20928K,   0% used [0x00000000cb850000, 0x00000000cb850000, 0x00000000cccc0000)
 concurrent mark-sweep generation total 838912K, used 714498K [0x00000000cccc0000, 0x0000000100000000, 0x0000000100000000)
 Metaspace       used 3831K, capacity 4536K, committed 4864K, reserved 1056768K
  class space    used 417K, capacity 428K, committed 512K, reserved 1048576K
2024-07-26T01:31:09.489+0800: 1.089: [GC (Allocation Failure) 2024-07-26T01:31:09.489+0800: 1.089: [ParNew2024-07-26T01:31:09.494+0800: 1.093: [SoftReference, 0 refs, 0.0000355 secs]2024-07-26T01:31:09.494+0800: 1.093: [WeakReference, 3 refs, 0.0000065 secs]2024-07-26T01:31:09.494+0800: 1.093: [FinalReference, 2 refs, 0.0000075 secs]2024-07-26T01:31:09.494+0800: 1.093: [PhantomReference, 0 refs, 0.0000041 secs]2024-07-26T01:31:09.494+0800: 1.093: [JNI Weak Reference, 0.0000043 secs]
Desired survivor size 10715136 bytes, new threshold 1 (max 1)
- age   1:   18064784 bytes,   18064784 total
: 187785K->17661K(188736K), 0.0044011 secs] 902284K->732160K(1027648K), 0.0044409 secs] [Times: user=0.00 sys=0.00, real=0.00 secs] 
Heap after GC invocations=25 (full 1):
 par new generation   total 188736K, used 17661K [0x00000000c0000000, 0x00000000cccc0000, 0x00000000cccc0000)
  eden space 167808K,   0% used [0x00000000c0000000, 0x00000000c0000000, 0x00000000ca3e0000)
  from space 20928K,  84% used [0x00000000cb850000, 0x00000000cc98f560, 0x00000000cccc0000)
  to   space 20928K,   0% used [0x00000000ca3e0000, 0x00000000ca3e0000, 0x00000000cb850000)
 concurrent mark-sweep generation total 838912K, used 714498K [0x00000000cccc0000, 0x0000000100000000, 0x0000000100000000)
 Metaspace       used 3831K, capacity 4536K, committed 4864K, reserved 1056768K
  class space    used 417K, capacity 428K, committed 512K, reserved 1048576K
}
2024-07-26T01:31:09.494+0800: 1.093: Total time for which application threads were stopped: 0.0046004 seconds, Stopping threads took: 0.0000391 seconds
{Heap before GC invocations=25 (full 1):
 par new generation   total 188736K, used 185414K [0x00000000c0000000, 0x00000000cccc0000, 0x00000000cccc0000)
  eden space 167808K,  99% used [0x00000000c0000000, 0x00000000ca3d23c8, 0x00000000ca3e0000)
  from space 20928K,  84% used [0x00000000cb850000, 0x00000000cc98f560, 0x00000000cccc0000)
  to   space 20928K,   0% used [0x00000000ca3e0000, 0x00000000ca3e0000, 0x00000000cb850000)
 concurrent mark-sweep generation total 838912K, used 714498K [0x00000000cccc0000, 0x0000000100000000, 0x0000000100000000)
 Metaspace       used 3934K, capacity 4536K, committed 4864K, reserved 1056768K
  class space    used 425K, capacity 428K, committed 512K, reserved 1048576K
2024-07-26T01:31:09.509+0800: 1.108: [GC (Allocation Failure) 2024-07-26T01:31:09.509+0800: 1.108: [ParNew2024-07-26T01:31:09.549+0800: 1.149: [SoftReference, 0 refs, 0.0000614 secs]2024-07-26T01:31:09.549+0800: 1.149: [WeakReference, 0 refs, 0.0000078 secs]2024-07-26T01:31:09.549+0800: 1.149: [FinalReference, 0 refs, 0.0000045 secs]2024-07-26T01:31:09.549+0800: 1.149: [PhantomReference, 0 refs, 0.0000044 secs]2024-07-26T01:31:09.549+0800: 1.149: [JNI Weak Reference, 0.0000054 secs]
Desired survivor size 10715136 bytes, new threshold 1 (max 1)
- age   1:   21105360 bytes,   21105360 total
: 185414K->20670K(188736K), 0.0406131 secs] 899912K->794765K(1027648K), 0.0406583 secs] [Times: user=0.13 sys=0.06, real=0.04 secs] 
Heap after GC invocations=26 (full 1):
 par new generation   total 188736K, used 20670K [0x00000000c0000000, 0x00000000cccc0000, 0x00000000cccc0000)
  eden space 167808K,   0% used [0x00000000c0000000, 0x00000000c0000000, 0x00000000ca3e0000)
  from space 20928K,  98% used [0x00000000ca3e0000, 0x00000000cb80fa68, 0x00000000cb850000)
  to   space 20928K,   0% used [0x00000000cb850000, 0x00000000cb850000, 0x00000000cccc0000)
 concurrent mark-sweep generation total 838912K, used 774095K [0x00000000cccc0000, 0x0000000100000000, 0x0000000100000000)
 Metaspace       used 3934K, capacity 4536K, committed 4864K, reserved 1056768K
  class space    used 425K, capacity 428K, committed 512K, reserved 1048576K
}
2024-07-26T01:31:09.549+0800: 1.149: Total time for which application threads were stopped: 0.0408043 seconds, Stopping threads took: 0.0000321 seconds
{Heap before GC invocations=26 (full 1):
 par new generation   total 188736K, used 187791K [0x00000000c0000000, 0x00000000cccc0000, 0x00000000cccc0000)
  eden space 167808K,  99% used [0x00000000c0000000, 0x00000000ca3342d8, 0x00000000ca3e0000)
  from space 20928K,  98% used [0x00000000ca3e0000, 0x00000000cb80fa68, 0x00000000cb850000)
  to   space 20928K,   0% used [0x00000000cb850000, 0x00000000cb850000, 0x00000000cccc0000)
 concurrent mark-sweep generation total 838912K, used 774095K [0x00000000cccc0000, 0x0000000100000000, 0x0000000100000000)
 Metaspace       used 3934K, capacity 4536K, committed 4864K, reserved 1056768K
  class space    used 425K, capacity 428K, committed 512K, reserved 1048576K
2024-07-26T01:31:09.566+0800: 1.165: [GC (Allocation Failure) 2024-07-26T01:31:09.566+0800: 1.166: [ParNew: 187791K->187791K(188736K), 0.0000255 secs]2024-07-26T01:31:09.566+0800: 1.166: [CMS2024-07-26T01:31:09.566+0800: 1.166: [CMS-concurrent-abortable-preclean: 0.015/0.497 secs] [Times: user=1.00 sys=0.23, real=0.50 secs] 
 (concurrent mode failure)2024-07-26T01:31:09.567+0800: 1.166: [SoftReference, 0 refs, 0.0000163 secs]2024-07-26T01:31:09.567+0800: 1.166: [WeakReference, 2 refs, 0.0000046 secs]2024-07-26T01:31:09.567+0800: 1.166: [FinalReference, 5 refs, 0.0000062 secs]2024-07-26T01:31:09.567+0800: 1.166: [PhantomReference, 0 refs, 0.0000035 secs]2024-07-26T01:31:09.567+0800: 1.166: [JNI Weak Reference, 0.0000043 secs]: 774095K->41002K(838912K), 0.0168321 secs] 961886K->41002K(1027648K), [Metaspace: 3934K->3934K(1056768K)], 0.0169413 secs] [Times: user=0.00 sys=0.02, real=0.02 secs] 
Heap after GC invocations=27 (full 2):
 par new generation   total 188736K, used 0K [0x00000000c0000000, 0x00000000cccc0000, 0x00000000cccc0000)
  eden space 167808K,   0% used [0x00000000c0000000, 0x00000000c0000000, 0x00000000ca3e0000)
  from space 20928K,   0% used [0x00000000ca3e0000, 0x00000000ca3e0000, 0x00000000cb850000)
  to   space 20928K,   0% used [0x00000000cb850000, 0x00000000cb850000, 0x00000000cccc0000)
 concurrent mark-sweep generation total 838912K, used 41002K [0x00000000cccc0000, 0x0000000100000000, 0x0000000100000000)
 Metaspace       used 3934K, capacity 4536K, committed 4864K, reserved 1056768K
  class space    used 425K, capacity 428K, committed 512K, reserved 1048576K
}
2024-07-26T01:31:09.583+0800: 1.182: Total time for which application threads were stopped: 0.0171060 seconds, Stopping threads took: 0.0000335 seconds
{Heap before GC invocations=27 (full 2):
 par new generation   total 188736K, used 167430K [0x00000000c0000000, 0x00000000cccc0000, 0x00000000cccc0000)
  eden space 167808K,  99% used [0x00000000c0000000, 0x00000000ca381ab8, 0x00000000ca3e0000)
  from space 20928K,   0% used [0x00000000ca3e0000, 0x00000000ca3e0000, 0x00000000cb850000)
  to   space 20928K,   0% used [0x00000000cb850000, 0x00000000cb850000, 0x00000000cccc0000)
 concurrent mark-sweep generation total 838912K, used 41002K [0x00000000cccc0000, 0x0000000100000000, 0x0000000100000000)
 Metaspace       used 3934K, capacity 4536K, committed 4864K, reserved 1056768K
  class space    used 425K, capacity 428K, committed 512K, reserved 1048576K
2024-07-26T01:31:09.608+0800: 1.207: [GC (Allocation Failure) 2024-07-26T01:31:09.608+0800: 1.207: [ParNew2024-07-26T01:31:09.624+0800: 1.225: [SoftReference, 0 refs, 0.0000575 secs]2024-07-26T01:31:09.624+0800: 1.225: [WeakReference, 0 refs, 0.0000046 secs]2024-07-26T01:31:09.624+0800: 1.225: [FinalReference, 0 refs, 0.0000038 secs]2024-07-26T01:31:09.624+0800: 1.225: [PhantomReference, 0 refs, 0.0000037 secs]2024-07-26T01:31:09.624+0800: 1.225: [JNI Weak Reference, 0.0000059 secs]
Desired survivor size 10715136 bytes, new threshold 1 (max 1)
- age   1:   20971840 bytes,   20971840 total
: 167430K->20480K(188736K), 0.0176715 secs] 208433K->141357K(1027648K), 0.0177507 secs] [Times: user=0.03 sys=0.00, real=0.02 secs] 
Heap after GC invocations=28 (full 2):
 par new generation   total 188736K, used 20480K [0x00000000c0000000, 0x00000000cccc0000, 0x00000000cccc0000)
  eden space 167808K,   0% used [0x00000000c0000000, 0x00000000c0000000, 0x00000000ca3e0000)
  from space 20928K,  97% used [0x00000000cb850000, 0x00000000ccc50140, 0x00000000cccc0000)
  to   space 20928K,   0% used [0x00000000ca3e0000, 0x00000000ca3e0000, 0x00000000cb850000)
 concurrent mark-sweep generation total 838912K, used 120877K [0x00000000cccc0000, 0x0000000100000000, 0x0000000100000000)
 Metaspace       used 3934K, capacity 4536K, committed 4864K, reserved 1056768K
  class space    used 425K, capacity 428K, committed 512K, reserved 1048576K
}
2024-07-26T01:31:09.624+0800: 1.225: Total time for which application threads were stopped: 0.0179084 seconds, Stopping threads took: 0.0000292 seconds
{Heap before GC invocations=28 (full 2):
 par new generation   total 188736K, used 187619K [0x00000000c0000000, 0x00000000cccc0000, 0x00000000cccc0000)
  eden space 167808K,  99% used [0x00000000c0000000, 0x00000000ca338e70, 0x00000000ca3e0000)
  from space 20928K,  97% used [0x00000000cb850000, 0x00000000ccc50140, 0x00000000cccc0000)
  to   space 20928K,   0% used [0x00000000ca3e0000, 0x00000000ca3e0000, 0x00000000cb850000)
 concurrent mark-sweep generation total 838912K, used 120877K [0x00000000cccc0000, 0x0000000100000000, 0x0000000100000000)
 Metaspace       used 3934K, capacity 4536K, committed 4864K, reserved 1056768K
  class space    used 425K, capacity 428K, committed 512K, reserved 1048576K
2024-07-26T01:31:09.642+0800: 1.242: [GC (Allocation Failure) 2024-07-26T01:31:09.642+0800: 1.242: [ParNew2024-07-26T01:31:09.655+0800: 1.255: [SoftReference, 0 refs, 0.0000386 secs]2024-07-26T01:31:09.655+0800: 1.255: [WeakReference, 0 refs, 0.0000048 secs]2024-07-26T01:31:09.655+0800: 1.255: [FinalReference, 0 refs, 0.0000043 secs]2024-07-26T01:31:09.655+0800: 1.255: [PhantomReference, 0 refs, 0.0000040 secs]2024-07-26T01:31:09.655+0800: 1.255: [JNI Weak Reference, 0.0000055 secs]
Desired survivor size 10715136 bytes, new threshold 1 (max 1)
- age   1:   20971840 bytes,   20971840 total
: 187619K->20480K(188736K), 0.0129952 secs] 308497K->181296K(1027648K), 0.0130906 secs] [Times: user=0.05 sys=0.00, real=0.01 secs] 
Heap after GC invocations=29 (full 2):
 par new generation   total 188736K, used 20480K [0x00000000c0000000, 0x00000000cccc0000, 0x00000000cccc0000)
  eden space 167808K,   0% used [0x00000000c0000000, 0x00000000c0000000, 0x00000000ca3e0000)
  from space 20928K,  97% used [0x00000000ca3e0000, 0x00000000cb7e0140, 0x00000000cb850000)
  to   space 20928K,   0% used [0x00000000cb850000, 0x00000000cb850000, 0x00000000cccc0000)
 concurrent mark-sweep generation total 838912K, used 160816K [0x00000000cccc0000, 0x0000000100000000, 0x0000000100000000)
 Metaspace       used 3934K, capacity 4536K, committed 4864K, reserved 1056768K
  class space    used 425K, capacity 428K, committed 512K, reserved 1048576K
}
2024-07-26T01:31:09.656+0800: 1.255: Total time for which application threads were stopped: 0.0133598 seconds, Stopping threads took: 0.0001004 seconds
{Heap before GC invocations=29 (full 2):
 par new generation   total 188736K, used 187639K [0x00000000c0000000, 0x00000000cccc0000, 0x00000000cccc0000)
  eden space 167808K,  99% used [0x00000000c0000000, 0x00000000ca33dac8, 0x00000000ca3e0000)
  from space 20928K,  97% used [0x00000000ca3e0000, 0x00000000cb7e0140, 0x00000000cb850000)
  to   space 20928K,   0% used [0x00000000cb850000, 0x00000000cb850000, 0x00000000cccc0000)
 concurrent mark-sweep generation total 838912K, used 160816K [0x00000000cccc0000, 0x0000000100000000, 0x0000000100000000)
 Metaspace       used 3934K, capacity 4536K, committed 4864K, reserved 1056768K
  class space    used 425K, capacity 428K, committed 512K, reserved 1048576K
2024-07-26T01:31:09.673+0800: 1.273: [GC (Allocation Failure) 2024-07-26T01:31:09.673+0800: 1.273: [ParNew2024-07-26T01:31:09.680+0800: 1.279: [SoftReference, 0 refs, 0.0000479 secs]2024-07-26T01:31:09.680+0800: 1.279: [WeakReference, 0 refs, 0.0000086 secs]2024-07-26T01:31:09.680+0800: 1.280: [FinalReference, 0 refs, 0.0000074 secs]2024-07-26T01:31:09.680+0800: 1.280: [PhantomReference, 0 refs, 0.0000071 secs]2024-07-26T01:31:09.680+0800: 1.280: [JNI Weak Reference, 0.0000077 secs]
Desired survivor size 10715136 bytes, new threshold 1 (max 1)
- age   1:   20971840 bytes,   20971840 total
: 187639K->20480K(188736K), 0.0064596 secs] 348455K->181296K(1027648K), 0.0066255 secs] [Times: user=0.00 sys=0.00, real=0.01 secs] 
Heap after GC invocations=30 (full 2):
 par new generation   total 188736K, used 20480K [0x00000000c0000000, 0x00000000cccc0000, 0x00000000cccc0000)
  eden space 167808K,   0% used [0x00000000c0000000, 0x00000000c0000000, 0x00000000ca3e0000)
  from space 20928K,  97% used [0x00000000cb850000, 0x00000000ccc50140, 0x00000000cccc0000)
  to   space 20928K,   0% used [0x00000000ca3e0000, 0x00000000ca3e0000, 0x00000000cb850000)
 concurrent mark-sweep generation total 838912K, used 160816K [0x00000000cccc0000, 0x0000000100000000, 0x0000000100000000)
 Metaspace       used 3934K, capacity 4536K, committed 4864K, reserved 1056768K
  class space    used 425K, capacity 428K, committed 512K, reserved 1048576K
}
2024-07-26T01:31:09.680+0800: 1.280: Total time for which application threads were stopped: 0.0068699 seconds, Stopping threads took: 0.0000632 seconds
{Heap before GC invocations=30 (full 2):
 par new generation   total 188736K, used 187651K [0x00000000c0000000, 0x00000000cccc0000, 0x00000000cccc0000)
  eden space 167808K,  99% used [0x00000000c0000000, 0x00000000ca340be0, 0x00000000ca3e0000)
  from space 20928K,  97% used [0x00000000cb850000, 0x00000000ccc50140, 0x00000000cccc0000)
  to   space 20928K,   0% used [0x00000000ca3e0000, 0x00000000ca3e0000, 0x00000000cb850000)
 concurrent mark-sweep generation total 838912K, used 160816K [0x00000000cccc0000, 0x0000000100000000, 0x0000000100000000)
 Metaspace       used 3934K, capacity 4536K, committed 4864K, reserved 1056768K
  class space    used 425K, capacity 428K, committed 512K, reserved 1048576K
2024-07-26T01:31:09.699+0800: 1.298: [GC (Allocation Failure) 2024-07-26T01:31:09.699+0800: 1.299: [ParNew2024-07-26T01:31:09.715+0800: 1.314: [SoftReference, 0 refs, 0.0000361 secs]2024-07-26T01:31:09.715+0800: 1.314: [WeakReference, 0 refs, 0.0000044 secs]2024-07-26T01:31:09.715+0800: 1.314: [FinalReference, 0 refs, 0.0000039 secs]2024-07-26T01:31:09.715+0800: 1.314: [PhantomReference, 0 refs, 0.0000037 secs]2024-07-26T01:31:09.715+0800: 1.314: [JNI Weak Reference, 0.0000044 secs]
Desired survivor size 10715136 bytes, new threshold 1 (max 1)
- age   1:   20971840 bytes,   20971840 total
: 187651K->20480K(188736K), 0.0159527 secs] 348467K->244787K(1027648K), 0.0159910 secs] [Times: user=0.02 sys=0.00, real=0.02 secs] 
Heap after GC invocations=31 (full 2):
 par new generation   total 188736K, used 20480K [0x00000000c0000000, 0x00000000cccc0000, 0x00000000cccc0000)
  eden space 167808K,   0% used [0x00000000c0000000, 0x00000000c0000000, 0x00000000ca3e0000)
  from space 20928K,  97% used [0x00000000ca3e0000, 0x00000000cb7e0140, 0x00000000cb850000)
  to   space 20928K,   0% used [0x00000000cb850000, 0x00000000cb850000, 0x00000000cccc0000)
 concurrent mark-sweep generation total 838912K, used 224307K [0x00000000cccc0000, 0x0000000100000000, 0x0000000100000000)
 Metaspace       used 3934K, capacity 4536K, committed 4864K, reserved 1056768K
  class space    used 425K, capacity 428K, committed 512K, reserved 1048576K
}
2024-07-26T01:31:09.715+0800: 1.315: Total time for which application threads were stopped: 0.0161107 seconds, Stopping threads took: 0.0000221 seconds
{Heap before GC invocations=31 (full 2):
 par new generation   total 188736K, used 187659K [0x00000000c0000000, 0x00000000cccc0000, 0x00000000cccc0000)
  eden space 167808K,  99% used [0x00000000c0000000, 0x00000000ca342b70, 0x00000000ca3e0000)
  from space 20928K,  97% used [0x00000000ca3e0000, 0x00000000cb7e0140, 0x00000000cb850000)
  to   space 20928K,   0% used [0x00000000cb850000, 0x00000000cb850000, 0x00000000cccc0000)
 concurrent mark-sweep generation total 838912K, used 224307K [0x00000000cccc0000, 0x0000000100000000, 0x0000000100000000)
 Metaspace       used 3934K, capacity 4536K, committed 4864K, reserved 1056768K
  class space    used 425K, capacity 428K, committed 512K, reserved 1048576K
2024-07-26T01:31:09.736+0800: 1.335: [GC (Allocation Failure) 2024-07-26T01:31:09.736+0800: 1.335: [ParNew2024-07-26T01:31:09.746+0800: 1.345: [SoftReference, 0 refs, 0.0000542 secs]2024-07-26T01:31:09.746+0800: 1.345: [WeakReference, 0 refs, 0.0000094 secs]2024-07-26T01:31:09.746+0800: 1.345: [FinalReference, 0 refs, 0.0000083 secs]2024-07-26T01:31:09.746+0800: 1.345: [PhantomReference, 0 refs, 0.0000079 secs]2024-07-26T01:31:09.746+0800: 1.345: [JNI Weak Reference, 0.0000077 secs]
Desired survivor size 10715136 bytes, new threshold 1 (max 1)
- age   1:   20971840 bytes,   20971840 total
: 187659K->20480K(188736K), 0.0102052 secs] 411966K->268340K(1027648K), 0.0102885 secs] [Times: user=0.00 sys=0.00, real=0.01 secs] 
Heap after GC invocations=32 (full 2):
 par new generation   total 188736K, used 20480K [0x00000000c0000000, 0x00000000cccc0000, 0x00000000cccc0000)
  eden space 167808K,   0% used [0x00000000c0000000, 0x00000000c0000000, 0x00000000ca3e0000)
  from space 20928K,  97% used [0x00000000cb850000, 0x00000000ccc50140, 0x00000000cccc0000)
  to   space 20928K,   0% used [0x00000000ca3e0000, 0x00000000ca3e0000, 0x00000000cb850000)
 concurrent mark-sweep generation total 838912K, used 247859K [0x00000000cccc0000, 0x0000000100000000, 0x0000000100000000)
 Metaspace       used 3934K, capacity 4536K, committed 4864K, reserved 1056768K
  class space    used 425K, capacity 428K, committed 512K, reserved 1048576K
}
2024-07-26T01:31:09.746+0800: 1.345: Total time for which application threads were stopped: 0.0105105 seconds, Stopping threads took: 0.0000371 seconds
{Heap before GC invocations=32 (full 2):
 par new generation   total 188736K, used 187664K [0x00000000c0000000, 0x00000000cccc0000, 0x00000000cccc0000)
  eden space 167808K,  99% used [0x00000000c0000000, 0x00000000ca343fb8, 0x00000000ca3e0000)
  from space 20928K,  97% used [0x00000000cb850000, 0x00000000ccc50140, 0x00000000cccc0000)
  to   space 20928K,   0% used [0x00000000ca3e0000, 0x00000000ca3e0000, 0x00000000cb850000)
 concurrent mark-sweep generation total 838912K, used 247859K [0x00000000cccc0000, 0x0000000100000000, 0x0000000100000000)
 Metaspace       used 3934K, capacity 4536K, committed 4864K, reserved 1056768K
  class space    used 425K, capacity 428K, committed 512K, reserved 1048576K
2024-07-26T01:31:09.765+0800: 1.364: [GC (Allocation Failure) 2024-07-26T01:31:09.765+0800: 1.364: [ParNew2024-07-26T01:31:09.766+0800: 1.366: [SoftReference, 0 refs, 0.0000384 secs]2024-07-26T01:31:09.766+0800: 1.366: [WeakReference, 0 refs, 0.0000056 secs]2024-07-26T01:31:09.766+0800: 1.366: [FinalReference, 0 refs, 0.0000055 secs]2024-07-26T01:31:09.766+0800: 1.366: [PhantomReference, 0 refs, 0.0000054 secs]2024-07-26T01:31:09.766+0800: 1.366: [JNI Weak Reference, 0.0000067 secs]
Desired survivor size 10715136 bytes, new threshold 1 (max 1)
- age   1:    4194864 bytes,    4194864 total
: 187664K->4106K(188736K), 0.0018523 secs] 435523K->251965K(1027648K), 0.0019113 secs] [Times: user=0.00 sys=0.00, real=0.00 secs] 
Heap after GC invocations=33 (full 2):
 par new generation   total 188736K, used 4106K [0x00000000c0000000, 0x00000000cccc0000, 0x00000000cccc0000)
  eden space 167808K,   0% used [0x00000000c0000000, 0x00000000c0000000, 0x00000000ca3e0000)
  from space 20928K,  19% used [0x00000000ca3e0000, 0x00000000ca7e2890, 0x00000000cb850000)
  to   space 20928K,   0% used [0x00000000cb850000, 0x00000000cb850000, 0x00000000cccc0000)
 concurrent mark-sweep generation total 838912K, used 247859K [0x00000000cccc0000, 0x0000000100000000, 0x0000000100000000)
 Metaspace       used 3934K, capacity 4536K, committed 4864K, reserved 1056768K
  class space    used 425K, capacity 428K, committed 512K, reserved 1048576K
}
2024-07-26T01:31:09.767+0800: 1.366: Total time for which application threads were stopped: 0.0020817 seconds, Stopping threads took: 0.0000311 seconds
{Heap before GC invocations=33 (full 2):
 par new generation   total 188736K, used 171293K [0x00000000c0000000, 0x00000000cccc0000, 0x00000000cccc0000)
  eden space 167808K,  99% used [0x00000000c0000000, 0x00000000ca344cc0, 0x00000000ca3e0000)
  from space 20928K,  19% used [0x00000000ca3e0000, 0x00000000ca7e2890, 0x00000000cb850000)
  to   space 20928K,   0% used [0x00000000cb850000, 0x00000000cb850000, 0x00000000cccc0000)
 concurrent mark-sweep generation total 838912K, used 247859K [0x00000000cccc0000, 0x0000000100000000, 0x0000000100000000)
 Metaspace       used 3934K, capacity 4536K, committed 4864K, reserved 1056768K
  class space    used 425K, capacity 428K, committed 512K, reserved 1048576K
2024-07-26T01:31:09.784+0800: 1.384: [GC (Allocation Failure) 2024-07-26T01:31:09.784+0800: 1.384: [ParNew2024-07-26T01:31:09.796+0800: 1.396: [SoftReference, 0 refs, 0.0000324 secs]2024-07-26T01:31:09.796+0800: 1.396: [WeakReference, 0 refs, 0.0000049 secs]2024-07-26T01:31:09.796+0800: 1.396: [FinalReference, 0 refs, 0.0000040 secs]2024-07-26T01:31:09.796+0800: 1.396: [PhantomReference, 0 refs, 0.0000039 secs]2024-07-26T01:31:09.796+0800: 1.396: [JNI Weak Reference, 0.0000044 secs]
Desired survivor size 10715136 bytes, new threshold 1 (max 1)
- age   1:   20971840 bytes,   20971840 total
: 171293K->20480K(188736K), 0.0122080 secs] 419153K->315461K(1027648K), 0.0122529 secs] [Times: user=0.02 sys=0.00, real=0.01 secs] 
Heap after GC invocations=34 (full 2):
 par new generation   total 188736K, used 20480K [0x00000000c0000000, 0x00000000cccc0000, 0x00000000cccc0000)
  eden space 167808K,   0% used [0x00000000c0000000, 0x00000000c0000000, 0x00000000ca3e0000)
  from space 20928K,  97% used [0x00000000cb850000, 0x00000000ccc50140, 0x00000000cccc0000)
  to   space 20928K,   0% used [0x00000000ca3e0000, 0x00000000ca3e0000, 0x00000000cb850000)
 concurrent mark-sweep generation total 838912K, used 294981K [0x00000000cccc0000, 0x0000000100000000, 0x0000000100000000)
 Metaspace       used 3934K, capacity 4536K, committed 4864K, reserved 1056768K
  class space    used 425K, capacity 428K, committed 512K, reserved 1048576K
}
2024-07-26T01:31:09.796+0800: 1.396: Total time for which application threads were stopped: 0.0123778 seconds, Stopping threads took: 0.0000234 seconds
{Heap before GC invocations=34 (full 2):
 par new generation   total 188736K, used 187669K [0x00000000c0000000, 0x00000000cccc0000, 0x00000000cccc0000)
  eden space 167808K,  99% used [0x00000000c0000000, 0x00000000ca345528, 0x00000000ca3e0000)
  from space 20928K,  97% used [0x00000000cb850000, 0x00000000ccc50140, 0x00000000cccc0000)
  to   space 20928K,   0% used [0x00000000ca3e0000, 0x00000000ca3e0000, 0x00000000cb850000)
 concurrent mark-sweep generation total 838912K, used 294981K [0x00000000cccc0000, 0x0000000100000000, 0x0000000100000000)
 Metaspace       used 3934K, capacity 4536K, committed 4864K, reserved 1056768K
  class space    used 425K, capacity 428K, committed 512K, reserved 1048576K
2024-07-26T01:31:09.812+0800: 1.412: [GC (Allocation Failure) 2024-07-26T01:31:09.812+0800: 1.412: [ParNew2024-07-26T01:31:09.818+0800: 1.418: [SoftReference, 0 refs, 0.0000338 secs]2024-07-26T01:31:09.818+0800: 1.418: [WeakReference, 0 refs, 0.0000081 secs]2024-07-26T01:31:09.818+0800: 1.418: [FinalReference, 0 refs, 0.0000042 secs]2024-07-26T01:31:09.818+0800: 1.418: [PhantomReference, 0 refs, 0.0000038 secs]2024-07-26T01:31:09.818+0800: 1.418: [JNI Weak Reference, 0.0000050 secs]
Desired survivor size 10715136 bytes, new threshold 1 (max 1)
- age   1:   20971840 bytes,   20971840 total
: 187669K->20480K(188736K), 0.0059059 secs] 482650K->322629K(1027648K), 0.0059567 secs] [Times: user=0.00 sys=0.00, real=0.01 secs] 
Heap after GC invocations=35 (full 2):
 par new generation   total 188736K, used 20480K [0x00000000c0000000, 0x00000000cccc0000, 0x00000000cccc0000)
  eden space 167808K,   0% used [0x00000000c0000000, 0x00000000c0000000, 0x00000000ca3e0000)
  from space 20928K,  97% used [0x00000000ca3e0000, 0x00000000cb7e0140, 0x00000000cb850000)
  to   space 20928K,   0% used [0x00000000cb850000, 0x00000000cb850000, 0x00000000cccc0000)
 concurrent mark-sweep generation total 838912K, used 302149K [0x00000000cccc0000, 0x0000000100000000, 0x0000000100000000)
 Metaspace       used 3934K, capacity 4536K, committed 4864K, reserved 1056768K
  class space    used 425K, capacity 428K, committed 512K, reserved 1048576K
}
2024-07-26T01:31:09.818+0800: 1.418: Total time for which application threads were stopped: 0.0060714 seconds, Stopping threads took: 0.0000217 seconds
{Heap before GC invocations=35 (full 2):
 par new generation   total 188736K, used 187670K [0x00000000c0000000, 0x00000000cccc0000, 0x00000000cccc0000)
  eden space 167808K,  99% used [0x00000000c0000000, 0x00000000ca345a90, 0x00000000ca3e0000)
  from space 20928K,  97% used [0x00000000ca3e0000, 0x00000000cb7e0140, 0x00000000cb850000)
  to   space 20928K,   0% used [0x00000000cb850000, 0x00000000cb850000, 0x00000000cccc0000)
 concurrent mark-sweep generation total 838912K, used 302149K [0x00000000cccc0000, 0x0000000100000000, 0x0000000100000000)
 Metaspace       used 3934K, capacity 4536K, committed 4864K, reserved 1056768K
  class space    used 425K, capacity 428K, committed 512K, reserved 1048576K
2024-07-26T01:31:09.834+0800: 1.434: [GC (Allocation Failure) 2024-07-26T01:31:09.834+0800: 1.434: [ParNew2024-07-26T01:31:09.850+0800: 1.449: [SoftReference, 0 refs, 0.0000334 secs]2024-07-26T01:31:09.850+0800: 1.449: [WeakReference, 0 refs, 0.0000045 secs]2024-07-26T01:31:09.850+0800: 1.449: [FinalReference, 0 refs, 0.0000039 secs]2024-07-26T01:31:09.850+0800: 1.449: [PhantomReference, 0 refs, 0.0000038 secs]2024-07-26T01:31:09.850+0800: 1.449: [JNI Weak Reference, 0.0000046 secs]
Desired survivor size 10715136 bytes, new threshold 1 (max 1)
- age   1:   20971840 bytes,   20971840 total
: 187670K->20480K(188736K), 0.0152358 secs] 489820K->393286K(1027648K), 0.0152700 secs] [Times: user=0.03 sys=0.03, real=0.02 secs] 
Heap after GC invocations=36 (full 2):
 par new generation   total 188736K, used 20480K [0x00000000c0000000, 0x00000000cccc0000, 0x00000000cccc0000)
  eden space 167808K,   0% used [0x00000000c0000000, 0x00000000c0000000, 0x00000000ca3e0000)
  from space 20928K,  97% used [0x00000000cb850000, 0x00000000ccc50140, 0x00000000cccc0000)
  to   space 20928K,   0% used [0x00000000ca3e0000, 0x00000000ca3e0000, 0x00000000cb850000)
 concurrent mark-sweep generation total 838912K, used 372806K [0x00000000cccc0000, 0x0000000100000000, 0x0000000100000000)
 Metaspace       used 3934K, capacity 4536K, committed 4864K, reserved 1056768K
  class space    used 425K, capacity 428K, committed 512K, reserved 1048576K
}
2024-07-26T01:31:09.850+0800: 1.450: Total time for which application threads were stopped: 0.0153863 seconds, Stopping threads took: 0.0000237 seconds
2024-07-26T01:31:09.850+0800: 1.450: [GC (CMS Initial Mark) [1 CMS-initial-mark: 372806K(838912K)] 394310K(1027648K), 0.0001044 secs] [Times: user=0.00 sys=0.00, real=0.00 secs] 
2024-07-26T01:31:09.850+0800: 1.450: Total time for which application threads were stopped: 0.0002162 seconds, Stopping threads took: 0.0000756 seconds
2024-07-26T01:31:09.850+0800: 1.450: [CMS-concurrent-mark-start]
2024-07-26T01:31:09.852+0800: 1.451: [CMS-concurrent-mark: 0.002/0.002 secs] [Times: user=0.03 sys=0.00, real=0.00 secs] 
2024-07-26T01:31:09.852+0800: 1.451: [CMS-concurrent-preclean-start]
2024-07-26T01:31:09.852+0800: 1.451: [Preclean SoftReferences, 0.0000096 secs]2024-07-26T01:31:09.852+0800: 1.451: [Preclean WeakReferences, 0.0000039 secs]2024-07-26T01:31:09.852+0800: 1.451: [Preclean FinalReferences, 0.0000032 secs]2024-07-26T01:31:09.852+0800: 1.451: [Preclean PhantomReferences, 0.0000032 secs]2024-07-26T01:31:09.852+0800: 1.452: [CMS-concurrent-preclean: 0.001/0.001 secs] [Times: user=0.00 sys=0.00, real=0.00 secs] 
2024-07-26T01:31:09.852+0800: 1.452: [CMS-concurrent-abortable-preclean-start]
{Heap before GC invocations=36 (full 3):
 par new generation   total 188736K, used 187671K [0x00000000c0000000, 0x00000000cccc0000, 0x00000000cccc0000)
  eden space 167808K,  99% used [0x00000000c0000000, 0x00000000ca345e08, 0x00000000ca3e0000)
  from space 20928K,  97% used [0x00000000cb850000, 0x00000000ccc50140, 0x00000000cccc0000)
  to   space 20928K,   0% used [0x00000000ca3e0000, 0x00000000ca3e0000, 0x00000000cb850000)
 concurrent mark-sweep generation total 838912K, used 372806K [0x00000000cccc0000, 0x0000000100000000, 0x0000000100000000)
 Metaspace       used 3934K, capacity 4536K, committed 4864K, reserved 1056768K
  class space    used 425K, capacity 428K, committed 512K, reserved 1048576K
2024-07-26T01:31:09.868+0800: 1.467: [GC (Allocation Failure) 2024-07-26T01:31:09.868+0800: 1.467: [ParNew2024-07-26T01:31:09.877+0800: 1.476: [SoftReference, 0 refs, 0.0000331 secs]2024-07-26T01:31:09.877+0800: 1.476: [WeakReference, 0 refs, 0.0000044 secs]2024-07-26T01:31:09.877+0800: 1.476: [FinalReference, 0 refs, 0.0000040 secs]2024-07-26T01:31:09.877+0800: 1.476: [PhantomReference, 0 refs, 0.0000039 secs]2024-07-26T01:31:09.877+0800: 1.476: [JNI Weak Reference, 0.0000044 secs]
Desired survivor size 10715136 bytes, new threshold 1 (max 1)
- age   1:   20971840 bytes,   20971840 total
: 187671K->20480K(188736K), 0.0086943 secs] 560478K->424007K(1027648K), 0.0087781 secs] [Times: user=0.05 sys=0.00, real=0.01 secs] 
Heap after GC invocations=37 (full 3):
 par new generation   total 188736K, used 20480K [0x00000000c0000000, 0x00000000cccc0000, 0x00000000cccc0000)
  eden space 167808K,   0% used [0x00000000c0000000, 0x00000000c0000000, 0x00000000ca3e0000)
  from space 20928K,  97% used [0x00000000ca3e0000, 0x00000000cb7e0140, 0x00000000cb850000)
  to   space 20928K,   0% used [0x00000000cb850000, 0x00000000cb850000, 0x00000000cccc0000)
 concurrent mark-sweep generation total 838912K, used 403526K [0x00000000cccc0000, 0x0000000100000000, 0x0000000100000000)
 Metaspace       used 3934K, capacity 4536K, committed 4864K, reserved 1056768K
  class space    used 425K, capacity 428K, committed 512K, reserved 1048576K
}
2024-07-26T01:31:09.877+0800: 1.476: Total time for which application threads were stopped: 0.0089736 seconds, Stopping threads took: 0.0000531 seconds
{Heap before GC invocations=37 (full 3):
 par new generation   total 188736K, used 187672K [0x00000000c0000000, 0x00000000cccc0000, 0x00000000cccc0000)
  eden space 167808K,  99% used [0x00000000c0000000, 0x00000000ca346040, 0x00000000ca3e0000)
  from space 20928K,  97% used [0x00000000ca3e0000, 0x00000000cb7e0140, 0x00000000cb850000)
  to   space 20928K,   0% used [0x00000000cb850000, 0x00000000cb850000, 0x00000000cccc0000)
 concurrent mark-sweep generation total 838912K, used 403526K [0x00000000cccc0000, 0x0000000100000000, 0x0000000100000000)
 Metaspace       used 3934K, capacity 4536K, committed 4864K, reserved 1056768K
  class space    used 425K, capacity 428K, committed 512K, reserved 1048576K
2024-07-26T01:31:09.891+0800: 1.490: [GC (Allocation Failure) 2024-07-26T01:31:09.891+0800: 1.490: [ParNew2024-07-26T01:31:09.894+0800: 1.494: [SoftReference, 0 refs, 0.0000330 secs]2024-07-26T01:31:09.894+0800: 1.494: [WeakReference, 0 refs, 0.0000044 secs]2024-07-26T01:31:09.894+0800: 1.494: [FinalReference, 0 refs, 0.0000039 secs]2024-07-26T01:31:09.894+0800: 1.494: [PhantomReference, 0 refs, 0.0000053 secs]2024-07-26T01:31:09.894+0800: 1.494: [JNI Weak Reference, 0.0000047 secs]
Desired survivor size 10715136 bytes, new threshold 1 (max 1)
- age   1:   11534512 bytes,   11534512 total
: 187672K->11264K(188736K), 0.0032207 secs] 591199K->414791K(1027648K), 0.0032777 secs] [Times: user=0.00 sys=0.00, real=0.00 secs] 
Heap after GC invocations=38 (full 3):
 par new generation   total 188736K, used 11264K [0x00000000c0000000, 0x00000000cccc0000, 0x00000000cccc0000)
  eden space 167808K,   0% used [0x00000000c0000000, 0x00000000c0000000, 0x00000000ca3e0000)
  from space 20928K,  53% used [0x00000000cb850000, 0x00000000cc3500b0, 0x00000000cccc0000)
  to   space 20928K,   0% used [0x00000000ca3e0000, 0x00000000ca3e0000, 0x00000000cb850000)
 concurrent mark-sweep generation total 838912K, used 403526K [0x00000000cccc0000, 0x0000000100000000, 0x0000000100000000)
 Metaspace       used 3934K, capacity 4536K, committed 4864K, reserved 1056768K
  class space    used 425K, capacity 428K, committed 512K, reserved 1048576K
}
2024-07-26T01:31:09.894+0800: 1.494: Total time for which application threads were stopped: 0.0034443 seconds, Stopping threads took: 0.0000500 seconds
{Heap before GC invocations=38 (full 3):
 par new generation   total 188736K, used 178456K [0x00000000c0000000, 0x00000000cccc0000, 0x00000000cccc0000)
  eden space 167808K,  99% used [0x00000000c0000000, 0x00000000ca3461b0, 0x00000000ca3e0000)
  from space 20928K,  53% used [0x00000000cb850000, 0x00000000cc3500b0, 0x00000000cccc0000)
  to   space 20928K,   0% used [0x00000000ca3e0000, 0x00000000ca3e0000, 0x00000000cb850000)
 concurrent mark-sweep generation total 838912K, used 403526K [0x00000000cccc0000, 0x0000000100000000, 0x0000000100000000)
 Metaspace       used 3934K, capacity 4536K, committed 4864K, reserved 1056768K
  class space    used 425K, capacity 428K, committed 512K, reserved 1048576K
2024-07-26T01:31:09.909+0800: 1.508: [GC (Allocation Failure) 2024-07-26T01:31:09.909+0800: 1.508: [ParNew2024-07-26T01:31:09.920+0800: 1.520: [SoftReference, 0 refs, 0.0000352 secs]2024-07-26T01:31:09.920+0800: 1.520: [WeakReference, 0 refs, 0.0000047 secs]2024-07-26T01:31:09.920+0800: 1.520: [FinalReference, 0 refs, 0.0000039 secs]2024-07-26T01:31:09.920+0800: 1.520: [PhantomReference, 0 refs, 0.0000038 secs]2024-07-26T01:31:09.920+0800: 1.520: [JNI Weak Reference, 0.0000044 secs]
Desired survivor size 10715136 bytes, new threshold 1 (max 1)
- age   1:   20971840 bytes,   20971840 total
: 178456K->20480K(188736K), 0.0117807 secs] 581983K->478282K(1027648K), 0.0118139 secs] [Times: user=0.06 sys=0.00, real=0.01 secs] 
Heap after GC invocations=39 (full 3):
 par new generation   total 188736K, used 20480K [0x00000000c0000000, 0x00000000cccc0000, 0x00000000cccc0000)
  eden space 167808K,   0% used [0x00000000c0000000, 0x00000000c0000000, 0x00000000ca3e0000)
  from space 20928K,  97% used [0x00000000ca3e0000, 0x00000000cb7e0140, 0x00000000cb850000)
  to   space 20928K,   0% used [0x00000000cb850000, 0x00000000cb850000, 0x00000000cccc0000)
 concurrent mark-sweep generation total 838912K, used 457801K [0x00000000cccc0000, 0x0000000100000000, 0x0000000100000000)
 Metaspace       used 3934K, capacity 4536K, committed 4864K, reserved 1056768K
  class space    used 425K, capacity 428K, committed 512K, reserved 1048576K
}
2024-07-26T01:31:09.920+0800: 1.520: Total time for which application threads were stopped: 0.0119291 seconds, Stopping threads took: 0.0000239 seconds
{Heap before GC invocations=39 (full 3):
 par new generation   total 188736K, used 187672K [0x00000000c0000000, 0x00000000cccc0000, 0x00000000cccc0000)
  eden space 167808K,  99% used [0x00000000c0000000, 0x00000000ca346298, 0x00000000ca3e0000)
  from space 20928K,  97% used [0x00000000ca3e0000, 0x00000000cb7e0140, 0x00000000cb850000)
  to   space 20928K,   0% used [0x00000000cb850000, 0x00000000cb850000, 0x00000000cccc0000)
 concurrent mark-sweep generation total 838912K, used 457801K [0x00000000cccc0000, 0x0000000100000000, 0x0000000100000000)
 Metaspace       used 3934K, capacity 4536K, committed 4864K, reserved 1056768K
  class space    used 425K, capacity 428K, committed 512K, reserved 1048576K
2024-07-26T01:31:09.936+0800: 1.535: [GC (Allocation Failure) 2024-07-26T01:31:09.936+0800: 1.535: [ParNew2024-07-26T01:31:09.942+0800: 1.541: [SoftReference, 0 refs, 0.0000343 secs]2024-07-26T01:31:09.942+0800: 1.541: [WeakReference, 0 refs, 0.0000044 secs]2024-07-26T01:31:09.942+0800: 1.541: [FinalReference, 0 refs, 0.0000040 secs]2024-07-26T01:31:09.942+0800: 1.541: [PhantomReference, 0 refs, 0.0000037 secs]2024-07-26T01:31:09.942+0800: 1.541: [JNI Weak Reference, 0.0000042 secs]
Desired survivor size 10715136 bytes, new threshold 1 (max 1)
- age   1:   20971840 bytes,   20971840 total
: 187672K->20480K(188736K), 0.0062367 secs] 645474K->492618K(1027648K), 0.0062775 secs] [Times: user=0.00 sys=0.00, real=0.01 secs] 
Heap after GC invocations=40 (full 3):
 par new generation   total 188736K, used 20480K [0x00000000c0000000, 0x00000000cccc0000, 0x00000000cccc0000)
  eden space 167808K,   0% used [0x00000000c0000000, 0x00000000c0000000, 0x00000000ca3e0000)
  from space 20928K,  97% used [0x00000000cb850000, 0x00000000ccc50140, 0x00000000cccc0000)
  to   space 20928K,   0% used [0x00000000ca3e0000, 0x00000000ca3e0000, 0x00000000cb850000)
 concurrent mark-sweep generation total 838912K, used 472138K [0x00000000cccc0000, 0x0000000100000000, 0x0000000100000000)
 Metaspace       used 3934K, capacity 4536K, committed 4864K, reserved 1056768K
  class space    used 425K, capacity 428K, committed 512K, reserved 1048576K
}
2024-07-26T01:31:09.942+0800: 1.541: Total time for which application threads were stopped: 0.0063869 seconds, Stopping threads took: 0.0000217 seconds
{Heap before GC invocations=40 (full 3):
 par new generation   total 188736K, used 187673K [0x00000000c0000000, 0x00000000cccc0000, 0x00000000cccc0000)
  eden space 167808K,  99% used [0x00000000c0000000, 0x00000000ca346330, 0x00000000ca3e0000)
  from space 20928K,  97% used [0x00000000cb850000, 0x00000000ccc50140, 0x00000000cccc0000)
  to   space 20928K,   0% used [0x00000000ca3e0000, 0x00000000ca3e0000, 0x00000000cb850000)
 concurrent mark-sweep generation total 838912K, used 472138K [0x00000000cccc0000, 0x0000000100000000, 0x0000000100000000)
 Metaspace       used 3934K, capacity 4536K, committed 4864K, reserved 1056768K
  class space    used 425K, capacity 428K, committed 512K, reserved 1048576K
2024-07-26T01:31:09.957+0800: 1.556: [GC (Allocation Failure) 2024-07-26T01:31:09.957+0800: 1.556: [ParNew2024-07-26T01:31:09.975+0800: 1.574: [SoftReference, 0 refs, 0.0000359 secs]2024-07-26T01:31:09.975+0800: 1.574: [WeakReference, 0 refs, 0.0000045 secs]2024-07-26T01:31:09.975+0800: 1.574: [FinalReference, 0 refs, 0.0000039 secs]2024-07-26T01:31:09.975+0800: 1.574: [PhantomReference, 0 refs, 0.0000039 secs]2024-07-26T01:31:09.975+0800: 1.574: [JNI Weak Reference, 0.0000044 secs]
Desired survivor size 10715136 bytes, new threshold 1 (max 1)
- age   1:   20971840 bytes,   20971840 total
: 187673K->20480K(188736K), 0.0181221 secs] 659811K->570443K(1027648K), 0.0181608 secs] [Times: user=0.09 sys=0.02, real=0.02 secs] 
Heap after GC invocations=41 (full 3):
 par new generation   total 188736K, used 20480K [0x00000000c0000000, 0x00000000cccc0000, 0x00000000cccc0000)
  eden space 167808K,   0% used [0x00000000c0000000, 0x00000000c0000000, 0x00000000ca3e0000)
  from space 20928K,  97% used [0x00000000ca3e0000, 0x00000000cb7e0140, 0x00000000cb850000)
  to   space 20928K,   0% used [0x00000000cb850000, 0x00000000cb850000, 0x00000000cccc0000)
 concurrent mark-sweep generation total 838912K, used 549963K [0x00000000cccc0000, 0x0000000100000000, 0x0000000100000000)
 Metaspace       used 3934K, capacity 4536K, committed 4864K, reserved 1056768K
  class space    used 425K, capacity 428K, committed 512K, reserved 1048576K
}
2024-07-26T01:31:09.975+0800: 1.574: Total time for which application threads were stopped: 0.0182717 seconds, Stopping threads took: 0.0000213 seconds
{Heap before GC invocations=41 (full 3):
 par new generation   total 188736K, used 187673K [0x00000000c0000000, 0x00000000cccc0000, 0x00000000cccc0000)
  eden space 167808K,  99% used [0x00000000c0000000, 0x00000000ca346390, 0x00000000ca3e0000)
  from space 20928K,  97% used [0x00000000ca3e0000, 0x00000000cb7e0140, 0x00000000cb850000)
  to   space 20928K,   0% used [0x00000000cb850000, 0x00000000cb850000, 0x00000000cccc0000)
 concurrent mark-sweep generation total 838912K, used 549963K [0x00000000cccc0000, 0x0000000100000000, 0x0000000100000000)
 Metaspace       used 3934K, capacity 4536K, committed 4864K, reserved 1056768K
  class space    used 425K, capacity 428K, committed 512K, reserved 1048576K
2024-07-26T01:31:09.990+0800: 1.589: [GC (Allocation Failure) 2024-07-26T01:31:09.990+0800: 1.589: [ParNew2024-07-26T01:31:10.000+0800: 1.599: [SoftReference, 0 refs, 0.0000457 secs]2024-07-26T01:31:10.000+0800: 1.599: [WeakReference, 0 refs, 0.0000089 secs]2024-07-26T01:31:10.000+0800: 1.599: [FinalReference, 0 refs, 0.0000077 secs]2024-07-26T01:31:10.000+0800: 1.599: [PhantomReference, 0 refs, 0.0000077 secs]2024-07-26T01:31:10.000+0800: 1.599: [JNI Weak Reference, 0.0000075 secs]
Desired survivor size 10715136 bytes, new threshold 1 (max 1)
- age   1:   20971840 bytes,   20971840 total
: 187673K->20480K(188736K), 0.0098922 secs] 737636K->608332K(1027648K), 0.0099389 secs] [Times: user=0.08 sys=0.00, real=0.01 secs] 
Heap after GC invocations=42 (full 3):
 par new generation   total 188736K, used 20480K [0x00000000c0000000, 0x00000000cccc0000, 0x00000000cccc0000)
  eden space 167808K,   0% used [0x00000000c0000000, 0x00000000c0000000, 0x00000000ca3e0000)
  from space 20928K,  97% used [0x00000000cb850000, 0x00000000ccc50140, 0x00000000cccc0000)
  to   space 20928K,   0% used [0x00000000ca3e0000, 0x00000000ca3e0000, 0x00000000cb850000)
 concurrent mark-sweep generation total 838912K, used 587851K [0x00000000cccc0000, 0x0000000100000000, 0x0000000100000000)
 Metaspace       used 3934K, capacity 4536K, committed 4864K, reserved 1056768K
  class space    used 425K, capacity 428K, committed 512K, reserved 1048576K
}
2024-07-26T01:31:10.000+0800: 1.599: Total time for which application threads were stopped: 0.0100838 seconds, Stopping threads took: 0.0000217 seconds
{Heap before GC invocations=42 (full 3):
 par new generation   total 188736K, used 187673K [0x00000000c0000000, 0x00000000cccc0000, 0x00000000cccc0000)
  eden space 167808K,  99% used [0x00000000c0000000, 0x00000000ca3463d0, 0x00000000ca3e0000)
  from space 20928K,  97% used [0x00000000cb850000, 0x00000000ccc50140, 0x00000000cccc0000)
  to   space 20928K,   0% used [0x00000000ca3e0000, 0x00000000ca3e0000, 0x00000000cb850000)
 concurrent mark-sweep generation total 838912K, used 587851K [0x00000000cccc0000, 0x0000000100000000, 0x0000000100000000)
 Metaspace       used 3934K, capacity 4536K, committed 4864K, reserved 1056768K
  class space    used 425K, capacity 428K, committed 512K, reserved 1048576K
2024-07-26T01:31:10.014+0800: 1.614: [GC (Allocation Failure) 2024-07-26T01:31:10.014+0800: 1.614: [ParNew2024-07-26T01:31:10.019+0800: 1.618: [SoftReference, 0 refs, 0.0000329 secs]2024-07-26T01:31:10.019+0800: 1.619: [WeakReference, 0 refs, 0.0000045 secs]2024-07-26T01:31:10.019+0800: 1.619: [FinalReference, 0 refs, 0.0000039 secs]2024-07-26T01:31:10.019+0800: 1.619: [PhantomReference, 0 refs, 0.0000038 secs]2024-07-26T01:31:10.019+0800: 1.619: [JNI Weak Reference, 0.0000044 secs]
Desired survivor size 10715136 bytes, new threshold 1 (max 1)
- age   1:   18874656 bytes,   18874656 total
: 187673K->18432K(188736K), 0.0042255 secs] 775525K->606284K(1027648K), 0.0042928 secs] [Times: user=0.00 sys=0.00, real=0.01 secs] 
Heap after GC invocations=43 (full 3):
 par new generation   total 188736K, used 18432K [0x00000000c0000000, 0x00000000cccc0000, 0x00000000cccc0000)
  eden space 167808K,   0% used [0x00000000c0000000, 0x00000000c0000000, 0x00000000ca3e0000)
  from space 20928K,  88% used [0x00000000ca3e0000, 0x00000000cb5e0120, 0x00000000cb850000)
  to   space 20928K,   0% used [0x00000000cb850000, 0x00000000cb850000, 0x00000000cccc0000)
 concurrent mark-sweep generation total 838912K, used 587851K [0x00000000cccc0000, 0x0000000100000000, 0x0000000100000000)
 Metaspace       used 3934K, capacity 4536K, committed 4864K, reserved 1056768K
  class space    used 425K, capacity 428K, committed 512K, reserved 1048576K
}
2024-07-26T01:31:10.019+0800: 1.619: Total time for which application threads were stopped: 0.0044914 seconds, Stopping threads took: 0.0000594 seconds
{Heap before GC invocations=43 (full 3):
 par new generation   total 188736K, used 185625K [0x00000000c0000000, 0x00000000cccc0000, 0x00000000cccc0000)
  eden space 167808K,  99% used [0x00000000c0000000, 0x00000000ca3463f8, 0x00000000ca3e0000)
  from space 20928K,  88% used [0x00000000ca3e0000, 0x00000000cb5e0120, 0x00000000cb850000)
  to   space 20928K,   0% used [0x00000000cb850000, 0x00000000cb850000, 0x00000000cccc0000)
 concurrent mark-sweep generation total 838912K, used 587851K [0x00000000cccc0000, 0x0000000100000000, 0x0000000100000000)
 Metaspace       used 3934K, capacity 4536K, committed 4864K, reserved 1056768K
  class space    used 425K, capacity 428K, committed 512K, reserved 1048576K
2024-07-26T01:31:10.035+0800: 1.634: [GC (Allocation Failure) 2024-07-26T01:31:10.035+0800: 1.634: [ParNew2024-07-26T01:31:10.049+0800: 1.648: [SoftReference, 0 refs, 0.0000304 secs]2024-07-26T01:31:10.049+0800: 1.648: [WeakReference, 0 refs, 0.0000045 secs]2024-07-26T01:31:10.049+0800: 1.648: [FinalReference, 0 refs, 0.0000041 secs]2024-07-26T01:31:10.049+0800: 1.648: [PhantomReference, 0 refs, 0.0000038 secs]2024-07-26T01:31:10.049+0800: 1.648: [JNI Weak Reference, 0.0000044 secs]
Desired survivor size 10715136 bytes, new threshold 1 (max 1)
- age   1:   20971840 bytes,   20971840 total
: 185625K->20480K(188736K), 0.0139839 secs] 773477K->669773K(1027648K), 0.0140190 secs] [Times: user=0.01 sys=0.00, real=0.01 secs] 
Heap after GC invocations=44 (full 3):
 par new generation   total 188736K, used 20480K [0x00000000c0000000, 0x00000000cccc0000, 0x00000000cccc0000)
  eden space 167808K,   0% used [0x00000000c0000000, 0x00000000c0000000, 0x00000000ca3e0000)
  from space 20928K,  97% used [0x00000000cb850000, 0x00000000ccc50140, 0x00000000cccc0000)
  to   space 20928K,   0% used [0x00000000ca3e0000, 0x00000000ca3e0000, 0x00000000cb850000)
 concurrent mark-sweep generation total 838912K, used 649292K [0x00000000cccc0000, 0x0000000100000000, 0x0000000100000000)
 Metaspace       used 3934K, capacity 4536K, committed 4864K, reserved 1056768K
  class space    used 425K, capacity 428K, committed 512K, reserved 1048576K
}
2024-07-26T01:31:10.049+0800: 1.648: Total time for which application threads were stopped: 0.0141391 seconds, Stopping threads took: 0.0000235 seconds
{Heap before GC invocations=44 (full 3):
 par new generation   total 188736K, used 187673K [0x00000000c0000000, 0x00000000cccc0000, 0x00000000cccc0000)
  eden space 167808K,  99% used [0x00000000c0000000, 0x00000000ca346418, 0x00000000ca3e0000)
  from space 20928K,  97% used [0x00000000cb850000, 0x00000000ccc50140, 0x00000000cccc0000)
  to   space 20928K,   0% used [0x00000000ca3e0000, 0x00000000ca3e0000, 0x00000000cb850000)
 concurrent mark-sweep generation total 838912K, used 649292K [0x00000000cccc0000, 0x0000000100000000, 0x0000000100000000)
 Metaspace       used 3934K, capacity 4536K, committed 4864K, reserved 1056768K
  class space    used 425K, capacity 428K, committed 512K, reserved 1048576K
2024-07-26T01:31:10.063+0800: 1.663: [GC (Allocation Failure) 2024-07-26T01:31:10.063+0800: 1.663: [ParNew2024-07-26T01:31:10.071+0800: 1.671: [SoftReference, 0 refs, 0.0000297 secs]2024-07-26T01:31:10.071+0800: 1.671: [WeakReference, 0 refs, 0.0000041 secs]2024-07-26T01:31:10.071+0800: 1.671: [FinalReference, 0 refs, 0.0000039 secs]2024-07-26T01:31:10.071+0800: 1.671: [PhantomReference, 0 refs, 0.0000037 secs]2024-07-26T01:31:10.071+0800: 1.671: [JNI Weak Reference, 0.0000076 secs]
Desired survivor size 10715136 bytes, new threshold 1 (max 1)
- age   1:   20971840 bytes,   20971840 total
: 187673K->20480K(188736K), 0.0080200 secs] 836966K->691277K(1027648K), 0.0080604 secs] [Times: user=0.00 sys=0.00, real=0.01 secs] 
Heap after GC invocations=45 (full 3):
 par new generation   total 188736K, used 20480K [0x00000000c0000000, 0x00000000cccc0000, 0x00000000cccc0000)
  eden space 167808K,   0% used [0x00000000c0000000, 0x00000000c0000000, 0x00000000ca3e0000)
  from space 20928K,  97% used [0x00000000ca3e0000, 0x00000000cb7e0140, 0x00000000cb850000)
  to   space 20928K,   0% used [0x00000000cb850000, 0x00000000cb850000, 0x00000000cccc0000)
 concurrent mark-sweep generation total 838912K, used 670797K [0x00000000cccc0000, 0x0000000100000000, 0x0000000100000000)
 Metaspace       used 3934K, capacity 4536K, committed 4864K, reserved 1056768K
  class space    used 425K, capacity 428K, committed 512K, reserved 1048576K
}
2024-07-26T01:31:10.071+0800: 1.671: Total time for which application threads were stopped: 0.0081870 seconds, Stopping threads took: 0.0000317 seconds
{Heap before GC invocations=45 (full 3):
 par new generation   total 188736K, used 187673K [0x00000000c0000000, 0x00000000cccc0000, 0x00000000cccc0000)
  eden space 167808K,  99% used [0x00000000c0000000, 0x00000000ca346428, 0x00000000ca3e0000)
  from space 20928K,  97% used [0x00000000ca3e0000, 0x00000000cb7e0140, 0x00000000cb850000)
  to   space 20928K,   0% used [0x00000000cb850000, 0x00000000cb850000, 0x00000000cccc0000)
 concurrent mark-sweep generation total 838912K, used 670797K [0x00000000cccc0000, 0x0000000100000000, 0x0000000100000000)
 Metaspace       used 3934K, capacity 4536K, committed 4864K, reserved 1056768K
  class space    used 425K, capacity 428K, committed 512K, reserved 1048576K
2024-07-26T01:31:10.086+0800: 1.686: [GC (Allocation Failure) 2024-07-26T01:31:10.086+0800: 1.686: [ParNew2024-07-26T01:31:10.087+0800: 1.687: [SoftReference, 0 refs, 0.0000277 secs]2024-07-26T01:31:10.087+0800: 1.687: [WeakReference, 0 refs, 0.0000046 secs]2024-07-26T01:31:10.087+0800: 1.687: [FinalReference, 0 refs, 0.0000039 secs]2024-07-26T01:31:10.087+0800: 1.687: [PhantomReference, 0 refs, 0.0000040 secs]2024-07-26T01:31:10.087+0800: 1.687: [JNI Weak Reference, 0.0000043 secs]
Desired survivor size 10715136 bytes, new threshold 1 (max 1)
- age   1:    2097184 bytes,    2097184 total
: 187673K->2048K(188736K), 0.0010182 secs] 858470K->672845K(1027648K), 0.0010579 secs] [Times: user=0.00 sys=0.00, real=0.00 secs] 
Heap after GC invocations=46 (full 3):
 par new generation   total 188736K, used 2048K [0x00000000c0000000, 0x00000000cccc0000, 0x00000000cccc0000)
  eden space 167808K,   0% used [0x00000000c0000000, 0x00000000c0000000, 0x00000000ca3e0000)
  from space 20928K,   9% used [0x00000000cb850000, 0x00000000cba50020, 0x00000000cccc0000)
  to   space 20928K,   0% used [0x00000000ca3e0000, 0x00000000ca3e0000, 0x00000000cb850000)
 concurrent mark-sweep generation total 838912K, used 670797K [0x00000000cccc0000, 0x0000000100000000, 0x0000000100000000)
 Metaspace       used 3934K, capacity 4536K, committed 4864K, reserved 1056768K
  class space    used 425K, capacity 428K, committed 512K, reserved 1048576K
}
2024-07-26T01:31:10.087+0800: 1.687: Total time for which application threads were stopped: 0.0011702 seconds, Stopping threads took: 0.0000226 seconds
{Heap before GC invocations=46 (full 3):
 par new generation   total 188736K, used 169241K [0x00000000c0000000, 0x00000000cccc0000, 0x00000000cccc0000)
  eden space 167808K,  99% used [0x00000000c0000000, 0x00000000ca346430, 0x00000000ca3e0000)
  from space 20928K,   9% used [0x00000000cb850000, 0x00000000cba50020, 0x00000000cccc0000)
  to   space 20928K,   0% used [0x00000000ca3e0000, 0x00000000ca3e0000, 0x00000000cb850000)
 concurrent mark-sweep generation total 838912K, used 670797K [0x00000000cccc0000, 0x0000000100000000, 0x0000000100000000)
 Metaspace       used 3934K, capacity 4536K, committed 4864K, reserved 1056768K
  class space    used 425K, capacity 428K, committed 512K, reserved 1048576K
2024-07-26T01:31:10.102+0800: 1.702: [GC (Allocation Failure) 2024-07-26T01:31:10.102+0800: 1.702: [ParNew2024-07-26T01:31:10.113+0800: 1.712: [SoftReference, 0 refs, 0.0000286 secs]2024-07-26T01:31:10.113+0800: 1.712: [WeakReference, 0 refs, 0.0000047 secs]2024-07-26T01:31:10.113+0800: 1.712: [FinalReference, 0 refs, 0.0000039 secs]2024-07-26T01:31:10.113+0800: 1.712: [PhantomReference, 0 refs, 0.0000037 secs]2024-07-26T01:31:10.113+0800: 1.712: [JNI Weak Reference, 0.0000043 secs]
Desired survivor size 10715136 bytes, new threshold 1 (max 1)
- age   1:   20971840 bytes,   20971840 total
: 169241K->20480K(188736K), 0.0108351 secs] 840038K->736334K(1027648K), 0.0108761 secs] [Times: user=0.08 sys=0.00, real=0.01 secs] 
Heap after GC invocations=47 (full 3):
 par new generation   total 188736K, used 20480K [0x00000000c0000000, 0x00000000cccc0000, 0x00000000cccc0000)
  eden space 167808K,   0% used [0x00000000c0000000, 0x00000000c0000000, 0x00000000ca3e0000)
  from space 20928K,  97% used [0x00000000ca3e0000, 0x00000000cb7e0140, 0x00000000cb850000)
  to   space 20928K,   0% used [0x00000000cb850000, 0x00000000cb850000, 0x00000000cccc0000)
 concurrent mark-sweep generation total 838912K, used 715853K [0x00000000cccc0000, 0x0000000100000000, 0x0000000100000000)
 Metaspace       used 3934K, capacity 4536K, committed 4864K, reserved 1056768K
  class space    used 425K, capacity 428K, committed 512K, reserved 1048576K
}
2024-07-26T01:31:10.113+0800: 1.712: Total time for which application threads were stopped: 0.0109906 seconds, Stopping threads took: 0.0000231 seconds
{Heap before GC invocations=47 (full 3):
 par new generation   total 188736K, used 187673K [0x00000000c0000000, 0x00000000cccc0000, 0x00000000cccc0000)
  eden space 167808K,  99% used [0x00000000c0000000, 0x00000000ca346438, 0x00000000ca3e0000)
  from space 20928K,  97% used [0x00000000ca3e0000, 0x00000000cb7e0140, 0x00000000cb850000)
  to   space 20928K,   0% used [0x00000000cb850000, 0x00000000cb850000, 0x00000000cccc0000)
 concurrent mark-sweep generation total 838912K, used 715853K [0x00000000cccc0000, 0x0000000100000000, 0x0000000100000000)
 Metaspace       used 3934K, capacity 4536K, committed 4864K, reserved 1056768K
  class space    used 425K, capacity 428K, committed 512K, reserved 1048576K
2024-07-26T01:31:10.127+0800: 1.726: [GC (Allocation Failure) 2024-07-26T01:31:10.127+0800: 1.727: [ParNew2024-07-26T01:31:10.132+0800: 1.731: [SoftReference, 0 refs, 0.0000759 secs]2024-07-26T01:31:10.132+0800: 1.732: [WeakReference, 0 refs, 0.0000092 secs]2024-07-26T01:31:10.132+0800: 1.732: [FinalReference, 0 refs, 0.0000077 secs]2024-07-26T01:31:10.132+0800: 1.732: [PhantomReference, 0 refs, 0.0000074 secs]2024-07-26T01:31:10.132+0800: 1.732: [JNI Weak Reference, 0.0000078 secs]
Desired survivor size 10715136 bytes, new threshold 1 (max 1)
- age   1:   20971840 bytes,   20971840 total
: 187673K->20480K(188736K), 0.0050800 secs] 903527K->741454K(1027648K), 0.0051367 secs] [Times: user=0.00 sys=0.00, real=0.01 secs] 
Heap after GC invocations=48 (full 3):
 par new generation   total 188736K, used 20480K [0x00000000c0000000, 0x00000000cccc0000, 0x00000000cccc0000)
  eden space 167808K,   0% used [0x00000000c0000000, 0x00000000c0000000, 0x00000000ca3e0000)
  from space 20928K,  97% used [0x00000000cb850000, 0x00000000ccc50140, 0x00000000cccc0000)
  to   space 20928K,   0% used [0x00000000ca3e0000, 0x00000000ca3e0000, 0x00000000cb850000)
 concurrent mark-sweep generation total 838912K, used 720973K [0x00000000cccc0000, 0x0000000100000000, 0x0000000100000000)
 Metaspace       used 3934K, capacity 4536K, committed 4864K, reserved 1056768K
  class space    used 425K, capacity 428K, committed 512K, reserved 1048576K
}
2024-07-26T01:31:10.133+0800: 1.732: Total time for which application threads were stopped: 0.0052804 seconds, Stopping threads took: 0.0000211 seconds
{Heap before GC invocations=48 (full 3):
 par new generation   total 188736K, used 187673K [0x00000000c0000000, 0x00000000cccc0000, 0x00000000cccc0000)
  eden space 167808K,  99% used [0x00000000c0000000, 0x00000000ca346438, 0x00000000ca3e0000)
  from space 20928K,  97% used [0x00000000cb850000, 0x00000000ccc50140, 0x00000000cccc0000)
  to   space 20928K,   0% used [0x00000000ca3e0000, 0x00000000ca3e0000, 0x00000000cb850000)
 concurrent mark-sweep generation total 838912K, used 720973K [0x00000000cccc0000, 0x0000000100000000, 0x0000000100000000)
 Metaspace       used 3934K, capacity 4536K, committed 4864K, reserved 1056768K
  class space    used 425K, capacity 428K, committed 512K, reserved 1048576K
2024-07-26T01:31:10.149+0800: 1.748: [GC (Allocation Failure) 2024-07-26T01:31:10.149+0800: 1.748: [ParNew2024-07-26T01:31:10.170+0800: 1.769: [SoftReference, 0 refs, 0.0000560 secs]2024-07-26T01:31:10.170+0800: 1.769: [WeakReference, 0 refs, 0.0000086 secs]2024-07-26T01:31:10.170+0800: 1.769: [FinalReference, 0 refs, 0.0000075 secs]2024-07-26T01:31:10.170+0800: 1.769: [PhantomReference, 0 refs, 0.0000075 secs]2024-07-26T01:31:10.170+0800: 1.769: [JNI Weak Reference, 0.0000071 secs]
Desired survivor size 10715136 bytes, new threshold 1 (max 1)
- age   1:   20971840 bytes,   20971840 total
: 187673K->20480K(188736K), 0.0211087 secs] 908647K->810065K(1027648K), 0.0211558 secs] [Times: user=0.09 sys=0.00, real=0.02 secs] 
Heap after GC invocations=49 (full 3):
 par new generation   total 188736K, used 20480K [0x00000000c0000000, 0x00000000cccc0000, 0x00000000cccc0000)
  eden space 167808K,   0% used [0x00000000c0000000, 0x00000000c0000000, 0x00000000ca3e0000)
  from space 20928K,  97% used [0x00000000ca3e0000, 0x00000000cb7e0140, 0x00000000cb850000)
  to   space 20928K,   0% used [0x00000000cb850000, 0x00000000cb850000, 0x00000000cccc0000)
 concurrent mark-sweep generation total 838912K, used 789584K [0x00000000cccc0000, 0x0000000100000000, 0x0000000100000000)
 Metaspace       used 3934K, capacity 4536K, committed 4864K, reserved 1056768K
  class space    used 425K, capacity 428K, committed 512K, reserved 1048576K
}
2024-07-26T01:31:10.170+0800: 1.769: Total time for which application threads were stopped: 0.0213045 seconds, Stopping threads took: 0.0000337 seconds
{Heap before GC invocations=49 (full 3):
 par new generation   total 188736K, used 187673K [0x00000000c0000000, 0x00000000cccc0000, 0x00000000cccc0000)
  eden space 167808K,  99% used [0x00000000c0000000, 0x00000000ca346440, 0x00000000ca3e0000)
  from space 20928K,  97% used [0x00000000ca3e0000, 0x00000000cb7e0140, 0x00000000cb850000)
  to   space 20928K,   0% used [0x00000000cb850000, 0x00000000cb850000, 0x00000000cccc0000)
 concurrent mark-sweep generation total 838912K, used 789584K [0x00000000cccc0000, 0x0000000100000000, 0x0000000100000000)
 Metaspace       used 3934K, capacity 4536K, committed 4864K, reserved 1056768K
  class space    used 425K, capacity 428K, committed 512K, reserved 1048576K
2024-07-26T01:31:10.185+0800: 1.784: [GC (Allocation Failure) 2024-07-26T01:31:10.185+0800: 1.784: [ParNew: 187673K->187673K(188736K), 0.0000170 secs]2024-07-26T01:31:10.185+0800: 1.784: [CMS2024-07-26T01:31:10.185+0800: 1.784: [CMS-concurrent-abortable-preclean: 0.010/0.332 secs] [Times: user=0.48 sys=0.02, real=0.33 secs] 
 (concurrent mode failure)2024-07-26T01:31:10.186+0800: 1.785: [SoftReference, 0 refs, 0.0000181 secs]2024-07-26T01:31:10.186+0800: 1.785: [WeakReference, 2 refs, 0.0000049 secs]2024-07-26T01:31:10.186+0800: 1.785: [FinalReference, 2 refs, 0.0000043 secs]2024-07-26T01:31:10.186+0800: 1.785: [PhantomReference, 0 refs, 0.0000082 secs]2024-07-26T01:31:10.186+0800: 1.785: [JNI Weak Reference, 0.0000050 secs]: 789584K->50208K(838912K), 0.0108325 secs] 977258K->50208K(1027648K), [Metaspace: 3934K->3934K(1056768K)], 0.0109288 secs] [Times: user=0.00 sys=0.00, real=0.01 secs] 
Heap after GC invocations=50 (full 4):
 par new generation   total 188736K, used 0K [0x00000000c0000000, 0x00000000cccc0000, 0x00000000cccc0000)
  eden space 167808K,   0% used [0x00000000c0000000, 0x00000000c0000000, 0x00000000ca3e0000)
  from space 20928K,   0% used [0x00000000ca3e0000, 0x00000000ca3e0000, 0x00000000cb850000)
  to   space 20928K,   0% used [0x00000000cb850000, 0x00000000cb850000, 0x00000000cccc0000)
 concurrent mark-sweep generation total 838912K, used 50208K [0x00000000cccc0000, 0x0000000100000000, 0x0000000100000000)
 Metaspace       used 3934K, capacity 4536K, committed 4864K, reserved 1056768K
  class space    used 425K, capacity 428K, committed 512K, reserved 1048576K
}
2024-07-26T01:31:10.196+0800: 1.795: Total time for which application threads were stopped: 0.0110631 seconds, Stopping threads took: 0.0000243 seconds
{Heap before GC invocations=50 (full 4):
 par new generation   total 188736K, used 167193K [0x00000000c0000000, 0x00000000cccc0000, 0x00000000cccc0000)
  eden space 167808K,  99% used [0x00000000c0000000, 0x00000000ca346440, 0x00000000ca3e0000)
  from space 20928K,   0% used [0x00000000ca3e0000, 0x00000000ca3e0000, 0x00000000cb850000)
  to   space 20928K,   0% used [0x00000000cb850000, 0x00000000cb850000, 0x00000000cccc0000)
 concurrent mark-sweep generation total 838912K, used 50208K [0x00000000cccc0000, 0x0000000100000000, 0x0000000100000000)
 Metaspace       used 3934K, capacity 4536K, committed 4864K, reserved 1056768K
  class space    used 425K, capacity 428K, committed 512K, reserved 1048576K
2024-07-26T01:31:10.211+0800: 1.810: [GC (Allocation Failure) 2024-07-26T01:31:10.211+0800: 1.810: [ParNew2024-07-26T01:31:10.213+0800: 1.812: [SoftReference, 0 refs, 0.0000337 secs]2024-07-26T01:31:10.213+0800: 1.812: [WeakReference, 0 refs, 0.0000041 secs]2024-07-26T01:31:10.213+0800: 1.812: [FinalReference, 0 refs, 0.0000039 secs]2024-07-26T01:31:10.213+0800: 1.812: [PhantomReference, 0 refs, 0.0000039 secs]2024-07-26T01:31:10.213+0800: 1.812: [JNI Weak Reference, 0.0000046 secs]
Desired survivor size 10715136 bytes, new threshold 1 (max 1)
- age   1:    9437328 bytes,    9437328 total
: 167193K->9216K(188736K), 0.0023266 secs] 217402K->59425K(1027648K), 0.0023703 secs] [Times: user=0.00 sys=0.00, real=0.00 secs] 
Heap after GC invocations=51 (full 4):
 par new generation   total 188736K, used 9216K [0x00000000c0000000, 0x00000000cccc0000, 0x00000000cccc0000)
  eden space 167808K,   0% used [0x00000000c0000000, 0x00000000c0000000, 0x00000000ca3e0000)
  from space 20928K,  44% used [0x00000000cb850000, 0x00000000cc150090, 0x00000000cccc0000)
  to   space 20928K,   0% used [0x00000000ca3e0000, 0x00000000ca3e0000, 0x00000000cb850000)
 concurrent mark-sweep generation total 838912K, used 50208K [0x00000000cccc0000, 0x0000000100000000, 0x0000000100000000)
 Metaspace       used 3934K, capacity 4536K, committed 4864K, reserved 1056768K
  class space    used 425K, capacity 428K, committed 512K, reserved 1048576K
}
2024-07-26T01:31:10.213+0800: 1.813: Total time for which application threads were stopped: 0.0024872 seconds, Stopping threads took: 0.0000262 seconds
{Heap before GC invocations=51 (full 4):
 par new generation   total 188736K, used 176409K [0x00000000c0000000, 0x00000000cccc0000, 0x00000000cccc0000)
  eden space 167808K,  99% used [0x00000000c0000000, 0x00000000ca346440, 0x00000000ca3e0000)
  from space 20928K,  44% used [0x00000000cb850000, 0x00000000cc150090, 0x00000000cccc0000)
  to   space 20928K,   0% used [0x00000000ca3e0000, 0x00000000ca3e0000, 0x00000000cb850000)
 concurrent mark-sweep generation total 838912K, used 50208K [0x00000000cccc0000, 0x0000000100000000, 0x0000000100000000)
 Metaspace       used 3934K, capacity 4536K, committed 4864K, reserved 1056768K
  class space    used 425K, capacity 428K, committed 512K, reserved 1048576K
2024-07-26T01:31:10.229+0800: 1.828: [GC (Allocation Failure) 2024-07-26T01:31:10.229+0800: 1.828: [ParNew2024-07-26T01:31:10.241+0800: 1.841: [SoftReference, 0 refs, 0.0000331 secs]2024-07-26T01:31:10.241+0800: 1.841: [WeakReference, 0 refs, 0.0000051 secs]2024-07-26T01:31:10.241+0800: 1.841: [FinalReference, 0 refs, 0.0000036 secs]2024-07-26T01:31:10.241+0800: 1.841: [PhantomReference, 0 refs, 0.0000035 secs]2024-07-26T01:31:10.241+0800: 1.841: [JNI Weak Reference, 0.0000071 secs]
Desired survivor size 10715136 bytes, new threshold 1 (max 1)
- age   1:   20971840 bytes,   20971840 total
: 176409K->20480K(188736K), 0.0129248 secs] 226618K->122916K(1027648K), 0.0129648 secs] [Times: user=0.08 sys=0.00, real=0.01 secs] 
Heap after GC invocations=52 (full 4):
 par new generation   total 188736K, used 20480K [0x00000000c0000000, 0x00000000cccc0000, 0x00000000cccc0000)
  eden space 167808K,   0% used [0x00000000c0000000, 0x00000000c0000000, 0x00000000ca3e0000)
  from space 20928K,  97% used [0x00000000ca3e0000, 0x00000000cb7e0140, 0x00000000cb850000)
  to   space 20928K,   0% used [0x00000000cb850000, 0x00000000cb850000, 0x00000000cccc0000)
 concurrent mark-sweep generation total 838912K, used 102435K [0x00000000cccc0000, 0x0000000100000000, 0x0000000100000000)
 Metaspace       used 3934K, capacity 4536K, committed 4864K, reserved 1056768K
  class space    used 425K, capacity 428K, committed 512K, reserved 1048576K
}
2024-07-26T01:31:10.241+0800: 1.841: Total time for which application threads were stopped: 0.0130772 seconds, Stopping threads took: 0.0000221 seconds
{Heap before GC invocations=52 (full 4):
 par new generation   total 188736K, used 187673K [0x00000000c0000000, 0x00000000cccc0000, 0x00000000cccc0000)
  eden space 167808K,  99% used [0x00000000c0000000, 0x00000000ca346440, 0x00000000ca3e0000)
  from space 20928K,  97% used [0x00000000ca3e0000, 0x00000000cb7e0140, 0x00000000cb850000)
  to   space 20928K,   0% used [0x00000000cb850000, 0x00000000cb850000, 0x00000000cccc0000)
 concurrent mark-sweep generation total 838912K, used 102435K [0x00000000cccc0000, 0x0000000100000000, 0x0000000100000000)
 Metaspace       used 3934K, capacity 4536K, committed 4864K, reserved 1056768K
  class space    used 425K, capacity 428K, committed 512K, reserved 1048576K
2024-07-26T01:31:10.256+0800: 1.855: [GC (Allocation Failure) 2024-07-26T01:31:10.256+0800: 1.856: [ParNew2024-07-26T01:31:10.262+0800: 1.862: [SoftReference, 0 refs, 0.0000446 secs]2024-07-26T01:31:10.262+0800: 1.862: [WeakReference, 0 refs, 0.0000068 secs]2024-07-26T01:31:10.262+0800: 1.862: [FinalReference, 0 refs, 0.0000058 secs]2024-07-26T01:31:10.262+0800: 1.862: [PhantomReference, 0 refs, 0.0000056 secs]2024-07-26T01:31:10.262+0800: 1.862: [JNI Weak Reference, 0.0000060 secs]
Desired survivor size 10715136 bytes, new threshold 1 (max 1)
- age   1:   20971840 bytes,   20971840 total
: 187673K->20480K(188736K), 0.0060810 secs] 290109K->135206K(1027648K), 0.0061315 secs] [Times: user=0.00 sys=0.00, real=0.01 secs] 
Heap after GC invocations=53 (full 4):
 par new generation   total 188736K, used 20480K [0x00000000c0000000, 0x00000000cccc0000, 0x00000000cccc0000)
  eden space 167808K,   0% used [0x00000000c0000000, 0x00000000c0000000, 0x00000000ca3e0000)
  from space 20928K,  97% used [0x00000000cb850000, 0x00000000ccc50140, 0x00000000cccc0000)
  to   space 20928K,   0% used [0x00000000ca3e0000, 0x00000000ca3e0000, 0x00000000cb850000)
 concurrent mark-sweep generation total 838912K, used 114726K [0x00000000cccc0000, 0x0000000100000000, 0x0000000100000000)
 Metaspace       used 3934K, capacity 4536K, committed 4864K, reserved 1056768K
  class space    used 425K, capacity 428K, committed 512K, reserved 1048576K
}
2024-07-26T01:31:10.262+0800: 1.862: Total time for which application threads were stopped: 0.0062748 seconds, Stopping threads took: 0.0000260 seconds
{Heap before GC invocations=53 (full 4):
 par new generation   total 188736K, used 187673K [0x00000000c0000000, 0x00000000cccc0000, 0x00000000cccc0000)
  eden space 167808K,  99% used [0x00000000c0000000, 0x00000000ca346440, 0x00000000ca3e0000)
  from space 20928K,  97% used [0x00000000cb850000, 0x00000000ccc50140, 0x00000000cccc0000)
  to   space 20928K,   0% used [0x00000000ca3e0000, 0x00000000ca3e0000, 0x00000000cb850000)
 concurrent mark-sweep generation total 838912K, used 114726K [0x00000000cccc0000, 0x0000000100000000, 0x0000000100000000)
 Metaspace       used 3934K, capacity 4536K, committed 4864K, reserved 1056768K
  class space    used 425K, capacity 428K, committed 512K, reserved 1048576K
2024-07-26T01:31:10.278+0800: 1.877: [GC (Allocation Failure) 2024-07-26T01:31:10.278+0800: 1.877: [ParNew2024-07-26T01:31:10.295+0800: 1.894: [SoftReference, 0 refs, 0.0000387 secs]2024-07-26T01:31:10.295+0800: 1.894: [WeakReference, 0 refs, 0.0000061 secs]2024-07-26T01:31:10.295+0800: 1.894: [FinalReference, 0 refs, 0.0000041 secs]2024-07-26T01:31:10.295+0800: 1.894: [PhantomReference, 0 refs, 0.0000038 secs]2024-07-26T01:31:10.295+0800: 1.894: [JNI Weak Reference, 0.0000052 secs]
Desired survivor size 10715136 bytes, new threshold 1 (max 1)
- age   1:   20971840 bytes,   20971840 total
: 187673K->20480K(188736K), 0.0169767 secs] 302399K->210985K(1027648K), 0.0170255 secs] [Times: user=0.13 sys=0.02, real=0.02 secs] 
Heap after GC invocations=54 (full 4):
 par new generation   total 188736K, used 20480K [0x00000000c0000000, 0x00000000cccc0000, 0x00000000cccc0000)
  eden space 167808K,   0% used [0x00000000c0000000, 0x00000000c0000000, 0x00000000ca3e0000)
  from space 20928K,  97% used [0x00000000ca3e0000, 0x00000000cb7e0140, 0x00000000cb850000)
  to   space 20928K,   0% used [0x00000000cb850000, 0x00000000cb850000, 0x00000000cccc0000)
 concurrent mark-sweep generation total 838912K, used 190505K [0x00000000cccc0000, 0x0000000100000000, 0x0000000100000000)
 Metaspace       used 3934K, capacity 4536K, committed 4864K, reserved 1056768K
  class space    used 425K, capacity 428K, committed 512K, reserved 1048576K
}
2024-07-26T01:31:10.295+0800: 1.894: Total time for which application threads were stopped: 0.0171553 seconds, Stopping threads took: 0.0000269 seconds
{Heap before GC invocations=54 (full 4):
 par new generation   total 188736K, used 187673K [0x00000000c0000000, 0x00000000cccc0000, 0x00000000cccc0000)
  eden space 167808K,  99% used [0x00000000c0000000, 0x00000000ca346440, 0x00000000ca3e0000)
  from space 20928K,  97% used [0x00000000ca3e0000, 0x00000000cb7e0140, 0x00000000cb850000)
  to   space 20928K,   0% used [0x00000000cb850000, 0x00000000cb850000, 0x00000000cccc0000)
 concurrent mark-sweep generation total 838912K, used 190505K [0x00000000cccc0000, 0x0000000100000000, 0x0000000100000000)
 Metaspace       used 3934K, capacity 4536K, committed 4864K, reserved 1056768K
  class space    used 425K, capacity 428K, committed 512K, reserved 1048576K
2024-07-26T01:31:10.309+0800: 1.908: [GC (Allocation Failure) 2024-07-26T01:31:10.309+0800: 1.908: [ParNew2024-07-26T01:31:10.318+0800: 1.918: [SoftReference, 0 refs, 0.0000342 secs]2024-07-26T01:31:10.318+0800: 1.918: [WeakReference, 0 refs, 0.0000042 secs]2024-07-26T01:31:10.318+0800: 1.918: [FinalReference, 0 refs, 0.0000037 secs]2024-07-26T01:31:10.318+0800: 1.918: [PhantomReference, 0 refs, 0.0000035 secs]2024-07-26T01:31:10.318+0800: 1.918: [JNI Weak Reference, 0.0000043 secs]
Desired survivor size 10715136 bytes, new threshold 1 (max 1)
- age   1:   20971840 bytes,   20971840 total
: 187673K->20480K(188736K), 0.0093508 secs] 378178K->246828K(1027648K), 0.0093942 secs] [Times: user=0.00 sys=0.00, real=0.01 secs] 
Heap after GC invocations=55 (full 4):
 par new generation   total 188736K, used 20480K [0x00000000c0000000, 0x00000000cccc0000, 0x00000000cccc0000)
  eden space 167808K,   0% used [0x00000000c0000000, 0x00000000c0000000, 0x00000000ca3e0000)
  from space 20928K,  97% used [0x00000000cb850000, 0x00000000ccc50140, 0x00000000cccc0000)
  to   space 20928K,   0% used [0x00000000ca3e0000, 0x00000000ca3e0000, 0x00000000cb850000)
 concurrent mark-sweep generation total 838912K, used 226347K [0x00000000cccc0000, 0x0000000100000000, 0x0000000100000000)
 Metaspace       used 3934K, capacity 4536K, committed 4864K, reserved 1056768K
  class space    used 425K, capacity 428K, committed 512K, reserved 1048576K
}
2024-07-26T01:31:10.319+0800: 1.918: Total time for which application threads were stopped: 0.0095202 seconds, Stopping threads took: 0.0000246 seconds
{Heap before GC invocations=55 (full 4):
 par new generation   total 188736K, used 187673K [0x00000000c0000000, 0x00000000cccc0000, 0x00000000cccc0000)
  eden space 167808K,  99% used [0x00000000c0000000, 0x00000000ca346440, 0x00000000ca3e0000)
  from space 20928K,  97% used [0x00000000cb850000, 0x00000000ccc50140, 0x00000000cccc0000)
  to   space 20928K,   0% used [0x00000000ca3e0000, 0x00000000ca3e0000, 0x00000000cb850000)
 concurrent mark-sweep generation total 838912K, used 226347K [0x00000000cccc0000, 0x0000000100000000, 0x0000000100000000)
 Metaspace       used 3934K, capacity 4536K, committed 4864K, reserved 1056768K
  class space    used 425K, capacity 428K, committed 512K, reserved 1048576K
2024-07-26T01:31:10.333+0800: 1.933: [GC (Allocation Failure) 2024-07-26T01:31:10.333+0800: 1.933: [ParNew2024-07-26T01:31:10.337+0800: 1.936: [SoftReference, 0 refs, 0.0000344 secs]2024-07-26T01:31:10.337+0800: 1.936: [WeakReference, 0 refs, 0.0000041 secs]2024-07-26T01:31:10.337+0800: 1.936: [FinalReference, 0 refs, 0.0000041 secs]2024-07-26T01:31:10.337+0800: 1.936: [PhantomReference, 0 refs, 0.0000039 secs]2024-07-26T01:31:10.337+0800: 1.936: [JNI Weak Reference, 0.0000046 secs]
Desired survivor size 10715136 bytes, new threshold 1 (max 1)
- age   1:   16777472 bytes,   16777472 total
: 187673K->16384K(188736K), 0.0038098 secs] 414021K->242732K(1027648K), 0.0038541 secs] [Times: user=0.00 sys=0.00, real=0.00 secs] 
Heap after GC invocations=56 (full 4):
 par new generation   total 188736K, used 16384K [0x00000000c0000000, 0x00000000cccc0000, 0x00000000cccc0000)
  eden space 167808K,   0% used [0x00000000c0000000, 0x00000000c0000000, 0x00000000ca3e0000)
  from space 20928K,  78% used [0x00000000ca3e0000, 0x00000000cb3e0100, 0x00000000cb850000)
  to   space 20928K,   0% used [0x00000000cb850000, 0x00000000cb850000, 0x00000000cccc0000)
 concurrent mark-sweep generation total 838912K, used 226347K [0x00000000cccc0000, 0x0000000100000000, 0x0000000100000000)
 Metaspace       used 3934K, capacity 4536K, committed 4864K, reserved 1056768K
  class space    used 425K, capacity 428K, committed 512K, reserved 1048576K
}
2024-07-26T01:31:10.337+0800: 1.936: Total time for which application threads were stopped: 0.0039886 seconds, Stopping threads took: 0.0000401 seconds
{Heap before GC invocations=56 (full 4):
 par new generation   total 188736K, used 183577K [0x00000000c0000000, 0x00000000cccc0000, 0x00000000cccc0000)
  eden space 167808K,  99% used [0x00000000c0000000, 0x00000000ca346440, 0x00000000ca3e0000)
  from space 20928K,  78% used [0x00000000ca3e0000, 0x00000000cb3e0100, 0x00000000cb850000)
  to   space 20928K,   0% used [0x00000000cb850000, 0x00000000cb850000, 0x00000000cccc0000)
 concurrent mark-sweep generation total 838912K, used 226347K [0x00000000cccc0000, 0x0000000100000000, 0x0000000100000000)
 Metaspace       used 3934K, capacity 4536K, committed 4864K, reserved 1056768K
  class space    used 425K, capacity 428K, committed 512K, reserved 1048576K
2024-07-26T01:31:10.352+0800: 1.951: [GC (Allocation Failure) 2024-07-26T01:31:10.352+0800: 1.951: [ParNew2024-07-26T01:31:10.365+0800: 1.965: [SoftReference, 0 refs, 0.0000332 secs]2024-07-26T01:31:10.365+0800: 1.965: [WeakReference, 0 refs, 0.0000041 secs]2024-07-26T01:31:10.365+0800: 1.965: [FinalReference, 0 refs, 0.0000039 secs]2024-07-26T01:31:10.365+0800: 1.965: [PhantomReference, 0 refs, 0.0000056 secs]2024-07-26T01:31:10.365+0800: 1.965: [JNI Weak Reference, 0.0000043 secs]
Desired survivor size 10715136 bytes, new threshold 1 (max 1)
- age   1:   20971840 bytes,   20971840 total
: 183577K->20480K(188736K), 0.0134105 secs] 409925K->306223K(1027648K), 0.0134525 secs] [Times: user=0.05 sys=0.00, real=0.01 secs] 
Heap after GC invocations=57 (full 4):
 par new generation   total 188736K, used 20480K [0x00000000c0000000, 0x00000000cccc0000, 0x00000000cccc0000)
  eden space 167808K,   0% used [0x00000000c0000000, 0x00000000c0000000, 0x00000000ca3e0000)
  from space 20928K,  97% used [0x00000000cb850000, 0x00000000ccc50140, 0x00000000cccc0000)
  to   space 20928K,   0% used [0x00000000ca3e0000, 0x00000000ca3e0000, 0x00000000cb850000)
 concurrent mark-sweep generation total 838912K, used 285742K [0x00000000cccc0000, 0x0000000100000000, 0x0000000100000000)
 Metaspace       used 3934K, capacity 4536K, committed 4864K, reserved 1056768K
  class space    used 425K, capacity 428K, committed 512K, reserved 1048576K
}
2024-07-26T01:31:10.365+0800: 1.965: Total time for which application threads were stopped: 0.0135654 seconds, Stopping threads took: 0.0000236 seconds
{Heap before GC invocations=57 (full 4):
 par new generation   total 188736K, used 187673K [0x00000000c0000000, 0x00000000cccc0000, 0x00000000cccc0000)
  eden space 167808K,  99% used [0x00000000c0000000, 0x00000000ca346440, 0x00000000ca3e0000)
  from space 20928K,  97% used [0x00000000cb850000, 0x00000000ccc50140, 0x00000000cccc0000)
  to   space 20928K,   0% used [0x00000000ca3e0000, 0x00000000ca3e0000, 0x00000000cb850000)
 concurrent mark-sweep generation total 838912K, used 285742K [0x00000000cccc0000, 0x0000000100000000, 0x0000000100000000)
 Metaspace       used 3934K, capacity 4536K, committed 4864K, reserved 1056768K
  class space    used 425K, capacity 428K, committed 512K, reserved 1048576K
2024-07-26T01:31:10.380+0800: 1.980: [GC (Allocation Failure) 2024-07-26T01:31:10.380+0800: 1.980: [ParNew2024-07-26T01:31:10.388+0800: 1.988: [SoftReference, 0 refs, 0.0000335 secs]2024-07-26T01:31:10.388+0800: 1.988: [WeakReference, 0 refs, 0.0000050 secs]2024-07-26T01:31:10.388+0800: 1.988: [FinalReference, 0 refs, 0.0000044 secs]2024-07-26T01:31:10.388+0800: 1.988: [PhantomReference, 0 refs, 0.0000044 secs]2024-07-26T01:31:10.388+0800: 1.988: [JNI Weak Reference, 0.0000048 secs]
Desired survivor size 10715136 bytes, new threshold 1 (max 1)
- age   1:   20971840 bytes,   20971840 total
: 187673K->20480K(188736K), 0.0081439 secs] 473416K->325681K(1027648K), 0.0081852 secs] [Times: user=0.03 sys=0.00, real=0.01 secs] 
Heap after GC invocations=58 (full 4):
 par new generation   total 188736K, used 20480K [0x00000000c0000000, 0x00000000cccc0000, 0x00000000cccc0000)
  eden space 167808K,   0% used [0x00000000c0000000, 0x00000000c0000000, 0x00000000ca3e0000)
  from space 20928K,  97% used [0x00000000ca3e0000, 0x00000000cb7e0140, 0x00000000cb850000)
  to   space 20928K,   0% used [0x00000000cb850000, 0x00000000cb850000, 0x00000000cccc0000)
 concurrent mark-sweep generation total 838912K, used 305201K [0x00000000cccc0000, 0x0000000100000000, 0x0000000100000000)
 Metaspace       used 3934K, capacity 4536K, committed 4864K, reserved 1056768K
  class space    used 425K, capacity 428K, committed 512K, reserved 1048576K
}
2024-07-26T01:31:10.388+0800: 1.988: Total time for which application threads were stopped: 0.0082985 seconds, Stopping threads took: 0.0000215 seconds
{Heap before GC invocations=58 (full 4):
 par new generation   total 188736K, used 187673K [0x00000000c0000000, 0x00000000cccc0000, 0x00000000cccc0000)
  eden space 167808K,  99% used [0x00000000c0000000, 0x00000000ca346440, 0x00000000ca3e0000)
  from space 20928K,  97% used [0x00000000ca3e0000, 0x00000000cb7e0140, 0x00000000cb850000)
  to   space 20928K,   0% used [0x00000000cb850000, 0x00000000cb850000, 0x00000000cccc0000)
 concurrent mark-sweep generation total 838912K, used 305201K [0x00000000cccc0000, 0x0000000100000000, 0x0000000100000000)
 Metaspace       used 3934K, capacity 4536K, committed 4864K, reserved 1056768K
  class space    used 425K, capacity 428K, committed 512K, reserved 1048576K
2024-07-26T01:31:10.404+0800: 2.004: [GC (Allocation Failure) 2024-07-26T01:31:10.404+0800: 2.004: [ParNew2024-07-26T01:31:10.405+0800: 2.005: [SoftReference, 0 refs, 0.0000199 secs]2024-07-26T01:31:10.405+0800: 2.005: [WeakReference, 0 refs, 0.0000044 secs]2024-07-26T01:31:10.406+0800: 2.005: [FinalReference, 0 refs, 0.0000040 secs]2024-07-26T01:31:10.406+0800: 2.005: [PhantomReference, 0 refs, 0.0000039 secs]2024-07-26T01:31:10.406+0800: 2.005: [JNI Weak Reference, 0.0000040 secs]
Desired survivor size 10715136 bytes, new threshold 1 (max 1)
: 187673K->0K(188736K), 0.0011741 secs] 492874K->305201K(1027648K), 0.0012126 secs] [Times: user=0.00 sys=0.00, real=0.00 secs] 
Heap after GC invocations=59 (full 4):
 par new generation   total 188736K, used 0K [0x00000000c0000000, 0x00000000cccc0000, 0x00000000cccc0000)
  eden space 167808K,   0% used [0x00000000c0000000, 0x00000000c0000000, 0x00000000ca3e0000)
  from space 20928K,   0% used [0x00000000cb850000, 0x00000000cb850000, 0x00000000cccc0000)
  to   space 20928K,   0% used [0x00000000ca3e0000, 0x00000000ca3e0000, 0x00000000cb850000)
 concurrent mark-sweep generation total 838912K, used 305201K [0x00000000cccc0000, 0x0000000100000000, 0x0000000100000000)
 Metaspace       used 3934K, capacity 4536K, committed 4864K, reserved 1056768K
  class space    used 425K, capacity 428K, committed 512K, reserved 1048576K
}
2024-07-26T01:31:10.406+0800: 2.005: Total time for which application threads were stopped: 0.0013201 seconds, Stopping threads took: 0.0000229 seconds
{Heap before GC invocations=59 (full 4):
 par new generation   total 188736K, used 167193K [0x00000000c0000000, 0x00000000cccc0000, 0x00000000cccc0000)
  eden space 167808K,  99% used [0x00000000c0000000, 0x00000000ca346440, 0x00000000ca3e0000)
  from space 20928K,   0% used [0x00000000cb850000, 0x00000000cb850000, 0x00000000cccc0000)
  to   space 20928K,   0% used [0x00000000ca3e0000, 0x00000000ca3e0000, 0x00000000cb850000)
 concurrent mark-sweep generation total 838912K, used 305201K [0x00000000cccc0000, 0x0000000100000000, 0x0000000100000000)
 Metaspace       used 3934K, capacity 4536K, committed 4864K, reserved 1056768K
  class space    used 425K, capacity 428K, committed 512K, reserved 1048576K
2024-07-26T01:31:10.420+0800: 2.020: [GC (Allocation Failure) 2024-07-26T01:31:10.420+0800: 2.020: [ParNew2024-07-26T01:31:10.432+0800: 2.031: [SoftReference, 0 refs, 0.0000362 secs]2024-07-26T01:31:10.432+0800: 2.031: [WeakReference, 0 refs, 0.0000047 secs]2024-07-26T01:31:10.432+0800: 2.031: [FinalReference, 0 refs, 0.0000041 secs]2024-07-26T01:31:10.432+0800: 2.031: [PhantomReference, 0 refs, 0.0000038 secs]2024-07-26T01:31:10.432+0800: 2.031: [JNI Weak Reference, 0.0000051 secs]
Desired survivor size 10715136 bytes, new threshold 1 (max 1)
- age   1:   20971840 bytes,   20971840 total
: 167193K->20480K(188736K), 0.0114545 secs] 472394K->368690K(1027648K), 0.0114893 secs] [Times: user=0.00 sys=0.00, real=0.01 secs] 
Heap after GC invocations=60 (full 4):
 par new generation   total 188736K, used 20480K [0x00000000c0000000, 0x00000000cccc0000, 0x00000000cccc0000)
  eden space 167808K,   0% used [0x00000000c0000000, 0x00000000c0000000, 0x00000000ca3e0000)
  from space 20928K,  97% used [0x00000000ca3e0000, 0x00000000cb7e0140, 0x00000000cb850000)
  to   space 20928K,   0% used [0x00000000cb850000, 0x00000000cb850000, 0x00000000cccc0000)
 concurrent mark-sweep generation total 838912K, used 348209K [0x00000000cccc0000, 0x0000000100000000, 0x0000000100000000)
 Metaspace       used 3934K, capacity 4536K, committed 4864K, reserved 1056768K
  class space    used 425K, capacity 428K, committed 512K, reserved 1048576K
}
2024-07-26T01:31:10.432+0800: 2.031: Total time for which application threads were stopped: 0.0116025 seconds, Stopping threads took: 0.0000218 seconds
2024-07-26T01:31:10.432+0800: 2.031: [GC (CMS Initial Mark) [1 CMS-initial-mark: 348209K(838912K)] 369714K(1027648K), 0.0003316 secs] [Times: user=0.00 sys=0.00, real=0.00 secs] 
2024-07-26T01:31:10.432+0800: 2.032: Total time for which application threads were stopped: 0.0003951 seconds, Stopping threads took: 0.0000374 seconds
2024-07-26T01:31:10.433+0800: 2.032: [CMS-concurrent-mark-start]
2024-07-26T01:31:10.435+0800: 2.034: [CMS-concurrent-mark: 0.002/0.002 secs] [Times: user=0.08 sys=0.02, real=0.00 secs] 
2024-07-26T01:31:10.435+0800: 2.034: [CMS-concurrent-preclean-start]
2024-07-26T01:31:10.435+0800: 2.034: [Preclean SoftReferences, 0.0000095 secs]2024-07-26T01:31:10.435+0800: 2.034: [Preclean WeakReferences, 0.0000082 secs]2024-07-26T01:31:10.435+0800: 2.034: [Preclean FinalReferences, 0.0000068 secs]2024-07-26T01:31:10.435+0800: 2.034: [Preclean PhantomReferences, 0.0000111 secs]2024-07-26T01:31:10.436+0800: 2.035: [CMS-concurrent-preclean: 0.001/0.001 secs] [Times: user=0.00 sys=0.00, real=0.00 secs] 
2024-07-26T01:31:10.436+0800: 2.035: [CMS-concurrent-abortable-preclean-start]
{Heap before GC invocations=60 (full 5):
 par new generation   total 188736K, used 187673K [0x00000000c0000000, 0x00000000cccc0000, 0x00000000cccc0000)
  eden space 167808K,  99% used [0x00000000c0000000, 0x00000000ca346440, 0x00000000ca3e0000)
  from space 20928K,  97% used [0x00000000ca3e0000, 0x00000000cb7e0140, 0x00000000cb850000)
  to   space 20928K,   0% used [0x00000000cb850000, 0x00000000cb850000, 0x00000000cccc0000)
 concurrent mark-sweep generation total 838912K, used 348209K [0x00000000cccc0000, 0x0000000100000000, 0x0000000100000000)
 Metaspace       used 3934K, capacity 4536K, committed 4864K, reserved 1056768K
  class space    used 425K, capacity 428K, committed 512K, reserved 1048576K
2024-07-26T01:31:10.447+0800: 2.047: [GC (Allocation Failure) 2024-07-26T01:31:10.447+0800: 2.047: [ParNew2024-07-26T01:31:10.452+0800: 2.051: [SoftReference, 0 refs, 0.0000417 secs]2024-07-26T01:31:10.452+0800: 2.051: [WeakReference, 0 refs, 0.0000050 secs]2024-07-26T01:31:10.452+0800: 2.051: [FinalReference, 0 refs, 0.0000040 secs]2024-07-26T01:31:10.452+0800: 2.051: [PhantomReference, 0 refs, 0.0000037 secs]2024-07-26T01:31:10.452+0800: 2.051: [JNI Weak Reference, 0.0000058 secs]
Desired survivor size 10715136 bytes, new threshold 1 (max 1)
- age   1:   20971840 bytes,   20971840 total
: 187673K->20480K(188736K), 0.0047386 secs] 535883K->371762K(1027648K), 0.0047734 secs] [Times: user=0.08 sys=0.00, real=0.00 secs] 
Heap after GC invocations=61 (full 5):
 par new generation   total 188736K, used 20480K [0x00000000c0000000, 0x00000000cccc0000, 0x00000000cccc0000)
  eden space 167808K,   0% used [0x00000000c0000000, 0x00000000c0000000, 0x00000000ca3e0000)
  from space 20928K,  97% used [0x00000000cb850000, 0x00000000ccc50140, 0x00000000cccc0000)
  to   space 20928K,   0% used [0x00000000ca3e0000, 0x00000000ca3e0000, 0x00000000cb850000)
 concurrent mark-sweep generation total 838912K, used 351281K [0x00000000cccc0000, 0x0000000100000000, 0x0000000100000000)
 Metaspace       used 3934K, capacity 4536K, committed 4864K, reserved 1056768K
  class space    used 425K, capacity 428K, committed 512K, reserved 1048576K
}
2024-07-26T01:31:10.452+0800: 2.051: Total time for which application threads were stopped: 0.0048921 seconds, Stopping threads took: 0.0000269 seconds
{Heap before GC invocations=61 (full 5):
 par new generation   total 188736K, used 187673K [0x00000000c0000000, 0x00000000cccc0000, 0x00000000cccc0000)
  eden space 167808K,  99% used [0x00000000c0000000, 0x00000000ca346440, 0x00000000ca3e0000)
  from space 20928K,  97% used [0x00000000cb850000, 0x00000000ccc50140, 0x00000000cccc0000)
  to   space 20928K,   0% used [0x00000000ca3e0000, 0x00000000ca3e0000, 0x00000000cb850000)
 concurrent mark-sweep generation total 838912K, used 351281K [0x00000000cccc0000, 0x0000000100000000, 0x0000000100000000)
 Metaspace       used 3934K, capacity 4536K, committed 4864K, reserved 1056768K
  class space    used 425K, capacity 428K, committed 512K, reserved 1048576K
2024-07-26T01:31:10.465+0800: 2.065: [GC (Allocation Failure) 2024-07-26T01:31:10.465+0800: 2.065: [ParNew2024-07-26T01:31:10.478+0800: 2.078: [SoftReference, 0 refs, 0.0000374 secs]2024-07-26T01:31:10.478+0800: 2.078: [WeakReference, 0 refs, 0.0000044 secs]2024-07-26T01:31:10.478+0800: 2.078: [FinalReference, 0 refs, 0.0000040 secs]2024-07-26T01:31:10.478+0800: 2.078: [PhantomReference, 0 refs, 0.0000039 secs]2024-07-26T01:31:10.478+0800: 2.078: [JNI Weak Reference, 0.0000045 secs]
Desired survivor size 10715136 bytes, new threshold 1 (max 1)
- age   1:   20971840 bytes,   20971840 total
: 187673K->20480K(188736K), 0.0128796 secs] 538955K->438325K(1027648K), 0.0129222 secs] [Times: user=0.00 sys=0.00, real=0.01 secs] 
Heap after GC invocations=62 (full 5):
 par new generation   total 188736K, used 20480K [0x00000000c0000000, 0x00000000cccc0000, 0x00000000cccc0000)
  eden space 167808K,   0% used [0x00000000c0000000, 0x00000000c0000000, 0x00000000ca3e0000)
  from space 20928K,  97% used [0x00000000ca3e0000, 0x00000000cb7e0140, 0x00000000cb850000)
  to   space 20928K,   0% used [0x00000000cb850000, 0x00000000cb850000, 0x00000000cccc0000)
 concurrent mark-sweep generation total 838912K, used 417844K [0x00000000cccc0000, 0x0000000100000000, 0x0000000100000000)
 Metaspace       used 3934K, capacity 4536K, committed 4864K, reserved 1056768K
  class space    used 425K, capacity 428K, committed 512K, reserved 1048576K
}
2024-07-26T01:31:10.478+0800: 2.078: Total time for which application threads were stopped: 0.0130442 seconds, Stopping threads took: 0.0000238 seconds
{Heap before GC invocations=62 (full 5):
 par new generation   total 188736K, used 187673K [0x00000000c0000000, 0x00000000cccc0000, 0x00000000cccc0000)
  eden space 167808K,  99% used [0x00000000c0000000, 0x00000000ca346440, 0x00000000ca3e0000)
  from space 20928K,  97% used [0x00000000ca3e0000, 0x00000000cb7e0140, 0x00000000cb850000)
  to   space 20928K,   0% used [0x00000000cb850000, 0x00000000cb850000, 0x00000000cccc0000)
 concurrent mark-sweep generation total 838912K, used 417844K [0x00000000cccc0000, 0x0000000100000000, 0x0000000100000000)
 Metaspace       used 3934K, capacity 4536K, committed 4864K, reserved 1056768K
  class space    used 425K, capacity 428K, committed 512K, reserved 1048576K
2024-07-26T01:31:10.493+0800: 2.092: [GC (Allocation Failure) 2024-07-26T01:31:10.493+0800: 2.092: [ParNew2024-07-26T01:31:10.501+0800: 2.100: [SoftReference, 0 refs, 0.0000403 secs]2024-07-26T01:31:10.501+0800: 2.100: [WeakReference, 0 refs, 0.0000044 secs]2024-07-26T01:31:10.501+0800: 2.100: [FinalReference, 0 refs, 0.0000038 secs]2024-07-26T01:31:10.501+0800: 2.100: [PhantomReference, 0 refs, 0.0000036 secs]2024-07-26T01:31:10.501+0800: 2.100: [JNI Weak Reference, 0.0000043 secs]
Desired survivor size 10715136 bytes, new threshold 1 (max 1)
- age   1:   20971840 bytes,   20971840 total
: 187673K->20480K(188736K), 0.0077262 secs] 605518K->464951K(1027648K), 0.0077705 secs] [Times: user=0.06 sys=0.00, real=0.01 secs] 
Heap after GC invocations=63 (full 5):
 par new generation   total 188736K, used 20480K [0x00000000c0000000, 0x00000000cccc0000, 0x00000000cccc0000)
  eden space 167808K,   0% used [0x00000000c0000000, 0x00000000c0000000, 0x00000000ca3e0000)
  from space 20928K,  97% used [0x00000000cb850000, 0x00000000ccc50140, 0x00000000cccc0000)
  to   space 20928K,   0% used [0x00000000ca3e0000, 0x00000000ca3e0000, 0x00000000cb850000)
 concurrent mark-sweep generation total 838912K, used 444471K [0x00000000cccc0000, 0x0000000100000000, 0x0000000100000000)
 Metaspace       used 3934K, capacity 4536K, committed 4864K, reserved 1056768K
  class space    used 425K, capacity 428K, committed 512K, reserved 1048576K
}
2024-07-26T01:31:10.501+0800: 2.100: Total time for which application threads were stopped: 0.0078866 seconds, Stopping threads took: 0.0000248 seconds
{Heap before GC invocations=63 (full 5):
 par new generation   total 188736K, used 187673K [0x00000000c0000000, 0x00000000cccc0000, 0x00000000cccc0000)
  eden space 167808K,  99% used [0x00000000c0000000, 0x00000000ca346440, 0x00000000ca3e0000)
  from space 20928K,  97% used [0x00000000cb850000, 0x00000000ccc50140, 0x00000000cccc0000)
  to   space 20928K,   0% used [0x00000000ca3e0000, 0x00000000ca3e0000, 0x00000000cb850000)
 concurrent mark-sweep generation total 838912K, used 444471K [0x00000000cccc0000, 0x0000000100000000, 0x0000000100000000)
 Metaspace       used 3934K, capacity 4536K, committed 4864K, reserved 1056768K
  class space    used 425K, capacity 428K, committed 512K, reserved 1048576K
2024-07-26T01:31:10.515+0800: 2.115: [GC (Allocation Failure) 2024-07-26T01:31:10.515+0800: 2.115: [ParNew2024-07-26T01:31:10.518+0800: 2.117: [SoftReference, 0 refs, 0.0000274 secs]2024-07-26T01:31:10.518+0800: 2.117: [WeakReference, 0 refs, 0.0000076 secs]2024-07-26T01:31:10.518+0800: 2.117: [FinalReference, 0 refs, 0.0000039 secs]2024-07-26T01:31:10.518+0800: 2.117: [PhantomReference, 0 refs, 0.0000039 secs]2024-07-26T01:31:10.518+0800: 2.117: [JNI Weak Reference, 0.0000043 secs]
Desired survivor size 10715136 bytes, new threshold 1 (max 1)
- age   1:    7340144 bytes,    7340144 total
: 187673K->7168K(188736K), 0.0025986 secs] 632144K->451639K(1027648K), 0.0026314 secs] [Times: user=0.00 sys=0.00, real=0.00 secs] 
Heap after GC invocations=64 (full 5):
 par new generation   total 188736K, used 7168K [0x00000000c0000000, 0x00000000cccc0000, 0x00000000cccc0000)
  eden space 167808K,   0% used [0x00000000c0000000, 0x00000000c0000000, 0x00000000ca3e0000)
  from space 20928K,  34% used [0x00000000ca3e0000, 0x00000000caae0070, 0x00000000cb850000)
  to   space 20928K,   0% used [0x00000000cb850000, 0x00000000cb850000, 0x00000000cccc0000)
 concurrent mark-sweep generation total 838912K, used 444471K [0x00000000cccc0000, 0x0000000100000000, 0x0000000100000000)
 Metaspace       used 3934K, capacity 4536K, committed 4864K, reserved 1056768K
  class space    used 425K, capacity 428K, committed 512K, reserved 1048576K
}
2024-07-26T01:31:10.518+0800: 2.117: Total time for which application threads were stopped: 0.0027515 seconds, Stopping threads took: 0.0000326 seconds
{Heap before GC invocations=64 (full 5):
 par new generation   total 188736K, used 174361K [0x00000000c0000000, 0x00000000cccc0000, 0x00000000cccc0000)
  eden space 167808K,  99% used [0x00000000c0000000, 0x00000000ca346440, 0x00000000ca3e0000)
  from space 20928K,  34% used [0x00000000ca3e0000, 0x00000000caae0070, 0x00000000cb850000)
  to   space 20928K,   0% used [0x00000000cb850000, 0x00000000cb850000, 0x00000000cccc0000)
 concurrent mark-sweep generation total 838912K, used 444471K [0x00000000cccc0000, 0x0000000100000000, 0x0000000100000000)
 Metaspace       used 3934K, capacity 4536K, committed 4864K, reserved 1056768K
  class space    used 425K, capacity 428K, committed 512K, reserved 1048576K
2024-07-26T01:31:10.532+0800: 2.132: [GC (Allocation Failure) 2024-07-26T01:31:10.532+0800: 2.132: [ParNew2024-07-26T01:31:10.543+0800: 2.143: [SoftReference, 0 refs, 0.0000594 secs]2024-07-26T01:31:10.543+0800: 2.143: [WeakReference, 0 refs, 0.0000146 secs]2024-07-26T01:31:10.543+0800: 2.143: [FinalReference, 0 refs, 0.0000081 secs]2024-07-26T01:31:10.543+0800: 2.143: [PhantomReference, 0 refs, 0.0000077 secs]2024-07-26T01:31:10.543+0800: 2.143: [JNI Weak Reference, 0.0000074 secs]
Desired survivor size 10715136 bytes, new threshold 1 (max 1)
- age   1:   20971840 bytes,   20971840 total
: 174361K->20480K(188736K), 0.0112419 secs] 618832K->515128K(1027648K), 0.0112876 secs] [Times: user=0.02 sys=0.00, real=0.01 secs] 
Heap after GC invocations=65 (full 5):
 par new generation   total 188736K, used 20480K [0x00000000c0000000, 0x00000000cccc0000, 0x00000000cccc0000)
  eden space 167808K,   0% used [0x00000000c0000000, 0x00000000c0000000, 0x00000000ca3e0000)
  from space 20928K,  97% used [0x00000000cb850000, 0x00000000ccc50140, 0x00000000cccc0000)
  to   space 20928K,   0% used [0x00000000ca3e0000, 0x00000000ca3e0000, 0x00000000cb850000)
 concurrent mark-sweep generation total 838912K, used 494648K [0x00000000cccc0000, 0x0000000100000000, 0x0000000100000000)
 Metaspace       used 3934K, capacity 4536K, committed 4864K, reserved 1056768K
  class space    used 425K, capacity 428K, committed 512K, reserved 1048576K
}
2024-07-26T01:31:10.543+0800: 2.143: Total time for which application threads were stopped: 0.0114292 seconds, Stopping threads took: 0.0000235 seconds
{Heap before GC invocations=65 (full 5):
 par new generation   total 188736K, used 187673K [0x00000000c0000000, 0x00000000cccc0000, 0x00000000cccc0000)
  eden space 167808K,  99% used [0x00000000c0000000, 0x00000000ca346440, 0x00000000ca3e0000)
  from space 20928K,  97% used [0x00000000cb850000, 0x00000000ccc50140, 0x00000000cccc0000)
  to   space 20928K,   0% used [0x00000000ca3e0000, 0x00000000ca3e0000, 0x00000000cb850000)
 concurrent mark-sweep generation total 838912K, used 494648K [0x00000000cccc0000, 0x0000000100000000, 0x0000000100000000)
 Metaspace       used 3934K, capacity 4536K, committed 4864K, reserved 1056768K
  class space    used 425K, capacity 428K, committed 512K, reserved 1048576K
2024-07-26T01:31:10.559+0800: 2.159: [GC (Allocation Failure) 2024-07-26T01:31:10.559+0800: 2.159: [ParNew2024-07-26T01:31:10.565+0800: 2.165: [SoftReference, 0 refs, 0.0000337 secs]2024-07-26T01:31:10.565+0800: 2.165: [WeakReference, 0 refs, 0.0000045 secs]2024-07-26T01:31:10.565+0800: 2.165: [FinalReference, 0 refs, 0.0000039 secs]2024-07-26T01:31:10.565+0800: 2.165: [PhantomReference, 0 refs, 0.0000039 secs]2024-07-26T01:31:10.565+0800: 2.165: [JNI Weak Reference, 0.0000043 secs]
Desired survivor size 10715136 bytes, new threshold 1 (max 1)
- age   1:   20971840 bytes,   20971840 total
: 187673K->20480K(188736K), 0.0063600 secs] 682321K->525368K(1027648K), 0.0064198 secs] [Times: user=0.00 sys=0.00, real=0.01 secs] 
Heap after GC invocations=66 (full 5):
 par new generation   total 188736K, used 20480K [0x00000000c0000000, 0x00000000cccc0000, 0x00000000cccc0000)
  eden space 167808K,   0% used [0x00000000c0000000, 0x00000000c0000000, 0x00000000ca3e0000)
  from space 20928K,  97% used [0x00000000ca3e0000, 0x00000000cb7e0140, 0x00000000cb850000)
  to   space 20928K,   0% used [0x00000000cb850000, 0x00000000cb850000, 0x00000000cccc0000)
 concurrent mark-sweep generation total 838912K, used 504888K [0x00000000cccc0000, 0x0000000100000000, 0x0000000100000000)
 Metaspace       used 3934K, capacity 4536K, committed 4864K, reserved 1056768K
  class space    used 425K, capacity 428K, committed 512K, reserved 1048576K
}
2024-07-26T01:31:10.565+0800: 2.165: Total time for which application threads were stopped: 0.0066270 seconds, Stopping threads took: 0.0000787 seconds
{Heap before GC invocations=66 (full 5):
 par new generation   total 188736K, used 187673K [0x00000000c0000000, 0x00000000cccc0000, 0x00000000cccc0000)
  eden space 167808K,  99% used [0x00000000c0000000, 0x00000000ca346440, 0x00000000ca3e0000)
  from space 20928K,  97% used [0x00000000ca3e0000, 0x00000000cb7e0140, 0x00000000cb850000)
  to   space 20928K,   0% used [0x00000000cb850000, 0x00000000cb850000, 0x00000000cccc0000)
 concurrent mark-sweep generation total 838912K, used 504888K [0x00000000cccc0000, 0x0000000100000000, 0x0000000100000000)
 Metaspace       used 3934K, capacity 4536K, committed 4864K, reserved 1056768K
  class space    used 425K, capacity 428K, committed 512K, reserved 1048576K
2024-07-26T01:31:10.581+0800: 2.181: [GC (Allocation Failure) 2024-07-26T01:31:10.581+0800: 2.181: [ParNew2024-07-26T01:31:10.596+0800: 2.196: [SoftReference, 0 refs, 0.0000329 secs]2024-07-26T01:31:10.596+0800: 2.196: [WeakReference, 0 refs, 0.0000046 secs]2024-07-26T01:31:10.596+0800: 2.196: [FinalReference, 0 refs, 0.0000044 secs]2024-07-26T01:31:10.596+0800: 2.196: [PhantomReference, 0 refs, 0.0000041 secs]2024-07-26T01:31:10.596+0800: 2.196: [JNI Weak Reference, 0.0000046 secs]
Desired survivor size 10715136 bytes, new threshold 1 (max 1)
- age   1:   20971840 bytes,   20971840 total
: 187673K->20480K(188736K), 0.0148130 secs] 692561K->599099K(1027648K), 0.0148496 secs] [Times: user=0.08 sys=0.00, real=0.01 secs] 
Heap after GC invocations=67 (full 5):
 par new generation   total 188736K, used 20480K [0x00000000c0000000, 0x00000000cccc0000, 0x00000000cccc0000)
  eden space 167808K,   0% used [0x00000000c0000000, 0x00000000c0000000, 0x00000000ca3e0000)
  from space 20928K,  97% used [0x00000000cb850000, 0x00000000ccc50140, 0x00000000cccc0000)
  to   space 20928K,   0% used [0x00000000ca3e0000, 0x00000000ca3e0000, 0x00000000cb850000)
 concurrent mark-sweep generation total 838912K, used 578619K [0x00000000cccc0000, 0x0000000100000000, 0x0000000100000000)
 Metaspace       used 3934K, capacity 4536K, committed 4864K, reserved 1056768K
  class space    used 425K, capacity 428K, committed 512K, reserved 1048576K
}
2024-07-26T01:31:10.596+0800: 2.196: Total time for which application threads were stopped: 0.0149640 seconds, Stopping threads took: 0.0000243 seconds
{Heap before GC invocations=67 (full 5):
 par new generation   total 188736K, used 187673K [0x00000000c0000000, 0x00000000cccc0000, 0x00000000cccc0000)
  eden space 167808K,  99% used [0x00000000c0000000, 0x00000000ca346440, 0x00000000ca3e0000)
  from space 20928K,  97% used [0x00000000cb850000, 0x00000000ccc50140, 0x00000000cccc0000)
  to   space 20928K,   0% used [0x00000000ca3e0000, 0x00000000ca3e0000, 0x00000000cb850000)
 concurrent mark-sweep generation total 838912K, used 578619K [0x00000000cccc0000, 0x0000000100000000, 0x0000000100000000)
 Metaspace       used 3934K, capacity 4536K, committed 4864K, reserved 1056768K
  class space    used 425K, capacity 428K, committed 512K, reserved 1048576K
2024-07-26T01:31:10.610+0800: 2.210: [GC (Allocation Failure) 2024-07-26T01:31:10.610+0800: 2.210: [ParNew2024-07-26T01:31:10.619+0800: 2.219: [SoftReference, 0 refs, 0.0000335 secs]2024-07-26T01:31:10.619+0800: 2.219: [WeakReference, 0 refs, 0.0000044 secs]2024-07-26T01:31:10.619+0800: 2.219: [FinalReference, 0 refs, 0.0000041 secs]2024-07-26T01:31:10.619+0800: 2.219: [PhantomReference, 0 refs, 0.0000038 secs]2024-07-26T01:31:10.619+0800: 2.219: [JNI Weak Reference, 0.0000044 secs]
Desired survivor size 10715136 bytes, new threshold 1 (max 1)
- age   1:   20971840 bytes,   20971840 total
: 187673K->20480K(188736K), 0.0087880 secs] 766292K->632892K(1027648K), 0.0088256 secs] [Times: user=0.00 sys=0.00, real=0.01 secs] 
Heap after GC invocations=68 (full 5):
 par new generation   total 188736K, used 20480K [0x00000000c0000000, 0x00000000cccc0000, 0x00000000cccc0000)
  eden space 167808K,   0% used [0x00000000c0000000, 0x00000000c0000000, 0x00000000ca3e0000)
  from space 20928K,  97% used [0x00000000ca3e0000, 0x00000000cb7e0140, 0x00000000cb850000)
  to   space 20928K,   0% used [0x00000000cb850000, 0x00000000cb850000, 0x00000000cccc0000)
 concurrent mark-sweep generation total 838912K, used 612411K [0x00000000cccc0000, 0x0000000100000000, 0x0000000100000000)
 Metaspace       used 3934K, capacity 4536K, committed 4864K, reserved 1056768K
  class space    used 425K, capacity 428K, committed 512K, reserved 1048576K
}
2024-07-26T01:31:10.619+0800: 2.219: Total time for which application threads were stopped: 0.0089359 seconds, Stopping threads took: 0.0000197 seconds
{Heap before GC invocations=68 (full 5):
 par new generation   total 188736K, used 187673K [0x00000000c0000000, 0x00000000cccc0000, 0x00000000cccc0000)
  eden space 167808K,  99% used [0x00000000c0000000, 0x00000000ca346440, 0x00000000ca3e0000)
  from space 20928K,  97% used [0x00000000ca3e0000, 0x00000000cb7e0140, 0x00000000cb850000)
  to   space 20928K,   0% used [0x00000000cb850000, 0x00000000cb850000, 0x00000000cccc0000)
 concurrent mark-sweep generation total 838912K, used 612411K [0x00000000cccc0000, 0x0000000100000000, 0x0000000100000000)
 Metaspace       used 3934K, capacity 4536K, committed 4864K, reserved 1056768K
  class space    used 425K, capacity 428K, committed 512K, reserved 1048576K
2024-07-26T01:31:10.634+0800: 2.233: [GC (Allocation Failure) 2024-07-26T01:31:10.634+0800: 2.233: [ParNew2024-07-26T01:31:10.637+0800: 2.236: [SoftReference, 0 refs, 0.0000921 secs]2024-07-26T01:31:10.637+0800: 2.237: [WeakReference, 0 refs, 0.0000089 secs]2024-07-26T01:31:10.637+0800: 2.237: [FinalReference, 0 refs, 0.0000082 secs]2024-07-26T01:31:10.637+0800: 2.237: [PhantomReference, 0 refs, 0.0000079 secs]2024-07-26T01:31:10.637+0800: 2.237: [JNI Weak Reference, 0.0000074 secs]
Desired survivor size 10715136 bytes, new threshold 1 (max 1)
- age   1:   14680288 bytes,   14680288 total
: 187673K->14336K(188736K), 0.0033215 secs] 800085K->626748K(1027648K), 0.0033711 secs] [Times: user=0.00 sys=0.00, real=0.00 secs] 
Heap after GC invocations=69 (full 5):
 par new generation   total 188736K, used 14336K [0x00000000c0000000, 0x00000000cccc0000, 0x00000000cccc0000)
  eden space 167808K,   0% used [0x00000000c0000000, 0x00000000c0000000, 0x00000000ca3e0000)
  from space 20928K,  68% used [0x00000000cb850000, 0x00000000cc6500e0, 0x00000000cccc0000)
  to   space 20928K,   0% used [0x00000000ca3e0000, 0x00000000ca3e0000, 0x00000000cb850000)
 concurrent mark-sweep generation total 838912K, used 612411K [0x00000000cccc0000, 0x0000000100000000, 0x0000000100000000)
 Metaspace       used 3934K, capacity 4536K, committed 4864K, reserved 1056768K
  class space    used 425K, capacity 428K, committed 512K, reserved 1048576K
}
2024-07-26T01:31:10.637+0800: 2.237: Total time for which application threads were stopped: 0.0035250 seconds, Stopping threads took: 0.0000257 seconds
{Heap before GC invocations=69 (full 5):
 par new generation   total 188736K, used 181529K [0x00000000c0000000, 0x00000000cccc0000, 0x00000000cccc0000)
  eden space 167808K,  99% used [0x00000000c0000000, 0x00000000ca346440, 0x00000000ca3e0000)
  from space 20928K,  68% used [0x00000000cb850000, 0x00000000cc6500e0, 0x00000000cccc0000)
  to   space 20928K,   0% used [0x00000000ca3e0000, 0x00000000ca3e0000, 0x00000000cb850000)
 concurrent mark-sweep generation total 838912K, used 612411K [0x00000000cccc0000, 0x0000000100000000, 0x0000000100000000)
 Metaspace       used 3934K, capacity 4536K, committed 4864K, reserved 1056768K
  class space    used 425K, capacity 428K, committed 512K, reserved 1048576K
2024-07-26T01:31:10.652+0800: 2.252: [GC (Allocation Failure) 2024-07-26T01:31:10.652+0800: 2.252: [ParNew2024-07-26T01:31:10.666+0800: 2.266: [SoftReference, 0 refs, 0.0000392 secs]2024-07-26T01:31:10.666+0800: 2.266: [WeakReference, 0 refs, 0.0000045 secs]2024-07-26T01:31:10.666+0800: 2.266: [FinalReference, 0 refs, 0.0000038 secs]2024-07-26T01:31:10.666+0800: 2.266: [PhantomReference, 0 refs, 0.0000037 secs]2024-07-26T01:31:10.666+0800: 2.266: [JNI Weak Reference, 0.0000046 secs]
Desired survivor size 10715136 bytes, new threshold 1 (max 1)
- age   1:   20971840 bytes,   20971840 total
: 181529K->20480K(188736K), 0.0138360 secs] 793941K->690237K(1027648K), 0.0138797 secs] [Times: user=0.13 sys=0.00, real=0.01 secs] 
Heap after GC invocations=70 (full 5):
 par new generation   total 188736K, used 20480K [0x00000000c0000000, 0x00000000cccc0000, 0x00000000cccc0000)
  eden space 167808K,   0% used [0x00000000c0000000, 0x00000000c0000000, 0x00000000ca3e0000)
  from space 20928K,  97% used [0x00000000ca3e0000, 0x00000000cb7e0140, 0x00000000cb850000)
  to   space 20928K,   0% used [0x00000000cb850000, 0x00000000cb850000, 0x00000000cccc0000)
 concurrent mark-sweep generation total 838912K, used 669756K [0x00000000cccc0000, 0x0000000100000000, 0x0000000100000000)
 Metaspace       used 3934K, capacity 4536K, committed 4864K, reserved 1056768K
  class space    used 425K, capacity 428K, committed 512K, reserved 1048576K
}
2024-07-26T01:31:10.667+0800: 2.266: Total time for which application threads were stopped: 0.0140061 seconds, Stopping threads took: 0.0000254 seconds
{Heap before GC invocations=70 (full 5):
 par new generation   total 188736K, used 187673K [0x00000000c0000000, 0x00000000cccc0000, 0x00000000cccc0000)
  eden space 167808K,  99% used [0x00000000c0000000, 0x00000000ca346440, 0x00000000ca3e0000)
  from space 20928K,  97% used [0x00000000ca3e0000, 0x00000000cb7e0140, 0x00000000cb850000)
  to   space 20928K,   0% used [0x00000000cb850000, 0x00000000cb850000, 0x00000000cccc0000)
 concurrent mark-sweep generation total 838912K, used 669756K [0x00000000cccc0000, 0x0000000100000000, 0x0000000100000000)
 Metaspace       used 3934K, capacity 4536K, committed 4864K, reserved 1056768K
  class space    used 425K, capacity 428K, committed 512K, reserved 1048576K
2024-07-26T01:31:10.681+0800: 2.280: [GC (Allocation Failure) 2024-07-26T01:31:10.681+0800: 2.280: [ParNew2024-07-26T01:31:10.688+0800: 2.287: [SoftReference, 0 refs, 0.0000315 secs]2024-07-26T01:31:10.688+0800: 2.287: [WeakReference, 0 refs, 0.0000045 secs]2024-07-26T01:31:10.688+0800: 2.287: [FinalReference, 0 refs, 0.0000041 secs]2024-07-26T01:31:10.688+0800: 2.287: [PhantomReference, 0 refs, 0.0000067 secs]2024-07-26T01:31:10.688+0800: 2.287: [JNI Weak Reference, 0.0000041 secs]
Desired survivor size 10715136 bytes, new threshold 1 (max 1)
- age   1:   20971840 bytes,   20971840 total
: 187673K->20480K(188736K), 0.0070909 secs] 857430K->707647K(1027648K), 0.0071321 secs] [Times: user=0.06 sys=0.00, real=0.01 secs] 
Heap after GC invocations=71 (full 5):
 par new generation   total 188736K, used 20480K [0x00000000c0000000, 0x00000000cccc0000, 0x00000000cccc0000)
  eden space 167808K,   0% used [0x00000000c0000000, 0x00000000c0000000, 0x00000000ca3e0000)
  from space 20928K,  97% used [0x00000000cb850000, 0x00000000ccc50140, 0x00000000cccc0000)
  to   space 20928K,   0% used [0x00000000ca3e0000, 0x00000000ca3e0000, 0x00000000cb850000)
 concurrent mark-sweep generation total 838912K, used 687167K [0x00000000cccc0000, 0x0000000100000000, 0x0000000100000000)
 Metaspace       used 3934K, capacity 4536K, committed 4864K, reserved 1056768K
  class space    used 425K, capacity 428K, committed 512K, reserved 1048576K
}
2024-07-26T01:31:10.688+0800: 2.287: Total time for which application threads were stopped: 0.0072570 seconds, Stopping threads took: 0.0000276 seconds
{Heap before GC invocations=71 (full 5):
 par new generation   total 188736K, used 187673K [0x00000000c0000000, 0x00000000cccc0000, 0x00000000cccc0000)
  eden space 167808K,  99% used [0x00000000c0000000, 0x00000000ca346440, 0x00000000ca3e0000)
  from space 20928K,  97% used [0x00000000cb850000, 0x00000000ccc50140, 0x00000000cccc0000)
  to   space 20928K,   0% used [0x00000000ca3e0000, 0x00000000ca3e0000, 0x00000000cb850000)
 concurrent mark-sweep generation total 838912K, used 687167K [0x00000000cccc0000, 0x0000000100000000, 0x0000000100000000)
 Metaspace       used 3934K, capacity 4536K, committed 4864K, reserved 1056768K
  class space    used 425K, capacity 428K, committed 512K, reserved 1048576K
2024-07-26T01:31:10.702+0800: 2.301: [GC (Allocation Failure) 2024-07-26T01:31:10.702+0800: 2.301: [ParNew2024-07-26T01:31:10.716+0800: 2.316: [SoftReference, 0 refs, 0.0000336 secs]2024-07-26T01:31:10.716+0800: 2.316: [WeakReference, 0 refs, 0.0000046 secs]2024-07-26T01:31:10.716+0800: 2.316: [FinalReference, 0 refs, 0.0000040 secs]2024-07-26T01:31:10.716+0800: 2.316: [PhantomReference, 0 refs, 0.0000040 secs]2024-07-26T01:31:10.716+0800: 2.316: [JNI Weak Reference, 0.0000043 secs]
Desired survivor size 10715136 bytes, new threshold 1 (max 1)
- age   1:   20971840 bytes,   20971840 total
: 187673K->20480K(188736K), 0.0150020 secs] 874840K->788544K(1027648K), 0.0150437 secs] [Times: user=0.01 sys=0.00, real=0.01 secs] 
Heap after GC invocations=72 (full 5):
 par new generation   total 188736K, used 20480K [0x00000000c0000000, 0x00000000cccc0000, 0x00000000cccc0000)
  eden space 167808K,   0% used [0x00000000c0000000, 0x00000000c0000000, 0x00000000ca3e0000)
  from space 20928K,  97% used [0x00000000ca3e0000, 0x00000000cb7e0140, 0x00000000cb850000)
  to   space 20928K,   0% used [0x00000000cb850000, 0x00000000cb850000, 0x00000000cccc0000)
 concurrent mark-sweep generation total 838912K, used 768064K [0x00000000cccc0000, 0x0000000100000000, 0x0000000100000000)
 Metaspace       used 3934K, capacity 4536K, committed 4864K, reserved 1056768K
  class space    used 425K, capacity 428K, committed 512K, reserved 1048576K
}
2024-07-26T01:31:10.716+0800: 2.316: Total time for which application threads were stopped: 0.0151546 seconds, Stopping threads took: 0.0000228 seconds
{Heap before GC invocations=72 (full 5):
 par new generation   total 188736K, used 187673K [0x00000000c0000000, 0x00000000cccc0000, 0x00000000cccc0000)
  eden space 167808K,  99% used [0x00000000c0000000, 0x00000000ca346440, 0x00000000ca3e0000)
  from space 20928K,  97% used [0x00000000ca3e0000, 0x00000000cb7e0140, 0x00000000cb850000)
  to   space 20928K,   0% used [0x00000000cb850000, 0x00000000cb850000, 0x00000000cccc0000)
 concurrent mark-sweep generation total 838912K, used 768064K [0x00000000cccc0000, 0x0000000100000000, 0x0000000100000000)
 Metaspace       used 3934K, capacity 4536K, committed 4864K, reserved 1056768K
  class space    used 425K, capacity 428K, committed 512K, reserved 1048576K
2024-07-26T01:31:10.730+0800: 2.330: [GC (Allocation Failure) 2024-07-26T01:31:10.730+0800: 2.330: [ParNew: 187673K->187673K(188736K), 0.0000188 secs]2024-07-26T01:31:10.730+0800: 2.330: [CMS2024-07-26T01:31:10.730+0800: 2.330: [CMS-concurrent-abortable-preclean: 0.009/0.295 secs] [Times: user=0.50 sys=0.00, real=0.29 secs] 
 (concurrent mode failure)2024-07-26T01:31:10.731+0800: 2.331: [SoftReference, 0 refs, 0.0000144 secs]2024-07-26T01:31:10.731+0800: 2.331: [WeakReference, 2 refs, 0.0000047 secs]2024-07-26T01:31:10.731+0800: 2.331: [FinalReference, 2 refs, 0.0000038 secs]2024-07-26T01:31:10.731+0800: 2.331: [PhantomReference, 0 refs, 0.0000037 secs]2024-07-26T01:31:10.731+0800: 2.331: [JNI Weak Reference, 0.0000042 secs]: 768064K->62497K(838912K), 0.0106005 secs] 955737K->62497K(1027648K), [Metaspace: 3934K->3934K(1056768K)], 0.0106884 secs] [Times: user=0.00 sys=0.00, real=0.01 secs] 
Heap after GC invocations=73 (full 6):
 par new generation   total 188736K, used 0K [0x00000000c0000000, 0x00000000cccc0000, 0x00000000cccc0000)
  eden space 167808K,   0% used [0x00000000c0000000, 0x00000000c0000000, 0x00000000ca3e0000)
  from space 20928K,   0% used [0x00000000ca3e0000, 0x00000000ca3e0000, 0x00000000cb850000)
  to   space 20928K,   0% used [0x00000000cb850000, 0x00000000cb850000, 0x00000000cccc0000)
 concurrent mark-sweep generation total 838912K, used 62497K [0x00000000cccc0000, 0x0000000100000000, 0x0000000100000000)
 Metaspace       used 3934K, capacity 4536K, committed 4864K, reserved 1056768K
  class space    used 425K, capacity 428K, committed 512K, reserved 1048576K
}
2024-07-26T01:31:10.741+0800: 2.341: Total time for which application threads were stopped: 0.0108269 seconds, Stopping threads took: 0.0000335 seconds
{Heap before GC invocations=73 (full 6):
 par new generation   total 188736K, used 167193K [0x00000000c0000000, 0x00000000cccc0000, 0x00000000cccc0000)
  eden space 167808K,  99% used [0x00000000c0000000, 0x00000000ca346440, 0x00000000ca3e0000)
  from space 20928K,   0% used [0x00000000ca3e0000, 0x00000000ca3e0000, 0x00000000cb850000)
  to   space 20928K,   0% used [0x00000000cb850000, 0x00000000cb850000, 0x00000000cccc0000)
 concurrent mark-sweep generation total 838912K, used 62497K [0x00000000cccc0000, 0x0000000100000000, 0x0000000100000000)
 Metaspace       used 3934K, capacity 4536K, committed 4864K, reserved 1056768K
  class space    used 425K, capacity 428K, committed 512K, reserved 1048576K
2024-07-26T01:31:10.755+0800: 2.355: [GC (Allocation Failure) 2024-07-26T01:31:10.755+0800: 2.355: [ParNew2024-07-26T01:31:10.759+0800: 2.359: [SoftReference, 0 refs, 0.0000323 secs]2024-07-26T01:31:10.759+0800: 2.359: [WeakReference, 0 refs, 0.0000058 secs]2024-07-26T01:31:10.759+0800: 2.359: [FinalReference, 0 refs, 0.0000051 secs]2024-07-26T01:31:10.759+0800: 2.359: [PhantomReference, 0 refs, 0.0000048 secs]2024-07-26T01:31:10.759+0800: 2.359: [JNI Weak Reference, 0.0000055 secs]
Desired survivor size 10715136 bytes, new threshold 1 (max 1)
- age   1:   20971840 bytes,   20971840 total
: 167193K->20480K(188736K), 0.0037606 secs] 229690K->84003K(1027648K), 0.0037995 secs] [Times: user=0.00 sys=0.00, real=0.00 secs] 
Heap after GC invocations=74 (full 6):
 par new generation   total 188736K, used 20480K [0x00000000c0000000, 0x00000000cccc0000, 0x00000000cccc0000)
  eden space 167808K,   0% used [0x00000000c0000000, 0x00000000c0000000, 0x00000000ca3e0000)
  from space 20928K,  97% used [0x00000000cb850000, 0x00000000ccc50140, 0x00000000cccc0000)
  to   space 20928K,   0% used [0x00000000ca3e0000, 0x00000000ca3e0000, 0x00000000cb850000)
 concurrent mark-sweep generation total 838912K, used 63523K [0x00000000cccc0000, 0x0000000100000000, 0x0000000100000000)
 Metaspace       used 3934K, capacity 4536K, committed 4864K, reserved 1056768K
  class space    used 425K, capacity 428K, committed 512K, reserved 1048576K
}
2024-07-26T01:31:10.759+0800: 2.359: Total time for which application threads were stopped: 0.0039211 seconds, Stopping threads took: 0.0000224 seconds
{Heap before GC invocations=74 (full 6):
 par new generation   total 188736K, used 187673K [0x00000000c0000000, 0x00000000cccc0000, 0x00000000cccc0000)
  eden space 167808K,  99% used [0x00000000c0000000, 0x00000000ca346440, 0x00000000ca3e0000)
  from space 20928K,  97% used [0x00000000cb850000, 0x00000000ccc50140, 0x00000000cccc0000)
  to   space 20928K,   0% used [0x00000000ca3e0000, 0x00000000ca3e0000, 0x00000000cb850000)
 concurrent mark-sweep generation total 838912K, used 63523K [0x00000000cccc0000, 0x0000000100000000, 0x0000000100000000)
 Metaspace       used 3934K, capacity 4536K, committed 4864K, reserved 1056768K
  class space    used 425K, capacity 428K, committed 512K, reserved 1048576K
2024-07-26T01:31:10.775+0800: 2.374: [GC (Allocation Failure) 2024-07-26T01:31:10.775+0800: 2.374: [ParNew2024-07-26T01:31:10.788+0800: 2.387: [SoftReference, 0 refs, 0.0000358 secs]2024-07-26T01:31:10.788+0800: 2.388: [WeakReference, 0 refs, 0.0000909 secs]2024-07-26T01:31:10.788+0800: 2.388: [FinalReference, 0 refs, 0.0000038 secs]2024-07-26T01:31:10.788+0800: 2.388: [PhantomReference, 0 refs, 0.0000037 secs]2024-07-26T01:31:10.788+0800: 2.388: [JNI Weak Reference, 0.0000041 secs]
Desired survivor size 10715136 bytes, new threshold 1 (max 1)
- age   1:   20971840 bytes,   20971840 total
: 187673K->20480K(188736K), 0.0134428 secs] 251196K->148518K(1027648K), 0.0134821 secs] [Times: user=0.06 sys=0.00, real=0.01 secs] 
Heap after GC invocations=75 (full 6):
 par new generation   total 188736K, used 20480K [0x00000000c0000000, 0x00000000cccc0000, 0x00000000cccc0000)
  eden space 167808K,   0% used [0x00000000c0000000, 0x00000000c0000000, 0x00000000ca3e0000)
  from space 20928K,  97% used [0x00000000ca3e0000, 0x00000000cb7e0140, 0x00000000cb850000)
  to   space 20928K,   0% used [0x00000000cb850000, 0x00000000cb850000, 0x00000000cccc0000)
 concurrent mark-sweep generation total 838912K, used 128038K [0x00000000cccc0000, 0x0000000100000000, 0x0000000100000000)
 Metaspace       used 3934K, capacity 4536K, committed 4864K, reserved 1056768K
  class space    used 425K, capacity 428K, committed 512K, reserved 1048576K
}
2024-07-26T01:31:10.788+0800: 2.388: Total time for which application threads were stopped: 0.0135941 seconds, Stopping threads took: 0.0000202 seconds
{Heap before GC invocations=75 (full 6):
 par new generation   total 188736K, used 187673K [0x00000000c0000000, 0x00000000cccc0000, 0x00000000cccc0000)
  eden space 167808K,  99% used [0x00000000c0000000, 0x00000000ca346440, 0x00000000ca3e0000)
  from space 20928K,  97% used [0x00000000ca3e0000, 0x00000000cb7e0140, 0x00000000cb850000)
  to   space 20928K,   0% used [0x00000000cb850000, 0x00000000cb850000, 0x00000000cccc0000)
 concurrent mark-sweep generation total 838912K, used 128038K [0x00000000cccc0000, 0x0000000100000000, 0x0000000100000000)
 Metaspace       used 3934K, capacity 4536K, committed 4864K, reserved 1056768K
  class space    used 425K, capacity 428K, committed 512K, reserved 1048576K
2024-07-26T01:31:10.802+0800: 2.402: [GC (Allocation Failure) 2024-07-26T01:31:10.802+0800: 2.402: [ParNew2024-07-26T01:31:10.810+0800: 2.409: [SoftReference, 0 refs, 0.0000374 secs]2024-07-26T01:31:10.810+0800: 2.409: [WeakReference, 0 refs, 0.0000047 secs]2024-07-26T01:31:10.810+0800: 2.409: [FinalReference, 0 refs, 0.0000040 secs]2024-07-26T01:31:10.810+0800: 2.409: [PhantomReference, 0 refs, 0.0000038 secs]2024-07-26T01:31:10.810+0800: 2.409: [JNI Weak Reference, 0.0000042 secs]
Desired survivor size 10715136 bytes, new threshold 1 (max 1)
- age   1:   20971840 bytes,   20971840 total
: 187673K->20480K(188736K), 0.0072426 secs] 315711K->173096K(1027648K), 0.0072924 secs] [Times: user=0.02 sys=0.00, real=0.01 secs] 
Heap after GC invocations=76 (full 6):
 par new generation   total 188736K, used 20480K [0x00000000c0000000, 0x00000000cccc0000, 0x00000000cccc0000)
  eden space 167808K,   0% used [0x00000000c0000000, 0x00000000c0000000, 0x00000000ca3e0000)
  from space 20928K,  97% used [0x00000000cb850000, 0x00000000ccc50140, 0x00000000cccc0000)
  to   space 20928K,   0% used [0x00000000ca3e0000, 0x00000000ca3e0000, 0x00000000cb850000)
 concurrent mark-sweep generation total 838912K, used 152616K [0x00000000cccc0000, 0x0000000100000000, 0x0000000100000000)
 Metaspace       used 3934K, capacity 4536K, committed 4864K, reserved 1056768K
  class space    used 425K, capacity 428K, committed 512K, reserved 1048576K
}
2024-07-26T01:31:10.810+0800: 2.409: Total time for which application threads were stopped: 0.0074132 seconds, Stopping threads took: 0.0000253 seconds
{Heap before GC invocations=76 (full 6):
 par new generation   total 188736K, used 187673K [0x00000000c0000000, 0x00000000cccc0000, 0x00000000cccc0000)
  eden space 167808K,  99% used [0x00000000c0000000, 0x00000000ca346440, 0x00000000ca3e0000)
  from space 20928K,  97% used [0x00000000cb850000, 0x00000000ccc50140, 0x00000000cccc0000)
  to   space 20928K,   0% used [0x00000000ca3e0000, 0x00000000ca3e0000, 0x00000000cb850000)
 concurrent mark-sweep generation total 838912K, used 152616K [0x00000000cccc0000, 0x0000000100000000, 0x0000000100000000)
 Metaspace       used 3934K, capacity 4536K, committed 4864K, reserved 1056768K
  class space    used 425K, capacity 428K, committed 512K, reserved 1048576K
2024-07-26T01:31:10.824+0800: 2.423: [GC (Allocation Failure) 2024-07-26T01:31:10.824+0800: 2.423: [ParNew2024-07-26T01:31:10.825+0800: 2.425: [SoftReference, 0 refs, 0.0000519 secs]2024-07-26T01:31:10.825+0800: 2.425: [WeakReference, 0 refs, 0.0000083 secs]2024-07-26T01:31:10.825+0800: 2.425: [FinalReference, 0 refs, 0.0000074 secs]2024-07-26T01:31:10.825+0800: 2.425: [PhantomReference, 0 refs, 0.0000070 secs]2024-07-26T01:31:10.825+0800: 2.425: [JNI Weak Reference, 0.0000070 secs]
Desired survivor size 10715136 bytes, new threshold 1 (max 1)
- age   1:    5242960 bytes,    5242960 total
: 187673K->5120K(188736K), 0.0016457 secs] 340290K->157736K(1027648K), 0.0016931 secs] [Times: user=0.01 sys=0.00, real=0.00 secs] 
Heap after GC invocations=77 (full 6):
 par new generation   total 188736K, used 5120K [0x00000000c0000000, 0x00000000cccc0000, 0x00000000cccc0000)
  eden space 167808K,   0% used [0x00000000c0000000, 0x00000000c0000000, 0x00000000ca3e0000)
  from space 20928K,  24% used [0x00000000ca3e0000, 0x00000000ca8e0050, 0x00000000cb850000)
  to   space 20928K,   0% used [0x00000000cb850000, 0x00000000cb850000, 0x00000000cccc0000)
 concurrent mark-sweep generation total 838912K, used 152616K [0x00000000cccc0000, 0x0000000100000000, 0x0000000100000000)
 Metaspace       used 3934K, capacity 4536K, committed 4864K, reserved 1056768K
  class space    used 425K, capacity 428K, committed 512K, reserved 1048576K
}
2024-07-26T01:31:10.825+0800: 2.425: Total time for which application threads were stopped: 0.0018312 seconds, Stopping threads took: 0.0000232 seconds
{Heap before GC invocations=77 (full 6):
 par new generation   total 188736K, used 172313K [0x00000000c0000000, 0x00000000cccc0000, 0x00000000cccc0000)
  eden space 167808K,  99% used [0x00000000c0000000, 0x00000000ca346440, 0x00000000ca3e0000)
  from space 20928K,  24% used [0x00000000ca3e0000, 0x00000000ca8e0050, 0x00000000cb850000)
  to   space 20928K,   0% used [0x00000000cb850000, 0x00000000cb850000, 0x00000000cccc0000)
 concurrent mark-sweep generation total 838912K, used 152616K [0x00000000cccc0000, 0x0000000100000000, 0x0000000100000000)
 Metaspace       used 3934K, capacity 4536K, committed 4864K, reserved 1056768K
  class space    used 425K, capacity 428K, committed 512K, reserved 1048576K
2024-07-26T01:31:10.840+0800: 2.440: [GC (Allocation Failure) 2024-07-26T01:31:10.840+0800: 2.440: [ParNew2024-07-26T01:31:10.851+0800: 2.451: [SoftReference, 0 refs, 0.0000346 secs]2024-07-26T01:31:10.851+0800: 2.451: [WeakReference, 0 refs, 0.0000047 secs]2024-07-26T01:31:10.851+0800: 2.451: [FinalReference, 0 refs, 0.0000049 secs]2024-07-26T01:31:10.851+0800: 2.451: [PhantomReference, 0 refs, 0.0000070 secs]2024-07-26T01:31:10.851+0800: 2.451: [JNI Weak Reference, 0.0000042 secs]
Desired survivor size 10715136 bytes, new threshold 1 (max 1)
- age   1:   20971840 bytes,   20971840 total
: 172313K->20480K(188736K), 0.0109569 secs] 324929K->221225K(1027648K), 0.0110029 secs] [Times: user=0.00 sys=0.00, real=0.01 secs] 
Heap after GC invocations=78 (full 6):
 par new generation   total 188736K, used 20480K [0x00000000c0000000, 0x00000000cccc0000, 0x00000000cccc0000)
  eden space 167808K,   0% used [0x00000000c0000000, 0x00000000c0000000, 0x00000000ca3e0000)
  from space 20928K,  97% used [0x00000000cb850000, 0x00000000ccc50140, 0x00000000cccc0000)
  to   space 20928K,   0% used [0x00000000ca3e0000, 0x00000000ca3e0000, 0x00000000cb850000)
 concurrent mark-sweep generation total 838912K, used 200745K [0x00000000cccc0000, 0x0000000100000000, 0x0000000100000000)
 Metaspace       used 3934K, capacity 4536K, committed 4864K, reserved 1056768K
  class space    used 425K, capacity 428K, committed 512K, reserved 1048576K
}
2024-07-26T01:31:10.851+0800: 2.451: Total time for which application threads were stopped: 0.0111269 seconds, Stopping threads took: 0.0000302 seconds
{Heap before GC invocations=78 (full 6):
 par new generation   total 188736K, used 187673K [0x00000000c0000000, 0x00000000cccc0000, 0x00000000cccc0000)
  eden space 167808K,  99% used [0x00000000c0000000, 0x00000000ca346440, 0x00000000ca3e0000)
  from space 20928K,  97% used [0x00000000cb850000, 0x00000000ccc50140, 0x00000000cccc0000)
  to   space 20928K,   0% used [0x00000000ca3e0000, 0x00000000ca3e0000, 0x00000000cb850000)
 concurrent mark-sweep generation total 838912K, used 200745K [0x00000000cccc0000, 0x0000000100000000, 0x0000000100000000)
 Metaspace       used 3934K, capacity 4536K, committed 4864K, reserved 1056768K
  class space    used 425K, capacity 428K, committed 512K, reserved 1048576K
2024-07-26T01:31:10.865+0800: 2.465: [GC (Allocation Failure) 2024-07-26T01:31:10.865+0800: 2.465: [ParNew2024-07-26T01:31:10.871+0800: 2.470: [SoftReference, 0 refs, 0.0000286 secs]2024-07-26T01:31:10.871+0800: 2.470: [WeakReference, 0 refs, 0.0000046 secs]2024-07-26T01:31:10.871+0800: 2.470: [FinalReference, 0 refs, 0.0000040 secs]2024-07-26T01:31:10.871+0800: 2.470: [PhantomReference, 0 refs, 0.0000038 secs]2024-07-26T01:31:10.871+0800: 2.470: [JNI Weak Reference, 0.0000044 secs]
Desired survivor size 10715136 bytes, new threshold 1 (max 1)
- age   1:   20971840 bytes,   20971840 total
: 187673K->20480K(188736K), 0.0046657 secs] 388418K->229419K(1027648K), 0.0047042 secs] [Times: user=0.00 sys=0.00, real=0.01 secs] 
Heap after GC invocations=79 (full 6):
 par new generation   total 188736K, used 20480K [0x00000000c0000000, 0x00000000cccc0000, 0x00000000cccc0000)
  eden space 167808K,   0% used [0x00000000c0000000, 0x00000000c0000000, 0x00000000ca3e0000)
  from space 20928K,  97% used [0x00000000ca3e0000, 0x00000000cb7e0140, 0x00000000cb850000)
  to   space 20928K,   0% used [0x00000000cb850000, 0x00000000cb850000, 0x00000000cccc0000)
 concurrent mark-sweep generation total 838912K, used 208939K [0x00000000cccc0000, 0x0000000100000000, 0x0000000100000000)
 Metaspace       used 3934K, capacity 4536K, committed 4864K, reserved 1056768K
  class space    used 425K, capacity 428K, committed 512K, reserved 1048576K
}
2024-07-26T01:31:10.871+0800: 2.470: Total time for which application threads were stopped: 0.0048180 seconds, Stopping threads took: 0.0000245 seconds
{Heap before GC invocations=79 (full 6):
 par new generation   total 188736K, used 187673K [0x00000000c0000000, 0x00000000cccc0000, 0x00000000cccc0000)
  eden space 167808K,  99% used [0x00000000c0000000, 0x00000000ca346440, 0x00000000ca3e0000)
  from space 20928K,  97% used [0x00000000ca3e0000, 0x00000000cb7e0140, 0x00000000cb850000)
  to   space 20928K,   0% used [0x00000000cb850000, 0x00000000cb850000, 0x00000000cccc0000)
 concurrent mark-sweep generation total 838912K, used 208939K [0x00000000cccc0000, 0x0000000100000000, 0x0000000100000000)
 Metaspace       used 3934K, capacity 4536K, committed 4864K, reserved 1056768K
  class space    used 425K, capacity 428K, committed 512K, reserved 1048576K
2024-07-26T01:31:10.885+0800: 2.484: [GC (Allocation Failure) 2024-07-26T01:31:10.885+0800: 2.484: [ParNew2024-07-26T01:31:10.899+0800: 2.499: [SoftReference, 0 refs, 0.0000330 secs]2024-07-26T01:31:10.899+0800: 2.499: [WeakReference, 0 refs, 0.0000046 secs]2024-07-26T01:31:10.899+0800: 2.499: [FinalReference, 0 refs, 0.0000040 secs]2024-07-26T01:31:10.899+0800: 2.499: [PhantomReference, 0 refs, 0.0000047 secs]2024-07-26T01:31:10.899+0800: 2.499: [JNI Weak Reference, 0.0000043 secs]
Desired survivor size 10715136 bytes, new threshold 1 (max 1)
- age   1:   20971840 bytes,   20971840 total
: 187673K->20480K(188736K), 0.0145109 secs] 396612K->301103K(1027648K), 0.0145527 secs] [Times: user=0.02 sys=0.00, real=0.01 secs] 
Heap after GC invocations=80 (full 6):
 par new generation   total 188736K, used 20480K [0x00000000c0000000, 0x00000000cccc0000, 0x00000000cccc0000)
  eden space 167808K,   0% used [0x00000000c0000000, 0x00000000c0000000, 0x00000000ca3e0000)
  from space 20928K,  97% used [0x00000000cb850000, 0x00000000ccc50140, 0x00000000cccc0000)
  to   space 20928K,   0% used [0x00000000ca3e0000, 0x00000000ca3e0000, 0x00000000cb850000)
 concurrent mark-sweep generation total 838912K, used 280622K [0x00000000cccc0000, 0x0000000100000000, 0x0000000100000000)
 Metaspace       used 3934K, capacity 4536K, committed 4864K, reserved 1056768K
  class space    used 425K, capacity 428K, committed 512K, reserved 1048576K
}
2024-07-26T01:31:10.899+0800: 2.499: Total time for which application threads were stopped: 0.0146634 seconds, Stopping threads took: 0.0000236 seconds
{Heap before GC invocations=80 (full 6):
 par new generation   total 188736K, used 187673K [0x00000000c0000000, 0x00000000cccc0000, 0x00000000cccc0000)
  eden space 167808K,  99% used [0x00000000c0000000, 0x00000000ca346440, 0x00000000ca3e0000)
  from space 20928K,  97% used [0x00000000cb850000, 0x00000000ccc50140, 0x00000000cccc0000)
  to   space 20928K,   0% used [0x00000000ca3e0000, 0x00000000ca3e0000, 0x00000000cb850000)
 concurrent mark-sweep generation total 838912K, used 280622K [0x00000000cccc0000, 0x0000000100000000, 0x0000000100000000)
 Metaspace       used 3934K, capacity 4536K, committed 4864K, reserved 1056768K
  class space    used 425K, capacity 428K, committed 512K, reserved 1048576K
2024-07-26T01:31:10.914+0800: 2.513: [GC (Allocation Failure) 2024-07-26T01:31:10.914+0800: 2.513: [ParNew2024-07-26T01:31:10.922+0800: 2.521: [SoftReference, 0 refs, 0.0000479 secs]2024-07-26T01:31:10.922+0800: 2.521: [WeakReference, 0 refs, 0.0000074 secs]2024-07-26T01:31:10.922+0800: 2.521: [FinalReference, 0 refs, 0.0000069 secs]2024-07-26T01:31:10.922+0800: 2.521: [PhantomReference, 0 refs, 0.0000067 secs]2024-07-26T01:31:10.922+0800: 2.521: [JNI Weak Reference, 0.0000068 secs]
Desired survivor size 10715136 bytes, new threshold 1 (max 1)
- age   1:   20971840 bytes,   20971840 total
: 187673K->20480K(188736K), 0.0081039 secs] 468296K->332849K(1027648K), 0.0081457 secs] [Times: user=0.08 sys=0.00, real=0.01 secs] 
Heap after GC invocations=81 (full 6):
 par new generation   total 188736K, used 20480K [0x00000000c0000000, 0x00000000cccc0000, 0x00000000cccc0000)
  eden space 167808K,   0% used [0x00000000c0000000, 0x00000000c0000000, 0x00000000ca3e0000)
  from space 20928K,  97% used [0x00000000ca3e0000, 0x00000000cb7e0140, 0x00000000cb850000)
  to   space 20928K,   0% used [0x00000000cb850000, 0x00000000cb850000, 0x00000000cccc0000)
 concurrent mark-sweep generation total 838912K, used 312369K [0x00000000cccc0000, 0x0000000100000000, 0x0000000100000000)
 Metaspace       used 3934K, capacity 4536K, committed 4864K, reserved 1056768K
  class space    used 425K, capacity 428K, committed 512K, reserved 1048576K
}
2024-07-26T01:31:10.922+0800: 2.521: Total time for which application threads were stopped: 0.0082721 seconds, Stopping threads took: 0.0000212 seconds
{Heap before GC invocations=81 (full 6):
 par new generation   total 188736K, used 187673K [0x00000000c0000000, 0x00000000cccc0000, 0x00000000cccc0000)
  eden space 167808K,  99% used [0x00000000c0000000, 0x00000000ca346440, 0x00000000ca3e0000)
  from space 20928K,  97% used [0x00000000ca3e0000, 0x00000000cb7e0140, 0x00000000cb850000)
  to   space 20928K,   0% used [0x00000000cb850000, 0x00000000cb850000, 0x00000000cccc0000)
 concurrent mark-sweep generation total 838912K, used 312369K [0x00000000cccc0000, 0x0000000100000000, 0x0000000100000000)
 Metaspace       used 3934K, capacity 4536K, committed 4864K, reserved 1056768K
  class space    used 425K, capacity 428K, committed 512K, reserved 1048576K
2024-07-26T01:31:10.936+0800: 2.536: [GC (Allocation Failure) 2024-07-26T01:31:10.936+0800: 2.536: [ParNew2024-07-26T01:31:10.939+0800: 2.538: [SoftReference, 0 refs, 0.0000372 secs]2024-07-26T01:31:10.939+0800: 2.539: [WeakReference, 0 refs, 0.0000068 secs]2024-07-26T01:31:10.939+0800: 2.539: [FinalReference, 0 refs, 0.0000039 secs]2024-07-26T01:31:10.939+0800: 2.539: [PhantomReference, 0 refs, 0.0000037 secs]2024-07-26T01:31:10.939+0800: 2.539: [JNI Weak Reference, 0.0000047 secs]
Desired survivor size 10715136 bytes, new threshold 1 (max 1)
- age   1:   12583104 bytes,   12583104 total
: 187673K->12288K(188736K), 0.0029861 secs] 500042K->324657K(1027648K), 0.0030310 secs] [Times: user=0.00 sys=0.00, real=0.00 secs] 
Heap after GC invocations=82 (full 6):
 par new generation   total 188736K, used 12288K [0x00000000c0000000, 0x00000000cccc0000, 0x00000000cccc0000)
  eden space 167808K,   0% used [0x00000000c0000000, 0x00000000c0000000, 0x00000000ca3e0000)
  from space 20928K,  58% used [0x00000000cb850000, 0x00000000cc4500c0, 0x00000000cccc0000)
  to   space 20928K,   0% used [0x00000000ca3e0000, 0x00000000ca3e0000, 0x00000000cb850000)
 concurrent mark-sweep generation total 838912K, used 312369K [0x00000000cccc0000, 0x0000000100000000, 0x0000000100000000)
 Metaspace       used 3934K, capacity 4536K, committed 4864K, reserved 1056768K
  class space    used 425K, capacity 428K, committed 512K, reserved 1048576K
}
2024-07-26T01:31:10.939+0800: 2.539: Total time for which application threads were stopped: 0.0031547 seconds, Stopping threads took: 0.0000251 seconds
{Heap before GC invocations=82 (full 6):
 par new generation   total 188736K, used 179481K [0x00000000c0000000, 0x00000000cccc0000, 0x00000000cccc0000)
  eden space 167808K,  99% used [0x00000000c0000000, 0x00000000ca346440, 0x00000000ca3e0000)
  from space 20928K,  58% used [0x00000000cb850000, 0x00000000cc4500c0, 0x00000000cccc0000)
  to   space 20928K,   0% used [0x00000000ca3e0000, 0x00000000ca3e0000, 0x00000000cb850000)
 concurrent mark-sweep generation total 838912K, used 312369K [0x00000000cccc0000, 0x0000000100000000, 0x0000000100000000)
 Metaspace       used 3934K, capacity 4536K, committed 4864K, reserved 1056768K
  class space    used 425K, capacity 428K, committed 512K, reserved 1048576K
2024-07-26T01:31:10.953+0800: 2.552: [GC (Allocation Failure) 2024-07-26T01:31:10.953+0800: 2.553: [ParNew2024-07-26T01:31:10.967+0800: 2.566: [SoftReference, 0 refs, 0.0000328 secs]2024-07-26T01:31:10.967+0800: 2.566: [WeakReference, 0 refs, 0.0000100 secs]2024-07-26T01:31:10.967+0800: 2.566: [FinalReference, 0 refs, 0.0000037 secs]2024-07-26T01:31:10.967+0800: 2.566: [PhantomReference, 0 refs, 0.0000035 secs]2024-07-26T01:31:10.967+0800: 2.566: [JNI Weak Reference, 0.0000041 secs]
Desired survivor size 10715136 bytes, new threshold 1 (max 1)
- age   1:   20971840 bytes,   20971840 total
: 179481K->20480K(188736K), 0.0138693 secs] 491850K->388148K(1027648K), 0.0139082 secs] [Times: user=0.02 sys=0.00, real=0.01 secs] 
Heap after GC invocations=83 (full 6):
 par new generation   total 188736K, used 20480K [0x00000000c0000000, 0x00000000cccc0000, 0x00000000cccc0000)
  eden space 167808K,   0% used [0x00000000c0000000, 0x00000000c0000000, 0x00000000ca3e0000)
  from space 20928K,  97% used [0x00000000ca3e0000, 0x00000000cb7e0140, 0x00000000cb850000)
  to   space 20928K,   0% used [0x00000000cb850000, 0x00000000cb850000, 0x00000000cccc0000)
 concurrent mark-sweep generation total 838912K, used 367668K [0x00000000cccc0000, 0x0000000100000000, 0x0000000100000000)
 Metaspace       used 3934K, capacity 4536K, committed 4864K, reserved 1056768K
  class space    used 425K, capacity 428K, committed 512K, reserved 1048576K
}
2024-07-26T01:31:10.967+0800: 2.566: Total time for which application threads were stopped: 0.0140143 seconds, Stopping threads took: 0.0000215 seconds
2024-07-26T01:31:10.967+0800: 2.567: [GC (CMS Initial Mark) [1 CMS-initial-mark: 367668K(838912K)] 393547K(1027648K), 0.0005749 secs] [Times: user=0.00 sys=0.00, real=0.00 secs] 
2024-07-26T01:31:10.968+0800: 2.567: Total time for which application threads were stopped: 0.0007987 seconds, Stopping threads took: 0.0001783 seconds
2024-07-26T01:31:10.968+0800: 2.567: [CMS-concurrent-mark-start]
2024-07-26T01:31:10.970+0800: 2.569: [CMS-concurrent-mark: 0.002/0.002 secs] [Times: user=0.00 sys=0.00, real=0.00 secs] 
2024-07-26T01:31:10.970+0800: 2.569: [CMS-concurrent-preclean-start]
2024-07-26T01:31:10.970+0800: 2.569: [Preclean SoftReferences, 0.0000048 secs]2024-07-26T01:31:10.970+0800: 2.569: [Preclean WeakReferences, 0.0000038 secs]2024-07-26T01:31:10.970+0800: 2.569: [Preclean FinalReferences, 0.0000032 secs]2024-07-26T01:31:10.970+0800: 2.569: [Preclean PhantomReferences, 0.0000031 secs]2024-07-26T01:31:10.970+0800: 2.570: [CMS-concurrent-preclean: 0.001/0.001 secs] [Times: user=0.00 sys=0.00, real=0.00 secs] 
2024-07-26T01:31:10.971+0800: 2.570: [CMS-concurrent-abortable-preclean-start]
{Heap before GC invocations=83 (full 7):
 par new generation   total 188736K, used 187673K [0x00000000c0000000, 0x00000000cccc0000, 0x00000000cccc0000)
  eden space 167808K,  99% used [0x00000000c0000000, 0x00000000ca346440, 0x00000000ca3e0000)
  from space 20928K,  97% used [0x00000000ca3e0000, 0x00000000cb7e0140, 0x00000000cb850000)
  to   space 20928K,   0% used [0x00000000cb850000, 0x00000000cb850000, 0x00000000cccc0000)
 concurrent mark-sweep generation total 838912K, used 367668K [0x00000000cccc0000, 0x0000000100000000, 0x0000000100000000)
 Metaspace       used 3934K, capacity 4536K, committed 4864K, reserved 1056768K
  class space    used 425K, capacity 428K, committed 512K, reserved 1048576K
2024-07-26T01:31:10.981+0800: 2.581: [GC (Allocation Failure) 2024-07-26T01:31:10.982+0800: 2.581: [ParNew2024-07-26T01:31:10.988+0800: 2.587: [SoftReference, 0 refs, 0.0000343 secs]2024-07-26T01:31:10.988+0800: 2.587: [WeakReference, 0 refs, 0.0000045 secs]2024-07-26T01:31:10.988+0800: 2.587: [FinalReference, 0 refs, 0.0000039 secs]2024-07-26T01:31:10.988+0800: 2.587: [PhantomReference, 0 refs, 0.0000039 secs]2024-07-26T01:31:10.988+0800: 2.587: [JNI Weak Reference, 0.0000043 secs]
Desired survivor size 10715136 bytes, new threshold 1 (max 1)
- age   1:   20971840 bytes,   20971840 total
: 187673K->20480K(188736K), 0.0062352 secs] 555341K->403510K(1027648K), 0.0062664 secs] [Times: user=0.00 sys=0.00, real=0.01 secs] 
Heap after GC invocations=84 (full 7):
 par new generation   total 188736K, used 20480K [0x00000000c0000000, 0x00000000cccc0000, 0x00000000cccc0000)
  eden space 167808K,   0% used [0x00000000c0000000, 0x00000000c0000000, 0x00000000ca3e0000)
  from space 20928K,  97% used [0x00000000cb850000, 0x00000000ccc50140, 0x00000000cccc0000)
  to   space 20928K,   0% used [0x00000000ca3e0000, 0x00000000ca3e0000, 0x00000000cb850000)
 concurrent mark-sweep generation total 838912K, used 383030K [0x00000000cccc0000, 0x0000000100000000, 0x0000000100000000)
 Metaspace       used 3934K, capacity 4536K, committed 4864K, reserved 1056768K
  class space    used 425K, capacity 428K, committed 512K, reserved 1048576K
}
2024-07-26T01:31:10.988+0800: 2.587: Total time for which application threads were stopped: 0.0063661 seconds, Stopping threads took: 0.0000193 seconds
{Heap before GC invocations=84 (full 7):
 par new generation   total 188736K, used 187673K [0x00000000c0000000, 0x00000000cccc0000, 0x00000000cccc0000)
  eden space 167808K,  99% used [0x00000000c0000000, 0x00000000ca346440, 0x00000000ca3e0000)
  from space 20928K,  97% used [0x00000000cb850000, 0x00000000ccc50140, 0x00000000cccc0000)
  to   space 20928K,   0% used [0x00000000ca3e0000, 0x00000000ca3e0000, 0x00000000cb850000)
 concurrent mark-sweep generation total 838912K, used 383030K [0x00000000cccc0000, 0x0000000100000000, 0x0000000100000000)
 Metaspace       used 3934K, capacity 4536K, committed 4864K, reserved 1056768K
  class space    used 425K, capacity 428K, committed 512K, reserved 1048576K
2024-07-26T01:31:11.002+0800: 2.602: [GC (Allocation Failure) 2024-07-26T01:31:11.002+0800: 2.602: [ParNew2024-07-26T01:31:11.017+0800: 2.616: [SoftReference, 0 refs, 0.0000300 secs]2024-07-26T01:31:11.017+0800: 2.616: [WeakReference, 0 refs, 0.0000046 secs]2024-07-26T01:31:11.017+0800: 2.617: [FinalReference, 0 refs, 0.0000039 secs]2024-07-26T01:31:11.017+0800: 2.617: [PhantomReference, 0 refs, 0.0000038 secs]2024-07-26T01:31:11.017+0800: 2.617: [JNI Weak Reference, 0.0000042 secs]
Desired survivor size 10715136 bytes, new threshold 1 (max 1)
- age   1:   20971840 bytes,   20971840 total
: 187673K->20480K(188736K), 0.0149221 secs] 570703K->482359K(1027648K), 0.0149605 secs] [Times: user=0.05 sys=0.02, real=0.01 secs] 
Heap after GC invocations=85 (full 7):
 par new generation   total 188736K, used 20480K [0x00000000c0000000, 0x00000000cccc0000, 0x00000000cccc0000)
  eden space 167808K,   0% used [0x00000000c0000000, 0x00000000c0000000, 0x00000000ca3e0000)
  from space 20928K,  97% used [0x00000000ca3e0000, 0x00000000cb7e0140, 0x00000000cb850000)
  to   space 20928K,   0% used [0x00000000cb850000, 0x00000000cb850000, 0x00000000cccc0000)
 concurrent mark-sweep generation total 838912K, used 461879K [0x00000000cccc0000, 0x0000000100000000, 0x0000000100000000)
 Metaspace       used 3934K, capacity 4536K, committed 4864K, reserved 1056768K
  class space    used 425K, capacity 428K, committed 512K, reserved 1048576K
}
2024-07-26T01:31:11.017+0800: 2.617: Total time for which application threads were stopped: 0.0150612 seconds, Stopping threads took: 0.0000202 seconds
{Heap before GC invocations=85 (full 7):
 par new generation   total 188736K, used 187673K [0x00000000c0000000, 0x00000000cccc0000, 0x00000000cccc0000)
  eden space 167808K,  99% used [0x00000000c0000000, 0x00000000ca346440, 0x00000000ca3e0000)
  from space 20928K,  97% used [0x00000000ca3e0000, 0x00000000cb7e0140, 0x00000000cb850000)
  to   space 20928K,   0% used [0x00000000cb850000, 0x00000000cb850000, 0x00000000cccc0000)
 concurrent mark-sweep generation total 838912K, used 461879K [0x00000000cccc0000, 0x0000000100000000, 0x0000000100000000)
 Metaspace       used 3934K, capacity 4536K, committed 4864K, reserved 1056768K
  class space    used 425K, capacity 428K, committed 512K, reserved 1048576K
2024-07-26T01:31:11.031+0800: 2.630: [GC (Allocation Failure) 2024-07-26T01:31:11.031+0800: 2.630: [ParNew2024-07-26T01:31:11.040+0800: 2.639: [SoftReference, 0 refs, 0.0000371 secs]2024-07-26T01:31:11.040+0800: 2.639: [WeakReference, 0 refs, 0.0000044 secs]2024-07-26T01:31:11.040+0800: 2.639: [FinalReference, 0 refs, 0.0000039 secs]2024-07-26T01:31:11.040+0800: 2.639: [PhantomReference, 0 refs, 0.0000038 secs]2024-07-26T01:31:11.040+0800: 2.639: [JNI Weak Reference, 0.0000047 secs]
Desired survivor size 10715136 bytes, new threshold 1 (max 1)
- age   1:   20971840 bytes,   20971840 total
: 187673K->20480K(188736K), 0.0086418 secs] 649552K->521272K(1027648K), 0.0086761 secs] [Times: user=0.00 sys=0.00, real=0.01 secs] 
Heap after GC invocations=86 (full 7):
 par new generation   total 188736K, used 20480K [0x00000000c0000000, 0x00000000cccc0000, 0x00000000cccc0000)
  eden space 167808K,   0% used [0x00000000c0000000, 0x00000000c0000000, 0x00000000ca3e0000)
  from space 20928K,  97% used [0x00000000cb850000, 0x00000000ccc50140, 0x00000000cccc0000)
  to   space 20928K,   0% used [0x00000000ca3e0000, 0x00000000ca3e0000, 0x00000000cb850000)
 concurrent mark-sweep generation total 838912K, used 500792K [0x00000000cccc0000, 0x0000000100000000, 0x0000000100000000)
 Metaspace       used 3934K, capacity 4536K, committed 4864K, reserved 1056768K
  class space    used 425K, capacity 428K, committed 512K, reserved 1048576K
}
2024-07-26T01:31:11.040+0800: 2.639: Total time for which application threads were stopped: 0.0087998 seconds, Stopping threads took: 0.0000365 seconds
{Heap before GC invocations=86 (full 7):
 par new generation   total 188736K, used 187673K [0x00000000c0000000, 0x00000000cccc0000, 0x00000000cccc0000)
  eden space 167808K,  99% used [0x00000000c0000000, 0x00000000ca346440, 0x00000000ca3e0000)
  from space 20928K,  97% used [0x00000000cb850000, 0x00000000ccc50140, 0x00000000cccc0000)
  to   space 20928K,   0% used [0x00000000ca3e0000, 0x00000000ca3e0000, 0x00000000cb850000)
 concurrent mark-sweep generation total 838912K, used 500792K [0x00000000cccc0000, 0x0000000100000000, 0x0000000100000000)
 Metaspace       used 3934K, capacity 4536K, committed 4864K, reserved 1056768K
  class space    used 425K, capacity 428K, committed 512K, reserved 1048576K
2024-07-26T01:31:11.054+0800: 2.653: [GC (Allocation Failure) 2024-07-26T01:31:11.054+0800: 2.654: [ParNew2024-07-26T01:31:11.058+0800: 2.658: [SoftReference, 0 refs, 0.0000355 secs]2024-07-26T01:31:11.058+0800: 2.658: [WeakReference, 0 refs, 0.0000041 secs]2024-07-26T01:31:11.058+0800: 2.658: [FinalReference, 0 refs, 0.0000039 secs]2024-07-26T01:31:11.058+0800: 2.658: [PhantomReference, 0 refs, 0.0000038 secs]2024-07-26T01:31:11.058+0800: 2.658: [JNI Weak Reference, 0.0000046 secs]
Desired survivor size 10715136 bytes, new threshold 1 (max 1)
- age   1:   19923248 bytes,   19923248 total
: 187673K->19456K(188736K), 0.0041165 secs] 688465K->520248K(1027648K), 0.0041650 secs] [Times: user=0.00 sys=0.00, real=0.00 secs] 
Heap after GC invocations=87 (full 7):
 par new generation   total 188736K, used 19456K [0x00000000c0000000, 0x00000000cccc0000, 0x00000000cccc0000)
  eden space 167808K,   0% used [0x00000000c0000000, 0x00000000c0000000, 0x00000000ca3e0000)
  from space 20928K,  92% used [0x00000000ca3e0000, 0x00000000cb6e0130, 0x00000000cb850000)
  to   space 20928K,   0% used [0x00000000cb850000, 0x00000000cb850000, 0x00000000cccc0000)
 concurrent mark-sweep generation total 838912K, used 500792K [0x00000000cccc0000, 0x0000000100000000, 0x0000000100000000)
 Metaspace       used 3934K, capacity 4536K, committed 4864K, reserved 1056768K
  class space    used 425K, capacity 428K, committed 512K, reserved 1048576K
}
2024-07-26T01:31:11.058+0800: 2.658: Total time for which application threads were stopped: 0.0043006 seconds, Stopping threads took: 0.0000425 seconds
{Heap before GC invocations=87 (full 7):
 par new generation   total 188736K, used 186649K [0x00000000c0000000, 0x00000000cccc0000, 0x00000000cccc0000)
  eden space 167808K,  99% used [0x00000000c0000000, 0x00000000ca346440, 0x00000000ca3e0000)
  from space 20928K,  92% used [0x00000000ca3e0000, 0x00000000cb6e0130, 0x00000000cb850000)
  to   space 20928K,   0% used [0x00000000cb850000, 0x00000000cb850000, 0x00000000cccc0000)
 concurrent mark-sweep generation total 838912K, used 500792K [0x00000000cccc0000, 0x0000000100000000, 0x0000000100000000)
 Metaspace       used 3934K, capacity 4536K, committed 4864K, reserved 1056768K
  class space    used 425K, capacity 428K, committed 512K, reserved 1048576K
2024-07-26T01:31:11.074+0800: 2.674: [GC (Allocation Failure) 2024-07-26T01:31:11.075+0800: 2.674: [ParNew2024-07-26T01:31:11.089+0800: 2.689: [SoftReference, 0 refs, 0.0000380 secs]2024-07-26T01:31:11.089+0800: 2.689: [WeakReference, 0 refs, 0.0000045 secs]2024-07-26T01:31:11.089+0800: 2.689: [FinalReference, 0 refs, 0.0000040 secs]2024-07-26T01:31:11.089+0800: 2.689: [PhantomReference, 0 refs, 0.0000038 secs]2024-07-26T01:31:11.089+0800: 2.689: [JNI Weak Reference, 0.0000043 secs]
Desired survivor size 10715136 bytes, new threshold 1 (max 1)
- age   1:   20971840 bytes,   20971840 total
: 186649K->20480K(188736K), 0.0155305 secs] 687441K->583737K(1027648K), 0.0155778 secs] [Times: user=0.02 sys=0.00, real=0.02 secs] 
Heap after GC invocations=88 (full 7):
 par new generation   total 188736K, used 20480K [0x00000000c0000000, 0x00000000cccc0000, 0x00000000cccc0000)
  eden space 167808K,   0% used [0x00000000c0000000, 0x00000000c0000000, 0x00000000ca3e0000)
  from space 20928K,  97% used [0x00000000cb850000, 0x00000000ccc50140, 0x00000000cccc0000)
  to   space 20928K,   0% used [0x00000000ca3e0000, 0x00000000ca3e0000, 0x00000000cb850000)
 concurrent mark-sweep generation total 838912K, used 563257K [0x00000000cccc0000, 0x0000000100000000, 0x0000000100000000)
 Metaspace       used 3934K, capacity 4536K, committed 4864K, reserved 1056768K
  class space    used 425K, capacity 428K, committed 512K, reserved 1048576K
}
2024-07-26T01:31:11.089+0800: 2.689: Total time for which application threads were stopped: 0.0156909 seconds, Stopping threads took: 0.0000226 seconds
{Heap before GC invocations=88 (full 7):
 par new generation   total 188736K, used 187673K [0x00000000c0000000, 0x00000000cccc0000, 0x00000000cccc0000)
  eden space 167808K,  99% used [0x00000000c0000000, 0x00000000ca346440, 0x00000000ca3e0000)
  from space 20928K,  97% used [0x00000000cb850000, 0x00000000ccc50140, 0x00000000cccc0000)
  to   space 20928K,   0% used [0x00000000ca3e0000, 0x00000000ca3e0000, 0x00000000cb850000)
 concurrent mark-sweep generation total 838912K, used 563257K [0x00000000cccc0000, 0x0000000100000000, 0x0000000100000000)
 Metaspace       used 3934K, capacity 4536K, committed 4864K, reserved 1056768K
  class space    used 425K, capacity 428K, committed 512K, reserved 1048576K
2024-07-26T01:31:11.105+0800: 2.705: [GC (Allocation Failure) 2024-07-26T01:31:11.105+0800: 2.705: [ParNew2024-07-26T01:31:11.114+0800: 2.714: [SoftReference, 0 refs, 0.0000374 secs]2024-07-26T01:31:11.114+0800: 2.714: [WeakReference, 0 refs, 0.0000049 secs]2024-07-26T01:31:11.114+0800: 2.714: [FinalReference, 0 refs, 0.0000044 secs]2024-07-26T01:31:11.114+0800: 2.714: [PhantomReference, 0 refs, 0.0000042 secs]2024-07-26T01:31:11.114+0800: 2.714: [JNI Weak Reference, 0.0000049 secs]
Desired survivor size 10715136 bytes, new threshold 1 (max 1)
- age   1:   20971840 bytes,   20971840 total
: 187673K->20480K(188736K), 0.0088883 secs] 750930K->606265K(1027648K), 0.0089392 secs] [Times: user=0.02 sys=0.00, real=0.01 secs] 
Heap after GC invocations=89 (full 7):
 par new generation   total 188736K, used 20480K [0x00000000c0000000, 0x00000000cccc0000, 0x00000000cccc0000)
  eden space 167808K,   0% used [0x00000000c0000000, 0x00000000c0000000, 0x00000000ca3e0000)
  from space 20928K,  97% used [0x00000000ca3e0000, 0x00000000cb7e0140, 0x00000000cb850000)
  to   space 20928K,   0% used [0x00000000cb850000, 0x00000000cb850000, 0x00000000cccc0000)
 concurrent mark-sweep generation total 838912K, used 585785K [0x00000000cccc0000, 0x0000000100000000, 0x0000000100000000)
 Metaspace       used 3934K, capacity 4536K, committed 4864K, reserved 1056768K
  class space    used 425K, capacity 428K, committed 512K, reserved 1048576K
}
2024-07-26T01:31:11.114+0800: 2.714: Total time for which application threads were stopped: 0.0090723 seconds, Stopping threads took: 0.0000332 seconds
{Heap before GC invocations=89 (full 7):
 par new generation   total 188736K, used 187673K [0x00000000c0000000, 0x00000000cccc0000, 0x00000000cccc0000)
  eden space 167808K,  99% used [0x00000000c0000000, 0x00000000ca346440, 0x00000000ca3e0000)
  from space 20928K,  97% used [0x00000000ca3e0000, 0x00000000cb7e0140, 0x00000000cb850000)
  to   space 20928K,   0% used [0x00000000cb850000, 0x00000000cb850000, 0x00000000cccc0000)
 concurrent mark-sweep generation total 838912K, used 585785K [0x00000000cccc0000, 0x0000000100000000, 0x0000000100000000)
 Metaspace       used 3934K, capacity 4536K, committed 4864K, reserved 1056768K
  class space    used 425K, capacity 428K, committed 512K, reserved 1048576K
2024-07-26T01:31:11.130+0800: 2.730: [GC (Allocation Failure) 2024-07-26T01:31:11.130+0800: 2.730: [ParNew2024-07-26T01:31:11.131+0800: 2.731: [SoftReference, 0 refs, 0.0000391 secs]2024-07-26T01:31:11.131+0800: 2.731: [WeakReference, 0 refs, 0.0000055 secs]2024-07-26T01:31:11.131+0800: 2.731: [FinalReference, 0 refs, 0.0000045 secs]2024-07-26T01:31:11.131+0800: 2.731: [PhantomReference, 0 refs, 0.0000041 secs]2024-07-26T01:31:11.131+0800: 2.731: [JNI Weak Reference, 0.0000048 secs]
Desired survivor size 10715136 bytes, new threshold 1 (max 1)
- age   1:    3145776 bytes,    3145776 total
: 187673K->3072K(188736K), 0.0015808 secs] 773458K->588857K(1027648K), 0.0016266 secs] [Times: user=0.00 sys=0.00, real=0.00 secs] 
Heap after GC invocations=90 (full 7):
 par new generation   total 188736K, used 3072K [0x00000000c0000000, 0x00000000cccc0000, 0x00000000cccc0000)
  eden space 167808K,   0% used [0x00000000c0000000, 0x00000000c0000000, 0x00000000ca3e0000)
  from space 20928K,  14% used [0x00000000cb850000, 0x00000000cbb50030, 0x00000000cccc0000)
  to   space 20928K,   0% used [0x00000000ca3e0000, 0x00000000ca3e0000, 0x00000000cb850000)
 concurrent mark-sweep generation total 838912K, used 585785K [0x00000000cccc0000, 0x0000000100000000, 0x0000000100000000)
 Metaspace       used 3934K, capacity 4536K, committed 4864K, reserved 1056768K
  class space    used 425K, capacity 428K, committed 512K, reserved 1048576K
}
2024-07-26T01:31:11.131+0800: 2.731: Total time for which application threads were stopped: 0.0017463 seconds, Stopping threads took: 0.0000274 seconds
{Heap before GC invocations=90 (full 7):
 par new generation   total 188736K, used 170265K [0x00000000c0000000, 0x00000000cccc0000, 0x00000000cccc0000)
  eden space 167808K,  99% used [0x00000000c0000000, 0x00000000ca346440, 0x00000000ca3e0000)
  from space 20928K,  14% used [0x00000000cb850000, 0x00000000cbb50030, 0x00000000cccc0000)
  to   space 20928K,   0% used [0x00000000ca3e0000, 0x00000000ca3e0000, 0x00000000cb850000)
 concurrent mark-sweep generation total 838912K, used 585785K [0x00000000cccc0000, 0x0000000100000000, 0x0000000100000000)
 Metaspace       used 3934K, capacity 4536K, committed 4864K, reserved 1056768K
  class space    used 425K, capacity 428K, committed 512K, reserved 1048576K
2024-07-26T01:31:11.146+0800: 2.746: [GC (Allocation Failure) 2024-07-26T01:31:11.146+0800: 2.746: [ParNew2024-07-26T01:31:11.162+0800: 2.762: [SoftReference, 0 refs, 0.0000450 secs]2024-07-26T01:31:11.162+0800: 2.762: [WeakReference, 0 refs, 0.0000045 secs]2024-07-26T01:31:11.162+0800: 2.762: [FinalReference, 0 refs, 0.0000040 secs]2024-07-26T01:31:11.162+0800: 2.762: [PhantomReference, 0 refs, 0.0000039 secs]2024-07-26T01:31:11.162+0800: 2.762: [JNI Weak Reference, 0.0000044 secs]
Desired survivor size 10715136 bytes, new threshold 1 (max 1)
- age   1:   20971840 bytes,   20971840 total
: 170265K->20480K(188736K), 0.0162766 secs] 756050K->652346K(1027648K), 0.0163434 secs] [Times: user=0.16 sys=0.01, real=0.02 secs] 
Heap after GC invocations=91 (full 7):
 par new generation   total 188736K, used 20480K [0x00000000c0000000, 0x00000000cccc0000, 0x00000000cccc0000)
  eden space 167808K,   0% used [0x00000000c0000000, 0x00000000c0000000, 0x00000000ca3e0000)
  from space 20928K,  97% used [0x00000000ca3e0000, 0x00000000cb7e0140, 0x00000000cb850000)
  to   space 20928K,   0% used [0x00000000cb850000, 0x00000000cb850000, 0x00000000cccc0000)
 concurrent mark-sweep generation total 838912K, used 631866K [0x00000000cccc0000, 0x0000000100000000, 0x0000000100000000)
 Metaspace       used 3934K, capacity 4536K, committed 4864K, reserved 1056768K
  class space    used 425K, capacity 428K, committed 512K, reserved 1048576K
}
2024-07-26T01:31:11.162+0800: 2.762: Total time for which application threads were stopped: 0.0165501 seconds, Stopping threads took: 0.0000575 seconds
{Heap before GC invocations=91 (full 7):
 par new generation   total 188736K, used 187673K [0x00000000c0000000, 0x00000000cccc0000, 0x00000000cccc0000)
  eden space 167808K,  99% used [0x00000000c0000000, 0x00000000ca346440, 0x00000000ca3e0000)
  from space 20928K,  97% used [0x00000000ca3e0000, 0x00000000cb7e0140, 0x00000000cb850000)
  to   space 20928K,   0% used [0x00000000cb850000, 0x00000000cb850000, 0x00000000cccc0000)
 concurrent mark-sweep generation total 838912K, used 631866K [0x00000000cccc0000, 0x0000000100000000, 0x0000000100000000)
 Metaspace       used 3934K, capacity 4536K, committed 4864K, reserved 1056768K
  class space    used 425K, capacity 428K, committed 512K, reserved 1048576K
2024-07-26T01:31:11.179+0800: 2.778: [GC (Allocation Failure) 2024-07-26T01:31:11.179+0800: 2.778: [ParNew2024-07-26T01:31:11.185+0800: 2.784: [SoftReference, 0 refs, 0.0000378 secs]2024-07-26T01:31:11.185+0800: 2.784: [WeakReference, 0 refs, 0.0000043 secs]2024-07-26T01:31:11.185+0800: 2.784: [FinalReference, 0 refs, 0.0000039 secs]2024-07-26T01:31:11.185+0800: 2.784: [PhantomReference, 0 refs, 0.0000038 secs]2024-07-26T01:31:11.185+0800: 2.784: [JNI Weak Reference, 0.0000044 secs]
Desired survivor size 10715136 bytes, new threshold 1 (max 1)
- age   1:   20971840 bytes,   20971840 total
: 187673K->20480K(188736K), 0.0062027 secs] 819539K->658490K(1027648K), 0.0062648 secs] [Times: user=0.01 sys=0.00, real=0.01 secs] 
Heap after GC invocations=92 (full 7):
 par new generation   total 188736K, used 20480K [0x00000000c0000000, 0x00000000cccc0000, 0x00000000cccc0000)
  eden space 167808K,   0% used [0x00000000c0000000, 0x00000000c0000000, 0x00000000ca3e0000)
  from space 20928K,  97% used [0x00000000cb850000, 0x00000000ccc50140, 0x00000000cccc0000)
  to   space 20928K,   0% used [0x00000000ca3e0000, 0x00000000ca3e0000, 0x00000000cb850000)
 concurrent mark-sweep generation total 838912K, used 638010K [0x00000000cccc0000, 0x0000000100000000, 0x0000000100000000)
 Metaspace       used 3934K, capacity 4536K, committed 4864K, reserved 1056768K
  class space    used 425K, capacity 428K, committed 512K, reserved 1048576K
}
2024-07-26T01:31:11.185+0800: 2.784: Total time for which application threads were stopped: 0.0063899 seconds, Stopping threads took: 0.0000317 seconds
{Heap before GC invocations=92 (full 7):
 par new generation   total 188736K, used 187673K [0x00000000c0000000, 0x00000000cccc0000, 0x00000000cccc0000)
  eden space 167808K,  99% used [0x00000000c0000000, 0x00000000ca346440, 0x00000000ca3e0000)
  from space 20928K,  97% used [0x00000000cb850000, 0x00000000ccc50140, 0x00000000cccc0000)
  to   space 20928K,   0% used [0x00000000ca3e0000, 0x00000000ca3e0000, 0x00000000cb850000)
 concurrent mark-sweep generation total 838912K, used 638010K [0x00000000cccc0000, 0x0000000100000000, 0x0000000100000000)
 Metaspace       used 3934K, capacity 4536K, committed 4864K, reserved 1056768K
  class space    used 425K, capacity 428K, committed 512K, reserved 1048576K
2024-07-26T01:31:11.200+0800: 2.799: [GC (Allocation Failure) 2024-07-26T01:31:11.200+0800: 2.799: [ParNew2024-07-26T01:31:11.219+0800: 2.818: [SoftReference, 0 refs, 0.0000361 secs]2024-07-26T01:31:11.219+0800: 2.818: [WeakReference, 0 refs, 0.0000044 secs]2024-07-26T01:31:11.219+0800: 2.818: [FinalReference, 0 refs, 0.0000042 secs]2024-07-26T01:31:11.219+0800: 2.818: [PhantomReference, 0 refs, 0.0000039 secs]2024-07-26T01:31:11.219+0800: 2.819: [JNI Weak Reference, 0.0000043 secs]
Desired survivor size 10715136 bytes, new threshold 1 (max 1)
- age   1:   20971840 bytes,   20971840 total
: 187673K->20480K(188736K), 0.0191589 secs] 825683K->728123K(1027648K), 0.0192067 secs] [Times: user=0.16 sys=0.00, real=0.02 secs] 
Heap after GC invocations=93 (full 7):
 par new generation   total 188736K, used 20480K [0x00000000c0000000, 0x00000000cccc0000, 0x00000000cccc0000)
  eden space 167808K,   0% used [0x00000000c0000000, 0x00000000c0000000, 0x00000000ca3e0000)
  from space 20928K,  97% used [0x00000000ca3e0000, 0x00000000cb7e0140, 0x00000000cb850000)
  to   space 20928K,   0% used [0x00000000cb850000, 0x00000000cb850000, 0x00000000cccc0000)
 concurrent mark-sweep generation total 838912K, used 707643K [0x00000000cccc0000, 0x0000000100000000, 0x0000000100000000)
 Metaspace       used 3934K, capacity 4536K, committed 4864K, reserved 1056768K
  class space    used 425K, capacity 428K, committed 512K, reserved 1048576K
}
2024-07-26T01:31:11.219+0800: 2.819: Total time for which application threads were stopped: 0.0193543 seconds, Stopping threads took: 0.0000518 seconds
{Heap before GC invocations=93 (full 7):
 par new generation   total 188736K, used 187673K [0x00000000c0000000, 0x00000000cccc0000, 0x00000000cccc0000)
  eden space 167808K,  99% used [0x00000000c0000000, 0x00000000ca346440, 0x00000000ca3e0000)
  from space 20928K,  97% used [0x00000000ca3e0000, 0x00000000cb7e0140, 0x00000000cb850000)
  to   space 20928K,   0% used [0x00000000cb850000, 0x00000000cb850000, 0x00000000cccc0000)
 concurrent mark-sweep generation total 838912K, used 707643K [0x00000000cccc0000, 0x0000000100000000, 0x0000000100000000)
 Metaspace       used 3934K, capacity 4536K, committed 4864K, reserved 1056768K
  class space    used 425K, capacity 428K, committed 512K, reserved 1048576K
2024-07-26T01:31:11.235+0800: 2.834: [GC (Allocation Failure) 2024-07-26T01:31:11.235+0800: 2.834: [ParNew2024-07-26T01:31:11.247+0800: 2.846: [SoftReference, 0 refs, 0.0000431 secs]2024-07-26T01:31:11.247+0800: 2.847: [WeakReference, 0 refs, 0.0000050 secs]2024-07-26T01:31:11.247+0800: 2.847: [FinalReference, 0 refs, 0.0000045 secs]2024-07-26T01:31:11.247+0800: 2.847: [PhantomReference, 0 refs, 0.0000041 secs]2024-07-26T01:31:11.247+0800: 2.847: [JNI Weak Reference, 0.0000049 secs]
Desired survivor size 10715136 bytes, new threshold 1 (max 1)
- age   1:   20971840 bytes,   20971840 total
: 187673K->20480K(188736K), 0.0121885 secs] 895316K->757820K(1027648K), 0.0122392 secs] [Times: user=0.02 sys=0.00, real=0.01 secs] 
Heap after GC invocations=94 (full 7):
 par new generation   total 188736K, used 20480K [0x00000000c0000000, 0x00000000cccc0000, 0x00000000cccc0000)
  eden space 167808K,   0% used [0x00000000c0000000, 0x00000000c0000000, 0x00000000ca3e0000)
  from space 20928K,  97% used [0x00000000cb850000, 0x00000000ccc50140, 0x00000000cccc0000)
  to   space 20928K,   0% used [0x00000000ca3e0000, 0x00000000ca3e0000, 0x00000000cb850000)
 concurrent mark-sweep generation total 838912K, used 737339K [0x00000000cccc0000, 0x0000000100000000, 0x0000000100000000)
 Metaspace       used 3934K, capacity 4536K, committed 4864K, reserved 1056768K
  class space    used 425K, capacity 428K, committed 512K, reserved 1048576K
}
2024-07-26T01:31:11.247+0800: 2.847: Total time for which application threads were stopped: 0.0123636 seconds, Stopping threads took: 0.0000290 seconds
{Heap before GC invocations=94 (full 7):
 par new generation   total 188736K, used 187673K [0x00000000c0000000, 0x00000000cccc0000, 0x00000000cccc0000)
  eden space 167808K,  99% used [0x00000000c0000000, 0x00000000ca346440, 0x00000000ca3e0000)
  from space 20928K,  97% used [0x00000000cb850000, 0x00000000ccc50140, 0x00000000cccc0000)
  to   space 20928K,   0% used [0x00000000ca3e0000, 0x00000000ca3e0000, 0x00000000cb850000)
 concurrent mark-sweep generation total 838912K, used 737339K [0x00000000cccc0000, 0x0000000100000000, 0x0000000100000000)
 Metaspace       used 3934K, capacity 4536K, committed 4864K, reserved 1056768K
  class space    used 425K, capacity 428K, committed 512K, reserved 1048576K
2024-07-26T01:31:11.262+0800: 2.861: [GC (Allocation Failure) 2024-07-26T01:31:11.262+0800: 2.861: [ParNew2024-07-26T01:31:11.265+0800: 2.864: [SoftReference, 0 refs, 0.0000437 secs]2024-07-26T01:31:11.265+0800: 2.864: [WeakReference, 0 refs, 0.0000047 secs]2024-07-26T01:31:11.265+0800: 2.864: [FinalReference, 0 refs, 0.0000042 secs]2024-07-26T01:31:11.265+0800: 2.864: [PhantomReference, 0 refs, 0.0000039 secs]2024-07-26T01:31:11.265+0800: 2.864: [JNI Weak Reference, 0.0000047 secs]
Desired survivor size 10715136 bytes, new threshold 1 (max 1)
- age   1:   10485920 bytes,   10485920 total
: 187673K->10240K(188736K), 0.0028179 secs] 925013K->747579K(1027648K), 0.0028656 secs] [Times: user=0.02 sys=0.00, real=0.00 secs] 
Heap after GC invocations=95 (full 7):
 par new generation   total 188736K, used 10240K [0x00000000c0000000, 0x00000000cccc0000, 0x00000000cccc0000)
  eden space 167808K,   0% used [0x00000000c0000000, 0x00000000c0000000, 0x00000000ca3e0000)
  from space 20928K,  48% used [0x00000000ca3e0000, 0x00000000cade00a0, 0x00000000cb850000)
  to   space 20928K,   0% used [0x00000000cb850000, 0x00000000cb850000, 0x00000000cccc0000)
 concurrent mark-sweep generation total 838912K, used 737339K [0x00000000cccc0000, 0x0000000100000000, 0x0000000100000000)
 Metaspace       used 3934K, capacity 4536K, committed 4864K, reserved 1056768K
  class space    used 425K, capacity 428K, committed 512K, reserved 1048576K
}
2024-07-26T01:31:11.265+0800: 2.864: Total time for which application threads were stopped: 0.0030018 seconds, Stopping threads took: 0.0000339 seconds
{Heap before GC invocations=95 (full 7):
 par new generation   total 188736K, used 177433K [0x00000000c0000000, 0x00000000cccc0000, 0x00000000cccc0000)
  eden space 167808K,  99% used [0x00000000c0000000, 0x00000000ca346440, 0x00000000ca3e0000)
  from space 20928K,  48% used [0x00000000ca3e0000, 0x00000000cade00a0, 0x00000000cb850000)
  to   space 20928K,   0% used [0x00000000cb850000, 0x00000000cb850000, 0x00000000cccc0000)
 concurrent mark-sweep generation total 838912K, used 737339K [0x00000000cccc0000, 0x0000000100000000, 0x0000000100000000)
 Metaspace       used 3934K, capacity 4536K, committed 4864K, reserved 1056768K
  class space    used 425K, capacity 428K, committed 512K, reserved 1048576K
2024-07-26T01:31:11.280+0800: 2.879: [GC (Allocation Failure) 2024-07-26T01:31:11.280+0800: 2.879: [ParNew2024-07-26T01:31:11.298+0800: 2.898: [SoftReference, 0 refs, 0.0000392 secs]2024-07-26T01:31:11.299+0800: 2.898: [WeakReference, 0 refs, 0.0000049 secs]2024-07-26T01:31:11.299+0800: 2.898: [FinalReference, 0 refs, 0.0000038 secs]2024-07-26T01:31:11.299+0800: 2.898: [PhantomReference, 0 refs, 0.0000038 secs]2024-07-26T01:31:11.299+0800: 2.898: [JNI Weak Reference, 0.0000067 secs]
Desired survivor size 10715136 bytes, new threshold 1 (max 1)
- age   1:   20971840 bytes,   20971840 total
: 177433K->20480K(188736K), 0.0189374 secs] 914773K->811070K(1027648K), 0.0189997 secs] [Times: user=0.17 sys=0.00, real=0.02 secs] 
Heap after GC invocations=96 (full 7):
 par new generation   total 188736K, used 20480K [0x00000000c0000000, 0x00000000cccc0000, 0x00000000cccc0000)
  eden space 167808K,   0% used [0x00000000c0000000, 0x00000000c0000000, 0x00000000ca3e0000)
  from space 20928K,  97% used [0x00000000cb850000, 0x00000000ccc50140, 0x00000000cccc0000)
  to   space 20928K,   0% used [0x00000000ca3e0000, 0x00000000ca3e0000, 0x00000000cb850000)
 concurrent mark-sweep generation total 838912K, used 790590K [0x00000000cccc0000, 0x0000000100000000, 0x0000000100000000)
 Metaspace       used 3934K, capacity 4536K, committed 4864K, reserved 1056768K
  class space    used 425K, capacity 428K, committed 512K, reserved 1048576K
}
2024-07-26T01:31:11.299+0800: 2.898: Total time for which application threads were stopped: 0.0191576 seconds, Stopping threads took: 0.0000358 seconds
{Heap before GC invocations=96 (full 7):
 par new generation   total 188736K, used 187673K [0x00000000c0000000, 0x00000000cccc0000, 0x00000000cccc0000)
  eden space 167808K,  99% used [0x00000000c0000000, 0x00000000ca346440, 0x00000000ca3e0000)
  from space 20928K,  97% used [0x00000000cb850000, 0x00000000ccc50140, 0x00000000cccc0000)
  to   space 20928K,   0% used [0x00000000ca3e0000, 0x00000000ca3e0000, 0x00000000cb850000)
 concurrent mark-sweep generation total 838912K, used 790590K [0x00000000cccc0000, 0x0000000100000000, 0x0000000100000000)
 Metaspace       used 3934K, capacity 4536K, committed 4864K, reserved 1056768K
  class space    used 425K, capacity 428K, committed 512K, reserved 1048576K
2024-07-26T01:31:11.314+0800: 2.914: [GC (Allocation Failure) 2024-07-26T01:31:11.314+0800: 2.914: [ParNew: 187673K->187673K(188736K), 0.0000157 secs]2024-07-26T01:31:11.314+0800: 2.914: [CMS2024-07-26T01:31:11.314+0800: 2.914: [CMS-concurrent-abortable-preclean: 0.011/0.344 secs] [Times: user=0.63 sys=0.03, real=0.34 secs] 
 (concurrent mode failure)2024-07-26T01:31:11.315+0800: 2.914: [SoftReference, 0 refs, 0.0000122 secs]2024-07-26T01:31:11.315+0800: 2.914: [WeakReference, 2 refs, 0.0000043 secs]2024-07-26T01:31:11.315+0800: 2.914: [FinalReference, 2 refs, 0.0000034 secs]2024-07-26T01:31:11.315+0800: 2.914: [PhantomReference, 0 refs, 0.0000034 secs]2024-07-26T01:31:11.315+0800: 2.914: [JNI Weak Reference, 0.0000040 secs]: 790590K->34848K(838912K), 0.0084598 secs] 978264K->34848K(1027648K), [Metaspace: 3934K->3934K(1056768K)], 0.0085433 secs] [Times: user=0.00 sys=0.00, real=0.01 secs] 
Heap after GC invocations=97 (full 8):
 par new generation   total 188736K, used 0K [0x00000000c0000000, 0x00000000cccc0000, 0x00000000cccc0000)
  eden space 167808K,   0% used [0x00000000c0000000, 0x00000000c0000000, 0x00000000ca3e0000)
  from space 20928K,   0% used [0x00000000cb850000, 0x00000000cb850000, 0x00000000cccc0000)
  to   space 20928K,   0% used [0x00000000ca3e0000, 0x00000000ca3e0000, 0x00000000cb850000)
 concurrent mark-sweep generation total 838912K, used 34848K [0x00000000cccc0000, 0x0000000100000000, 0x0000000100000000)
 Metaspace       used 3934K, capacity 4536K, committed 4864K, reserved 1056768K
  class space    used 425K, capacity 428K, committed 512K, reserved 1048576K
}
2024-07-26T01:31:11.323+0800: 2.922: Total time for which application threads were stopped: 0.0086848 seconds, Stopping threads took: 0.0000341 seconds
{Heap before GC invocations=97 (full 8):
 par new generation   total 188736K, used 167193K [0x00000000c0000000, 0x00000000cccc0000, 0x00000000cccc0000)
  eden space 167808K,  99% used [0x00000000c0000000, 0x00000000ca346440, 0x00000000ca3e0000)
  from space 20928K,   0% used [0x00000000cb850000, 0x00000000cb850000, 0x00000000cccc0000)
  to   space 20928K,   0% used [0x00000000ca3e0000, 0x00000000ca3e0000, 0x00000000cb850000)
 concurrent mark-sweep generation total 838912K, used 34848K [0x00000000cccc0000, 0x0000000100000000, 0x0000000100000000)
 Metaspace       used 3934K, capacity 4536K, committed 4864K, reserved 1056768K
  class space    used 425K, capacity 428K, committed 512K, reserved 1048576K
2024-07-26T01:31:11.338+0800: 2.937: [GC (Allocation Failure) 2024-07-26T01:31:11.338+0800: 2.937: [ParNew2024-07-26T01:31:11.355+0800: 2.954: [SoftReference, 0 refs, 0.0000309 secs]2024-07-26T01:31:11.355+0800: 2.954: [WeakReference, 0 refs, 0.0000046 secs]2024-07-26T01:31:11.355+0800: 2.954: [FinalReference, 0 refs, 0.0000039 secs]2024-07-26T01:31:11.355+0800: 2.954: [PhantomReference, 0 refs, 0.0000040 secs]2024-07-26T01:31:11.355+0800: 2.954: [JNI Weak Reference, 0.0000046 secs]
Desired survivor size 10715136 bytes, new threshold 1 (max 1)
- age   1:   20971840 bytes,   20971840 total
: 167193K->20480K(188736K), 0.0169503 secs] 202041K->132132K(1027648K), 0.0169928 secs] [Times: user=0.14 sys=0.00, real=0.02 secs] 
Heap after GC invocations=98 (full 8):
 par new generation   total 188736K, used 20480K [0x00000000c0000000, 0x00000000cccc0000, 0x00000000cccc0000)
  eden space 167808K,   0% used [0x00000000c0000000, 0x00000000c0000000, 0x00000000ca3e0000)
  from space 20928K,  97% used [0x00000000ca3e0000, 0x00000000cb7e0140, 0x00000000cb850000)
  to   space 20928K,   0% used [0x00000000cb850000, 0x00000000cb850000, 0x00000000cccc0000)
 concurrent mark-sweep generation total 838912K, used 111651K [0x00000000cccc0000, 0x0000000100000000, 0x0000000100000000)
 Metaspace       used 3934K, capacity 4536K, committed 4864K, reserved 1056768K
  class space    used 425K, capacity 428K, committed 512K, reserved 1048576K
}
2024-07-26T01:31:11.355+0800: 2.954: Total time for which application threads were stopped: 0.0171046 seconds, Stopping threads took: 0.0000257 seconds
{Heap before GC invocations=98 (full 8):
 par new generation   total 188736K, used 187673K [0x00000000c0000000, 0x00000000cccc0000, 0x00000000cccc0000)
  eden space 167808K,  99% used [0x00000000c0000000, 0x00000000ca346440, 0x00000000ca3e0000)
  from space 20928K,  97% used [0x00000000ca3e0000, 0x00000000cb7e0140, 0x00000000cb850000)
  to   space 20928K,   0% used [0x00000000cb850000, 0x00000000cb850000, 0x00000000cccc0000)
 concurrent mark-sweep generation total 838912K, used 111651K [0x00000000cccc0000, 0x0000000100000000, 0x0000000100000000)
 Metaspace       used 3934K, capacity 4536K, committed 4864K, reserved 1056768K
  class space    used 425K, capacity 428K, committed 512K, reserved 1048576K
2024-07-26T01:31:11.368+0800: 2.968: [GC (Allocation Failure) 2024-07-26T01:31:11.368+0800: 2.968: [ParNew2024-07-26T01:31:11.378+0800: 2.978: [SoftReference, 0 refs, 0.0000349 secs]2024-07-26T01:31:11.378+0800: 2.978: [WeakReference, 0 refs, 0.0000045 secs]2024-07-26T01:31:11.378+0800: 2.978: [FinalReference, 0 refs, 0.0000041 secs]2024-07-26T01:31:11.378+0800: 2.978: [PhantomReference, 0 refs, 0.0000037 secs]2024-07-26T01:31:11.378+0800: 2.978: [JNI Weak Reference, 0.0000043 secs]
Desired survivor size 10715136 bytes, new threshold 1 (max 1)
- age   1:   20971840 bytes,   20971840 total
: 187673K->20480K(188736K), 0.0100242 secs] 299325K->168998K(1027648K), 0.0100664 secs] [Times: user=0.08 sys=0.00, real=0.01 secs] 
Heap after GC invocations=99 (full 8):
 par new generation   total 188736K, used 20480K [0x00000000c0000000, 0x00000000cccc0000, 0x00000000cccc0000)
  eden space 167808K,   0% used [0x00000000c0000000, 0x00000000c0000000, 0x00000000ca3e0000)
  from space 20928K,  97% used [0x00000000cb850000, 0x00000000ccc50140, 0x00000000cccc0000)
  to   space 20928K,   0% used [0x00000000ca3e0000, 0x00000000ca3e0000, 0x00000000cb850000)
 concurrent mark-sweep generation total 838912K, used 148518K [0x00000000cccc0000, 0x0000000100000000, 0x0000000100000000)
 Metaspace       used 3934K, capacity 4536K, committed 4864K, reserved 1056768K
  class space    used 425K, capacity 428K, committed 512K, reserved 1048576K
}
2024-07-26T01:31:11.379+0800: 2.978: Total time for which application threads were stopped: 0.0101766 seconds, Stopping threads took: 0.0000195 seconds
{Heap before GC invocations=99 (full 8):
 par new generation   total 188736K, used 187673K [0x00000000c0000000, 0x00000000cccc0000, 0x00000000cccc0000)
  eden space 167808K,  99% used [0x00000000c0000000, 0x00000000ca346440, 0x00000000ca3e0000)
  from space 20928K,  97% used [0x00000000cb850000, 0x00000000ccc50140, 0x00000000cccc0000)
  to   space 20928K,   0% used [0x00000000ca3e0000, 0x00000000ca3e0000, 0x00000000cb850000)
 concurrent mark-sweep generation total 838912K, used 148518K [0x00000000cccc0000, 0x0000000100000000, 0x0000000100000000)
 Metaspace       used 3934K, capacity 4536K, committed 4864K, reserved 1056768K
  class space    used 425K, capacity 428K, committed 512K, reserved 1048576K
2024-07-26T01:31:11.394+0800: 2.993: [GC (Allocation Failure) 2024-07-26T01:31:11.394+0800: 2.993: [ParNew2024-07-26T01:31:11.398+0800: 2.997: [SoftReference, 0 refs, 0.0000300 secs]2024-07-26T01:31:11.398+0800: 2.997: [WeakReference, 0 refs, 0.0000042 secs]2024-07-26T01:31:11.398+0800: 2.997: [FinalReference, 0 refs, 0.0000037 secs]2024-07-26T01:31:11.398+0800: 2.997: [PhantomReference, 0 refs, 0.0000037 secs]2024-07-26T01:31:11.398+0800: 2.997: [JNI Weak Reference, 0.0000040 secs]
Desired survivor size 10715136 bytes, new threshold 1 (max 1)
- age   1:   17826064 bytes,   17826064 total
: 187673K->17408K(188736K), 0.0036304 secs] 336191K->165926K(1027648K), 0.0036717 secs] [Times: user=0.00 sys=0.00, real=0.00 secs] 
Heap after GC invocations=100 (full 8):
 par new generation   total 188736K, used 17408K [0x00000000c0000000, 0x00000000cccc0000, 0x00000000cccc0000)
  eden space 167808K,   0% used [0x00000000c0000000, 0x00000000c0000000, 0x00000000ca3e0000)
  from space 20928K,  83% used [0x00000000ca3e0000, 0x00000000cb4e0110, 0x00000000cb850000)
  to   space 20928K,   0% used [0x00000000cb850000, 0x00000000cb850000, 0x00000000cccc0000)
 concurrent mark-sweep generation total 838912K, used 148518K [0x00000000cccc0000, 0x0000000100000000, 0x0000000100000000)
 Metaspace       used 3934K, capacity 4536K, committed 4864K, reserved 1056768K
  class space    used 425K, capacity 428K, committed 512K, reserved 1048576K
}
2024-07-26T01:31:11.398+0800: 2.997: Total time for which application threads were stopped: 0.0037871 seconds, Stopping threads took: 0.0000229 seconds
{Heap before GC invocations=100 (full 8):
 par new generation   total 188736K, used 184601K [0x00000000c0000000, 0x00000000cccc0000, 0x00000000cccc0000)
  eden space 167808K,  99% used [0x00000000c0000000, 0x00000000ca346440, 0x00000000ca3e0000)
  from space 20928K,  83% used [0x00000000ca3e0000, 0x00000000cb4e0110, 0x00000000cb850000)
  to   space 20928K,   0% used [0x00000000cb850000, 0x00000000cb850000, 0x00000000cccc0000)
 concurrent mark-sweep generation total 838912K, used 148518K [0x00000000cccc0000, 0x0000000100000000, 0x0000000100000000)
 Metaspace       used 3934K, capacity 4536K, committed 4864K, reserved 1056768K
  class space    used 425K, capacity 428K, committed 512K, reserved 1048576K
2024-07-26T01:31:11.412+0800: 3.011: [GC (Allocation Failure) 2024-07-26T01:31:11.412+0800: 3.011: [ParNew2024-07-26T01:31:11.425+0800: 3.025: [SoftReference, 0 refs, 0.0000320 secs]2024-07-26T01:31:11.425+0800: 3.025: [WeakReference, 0 refs, 0.0000044 secs]2024-07-26T01:31:11.425+0800: 3.025: [FinalReference, 0 refs, 0.0000038 secs]2024-07-26T01:31:11.425+0800: 3.025: [PhantomReference, 0 refs, 0.0000039 secs]2024-07-26T01:31:11.425+0800: 3.025: [JNI Weak Reference, 0.0000044 secs]
Desired survivor size 10715136 bytes, new threshold 1 (max 1)
- age   1:   20971840 bytes,   20971840 total
: 184601K->20480K(188736K), 0.0134562 secs] 333119K->229417K(1027648K), 0.0134978 secs] [Times: user=0.08 sys=0.00, real=0.01 secs] 
Heap after GC invocations=101 (full 8):
 par new generation   total 188736K, used 20480K [0x00000000c0000000, 0x00000000cccc0000, 0x00000000cccc0000)
  eden space 167808K,   0% used [0x00000000c0000000, 0x00000000c0000000, 0x00000000ca3e0000)
  from space 20928K,  97% used [0x00000000cb850000, 0x00000000ccc50140, 0x00000000cccc0000)
  to   space 20928K,   0% used [0x00000000ca3e0000, 0x00000000ca3e0000, 0x00000000cb850000)
 concurrent mark-sweep generation total 838912K, used 208937K [0x00000000cccc0000, 0x0000000100000000, 0x0000000100000000)
 Metaspace       used 3934K, capacity 4536K, committed 4864K, reserved 1056768K
  class space    used 425K, capacity 428K, committed 512K, reserved 1048576K
}
2024-07-26T01:31:11.425+0800: 3.025: Total time for which application threads were stopped: 0.0136183 seconds, Stopping threads took: 0.0000250 seconds
{Heap before GC invocations=101 (full 8):
 par new generation   total 188736K, used 187673K [0x00000000c0000000, 0x00000000cccc0000, 0x00000000cccc0000)
  eden space 167808K,  99% used [0x00000000c0000000, 0x00000000ca346440, 0x00000000ca3e0000)
  from space 20928K,  97% used [0x00000000cb850000, 0x00000000ccc50140, 0x00000000cccc0000)
  to   space 20928K,   0% used [0x00000000ca3e0000, 0x00000000ca3e0000, 0x00000000cb850000)
 concurrent mark-sweep generation total 838912K, used 208937K [0x00000000cccc0000, 0x0000000100000000, 0x0000000100000000)
 Metaspace       used 3934K, capacity 4536K, committed 4864K, reserved 1056768K
  class space    used 425K, capacity 428K, committed 512K, reserved 1048576K
2024-07-26T01:31:11.439+0800: 3.039: [GC (Allocation Failure) 2024-07-26T01:31:11.439+0800: 3.039: [ParNew2024-07-26T01:31:11.446+0800: 3.046: [SoftReference, 0 refs, 0.0000309 secs]2024-07-26T01:31:11.446+0800: 3.046: [WeakReference, 0 refs, 0.0000044 secs]2024-07-26T01:31:11.446+0800: 3.046: [FinalReference, 0 refs, 0.0000038 secs]2024-07-26T01:31:11.446+0800: 3.046: [PhantomReference, 0 refs, 0.0000038 secs]2024-07-26T01:31:11.446+0800: 3.046: [JNI Weak Reference, 0.0000039 secs]
Desired survivor size 10715136 bytes, new threshold 1 (max 1)
- age   1:   20971840 bytes,   20971840 total
: 187673K->20480K(188736K), 0.0066131 secs] 396610K->249900K(1027648K), 0.0066522 secs] [Times: user=0.00 sys=0.00, real=0.01 secs] 
Heap after GC invocations=102 (full 8):
 par new generation   total 188736K, used 20480K [0x00000000c0000000, 0x00000000cccc0000, 0x00000000cccc0000)
  eden space 167808K,   0% used [0x00000000c0000000, 0x00000000c0000000, 0x00000000ca3e0000)
  from space 20928K,  97% used [0x00000000ca3e0000, 0x00000000cb7e0140, 0x00000000cb850000)
  to   space 20928K,   0% used [0x00000000cb850000, 0x00000000cb850000, 0x00000000cccc0000)
 concurrent mark-sweep generation total 838912K, used 229419K [0x00000000cccc0000, 0x0000000100000000, 0x0000000100000000)
 Metaspace       used 3934K, capacity 4536K, committed 4864K, reserved 1056768K
  class space    used 425K, capacity 428K, committed 512K, reserved 1048576K
}
2024-07-26T01:31:11.446+0800: 3.046: Total time for which application threads were stopped: 0.0067699 seconds, Stopping threads took: 0.0000249 seconds
{Heap before GC invocations=102 (full 8):
 par new generation   total 188736K, used 187673K [0x00000000c0000000, 0x00000000cccc0000, 0x00000000cccc0000)
  eden space 167808K,  99% used [0x00000000c0000000, 0x00000000ca346440, 0x00000000ca3e0000)
  from space 20928K,  97% used [0x00000000ca3e0000, 0x00000000cb7e0140, 0x00000000cb850000)
  to   space 20928K,   0% used [0x00000000cb850000, 0x00000000cb850000, 0x00000000cccc0000)
 concurrent mark-sweep generation total 838912K, used 229419K [0x00000000cccc0000, 0x0000000100000000, 0x0000000100000000)
 Metaspace       used 3934K, capacity 4536K, committed 4864K, reserved 1056768K
  class space    used 425K, capacity 428K, committed 512K, reserved 1048576K
2024-07-26T01:31:11.460+0800: 3.060: [GC (Allocation Failure) 2024-07-26T01:31:11.460+0800: 3.060: [ParNew2024-07-26T01:31:11.461+0800: 3.061: [SoftReference, 0 refs, 0.0000230 secs]2024-07-26T01:31:11.461+0800: 3.061: [WeakReference, 0 refs, 0.0000045 secs]2024-07-26T01:31:11.461+0800: 3.061: [FinalReference, 0 refs, 0.0000040 secs]2024-07-26T01:31:11.461+0800: 3.061: [PhantomReference, 0 refs, 0.0000039 secs]2024-07-26T01:31:11.461+0800: 3.061: [JNI Weak Reference, 0.0000042 secs]
Desired survivor size 10715136 bytes, new threshold 1 (max 1)
- age   1:    1048592 bytes,    1048592 total
: 187673K->1024K(188736K), 0.0009345 secs] 417093K->230443K(1027648K), 0.0009717 secs] [Times: user=0.00 sys=0.00, real=0.00 secs] 
Heap after GC invocations=103 (full 8):
 par new generation   total 188736K, used 1024K [0x00000000c0000000, 0x00000000cccc0000, 0x00000000cccc0000)
  eden space 167808K,   0% used [0x00000000c0000000, 0x00000000c0000000, 0x00000000ca3e0000)
  from space 20928K,   4% used [0x00000000cb850000, 0x00000000cb950010, 0x00000000cccc0000)
  to   space 20928K,   0% used [0x00000000ca3e0000, 0x00000000ca3e0000, 0x00000000cb850000)
 concurrent mark-sweep generation total 838912K, used 229419K [0x00000000cccc0000, 0x0000000100000000, 0x0000000100000000)
 Metaspace       used 3934K, capacity 4536K, committed 4864K, reserved 1056768K
  class space    used 425K, capacity 428K, committed 512K, reserved 1048576K
}
2024-07-26T01:31:11.461+0800: 3.061: Total time for which application threads were stopped: 0.0010736 seconds, Stopping threads took: 0.0000195 seconds
{Heap before GC invocations=103 (full 8):
 par new generation   total 188736K, used 168217K [0x00000000c0000000, 0x00000000cccc0000, 0x00000000cccc0000)
  eden space 167808K,  99% used [0x00000000c0000000, 0x00000000ca346440, 0x00000000ca3e0000)
  from space 20928K,   4% used [0x00000000cb850000, 0x00000000cb950010, 0x00000000cccc0000)
  to   space 20928K,   0% used [0x00000000ca3e0000, 0x00000000ca3e0000, 0x00000000cb850000)
 concurrent mark-sweep generation total 838912K, used 229419K [0x00000000cccc0000, 0x0000000100000000, 0x0000000100000000)
 Metaspace       used 3934K, capacity 4536K, committed 4864K, reserved 1056768K
  class space    used 425K, capacity 428K, committed 512K, reserved 1048576K
2024-07-26T01:31:11.476+0800: 3.075: [GC (Allocation Failure) 2024-07-26T01:31:11.476+0800: 3.075: [ParNew2024-07-26T01:31:11.487+0800: 3.087: [SoftReference, 0 refs, 0.0000408 secs]2024-07-26T01:31:11.487+0800: 3.087: [WeakReference, 0 refs, 0.0000098 secs]2024-07-26T01:31:11.487+0800: 3.087: [FinalReference, 0 refs, 0.0000041 secs]2024-07-26T01:31:11.487+0800: 3.087: [PhantomReference, 0 refs, 0.0000038 secs]2024-07-26T01:31:11.487+0800: 3.087: [JNI Weak Reference, 0.0000044 secs]
Desired survivor size 10715136 bytes, new threshold 1 (max 1)
- age   1:   20971840 bytes,   20971840 total
: 168217K->20480K(188736K), 0.0114310 secs] 397636K->293932K(1027648K), 0.0114708 secs] [Times: user=0.08 sys=0.00, real=0.01 secs] 
Heap after GC invocations=104 (full 8):
 par new generation   total 188736K, used 20480K [0x00000000c0000000, 0x00000000cccc0000, 0x00000000cccc0000)
  eden space 167808K,   0% used [0x00000000c0000000, 0x00000000c0000000, 0x00000000ca3e0000)
  from space 20928K,  97% used [0x00000000ca3e0000, 0x00000000cb7e0140, 0x00000000cb850000)
  to   space 20928K,   0% used [0x00000000cb850000, 0x00000000cb850000, 0x00000000cccc0000)
 concurrent mark-sweep generation total 838912K, used 273452K [0x00000000cccc0000, 0x0000000100000000, 0x0000000100000000)
 Metaspace       used 3934K, capacity 4536K, committed 4864K, reserved 1056768K
  class space    used 425K, capacity 428K, committed 512K, reserved 1048576K
}
2024-07-26T01:31:11.487+0800: 3.087: Total time for which application threads were stopped: 0.0116004 seconds, Stopping threads took: 0.0000326 seconds
{Heap before GC invocations=104 (full 8):
 par new generation   total 188736K, used 187673K [0x00000000c0000000, 0x00000000cccc0000, 0x00000000cccc0000)
  eden space 167808K,  99% used [0x00000000c0000000, 0x00000000ca346440, 0x00000000ca3e0000)
  from space 20928K,  97% used [0x00000000ca3e0000, 0x00000000cb7e0140, 0x00000000cb850000)
  to   space 20928K,   0% used [0x00000000cb850000, 0x00000000cb850000, 0x00000000cccc0000)
 concurrent mark-sweep generation total 838912K, used 273452K [0x00000000cccc0000, 0x0000000100000000, 0x0000000100000000)
 Metaspace       used 3934K, capacity 4536K, committed 4864K, reserved 1056768K
  class space    used 425K, capacity 428K, committed 512K, reserved 1048576K
2024-07-26T01:31:11.502+0800: 3.102: [GC (Allocation Failure) 2024-07-26T01:31:11.502+0800: 3.102: [ParNew2024-07-26T01:31:11.507+0800: 3.107: [SoftReference, 0 refs, 0.0000326 secs]2024-07-26T01:31:11.507+0800: 3.107: [WeakReference, 0 refs, 0.0000048 secs]2024-07-26T01:31:11.507+0800: 3.107: [FinalReference, 0 refs, 0.0000044 secs]2024-07-26T01:31:11.507+0800: 3.107: [PhantomReference, 0 refs, 0.0000041 secs]2024-07-26T01:31:11.507+0800: 3.107: [JNI Weak Reference, 0.0000046 secs]
Desired survivor size 10715136 bytes, new threshold 1 (max 1)
- age   1:   20971840 bytes,   20971840 total
: 187673K->20480K(188736K), 0.0052392 secs] 461125K->298028K(1027648K), 0.0052747 secs] [Times: user=0.00 sys=0.00, real=0.01 secs] 
Heap after GC invocations=105 (full 8):
 par new generation   total 188736K, used 20480K [0x00000000c0000000, 0x00000000cccc0000, 0x00000000cccc0000)
  eden space 167808K,   0% used [0x00000000c0000000, 0x00000000c0000000, 0x00000000ca3e0000)
  from space 20928K,  97% used [0x00000000cb850000, 0x00000000ccc50140, 0x00000000cccc0000)
  to   space 20928K,   0% used [0x00000000ca3e0000, 0x00000000ca3e0000, 0x00000000cb850000)
 concurrent mark-sweep generation total 838912K, used 277548K [0x00000000cccc0000, 0x0000000100000000, 0x0000000100000000)
 Metaspace       used 3934K, capacity 4536K, committed 4864K, reserved 1056768K
  class space    used 425K, capacity 428K, committed 512K, reserved 1048576K
}
2024-07-26T01:31:11.508+0800: 3.107: Total time for which application threads were stopped: 0.0053910 seconds, Stopping threads took: 0.0000248 seconds
{Heap before GC invocations=105 (full 8):
 par new generation   total 188736K, used 187673K [0x00000000c0000000, 0x00000000cccc0000, 0x00000000cccc0000)
  eden space 167808K,  99% used [0x00000000c0000000, 0x00000000ca346440, 0x00000000ca3e0000)
  from space 20928K,  97% used [0x00000000cb850000, 0x00000000ccc50140, 0x00000000cccc0000)
  to   space 20928K,   0% used [0x00000000ca3e0000, 0x00000000ca3e0000, 0x00000000cb850000)
 concurrent mark-sweep generation total 838912K, used 277548K [0x00000000cccc0000, 0x0000000100000000, 0x0000000100000000)
 Metaspace       used 3934K, capacity 4536K, committed 4864K, reserved 1056768K
  class space    used 425K, capacity 428K, committed 512K, reserved 1048576K
2024-07-26T01:31:11.521+0800: 3.121: [GC (Allocation Failure) 2024-07-26T01:31:11.521+0800: 3.121: [ParNew2024-07-26T01:31:11.535+0800: 3.135: [SoftReference, 0 refs, 0.0000339 secs]2024-07-26T01:31:11.535+0800: 3.135: [WeakReference, 0 refs, 0.0000050 secs]2024-07-26T01:31:11.535+0800: 3.135: [FinalReference, 0 refs, 0.0000043 secs]2024-07-26T01:31:11.535+0800: 3.135: [PhantomReference, 0 refs, 0.0000040 secs]2024-07-26T01:31:11.535+0800: 3.135: [JNI Weak Reference, 0.0000048 secs]
Desired survivor size 10715136 bytes, new threshold 1 (max 1)
- age   1:   20971840 bytes,   20971840 total
: 187673K->20480K(188736K), 0.0140512 secs] 465221K->365616K(1027648K), 0.0140945 secs] [Times: user=0.05 sys=0.02, real=0.01 secs] 
Heap after GC invocations=106 (full 8):
 par new generation   total 188736K, used 20480K [0x00000000c0000000, 0x00000000cccc0000, 0x00000000cccc0000)
  eden space 167808K,   0% used [0x00000000c0000000, 0x00000000c0000000, 0x00000000ca3e0000)
  from space 20928K,  97% used [0x00000000ca3e0000, 0x00000000cb7e0140, 0x00000000cb850000)
  to   space 20928K,   0% used [0x00000000cb850000, 0x00000000cb850000, 0x00000000cccc0000)
 concurrent mark-sweep generation total 838912K, used 345135K [0x00000000cccc0000, 0x0000000100000000, 0x0000000100000000)
 Metaspace       used 3934K, capacity 4536K, committed 4864K, reserved 1056768K
  class space    used 425K, capacity 428K, committed 512K, reserved 1048576K
}
2024-07-26T01:31:11.536+0800: 3.135: Total time for which application threads were stopped: 0.0142096 seconds, Stopping threads took: 0.0000221 seconds
2024-07-26T01:31:11.536+0800: 3.135: [GC (CMS Initial Mark) [1 CMS-initial-mark: 345135K(838912K)] 371014K(1027648K), 0.0002528 secs] [Times: user=0.00 sys=0.00, real=0.00 secs] 
2024-07-26T01:31:11.536+0800: 3.135: Total time for which application threads were stopped: 0.0003873 seconds, Stopping threads took: 0.0000841 seconds
2024-07-26T01:31:11.536+0800: 3.135: [CMS-concurrent-mark-start]
2024-07-26T01:31:11.538+0800: 3.137: [CMS-concurrent-mark: 0.002/0.002 secs] [Times: user=0.00 sys=0.00, real=0.00 secs] 
2024-07-26T01:31:11.538+0800: 3.137: [CMS-concurrent-preclean-start]
2024-07-26T01:31:11.538+0800: 3.137: [Preclean SoftReferences, 0.0000050 secs]2024-07-26T01:31:11.538+0800: 3.137: [Preclean WeakReferences, 0.0000039 secs]2024-07-26T01:31:11.538+0800: 3.137: [Preclean FinalReferences, 0.0000031 secs]2024-07-26T01:31:11.538+0800: 3.137: [Preclean PhantomReferences, 0.0000032 secs]2024-07-26T01:31:11.539+0800: 3.138: [CMS-concurrent-preclean: 0.001/0.001 secs] [Times: user=0.00 sys=0.00, real=0.00 secs] 
2024-07-26T01:31:11.539+0800: 3.138: [CMS-concurrent-abortable-preclean-start]
{Heap before GC invocations=106 (full 9):
 par new generation   total 188736K, used 187673K [0x00000000c0000000, 0x00000000cccc0000, 0x00000000cccc0000)
  eden space 167808K,  99% used [0x00000000c0000000, 0x00000000ca346440, 0x00000000ca3e0000)
  from space 20928K,  97% used [0x00000000ca3e0000, 0x00000000cb7e0140, 0x00000000cb850000)
  to   space 20928K,   0% used [0x00000000cb850000, 0x00000000cb850000, 0x00000000cccc0000)
 concurrent mark-sweep generation total 838912K, used 345135K [0x00000000cccc0000, 0x0000000100000000, 0x0000000100000000)
 Metaspace       used 3934K, capacity 4536K, committed 4864K, reserved 1056768K
  class space    used 425K, capacity 428K, committed 512K, reserved 1048576K
2024-07-26T01:31:11.551+0800: 3.150: [GC (Allocation Failure) 2024-07-26T01:31:11.551+0800: 3.150: [ParNew2024-07-26T01:31:11.558+0800: 3.157: [SoftReference, 0 refs, 0.0000359 secs]2024-07-26T01:31:11.558+0800: 3.157: [WeakReference, 0 refs, 0.0000047 secs]2024-07-26T01:31:11.558+0800: 3.158: [FinalReference, 0 refs, 0.0000162 secs]2024-07-26T01:31:11.558+0800: 3.158: [PhantomReference, 0 refs, 0.0000039 secs]2024-07-26T01:31:11.558+0800: 3.158: [JNI Weak Reference, 0.0000044 secs]
Desired survivor size 10715136 bytes, new threshold 1 (max 1)
- age   1:   20971840 bytes,   20971840 total
: 187673K->20480K(188736K), 0.0070826 secs] 532809K->393264K(1027648K), 0.0071187 secs] [Times: user=0.00 sys=0.00, real=0.01 secs] 
Heap after GC invocations=107 (full 9):
 par new generation   total 188736K, used 20480K [0x00000000c0000000, 0x00000000cccc0000, 0x00000000cccc0000)
  eden space 167808K,   0% used [0x00000000c0000000, 0x00000000c0000000, 0x00000000ca3e0000)
  from space 20928K,  97% used [0x00000000cb850000, 0x00000000ccc50140, 0x00000000cccc0000)
  to   space 20928K,   0% used [0x00000000ca3e0000, 0x00000000ca3e0000, 0x00000000cb850000)
 concurrent mark-sweep generation total 838912K, used 372784K [0x00000000cccc0000, 0x0000000100000000, 0x0000000100000000)
 Metaspace       used 3934K, capacity 4536K, committed 4864K, reserved 1056768K
  class space    used 425K, capacity 428K, committed 512K, reserved 1048576K
}
2024-07-26T01:31:11.558+0800: 3.158: Total time for which application threads were stopped: 0.0072299 seconds, Stopping threads took: 0.0000216 seconds
{Heap before GC invocations=107 (full 9):
 par new generation   total 188736K, used 187673K [0x00000000c0000000, 0x00000000cccc0000, 0x00000000cccc0000)
  eden space 167808K,  99% used [0x00000000c0000000, 0x00000000ca346440, 0x00000000ca3e0000)
  from space 20928K,  97% used [0x00000000cb850000, 0x00000000ccc50140, 0x00000000cccc0000)
  to   space 20928K,   0% used [0x00000000ca3e0000, 0x00000000ca3e0000, 0x00000000cb850000)
 concurrent mark-sweep generation total 838912K, used 372784K [0x00000000cccc0000, 0x0000000100000000, 0x0000000100000000)
 Metaspace       used 3934K, capacity 4536K, committed 4864K, reserved 1056768K
  class space    used 425K, capacity 428K, committed 512K, reserved 1048576K
2024-07-26T01:31:11.573+0800: 3.172: [GC (Allocation Failure) 2024-07-26T01:31:11.573+0800: 3.172: [ParNew2024-07-26T01:31:11.575+0800: 3.174: [SoftReference, 0 refs, 0.0000252 secs]2024-07-26T01:31:11.575+0800: 3.174: [WeakReference, 0 refs, 0.0000045 secs]2024-07-26T01:31:11.575+0800: 3.174: [FinalReference, 0 refs, 0.0000041 secs]2024-07-26T01:31:11.575+0800: 3.174: [PhantomReference, 0 refs, 0.0000040 secs]2024-07-26T01:31:11.575+0800: 3.174: [JNI Weak Reference, 0.0000045 secs]
Desired survivor size 10715136 bytes, new threshold 1 (max 1)
- age   1:    8388736 bytes,    8388736 total
: 187673K->8192K(188736K), 0.0018026 secs] 560457K->380976K(1027648K), 0.0018433 secs] [Times: user=0.02 sys=0.00, real=0.00 secs] 
Heap after GC invocations=108 (full 9):
 par new generation   total 188736K, used 8192K [0x00000000c0000000, 0x00000000cccc0000, 0x00000000cccc0000)
  eden space 167808K,   0% used [0x00000000c0000000, 0x00000000c0000000, 0x00000000ca3e0000)
  from space 20928K,  39% used [0x00000000ca3e0000, 0x00000000cabe0080, 0x00000000cb850000)
  to   space 20928K,   0% used [0x00000000cb850000, 0x00000000cb850000, 0x00000000cccc0000)
 concurrent mark-sweep generation total 838912K, used 372784K [0x00000000cccc0000, 0x0000000100000000, 0x0000000100000000)
 Metaspace       used 3934K, capacity 4536K, committed 4864K, reserved 1056768K
  class space    used 425K, capacity 428K, committed 512K, reserved 1048576K
}
2024-07-26T01:31:11.575+0800: 3.174: Total time for which application threads were stopped: 0.0019607 seconds, Stopping threads took: 0.0000243 seconds
{Heap before GC invocations=108 (full 9):
 par new generation   total 188736K, used 175385K [0x00000000c0000000, 0x00000000cccc0000, 0x00000000cccc0000)
  eden space 167808K,  99% used [0x00000000c0000000, 0x00000000ca346440, 0x00000000ca3e0000)
  from space 20928K,  39% used [0x00000000ca3e0000, 0x00000000cabe0080, 0x00000000cb850000)
  to   space 20928K,   0% used [0x00000000cb850000, 0x00000000cb850000, 0x00000000cccc0000)
 concurrent mark-sweep generation total 838912K, used 372784K [0x00000000cccc0000, 0x0000000100000000, 0x0000000100000000)
 Metaspace       used 3934K, capacity 4536K, committed 4864K, reserved 1056768K
  class space    used 425K, capacity 428K, committed 512K, reserved 1048576K
2024-07-26T01:31:11.589+0800: 3.189: [GC (Allocation Failure) 2024-07-26T01:31:11.589+0800: 3.189: [ParNew2024-07-26T01:31:11.602+0800: 3.202: [SoftReference, 0 refs, 0.0000353 secs]2024-07-26T01:31:11.602+0800: 3.202: [WeakReference, 0 refs, 0.0000044 secs]2024-07-26T01:31:11.602+0800: 3.202: [FinalReference, 0 refs, 0.0000042 secs]2024-07-26T01:31:11.602+0800: 3.202: [PhantomReference, 0 refs, 0.0000036 secs]2024-07-26T01:31:11.602+0800: 3.202: [JNI Weak Reference, 0.0000045 secs]
Desired survivor size 10715136 bytes, new threshold 1 (max 1)
- age   1:   20971840 bytes,   20971840 total
: 175385K->20480K(188736K), 0.0131231 secs] 548169K->444467K(1027648K), 0.0131644 secs] [Times: user=0.03 sys=0.01, real=0.01 secs] 
Heap after GC invocations=109 (full 9):
 par new generation   total 188736K, used 20480K [0x00000000c0000000, 0x00000000cccc0000, 0x00000000cccc0000)
  eden space 167808K,   0% used [0x00000000c0000000, 0x00000000c0000000, 0x00000000ca3e0000)
  from space 20928K,  97% used [0x00000000cb850000, 0x00000000ccc50140, 0x00000000cccc0000)
  to   space 20928K,   0% used [0x00000000ca3e0000, 0x00000000ca3e0000, 0x00000000cb850000)
 concurrent mark-sweep generation total 838912K, used 423986K [0x00000000cccc0000, 0x0000000100000000, 0x0000000100000000)
 Metaspace       used 3934K, capacity 4536K, committed 4864K, reserved 1056768K
  class space    used 425K, capacity 428K, committed 512K, reserved 1048576K
}
2024-07-26T01:31:11.603+0800: 3.202: Total time for which application threads were stopped: 0.0132825 seconds, Stopping threads took: 0.0000259 seconds
{Heap before GC invocations=109 (full 9):
 par new generation   total 188736K, used 187673K [0x00000000c0000000, 0x00000000cccc0000, 0x00000000cccc0000)
  eden space 167808K,  99% used [0x00000000c0000000, 0x00000000ca346440, 0x00000000ca3e0000)
  from space 20928K,  97% used [0x00000000cb850000, 0x00000000ccc50140, 0x00000000cccc0000)
  to   space 20928K,   0% used [0x00000000ca3e0000, 0x00000000ca3e0000, 0x00000000cb850000)
 concurrent mark-sweep generation total 838912K, used 423986K [0x00000000cccc0000, 0x0000000100000000, 0x0000000100000000)
 Metaspace       used 3934K, capacity 4536K, committed 4864K, reserved 1056768K
  class space    used 425K, capacity 428K, committed 512K, reserved 1048576K
2024-07-26T01:31:11.618+0800: 3.217: [GC (Allocation Failure) 2024-07-26T01:31:11.618+0800: 3.217: [ParNew2024-07-26T01:31:11.624+0800: 3.223: [SoftReference, 0 refs, 0.0000540 secs]2024-07-26T01:31:11.624+0800: 3.223: [WeakReference, 0 refs, 0.0000082 secs]2024-07-26T01:31:11.624+0800: 3.223: [FinalReference, 0 refs, 0.0000073 secs]2024-07-26T01:31:11.624+0800: 3.223: [PhantomReference, 0 refs, 0.0000069 secs]2024-07-26T01:31:11.624+0800: 3.223: [JNI Weak Reference, 0.0000070 secs]
Desired survivor size 10715136 bytes, new threshold 1 (max 1)
- age   1:   20971840 bytes,   20971840 total
: 187673K->20480K(188736K), 0.0056497 secs] 611660K->455731K(1027648K), 0.0056942 secs] [Times: user=0.02 sys=0.00, real=0.01 secs] 
Heap after GC invocations=110 (full 9):
 par new generation   total 188736K, used 20480K [0x00000000c0000000, 0x00000000cccc0000, 0x00000000cccc0000)
  eden space 167808K,   0% used [0x00000000c0000000, 0x00000000c0000000, 0x00000000ca3e0000)
  from space 20928K,  97% used [0x00000000ca3e0000, 0x00000000cb7e0140, 0x00000000cb850000)
  to   space 20928K,   0% used [0x00000000cb850000, 0x00000000cb850000, 0x00000000cccc0000)
 concurrent mark-sweep generation total 838912K, used 435251K [0x00000000cccc0000, 0x0000000100000000, 0x0000000100000000)
 Metaspace       used 3934K, capacity 4536K, committed 4864K, reserved 1056768K
  class space    used 425K, capacity 428K, committed 512K, reserved 1048576K
}
2024-07-26T01:31:11.624+0800: 3.223: Total time for which application threads were stopped: 0.0058322 seconds, Stopping threads took: 0.0000249 seconds
{Heap before GC invocations=110 (full 9):
 par new generation   total 188736K, used 187673K [0x00000000c0000000, 0x00000000cccc0000, 0x00000000cccc0000)
  eden space 167808K,  99% used [0x00000000c0000000, 0x00000000ca346440, 0x00000000ca3e0000)
  from space 20928K,  97% used [0x00000000ca3e0000, 0x00000000cb7e0140, 0x00000000cb850000)
  to   space 20928K,   0% used [0x00000000cb850000, 0x00000000cb850000, 0x00000000cccc0000)
 concurrent mark-sweep generation total 838912K, used 435251K [0x00000000cccc0000, 0x0000000100000000, 0x0000000100000000)
 Metaspace       used 3934K, capacity 4536K, committed 4864K, reserved 1056768K
  class space    used 425K, capacity 428K, committed 512K, reserved 1048576K
2024-07-26T01:31:11.640+0800: 3.239: [GC (Allocation Failure) 2024-07-26T01:31:11.640+0800: 3.239: [ParNew2024-07-26T01:31:11.657+0800: 3.256: [SoftReference, 0 refs, 0.0000340 secs]2024-07-26T01:31:11.657+0800: 3.256: [WeakReference, 0 refs, 0.0000044 secs]2024-07-26T01:31:11.657+0800: 3.256: [FinalReference, 0 refs, 0.0000041 secs]2024-07-26T01:31:11.657+0800: 3.256: [PhantomReference, 0 refs, 0.0000038 secs]2024-07-26T01:31:11.657+0800: 3.256: [JNI Weak Reference, 0.0000044 secs]
Desired survivor size 10715136 bytes, new threshold 1 (max 1)
- age   1:   20971840 bytes,   20971840 total
: 187673K->20480K(188736K), 0.0170060 secs] 622924K->530486K(1027648K), 0.0171236 secs] [Times: user=0.09 sys=0.00, real=0.02 secs] 
Heap after GC invocations=111 (full 9):
 par new generation   total 188736K, used 20480K [0x00000000c0000000, 0x00000000cccc0000, 0x00000000cccc0000)
  eden space 167808K,   0% used [0x00000000c0000000, 0x00000000c0000000, 0x00000000ca3e0000)
  from space 20928K,  97% used [0x00000000cb850000, 0x00000000ccc50140, 0x00000000cccc0000)
  to   space 20928K,   0% used [0x00000000ca3e0000, 0x00000000ca3e0000, 0x00000000cb850000)
 concurrent mark-sweep generation total 838912K, used 510006K [0x00000000cccc0000, 0x0000000100000000, 0x0000000100000000)
 Metaspace       used 3934K, capacity 4536K, committed 4864K, reserved 1056768K
  class space    used 425K, capacity 428K, committed 512K, reserved 1048576K
}
2024-07-26T01:31:11.657+0800: 3.256: Total time for which application threads were stopped: 0.0172959 seconds, Stopping threads took: 0.0000718 seconds
{Heap before GC invocations=111 (full 9):
 par new generation   total 188736K, used 187673K [0x00000000c0000000, 0x00000000cccc0000, 0x00000000cccc0000)
  eden space 167808K,  99% used [0x00000000c0000000, 0x00000000ca346440, 0x00000000ca3e0000)
  from space 20928K,  97% used [0x00000000cb850000, 0x00000000ccc50140, 0x00000000cccc0000)
  to   space 20928K,   0% used [0x00000000ca3e0000, 0x00000000ca3e0000, 0x00000000cb850000)
 concurrent mark-sweep generation total 838912K, used 510006K [0x00000000cccc0000, 0x0000000100000000, 0x0000000100000000)
 Metaspace       used 3934K, capacity 4536K, committed 4864K, reserved 1056768K
  class space    used 425K, capacity 428K, committed 512K, reserved 1048576K
2024-07-26T01:31:11.673+0800: 3.272: [GC (Allocation Failure) 2024-07-26T01:31:11.673+0800: 3.272: [ParNew2024-07-26T01:31:11.683+0800: 3.282: [SoftReference, 0 refs, 0.0000349 secs]2024-07-26T01:31:11.683+0800: 3.282: [WeakReference, 0 refs, 0.0000044 secs]2024-07-26T01:31:11.683+0800: 3.282: [FinalReference, 0 refs, 0.0000041 secs]2024-07-26T01:31:11.683+0800: 3.282: [PhantomReference, 0 refs, 0.0000039 secs]2024-07-26T01:31:11.683+0800: 3.282: [JNI Weak Reference, 0.0000045 secs]
Desired survivor size 10715136 bytes, new threshold 1 (max 1)
- age   1:   20971840 bytes,   20971840 total
: 187673K->20480K(188736K), 0.0100530 secs] 697679K->565303K(1027648K), 0.0100977 secs] [Times: user=0.00 sys=0.00, real=0.01 secs] 
Heap after GC invocations=112 (full 9):
 par new generation   total 188736K, used 20480K [0x00000000c0000000, 0x00000000cccc0000, 0x00000000cccc0000)
  eden space 167808K,   0% used [0x00000000c0000000, 0x00000000c0000000, 0x00000000ca3e0000)
  from space 20928K,  97% used [0x00000000ca3e0000, 0x00000000cb7e0140, 0x00000000cb850000)
  to   space 20928K,   0% used [0x00000000cb850000, 0x00000000cb850000, 0x00000000cccc0000)
 concurrent mark-sweep generation total 838912K, used 544822K [0x00000000cccc0000, 0x0000000100000000, 0x0000000100000000)
 Metaspace       used 3934K, capacity 4536K, committed 4864K, reserved 1056768K
  class space    used 425K, capacity 428K, committed 512K, reserved 1048576K
}
2024-07-26T01:31:11.683+0800: 3.282: Total time for which application threads were stopped: 0.0102269 seconds, Stopping threads took: 0.0000295 seconds
{Heap before GC invocations=112 (full 9):
 par new generation   total 188736K, used 187673K [0x00000000c0000000, 0x00000000cccc0000, 0x00000000cccc0000)
  eden space 167808K,  99% used [0x00000000c0000000, 0x00000000ca346440, 0x00000000ca3e0000)
  from space 20928K,  97% used [0x00000000ca3e0000, 0x00000000cb7e0140, 0x00000000cb850000)
  to   space 20928K,   0% used [0x00000000cb850000, 0x00000000cb850000, 0x00000000cccc0000)
 concurrent mark-sweep generation total 838912K, used 544822K [0x00000000cccc0000, 0x0000000100000000, 0x0000000100000000)
 Metaspace       used 3934K, capacity 4536K, committed 4864K, reserved 1056768K
  class space    used 425K, capacity 428K, committed 512K, reserved 1048576K
2024-07-26T01:31:11.697+0800: 3.296: [GC (Allocation Failure) 2024-07-26T01:31:11.697+0800: 3.296: [ParNew2024-07-26T01:31:11.700+0800: 3.299: [SoftReference, 0 refs, 0.0000232 secs]2024-07-26T01:31:11.700+0800: 3.299: [WeakReference, 0 refs, 0.0000046 secs]2024-07-26T01:31:11.700+0800: 3.299: [FinalReference, 0 refs, 0.0000090 secs]2024-07-26T01:31:11.700+0800: 3.299: [PhantomReference, 0 refs, 0.0000044 secs]2024-07-26T01:31:11.700+0800: 3.299: [JNI Weak Reference, 0.0000049 secs]
Desired survivor size 10715136 bytes, new threshold 1 (max 1)
- age   1:   15728880 bytes,   15728880 total
: 187673K->15360K(188736K), 0.0026660 secs] 732496K->560183K(1027648K), 0.0027110 secs] [Times: user=0.00 sys=0.00, real=0.00 secs] 
Heap after GC invocations=113 (full 9):
 par new generation   total 188736K, used 15360K [0x00000000c0000000, 0x00000000cccc0000, 0x00000000cccc0000)
  eden space 167808K,   0% used [0x00000000c0000000, 0x00000000c0000000, 0x00000000ca3e0000)
  from space 20928K,  73% used [0x00000000cb850000, 0x00000000cc7500f0, 0x00000000cccc0000)
  to   space 20928K,   0% used [0x00000000ca3e0000, 0x00000000ca3e0000, 0x00000000cb850000)
 concurrent mark-sweep generation total 838912K, used 544822K [0x00000000cccc0000, 0x0000000100000000, 0x0000000100000000)
 Metaspace       used 3934K, capacity 4536K, committed 4864K, reserved 1056768K
  class space    used 425K, capacity 428K, committed 512K, reserved 1048576K
}
2024-07-26T01:31:11.700+0800: 3.299: Total time for which application threads were stopped: 0.0028281 seconds, Stopping threads took: 0.0000231 seconds
{Heap before GC invocations=113 (full 9):
 par new generation   total 188736K, used 182553K [0x00000000c0000000, 0x00000000cccc0000, 0x00000000cccc0000)
  eden space 167808K,  99% used [0x00000000c0000000, 0x00000000ca346440, 0x00000000ca3e0000)
  from space 20928K,  73% used [0x00000000cb850000, 0x00000000cc7500f0, 0x00000000cccc0000)
  to   space 20928K,   0% used [0x00000000ca3e0000, 0x00000000ca3e0000, 0x00000000cb850000)
 concurrent mark-sweep generation total 838912K, used 544822K [0x00000000cccc0000, 0x0000000100000000, 0x0000000100000000)
 Metaspace       used 3934K, capacity 4536K, committed 4864K, reserved 1056768K
  class space    used 425K, capacity 428K, committed 512K, reserved 1048576K
2024-07-26T01:31:11.713+0800: 3.313: [GC (Allocation Failure) 2024-07-26T01:31:11.713+0800: 3.313: [ParNew2024-07-26T01:31:11.725+0800: 3.325: [SoftReference, 0 refs, 0.0000307 secs]2024-07-26T01:31:11.725+0800: 3.325: [WeakReference, 0 refs, 0.0000044 secs]2024-07-26T01:31:11.725+0800: 3.325: [FinalReference, 0 refs, 0.0000040 secs]2024-07-26T01:31:11.725+0800: 3.325: [PhantomReference, 0 refs, 0.0000036 secs]2024-07-26T01:31:11.725+0800: 3.325: [JNI Weak Reference, 0.0000082 secs]
Desired survivor size 10715136 bytes, new threshold 1 (max 1)
- age   1:   20971840 bytes,   20971840 total
: 182553K->20480K(188736K), 0.0120264 secs] 727376K->623672K(1027648K), 0.0120660 secs] [Times: user=0.09 sys=0.00, real=0.01 secs] 
Heap after GC invocations=114 (full 9):
 par new generation   total 188736K, used 20480K [0x00000000c0000000, 0x00000000cccc0000, 0x00000000cccc0000)
  eden space 167808K,   0% used [0x00000000c0000000, 0x00000000c0000000, 0x00000000ca3e0000)
  from space 20928K,  97% used [0x00000000ca3e0000, 0x00000000cb7e0140, 0x00000000cb850000)
  to   space 20928K,   0% used [0x00000000cb850000, 0x00000000cb850000, 0x00000000cccc0000)
 concurrent mark-sweep generation total 838912K, used 603191K [0x00000000cccc0000, 0x0000000100000000, 0x0000000100000000)
 Metaspace       used 3934K, capacity 4536K, committed 4864K, reserved 1056768K
  class space    used 425K, capacity 428K, committed 512K, reserved 1048576K
}
2024-07-26T01:31:11.725+0800: 3.325: Total time for which application threads were stopped: 0.0121835 seconds, Stopping threads took: 0.0000264 seconds
{Heap before GC invocations=114 (full 9):
 par new generation   total 188736K, used 187673K [0x00000000c0000000, 0x00000000cccc0000, 0x00000000cccc0000)
  eden space 167808K,  99% used [0x00000000c0000000, 0x00000000ca346440, 0x00000000ca3e0000)
  from space 20928K,  97% used [0x00000000ca3e0000, 0x00000000cb7e0140, 0x00000000cb850000)
  to   space 20928K,   0% used [0x00000000cb850000, 0x00000000cb850000, 0x00000000cccc0000)
 concurrent mark-sweep generation total 838912K, used 603191K [0x00000000cccc0000, 0x0000000100000000, 0x0000000100000000)
 Metaspace       used 3934K, capacity 4536K, committed 4864K, reserved 1056768K
  class space    used 425K, capacity 428K, committed 512K, reserved 1048576K
2024-07-26T01:31:11.740+0800: 3.340: [GC (Allocation Failure) 2024-07-26T01:31:11.740+0800: 3.340: [ParNew2024-07-26T01:31:11.747+0800: 3.346: [SoftReference, 0 refs, 0.0000390 secs]2024-07-26T01:31:11.747+0800: 3.346: [WeakReference, 0 refs, 0.0000047 secs]2024-07-26T01:31:11.747+0800: 3.346: [FinalReference, 0 refs, 0.0000041 secs]2024-07-26T01:31:11.747+0800: 3.346: [PhantomReference, 0 refs, 0.0000036 secs]2024-07-26T01:31:11.747+0800: 3.346: [JNI Weak Reference, 0.0000049 secs]
Desired survivor size 10715136 bytes, new threshold 1 (max 1)
- age   1:   20971840 bytes,   20971840 total
: 187673K->20480K(188736K), 0.0064478 secs] 790865K->642104K(1027648K), 0.0064894 secs] [Times: user=0.00 sys=0.00, real=0.01 secs] 
Heap after GC invocations=115 (full 9):
 par new generation   total 188736K, used 20480K [0x00000000c0000000, 0x00000000cccc0000, 0x00000000cccc0000)
  eden space 167808K,   0% used [0x00000000c0000000, 0x00000000c0000000, 0x00000000ca3e0000)
  from space 20928K,  97% used [0x00000000cb850000, 0x00000000ccc50140, 0x00000000cccc0000)
  to   space 20928K,   0% used [0x00000000ca3e0000, 0x00000000ca3e0000, 0x00000000cb850000)
 concurrent mark-sweep generation total 838912K, used 621624K [0x00000000cccc0000, 0x0000000100000000, 0x0000000100000000)
 Metaspace       used 3934K, capacity 4536K, committed 4864K, reserved 1056768K
  class space    used 425K, capacity 428K, committed 512K, reserved 1048576K
}
2024-07-26T01:31:11.747+0800: 3.346: Total time for which application threads were stopped: 0.0066092 seconds, Stopping threads took: 0.0000220 seconds
{Heap before GC invocations=115 (full 9):
 par new generation   total 188736K, used 187673K [0x00000000c0000000, 0x00000000cccc0000, 0x00000000cccc0000)
  eden space 167808K,  99% used [0x00000000c0000000, 0x00000000ca346440, 0x00000000ca3e0000)
  from space 20928K,  97% used [0x00000000cb850000, 0x00000000ccc50140, 0x00000000cccc0000)
  to   space 20928K,   0% used [0x00000000ca3e0000, 0x00000000ca3e0000, 0x00000000cb850000)
 concurrent mark-sweep generation total 838912K, used 621624K [0x00000000cccc0000, 0x0000000100000000, 0x0000000100000000)
 Metaspace       used 3934K, capacity 4536K, committed 4864K, reserved 1056768K
  class space    used 425K, capacity 428K, committed 512K, reserved 1048576K
2024-07-26T01:31:11.761+0800: 3.360: [GC (Allocation Failure) 2024-07-26T01:31:11.761+0800: 3.360: [ParNew2024-07-26T01:31:11.776+0800: 3.376: [SoftReference, 0 refs, 0.0000320 secs]2024-07-26T01:31:11.777+0800: 3.376: [WeakReference, 0 refs, 0.0000046 secs]2024-07-26T01:31:11.777+0800: 3.376: [FinalReference, 0 refs, 0.0000040 secs]2024-07-26T01:31:11.777+0800: 3.376: [PhantomReference, 0 refs, 0.0000038 secs]2024-07-26T01:31:11.777+0800: 3.376: [JNI Weak Reference, 0.0000042 secs]
Desired survivor size 10715136 bytes, new threshold 1 (max 1)
- age   1:   20971840 bytes,   20971840 total
: 187673K->20480K(188736K), 0.0156509 secs] 809297K->724025K(1027648K), 0.0157175 secs] [Times: user=0.06 sys=0.00, real=0.02 secs] 
Heap after GC invocations=116 (full 9):
 par new generation   total 188736K, used 20480K [0x00000000c0000000, 0x00000000cccc0000, 0x00000000cccc0000)
  eden space 167808K,   0% used [0x00000000c0000000, 0x00000000c0000000, 0x00000000ca3e0000)
  from space 20928K,  97% used [0x00000000ca3e0000, 0x00000000cb7e0140, 0x00000000cb850000)
  to   space 20928K,   0% used [0x00000000cb850000, 0x00000000cb850000, 0x00000000cccc0000)
 concurrent mark-sweep generation total 838912K, used 703545K [0x00000000cccc0000, 0x0000000100000000, 0x0000000100000000)
 Metaspace       used 3934K, capacity 4536K, committed 4864K, reserved 1056768K
  class space    used 425K, capacity 428K, committed 512K, reserved 1048576K
}
2024-07-26T01:31:11.777+0800: 3.376: Total time for which application threads were stopped: 0.0158466 seconds, Stopping threads took: 0.0000325 seconds
{Heap before GC invocations=116 (full 9):
 par new generation   total 188736K, used 187673K [0x00000000c0000000, 0x00000000cccc0000, 0x00000000cccc0000)
  eden space 167808K,  99% used [0x00000000c0000000, 0x00000000ca346440, 0x00000000ca3e0000)
  from space 20928K,  97% used [0x00000000ca3e0000, 0x00000000cb7e0140, 0x00000000cb850000)
  to   space 20928K,   0% used [0x00000000cb850000, 0x00000000cb850000, 0x00000000cccc0000)
 concurrent mark-sweep generation total 838912K, used 703545K [0x00000000cccc0000, 0x0000000100000000, 0x0000000100000000)
 Metaspace       used 3934K, capacity 4536K, committed 4864K, reserved 1056768K
  class space    used 425K, capacity 428K, committed 512K, reserved 1048576K
2024-07-26T01:31:11.790+0800: 3.390: [GC (Allocation Failure) 2024-07-26T01:31:11.790+0800: 3.390: [ParNew2024-07-26T01:31:11.800+0800: 3.399: [SoftReference, 0 refs, 0.0000373 secs]2024-07-26T01:31:11.800+0800: 3.399: [WeakReference, 0 refs, 0.0000058 secs]2024-07-26T01:31:11.800+0800: 3.399: [FinalReference, 0 refs, 0.0000052 secs]2024-07-26T01:31:11.800+0800: 3.399: [PhantomReference, 0 refs, 0.0000050 secs]2024-07-26T01:31:11.800+0800: 3.399: [JNI Weak Reference, 0.0000056 secs]
Desired survivor size 10715136 bytes, new threshold 1 (max 1)
- age   1:   20971840 bytes,   20971840 total
: 187673K->20480K(188736K), 0.0097047 secs] 891218K->766010K(1027648K), 0.0097473 secs] [Times: user=0.02 sys=0.02, real=0.01 secs] 
Heap after GC invocations=117 (full 9):
 par new generation   total 188736K, used 20480K [0x00000000c0000000, 0x00000000cccc0000, 0x00000000cccc0000)
  eden space 167808K,   0% used [0x00000000c0000000, 0x00000000c0000000, 0x00000000ca3e0000)
  from space 20928K,  97% used [0x00000000cb850000, 0x00000000ccc50140, 0x00000000cccc0000)
  to   space 20928K,   0% used [0x00000000ca3e0000, 0x00000000ca3e0000, 0x00000000cb850000)
 concurrent mark-sweep generation total 838912K, used 745529K [0x00000000cccc0000, 0x0000000100000000, 0x0000000100000000)
 Metaspace       used 3934K, capacity 4536K, committed 4864K, reserved 1056768K
  class space    used 425K, capacity 428K, committed 512K, reserved 1048576K
}
2024-07-26T01:31:11.800+0800: 3.399: Total time for which application threads were stopped: 0.0098642 seconds, Stopping threads took: 0.0000201 seconds
{Heap before GC invocations=117 (full 9):
 par new generation   total 188736K, used 187673K [0x00000000c0000000, 0x00000000cccc0000, 0x00000000cccc0000)
  eden space 167808K,  99% used [0x00000000c0000000, 0x00000000ca346440, 0x00000000ca3e0000)
  from space 20928K,  97% used [0x00000000cb850000, 0x00000000ccc50140, 0x00000000cccc0000)
  to   space 20928K,   0% used [0x00000000ca3e0000, 0x00000000ca3e0000, 0x00000000cb850000)
 concurrent mark-sweep generation total 838912K, used 745529K [0x00000000cccc0000, 0x0000000100000000, 0x0000000100000000)
 Metaspace       used 3934K, capacity 4536K, committed 4864K, reserved 1056768K
  class space    used 425K, capacity 428K, committed 512K, reserved 1048576K
2024-07-26T01:31:11.814+0800: 3.413: [GC (Allocation Failure) 2024-07-26T01:31:11.814+0800: 3.413: [ParNew2024-07-26T01:31:11.818+0800: 3.418: [SoftReference, 0 refs, 0.0000223 secs]2024-07-26T01:31:11.818+0800: 3.418: [WeakReference, 0 refs, 0.0000046 secs]2024-07-26T01:31:11.818+0800: 3.418: [FinalReference, 0 refs, 0.0000042 secs]2024-07-26T01:31:11.818+0800: 3.418: [PhantomReference, 0 refs, 0.0000040 secs]2024-07-26T01:31:11.818+0800: 3.418: [JNI Weak Reference, 0.0000044 secs]
Desired survivor size 10715136 bytes, new threshold 1 (max 1)
- age   1:   20971840 bytes,   20971840 total
: 187673K->20480K(188736K), 0.0043809 secs] 933203K->768058K(1027648K), 0.0044239 secs] [Times: user=0.00 sys=0.00, real=0.00 secs] 
Heap after GC invocations=118 (full 9):
 par new generation   total 188736K, used 20480K [0x00000000c0000000, 0x00000000cccc0000, 0x00000000cccc0000)
  eden space 167808K,   0% used [0x00000000c0000000, 0x00000000c0000000, 0x00000000ca3e0000)
  from space 20928K,  97% used [0x00000000ca3e0000, 0x00000000cb7e0140, 0x00000000cb850000)
  to   space 20928K,   0% used [0x00000000cb850000, 0x00000000cb850000, 0x00000000cccc0000)
 concurrent mark-sweep generation total 838912K, used 747577K [0x00000000cccc0000, 0x0000000100000000, 0x0000000100000000)
 Metaspace       used 3934K, capacity 4536K, committed 4864K, reserved 1056768K
  class space    used 425K, capacity 428K, committed 512K, reserved 1048576K
}
2024-07-26T01:31:11.818+0800: 3.418: Total time for which application threads were stopped: 0.0045450 seconds, Stopping threads took: 0.0000299 seconds
{Heap before GC invocations=118 (full 9):
 par new generation   total 188736K, used 187673K [0x00000000c0000000, 0x00000000cccc0000, 0x00000000cccc0000)
  eden space 167808K,  99% used [0x00000000c0000000, 0x00000000ca346440, 0x00000000ca3e0000)
  from space 20928K,  97% used [0x00000000ca3e0000, 0x00000000cb7e0140, 0x00000000cb850000)
  to   space 20928K,   0% used [0x00000000cb850000, 0x00000000cb850000, 0x00000000cccc0000)
 concurrent mark-sweep generation total 838912K, used 747577K [0x00000000cccc0000, 0x0000000100000000, 0x0000000100000000)
 Metaspace       used 3934K, capacity 4536K, committed 4864K, reserved 1056768K
  class space    used 425K, capacity 428K, committed 512K, reserved 1048576K
2024-07-26T01:31:11.833+0800: 3.432: [GC (Allocation Failure) 2024-07-26T01:31:11.833+0800: 3.432: [ParNew2024-07-26T01:31:11.860+0800: 3.459: [SoftReference, 0 refs, 0.0000408 secs]2024-07-26T01:31:11.860+0800: 3.459: [WeakReference, 0 refs, 0.0000087 secs]2024-07-26T01:31:11.860+0800: 3.459: [FinalReference, 0 refs, 0.0000074 secs]2024-07-26T01:31:11.860+0800: 3.459: [PhantomReference, 0 refs, 0.0000070 secs]2024-07-26T01:31:11.860+0800: 3.459: [JNI Weak Reference, 0.0000077 secs]
Desired survivor size 10715136 bytes, new threshold 1 (max 1)
- age   1:   20971840 bytes,   20971840 total
: 187673K->20480K(188736K), 0.0271530 secs] 935251K->833597K(1027648K), 0.0271907 secs] [Times: user=0.08 sys=0.02, real=0.03 secs] 
Heap after GC invocations=119 (full 9):
 par new generation   total 188736K, used 20480K [0x00000000c0000000, 0x00000000cccc0000, 0x00000000cccc0000)
  eden space 167808K,   0% used [0x00000000c0000000, 0x00000000c0000000, 0x00000000ca3e0000)
  from space 20928K,  97% used [0x00000000cb850000, 0x00000000ccc50140, 0x00000000cccc0000)
  to   space 20928K,   0% used [0x00000000ca3e0000, 0x00000000ca3e0000, 0x00000000cb850000)
 concurrent mark-sweep generation total 838912K, used 813116K [0x00000000cccc0000, 0x0000000100000000, 0x0000000100000000)
 Metaspace       used 3934K, capacity 4536K, committed 4864K, reserved 1056768K
  class space    used 425K, capacity 428K, committed 512K, reserved 1048576K
}
2024-07-26T01:31:11.860+0800: 3.459: Total time for which application threads were stopped: 0.0273265 seconds, Stopping threads took: 0.0000184 seconds
{Heap before GC invocations=119 (full 9):
 par new generation   total 188736K, used 187673K [0x00000000c0000000, 0x00000000cccc0000, 0x00000000cccc0000)
  eden space 167808K,  99% used [0x00000000c0000000, 0x00000000ca346440, 0x00000000ca3e0000)
  from space 20928K,  97% used [0x00000000cb850000, 0x00000000ccc50140, 0x00000000cccc0000)
  to   space 20928K,   0% used [0x00000000ca3e0000, 0x00000000ca3e0000, 0x00000000cb850000)
 concurrent mark-sweep generation total 838912K, used 813116K [0x00000000cccc0000, 0x0000000100000000, 0x0000000100000000)
 Metaspace       used 3934K, capacity 4536K, committed 4864K, reserved 1056768K
  class space    used 425K, capacity 428K, committed 512K, reserved 1048576K
2024-07-26T01:31:11.875+0800: 3.474: [GC (Allocation Failure) 2024-07-26T01:31:11.875+0800: 3.474: [ParNew: 187673K->187673K(188736K), 0.0000151 secs]2024-07-26T01:31:11.875+0800: 3.474: [CMS2024-07-26T01:31:11.875+0800: 3.474: [CMS-concurrent-abortable-preclean: 0.008/0.336 secs] [Times: user=0.42 sys=0.05, real=0.34 secs] 
 (concurrent mode failure)2024-07-26T01:31:11.875+0800: 3.475: [SoftReference, 0 refs, 0.0000138 secs]2024-07-26T01:31:11.875+0800: 3.475: [WeakReference, 2 refs, 0.0000044 secs]2024-07-26T01:31:11.875+0800: 3.475: [FinalReference, 2 refs, 0.0000036 secs]2024-07-26T01:31:11.875+0800: 3.475: [PhantomReference, 0 refs, 0.0000032 secs]2024-07-26T01:31:11.875+0800: 3.475: [JNI Weak Reference, 0.0000038 secs]: 813116K->47136K(838912K), 0.0093123 secs] 1000790K->47136K(1027648K), [Metaspace: 3934K->3934K(1056768K)], 0.0093965 secs] [Times: user=0.00 sys=0.00, real=0.01 secs] 
Heap after GC invocations=120 (full 10):
 par new generation   total 188736K, used 0K [0x00000000c0000000, 0x00000000cccc0000, 0x00000000cccc0000)
  eden space 167808K,   0% used [0x00000000c0000000, 0x00000000c0000000, 0x00000000ca3e0000)
  from space 20928K,   0% used [0x00000000cb850000, 0x00000000cb850000, 0x00000000cccc0000)
  to   space 20928K,   0% used [0x00000000ca3e0000, 0x00000000ca3e0000, 0x00000000cb850000)
 concurrent mark-sweep generation total 838912K, used 47136K [0x00000000cccc0000, 0x0000000100000000, 0x0000000100000000)
 Metaspace       used 3934K, capacity 4536K, committed 4864K, reserved 1056768K
  class space    used 425K, capacity 428K, committed 512K, reserved 1048576K
}
2024-07-26T01:31:11.884+0800: 3.484: Total time for which application threads were stopped: 0.0095215 seconds, Stopping threads took: 0.0000246 seconds
{Heap before GC invocations=120 (full 10):
 par new generation   total 188736K, used 167193K [0x00000000c0000000, 0x00000000cccc0000, 0x00000000cccc0000)
  eden space 167808K,  99% used [0x00000000c0000000, 0x00000000ca346440, 0x00000000ca3e0000)
  from space 20928K,   0% used [0x00000000cb850000, 0x00000000cb850000, 0x00000000cccc0000)
  to   space 20928K,   0% used [0x00000000ca3e0000, 0x00000000ca3e0000, 0x00000000cb850000)
 concurrent mark-sweep generation total 838912K, used 47136K [0x00000000cccc0000, 0x0000000100000000, 0x0000000100000000)
 Metaspace       used 3934K, capacity 4536K, committed 4864K, reserved 1056768K
  class space    used 425K, capacity 428K, committed 512K, reserved 1048576K
2024-07-26T01:31:11.899+0800: 3.498: [GC (Allocation Failure) 2024-07-26T01:31:11.899+0800: 3.498: [ParNew2024-07-26T01:31:11.900+0800: 3.499: [SoftReference, 0 refs, 0.0000206 secs]2024-07-26T01:31:11.900+0800: 3.499: [WeakReference, 0 refs, 0.0000049 secs]2024-07-26T01:31:11.900+0800: 3.499: [FinalReference, 0 refs, 0.0000047 secs]2024-07-26T01:31:11.900+0800: 3.499: [PhantomReference, 0 refs, 0.0000102 secs]2024-07-26T01:31:11.900+0800: 3.499: [JNI Weak Reference, 0.0000047 secs]
Desired survivor size 10715136 bytes, new threshold 1 (max 1)
- age   1:    6291552 bytes,    6291552 total
: 167193K->6144K(188736K), 0.0015125 secs] 214329K->53281K(1027648K), 0.0015544 secs] [Times: user=0.00 sys=0.00, real=0.00 secs] 
Heap after GC invocations=121 (full 10):
 par new generation   total 188736K, used 6144K [0x00000000c0000000, 0x00000000cccc0000, 0x00000000cccc0000)
  eden space 167808K,   0% used [0x00000000c0000000, 0x00000000c0000000, 0x00000000ca3e0000)
  from space 20928K,  29% used [0x00000000ca3e0000, 0x00000000ca9e0060, 0x00000000cb850000)
  to   space 20928K,   0% used [0x00000000cb850000, 0x00000000cb850000, 0x00000000cccc0000)
 concurrent mark-sweep generation total 838912K, used 47136K [0x00000000cccc0000, 0x0000000100000000, 0x0000000100000000)
 Metaspace       used 3934K, capacity 4536K, committed 4864K, reserved 1056768K
  class space    used 425K, capacity 428K, committed 512K, reserved 1048576K
}
2024-07-26T01:31:11.900+0800: 3.499: Total time for which application threads were stopped: 0.0016746 seconds, Stopping threads took: 0.0000256 seconds
{Heap before GC invocations=121 (full 10):
 par new generation   total 188736K, used 173337K [0x00000000c0000000, 0x00000000cccc0000, 0x00000000cccc0000)
  eden space 167808K,  99% used [0x00000000c0000000, 0x00000000ca346440, 0x00000000ca3e0000)
  from space 20928K,  29% used [0x00000000ca3e0000, 0x00000000ca9e0060, 0x00000000cb850000)
  to   space 20928K,   0% used [0x00000000cb850000, 0x00000000cb850000, 0x00000000cccc0000)
 concurrent mark-sweep generation total 838912K, used 47136K [0x00000000cccc0000, 0x0000000100000000, 0x0000000100000000)
 Metaspace       used 3934K, capacity 4536K, committed 4864K, reserved 1056768K
  class space    used 425K, capacity 428K, committed 512K, reserved 1048576K
2024-07-26T01:31:11.915+0800: 3.514: [GC (Allocation Failure) 2024-07-26T01:31:11.915+0800: 3.514: [ParNew2024-07-26T01:31:11.926+0800: 3.526: [SoftReference, 0 refs, 0.0000329 secs]2024-07-26T01:31:11.926+0800: 3.526: [WeakReference, 0 refs, 0.0000045 secs]2024-07-26T01:31:11.927+0800: 3.526: [FinalReference, 0 refs, 0.0000039 secs]2024-07-26T01:31:11.927+0800: 3.526: [PhantomReference, 0 refs, 0.0000037 secs]2024-07-26T01:31:11.927+0800: 3.526: [JNI Weak Reference, 0.0000047 secs]
Desired survivor size 10715136 bytes, new threshold 1 (max 1)
- age   1:   20971840 bytes,   20971840 total
: 173337K->20480K(188736K), 0.0119330 secs] 220474K->116772K(1027648K), 0.0119751 secs] [Times: user=0.08 sys=0.00, real=0.01 secs] 
Heap after GC invocations=122 (full 10):
 par new generation   total 188736K, used 20480K [0x00000000c0000000, 0x00000000cccc0000, 0x00000000cccc0000)
  eden space 167808K,   0% used [0x00000000c0000000, 0x00000000c0000000, 0x00000000ca3e0000)
  from space 20928K,  97% used [0x00000000cb850000, 0x00000000ccc50140, 0x00000000cccc0000)
  to   space 20928K,   0% used [0x00000000ca3e0000, 0x00000000ca3e0000, 0x00000000cb850000)
 concurrent mark-sweep generation total 838912K, used 96291K [0x00000000cccc0000, 0x0000000100000000, 0x0000000100000000)
 Metaspace       used 3934K, capacity 4536K, committed 4864K, reserved 1056768K
  class space    used 425K, capacity 428K, committed 512K, reserved 1048576K
}
2024-07-26T01:31:11.927+0800: 3.526: Total time for which application threads were stopped: 0.0120923 seconds, Stopping threads took: 0.0000231 seconds
{Heap before GC invocations=122 (full 10):
 par new generation   total 188736K, used 187673K [0x00000000c0000000, 0x00000000cccc0000, 0x00000000cccc0000)
  eden space 167808K,  99% used [0x00000000c0000000, 0x00000000ca346440, 0x00000000ca3e0000)
  from space 20928K,  97% used [0x00000000cb850000, 0x00000000ccc50140, 0x00000000cccc0000)
  to   space 20928K,   0% used [0x00000000ca3e0000, 0x00000000ca3e0000, 0x00000000cb850000)
 concurrent mark-sweep generation total 838912K, used 96291K [0x00000000cccc0000, 0x0000000100000000, 0x0000000100000000)
 Metaspace       used 3934K, capacity 4536K, committed 4864K, reserved 1056768K
  class space    used 425K, capacity 428K, committed 512K, reserved 1048576K
2024-07-26T01:31:11.941+0800: 3.540: [GC (Allocation Failure) 2024-07-26T01:31:11.941+0800: 3.540: [ParNew2024-07-26T01:31:11.946+0800: 3.545: [SoftReference, 0 refs, 0.0000367 secs]2024-07-26T01:31:11.946+0800: 3.545: [WeakReference, 0 refs, 0.0000045 secs]2024-07-26T01:31:11.946+0800: 3.545: [FinalReference, 0 refs, 0.0000039 secs]2024-07-26T01:31:11.946+0800: 3.545: [PhantomReference, 0 refs, 0.0000038 secs]2024-07-26T01:31:11.946+0800: 3.545: [JNI Weak Reference, 0.0000044 secs]
Desired survivor size 10715136 bytes, new threshold 1 (max 1)
- age   1:   20971840 bytes,   20971840 total
: 187673K->20480K(188736K), 0.0049969 secs] 283965K->125990K(1027648K), 0.0050450 secs] [Times: user=0.00 sys=0.00, real=0.01 secs] 
Heap after GC invocations=123 (full 10):
 par new generation   total 188736K, used 20480K [0x00000000c0000000, 0x00000000cccc0000, 0x00000000cccc0000)
  eden space 167808K,   0% used [0x00000000c0000000, 0x00000000c0000000, 0x00000000ca3e0000)
  from space 20928K,  97% used [0x00000000ca3e0000, 0x00000000cb7e0140, 0x00000000cb850000)
  to   space 20928K,   0% used [0x00000000cb850000, 0x00000000cb850000, 0x00000000cccc0000)
 concurrent mark-sweep generation total 838912K, used 105509K [0x00000000cccc0000, 0x0000000100000000, 0x0000000100000000)
 Metaspace       used 3934K, capacity 4536K, committed 4864K, reserved 1056768K
  class space    used 425K, capacity 428K, committed 512K, reserved 1048576K
}
2024-07-26T01:31:11.946+0800: 3.545: Total time for which application threads were stopped: 0.0052867 seconds, Stopping threads took: 0.0000251 seconds
{Heap before GC invocations=123 (full 10):
 par new generation   total 188736K, used 187673K [0x00000000c0000000, 0x00000000cccc0000, 0x00000000cccc0000)
  eden space 167808K,  99% used [0x00000000c0000000, 0x00000000ca346440, 0x00000000ca3e0000)
  from space 20928K,  97% used [0x00000000ca3e0000, 0x00000000cb7e0140, 0x00000000cb850000)
  to   space 20928K,   0% used [0x00000000cb850000, 0x00000000cb850000, 0x00000000cccc0000)
 concurrent mark-sweep generation total 838912K, used 105509K [0x00000000cccc0000, 0x0000000100000000, 0x0000000100000000)
 Metaspace       used 3934K, capacity 4536K, committed 4864K, reserved 1056768K
  class space    used 425K, capacity 428K, committed 512K, reserved 1048576K
2024-07-26T01:31:11.960+0800: 3.559: [GC (Allocation Failure) 2024-07-26T01:31:11.960+0800: 3.559: [ParNew2024-07-26T01:31:11.974+0800: 3.574: [SoftReference, 0 refs, 0.0000549 secs]2024-07-26T01:31:11.974+0800: 3.574: [WeakReference, 0 refs, 0.0000074 secs]2024-07-26T01:31:11.974+0800: 3.574: [FinalReference, 0 refs, 0.0000068 secs]2024-07-26T01:31:11.974+0800: 3.574: [PhantomReference, 0 refs, 0.0000065 secs]2024-07-26T01:31:11.974+0800: 3.574: [JNI Weak Reference, 0.0000068 secs]
Desired survivor size 10715136 bytes, new threshold 1 (max 1)
- age   1:   20971840 bytes,   20971840 total
: 187673K->20480K(188736K), 0.0149543 secs] 293183K->198697K(1027648K), 0.0150052 secs] [Times: user=0.06 sys=0.00, real=0.01 secs] 
Heap after GC invocations=124 (full 10):
 par new generation   total 188736K, used 20480K [0x00000000c0000000, 0x00000000cccc0000, 0x00000000cccc0000)
  eden space 167808K,   0% used [0x00000000c0000000, 0x00000000c0000000, 0x00000000ca3e0000)
  from space 20928K,  97% used [0x00000000cb850000, 0x00000000ccc50140, 0x00000000cccc0000)
  to   space 20928K,   0% used [0x00000000ca3e0000, 0x00000000ca3e0000, 0x00000000cb850000)
 concurrent mark-sweep generation total 838912K, used 178217K [0x00000000cccc0000, 0x0000000100000000, 0x0000000100000000)
 Metaspace       used 3934K, capacity 4536K, committed 4864K, reserved 1056768K
  class space    used 425K, capacity 428K, committed 512K, reserved 1048576K
}
2024-07-26T01:31:11.974+0800: 3.574: Total time for which application threads were stopped: 0.0151633 seconds, Stopping threads took: 0.0000371 seconds
{Heap before GC invocations=124 (full 10):
 par new generation   total 188736K, used 187673K [0x00000000c0000000, 0x00000000cccc0000, 0x00000000cccc0000)
  eden space 167808K,  99% used [0x00000000c0000000, 0x00000000ca346440, 0x00000000ca3e0000)
  from space 20928K,  97% used [0x00000000cb850000, 0x00000000ccc50140, 0x00000000cccc0000)
  to   space 20928K,   0% used [0x00000000ca3e0000, 0x00000000ca3e0000, 0x00000000cb850000)
 concurrent mark-sweep generation total 838912K, used 178217K [0x00000000cccc0000, 0x0000000100000000, 0x0000000100000000)
 Metaspace       used 3934K, capacity 4536K, committed 4864K, reserved 1056768K
  class space    used 425K, capacity 428K, committed 512K, reserved 1048576K
2024-07-26T01:31:11.988+0800: 3.588: [GC (Allocation Failure) 2024-07-26T01:31:11.988+0800: 3.588: [ParNew2024-07-26T01:31:11.997+0800: 3.597: [SoftReference, 0 refs, 0.0000381 secs]2024-07-26T01:31:11.997+0800: 3.597: [WeakReference, 0 refs, 0.0000045 secs]2024-07-26T01:31:11.997+0800: 3.597: [FinalReference, 0 refs, 0.0000038 secs]2024-07-26T01:31:11.997+0800: 3.597: [PhantomReference, 0 refs, 0.0000039 secs]2024-07-26T01:31:11.997+0800: 3.597: [JNI Weak Reference, 0.0000044 secs]
Desired survivor size 10715136 bytes, new threshold 1 (max 1)
- age   1:   20971840 bytes,   20971840 total
: 187673K->20480K(188736K), 0.0084967 secs] 365890K->231465K(1027648K), 0.0085413 secs] [Times: user=0.02 sys=0.00, real=0.01 secs] 
Heap after GC invocations=125 (full 10):
 par new generation   total 188736K, used 20480K [0x00000000c0000000, 0x00000000cccc0000, 0x00000000cccc0000)
  eden space 167808K,   0% used [0x00000000c0000000, 0x00000000c0000000, 0x00000000ca3e0000)
  from space 20928K,  97% used [0x00000000ca3e0000, 0x00000000cb7e0140, 0x00000000cb850000)
  to   space 20928K,   0% used [0x00000000cb850000, 0x00000000cb850000, 0x00000000cccc0000)
 concurrent mark-sweep generation total 838912K, used 210985K [0x00000000cccc0000, 0x0000000100000000, 0x0000000100000000)
 Metaspace       used 3934K, capacity 4536K, committed 4864K, reserved 1056768K
  class space    used 425K, capacity 428K, committed 512K, reserved 1048576K
}
2024-07-26T01:31:11.997+0800: 3.597: Total time for which application threads were stopped: 0.0086576 seconds, Stopping threads took: 0.0000238 seconds
{Heap before GC invocations=125 (full 10):
 par new generation   total 188736K, used 187673K [0x00000000c0000000, 0x00000000cccc0000, 0x00000000cccc0000)
  eden space 167808K,  99% used [0x00000000c0000000, 0x00000000ca346440, 0x00000000ca3e0000)
  from space 20928K,  97% used [0x00000000ca3e0000, 0x00000000cb7e0140, 0x00000000cb850000)
  to   space 20928K,   0% used [0x00000000cb850000, 0x00000000cb850000, 0x00000000cccc0000)
 concurrent mark-sweep generation total 838912K, used 210985K [0x00000000cccc0000, 0x0000000100000000, 0x0000000100000000)
 Metaspace       used 3934K, capacity 4536K, committed 4864K, reserved 1056768K
  class space    used 425K, capacity 428K, committed 512K, reserved 1048576K
2024-07-26T01:31:12.011+0800: 3.611: [GC (Allocation Failure) 2024-07-26T01:31:12.011+0800: 3.611: [ParNew2024-07-26T01:31:12.014+0800: 3.614: [SoftReference, 0 refs, 0.0000345 secs]2024-07-26T01:31:12.014+0800: 3.614: [WeakReference, 0 refs, 0.0000041 secs]2024-07-26T01:31:12.014+0800: 3.614: [FinalReference, 0 refs, 0.0000039 secs]2024-07-26T01:31:12.014+0800: 3.614: [PhantomReference, 0 refs, 0.0000039 secs]2024-07-26T01:31:12.014+0800: 3.614: [JNI Weak Reference, 0.0000047 secs]
Desired survivor size 10715136 bytes, new threshold 1 (max 1)
- age   1:   13631696 bytes,   13631696 total
: 187673K->13312K(188736K), 0.0028055 secs] 398658K->224297K(1027648K), 0.0028446 secs] [Times: user=0.08 sys=0.00, real=0.00 secs] 
Heap after GC invocations=126 (full 10):
 par new generation   total 188736K, used 13312K [0x00000000c0000000, 0x00000000cccc0000, 0x00000000cccc0000)
  eden space 167808K,   0% used [0x00000000c0000000, 0x00000000c0000000, 0x00000000ca3e0000)
  from space 20928K,  63% used [0x00000000cb850000, 0x00000000cc5500d0, 0x00000000cccc0000)
  to   space 20928K,   0% used [0x00000000ca3e0000, 0x00000000ca3e0000, 0x00000000cb850000)
 concurrent mark-sweep generation total 838912K, used 210985K [0x00000000cccc0000, 0x0000000100000000, 0x0000000100000000)
 Metaspace       used 3934K, capacity 4536K, committed 4864K, reserved 1056768K
  class space    used 425K, capacity 428K, committed 512K, reserved 1048576K
}
2024-07-26T01:31:12.014+0800: 3.614: Total time for which application threads were stopped: 0.0029572 seconds, Stopping threads took: 0.0000220 seconds
{Heap before GC invocations=126 (full 10):
 par new generation   total 188736K, used 180505K [0x00000000c0000000, 0x00000000cccc0000, 0x00000000cccc0000)
  eden space 167808K,  99% used [0x00000000c0000000, 0x00000000ca346440, 0x00000000ca3e0000)
  from space 20928K,  63% used [0x00000000cb850000, 0x00000000cc5500d0, 0x00000000cccc0000)
  to   space 20928K,   0% used [0x00000000ca3e0000, 0x00000000ca3e0000, 0x00000000cb850000)
 concurrent mark-sweep generation total 838912K, used 210985K [0x00000000cccc0000, 0x0000000100000000, 0x0000000100000000)
 Metaspace       used 3934K, capacity 4536K, committed 4864K, reserved 1056768K
  class space    used 425K, capacity 428K, committed 512K, reserved 1048576K
2024-07-26T01:31:12.028+0800: 3.628: [GC (Allocation Failure) 2024-07-26T01:31:12.028+0800: 3.628: [ParNew2024-07-26T01:31:12.040+0800: 3.640: [SoftReference, 0 refs, 0.0000465 secs]2024-07-26T01:31:12.040+0800: 3.640: [WeakReference, 0 refs, 0.0000046 secs]2024-07-26T01:31:12.040+0800: 3.640: [FinalReference, 0 refs, 0.0000039 secs]2024-07-26T01:31:12.040+0800: 3.640: [PhantomReference, 0 refs, 0.0000038 secs]2024-07-26T01:31:12.040+0800: 3.640: [JNI Weak Reference, 0.0000046 secs]
Desired survivor size 10715136 bytes, new threshold 1 (max 1)
- age   1:   20971840 bytes,   20971840 total
: 180505K->20480K(188736K), 0.0115325 secs] 391490K->287786K(1027648K), 0.0115786 secs] [Times: user=0.00 sys=0.00, real=0.01 secs] 
Heap after GC invocations=127 (full 10):
 par new generation   total 188736K, used 20480K [0x00000000c0000000, 0x00000000cccc0000, 0x00000000cccc0000)
  eden space 167808K,   0% used [0x00000000c0000000, 0x00000000c0000000, 0x00000000ca3e0000)
  from space 20928K,  97% used [0x00000000ca3e0000, 0x00000000cb7e0140, 0x00000000cb850000)
  to   space 20928K,   0% used [0x00000000cb850000, 0x00000000cb850000, 0x00000000cccc0000)
 concurrent mark-sweep generation total 838912K, used 267306K [0x00000000cccc0000, 0x0000000100000000, 0x0000000100000000)
 Metaspace       used 3934K, capacity 4536K, committed 4864K, reserved 1056768K
  class space    used 425K, capacity 428K, committed 512K, reserved 1048576K
}
2024-07-26T01:31:12.040+0800: 3.640: Total time for which application threads were stopped: 0.0117030 seconds, Stopping threads took: 0.0000293 seconds
{Heap before GC invocations=127 (full 10):
 par new generation   total 188736K, used 187673K [0x00000000c0000000, 0x00000000cccc0000, 0x00000000cccc0000)
  eden space 167808K,  99% used [0x00000000c0000000, 0x00000000ca346440, 0x00000000ca3e0000)
  from space 20928K,  97% used [0x00000000ca3e0000, 0x00000000cb7e0140, 0x00000000cb850000)
  to   space 20928K,   0% used [0x00000000cb850000, 0x00000000cb850000, 0x00000000cccc0000)
 concurrent mark-sweep generation total 838912K, used 267306K [0x00000000cccc0000, 0x0000000100000000, 0x0000000100000000)
 Metaspace       used 3934K, capacity 4536K, committed 4864K, reserved 1056768K
  class space    used 425K, capacity 428K, committed 512K, reserved 1048576K
2024-07-26T01:31:12.054+0800: 3.654: [GC (Allocation Failure) 2024-07-26T01:31:12.054+0800: 3.654: [ParNew2024-07-26T01:31:12.061+0800: 3.661: [SoftReference, 0 refs, 0.0000334 secs]2024-07-26T01:31:12.061+0800: 3.661: [WeakReference, 0 refs, 0.0000044 secs]2024-07-26T01:31:12.061+0800: 3.661: [FinalReference, 0 refs, 0.0000040 secs]2024-07-26T01:31:12.061+0800: 3.661: [PhantomReference, 0 refs, 0.0000036 secs]2024-07-26T01:31:12.061+0800: 3.661: [JNI Weak Reference, 0.0000043 secs]
Desired survivor size 10715136 bytes, new threshold 1 (max 1)
- age   1:   20971840 bytes,   20971840 total
: 187673K->20480K(188736K), 0.0065051 secs] 454979K->304170K(1027648K), 0.0065458 secs] [Times: user=0.02 sys=0.00, real=0.01 secs] 
Heap after GC invocations=128 (full 10):
 par new generation   total 188736K, used 20480K [0x00000000c0000000, 0x00000000cccc0000, 0x00000000cccc0000)
  eden space 167808K,   0% used [0x00000000c0000000, 0x00000000c0000000, 0x00000000ca3e0000)
  from space 20928K,  97% used [0x00000000cb850000, 0x00000000ccc50140, 0x00000000cccc0000)
  to   space 20928K,   0% used [0x00000000ca3e0000, 0x00000000ca3e0000, 0x00000000cb850000)
 concurrent mark-sweep generation total 838912K, used 283690K [0x00000000cccc0000, 0x0000000100000000, 0x0000000100000000)
 Metaspace       used 3934K, capacity 4536K, committed 4864K, reserved 1056768K
  class space    used 425K, capacity 428K, committed 512K, reserved 1048576K
}
2024-07-26T01:31:12.061+0800: 3.661: Total time for which application threads were stopped: 0.0066636 seconds, Stopping threads took: 0.0000257 seconds
{Heap before GC invocations=128 (full 10):
 par new generation   total 188736K, used 187673K [0x00000000c0000000, 0x00000000cccc0000, 0x00000000cccc0000)
  eden space 167808K,  99% used [0x00000000c0000000, 0x00000000ca346440, 0x00000000ca3e0000)
  from space 20928K,  97% used [0x00000000cb850000, 0x00000000ccc50140, 0x00000000cccc0000)
  to   space 20928K,   0% used [0x00000000ca3e0000, 0x00000000ca3e0000, 0x00000000cb850000)
 concurrent mark-sweep generation total 838912K, used 283690K [0x00000000cccc0000, 0x0000000100000000, 0x0000000100000000)
 Metaspace       used 3934K, capacity 4536K, committed 4864K, reserved 1056768K
  class space    used 425K, capacity 428K, committed 512K, reserved 1048576K
2024-07-26T01:31:12.076+0800: 3.675: [GC (Allocation Failure) 2024-07-26T01:31:12.076+0800: 3.675: [ParNew2024-07-26T01:31:12.092+0800: 3.691: [SoftReference, 0 refs, 0.0000314 secs]2024-07-26T01:31:12.092+0800: 3.691: [WeakReference, 0 refs, 0.0000041 secs]2024-07-26T01:31:12.092+0800: 3.691: [FinalReference, 0 refs, 0.0000037 secs]2024-07-26T01:31:12.092+0800: 3.691: [PhantomReference, 0 refs, 0.0000035 secs]2024-07-26T01:31:12.092+0800: 3.691: [JNI Weak Reference, 0.0000040 secs]
Desired survivor size 10715136 bytes, new threshold 1 (max 1)
- age   1:   20971840 bytes,   20971840 total
: 187673K->20480K(188736K), 0.0165515 secs] 471364K->384046K(1027648K), 0.0165898 secs] [Times: user=0.01 sys=0.00, real=0.02 secs] 
Heap after GC invocations=129 (full 10):
 par new generation   total 188736K, used 20480K [0x00000000c0000000, 0x00000000cccc0000, 0x00000000cccc0000)
  eden space 167808K,   0% used [0x00000000c0000000, 0x00000000c0000000, 0x00000000ca3e0000)
  from space 20928K,  97% used [0x00000000ca3e0000, 0x00000000cb7e0140, 0x00000000cb850000)
  to   space 20928K,   0% used [0x00000000cb850000, 0x00000000cb850000, 0x00000000cccc0000)
 concurrent mark-sweep generation total 838912K, used 363565K [0x00000000cccc0000, 0x0000000100000000, 0x0000000100000000)
 Metaspace       used 3934K, capacity 4536K, committed 4864K, reserved 1056768K
  class space    used 425K, capacity 428K, committed 512K, reserved 1048576K
}
2024-07-26T01:31:12.092+0800: 3.691: Total time for which application threads were stopped: 0.0166985 seconds, Stopping threads took: 0.0000234 seconds
2024-07-26T01:31:12.093+0800: 3.692: [GC (CMS Initial Mark) [1 CMS-initial-mark: 363565K(838912K)] 389444K(1027648K), 0.0002362 secs] [Times: user=0.00 sys=0.00, real=0.00 secs] 
2024-07-26T01:31:12.093+0800: 3.692: Total time for which application threads were stopped: 0.0003456 seconds, Stopping threads took: 0.0000342 seconds
2024-07-26T01:31:12.093+0800: 3.692: [CMS-concurrent-mark-start]
2024-07-26T01:31:12.095+0800: 3.694: [CMS-concurrent-mark: 0.002/0.002 secs] [Times: user=0.00 sys=0.00, real=0.00 secs] 
2024-07-26T01:31:12.095+0800: 3.695: [CMS-concurrent-preclean-start]
2024-07-26T01:31:12.095+0800: 3.695: [Preclean SoftReferences, 0.0000064 secs]2024-07-26T01:31:12.095+0800: 3.695: [Preclean WeakReferences, 0.0000102 secs]2024-07-26T01:31:12.095+0800: 3.695: [Preclean FinalReferences, 0.0000032 secs]2024-07-26T01:31:12.095+0800: 3.695: [Preclean PhantomReferences, 0.0000035 secs]2024-07-26T01:31:12.096+0800: 3.696: [CMS-concurrent-preclean: 0.001/0.001 secs] [Times: user=0.00 sys=0.00, real=0.00 secs] 
2024-07-26T01:31:12.096+0800: 3.696: [CMS-concurrent-abortable-preclean-start]
{Heap before GC invocations=129 (full 11):
 par new generation   total 188736K, used 187673K [0x00000000c0000000, 0x00000000cccc0000, 0x00000000cccc0000)
  eden space 167808K,  99% used [0x00000000c0000000, 0x00000000ca346440, 0x00000000ca3e0000)
  from space 20928K,  97% used [0x00000000ca3e0000, 0x00000000cb7e0140, 0x00000000cb850000)
  to   space 20928K,   0% used [0x00000000cb850000, 0x00000000cb850000, 0x00000000cccc0000)
 concurrent mark-sweep generation total 838912K, used 363565K [0x00000000cccc0000, 0x0000000100000000, 0x0000000100000000)
 Metaspace       used 3934K, capacity 4536K, committed 4864K, reserved 1056768K
  class space    used 425K, capacity 428K, committed 512K, reserved 1048576K
2024-07-26T01:31:12.108+0800: 3.707: [GC (Allocation Failure) 2024-07-26T01:31:12.108+0800: 3.707: [ParNew2024-07-26T01:31:12.119+0800: 3.718: [SoftReference, 0 refs, 0.0000340 secs]2024-07-26T01:31:12.119+0800: 3.718: [WeakReference, 0 refs, 0.0000044 secs]2024-07-26T01:31:12.119+0800: 3.718: [FinalReference, 0 refs, 0.0000038 secs]2024-07-26T01:31:12.119+0800: 3.718: [PhantomReference, 0 refs, 0.0000038 secs]2024-07-26T01:31:12.119+0800: 3.718: [JNI Weak Reference, 0.0000047 secs]
Desired survivor size 10715136 bytes, new threshold 1 (max 1)
- age   1:   20971840 bytes,   20971840 total
: 187673K->20480K(188736K), 0.0106911 secs] 551239K->423982K(1027648K), 0.0107493 secs] [Times: user=0.00 sys=0.00, real=0.01 secs] 
Heap after GC invocations=130 (full 11):
 par new generation   total 188736K, used 20480K [0x00000000c0000000, 0x00000000cccc0000, 0x00000000cccc0000)
  eden space 167808K,   0% used [0x00000000c0000000, 0x00000000c0000000, 0x00000000ca3e0000)
  from space 20928K,  97% used [0x00000000cb850000, 0x00000000ccc50140, 0x00000000cccc0000)
  to   space 20928K,   0% used [0x00000000ca3e0000, 0x00000000ca3e0000, 0x00000000cb850000)
 concurrent mark-sweep generation total 838912K, used 403502K [0x00000000cccc0000, 0x0000000100000000, 0x0000000100000000)
 Metaspace       used 3934K, capacity 4536K, committed 4864K, reserved 1056768K
  class space    used 425K, capacity 428K, committed 512K, reserved 1048576K
}
2024-07-26T01:31:12.119+0800: 3.718: Total time for which application threads were stopped: 0.0109393 seconds, Stopping threads took: 0.0000680 seconds
{Heap before GC invocations=130 (full 11):
 par new generation   total 188736K, used 187673K [0x00000000c0000000, 0x00000000cccc0000, 0x00000000cccc0000)
  eden space 167808K,  99% used [0x00000000c0000000, 0x00000000ca346440, 0x00000000ca3e0000)
  from space 20928K,  97% used [0x00000000cb850000, 0x00000000ccc50140, 0x00000000cccc0000)
  to   space 20928K,   0% used [0x00000000ca3e0000, 0x00000000ca3e0000, 0x00000000cb850000)
 concurrent mark-sweep generation total 838912K, used 403502K [0x00000000cccc0000, 0x0000000100000000, 0x0000000100000000)
 Metaspace       used 3934K, capacity 4536K, committed 4864K, reserved 1056768K
  class space    used 425K, capacity 428K, committed 512K, reserved 1048576K
2024-07-26T01:31:12.135+0800: 3.734: [GC (Allocation Failure) 2024-07-26T01:31:12.135+0800: 3.734: [ParNew2024-07-26T01:31:12.140+0800: 3.739: [SoftReference, 0 refs, 0.0000323 secs]2024-07-26T01:31:12.140+0800: 3.739: [WeakReference, 0 refs, 0.0000045 secs]2024-07-26T01:31:12.140+0800: 3.739: [FinalReference, 0 refs, 0.0000039 secs]2024-07-26T01:31:12.140+0800: 3.739: [PhantomReference, 0 refs, 0.0000037 secs]2024-07-26T01:31:12.140+0800: 3.739: [JNI Weak Reference, 0.0000044 secs]
Desired survivor size 10715136 bytes, new threshold 1 (max 1)
- age   1:   20971840 bytes,   20971840 total
: 187673K->20480K(188736K), 0.0048053 secs] 591175K->423982K(1027648K), 0.0048667 secs] [Times: user=0.05 sys=0.02, real=0.01 secs] 
Heap after GC invocations=131 (full 11):
 par new generation   total 188736K, used 20480K [0x00000000c0000000, 0x00000000cccc0000, 0x00000000cccc0000)
  eden space 167808K,   0% used [0x00000000c0000000, 0x00000000c0000000, 0x00000000ca3e0000)
  from space 20928K,  97% used [0x00000000ca3e0000, 0x00000000cb7e0140, 0x00000000cb850000)
  to   space 20928K,   0% used [0x00000000cb850000, 0x00000000cb850000, 0x00000000cccc0000)
 concurrent mark-sweep generation total 838912K, used 403502K [0x00000000cccc0000, 0x0000000100000000, 0x0000000100000000)
 Metaspace       used 3934K, capacity 4536K, committed 4864K, reserved 1056768K
  class space    used 425K, capacity 428K, committed 512K, reserved 1048576K
}
2024-07-26T01:31:12.140+0800: 3.739: Total time for which application threads were stopped: 0.0050794 seconds, Stopping threads took: 0.0000406 seconds
{Heap before GC invocations=131 (full 11):
 par new generation   total 188736K, used 187673K [0x00000000c0000000, 0x00000000cccc0000, 0x00000000cccc0000)
  eden space 167808K,  99% used [0x00000000c0000000, 0x00000000ca346440, 0x00000000ca3e0000)
  from space 20928K,  97% used [0x00000000ca3e0000, 0x00000000cb7e0140, 0x00000000cb850000)
  to   space 20928K,   0% used [0x00000000cb850000, 0x00000000cb850000, 0x00000000cccc0000)
 concurrent mark-sweep generation total 838912K, used 403502K [0x00000000cccc0000, 0x0000000100000000, 0x0000000100000000)
 Metaspace       used 3934K, capacity 4536K, committed 4864K, reserved 1056768K
  class space    used 425K, capacity 428K, committed 512K, reserved 1048576K
2024-07-26T01:31:12.156+0800: 3.755: [GC (Allocation Failure) 2024-07-26T01:31:12.156+0800: 3.755: [ParNew2024-07-26T01:31:12.170+0800: 3.769: [SoftReference, 0 refs, 0.0000368 secs]2024-07-26T01:31:12.170+0800: 3.769: [WeakReference, 0 refs, 0.0000078 secs]2024-07-26T01:31:12.170+0800: 3.769: [FinalReference, 0 refs, 0.0000070 secs]2024-07-26T01:31:12.170+0800: 3.769: [PhantomReference, 0 refs, 0.0000065 secs]2024-07-26T01:31:12.170+0800: 3.769: [JNI Weak Reference, 0.0000069 secs]
Desired survivor size 10715136 bytes, new threshold 1 (max 1)
- age   1:   20971840 bytes,   20971840 total
: 187673K->20480K(188736K), 0.0144861 secs] 591175K->487473K(1027648K), 0.0145297 secs] [Times: user=0.03 sys=0.02, real=0.01 secs] 
Heap after GC invocations=132 (full 11):
 par new generation   total 188736K, used 20480K [0x00000000c0000000, 0x00000000cccc0000, 0x00000000cccc0000)
  eden space 167808K,   0% used [0x00000000c0000000, 0x00000000c0000000, 0x00000000ca3e0000)
  from space 20928K,  97% used [0x00000000cb850000, 0x00000000ccc50140, 0x00000000cccc0000)
  to   space 20928K,   0% used [0x00000000ca3e0000, 0x00000000ca3e0000, 0x00000000cb850000)
 concurrent mark-sweep generation total 838912K, used 466993K [0x00000000cccc0000, 0x0000000100000000, 0x0000000100000000)
 Metaspace       used 3934K, capacity 4536K, committed 4864K, reserved 1056768K
  class space    used 425K, capacity 428K, committed 512K, reserved 1048576K
}
2024-07-26T01:31:12.170+0800: 3.769: Total time for which application threads were stopped: 0.0146593 seconds, Stopping threads took: 0.0000240 seconds
{Heap before GC invocations=132 (full 11):
 par new generation   total 188736K, used 187673K [0x00000000c0000000, 0x00000000cccc0000, 0x00000000cccc0000)
  eden space 167808K,  99% used [0x00000000c0000000, 0x00000000ca346440, 0x00000000ca3e0000)
  from space 20928K,  97% used [0x00000000cb850000, 0x00000000ccc50140, 0x00000000cccc0000)
  to   space 20928K,   0% used [0x00000000ca3e0000, 0x00000000ca3e0000, 0x00000000cb850000)
 concurrent mark-sweep generation total 838912K, used 466993K [0x00000000cccc0000, 0x0000000100000000, 0x0000000100000000)
 Metaspace       used 3934K, capacity 4536K, committed 4864K, reserved 1056768K
  class space    used 425K, capacity 428K, committed 512K, reserved 1048576K
2024-07-26T01:31:12.185+0800: 3.785: [GC (Allocation Failure) 2024-07-26T01:31:12.185+0800: 3.785: [ParNew2024-07-26T01:31:12.193+0800: 3.792: [SoftReference, 0 refs, 0.0000372 secs]2024-07-26T01:31:12.193+0800: 3.792: [WeakReference, 0 refs, 0.0000045 secs]2024-07-26T01:31:12.193+0800: 3.792: [FinalReference, 0 refs, 0.0000041 secs]2024-07-26T01:31:12.193+0800: 3.792: [PhantomReference, 0 refs, 0.0000039 secs]2024-07-26T01:31:12.193+0800: 3.792: [JNI Weak Reference, 0.0000044 secs]
Desired survivor size 10715136 bytes, new threshold 1 (max 1)
- age   1:   20971840 bytes,   20971840 total
: 187673K->20480K(188736K), 0.0075763 secs] 654666K->511028K(1027648K), 0.0076223 secs] [Times: user=0.00 sys=0.00, real=0.01 secs] 
Heap after GC invocations=133 (full 11):
 par new generation   total 188736K, used 20480K [0x00000000c0000000, 0x00000000cccc0000, 0x00000000cccc0000)
  eden space 167808K,   0% used [0x00000000c0000000, 0x00000000c0000000, 0x00000000ca3e0000)
  from space 20928K,  97% used [0x00000000ca3e0000, 0x00000000cb7e0140, 0x00000000cb850000)
  to   space 20928K,   0% used [0x00000000cb850000, 0x00000000cb850000, 0x00000000cccc0000)
 concurrent mark-sweep generation total 838912K, used 490547K [0x00000000cccc0000, 0x0000000100000000, 0x0000000100000000)
 Metaspace       used 3934K, capacity 4536K, committed 4864K, reserved 1056768K
  class space    used 425K, capacity 428K, committed 512K, reserved 1048576K
}
2024-07-26T01:31:12.193+0800: 3.792: Total time for which application threads were stopped: 0.0077468 seconds, Stopping threads took: 0.0000267 seconds
{Heap before GC invocations=133 (full 11):
 par new generation   total 188736K, used 187673K [0x00000000c0000000, 0x00000000cccc0000, 0x00000000cccc0000)
  eden space 167808K,  99% used [0x00000000c0000000, 0x00000000ca346440, 0x00000000ca3e0000)
  from space 20928K,  97% used [0x00000000ca3e0000, 0x00000000cb7e0140, 0x00000000cb850000)
  to   space 20928K,   0% used [0x00000000cb850000, 0x00000000cb850000, 0x00000000cccc0000)
 concurrent mark-sweep generation total 838912K, used 490547K [0x00000000cccc0000, 0x0000000100000000, 0x0000000100000000)
 Metaspace       used 3934K, capacity 4536K, committed 4864K, reserved 1056768K
  class space    used 425K, capacity 428K, committed 512K, reserved 1048576K
2024-07-26T01:31:12.207+0800: 3.807: [GC (Allocation Failure) 2024-07-26T01:31:12.207+0800: 3.807: [ParNew2024-07-26T01:31:12.209+0800: 3.808: [SoftReference, 0 refs, 0.0000283 secs]2024-07-26T01:31:12.209+0800: 3.808: [WeakReference, 0 refs, 0.0000048 secs]2024-07-26T01:31:12.209+0800: 3.808: [FinalReference, 0 refs, 0.0000043 secs]2024-07-26T01:31:12.209+0800: 3.808: [PhantomReference, 0 refs, 0.0000041 secs]2024-07-26T01:31:12.209+0800: 3.808: [JNI Weak Reference, 0.0000044 secs]
Desired survivor size 10715136 bytes, new threshold 1 (max 1)
- age   1:    4194368 bytes,    4194368 total
: 187673K->4096K(188736K), 0.0016261 secs] 678221K->494644K(1027648K), 0.0016664 secs] [Times: user=0.00 sys=0.00, real=0.00 secs] 
Heap after GC invocations=134 (full 11):
 par new generation   total 188736K, used 4096K [0x00000000c0000000, 0x00000000cccc0000, 0x00000000cccc0000)
  eden space 167808K,   0% used [0x00000000c0000000, 0x00000000c0000000, 0x00000000ca3e0000)
  from space 20928K,  19% used [0x00000000cb850000, 0x00000000cbc50040, 0x00000000cccc0000)
  to   space 20928K,   0% used [0x00000000ca3e0000, 0x00000000ca3e0000, 0x00000000cb850000)
 concurrent mark-sweep generation total 838912K, used 490547K [0x00000000cccc0000, 0x0000000100000000, 0x0000000100000000)
 Metaspace       used 3934K, capacity 4536K, committed 4864K, reserved 1056768K
  class space    used 425K, capacity 428K, committed 512K, reserved 1048576K
}
2024-07-26T01:31:12.209+0800: 3.808: Total time for which application threads were stopped: 0.0017809 seconds, Stopping threads took: 0.0000241 seconds
{Heap before GC invocations=134 (full 11):
 par new generation   total 188736K, used 171289K [0x00000000c0000000, 0x00000000cccc0000, 0x00000000cccc0000)
  eden space 167808K,  99% used [0x00000000c0000000, 0x00000000ca346440, 0x00000000ca3e0000)
  from space 20928K,  19% used [0x00000000cb850000, 0x00000000cbc50040, 0x00000000cccc0000)
  to   space 20928K,   0% used [0x00000000ca3e0000, 0x00000000ca3e0000, 0x00000000cb850000)
 concurrent mark-sweep generation total 838912K, used 490547K [0x00000000cccc0000, 0x0000000100000000, 0x0000000100000000)
 Metaspace       used 3934K, capacity 4536K, committed 4864K, reserved 1056768K
  class space    used 425K, capacity 428K, committed 512K, reserved 1048576K
2024-07-26T01:31:12.223+0800: 3.822: [GC (Allocation Failure) 2024-07-26T01:31:12.223+0800: 3.822: [ParNew2024-07-26T01:31:12.234+0800: 3.834: [SoftReference, 0 refs, 0.0000357 secs]2024-07-26T01:31:12.234+0800: 3.834: [WeakReference, 0 refs, 0.0000042 secs]2024-07-26T01:31:12.234+0800: 3.834: [FinalReference, 0 refs, 0.0000038 secs]2024-07-26T01:31:12.234+0800: 3.834: [PhantomReference, 0 refs, 0.0000035 secs]2024-07-26T01:31:12.234+0800: 3.834: [JNI Weak Reference, 0.0000043 secs]
Desired survivor size 10715136 bytes, new threshold 1 (max 1)
- age   1:   20971840 bytes,   20971840 total
: 171289K->20480K(188736K), 0.0116047 secs] 661837K->558132K(1027648K), 0.0116468 secs] [Times: user=0.08 sys=0.00, real=0.01 secs] 
Heap after GC invocations=135 (full 11):
 par new generation   total 188736K, used 20480K [0x00000000c0000000, 0x00000000cccc0000, 0x00000000cccc0000)
  eden space 167808K,   0% used [0x00000000c0000000, 0x00000000c0000000, 0x00000000ca3e0000)
  from space 20928K,  97% used [0x00000000ca3e0000, 0x00000000cb7e0140, 0x00000000cb850000)
  to   space 20928K,   0% used [0x00000000cb850000, 0x00000000cb850000, 0x00000000cccc0000)
 concurrent mark-sweep generation total 838912K, used 537652K [0x00000000cccc0000, 0x0000000100000000, 0x0000000100000000)
 Metaspace       used 3934K, capacity 4536K, committed 4864K, reserved 1056768K
  class space    used 425K, capacity 428K, committed 512K, reserved 1048576K
}
2024-07-26T01:31:12.234+0800: 3.834: Total time for which application threads were stopped: 0.0117576 seconds, Stopping threads took: 0.0000226 seconds
{Heap before GC invocations=135 (full 11):
 par new generation   total 188736K, used 187673K [0x00000000c0000000, 0x00000000cccc0000, 0x00000000cccc0000)
  eden space 167808K,  99% used [0x00000000c0000000, 0x00000000ca346440, 0x00000000ca3e0000)
  from space 20928K,  97% used [0x00000000ca3e0000, 0x00000000cb7e0140, 0x00000000cb850000)
  to   space 20928K,   0% used [0x00000000cb850000, 0x00000000cb850000, 0x00000000cccc0000)
 concurrent mark-sweep generation total 838912K, used 537652K [0x00000000cccc0000, 0x0000000100000000, 0x0000000100000000)
 Metaspace       used 3934K, capacity 4536K, committed 4864K, reserved 1056768K
  class space    used 425K, capacity 428K, committed 512K, reserved 1048576K
2024-07-26T01:31:12.249+0800: 3.848: [GC (Allocation Failure) 2024-07-26T01:31:12.249+0800: 3.848: [ParNew2024-07-26T01:31:12.254+0800: 3.854: [SoftReference, 0 refs, 0.0000384 secs]2024-07-26T01:31:12.254+0800: 3.854: [WeakReference, 0 refs, 0.0000044 secs]2024-07-26T01:31:12.254+0800: 3.854: [FinalReference, 0 refs, 0.0000042 secs]2024-07-26T01:31:12.254+0800: 3.854: [PhantomReference, 0 refs, 0.0000037 secs]2024-07-26T01:31:12.255+0800: 3.854: [JNI Weak Reference, 0.0000047 secs]
Desired survivor size 10715136 bytes, new threshold 1 (max 1)
- age   1:   20971840 bytes,   20971840 total
: 187673K->20480K(188736K), 0.0054924 secs] 725326K->565303K(1027648K), 0.0055360 secs] [Times: user=0.00 sys=0.00, real=0.01 secs] 
Heap after GC invocations=136 (full 11):
 par new generation   total 188736K, used 20480K [0x00000000c0000000, 0x00000000cccc0000, 0x00000000cccc0000)
  eden space 167808K,   0% used [0x00000000c0000000, 0x00000000c0000000, 0x00000000ca3e0000)
  from space 20928K,  97% used [0x00000000cb850000, 0x00000000ccc50140, 0x00000000cccc0000)
  to   space 20928K,   0% used [0x00000000ca3e0000, 0x00000000ca3e0000, 0x00000000cb850000)
 concurrent mark-sweep generation total 838912K, used 544822K [0x00000000cccc0000, 0x0000000100000000, 0x0000000100000000)
 Metaspace       used 3934K, capacity 4536K, committed 4864K, reserved 1056768K
  class space    used 425K, capacity 428K, committed 512K, reserved 1048576K
}
2024-07-26T01:31:12.255+0800: 3.854: Total time for which application threads were stopped: 0.0056659 seconds, Stopping threads took: 0.0000261 seconds
{Heap before GC invocations=136 (full 11):
 par new generation   total 188736K, used 187673K [0x00000000c0000000, 0x00000000cccc0000, 0x00000000cccc0000)
  eden space 167808K,  99% used [0x00000000c0000000, 0x00000000ca346440, 0x00000000ca3e0000)
  from space 20928K,  97% used [0x00000000cb850000, 0x00000000ccc50140, 0x00000000cccc0000)
  to   space 20928K,   0% used [0x00000000ca3e0000, 0x00000000ca3e0000, 0x00000000cb850000)
 concurrent mark-sweep generation total 838912K, used 544822K [0x00000000cccc0000, 0x0000000100000000, 0x0000000100000000)
 Metaspace       used 3934K, capacity 4536K, committed 4864K, reserved 1056768K
  class space    used 425K, capacity 428K, committed 512K, reserved 1048576K
2024-07-26T01:31:12.269+0800: 3.868: [GC (Allocation Failure) 2024-07-26T01:31:12.269+0800: 3.868: [ParNew2024-07-26T01:31:12.284+0800: 3.884: [SoftReference, 0 refs, 0.0000322 secs]2024-07-26T01:31:12.284+0800: 3.884: [WeakReference, 0 refs, 0.0000042 secs]2024-07-26T01:31:12.284+0800: 3.884: [FinalReference, 0 refs, 0.0000038 secs]2024-07-26T01:31:12.284+0800: 3.884: [PhantomReference, 0 refs, 0.0000036 secs]2024-07-26T01:31:12.284+0800: 3.884: [JNI Weak Reference, 0.0000042 secs]
Desired survivor size 10715136 bytes, new threshold 1 (max 1)
- age   1:   20971840 bytes,   20971840 total
: 187673K->20480K(188736K), 0.0152410 secs] 732496K->635960K(1027648K), 0.0152906 secs] [Times: user=0.06 sys=0.00, real=0.01 secs] 
Heap after GC invocations=137 (full 11):
 par new generation   total 188736K, used 20480K [0x00000000c0000000, 0x00000000cccc0000, 0x00000000cccc0000)
  eden space 167808K,   0% used [0x00000000c0000000, 0x00000000c0000000, 0x00000000ca3e0000)
  from space 20928K,  97% used [0x00000000ca3e0000, 0x00000000cb7e0140, 0x00000000cb850000)
  to   space 20928K,   0% used [0x00000000cb850000, 0x00000000cb850000, 0x00000000cccc0000)
 concurrent mark-sweep generation total 838912K, used 615479K [0x00000000cccc0000, 0x0000000100000000, 0x0000000100000000)
 Metaspace       used 3934K, capacity 4536K, committed 4864K, reserved 1056768K
  class space    used 425K, capacity 428K, committed 512K, reserved 1048576K
}
2024-07-26T01:31:12.284+0800: 3.884: Total time for which application threads were stopped: 0.0154339 seconds, Stopping threads took: 0.0000406 seconds
{Heap before GC invocations=137 (full 11):
 par new generation   total 188736K, used 187673K [0x00000000c0000000, 0x00000000cccc0000, 0x00000000cccc0000)
  eden space 167808K,  99% used [0x00000000c0000000, 0x00000000ca346440, 0x00000000ca3e0000)
  from space 20928K,  97% used [0x00000000ca3e0000, 0x00000000cb7e0140, 0x00000000cb850000)
  to   space 20928K,   0% used [0x00000000cb850000, 0x00000000cb850000, 0x00000000cccc0000)
 concurrent mark-sweep generation total 838912K, used 615479K [0x00000000cccc0000, 0x0000000100000000, 0x0000000100000000)
 Metaspace       used 3934K, capacity 4536K, committed 4864K, reserved 1056768K
  class space    used 425K, capacity 428K, committed 512K, reserved 1048576K
2024-07-26T01:31:12.298+0800: 3.898: [GC (Allocation Failure) 2024-07-26T01:31:12.298+0800: 3.898: [ParNew2024-07-26T01:31:12.306+0800: 3.906: [SoftReference, 0 refs, 0.0000447 secs]2024-07-26T01:31:12.306+0800: 3.906: [WeakReference, 0 refs, 0.0000045 secs]2024-07-26T01:31:12.306+0800: 3.906: [FinalReference, 0 refs, 0.0000040 secs]2024-07-26T01:31:12.306+0800: 3.906: [PhantomReference, 0 refs, 0.0000038 secs]2024-07-26T01:31:12.306+0800: 3.906: [JNI Weak Reference, 0.0000058 secs]
Desired survivor size 10715136 bytes, new threshold 1 (max 1)
- age   1:   20971840 bytes,   20971840 total
: 187673K->20480K(188736K), 0.0077429 secs] 803153K->666680K(1027648K), 0.0077845 secs] [Times: user=0.00 sys=0.00, real=0.01 secs] 
Heap after GC invocations=138 (full 11):
 par new generation   total 188736K, used 20480K [0x00000000c0000000, 0x00000000cccc0000, 0x00000000cccc0000)
  eden space 167808K,   0% used [0x00000000c0000000, 0x00000000c0000000, 0x00000000ca3e0000)
  from space 20928K,  97% used [0x00000000cb850000, 0x00000000ccc50140, 0x00000000cccc0000)
  to   space 20928K,   0% used [0x00000000ca3e0000, 0x00000000ca3e0000, 0x00000000cb850000)
 concurrent mark-sweep generation total 838912K, used 646200K [0x00000000cccc0000, 0x0000000100000000, 0x0000000100000000)
 Metaspace       used 3934K, capacity 4536K, committed 4864K, reserved 1056768K
  class space    used 425K, capacity 428K, committed 512K, reserved 1048576K
}
2024-07-26T01:31:12.306+0800: 3.906: Total time for which application threads were stopped: 0.0079169 seconds, Stopping threads took: 0.0000286 seconds
{Heap before GC invocations=138 (full 11):
 par new generation   total 188736K, used 187673K [0x00000000c0000000, 0x00000000cccc0000, 0x00000000cccc0000)
  eden space 167808K,  99% used [0x00000000c0000000, 0x00000000ca346440, 0x00000000ca3e0000)
  from space 20928K,  97% used [0x00000000cb850000, 0x00000000ccc50140, 0x00000000cccc0000)
  to   space 20928K,   0% used [0x00000000ca3e0000, 0x00000000ca3e0000, 0x00000000cb850000)
 concurrent mark-sweep generation total 838912K, used 646200K [0x00000000cccc0000, 0x0000000100000000, 0x0000000100000000)
 Metaspace       used 3934K, capacity 4536K, committed 4864K, reserved 1056768K
  class space    used 425K, capacity 428K, committed 512K, reserved 1048576K
2024-07-26T01:31:12.320+0800: 3.920: [GC (Allocation Failure) 2024-07-26T01:31:12.320+0800: 3.920: [ParNew2024-07-26T01:31:12.324+0800: 3.924: [SoftReference, 0 refs, 0.0000315 secs]2024-07-26T01:31:12.324+0800: 3.924: [WeakReference, 0 refs, 0.0000045 secs]2024-07-26T01:31:12.324+0800: 3.924: [FinalReference, 0 refs, 0.0000041 secs]2024-07-26T01:31:12.324+0800: 3.924: [PhantomReference, 0 refs, 0.0000037 secs]2024-07-26T01:31:12.324+0800: 3.924: [JNI Weak Reference, 0.0000044 secs]
Desired survivor size 10715136 bytes, new threshold 1 (max 1)
- age   1:   11534512 bytes,   11534512 total
: 187673K->11264K(188736K), 0.0035384 secs] 833873K->657464K(1027648K), 0.0036154 secs] [Times: user=0.00 sys=0.00, real=0.00 secs] 
Heap after GC invocations=139 (full 11):
 par new generation   total 188736K, used 11264K [0x00000000c0000000, 0x00000000cccc0000, 0x00000000cccc0000)
  eden space 167808K,   0% used [0x00000000c0000000, 0x00000000c0000000, 0x00000000ca3e0000)
  from space 20928K,  53% used [0x00000000ca3e0000, 0x00000000caee00b0, 0x00000000cb850000)
  to   space 20928K,   0% used [0x00000000cb850000, 0x00000000cb850000, 0x00000000cccc0000)
 concurrent mark-sweep generation total 838912K, used 646200K [0x00000000cccc0000, 0x0000000100000000, 0x0000000100000000)
 Metaspace       used 3934K, capacity 4536K, committed 4864K, reserved 1056768K
  class space    used 425K, capacity 428K, committed 512K, reserved 1048576K
}
2024-07-26T01:31:12.324+0800: 3.924: Total time for which application threads were stopped: 0.0037281 seconds, Stopping threads took: 0.0000229 seconds
{Heap before GC invocations=139 (full 11):
 par new generation   total 188736K, used 178457K [0x00000000c0000000, 0x00000000cccc0000, 0x00000000cccc0000)
  eden space 167808K,  99% used [0x00000000c0000000, 0x00000000ca346440, 0x00000000ca3e0000)
  from space 20928K,  53% used [0x00000000ca3e0000, 0x00000000caee00b0, 0x00000000cb850000)
  to   space 20928K,   0% used [0x00000000cb850000, 0x00000000cb850000, 0x00000000cccc0000)
 concurrent mark-sweep generation total 838912K, used 646200K [0x00000000cccc0000, 0x0000000100000000, 0x0000000100000000)
 Metaspace       used 3934K, capacity 4536K, committed 4864K, reserved 1056768K
  class space    used 425K, capacity 428K, committed 512K, reserved 1048576K
2024-07-26T01:31:12.338+0800: 3.938: [GC (Allocation Failure) 2024-07-26T01:31:12.338+0800: 3.938: [ParNew2024-07-26T01:31:12.350+0800: 3.950: [SoftReference, 0 refs, 0.0000370 secs]2024-07-26T01:31:12.350+0800: 3.950: [WeakReference, 0 refs, 0.0000074 secs]2024-07-26T01:31:12.350+0800: 3.950: [FinalReference, 0 refs, 0.0000041 secs]2024-07-26T01:31:12.350+0800: 3.950: [PhantomReference, 0 refs, 0.0000042 secs]2024-07-26T01:31:12.350+0800: 3.950: [JNI Weak Reference, 0.0000045 secs]
Desired survivor size 10715136 bytes, new threshold 1 (max 1)
- age   1:   20971840 bytes,   20971840 total
: 178457K->20480K(188736K), 0.0116365 secs] 824657K->720953K(1027648K), 0.0116765 secs] [Times: user=0.06 sys=0.00, real=0.01 secs] 
Heap after GC invocations=140 (full 11):
 par new generation   total 188736K, used 20480K [0x00000000c0000000, 0x00000000cccc0000, 0x00000000cccc0000)
  eden space 167808K,   0% used [0x00000000c0000000, 0x00000000c0000000, 0x00000000ca3e0000)
  from space 20928K,  97% used [0x00000000cb850000, 0x00000000ccc50140, 0x00000000cccc0000)
  to   space 20928K,   0% used [0x00000000ca3e0000, 0x00000000ca3e0000, 0x00000000cb850000)
 concurrent mark-sweep generation total 838912K, used 700473K [0x00000000cccc0000, 0x0000000100000000, 0x0000000100000000)
 Metaspace       used 3934K, capacity 4536K, committed 4864K, reserved 1056768K
  class space    used 425K, capacity 428K, committed 512K, reserved 1048576K
}
2024-07-26T01:31:12.350+0800: 3.950: Total time for which application threads were stopped: 0.0117867 seconds, Stopping threads took: 0.0000218 seconds
{Heap before GC invocations=140 (full 11):
 par new generation   total 188736K, used 187673K [0x00000000c0000000, 0x00000000cccc0000, 0x00000000cccc0000)
  eden space 167808K,  99% used [0x00000000c0000000, 0x00000000ca346440, 0x00000000ca3e0000)
  from space 20928K,  97% used [0x00000000cb850000, 0x00000000ccc50140, 0x00000000cccc0000)
  to   space 20928K,   0% used [0x00000000ca3e0000, 0x00000000ca3e0000, 0x00000000cb850000)
 concurrent mark-sweep generation total 838912K, used 700473K [0x00000000cccc0000, 0x0000000100000000, 0x0000000100000000)
 Metaspace       used 3934K, capacity 4536K, committed 4864K, reserved 1056768K
  class space    used 425K, capacity 428K, committed 512K, reserved 1048576K
2024-07-26T01:31:12.365+0800: 3.964: [GC (Allocation Failure) 2024-07-26T01:31:12.365+0800: 3.964: [ParNew2024-07-26T01:31:12.370+0800: 3.970: [SoftReference, 0 refs, 0.0000265 secs]2024-07-26T01:31:12.370+0800: 3.970: [WeakReference, 0 refs, 0.0000042 secs]2024-07-26T01:31:12.370+0800: 3.970: [FinalReference, 0 refs, 0.0000040 secs]2024-07-26T01:31:12.370+0800: 3.970: [PhantomReference, 0 refs, 0.0000036 secs]2024-07-26T01:31:12.370+0800: 3.970: [JNI Weak Reference, 0.0000041 secs]
Desired survivor size 10715136 bytes, new threshold 1 (max 1)
- age   1:   20971840 bytes,   20971840 total
: 187673K->20480K(188736K), 0.0062337 secs] 888146K->735289K(1027648K), 0.0062720 secs] [Times: user=0.00 sys=0.00, real=0.01 secs] 
Heap after GC invocations=141 (full 11):
 par new generation   total 188736K, used 20480K [0x00000000c0000000, 0x00000000cccc0000, 0x00000000cccc0000)
  eden space 167808K,   0% used [0x00000000c0000000, 0x00000000c0000000, 0x00000000ca3e0000)
  from space 20928K,  97% used [0x00000000ca3e0000, 0x00000000cb7e0140, 0x00000000cb850000)
  to   space 20928K,   0% used [0x00000000cb850000, 0x00000000cb850000, 0x00000000cccc0000)
 concurrent mark-sweep generation total 838912K, used 714809K [0x00000000cccc0000, 0x0000000100000000, 0x0000000100000000)
 Metaspace       used 3934K, capacity 4536K, committed 4864K, reserved 1056768K
  class space    used 425K, capacity 428K, committed 512K, reserved 1048576K
}
2024-07-26T01:31:12.371+0800: 3.970: Total time for which application threads were stopped: 0.0064146 seconds, Stopping threads took: 0.0000529 seconds
{Heap before GC invocations=141 (full 11):
 par new generation   total 188736K, used 187673K [0x00000000c0000000, 0x00000000cccc0000, 0x00000000cccc0000)
  eden space 167808K,  99% used [0x00000000c0000000, 0x00000000ca346440, 0x00000000ca3e0000)
  from space 20928K,  97% used [0x00000000ca3e0000, 0x00000000cb7e0140, 0x00000000cb850000)
  to   space 20928K,   0% used [0x00000000cb850000, 0x00000000cb850000, 0x00000000cccc0000)
 concurrent mark-sweep generation total 838912K, used 714809K [0x00000000cccc0000, 0x0000000100000000, 0x0000000100000000)
 Metaspace       used 3934K, capacity 4536K, committed 4864K, reserved 1056768K
  class space    used 425K, capacity 428K, committed 512K, reserved 1048576K
2024-07-26T01:31:12.385+0800: 3.985: [GC (Allocation Failure) 2024-07-26T01:31:12.385+0800: 3.985: [ParNew2024-07-26T01:31:12.401+0800: 4.001: [SoftReference, 0 refs, 0.0000383 secs]2024-07-26T01:31:12.401+0800: 4.001: [WeakReference, 0 refs, 0.0000044 secs]2024-07-26T01:31:12.401+0800: 4.001: [FinalReference, 0 refs, 0.0000040 secs]2024-07-26T01:31:12.401+0800: 4.001: [PhantomReference, 0 refs, 0.0000039 secs]2024-07-26T01:31:12.401+0800: 4.001: [JNI Weak Reference, 0.0000046 secs]
Desired survivor size 10715136 bytes, new threshold 1 (max 1)
- age   1:   20971840 bytes,   20971840 total
: 187673K->20480K(188736K), 0.0160103 secs] 902482K->813116K(1027648K), 0.0160572 secs] [Times: user=0.09 sys=0.00, real=0.02 secs] 
Heap after GC invocations=142 (full 11):
 par new generation   total 188736K, used 20480K [0x00000000c0000000, 0x00000000cccc0000, 0x00000000cccc0000)
  eden space 167808K,   0% used [0x00000000c0000000, 0x00000000c0000000, 0x00000000ca3e0000)
  from space 20928K,  97% used [0x00000000cb850000, 0x00000000ccc50140, 0x00000000cccc0000)
  to   space 20928K,   0% used [0x00000000ca3e0000, 0x00000000ca3e0000, 0x00000000cb850000)
 concurrent mark-sweep generation total 838912K, used 792636K [0x00000000cccc0000, 0x0000000100000000, 0x0000000100000000)
 Metaspace       used 3934K, capacity 4536K, committed 4864K, reserved 1056768K
  class space    used 425K, capacity 428K, committed 512K, reserved 1048576K
}
2024-07-26T01:31:12.401+0800: 4.001: Total time for which application threads were stopped: 0.0161759 seconds, Stopping threads took: 0.0000242 seconds
{Heap before GC invocations=142 (full 11):
 par new generation   total 188736K, used 187673K [0x00000000c0000000, 0x00000000cccc0000, 0x00000000cccc0000)
  eden space 167808K,  99% used [0x00000000c0000000, 0x00000000ca346440, 0x00000000ca3e0000)
  from space 20928K,  97% used [0x00000000cb850000, 0x00000000ccc50140, 0x00000000cccc0000)
  to   space 20928K,   0% used [0x00000000ca3e0000, 0x00000000ca3e0000, 0x00000000cb850000)
 concurrent mark-sweep generation total 838912K, used 792636K [0x00000000cccc0000, 0x0000000100000000, 0x0000000100000000)
 Metaspace       used 3934K, capacity 4536K, committed 4864K, reserved 1056768K
  class space    used 425K, capacity 428K, committed 512K, reserved 1048576K
2024-07-26T01:31:12.416+0800: 4.016: [GC (Allocation Failure) 2024-07-26T01:31:12.416+0800: 4.016: [ParNew: 187673K->187673K(188736K), 0.0000150 secs]2024-07-26T01:31:12.416+0800: 4.016: [CMS2024-07-26T01:31:12.416+0800: 4.016: [CMS-concurrent-abortable-preclean: 0.010/0.320 secs] [Times: user=0.38 sys=0.03, real=0.32 secs] 
 (concurrent mode failure)2024-07-26T01:31:12.417+0800: 4.017: [SoftReference, 0 refs, 0.0000146 secs]2024-07-26T01:31:12.417+0800: 4.017: [WeakReference, 2 refs, 0.0000050 secs]2024-07-26T01:31:12.417+0800: 4.017: [FinalReference, 2 refs, 0.0000040 secs]2024-07-26T01:31:12.417+0800: 4.017: [PhantomReference, 0 refs, 0.0000037 secs]2024-07-26T01:31:12.417+0800: 4.017: [JNI Weak Reference, 0.0000042 secs]: 792636K->59425K(838912K), 0.0114148 secs] 980310K->59425K(1027648K), [Metaspace: 3934K->3934K(1056768K)], 0.0115046 secs] [Times: user=0.00 sys=0.00, real=0.01 secs] 
Heap after GC invocations=143 (full 12):
 par new generation   total 188736K, used 0K [0x00000000c0000000, 0x00000000cccc0000, 0x00000000cccc0000)
  eden space 167808K,   0% used [0x00000000c0000000, 0x00000000c0000000, 0x00000000ca3e0000)
  from space 20928K,   0% used [0x00000000cb850000, 0x00000000cb850000, 0x00000000cccc0000)
  to   space 20928K,   0% used [0x00000000ca3e0000, 0x00000000ca3e0000, 0x00000000cb850000)
 concurrent mark-sweep generation total 838912K, used 59425K [0x00000000cccc0000, 0x0000000100000000, 0x0000000100000000)
 Metaspace       used 3934K, capacity 4536K, committed 4864K, reserved 1056768K
  class space    used 425K, capacity 428K, committed 512K, reserved 1048576K
}
2024-07-26T01:31:12.427+0800: 4.027: Total time for which application threads were stopped: 0.0116419 seconds, Stopping threads took: 0.0000256 seconds
{Heap before GC invocations=143 (full 12):
 par new generation   total 188736K, used 167193K [0x00000000c0000000, 0x00000000cccc0000, 0x00000000cccc0000)
  eden space 167808K,  99% used [0x00000000c0000000, 0x00000000ca346440, 0x00000000ca3e0000)
  from space 20928K,   0% used [0x00000000cb850000, 0x00000000cb850000, 0x00000000cccc0000)
  to   space 20928K,   0% used [0x00000000ca3e0000, 0x00000000ca3e0000, 0x00000000cb850000)
 concurrent mark-sweep generation total 838912K, used 59425K [0x00000000cccc0000, 0x0000000100000000, 0x0000000100000000)
 Metaspace       used 3934K, capacity 4536K, committed 4864K, reserved 1056768K
  class space    used 425K, capacity 428K, committed 512K, reserved 1048576K
2024-07-26T01:31:12.443+0800: 4.043: [GC (Allocation Failure) 2024-07-26T01:31:12.443+0800: 4.043: [ParNew2024-07-26T01:31:12.448+0800: 4.048: [SoftReference, 0 refs, 0.0000349 secs]2024-07-26T01:31:12.448+0800: 4.048: [WeakReference, 0 refs, 0.0000049 secs]2024-07-26T01:31:12.448+0800: 4.048: [FinalReference, 0 refs, 0.0000044 secs]2024-07-26T01:31:12.448+0800: 4.048: [PhantomReference, 0 refs, 0.0000041 secs]2024-07-26T01:31:12.448+0800: 4.048: [JNI Weak Reference, 0.0000047 secs]
Desired survivor size 10715136 bytes, new threshold 1 (max 1)
- age   1:   18874656 bytes,   18874656 total
: 167193K->18432K(188736K), 0.0048753 secs] 226618K->77857K(1027648K), 0.0049205 secs] [Times: user=0.00 sys=0.00, real=0.00 secs] 
Heap after GC invocations=144 (full 12):
 par new generation   total 188736K, used 18432K [0x00000000c0000000, 0x00000000cccc0000, 0x00000000cccc0000)
  eden space 167808K,   0% used [0x00000000c0000000, 0x00000000c0000000, 0x00000000ca3e0000)
  from space 20928K,  88% used [0x00000000ca3e0000, 0x00000000cb5e0120, 0x00000000cb850000)
  to   space 20928K,   0% used [0x00000000cb850000, 0x00000000cb850000, 0x00000000cccc0000)
 concurrent mark-sweep generation total 838912K, used 59425K [0x00000000cccc0000, 0x0000000100000000, 0x0000000100000000)
 Metaspace       used 3934K, capacity 4536K, committed 4864K, reserved 1056768K
  class space    used 425K, capacity 428K, committed 512K, reserved 1048576K
}
2024-07-26T01:31:12.448+0800: 4.048: Total time for which application threads were stopped: 0.0050386 seconds, Stopping threads took: 0.0000240 seconds
{Heap before GC invocations=144 (full 12):
 par new generation   total 188736K, used 185625K [0x00000000c0000000, 0x00000000cccc0000, 0x00000000cccc0000)
  eden space 167808K,  99% used [0x00000000c0000000, 0x00000000ca346440, 0x00000000ca3e0000)
  from space 20928K,  88% used [0x00000000ca3e0000, 0x00000000cb5e0120, 0x00000000cb850000)
  to   space 20928K,   0% used [0x00000000cb850000, 0x00000000cb850000, 0x00000000cccc0000)
 concurrent mark-sweep generation total 838912K, used 59425K [0x00000000cccc0000, 0x0000000100000000, 0x0000000100000000)
 Metaspace       used 3934K, capacity 4536K, committed 4864K, reserved 1056768K
  class space    used 425K, capacity 428K, committed 512K, reserved 1048576K
2024-07-26T01:31:12.463+0800: 4.063: [GC (Allocation Failure) 2024-07-26T01:31:12.463+0800: 4.063: [ParNew2024-07-26T01:31:12.478+0800: 4.078: [SoftReference, 0 refs, 0.0000347 secs]2024-07-26T01:31:12.478+0800: 4.078: [WeakReference, 0 refs, 0.0000043 secs]2024-07-26T01:31:12.478+0800: 4.078: [FinalReference, 0 refs, 0.0000039 secs]2024-07-26T01:31:12.478+0800: 4.078: [PhantomReference, 0 refs, 0.0000038 secs]2024-07-26T01:31:12.478+0800: 4.078: [JNI Weak Reference, 0.0000045 secs]
Desired survivor size 10715136 bytes, new threshold 1 (max 1)
- age   1:   20971840 bytes,   20971840 total
: 185625K->20480K(188736K), 0.0148634 secs] 245050K->141348K(1027648K), 0.0149100 secs] [Times: user=0.09 sys=0.00, real=0.02 secs] 
Heap after GC invocations=145 (full 12):
 par new generation   total 188736K, used 20480K [0x00000000c0000000, 0x00000000cccc0000, 0x00000000cccc0000)
  eden space 167808K,   0% used [0x00000000c0000000, 0x00000000c0000000, 0x00000000ca3e0000)
  from space 20928K,  97% used [0x00000000cb850000, 0x00000000ccc50140, 0x00000000cccc0000)
  to   space 20928K,   0% used [0x00000000ca3e0000, 0x00000000ca3e0000, 0x00000000cb850000)
 concurrent mark-sweep generation total 838912K, used 120868K [0x00000000cccc0000, 0x0000000100000000, 0x0000000100000000)
 Metaspace       used 3934K, capacity 4536K, committed 4864K, reserved 1056768K
  class space    used 425K, capacity 428K, committed 512K, reserved 1048576K
}
2024-07-26T01:31:12.479+0800: 4.078: Total time for which application threads were stopped: 0.0150523 seconds, Stopping threads took: 0.0000260 seconds
{Heap before GC invocations=145 (full 12):
 par new generation   total 188736K, used 187673K [0x00000000c0000000, 0x00000000cccc0000, 0x00000000cccc0000)
  eden space 167808K,  99% used [0x00000000c0000000, 0x00000000ca346440, 0x00000000ca3e0000)
  from space 20928K,  97% used [0x00000000cb850000, 0x00000000ccc50140, 0x00000000cccc0000)
  to   space 20928K,   0% used [0x00000000ca3e0000, 0x00000000ca3e0000, 0x00000000cb850000)
 concurrent mark-sweep generation total 838912K, used 120868K [0x00000000cccc0000, 0x0000000100000000, 0x0000000100000000)
 Metaspace       used 3934K, capacity 4536K, committed 4864K, reserved 1056768K
  class space    used 425K, capacity 428K, committed 512K, reserved 1048576K
2024-07-26T01:31:12.494+0800: 4.093: [GC (Allocation Failure) 2024-07-26T01:31:12.494+0800: 4.093: [ParNew2024-07-26T01:31:12.501+0800: 4.101: [SoftReference, 0 refs, 0.0000389 secs]2024-07-26T01:31:12.501+0800: 4.101: [WeakReference, 0 refs, 0.0000056 secs]2024-07-26T01:31:12.501+0800: 4.101: [FinalReference, 0 refs, 0.0000042 secs]2024-07-26T01:31:12.501+0800: 4.101: [PhantomReference, 0 refs, 0.0000041 secs]2024-07-26T01:31:12.501+0800: 4.101: [JNI Weak Reference, 0.0000048 secs]
Desired survivor size 10715136 bytes, new threshold 1 (max 1)
- age   1:   20971840 bytes,   20971840 total
: 187673K->20480K(188736K), 0.0077912 secs] 308541K->162854K(1027648K), 0.0078467 secs] [Times: user=0.09 sys=0.00, real=0.01 secs] 
Heap after GC invocations=146 (full 12):
 par new generation   total 188736K, used 20480K [0x00000000c0000000, 0x00000000cccc0000, 0x00000000cccc0000)
  eden space 167808K,   0% used [0x00000000c0000000, 0x00000000c0000000, 0x00000000ca3e0000)
  from space 20928K,  97% used [0x00000000ca3e0000, 0x00000000cb7e0140, 0x00000000cb850000)
  to   space 20928K,   0% used [0x00000000cb850000, 0x00000000cb850000, 0x00000000cccc0000)
 concurrent mark-sweep generation total 838912K, used 142374K [0x00000000cccc0000, 0x0000000100000000, 0x0000000100000000)
 Metaspace       used 3934K, capacity 4536K, committed 4864K, reserved 1056768K
  class space    used 425K, capacity 428K, committed 512K, reserved 1048576K
}
2024-07-26T01:31:12.501+0800: 4.101: Total time for which application threads were stopped: 0.0079861 seconds, Stopping threads took: 0.0000325 seconds
2024-07-26T01:31:12.513+0800: 4.113: Total time for which application threads were stopped: 0.0001680 seconds, Stopping threads took: 0.0000992 seconds
{Heap before GC invocations=146 (full 12):
 par new generation   total 188736K, used 187673K [0x00000000c0000000, 0x00000000cccc0000, 0x00000000cccc0000)
  eden space 167808K,  99% used [0x00000000c0000000, 0x00000000ca346440, 0x00000000ca3e0000)
  from space 20928K,  97% used [0x00000000ca3e0000, 0x00000000cb7e0140, 0x00000000cb850000)
  to   space 20928K,   0% used [0x00000000cb850000, 0x00000000cb850000, 0x00000000cccc0000)
 concurrent mark-sweep generation total 838912K, used 142374K [0x00000000cccc0000, 0x0000000100000000, 0x0000000100000000)
 Metaspace       used 3934K, capacity 4536K, committed 4864K, reserved 1056768K
  class space    used 425K, capacity 428K, committed 512K, reserved 1048576K
2024-07-26T01:31:12.518+0800: 4.118: [GC (Allocation Failure) 2024-07-26T01:31:12.518+0800: 4.118: [ParNew2024-07-26T01:31:12.520+0800: 4.120: [SoftReference, 0 refs, 0.0000385 secs]2024-07-26T01:31:12.520+0800: 4.120: [WeakReference, 0 refs, 0.0000046 secs]2024-07-26T01:31:12.520+0800: 4.120: [FinalReference, 0 refs, 0.0000041 secs]2024-07-26T01:31:12.520+0800: 4.120: [PhantomReference, 0 refs, 0.0000041 secs]2024-07-26T01:31:12.520+0800: 4.120: [JNI Weak Reference, 0.0000047 secs]
Desired survivor size 10715136 bytes, new threshold 1 (max 1)
- age   1:    2097184 bytes,    2097184 total
: 187673K->2048K(188736K), 0.0018758 secs] 330047K->144422K(1027648K), 0.0019187 secs] [Times: user=0.00 sys=0.00, real=0.00 secs] 
Heap after GC invocations=147 (full 12):
 par new generation   total 188736K, used 2048K [0x00000000c0000000, 0x00000000cccc0000, 0x00000000cccc0000)
  eden space 167808K,   0% used [0x00000000c0000000, 0x00000000c0000000, 0x00000000ca3e0000)
  from space 20928K,   9% used [0x00000000cb850000, 0x00000000cba50020, 0x00000000cccc0000)
  to   space 20928K,   0% used [0x00000000ca3e0000, 0x00000000ca3e0000, 0x00000000cb850000)
 concurrent mark-sweep generation total 838912K, used 142374K [0x00000000cccc0000, 0x0000000100000000, 0x0000000100000000)
 Metaspace       used 3934K, capacity 4536K, committed 4864K, reserved 1056768K
  class space    used 425K, capacity 428K, committed 512K, reserved 1048576K
}
2024-07-26T01:31:12.520+0800: 4.120: Total time for which application threads were stopped: 0.0020337 seconds, Stopping threads took: 0.0000202 seconds
{Heap before GC invocations=147 (full 12):
 par new generation   total 188736K, used 169241K [0x00000000c0000000, 0x00000000cccc0000, 0x00000000cccc0000)
  eden space 167808K,  99% used [0x00000000c0000000, 0x00000000ca346440, 0x00000000ca3e0000)
  from space 20928K,   9% used [0x00000000cb850000, 0x00000000cba50020, 0x00000000cccc0000)
  to   space 20928K,   0% used [0x00000000ca3e0000, 0x00000000ca3e0000, 0x00000000cb850000)
 concurrent mark-sweep generation total 838912K, used 142374K [0x00000000cccc0000, 0x0000000100000000, 0x0000000100000000)
 Metaspace       used 3934K, capacity 4536K, committed 4864K, reserved 1056768K
  class space    used 425K, capacity 428K, committed 512K, reserved 1048576K
2024-07-26T01:31:12.535+0800: 4.135: [GC (Allocation Failure) 2024-07-26T01:31:12.535+0800: 4.135: [ParNew2024-07-26T01:31:12.547+0800: 4.146: [SoftReference, 0 refs, 0.0000357 secs]2024-07-26T01:31:12.547+0800: 4.146: [WeakReference, 0 refs, 0.0000045 secs]2024-07-26T01:31:12.547+0800: 4.146: [FinalReference, 0 refs, 0.0000039 secs]2024-07-26T01:31:12.547+0800: 4.146: [PhantomReference, 0 refs, 0.0000039 secs]2024-07-26T01:31:12.547+0800: 4.146: [JNI Weak Reference, 0.0000045 secs]
Desired survivor size 10715136 bytes, new threshold 1 (max 1)
- age   1:   20971840 bytes,   20971840 total
: 169241K->20480K(188736K), 0.0111284 secs] 311615K->207911K(1027648K), 0.0111745 secs] [Times: user=0.08 sys=0.00, real=0.01 secs] 
Heap after GC invocations=148 (full 12):
 par new generation   total 188736K, used 20480K [0x00000000c0000000, 0x00000000cccc0000, 0x00000000cccc0000)
  eden space 167808K,   0% used [0x00000000c0000000, 0x00000000c0000000, 0x00000000ca3e0000)
  from space 20928K,  97% used [0x00000000ca3e0000, 0x00000000cb7e0140, 0x00000000cb850000)
  to   space 20928K,   0% used [0x00000000cb850000, 0x00000000cb850000, 0x00000000cccc0000)
 concurrent mark-sweep generation total 838912K, used 187431K [0x00000000cccc0000, 0x0000000100000000, 0x0000000100000000)
 Metaspace       used 3934K, capacity 4536K, committed 4864K, reserved 1056768K
  class space    used 425K, capacity 428K, committed 512K, reserved 1048576K
}
2024-07-26T01:31:12.547+0800: 4.146: Total time for which application threads were stopped: 0.0113029 seconds, Stopping threads took: 0.0000274 seconds
{Heap before GC invocations=148 (full 12):
 par new generation   total 188736K, used 187673K [0x00000000c0000000, 0x00000000cccc0000, 0x00000000cccc0000)
  eden space 167808K,  99% used [0x00000000c0000000, 0x00000000ca346440, 0x00000000ca3e0000)
  from space 20928K,  97% used [0x00000000ca3e0000, 0x00000000cb7e0140, 0x00000000cb850000)
  to   space 20928K,   0% used [0x00000000cb850000, 0x00000000cb850000, 0x00000000cccc0000)
 concurrent mark-sweep generation total 838912K, used 187431K [0x00000000cccc0000, 0x0000000100000000, 0x0000000100000000)
 Metaspace       used 3934K, capacity 4536K, committed 4864K, reserved 1056768K
  class space    used 425K, capacity 428K, committed 512K, reserved 1048576K
2024-07-26T01:31:12.563+0800: 4.162: [GC (Allocation Failure) 2024-07-26T01:31:12.563+0800: 4.162: [ParNew2024-07-26T01:31:12.568+0800: 4.167: [SoftReference, 0 refs, 0.0000363 secs]2024-07-26T01:31:12.568+0800: 4.167: [WeakReference, 0 refs, 0.0000045 secs]2024-07-26T01:31:12.568+0800: 4.167: [FinalReference, 0 refs, 0.0000040 secs]2024-07-26T01:31:12.568+0800: 4.167: [PhantomReference, 0 refs, 0.0000038 secs]2024-07-26T01:31:12.568+0800: 4.167: [JNI Weak Reference, 0.0000044 secs]
Desired survivor size 10715136 bytes, new threshold 1 (max 1)
- age   1:   20971840 bytes,   20971840 total
: 187673K->20480K(188736K), 0.0051310 secs] 375104K->213033K(1027648K), 0.0051812 secs] [Times: user=0.00 sys=0.00, real=0.01 secs] 
Heap after GC invocations=149 (full 12):
 par new generation   total 188736K, used 20480K [0x00000000c0000000, 0x00000000cccc0000, 0x00000000cccc0000)
  eden space 167808K,   0% used [0x00000000c0000000, 0x00000000c0000000, 0x00000000ca3e0000)
  from space 20928K,  97% used [0x00000000cb850000, 0x00000000ccc50140, 0x00000000cccc0000)
  to   space 20928K,   0% used [0x00000000ca3e0000, 0x00000000ca3e0000, 0x00000000cb850000)
 concurrent mark-sweep generation total 838912K, used 192553K [0x00000000cccc0000, 0x0000000100000000, 0x0000000100000000)
 Metaspace       used 3934K, capacity 4536K, committed 4864K, reserved 1056768K
  class space    used 425K, capacity 428K, committed 512K, reserved 1048576K
}
2024-07-26T01:31:12.568+0800: 4.167: Total time for which application threads were stopped: 0.0053083 seconds, Stopping threads took: 0.0000266 seconds
{Heap before GC invocations=149 (full 12):
 par new generation   total 188736K, used 187673K [0x00000000c0000000, 0x00000000cccc0000, 0x00000000cccc0000)
  eden space 167808K,  99% used [0x00000000c0000000, 0x00000000ca346440, 0x00000000ca3e0000)
  from space 20928K,  97% used [0x00000000cb850000, 0x00000000ccc50140, 0x00000000cccc0000)
  to   space 20928K,   0% used [0x00000000ca3e0000, 0x00000000ca3e0000, 0x00000000cb850000)
 concurrent mark-sweep generation total 838912K, used 192553K [0x00000000cccc0000, 0x0000000100000000, 0x0000000100000000)
 Metaspace       used 3934K, capacity 4536K, committed 4864K, reserved 1056768K
  class space    used 425K, capacity 428K, committed 512K, reserved 1048576K
2024-07-26T01:31:12.584+0800: 4.183: [GC (Allocation Failure) 2024-07-26T01:31:12.584+0800: 4.183: [ParNew2024-07-26T01:31:12.600+0800: 4.199: [SoftReference, 0 refs, 0.0000333 secs]2024-07-26T01:31:12.600+0800: 4.199: [WeakReference, 0 refs, 0.0000046 secs]2024-07-26T01:31:12.600+0800: 4.199: [FinalReference, 0 refs, 0.0000038 secs]2024-07-26T01:31:12.600+0800: 4.199: [PhantomReference, 0 refs, 0.0000038 secs]2024-07-26T01:31:12.600+0800: 4.199: [JNI Weak Reference, 0.0000047 secs]
Desired survivor size 10715136 bytes, new threshold 1 (max 1)
- age   1:   20971840 bytes,   20971840 total
: 187673K->20480K(188736K), 0.0165613 secs] 380226K->281644K(1027648K), 0.0165986 secs] [Times: user=0.09 sys=0.02, real=0.02 secs] 
Heap after GC invocations=150 (full 12):
 par new generation   total 188736K, used 20480K [0x00000000c0000000, 0x00000000cccc0000, 0x00000000cccc0000)
  eden space 167808K,   0% used [0x00000000c0000000, 0x00000000c0000000, 0x00000000ca3e0000)
  from space 20928K,  97% used [0x00000000ca3e0000, 0x00000000cb7e0140, 0x00000000cb850000)
  to   space 20928K,   0% used [0x00000000cb850000, 0x00000000cb850000, 0x00000000cccc0000)
 concurrent mark-sweep generation total 838912K, used 261164K [0x00000000cccc0000, 0x0000000100000000, 0x0000000100000000)
 Metaspace       used 3934K, capacity 4536K, committed 4864K, reserved 1056768K
  class space    used 425K, capacity 428K, committed 512K, reserved 1048576K
}
2024-07-26T01:31:12.600+0800: 4.200: Total time for which application threads were stopped: 0.0167780 seconds, Stopping threads took: 0.0000215 seconds
{Heap before GC invocations=150 (full 12):
 par new generation   total 188736K, used 187673K [0x00000000c0000000, 0x00000000cccc0000, 0x00000000cccc0000)
  eden space 167808K,  99% used [0x00000000c0000000, 0x00000000ca346440, 0x00000000ca3e0000)
  from space 20928K,  97% used [0x00000000ca3e0000, 0x00000000cb7e0140, 0x00000000cb850000)
  to   space 20928K,   0% used [0x00000000cb850000, 0x00000000cb850000, 0x00000000cccc0000)
 concurrent mark-sweep generation total 838912K, used 261164K [0x00000000cccc0000, 0x0000000100000000, 0x0000000100000000)
 Metaspace       used 3934K, capacity 4536K, committed 4864K, reserved 1056768K
  class space    used 425K, capacity 428K, committed 512K, reserved 1048576K
2024-07-26T01:31:12.615+0800: 4.215: [GC (Allocation Failure) 2024-07-26T01:31:12.615+0800: 4.215: [ParNew2024-07-26T01:31:12.624+0800: 4.223: [SoftReference, 0 refs, 0.0000315 secs]2024-07-26T01:31:12.624+0800: 4.223: [WeakReference, 0 refs, 0.0000044 secs]2024-07-26T01:31:12.624+0800: 4.223: [FinalReference, 0 refs, 0.0000040 secs]2024-07-26T01:31:12.624+0800: 4.223: [PhantomReference, 0 refs, 0.0000037 secs]2024-07-26T01:31:12.624+0800: 4.223: [JNI Weak Reference, 0.0000042 secs]
Desired survivor size 10715136 bytes, new threshold 1 (max 1)
- age   1:   20971840 bytes,   20971840 total
: 187673K->20480K(188736K), 0.0081867 secs] 448837K->310317K(1027648K), 0.0082293 secs] [Times: user=0.05 sys=0.00, real=0.01 secs] 
Heap after GC invocations=151 (full 12):
 par new generation   total 188736K, used 20480K [0x00000000c0000000, 0x00000000cccc0000, 0x00000000cccc0000)
  eden space 167808K,   0% used [0x00000000c0000000, 0x00000000c0000000, 0x00000000ca3e0000)
  from space 20928K,  97% used [0x00000000cb850000, 0x00000000ccc50140, 0x00000000cccc0000)
  to   space 20928K,   0% used [0x00000000ca3e0000, 0x00000000ca3e0000, 0x00000000cb850000)
 concurrent mark-sweep generation total 838912K, used 289836K [0x00000000cccc0000, 0x0000000100000000, 0x0000000100000000)
 Metaspace       used 3934K, capacity 4536K, committed 4864K, reserved 1056768K
  class space    used 425K, capacity 428K, committed 512K, reserved 1048576K
}
2024-07-26T01:31:12.624+0800: 4.223: Total time for which application threads were stopped: 0.0083559 seconds, Stopping threads took: 0.0000312 seconds
{Heap before GC invocations=151 (full 12):
 par new generation   total 188736K, used 187673K [0x00000000c0000000, 0x00000000cccc0000, 0x00000000cccc0000)
  eden space 167808K,  99% used [0x00000000c0000000, 0x00000000ca346440, 0x00000000ca3e0000)
  from space 20928K,  97% used [0x00000000cb850000, 0x00000000ccc50140, 0x00000000cccc0000)
  to   space 20928K,   0% used [0x00000000ca3e0000, 0x00000000ca3e0000, 0x00000000cb850000)
 concurrent mark-sweep generation total 838912K, used 289836K [0x00000000cccc0000, 0x0000000100000000, 0x0000000100000000)
 Metaspace       used 3934K, capacity 4536K, committed 4864K, reserved 1056768K
  class space    used 425K, capacity 428K, committed 512K, reserved 1048576K
2024-07-26T01:31:12.639+0800: 4.238: [GC (Allocation Failure) 2024-07-26T01:31:12.639+0800: 4.238: [ParNew2024-07-26T01:31:12.641+0800: 4.242: [SoftReference, 0 refs, 0.0000292 secs]2024-07-26T01:31:12.641+0800: 4.242: [WeakReference, 0 refs, 0.0000047 secs]2024-07-26T01:31:12.641+0800: 4.242: [FinalReference, 0 refs, 0.0000040 secs]2024-07-26T01:31:12.641+0800: 4.242: [PhantomReference, 0 refs, 0.0000038 secs]2024-07-26T01:31:12.641+0800: 4.242: [JNI Weak Reference, 0.0000045 secs]
Desired survivor size 10715136 bytes, new threshold 1 (max 1)
- age   1:    9437328 bytes,    9437328 total
: 187673K->9216K(188736K), 0.0033992 secs] 477510K->299052K(1027648K), 0.0034537 secs] [Times: user=0.02 sys=0.00, real=0.00 secs] 
Heap after GC invocations=152 (full 12):
 par new generation   total 188736K, used 9216K [0x00000000c0000000, 0x00000000cccc0000, 0x00000000cccc0000)
  eden space 167808K,   0% used [0x00000000c0000000, 0x00000000c0000000, 0x00000000ca3e0000)
  from space 20928K,  44% used [0x00000000ca3e0000, 0x00000000cace0090, 0x00000000cb850000)
  to   space 20928K,   0% used [0x00000000cb850000, 0x00000000cb850000, 0x00000000cccc0000)
 concurrent mark-sweep generation total 838912K, used 289836K [0x00000000cccc0000, 0x0000000100000000, 0x0000000100000000)
 Metaspace       used 3934K, capacity 4536K, committed 4864K, reserved 1056768K
  class space    used 425K, capacity 428K, committed 512K, reserved 1048576K
}
2024-07-26T01:31:12.641+0800: 4.242: Total time for which application threads were stopped: 0.0036172 seconds, Stopping threads took: 0.0000458 seconds
{Heap before GC invocations=152 (full 12):
 par new generation   total 188736K, used 176409K [0x00000000c0000000, 0x00000000cccc0000, 0x00000000cccc0000)
  eden space 167808K,  99% used [0x00000000c0000000, 0x00000000ca346440, 0x00000000ca3e0000)
  from space 20928K,  44% used [0x00000000ca3e0000, 0x00000000cace0090, 0x00000000cb850000)
  to   space 20928K,   0% used [0x00000000cb850000, 0x00000000cb850000, 0x00000000cccc0000)
 concurrent mark-sweep generation total 838912K, used 289836K [0x00000000cccc0000, 0x0000000100000000, 0x0000000100000000)
 Metaspace       used 3934K, capacity 4536K, committed 4864K, reserved 1056768K
  class space    used 425K, capacity 428K, committed 512K, reserved 1048576K
2024-07-26T01:31:12.657+0800: 4.257: [GC (Allocation Failure) 2024-07-26T01:31:12.657+0800: 4.257: [ParNew2024-07-26T01:31:12.684+0800: 4.284: [SoftReference, 0 refs, 0.0000652 secs]2024-07-26T01:31:12.684+0800: 4.284: [WeakReference, 0 refs, 0.0000088 secs]2024-07-26T01:31:12.684+0800: 4.284: [FinalReference, 0 refs, 0.0000075 secs]2024-07-26T01:31:12.684+0800: 4.284: [PhantomReference, 0 refs, 0.0000073 secs]2024-07-26T01:31:12.684+0800: 4.284: [JNI Weak Reference, 0.0000074 secs]
Desired survivor size 10715136 bytes, new threshold 1 (max 1)
- age   1:   20971840 bytes,   20971840 total
: 176409K->20480K(188736K), 0.0272080 secs] 466246K->362541K(1027648K), 0.0272691 secs] [Times: user=0.16 sys=0.00, real=0.03 secs] 
Heap after GC invocations=153 (full 12):
 par new generation   total 188736K, used 20480K [0x00000000c0000000, 0x00000000cccc0000, 0x00000000cccc0000)
  eden space 167808K,   0% used [0x00000000c0000000, 0x00000000c0000000, 0x00000000ca3e0000)
  from space 20928K,  97% used [0x00000000cb850000, 0x00000000ccc50140, 0x00000000cccc0000)
  to   space 20928K,   0% used [0x00000000ca3e0000, 0x00000000ca3e0000, 0x00000000cb850000)
 concurrent mark-sweep generation total 838912K, used 342061K [0x00000000cccc0000, 0x0000000100000000, 0x0000000100000000)
 Metaspace       used 3934K, capacity 4536K, committed 4864K, reserved 1056768K
  class space    used 425K, capacity 428K, committed 512K, reserved 1048576K
}
2024-07-26T01:31:12.684+0800: 4.284: Total time for which application threads were stopped: 0.0275147 seconds, Stopping threads took: 0.0001008 seconds
2024-07-26T01:31:12.684+0800: 4.284: [GC (CMS Initial Mark) [1 CMS-initial-mark: 342061K(838912K)] 367940K(1027648K), 0.0009453 secs] [Times: user=0.00 sys=0.00, real=0.00 secs] 
2024-07-26T01:31:12.685+0800: 4.285: Total time for which application threads were stopped: 0.0010909 seconds, Stopping threads took: 0.0000941 seconds
2024-07-26T01:31:12.685+0800: 4.285: [CMS-concurrent-mark-start]
2024-07-26T01:31:12.689+0800: 4.288: [CMS-concurrent-mark: 0.003/0.003 secs] [Times: user=0.00 sys=0.00, real=0.00 secs] 
2024-07-26T01:31:12.689+0800: 4.288: [CMS-concurrent-preclean-start]
2024-07-26T01:31:12.689+0800: 4.289: [Preclean SoftReferences, 0.0000181 secs]2024-07-26T01:31:12.689+0800: 4.289: [Preclean WeakReferences, 0.0000146 secs]2024-07-26T01:31:12.689+0800: 4.289: [Preclean FinalReferences, 0.0000128 secs]2024-07-26T01:31:12.689+0800: 4.289: [Preclean PhantomReferences, 0.0000195 secs]2024-07-26T01:31:12.690+0800: 4.290: [CMS-concurrent-preclean: 0.001/0.001 secs] [Times: user=0.00 sys=0.00, real=0.00 secs] 
2024-07-26T01:31:12.690+0800: 4.290: [CMS-concurrent-abortable-preclean-start]
{Heap before GC invocations=153 (full 13):
 par new generation   total 188736K, used 187673K [0x00000000c0000000, 0x00000000cccc0000, 0x00000000cccc0000)
  eden space 167808K,  99% used [0x00000000c0000000, 0x00000000ca346440, 0x00000000ca3e0000)
  from space 20928K,  97% used [0x00000000cb850000, 0x00000000ccc50140, 0x00000000cccc0000)
  to   space 20928K,   0% used [0x00000000ca3e0000, 0x00000000ca3e0000, 0x00000000cb850000)
 concurrent mark-sweep generation total 838912K, used 342061K [0x00000000cccc0000, 0x0000000100000000, 0x0000000100000000)
 Metaspace       used 3934K, capacity 4536K, committed 4864K, reserved 1056768K
  class space    used 425K, capacity 428K, committed 512K, reserved 1048576K
2024-07-26T01:31:12.703+0800: 4.303: [GC (Allocation Failure) 2024-07-26T01:31:12.703+0800: 4.303: [ParNew2024-07-26T01:31:12.710+0800: 4.310: [SoftReference, 0 refs, 0.0000568 secs]2024-07-26T01:31:12.710+0800: 4.310: [WeakReference, 0 refs, 0.0000119 secs]2024-07-26T01:31:12.710+0800: 4.310: [FinalReference, 0 refs, 0.0000106 secs]2024-07-26T01:31:12.710+0800: 4.310: [PhantomReference, 0 refs, 0.0000103 secs]2024-07-26T01:31:12.710+0800: 4.310: [JNI Weak Reference, 0.0000101 secs]
Desired survivor size 10715136 bytes, new threshold 1 (max 1)
- age   1:   20971840 bytes,   20971840 total
: 187673K->20480K(188736K), 0.0070427 secs] 529734K->374832K(1027648K), 0.0070895 secs] [Times: user=0.00 sys=0.00, real=0.01 secs] 
Heap after GC invocations=154 (full 13):
 par new generation   total 188736K, used 20480K [0x00000000c0000000, 0x00000000cccc0000, 0x00000000cccc0000)
  eden space 167808K,   0% used [0x00000000c0000000, 0x00000000c0000000, 0x00000000ca3e0000)
  from space 20928K,  97% used [0x00000000ca3e0000, 0x00000000cb7e0140, 0x00000000cb850000)
  to   space 20928K,   0% used [0x00000000cb850000, 0x00000000cb850000, 0x00000000cccc0000)
 concurrent mark-sweep generation total 838912K, used 354351K [0x00000000cccc0000, 0x0000000100000000, 0x0000000100000000)
 Metaspace       used 3934K, capacity 4536K, committed 4864K, reserved 1056768K
  class space    used 425K, capacity 428K, committed 512K, reserved 1048576K
}
2024-07-26T01:31:12.710+0800: 4.310: Total time for which application threads were stopped: 0.0072444 seconds, Stopping threads took: 0.0000246 seconds
{Heap before GC invocations=154 (full 13):
 par new generation   total 188736K, used 187673K [0x00000000c0000000, 0x00000000cccc0000, 0x00000000cccc0000)
  eden space 167808K,  99% used [0x00000000c0000000, 0x00000000ca346440, 0x00000000ca3e0000)
  from space 20928K,  97% used [0x00000000ca3e0000, 0x00000000cb7e0140, 0x00000000cb850000)
  to   space 20928K,   0% used [0x00000000cb850000, 0x00000000cb850000, 0x00000000cccc0000)
 concurrent mark-sweep generation total 838912K, used 354351K [0x00000000cccc0000, 0x0000000100000000, 0x0000000100000000)
 Metaspace       used 3934K, capacity 4536K, committed 4864K, reserved 1056768K
  class space    used 425K, capacity 428K, committed 512K, reserved 1048576K
2024-07-26T01:31:12.724+0800: 4.324: [GC (Allocation Failure) 2024-07-26T01:31:12.724+0800: 4.324: [ParNew2024-07-26T01:31:12.740+0800: 4.339: [SoftReference, 0 refs, 0.0000317 secs]2024-07-26T01:31:12.740+0800: 4.339: [WeakReference, 0 refs, 0.0000045 secs]2024-07-26T01:31:12.740+0800: 4.339: [FinalReference, 0 refs, 0.0000039 secs]2024-07-26T01:31:12.740+0800: 4.339: [PhantomReference, 0 refs, 0.0000038 secs]2024-07-26T01:31:12.740+0800: 4.339: [JNI Weak Reference, 0.0000043 secs]
Desired survivor size 10715136 bytes, new threshold 1 (max 1)
- age   1:   20971840 bytes,   20971840 total
: 187673K->20480K(188736K), 0.0147648 secs] 542025K->450609K(1027648K), 0.0148160 secs] [Times: user=0.06 sys=0.00, real=0.02 secs] 
Heap after GC invocations=155 (full 13):
 par new generation   total 188736K, used 20480K [0x00000000c0000000, 0x00000000cccc0000, 0x00000000cccc0000)
  eden space 167808K,   0% used [0x00000000c0000000, 0x00000000c0000000, 0x00000000ca3e0000)
  from space 20928K,  97% used [0x00000000cb850000, 0x00000000ccc50140, 0x00000000cccc0000)
  to   space 20928K,   0% used [0x00000000ca3e0000, 0x00000000ca3e0000, 0x00000000cb850000)
 concurrent mark-sweep generation total 838912K, used 430128K [0x00000000cccc0000, 0x0000000100000000, 0x0000000100000000)
 Metaspace       used 3934K, capacity 4536K, committed 4864K, reserved 1056768K
  class space    used 425K, capacity 428K, committed 512K, reserved 1048576K
}
2024-07-26T01:31:12.740+0800: 4.339: Total time for which application threads were stopped: 0.0149407 seconds, Stopping threads took: 0.0000281 seconds
{Heap before GC invocations=155 (full 13):
 par new generation   total 188736K, used 187673K [0x00000000c0000000, 0x00000000cccc0000, 0x00000000cccc0000)
  eden space 167808K,  99% used [0x00000000c0000000, 0x00000000ca346440, 0x00000000ca3e0000)
  from space 20928K,  97% used [0x00000000cb850000, 0x00000000ccc50140, 0x00000000cccc0000)
  to   space 20928K,   0% used [0x00000000ca3e0000, 0x00000000ca3e0000, 0x00000000cb850000)
 concurrent mark-sweep generation total 838912K, used 430128K [0x00000000cccc0000, 0x0000000100000000, 0x0000000100000000)
 Metaspace       used 3934K, capacity 4536K, committed 4864K, reserved 1056768K
  class space    used 425K, capacity 428K, committed 512K, reserved 1048576K
2024-07-26T01:31:12.754+0800: 4.353: [GC (Allocation Failure) 2024-07-26T01:31:12.754+0800: 4.353: [ParNew2024-07-26T01:31:12.763+0800: 4.363: [SoftReference, 0 refs, 0.0000406 secs]2024-07-26T01:31:12.763+0800: 4.363: [WeakReference, 0 refs, 0.0000075 secs]2024-07-26T01:31:12.763+0800: 4.363: [FinalReference, 0 refs, 0.0000068 secs]2024-07-26T01:31:12.763+0800: 4.363: [PhantomReference, 0 refs, 0.0000065 secs]2024-07-26T01:31:12.763+0800: 4.363: [JNI Weak Reference, 0.0000067 secs]
Desired survivor size 10715136 bytes, new threshold 1 (max 1)
- age   1:   20971840 bytes,   20971840 total
: 187673K->20480K(188736K), 0.0096393 secs] 617802K->486451K(1027648K), 0.0096826 secs] [Times: user=0.00 sys=0.01, real=0.01 secs] 
Heap after GC invocations=156 (full 13):
 par new generation   total 188736K, used 20480K [0x00000000c0000000, 0x00000000cccc0000, 0x00000000cccc0000)
  eden space 167808K,   0% used [0x00000000c0000000, 0x00000000c0000000, 0x00000000ca3e0000)
  from space 20928K,  97% used [0x00000000ca3e0000, 0x00000000cb7e0140, 0x00000000cb850000)
  to   space 20928K,   0% used [0x00000000cb850000, 0x00000000cb850000, 0x00000000cccc0000)
 concurrent mark-sweep generation total 838912K, used 465971K [0x00000000cccc0000, 0x0000000100000000, 0x0000000100000000)
 Metaspace       used 3934K, capacity 4536K, committed 4864K, reserved 1056768K
  class space    used 425K, capacity 428K, committed 512K, reserved 1048576K
}
2024-07-26T01:31:12.763+0800: 4.363: Total time for which application threads were stopped: 0.0098092 seconds, Stopping threads took: 0.0000238 seconds
{Heap before GC invocations=156 (full 13):
 par new generation   total 188736K, used 187673K [0x00000000c0000000, 0x00000000cccc0000, 0x00000000cccc0000)
  eden space 167808K,  99% used [0x00000000c0000000, 0x00000000ca346440, 0x00000000ca3e0000)
  from space 20928K,  97% used [0x00000000ca3e0000, 0x00000000cb7e0140, 0x00000000cb850000)
  to   space 20928K,   0% used [0x00000000cb850000, 0x00000000cb850000, 0x00000000cccc0000)
 concurrent mark-sweep generation total 838912K, used 465971K [0x00000000cccc0000, 0x0000000100000000, 0x0000000100000000)
 Metaspace       used 3934K, capacity 4536K, committed 4864K, reserved 1056768K
  class space    used 425K, capacity 428K, committed 512K, reserved 1048576K
2024-07-26T01:31:12.777+0800: 4.377: [GC (Allocation Failure) 2024-07-26T01:31:12.777+0800: 4.377: [ParNew2024-07-26T01:31:12.780+0800: 4.379: [SoftReference, 0 refs, 0.0000372 secs]2024-07-26T01:31:12.780+0800: 4.380: [WeakReference, 0 refs, 0.0000081 secs]2024-07-26T01:31:12.780+0800: 4.380: [FinalReference, 0 refs, 0.0000040 secs]2024-07-26T01:31:12.780+0800: 4.380: [PhantomReference, 0 refs, 0.0000036 secs]2024-07-26T01:31:12.780+0800: 4.380: [JNI Weak Reference, 0.0000044 secs]
Desired survivor size 10715136 bytes, new threshold 1 (max 1)
- age   1:   16777472 bytes,   16777472 total
: 187673K->16384K(188736K), 0.0030058 secs] 653644K->482355K(1027648K), 0.0030447 secs] [Times: user=0.00 sys=0.00, real=0.00 secs] 
Heap after GC invocations=157 (full 13):
 par new generation   total 188736K, used 16384K [0x00000000c0000000, 0x00000000cccc0000, 0x00000000cccc0000)
  eden space 167808K,   0% used [0x00000000c0000000, 0x00000000c0000000, 0x00000000ca3e0000)
  from space 20928K,  78% used [0x00000000cb850000, 0x00000000cc850100, 0x00000000cccc0000)
  to   space 20928K,   0% used [0x00000000ca3e0000, 0x00000000ca3e0000, 0x00000000cb850000)
 concurrent mark-sweep generation total 838912K, used 465971K [0x00000000cccc0000, 0x0000000100000000, 0x0000000100000000)
 Metaspace       used 3934K, capacity 4536K, committed 4864K, reserved 1056768K
  class space    used 425K, capacity 428K, committed 512K, reserved 1048576K
}
2024-07-26T01:31:12.780+0800: 4.380: Total time for which application threads were stopped: 0.0031582 seconds, Stopping threads took: 0.0000225 seconds
{Heap before GC invocations=157 (full 13):
 par new generation   total 188736K, used 183577K [0x00000000c0000000, 0x00000000cccc0000, 0x00000000cccc0000)
  eden space 167808K,  99% used [0x00000000c0000000, 0x00000000ca346440, 0x00000000ca3e0000)
  from space 20928K,  78% used [0x00000000cb850000, 0x00000000cc850100, 0x00000000cccc0000)
  to   space 20928K,   0% used [0x00000000ca3e0000, 0x00000000ca3e0000, 0x00000000cb850000)
 concurrent mark-sweep generation total 838912K, used 465971K [0x00000000cccc0000, 0x0000000100000000, 0x0000000100000000)
 Metaspace       used 3934K, capacity 4536K, committed 4864K, reserved 1056768K
  class space    used 425K, capacity 428K, committed 512K, reserved 1048576K
2024-07-26T01:31:12.794+0800: 4.394: [GC (Allocation Failure) 2024-07-26T01:31:12.794+0800: 4.394: [ParNew2024-07-26T01:31:12.808+0800: 4.408: [SoftReference, 0 refs, 0.0000332 secs]2024-07-26T01:31:12.808+0800: 4.408: [WeakReference, 0 refs, 0.0000048 secs]2024-07-26T01:31:12.808+0800: 4.408: [FinalReference, 0 refs, 0.0000042 secs]2024-07-26T01:31:12.808+0800: 4.408: [PhantomReference, 0 refs, 0.0000041 secs]2024-07-26T01:31:12.808+0800: 4.408: [JNI Weak Reference, 0.0000044 secs]
Desired survivor size 10715136 bytes, new threshold 1 (max 1)
- age   1:   20971840 bytes,   20971840 total
: 183577K->20480K(188736K), 0.0142795 secs] 649548K->545846K(1027648K), 0.0143224 secs] [Times: user=0.00 sys=0.00, real=0.01 secs] 
Heap after GC invocations=158 (full 13):
 par new generation   total 188736K, used 20480K [0x00000000c0000000, 0x00000000cccc0000, 0x00000000cccc0000)
  eden space 167808K,   0% used [0x00000000c0000000, 0x00000000c0000000, 0x00000000ca3e0000)
  from space 20928K,  97% used [0x00000000ca3e0000, 0x00000000cb7e0140, 0x00000000cb850000)
  to   space 20928K,   0% used [0x00000000cb850000, 0x00000000cb850000, 0x00000000cccc0000)
 concurrent mark-sweep generation total 838912K, used 525366K [0x00000000cccc0000, 0x0000000100000000, 0x0000000100000000)
 Metaspace       used 3934K, capacity 4536K, committed 4864K, reserved 1056768K
  class space    used 425K, capacity 428K, committed 512K, reserved 1048576K
}
2024-07-26T01:31:12.808+0800: 4.408: Total time for which application threads were stopped: 0.0144515 seconds, Stopping threads took: 0.0000314 seconds
{Heap before GC invocations=158 (full 13):
 par new generation   total 188736K, used 187673K [0x00000000c0000000, 0x00000000cccc0000, 0x00000000cccc0000)
  eden space 167808K,  99% used [0x00000000c0000000, 0x00000000ca346440, 0x00000000ca3e0000)
  from space 20928K,  97% used [0x00000000ca3e0000, 0x00000000cb7e0140, 0x00000000cb850000)
  to   space 20928K,   0% used [0x00000000cb850000, 0x00000000cb850000, 0x00000000cccc0000)
 concurrent mark-sweep generation total 838912K, used 525366K [0x00000000cccc0000, 0x0000000100000000, 0x0000000100000000)
 Metaspace       used 3934K, capacity 4536K, committed 4864K, reserved 1056768K
  class space    used 425K, capacity 428K, committed 512K, reserved 1048576K
2024-07-26T01:31:12.822+0800: 4.422: [GC (Allocation Failure) 2024-07-26T01:31:12.822+0800: 4.422: [ParNew2024-07-26T01:31:12.832+0800: 4.431: [SoftReference, 0 refs, 0.0000499 secs]2024-07-26T01:31:12.832+0800: 4.431: [WeakReference, 0 refs, 0.0000044 secs]2024-07-26T01:31:12.832+0800: 4.431: [FinalReference, 0 refs, 0.0000040 secs]2024-07-26T01:31:12.832+0800: 4.431: [PhantomReference, 0 refs, 0.0000037 secs]2024-07-26T01:31:12.832+0800: 4.431: [JNI Weak Reference, 0.0000042 secs]
Desired survivor size 10715136 bytes, new threshold 1 (max 1)
- age   1:   20971840 bytes,   20971840 total
: 187673K->20480K(188736K), 0.0087747 secs] 713039K->565303K(1027648K), 0.0088168 secs] [Times: user=0.08 sys=0.00, real=0.01 secs] 
Heap after GC invocations=159 (full 13):
 par new generation   total 188736K, used 20480K [0x00000000c0000000, 0x00000000cccc0000, 0x00000000cccc0000)
  eden space 167808K,   0% used [0x00000000c0000000, 0x00000000c0000000, 0x00000000ca3e0000)
  from space 20928K,  97% used [0x00000000cb850000, 0x00000000ccc50140, 0x00000000cccc0000)
  to   space 20928K,   0% used [0x00000000ca3e0000, 0x00000000ca3e0000, 0x00000000cb850000)
 concurrent mark-sweep generation total 838912K, used 544822K [0x00000000cccc0000, 0x0000000100000000, 0x0000000100000000)
 Metaspace       used 3934K, capacity 4536K, committed 4864K, reserved 1056768K
  class space    used 425K, capacity 428K, committed 512K, reserved 1048576K
}
2024-07-26T01:31:12.832+0800: 4.431: Total time for which application threads were stopped: 0.0089281 seconds, Stopping threads took: 0.0000236 seconds
{Heap before GC invocations=159 (full 13):
 par new generation   total 188736K, used 187673K [0x00000000c0000000, 0x00000000cccc0000, 0x00000000cccc0000)
  eden space 167808K,  99% used [0x00000000c0000000, 0x00000000ca346440, 0x00000000ca3e0000)
  from space 20928K,  97% used [0x00000000cb850000, 0x00000000ccc50140, 0x00000000cccc0000)
  to   space 20928K,   0% used [0x00000000ca3e0000, 0x00000000ca3e0000, 0x00000000cb850000)
 concurrent mark-sweep generation total 838912K, used 544822K [0x00000000cccc0000, 0x0000000100000000, 0x0000000100000000)
 Metaspace       used 3934K, capacity 4536K, committed 4864K, reserved 1056768K
  class space    used 425K, capacity 428K, committed 512K, reserved 1048576K
2024-07-26T01:31:12.846+0800: 4.445: [GC (Allocation Failure) 2024-07-26T01:31:12.846+0800: 4.445: [ParNew2024-07-26T01:31:12.847+0800: 4.446: [SoftReference, 0 refs, 0.0000221 secs]2024-07-26T01:31:12.847+0800: 4.446: [WeakReference, 0 refs, 0.0000049 secs]2024-07-26T01:31:12.847+0800: 4.446: [FinalReference, 0 refs, 0.0000052 secs]2024-07-26T01:31:12.847+0800: 4.446: [PhantomReference, 0 refs, 0.0000040 secs]2024-07-26T01:31:12.847+0800: 4.446: [JNI Weak Reference, 0.0000041 secs]
Desired survivor size 10715136 bytes, new threshold 1 (max 1)
: 187673K->0K(188736K), 0.0009739 secs] 732496K->544822K(1027648K), 0.0010109 secs] [Times: user=0.00 sys=0.00, real=0.00 secs] 
Heap after GC invocations=160 (full 13):
 par new generation   total 188736K, used 0K [0x00000000c0000000, 0x00000000cccc0000, 0x00000000cccc0000)
  eden space 167808K,   0% used [0x00000000c0000000, 0x00000000c0000000, 0x00000000ca3e0000)
  from space 20928K,   0% used [0x00000000ca3e0000, 0x00000000ca3e0000, 0x00000000cb850000)
  to   space 20928K,   0% used [0x00000000cb850000, 0x00000000cb850000, 0x00000000cccc0000)
 concurrent mark-sweep generation total 838912K, used 544822K [0x00000000cccc0000, 0x0000000100000000, 0x0000000100000000)
 Metaspace       used 3934K, capacity 4536K, committed 4864K, reserved 1056768K
  class space    used 425K, capacity 428K, committed 512K, reserved 1048576K
}
2024-07-26T01:31:12.847+0800: 4.446: Total time for which application threads were stopped: 0.0011171 seconds, Stopping threads took: 0.0000229 seconds
{Heap before GC invocations=160 (full 13):
 par new generation   total 188736K, used 167193K [0x00000000c0000000, 0x00000000cccc0000, 0x00000000cccc0000)
  eden space 167808K,  99% used [0x00000000c0000000, 0x00000000ca346440, 0x00000000ca3e0000)
  from space 20928K,   0% used [0x00000000ca3e0000, 0x00000000ca3e0000, 0x00000000cb850000)
  to   space 20928K,   0% used [0x00000000cb850000, 0x00000000cb850000, 0x00000000cccc0000)
 concurrent mark-sweep generation total 838912K, used 544822K [0x00000000cccc0000, 0x0000000100000000, 0x0000000100000000)
 Metaspace       used 3934K, capacity 4536K, committed 4864K, reserved 1056768K
  class space    used 425K, capacity 428K, committed 512K, reserved 1048576K
2024-07-26T01:31:12.860+0800: 4.460: [GC (Allocation Failure) 2024-07-26T01:31:12.860+0800: 4.460: [ParNew2024-07-26T01:31:12.871+0800: 4.470: [SoftReference, 0 refs, 0.0000339 secs]2024-07-26T01:31:12.871+0800: 4.470: [WeakReference, 0 refs, 0.0000046 secs]2024-07-26T01:31:12.871+0800: 4.470: [FinalReference, 0 refs, 0.0000039 secs]2024-07-26T01:31:12.871+0800: 4.470: [PhantomReference, 0 refs, 0.0000037 secs]2024-07-26T01:31:12.871+0800: 4.470: [JNI Weak Reference, 0.0000053 secs]
Desired survivor size 10715136 bytes, new threshold 1 (max 1)
- age   1:   20971840 bytes,   20971840 total
: 167193K->20480K(188736K), 0.0106155 secs] 712015K->608311K(1027648K), 0.0106609 secs] [Times: user=0.00 sys=0.00, real=0.01 secs] 
Heap after GC invocations=161 (full 13):
 par new generation   total 188736K, used 20480K [0x00000000c0000000, 0x00000000cccc0000, 0x00000000cccc0000)
  eden space 167808K,   0% used [0x00000000c0000000, 0x00000000c0000000, 0x00000000ca3e0000)
  from space 20928K,  97% used [0x00000000cb850000, 0x00000000ccc50140, 0x00000000cccc0000)
  to   space 20928K,   0% used [0x00000000ca3e0000, 0x00000000ca3e0000, 0x00000000cb850000)
 concurrent mark-sweep generation total 838912K, used 587831K [0x00000000cccc0000, 0x0000000100000000, 0x0000000100000000)
 Metaspace       used 3934K, capacity 4536K, committed 4864K, reserved 1056768K
  class space    used 425K, capacity 428K, committed 512K, reserved 1048576K
}
2024-07-26T01:31:12.871+0800: 4.470: Total time for which application threads were stopped: 0.0107732 seconds, Stopping threads took: 0.0000209 seconds
{Heap before GC invocations=161 (full 13):
 par new generation   total 188736K, used 187673K [0x00000000c0000000, 0x00000000cccc0000, 0x00000000cccc0000)
  eden space 167808K,  99% used [0x00000000c0000000, 0x00000000ca346440, 0x00000000ca3e0000)
  from space 20928K,  97% used [0x00000000cb850000, 0x00000000ccc50140, 0x00000000cccc0000)
  to   space 20928K,   0% used [0x00000000ca3e0000, 0x00000000ca3e0000, 0x00000000cb850000)
 concurrent mark-sweep generation total 838912K, used 587831K [0x00000000cccc0000, 0x0000000100000000, 0x0000000100000000)
 Metaspace       used 3934K, capacity 4536K, committed 4864K, reserved 1056768K
  class space    used 425K, capacity 428K, committed 512K, reserved 1048576K
2024-07-26T01:31:12.885+0800: 4.484: [GC (Allocation Failure) 2024-07-26T01:31:12.885+0800: 4.484: [ParNew2024-07-26T01:31:12.889+0800: 4.488: [SoftReference, 0 refs, 0.0000260 secs]2024-07-26T01:31:12.889+0800: 4.488: [WeakReference, 0 refs, 0.0000046 secs]2024-07-26T01:31:12.889+0800: 4.488: [FinalReference, 0 refs, 0.0000042 secs]2024-07-26T01:31:12.889+0800: 4.488: [PhantomReference, 0 refs, 0.0000040 secs]2024-07-26T01:31:12.889+0800: 4.488: [JNI Weak Reference, 0.0000044 secs]
Desired survivor size 10715136 bytes, new threshold 1 (max 1)
- age   1:   20971840 bytes,   20971840 total
: 187673K->20480K(188736K), 0.0044346 secs] 775504K->611383K(1027648K), 0.0044733 secs] [Times: user=0.05 sys=0.00, real=0.00 secs] 
Heap after GC invocations=162 (full 13):
 par new generation   total 188736K, used 20480K [0x00000000c0000000, 0x00000000cccc0000, 0x00000000cccc0000)
  eden space 167808K,   0% used [0x00000000c0000000, 0x00000000c0000000, 0x00000000ca3e0000)
  from space 20928K,  97% used [0x00000000ca3e0000, 0x00000000cb7e0140, 0x00000000cb850000)
  to   space 20928K,   0% used [0x00000000cb850000, 0x00000000cb850000, 0x00000000cccc0000)
 concurrent mark-sweep generation total 838912K, used 590903K [0x00000000cccc0000, 0x0000000100000000, 0x0000000100000000)
 Metaspace       used 3934K, capacity 4536K, committed 4864K, reserved 1056768K
  class space    used 425K, capacity 428K, committed 512K, reserved 1048576K
}
2024-07-26T01:31:12.889+0800: 4.489: Total time for which application threads were stopped: 0.0046209 seconds, Stopping threads took: 0.0000544 seconds
{Heap before GC invocations=162 (full 13):
 par new generation   total 188736K, used 187673K [0x00000000c0000000, 0x00000000cccc0000, 0x00000000cccc0000)
  eden space 167808K,  99% used [0x00000000c0000000, 0x00000000ca346440, 0x00000000ca3e0000)
  from space 20928K,  97% used [0x00000000ca3e0000, 0x00000000cb7e0140, 0x00000000cb850000)
  to   space 20928K,   0% used [0x00000000cb850000, 0x00000000cb850000, 0x00000000cccc0000)
 concurrent mark-sweep generation total 838912K, used 590903K [0x00000000cccc0000, 0x0000000100000000, 0x0000000100000000)
 Metaspace       used 3934K, capacity 4536K, committed 4864K, reserved 1056768K
  class space    used 425K, capacity 428K, committed 512K, reserved 1048576K
2024-07-26T01:31:12.903+0800: 4.502: [GC (Allocation Failure) 2024-07-26T01:31:12.903+0800: 4.502: [ParNew2024-07-26T01:31:12.916+0800: 4.516: [SoftReference, 0 refs, 0.0000362 secs]2024-07-26T01:31:12.916+0800: 4.516: [WeakReference, 0 refs, 0.0000044 secs]2024-07-26T01:31:12.916+0800: 4.516: [FinalReference, 0 refs, 0.0000039 secs]2024-07-26T01:31:12.916+0800: 4.516: [PhantomReference, 0 refs, 0.0000037 secs]2024-07-26T01:31:12.916+0800: 4.516: [JNI Weak Reference, 0.0000044 secs]
Desired survivor size 10715136 bytes, new threshold 1 (max 1)
- age   1:   20971840 bytes,   20971840 total
: 187673K->20480K(188736K), 0.0135973 secs] 778576K->677944K(1027648K), 0.0136431 secs] [Times: user=0.00 sys=0.00, real=0.01 secs] 
Heap after GC invocations=163 (full 13):
 par new generation   total 188736K, used 20480K [0x00000000c0000000, 0x00000000cccc0000, 0x00000000cccc0000)
  eden space 167808K,   0% used [0x00000000c0000000, 0x00000000c0000000, 0x00000000ca3e0000)
  from space 20928K,  97% used [0x00000000cb850000, 0x00000000ccc50140, 0x00000000cccc0000)
  to   space 20928K,   0% used [0x00000000ca3e0000, 0x00000000ca3e0000, 0x00000000cb850000)
 concurrent mark-sweep generation total 838912K, used 657464K [0x00000000cccc0000, 0x0000000100000000, 0x0000000100000000)
 Metaspace       used 3934K, capacity 4536K, committed 4864K, reserved 1056768K
  class space    used 425K, capacity 428K, committed 512K, reserved 1048576K
}
2024-07-26T01:31:12.916+0800: 4.516: Total time for which application threads were stopped: 0.0137701 seconds, Stopping threads took: 0.0000254 seconds
{Heap before GC invocations=163 (full 13):
 par new generation   total 188736K, used 187673K [0x00000000c0000000, 0x00000000cccc0000, 0x00000000cccc0000)
  eden space 167808K,  99% used [0x00000000c0000000, 0x00000000ca346440, 0x00000000ca3e0000)
  from space 20928K,  97% used [0x00000000cb850000, 0x00000000ccc50140, 0x00000000cccc0000)
  to   space 20928K,   0% used [0x00000000ca3e0000, 0x00000000ca3e0000, 0x00000000cb850000)
 concurrent mark-sweep generation total 838912K, used 657464K [0x00000000cccc0000, 0x0000000100000000, 0x0000000100000000)
 Metaspace       used 3934K, capacity 4536K, committed 4864K, reserved 1056768K
  class space    used 425K, capacity 428K, committed 512K, reserved 1048576K
2024-07-26T01:31:12.931+0800: 4.530: [GC (Allocation Failure) 2024-07-26T01:31:12.931+0800: 4.530: [ParNew2024-07-26T01:31:12.939+0800: 4.538: [SoftReference, 0 refs, 0.0000410 secs]2024-07-26T01:31:12.939+0800: 4.538: [WeakReference, 0 refs, 0.0000077 secs]2024-07-26T01:31:12.939+0800: 4.538: [FinalReference, 0 refs, 0.0000068 secs]2024-07-26T01:31:12.939+0800: 4.538: [PhantomReference, 0 refs, 0.0000118 secs]2024-07-26T01:31:12.939+0800: 4.538: [JNI Weak Reference, 0.0000067 secs]
Desired survivor size 10715136 bytes, new threshold 1 (max 1)
- age   1:   20971840 bytes,   20971840 total
: 187673K->20480K(188736K), 0.0081519 secs] 845137K->704569K(1027648K), 0.0081905 secs] [Times: user=0.05 sys=0.00, real=0.01 secs] 
Heap after GC invocations=164 (full 13):
 par new generation   total 188736K, used 20480K [0x00000000c0000000, 0x00000000cccc0000, 0x00000000cccc0000)
  eden space 167808K,   0% used [0x00000000c0000000, 0x00000000c0000000, 0x00000000ca3e0000)
  from space 20928K,  97% used [0x00000000ca3e0000, 0x00000000cb7e0140, 0x00000000cb850000)
  to   space 20928K,   0% used [0x00000000cb850000, 0x00000000cb850000, 0x00000000cccc0000)
 concurrent mark-sweep generation total 838912K, used 684088K [0x00000000cccc0000, 0x0000000100000000, 0x0000000100000000)
 Metaspace       used 3934K, capacity 4536K, committed 4864K, reserved 1056768K
  class space    used 425K, capacity 428K, committed 512K, reserved 1048576K
}
2024-07-26T01:31:12.939+0800: 4.538: Total time for which application threads were stopped: 0.0083096 seconds, Stopping threads took: 0.0000196 seconds
{Heap before GC invocations=164 (full 13):
 par new generation   total 188736K, used 187673K [0x00000000c0000000, 0x00000000cccc0000, 0x00000000cccc0000)
  eden space 167808K,  99% used [0x00000000c0000000, 0x00000000ca346440, 0x00000000ca3e0000)
  from space 20928K,  97% used [0x00000000ca3e0000, 0x00000000cb7e0140, 0x00000000cb850000)
  to   space 20928K,   0% used [0x00000000cb850000, 0x00000000cb850000, 0x00000000cccc0000)
 concurrent mark-sweep generation total 838912K, used 684088K [0x00000000cccc0000, 0x0000000100000000, 0x0000000100000000)
 Metaspace       used 3934K, capacity 4536K, committed 4864K, reserved 1056768K
  class space    used 425K, capacity 428K, committed 512K, reserved 1048576K
2024-07-26T01:31:12.953+0800: 4.552: [GC (Allocation Failure) 2024-07-26T01:31:12.953+0800: 4.552: [ParNew2024-07-26T01:31:12.956+0800: 4.555: [SoftReference, 0 refs, 0.0000356 secs]2024-07-26T01:31:12.956+0800: 4.555: [WeakReference, 0 refs, 0.0000046 secs]2024-07-26T01:31:12.956+0800: 4.555: [FinalReference, 0 refs, 0.0000041 secs]2024-07-26T01:31:12.956+0800: 4.555: [PhantomReference, 0 refs, 0.0000040 secs]2024-07-26T01:31:12.956+0800: 4.555: [JNI Weak Reference, 0.0000047 secs]
Desired survivor size 10715136 bytes, new threshold 1 (max 1)
- age   1:    7340144 bytes,    7340144 total
: 187673K->7168K(188736K), 0.0025345 secs] 871762K->691257K(1027648K), 0.0025823 secs] [Times: user=0.00 sys=0.00, real=0.00 secs] 
Heap after GC invocations=165 (full 13):
 par new generation   total 188736K, used 7168K [0x00000000c0000000, 0x00000000cccc0000, 0x00000000cccc0000)
  eden space 167808K,   0% used [0x00000000c0000000, 0x00000000c0000000, 0x00000000ca3e0000)
  from space 20928K,  34% used [0x00000000cb850000, 0x00000000cbf50070, 0x00000000cccc0000)
  to   space 20928K,   0% used [0x00000000ca3e0000, 0x00000000ca3e0000, 0x00000000cb850000)
 concurrent mark-sweep generation total 838912K, used 684088K [0x00000000cccc0000, 0x0000000100000000, 0x0000000100000000)
 Metaspace       used 3934K, capacity 4536K, committed 4864K, reserved 1056768K
  class space    used 425K, capacity 428K, committed 512K, reserved 1048576K
}
2024-07-26T01:31:12.956+0800: 4.555: Total time for which application threads were stopped: 0.0027029 seconds, Stopping threads took: 0.0000247 seconds
{Heap before GC invocations=165 (full 13):
 par new generation   total 188736K, used 174361K [0x00000000c0000000, 0x00000000cccc0000, 0x00000000cccc0000)
  eden space 167808K,  99% used [0x00000000c0000000, 0x00000000ca346440, 0x00000000ca3e0000)
  from space 20928K,  34% used [0x00000000cb850000, 0x00000000cbf50070, 0x00000000cccc0000)
  to   space 20928K,   0% used [0x00000000ca3e0000, 0x00000000ca3e0000, 0x00000000cb850000)
 concurrent mark-sweep generation total 838912K, used 684088K [0x00000000cccc0000, 0x0000000100000000, 0x0000000100000000)
 Metaspace       used 3934K, capacity 4536K, committed 4864K, reserved 1056768K
  class space    used 425K, capacity 428K, committed 512K, reserved 1048576K
2024-07-26T01:31:12.970+0800: 4.570: [GC (Allocation Failure) 2024-07-26T01:31:12.970+0800: 4.570: [ParNew2024-07-26T01:31:12.983+0800: 4.583: [SoftReference, 0 refs, 0.0000350 secs]2024-07-26T01:31:12.983+0800: 4.583: [WeakReference, 0 refs, 0.0000048 secs]2024-07-26T01:31:12.983+0800: 4.583: [FinalReference, 0 refs, 0.0000043 secs]2024-07-26T01:31:12.983+0800: 4.583: [PhantomReference, 0 refs, 0.0000044 secs]2024-07-26T01:31:12.983+0800: 4.583: [JNI Weak Reference, 0.0000045 secs]
Desired survivor size 10715136 bytes, new threshold 1 (max 1)
- age   1:   20971840 bytes,   20971840 total
: 174361K->20480K(188736K), 0.0126405 secs] 858450K->754748K(1027648K), 0.0127161 secs] [Times: user=0.02 sys=0.00, real=0.01 secs] 
Heap after GC invocations=166 (full 13):
 par new generation   total 188736K, used 20480K [0x00000000c0000000, 0x00000000cccc0000, 0x00000000cccc0000)
  eden space 167808K,   0% used [0x00000000c0000000, 0x00000000c0000000, 0x00000000ca3e0000)
  from space 20928K,  97% used [0x00000000ca3e0000, 0x00000000cb7e0140, 0x00000000cb850000)
  to   space 20928K,   0% used [0x00000000cb850000, 0x00000000cb850000, 0x00000000cccc0000)
 concurrent mark-sweep generation total 838912K, used 734267K [0x00000000cccc0000, 0x0000000100000000, 0x0000000100000000)
 Metaspace       used 3934K, capacity 4536K, committed 4864K, reserved 1056768K
  class space    used 425K, capacity 428K, committed 512K, reserved 1048576K
}
2024-07-26T01:31:12.983+0800: 4.583: Total time for which application threads were stopped: 0.0128368 seconds, Stopping threads took: 0.0000210 seconds
{Heap before GC invocations=166 (full 13):
 par new generation   total 188736K, used 187673K [0x00000000c0000000, 0x00000000cccc0000, 0x00000000cccc0000)
  eden space 167808K,  99% used [0x00000000c0000000, 0x00000000ca346440, 0x00000000ca3e0000)
  from space 20928K,  97% used [0x00000000ca3e0000, 0x00000000cb7e0140, 0x00000000cb850000)
  to   space 20928K,   0% used [0x00000000cb850000, 0x00000000cb850000, 0x00000000cccc0000)
 concurrent mark-sweep generation total 838912K, used 734267K [0x00000000cccc0000, 0x0000000100000000, 0x0000000100000000)
 Metaspace       used 3934K, capacity 4536K, committed 4864K, reserved 1056768K
  class space    used 425K, capacity 428K, committed 512K, reserved 1048576K
2024-07-26T01:31:12.997+0800: 4.597: [GC (Allocation Failure) 2024-07-26T01:31:12.997+0800: 4.597: [ParNew2024-07-26T01:31:13.004+0800: 4.603: [SoftReference, 0 refs, 0.0000472 secs]2024-07-26T01:31:13.004+0800: 4.603: [WeakReference, 0 refs, 0.0000045 secs]2024-07-26T01:31:13.004+0800: 4.603: [FinalReference, 0 refs, 0.0000039 secs]2024-07-26T01:31:13.004+0800: 4.603: [PhantomReference, 0 refs, 0.0000039 secs]2024-07-26T01:31:13.004+0800: 4.603: [JNI Weak Reference, 0.0000046 secs]
Desired survivor size 10715136 bytes, new threshold 1 (max 1)
- age   1:   20971840 bytes,   20971840 total
: 187673K->20480K(188736K), 0.0064564 secs] 921941K->764988K(1027648K), 0.0065050 secs] [Times: user=0.00 sys=0.00, real=0.01 secs] 
Heap after GC invocations=167 (full 13):
 par new generation   total 188736K, used 20480K [0x00000000c0000000, 0x00000000cccc0000, 0x00000000cccc0000)
  eden space 167808K,   0% used [0x00000000c0000000, 0x00000000c0000000, 0x00000000ca3e0000)
  from space 20928K,  97% used [0x00000000cb850000, 0x00000000ccc50140, 0x00000000cccc0000)
  to   space 20928K,   0% used [0x00000000ca3e0000, 0x00000000ca3e0000, 0x00000000cb850000)
 concurrent mark-sweep generation total 838912K, used 744507K [0x00000000cccc0000, 0x0000000100000000, 0x0000000100000000)
 Metaspace       used 3934K, capacity 4536K, committed 4864K, reserved 1056768K
  class space    used 425K, capacity 428K, committed 512K, reserved 1048576K
}
2024-07-26T01:31:13.004+0800: 4.603: Total time for which application threads were stopped: 0.0066422 seconds, Stopping threads took: 0.0000443 seconds
{Heap before GC invocations=167 (full 13):
 par new generation   total 188736K, used 187673K [0x00000000c0000000, 0x00000000cccc0000, 0x00000000cccc0000)
  eden space 167808K,  99% used [0x00000000c0000000, 0x00000000ca346440, 0x00000000ca3e0000)
  from space 20928K,  97% used [0x00000000cb850000, 0x00000000ccc50140, 0x00000000cccc0000)
  to   space 20928K,   0% used [0x00000000ca3e0000, 0x00000000ca3e0000, 0x00000000cb850000)
 concurrent mark-sweep generation total 838912K, used 744507K [0x00000000cccc0000, 0x0000000100000000, 0x0000000100000000)
 Metaspace       used 3934K, capacity 4536K, committed 4864K, reserved 1056768K
  class space    used 425K, capacity 428K, committed 512K, reserved 1048576K
2024-07-26T01:31:13.018+0800: 4.617: [GC (Allocation Failure) 2024-07-26T01:31:13.018+0800: 4.617: [ParNew2024-07-26T01:31:13.047+0800: 4.647: [SoftReference, 0 refs, 0.0000619 secs]2024-07-26T01:31:13.047+0800: 4.647: [WeakReference, 0 refs, 0.0000084 secs]2024-07-26T01:31:13.047+0800: 4.647: [FinalReference, 0 refs, 0.0000072 secs]2024-07-26T01:31:13.047+0800: 4.647: [PhantomReference, 0 refs, 0.0000071 secs]2024-07-26T01:31:13.047+0800: 4.647: [JNI Weak Reference, 0.0000226 secs]
Desired survivor size 10715136 bytes, new threshold 1 (max 1)
- age   1:   20971840 bytes,   20971840 total
: 187673K->20480K(188736K), 0.0295687 secs] 932181K->838719K(1027648K), 0.0296104 secs] [Times: user=0.05 sys=0.00, real=0.03 secs] 
Heap after GC invocations=168 (full 13):
 par new generation   total 188736K, used 20480K [0x00000000c0000000, 0x00000000cccc0000, 0x00000000cccc0000)
  eden space 167808K,   0% used [0x00000000c0000000, 0x00000000c0000000, 0x00000000ca3e0000)
  from space 20928K,  97% used [0x00000000ca3e0000, 0x00000000cb7e0140, 0x00000000cb850000)
  to   space 20928K,   0% used [0x00000000cb850000, 0x00000000cb850000, 0x00000000cccc0000)
 concurrent mark-sweep generation total 838912K, used 818239K [0x00000000cccc0000, 0x0000000100000000, 0x0000000100000000)
 Metaspace       used 3934K, capacity 4536K, committed 4864K, reserved 1056768K
  class space    used 425K, capacity 428K, committed 512K, reserved 1048576K
}
2024-07-26T01:31:13.047+0800: 4.647: Total time for which application threads were stopped: 0.0297420 seconds, Stopping threads took: 0.0000242 seconds
2024-07-26T01:31:13.047+0800: 4.647: [CMS-concurrent-abortable-preclean: 0.010/0.357 secs] [Times: user=0.31 sys=0.01, real=0.36 secs] 
2024-07-26T01:31:13.048+0800: 4.647: [GC (CMS Final Remark) [YG occupancy: 25878 K (188736 K)]{Heap before GC invocations=168 (full 13):
 par new generation   total 188736K, used 25878K [0x00000000c0000000, 0x00000000cccc0000, 0x00000000cccc0000)
  eden space 167808K,   3% used [0x00000000c0000000, 0x00000000c0545a60, 0x00000000ca3e0000)
  from space 20928K,  97% used [0x00000000ca3e0000, 0x00000000cb7e0140, 0x00000000cb850000)
  to   space 20928K,   0% used [0x00000000cb850000, 0x00000000cb850000, 0x00000000cccc0000)
 concurrent mark-sweep generation total 838912K, used 818239K [0x00000000cccc0000, 0x0000000100000000, 0x0000000100000000)
 Metaspace       used 3934K, capacity 4536K, committed 4864K, reserved 1056768K
  class space    used 425K, capacity 428K, committed 512K, reserved 1048576K
2024-07-26T01:31:13.048+0800: 4.647: [GC (CMS Final Remark) 2024-07-26T01:31:13.048+0800: 4.647: [ParNew: 25878K->25878K(188736K), 0.0000239 secs] 844118K->844118K(1027648K), 0.0000622 secs] [Times: user=0.00 sys=0.00, real=0.00 secs] 
Heap after GC invocations=169 (full 13):
 par new generation   total 188736K, used 25878K [0x00000000c0000000, 0x00000000cccc0000, 0x00000000cccc0000)
  eden space 167808K,   3% used [0x00000000c0000000, 0x00000000c0545a60, 0x00000000ca3e0000)
  from space 20928K,  97% used [0x00000000ca3e0000, 0x00000000cb7e0140, 0x00000000cb850000)
  to   space 20928K,   0% used [0x00000000cb850000, 0x00000000cb850000, 0x00000000cccc0000)
 concurrent mark-sweep generation total 838912K, used 818239K [0x00000000cccc0000, 0x0000000100000000, 0x0000000100000000)
 Metaspace       used 3934K, capacity 4536K, committed 4864K, reserved 1056768K
  class space    used 425K, capacity 428K, committed 512K, reserved 1048576K
}
2024-07-26T01:31:13.048+0800: 4.647: [Rescan (parallel) , 0.0008746 secs]2024-07-26T01:31:13.049+0800: 4.648: [weak refs processing2024-07-26T01:31:13.049+0800: 4.648: [SoftReference, 0 refs, 0.0000052 secs]2024-07-26T01:31:13.049+0800: 4.648: [WeakReference, 0 refs, 0.0000035 secs]2024-07-26T01:31:13.049+0800: 4.648: [FinalReference, 0 refs, 0.0000033 secs]2024-07-26T01:31:13.049+0800: 4.648: [PhantomReference, 0 refs, 0.0000033 secs]2024-07-26T01:31:13.049+0800: 4.648: [JNI Weak Reference, 0.0000038 secs], 0.0000356 secs]2024-07-26T01:31:13.049+0800: 4.648: [class unloading, 0.0002382 secs]2024-07-26T01:31:13.049+0800: 4.649: [scrub symbol table, 0.0003119 secs]2024-07-26T01:31:13.049+0800: 4.649: [scrub string table, 0.0001303 secs][1 CMS-remark: 818239K(838912K)] 844118K(1027648K), 0.0017945 secs] [Times: user=0.00 sys=0.00, real=0.00 secs] 
2024-07-26T01:31:13.049+0800: 4.649: Total time for which application threads were stopped: 0.0020049 seconds, Stopping threads took: 0.0001322 seconds
2024-07-26T01:31:13.050+0800: 4.649: [CMS-concurrent-sweep-start]
2024-07-26T01:31:13.050+0800: 4.650: [CMS-concurrent-sweep: 0.001/0.001 secs] [Times: user=0.00 sys=0.00, real=0.00 secs] 
2024-07-26T01:31:13.050+0800: 4.650: [CMS-concurrent-reset-start]
2024-07-26T01:31:13.052+0800: 4.652: [CMS-concurrent-reset: 0.002/0.002 secs] [Times: user=0.00 sys=0.00, real=0.00 secs] 
{Heap before GC invocations=169 (full 13):
 par new generation   total 188736K, used 187951K [0x00000000c0000000, 0x00000000cccc0000, 0x00000000cccc0000)
  eden space 167808K,  99% used [0x00000000c0000000, 0x00000000ca38be50, 0x00000000ca3e0000)
  from space 20928K,  97% used [0x00000000ca3e0000, 0x00000000cb7e0140, 0x00000000cb850000)
  to   space 20928K,   0% used [0x00000000cb850000, 0x00000000cb850000, 0x00000000cccc0000)
 concurrent mark-sweep generation total 838912K, used 529466K [0x00000000cccc0000, 0x0000000100000000, 0x0000000100000000)
 Metaspace       used 3934K, capacity 4536K, committed 4864K, reserved 1056768K
  class space    used 425K, capacity 428K, committed 512K, reserved 1048576K
2024-07-26T01:31:13.064+0800: 4.664: [GC (Allocation Failure) 2024-07-26T01:31:13.064+0800: 4.664: [ParNew2024-07-26T01:31:13.094+0800: 4.693: [SoftReference, 0 refs, 0.0000334 secs]2024-07-26T01:31:13.094+0800: 4.693: [WeakReference, 0 refs, 0.0000046 secs]2024-07-26T01:31:13.094+0800: 4.693: [FinalReference, 0 refs, 0.0000042 secs]2024-07-26T01:31:13.094+0800: 4.693: [PhantomReference, 0 refs, 0.0000038 secs]2024-07-26T01:31:13.094+0800: 4.693: [JNI Weak Reference, 0.0000048 secs]
Desired survivor size 10715136 bytes, new threshold 1 (max 1)
- age   1:   20971840 bytes,   20971840 total
: 187951K->20480K(188736K), 0.0295177 secs] 717418K->581693K(1027648K), 0.0295552 secs] [Times: user=0.03 sys=0.00, real=0.03 secs] 
Heap after GC invocations=170 (full 13):
 par new generation   total 188736K, used 20480K [0x00000000c0000000, 0x00000000cccc0000, 0x00000000cccc0000)
  eden space 167808K,   0% used [0x00000000c0000000, 0x00000000c0000000, 0x00000000ca3e0000)
  from space 20928K,  97% used [0x00000000cb850000, 0x00000000ccc50140, 0x00000000cccc0000)
  to   space 20928K,   0% used [0x00000000ca3e0000, 0x00000000ca3e0000, 0x00000000cb850000)
 concurrent mark-sweep generation total 838912K, used 561213K [0x00000000cccc0000, 0x0000000100000000, 0x0000000100000000)
 Metaspace       used 3934K, capacity 4536K, committed 4864K, reserved 1056768K
  class space    used 425K, capacity 428K, committed 512K, reserved 1048576K
}
2024-07-26T01:31:13.094+0800: 4.693: Total time for which application threads were stopped: 0.0296661 seconds, Stopping threads took: 0.0000212 seconds
2024-07-26T01:31:13.095+0800: 4.694: [GC (CMS Initial Mark) [1 CMS-initial-mark: 561213K(838912K)] 587039K(1027648K), 0.0005256 secs] [Times: user=0.00 sys=0.00, real=0.00 secs] 
2024-07-26T01:31:13.095+0800: 4.694: Total time for which application threads were stopped: 0.0006800 seconds, Stopping threads took: 0.0001188 seconds
2024-07-26T01:31:13.095+0800: 4.694: [CMS-concurrent-mark-start]
2024-07-26T01:31:13.101+0800: 4.700: [CMS-concurrent-mark: 0.006/0.006 secs] [Times: user=0.00 sys=0.00, real=0.01 secs] 
2024-07-26T01:31:13.101+0800: 4.700: [CMS-concurrent-preclean-start]
2024-07-26T01:31:13.101+0800: 4.700: [Preclean SoftReferences, 0.0000233 secs]2024-07-26T01:31:13.101+0800: 4.700: [Preclean WeakReferences, 0.0000147 secs]2024-07-26T01:31:13.101+0800: 4.700: [Preclean FinalReferences, 0.0000120 secs]2024-07-26T01:31:13.101+0800: 4.700: [Preclean PhantomReferences, 0.0000119 secs]2024-07-26T01:31:13.102+0800: 4.701: [CMS-concurrent-preclean: 0.001/0.001 secs] [Times: user=0.00 sys=0.00, real=0.00 secs] 
2024-07-26T01:31:13.102+0800: 4.701: [CMS-concurrent-abortable-preclean-start]
{Heap before GC invocations=170 (full 14):
 par new generation   total 188736K, used 187621K [0x00000000c0000000, 0x00000000cccc0000, 0x00000000cccc0000)
  eden space 167808K,  99% used [0x00000000c0000000, 0x00000000ca339358, 0x00000000ca3e0000)
  from space 20928K,  97% used [0x00000000cb850000, 0x00000000ccc50140, 0x00000000cccc0000)
  to   space 20928K,   0% used [0x00000000ca3e0000, 0x00000000ca3e0000, 0x00000000cb850000)
 concurrent mark-sweep generation total 838912K, used 561213K [0x00000000cccc0000, 0x0000000100000000, 0x0000000100000000)
 Metaspace       used 3934K, capacity 4536K, committed 4864K, reserved 1056768K
  class space    used 425K, capacity 428K, committed 512K, reserved 1048576K
2024-07-26T01:31:13.113+0800: 4.712: [GC (Allocation Failure) 2024-07-26T01:31:13.113+0800: 4.713: [ParNew2024-07-26T01:31:13.117+0800: 4.716: [SoftReference, 0 refs, 0.0000322 secs]2024-07-26T01:31:13.117+0800: 4.716: [WeakReference, 0 refs, 0.0000062 secs]2024-07-26T01:31:13.117+0800: 4.716: [FinalReference, 0 refs, 0.0000055 secs]2024-07-26T01:31:13.117+0800: 4.716: [PhantomReference, 0 refs, 0.0000051 secs]2024-07-26T01:31:13.117+0800: 4.716: [JNI Weak Reference, 0.0000059 secs]
Desired survivor size 10715136 bytes, new threshold 1 (max 1)
- age   1:   12583104 bytes,   12583104 total
: 187621K->12288K(188736K), 0.0031637 secs] 748834K->573501K(1027648K), 0.0032050 secs] [Times: user=0.00 sys=0.00, real=0.00 secs] 
Heap after GC invocations=171 (full 14):
 par new generation   total 188736K, used 12288K [0x00000000c0000000, 0x00000000cccc0000, 0x00000000cccc0000)
  eden space 167808K,   0% used [0x00000000c0000000, 0x00000000c0000000, 0x00000000ca3e0000)
  from space 20928K,  58% used [0x00000000ca3e0000, 0x00000000cafe00c0, 0x00000000cb850000)
  to   space 20928K,   0% used [0x00000000cb850000, 0x00000000cb850000, 0x00000000cccc0000)
 concurrent mark-sweep generation total 838912K, used 561213K [0x00000000cccc0000, 0x0000000100000000, 0x0000000100000000)
 Metaspace       used 3934K, capacity 4536K, committed 4864K, reserved 1056768K
  class space    used 425K, capacity 428K, committed 512K, reserved 1048576K
}
2024-07-26T01:31:13.117+0800: 4.716: Total time for which application threads were stopped: 0.0033237 seconds, Stopping threads took: 0.0000199 seconds
{Heap before GC invocations=171 (full 14):
 par new generation   total 188736K, used 179447K [0x00000000c0000000, 0x00000000cccc0000, 0x00000000cccc0000)
  eden space 167808K,  99% used [0x00000000c0000000, 0x00000000ca33ddf0, 0x00000000ca3e0000)
  from space 20928K,  58% used [0x00000000ca3e0000, 0x00000000cafe00c0, 0x00000000cb850000)
  to   space 20928K,   0% used [0x00000000cb850000, 0x00000000cb850000, 0x00000000cccc0000)
 concurrent mark-sweep generation total 838912K, used 561213K [0x00000000cccc0000, 0x0000000100000000, 0x0000000100000000)
 Metaspace       used 3934K, capacity 4536K, committed 4864K, reserved 1056768K
  class space    used 425K, capacity 428K, committed 512K, reserved 1048576K
2024-07-26T01:31:13.130+0800: 4.730: [GC (Allocation Failure) 2024-07-26T01:31:13.130+0800: 4.730: [ParNew2024-07-26T01:31:13.144+0800: 4.744: [SoftReference, 0 refs, 0.0000363 secs]2024-07-26T01:31:13.144+0800: 4.744: [WeakReference, 0 refs, 0.0000099 secs]2024-07-26T01:31:13.144+0800: 4.744: [FinalReference, 0 refs, 0.0000067 secs]2024-07-26T01:31:13.144+0800: 4.744: [PhantomReference, 0 refs, 0.0000071 secs]2024-07-26T01:31:13.144+0800: 4.744: [JNI Weak Reference, 0.0000070 secs]
Desired survivor size 10715136 bytes, new threshold 1 (max 1)
- age   1:   20971840 bytes,   20971840 total
: 179447K->20480K(188736K), 0.0138317 secs] 740660K->636992K(1027648K), 0.0138753 secs] [Times: user=0.05 sys=0.00, real=0.01 secs] 
Heap after GC invocations=172 (full 14):
 par new generation   total 188736K, used 20480K [0x00000000c0000000, 0x00000000cccc0000, 0x00000000cccc0000)
  eden space 167808K,   0% used [0x00000000c0000000, 0x00000000c0000000, 0x00000000ca3e0000)
  from space 20928K,  97% used [0x00000000cb850000, 0x00000000ccc50140, 0x00000000cccc0000)
  to   space 20928K,   0% used [0x00000000ca3e0000, 0x00000000ca3e0000, 0x00000000cb850000)
 concurrent mark-sweep generation total 838912K, used 616512K [0x00000000cccc0000, 0x0000000100000000, 0x0000000100000000)
 Metaspace       used 3934K, capacity 4536K, committed 4864K, reserved 1056768K
  class space    used 425K, capacity 428K, committed 512K, reserved 1048576K
}
2024-07-26T01:31:13.144+0800: 4.744: Total time for which application threads were stopped: 0.0139992 seconds, Stopping threads took: 0.0000220 seconds
{Heap before GC invocations=172 (full 14):
 par new generation   total 188736K, used 187651K [0x00000000c0000000, 0x00000000cccc0000, 0x00000000cccc0000)
  eden space 167808K,  99% used [0x00000000c0000000, 0x00000000ca340de8, 0x00000000ca3e0000)
  from space 20928K,  97% used [0x00000000cb850000, 0x00000000ccc50140, 0x00000000cccc0000)
  to   space 20928K,   0% used [0x00000000ca3e0000, 0x00000000ca3e0000, 0x00000000cb850000)
 concurrent mark-sweep generation total 838912K, used 616512K [0x00000000cccc0000, 0x0000000100000000, 0x0000000100000000)
 Metaspace       used 3934K, capacity 4536K, committed 4864K, reserved 1056768K
  class space    used 425K, capacity 428K, committed 512K, reserved 1048576K
2024-07-26T01:31:13.159+0800: 4.758: [GC (Allocation Failure) 2024-07-26T01:31:13.159+0800: 4.758: [ParNew2024-07-26T01:31:13.166+0800: 4.765: [SoftReference, 0 refs, 0.0000438 secs]2024-07-26T01:31:13.166+0800: 4.765: [WeakReference, 0 refs, 0.0000059 secs]2024-07-26T01:31:13.166+0800: 4.765: [FinalReference, 0 refs, 0.0000051 secs]2024-07-26T01:31:13.166+0800: 4.765: [PhantomReference, 0 refs, 0.0000049 secs]2024-07-26T01:31:13.166+0800: 4.765: [JNI Weak Reference, 0.0000058 secs]
Desired survivor size 10715136 bytes, new threshold 1 (max 1)
- age   1:   20971840 bytes,   20971840 total
: 187651K->20480K(188736K), 0.0071328 secs] 804163K->652354K(1027648K), 0.0071685 secs] [Times: user=0.00 sys=0.00, real=0.01 secs] 
Heap after GC invocations=173 (full 14):
 par new generation   total 188736K, used 20480K [0x00000000c0000000, 0x00000000cccc0000, 0x00000000cccc0000)
  eden space 167808K,   0% used [0x00000000c0000000, 0x00000000c0000000, 0x00000000ca3e0000)
  from space 20928K,  97% used [0x00000000ca3e0000, 0x00000000cb7e0140, 0x00000000cb850000)
  to   space 20928K,   0% used [0x00000000cb850000, 0x00000000cb850000, 0x00000000cccc0000)
 concurrent mark-sweep generation total 838912K, used 631874K [0x00000000cccc0000, 0x0000000100000000, 0x0000000100000000)
 Metaspace       used 3934K, capacity 4536K, committed 4864K, reserved 1056768K
  class space    used 425K, capacity 428K, committed 512K, reserved 1048576K
}
2024-07-26T01:31:13.166+0800: 4.765: Total time for which application threads were stopped: 0.0072860 seconds, Stopping threads took: 0.0000219 seconds
{Heap before GC invocations=173 (full 14):
 par new generation   total 188736K, used 187659K [0x00000000c0000000, 0x00000000cccc0000, 0x00000000cccc0000)
  eden space 167808K,  99% used [0x00000000c0000000, 0x00000000ca342cb8, 0x00000000ca3e0000)
  from space 20928K,  97% used [0x00000000ca3e0000, 0x00000000cb7e0140, 0x00000000cb850000)
  to   space 20928K,   0% used [0x00000000cb850000, 0x00000000cb850000, 0x00000000cccc0000)
 concurrent mark-sweep generation total 838912K, used 631874K [0x00000000cccc0000, 0x0000000100000000, 0x0000000100000000)
 Metaspace       used 3934K, capacity 4536K, committed 4864K, reserved 1056768K
  class space    used 425K, capacity 428K, committed 512K, reserved 1048576K
2024-07-26T01:31:13.182+0800: 4.781: [GC (Allocation Failure) 2024-07-26T01:31:13.182+0800: 4.781: [ParNew2024-07-26T01:31:13.197+0800: 4.796: [SoftReference, 0 refs, 0.0000342 secs]2024-07-26T01:31:13.197+0800: 4.796: [WeakReference, 0 refs, 0.0000041 secs]2024-07-26T01:31:13.197+0800: 4.796: [FinalReference, 0 refs, 0.0000036 secs]2024-07-26T01:31:13.197+0800: 4.796: [PhantomReference, 0 refs, 0.0000034 secs]2024-07-26T01:31:13.197+0800: 4.796: [JNI Weak Reference, 0.0000041 secs]
Desired survivor size 10715136 bytes, new threshold 1 (max 1)
- age   1:   20971840 bytes,   20971840 total
: 187659K->20480K(188736K), 0.0152572 secs] 819533K->731203K(1027648K), 0.0153016 secs] [Times: user=0.03 sys=0.00, real=0.02 secs] 
Heap after GC invocations=174 (full 14):
 par new generation   total 188736K, used 20480K [0x00000000c0000000, 0x00000000cccc0000, 0x00000000cccc0000)
  eden space 167808K,   0% used [0x00000000c0000000, 0x00000000c0000000, 0x00000000ca3e0000)
  from space 20928K,  97% used [0x00000000cb850000, 0x00000000ccc50140, 0x00000000cccc0000)
  to   space 20928K,   0% used [0x00000000ca3e0000, 0x00000000ca3e0000, 0x00000000cb850000)
 concurrent mark-sweep generation total 838912K, used 710723K [0x00000000cccc0000, 0x0000000100000000, 0x0000000100000000)
 Metaspace       used 3934K, capacity 4536K, committed 4864K, reserved 1056768K
  class space    used 425K, capacity 428K, committed 512K, reserved 1048576K
}
2024-07-26T01:31:13.197+0800: 4.797: Total time for which application threads were stopped: 0.0154133 seconds, Stopping threads took: 0.0000232 seconds
{Heap before GC invocations=174 (full 14):
 par new generation   total 188736K, used 187664K [0x00000000c0000000, 0x00000000cccc0000, 0x00000000cccc0000)
  eden space 167808K,  99% used [0x00000000c0000000, 0x00000000ca344090, 0x00000000ca3e0000)
  from space 20928K,  97% used [0x00000000cb850000, 0x00000000ccc50140, 0x00000000cccc0000)
  to   space 20928K,   0% used [0x00000000ca3e0000, 0x00000000ca3e0000, 0x00000000cb850000)
 concurrent mark-sweep generation total 838912K, used 710723K [0x00000000cccc0000, 0x0000000100000000, 0x0000000100000000)
 Metaspace       used 3934K, capacity 4536K, committed 4864K, reserved 1056768K
  class space    used 425K, capacity 428K, committed 512K, reserved 1048576K
2024-07-26T01:31:13.211+0800: 4.811: [GC (Allocation Failure) 2024-07-26T01:31:13.211+0800: 4.811: [ParNew2024-07-26T01:31:13.220+0800: 4.819: [SoftReference, 0 refs, 0.0000314 secs]2024-07-26T01:31:13.220+0800: 4.819: [WeakReference, 0 refs, 0.0000043 secs]2024-07-26T01:31:13.220+0800: 4.819: [FinalReference, 0 refs, 0.0000039 secs]2024-07-26T01:31:13.220+0800: 4.819: [PhantomReference, 0 refs, 0.0000039 secs]2024-07-26T01:31:13.220+0800: 4.819: [JNI Weak Reference, 0.0000047 secs]
Desired survivor size 10715136 bytes, new threshold 1 (max 1)
- age   1:   20971840 bytes,   20971840 total
: 187664K->20480K(188736K), 0.0087120 secs] 898388K->770116K(1027648K), 0.0087499 secs] [Times: user=0.08 sys=0.00, real=0.01 secs] 
Heap after GC invocations=175 (full 14):
 par new generation   total 188736K, used 20480K [0x00000000c0000000, 0x00000000cccc0000, 0x00000000cccc0000)
  eden space 167808K,   0% used [0x00000000c0000000, 0x00000000c0000000, 0x00000000ca3e0000)
  from space 20928K,  97% used [0x00000000ca3e0000, 0x00000000cb7e0140, 0x00000000cb850000)
  to   space 20928K,   0% used [0x00000000cb850000, 0x00000000cb850000, 0x00000000cccc0000)
 concurrent mark-sweep generation total 838912K, used 749636K [0x00000000cccc0000, 0x0000000100000000, 0x0000000100000000)
 Metaspace       used 3934K, capacity 4536K, committed 4864K, reserved 1056768K
  class space    used 425K, capacity 428K, committed 512K, reserved 1048576K
}
2024-07-26T01:31:13.220+0800: 4.819: Total time for which application threads were stopped: 0.0088652 seconds, Stopping threads took: 0.0000217 seconds
{Heap before GC invocations=175 (full 14):
 par new generation   total 188736K, used 187667K [0x00000000c0000000, 0x00000000cccc0000, 0x00000000cccc0000)
  eden space 167808K,  99% used [0x00000000c0000000, 0x00000000ca344d50, 0x00000000ca3e0000)
  from space 20928K,  97% used [0x00000000ca3e0000, 0x00000000cb7e0140, 0x00000000cb850000)
  to   space 20928K,   0% used [0x00000000cb850000, 0x00000000cb850000, 0x00000000cccc0000)
 concurrent mark-sweep generation total 838912K, used 749636K [0x00000000cccc0000, 0x0000000100000000, 0x0000000100000000)
 Metaspace       used 3934K, capacity 4536K, committed 4864K, reserved 1056768K
  class space    used 425K, capacity 428K, committed 512K, reserved 1048576K
2024-07-26T01:31:13.234+0800: 4.833: [GC (Allocation Failure) 2024-07-26T01:31:13.234+0800: 4.833: [ParNew2024-07-26T01:31:13.238+0800: 4.837: [SoftReference, 0 refs, 0.0000400 secs]2024-07-26T01:31:13.238+0800: 4.837: [WeakReference, 0 refs, 0.0000046 secs]2024-07-26T01:31:13.238+0800: 4.837: [FinalReference, 0 refs, 0.0000042 secs]2024-07-26T01:31:13.238+0800: 4.837: [PhantomReference, 0 refs, 0.0000039 secs]2024-07-26T01:31:13.238+0800: 4.837: [JNI Weak Reference, 0.0000051 secs]
Desired survivor size 10715136 bytes, new threshold 1 (max 1)
- age   1:   19923248 bytes,   19923248 total
: 187667K->19456K(188736K), 0.0038733 secs] 937303K->769092K(1027648K), 0.0039433 secs] [Times: user=0.00 sys=0.00, real=0.00 secs] 
Heap after GC invocations=176 (full 14):
 par new generation   total 188736K, used 19456K [0x00000000c0000000, 0x00000000cccc0000, 0x00000000cccc0000)
  eden space 167808K,   0% used [0x00000000c0000000, 0x00000000c0000000, 0x00000000ca3e0000)
  from space 20928K,  92% used [0x00000000cb850000, 0x00000000ccb50130, 0x00000000cccc0000)
  to   space 20928K,   0% used [0x00000000ca3e0000, 0x00000000ca3e0000, 0x00000000cb850000)
 concurrent mark-sweep generation total 838912K, used 749636K [0x00000000cccc0000, 0x0000000100000000, 0x0000000100000000)
 Metaspace       used 3934K, capacity 4536K, committed 4864K, reserved 1056768K
  class space    used 425K, capacity 428K, committed 512K, reserved 1048576K
}
2024-07-26T01:31:13.238+0800: 4.837: Total time for which application threads were stopped: 0.0040623 seconds, Stopping threads took: 0.0000216 seconds
{Heap before GC invocations=176 (full 14):
 par new generation   total 188736K, used 186645K [0x00000000c0000000, 0x00000000cccc0000, 0x00000000cccc0000)
  eden space 167808K,  99% used [0x00000000c0000000, 0x00000000ca345580, 0x00000000ca3e0000)
  from space 20928K,  92% used [0x00000000cb850000, 0x00000000ccb50130, 0x00000000cccc0000)
  to   space 20928K,   0% used [0x00000000ca3e0000, 0x00000000ca3e0000, 0x00000000cb850000)
 concurrent mark-sweep generation total 838912K, used 749636K [0x00000000cccc0000, 0x0000000100000000, 0x0000000100000000)
 Metaspace       used 3934K, capacity 4536K, committed 4864K, reserved 1056768K
  class space    used 425K, capacity 428K, committed 512K, reserved 1048576K
2024-07-26T01:31:13.252+0800: 4.851: [GC (Allocation Failure) 2024-07-26T01:31:13.252+0800: 4.851: [ParNew2024-07-26T01:31:13.264+0800: 4.863: [SoftReference, 0 refs, 0.0000468 secs]2024-07-26T01:31:13.264+0800: 4.863: [WeakReference, 0 refs, 0.0000044 secs]2024-07-26T01:31:13.264+0800: 4.863: [FinalReference, 0 refs, 0.0000039 secs]2024-07-26T01:31:13.264+0800: 4.863: [PhantomReference, 0 refs, 0.0000038 secs]2024-07-26T01:31:13.264+0800: 4.863: [JNI Weak Reference, 0.0000053 secs]
Desired survivor size 10715136 bytes, new threshold 1 (max 1)
- age   1:   20971840 bytes,   20971840 total
: 186645K->20480K(188736K), 0.0121036 secs] 936281K->832583K(1027648K), 0.0121427 secs] [Times: user=0.02 sys=0.00, real=0.01 secs] 
Heap after GC invocations=177 (full 14):
 par new generation   total 188736K, used 20480K [0x00000000c0000000, 0x00000000cccc0000, 0x00000000cccc0000)
  eden space 167808K,   0% used [0x00000000c0000000, 0x00000000c0000000, 0x00000000ca3e0000)
  from space 20928K,  97% used [0x00000000ca3e0000, 0x00000000cb7e0140, 0x00000000cb850000)
  to   space 20928K,   0% used [0x00000000cb850000, 0x00000000cb850000, 0x00000000cccc0000)
 concurrent mark-sweep generation total 838912K, used 812103K [0x00000000cccc0000, 0x0000000100000000, 0x0000000100000000)
 Metaspace       used 3934K, capacity 4536K, committed 4864K, reserved 1056768K
  class space    used 425K, capacity 428K, committed 512K, reserved 1048576K
}
2024-07-26T01:31:13.264+0800: 4.863: Total time for which application threads were stopped: 0.0122551 seconds, Stopping threads took: 0.0000221 seconds
{Heap before GC invocations=177 (full 14):
 par new generation   total 188736K, used 187671K [0x00000000c0000000, 0x00000000cccc0000, 0x00000000cccc0000)
  eden space 167808K,  99% used [0x00000000c0000000, 0x00000000ca345ac8, 0x00000000ca3e0000)
  from space 20928K,  97% used [0x00000000ca3e0000, 0x00000000cb7e0140, 0x00000000cb850000)
  to   space 20928K,   0% used [0x00000000cb850000, 0x00000000cb850000, 0x00000000cccc0000)
 concurrent mark-sweep generation total 838912K, used 812103K [0x00000000cccc0000, 0x0000000100000000, 0x0000000100000000)
 Metaspace       used 3934K, capacity 4536K, committed 4864K, reserved 1056768K
  class space    used 425K, capacity 428K, committed 512K, reserved 1048576K
2024-07-26T01:31:13.277+0800: 4.878: [GC (Allocation Failure) 2024-07-26T01:31:13.279+0800: 4.878: [ParNew: 187671K->187671K(188736K), 0.0000213 secs]2024-07-26T01:31:13.279+0800: 4.878: [CMS2024-07-26T01:31:13.279+0800: 4.878: [CMS-concurrent-abortable-preclean: 0.006/0.177 secs] [Times: user=0.17 sys=0.00, real=0.18 secs] 
 (concurrent mode failure)2024-07-26T01:31:13.279+0800: 4.878: [SoftReference, 0 refs, 0.0000127 secs]2024-07-26T01:31:13.279+0800: 4.878: [WeakReference, 2 refs, 0.0000041 secs]2024-07-26T01:31:13.279+0800: 4.878: [FinalReference, 2 refs, 0.0000035 secs]2024-07-26T01:31:13.279+0800: 4.878: [PhantomReference, 0 refs, 0.0000032 secs]2024-07-26T01:31:13.279+0800: 4.878: [JNI Weak Reference, 0.0000036 secs]: 812103K->44064K(838912K), 0.0083719 secs] 999774K->44064K(1027648K), [Metaspace: 3934K->3934K(1056768K)], 0.0084710 secs] [Times: user=0.00 sys=0.00, real=0.01 secs] 
Heap after GC invocations=178 (full 15):
 par new generation   total 188736K, used 0K [0x00000000c0000000, 0x00000000cccc0000, 0x00000000cccc0000)
  eden space 167808K,   0% used [0x00000000c0000000, 0x00000000c0000000, 0x00000000ca3e0000)
  from space 20928K,   0% used [0x00000000ca3e0000, 0x00000000ca3e0000, 0x00000000cb850000)
  to   space 20928K,   0% used [0x00000000cb850000, 0x00000000cb850000, 0x00000000cccc0000)
 concurrent mark-sweep generation total 838912K, used 44064K [0x00000000cccc0000, 0x0000000100000000, 0x0000000100000000)
 Metaspace       used 3934K, capacity 4536K, committed 4864K, reserved 1056768K
  class space    used 425K, capacity 428K, committed 512K, reserved 1048576K
}
2024-07-26T01:31:13.286+0800: 4.886: Total time for which application threads were stopped: 0.0085941 seconds, Stopping threads took: 0.0000248 seconds
{Heap before GC invocations=178 (full 15):
 par new generation   total 188736K, used 167191K [0x00000000c0000000, 0x00000000cccc0000, 0x00000000cccc0000)
  eden space 167808K,  99% used [0x00000000c0000000, 0x00000000ca345e28, 0x00000000ca3e0000)
  from space 20928K,   0% used [0x00000000ca3e0000, 0x00000000ca3e0000, 0x00000000cb850000)
  to   space 20928K,   0% used [0x00000000cb850000, 0x00000000cb850000, 0x00000000cccc0000)
 concurrent mark-sweep generation total 838912K, used 44064K [0x00000000cccc0000, 0x0000000100000000, 0x0000000100000000)
 Metaspace       used 3934K, capacity 4536K, committed 4864K, reserved 1056768K
  class space    used 425K, capacity 428K, committed 512K, reserved 1048576K
2024-07-26T01:31:13.300+0800: 4.900: [GC (Allocation Failure) 2024-07-26T01:31:13.300+0800: 4.900: [ParNew2024-07-26T01:31:13.302+0800: 4.902: [SoftReference, 0 refs, 0.0000283 secs]2024-07-26T01:31:13.302+0800: 4.902: [WeakReference, 0 refs, 0.0000057 secs]2024-07-26T01:31:13.302+0800: 4.902: [FinalReference, 0 refs, 0.0000052 secs]2024-07-26T01:31:13.302+0800: 4.902: [PhantomReference, 0 refs, 0.0000048 secs]2024-07-26T01:31:13.302+0800: 4.902: [JNI Weak Reference, 0.0000049 secs]
Desired survivor size 10715136 bytes, new threshold 1 (max 1)
- age   1:    3145776 bytes,    3145776 total
: 167191K->3072K(188736K), 0.0014837 secs] 211256K->47136K(1027648K), 0.0015173 secs] [Times: user=0.00 sys=0.00, real=0.00 secs] 
Heap after GC invocations=179 (full 15):
 par new generation   total 188736K, used 3072K [0x00000000c0000000, 0x00000000cccc0000, 0x00000000cccc0000)
  eden space 167808K,   0% used [0x00000000c0000000, 0x00000000c0000000, 0x00000000ca3e0000)
  from space 20928K,  14% used [0x00000000cb850000, 0x00000000cbb50030, 0x00000000cccc0000)
  to   space 20928K,   0% used [0x00000000ca3e0000, 0x00000000ca3e0000, 0x00000000cb850000)
 concurrent mark-sweep generation total 838912K, used 44064K [0x00000000cccc0000, 0x0000000100000000, 0x0000000100000000)
 Metaspace       used 3934K, capacity 4536K, committed 4864K, reserved 1056768K
  class space    used 425K, capacity 428K, committed 512K, reserved 1048576K
}
2024-07-26T01:31:13.302+0800: 4.902: Total time for which application threads were stopped: 0.0016298 seconds, Stopping threads took: 0.0000218 seconds
{Heap before GC invocations=179 (full 15):
 par new generation   total 188736K, used 170264K [0x00000000c0000000, 0x00000000cccc0000, 0x00000000cccc0000)
  eden space 167808K,  99% used [0x00000000c0000000, 0x00000000ca346058, 0x00000000ca3e0000)
  from space 20928K,  14% used [0x00000000cb850000, 0x00000000cbb50030, 0x00000000cccc0000)
  to   space 20928K,   0% used [0x00000000ca3e0000, 0x00000000ca3e0000, 0x00000000cb850000)
 concurrent mark-sweep generation total 838912K, used 44064K [0x00000000cccc0000, 0x0000000100000000, 0x0000000100000000)
 Metaspace       used 3934K, capacity 4536K, committed 4864K, reserved 1056768K
  class space    used 425K, capacity 428K, committed 512K, reserved 1048576K
2024-07-26T01:31:13.316+0800: 4.916: [GC (Allocation Failure) 2024-07-26T01:31:13.316+0800: 4.916: [ParNew2024-07-26T01:31:13.326+0800: 4.926: [SoftReference, 0 refs, 0.0000351 secs]2024-07-26T01:31:13.326+0800: 4.926: [WeakReference, 0 refs, 0.0000040 secs]2024-07-26T01:31:13.326+0800: 4.926: [FinalReference, 0 refs, 0.0000037 secs]2024-07-26T01:31:13.326+0800: 4.926: [PhantomReference, 0 refs, 0.0000036 secs]2024-07-26T01:31:13.326+0800: 4.926: [JNI Weak Reference, 0.0000040 secs]
Desired survivor size 10715136 bytes, new threshold 1 (max 1)
- age   1:   20971840 bytes,   20971840 total
: 170264K->20480K(188736K), 0.0103405 secs] 214329K->110627K(1027648K), 0.0103805 secs] [Times: user=0.02 sys=0.00, real=0.01 secs] 
Heap after GC invocations=180 (full 15):
 par new generation   total 188736K, used 20480K [0x00000000c0000000, 0x00000000cccc0000, 0x00000000cccc0000)
  eden space 167808K,   0% used [0x00000000c0000000, 0x00000000c0000000, 0x00000000ca3e0000)
  from space 20928K,  97% used [0x00000000ca3e0000, 0x00000000cb7e0140, 0x00000000cb850000)
  to   space 20928K,   0% used [0x00000000cb850000, 0x00000000cb850000, 0x00000000cccc0000)
 concurrent mark-sweep generation total 838912K, used 90147K [0x00000000cccc0000, 0x0000000100000000, 0x0000000100000000)
 Metaspace       used 3934K, capacity 4536K, committed 4864K, reserved 1056768K
  class space    used 425K, capacity 428K, committed 512K, reserved 1048576K
}
2024-07-26T01:31:13.326+0800: 4.926: Total time for which application threads were stopped: 0.0104942 seconds, Stopping threads took: 0.0000225 seconds
{Heap before GC invocations=180 (full 15):
 par new generation   total 188736K, used 187672K [0x00000000c0000000, 0x00000000cccc0000, 0x00000000cccc0000)
  eden space 167808K,  99% used [0x00000000c0000000, 0x00000000ca3461c0, 0x00000000ca3e0000)
  from space 20928K,  97% used [0x00000000ca3e0000, 0x00000000cb7e0140, 0x00000000cb850000)
  to   space 20928K,   0% used [0x00000000cb850000, 0x00000000cb850000, 0x00000000cccc0000)
 concurrent mark-sweep generation total 838912K, used 90147K [0x00000000cccc0000, 0x0000000100000000, 0x0000000100000000)
 Metaspace       used 3934K, capacity 4536K, committed 4864K, reserved 1056768K
  class space    used 425K, capacity 428K, committed 512K, reserved 1048576K
2024-07-26T01:31:13.340+0800: 4.940: [GC (Allocation Failure) 2024-07-26T01:31:13.340+0800: 4.940: [ParNew2024-07-26T01:31:13.346+0800: 4.945: [SoftReference, 0 refs, 0.0000306 secs]2024-07-26T01:31:13.346+0800: 4.945: [WeakReference, 0 refs, 0.0000058 secs]2024-07-26T01:31:13.346+0800: 4.945: [FinalReference, 0 refs, 0.0000051 secs]2024-07-26T01:31:13.346+0800: 4.945: [PhantomReference, 0 refs, 0.0000048 secs]2024-07-26T01:31:13.346+0800: 4.945: [JNI Weak Reference, 0.0000054 secs]
Desired survivor size 10715136 bytes, new threshold 1 (max 1)
- age   1:   20971840 bytes,   20971840 total
: 187672K->20480K(188736K), 0.0050809 secs] 277820K->116774K(1027648K), 0.0051256 secs] [Times: user=0.00 sys=0.00, real=0.01 secs] 
Heap after GC invocations=181 (full 15):
 par new generation   total 188736K, used 20480K [0x00000000c0000000, 0x00000000cccc0000, 0x00000000cccc0000)
  eden space 167808K,   0% used [0x00000000c0000000, 0x00000000c0000000, 0x00000000ca3e0000)
  from space 20928K,  97% used [0x00000000cb850000, 0x00000000ccc50140, 0x00000000cccc0000)
  to   space 20928K,   0% used [0x00000000ca3e0000, 0x00000000ca3e0000, 0x00000000cb850000)
 concurrent mark-sweep generation total 838912K, used 96293K [0x00000000cccc0000, 0x0000000100000000, 0x0000000100000000)
 Metaspace       used 3934K, capacity 4536K, committed 4864K, reserved 1056768K
  class space    used 425K, capacity 428K, committed 512K, reserved 1048576K
}
2024-07-26T01:31:13.346+0800: 4.945: Total time for which application threads were stopped: 0.0052481 seconds, Stopping threads took: 0.0000258 seconds
{Heap before GC invocations=181 (full 15):
 par new generation   total 188736K, used 187672K [0x00000000c0000000, 0x00000000cccc0000, 0x00000000cccc0000)
  eden space 167808K,  99% used [0x00000000c0000000, 0x00000000ca3462a0, 0x00000000ca3e0000)
  from space 20928K,  97% used [0x00000000cb850000, 0x00000000ccc50140, 0x00000000cccc0000)
  to   space 20928K,   0% used [0x00000000ca3e0000, 0x00000000ca3e0000, 0x00000000cb850000)
 concurrent mark-sweep generation total 838912K, used 96293K [0x00000000cccc0000, 0x0000000100000000, 0x0000000100000000)
 Metaspace       used 3934K, capacity 4536K, committed 4864K, reserved 1056768K
  class space    used 425K, capacity 428K, committed 512K, reserved 1048576K
2024-07-26T01:31:13.360+0800: 4.959: [GC (Allocation Failure) 2024-07-26T01:31:13.360+0800: 4.959: [ParNew2024-07-26T01:31:13.372+0800: 4.972: [SoftReference, 0 refs, 0.0000630 secs]2024-07-26T01:31:13.372+0800: 4.972: [WeakReference, 0 refs, 0.0000045 secs]2024-07-26T01:31:13.372+0800: 4.972: [FinalReference, 0 refs, 0.0000040 secs]2024-07-26T01:31:13.372+0800: 4.972: [PhantomReference, 0 refs, 0.0000037 secs]2024-07-26T01:31:13.372+0800: 4.972: [JNI Weak Reference, 0.0000044 secs]
Desired survivor size 10715136 bytes, new threshold 1 (max 1)
- age   1:   20971840 bytes,   20971840 total
: 187672K->20480K(188736K), 0.0128945 secs] 283966K->186409K(1027648K), 0.0129352 secs] [Times: user=0.01 sys=0.00, real=0.01 secs] 
Heap after GC invocations=182 (full 15):
 par new generation   total 188736K, used 20480K [0x00000000c0000000, 0x00000000cccc0000, 0x00000000cccc0000)
  eden space 167808K,   0% used [0x00000000c0000000, 0x00000000c0000000, 0x00000000ca3e0000)
  from space 20928K,  97% used [0x00000000ca3e0000, 0x00000000cb7e0140, 0x00000000cb850000)
  to   space 20928K,   0% used [0x00000000cb850000, 0x00000000cb850000, 0x00000000cccc0000)
 concurrent mark-sweep generation total 838912K, used 165928K [0x00000000cccc0000, 0x0000000100000000, 0x0000000100000000)
 Metaspace       used 3934K, capacity 4536K, committed 4864K, reserved 1056768K
  class space    used 425K, capacity 428K, committed 512K, reserved 1048576K
}
2024-07-26T01:31:13.372+0800: 4.972: Total time for which application threads were stopped: 0.0130581 seconds, Stopping threads took: 0.0000274 seconds
{Heap before GC invocations=182 (full 15):
 par new generation   total 188736K, used 187673K [0x00000000c0000000, 0x00000000cccc0000, 0x00000000cccc0000)
  eden space 167808K,  99% used [0x00000000c0000000, 0x00000000ca346338, 0x00000000ca3e0000)
  from space 20928K,  97% used [0x00000000ca3e0000, 0x00000000cb7e0140, 0x00000000cb850000)
  to   space 20928K,   0% used [0x00000000cb850000, 0x00000000cb850000, 0x00000000cccc0000)
 concurrent mark-sweep generation total 838912K, used 165928K [0x00000000cccc0000, 0x0000000100000000, 0x0000000100000000)
 Metaspace       used 3934K, capacity 4536K, committed 4864K, reserved 1056768K
  class space    used 425K, capacity 428K, committed 512K, reserved 1048576K
2024-07-26T01:31:13.387+0800: 4.986: [GC (Allocation Failure) 2024-07-26T01:31:13.387+0800: 4.986: [ParNew2024-07-26T01:31:13.396+0800: 4.995: [SoftReference, 0 refs, 0.0000288 secs]2024-07-26T01:31:13.396+0800: 4.996: [WeakReference, 0 refs, 0.0000046 secs]2024-07-26T01:31:13.396+0800: 4.996: [FinalReference, 0 refs, 0.0000041 secs]2024-07-26T01:31:13.396+0800: 4.996: [PhantomReference, 0 refs, 0.0000038 secs]2024-07-26T01:31:13.396+0800: 4.996: [JNI Weak Reference, 0.0000044 secs]
Desired survivor size 10715136 bytes, new threshold 1 (max 1)
- age   1:   20971840 bytes,   20971840 total
: 187673K->20480K(188736K), 0.0091141 secs] 353601K->216105K(1027648K), 0.0091629 secs] [Times: user=0.00 sys=0.00, real=0.01 secs] 
Heap after GC invocations=183 (full 15):
 par new generation   total 188736K, used 20480K [0x00000000c0000000, 0x00000000cccc0000, 0x00000000cccc0000)
  eden space 167808K,   0% used [0x00000000c0000000, 0x00000000c0000000, 0x00000000ca3e0000)
  from space 20928K,  97% used [0x00000000cb850000, 0x00000000ccc50140, 0x00000000cccc0000)
  to   space 20928K,   0% used [0x00000000ca3e0000, 0x00000000ca3e0000, 0x00000000cb850000)
 concurrent mark-sweep generation total 838912K, used 195625K [0x00000000cccc0000, 0x0000000100000000, 0x0000000100000000)
 Metaspace       used 3934K, capacity 4536K, committed 4864K, reserved 1056768K
  class space    used 425K, capacity 428K, committed 512K, reserved 1048576K
}
2024-07-26T01:31:13.396+0800: 4.996: Total time for which application threads were stopped: 0.0092920 seconds, Stopping threads took: 0.0000358 seconds
{Heap before GC invocations=183 (full 15):
 par new generation   total 188736K, used 187673K [0x00000000c0000000, 0x00000000cccc0000, 0x00000000cccc0000)
  eden space 167808K,  99% used [0x00000000c0000000, 0x00000000ca346398, 0x00000000ca3e0000)
  from space 20928K,  97% used [0x00000000cb850000, 0x00000000ccc50140, 0x00000000cccc0000)
  to   space 20928K,   0% used [0x00000000ca3e0000, 0x00000000ca3e0000, 0x00000000cb850000)
 concurrent mark-sweep generation total 838912K, used 195625K [0x00000000cccc0000, 0x0000000100000000, 0x0000000100000000)
 Metaspace       used 3934K, capacity 4536K, committed 4864K, reserved 1056768K
  class space    used 425K, capacity 428K, committed 512K, reserved 1048576K
2024-07-26T01:31:13.410+0800: 5.009: [GC (Allocation Failure) 2024-07-26T01:31:13.410+0800: 5.010: [ParNew2024-07-26T01:31:13.412+0800: 5.012: [SoftReference, 0 refs, 0.0000484 secs]2024-07-26T01:31:13.412+0800: 5.012: [WeakReference, 0 refs, 0.0000055 secs]2024-07-26T01:31:13.412+0800: 5.012: [FinalReference, 0 refs, 0.0000052 secs]2024-07-26T01:31:13.412+0800: 5.012: [PhantomReference, 0 refs, 0.0000047 secs]2024-07-26T01:31:13.412+0800: 5.012: [JNI Weak Reference, 0.0000056 secs]
Desired survivor size 10715136 bytes, new threshold 1 (max 1)
- age   1:   10485920 bytes,   10485920 total
: 187673K->10240K(188736K), 0.0028083 secs] 383298K->205865K(1027648K), 0.0028499 secs] [Times: user=0.00 sys=0.00, real=0.00 secs] 
Heap after GC invocations=184 (full 15):
 par new generation   total 188736K, used 10240K [0x00000000c0000000, 0x00000000cccc0000, 0x00000000cccc0000)
  eden space 167808K,   0% used [0x00000000c0000000, 0x00000000c0000000, 0x00000000ca3e0000)
  from space 20928K,  48% used [0x00000000ca3e0000, 0x00000000cade00a0, 0x00000000cb850000)
  to   space 20928K,   0% used [0x00000000cb850000, 0x00000000cb850000, 0x00000000cccc0000)
 concurrent mark-sweep generation total 838912K, used 195625K [0x00000000cccc0000, 0x0000000100000000, 0x0000000100000000)
 Metaspace       used 3934K, capacity 4536K, committed 4864K, reserved 1056768K
  class space    used 425K, capacity 428K, committed 512K, reserved 1048576K
}
2024-07-26T01:31:13.413+0800: 5.012: Total time for which application threads were stopped: 0.0029705 seconds, Stopping threads took: 0.0000204 seconds
{Heap before GC invocations=184 (full 15):
 par new generation   total 188736K, used 177433K [0x00000000c0000000, 0x00000000cccc0000, 0x00000000cccc0000)
  eden space 167808K,  99% used [0x00000000c0000000, 0x00000000ca3463d8, 0x00000000ca3e0000)
  from space 20928K,  48% used [0x00000000ca3e0000, 0x00000000cade00a0, 0x00000000cb850000)
  to   space 20928K,   0% used [0x00000000cb850000, 0x00000000cb850000, 0x00000000cccc0000)
 concurrent mark-sweep generation total 838912K, used 195625K [0x00000000cccc0000, 0x0000000100000000, 0x0000000100000000)
 Metaspace       used 3934K, capacity 4536K, committed 4864K, reserved 1056768K
  class space    used 425K, capacity 428K, committed 512K, reserved 1048576K
2024-07-26T01:31:13.427+0800: 5.027: [GC (Allocation Failure) 2024-07-26T01:31:13.427+0800: 5.027: [ParNew2024-07-26T01:31:13.439+0800: 5.039: [SoftReference, 0 refs, 0.0000350 secs]2024-07-26T01:31:13.439+0800: 5.039: [WeakReference, 0 refs, 0.0000056 secs]2024-07-26T01:31:13.439+0800: 5.039: [FinalReference, 0 refs, 0.0000049 secs]2024-07-26T01:31:13.440+0800: 5.039: [PhantomReference, 0 refs, 0.0000046 secs]2024-07-26T01:31:13.440+0800: 5.039: [JNI Weak Reference, 0.0000051 secs]
Desired survivor size 10715136 bytes, new threshold 1 (max 1)
- age   1:   20971840 bytes,   20971840 total
: 177433K->20480K(188736K), 0.0126229 secs] 373058K->269354K(1027648K), 0.0126665 secs] [Times: user=0.06 sys=0.00, real=0.01 secs] 
Heap after GC invocations=185 (full 15):
 par new generation   total 188736K, used 20480K [0x00000000c0000000, 0x00000000cccc0000, 0x00000000cccc0000)
  eden space 167808K,   0% used [0x00000000c0000000, 0x00000000c0000000, 0x00000000ca3e0000)
  from space 20928K,  97% used [0x00000000cb850000, 0x00000000ccc50140, 0x00000000cccc0000)
  to   space 20928K,   0% used [0x00000000ca3e0000, 0x00000000ca3e0000, 0x00000000cb850000)
 concurrent mark-sweep generation total 838912K, used 248874K [0x00000000cccc0000, 0x0000000100000000, 0x0000000100000000)
 Metaspace       used 3934K, capacity 4536K, committed 4864K, reserved 1056768K
  class space    used 425K, capacity 428K, committed 512K, reserved 1048576K
}
2024-07-26T01:31:13.440+0800: 5.039: Total time for which application threads were stopped: 0.0127814 seconds, Stopping threads took: 0.0000220 seconds
{Heap before GC invocations=185 (full 15):
 par new generation   total 188736K, used 187673K [0x00000000c0000000, 0x00000000cccc0000, 0x00000000cccc0000)
  eden space 167808K,  99% used [0x00000000c0000000, 0x00000000ca3463f8, 0x00000000ca3e0000)
  from space 20928K,  97% used [0x00000000cb850000, 0x00000000ccc50140, 0x00000000cccc0000)
  to   space 20928K,   0% used [0x00000000ca3e0000, 0x00000000ca3e0000, 0x00000000cb850000)
 concurrent mark-sweep generation total 838912K, used 248874K [0x00000000cccc0000, 0x0000000100000000, 0x0000000100000000)
 Metaspace       used 3934K, capacity 4536K, committed 4864K, reserved 1056768K
  class space    used 425K, capacity 428K, committed 512K, reserved 1048576K
2024-07-26T01:31:13.453+0800: 5.052: [GC (Allocation Failure) 2024-07-26T01:31:13.453+0800: 5.053: [ParNew2024-07-26T01:31:13.460+0800: 5.059: [SoftReference, 0 refs, 0.0000312 secs]2024-07-26T01:31:13.460+0800: 5.059: [WeakReference, 0 refs, 0.0000048 secs]2024-07-26T01:31:13.460+0800: 5.059: [FinalReference, 0 refs, 0.0000056 secs]2024-07-26T01:31:13.460+0800: 5.059: [PhantomReference, 0 refs, 0.0000039 secs]2024-07-26T01:31:13.460+0800: 5.059: [JNI Weak Reference, 0.0000047 secs]
Desired survivor size 10715136 bytes, new threshold 1 (max 1)
- age   1:   20971840 bytes,   20971840 total
: 187673K->20480K(188736K), 0.0066587 secs] 436547K->282668K(1027648K), 0.0067197 secs] [Times: user=0.02 sys=0.00, real=0.01 secs] 
Heap after GC invocations=186 (full 15):
 par new generation   total 188736K, used 20480K [0x00000000c0000000, 0x00000000cccc0000, 0x00000000cccc0000)
  eden space 167808K,   0% used [0x00000000c0000000, 0x00000000c0000000, 0x00000000ca3e0000)
  from space 20928K,  97% used [0x00000000ca3e0000, 0x00000000cb7e0140, 0x00000000cb850000)
  to   space 20928K,   0% used [0x00000000cb850000, 0x00000000cb850000, 0x00000000cccc0000)
 concurrent mark-sweep generation total 838912K, used 262188K [0x00000000cccc0000, 0x0000000100000000, 0x0000000100000000)
 Metaspace       used 3934K, capacity 4536K, committed 4864K, reserved 1056768K
  class space    used 425K, capacity 428K, committed 512K, reserved 1048576K
}
2024-07-26T01:31:13.460+0800: 5.059: Total time for which application threads were stopped: 0.0068899 seconds, Stopping threads took: 0.0000501 seconds
{Heap before GC invocations=186 (full 15):
 par new generation   total 188736K, used 187673K [0x00000000c0000000, 0x00000000cccc0000, 0x00000000cccc0000)
  eden space 167808K,  99% used [0x00000000c0000000, 0x00000000ca346418, 0x00000000ca3e0000)
  from space 20928K,  97% used [0x00000000ca3e0000, 0x00000000cb7e0140, 0x00000000cb850000)
  to   space 20928K,   0% used [0x00000000cb850000, 0x00000000cb850000, 0x00000000cccc0000)
 concurrent mark-sweep generation total 838912K, used 262188K [0x00000000cccc0000, 0x0000000100000000, 0x0000000100000000)
 Metaspace       used 3934K, capacity 4536K, committed 4864K, reserved 1056768K
  class space    used 425K, capacity 428K, committed 512K, reserved 1048576K
2024-07-26T01:31:13.474+0800: 5.073: [GC (Allocation Failure) 2024-07-26T01:31:13.474+0800: 5.073: [ParNew2024-07-26T01:31:13.489+0800: 5.089: [SoftReference, 0 refs, 0.0000317 secs]2024-07-26T01:31:13.489+0800: 5.089: [WeakReference, 0 refs, 0.0000041 secs]2024-07-26T01:31:13.489+0800: 5.089: [FinalReference, 0 refs, 0.0000037 secs]2024-07-26T01:31:13.489+0800: 5.089: [PhantomReference, 0 refs, 0.0000037 secs]2024-07-26T01:31:13.489+0800: 5.089: [JNI Weak Reference, 0.0000042 secs]
Desired survivor size 10715136 bytes, new threshold 1 (max 1)
- age   1:   20971840 bytes,   20971840 total
: 187673K->20480K(188736K), 0.0156297 secs] 449861K->359471K(1027648K), 0.0156720 secs] [Times: user=0.08 sys=0.02, real=0.02 secs] 
Heap after GC invocations=187 (full 15):
 par new generation   total 188736K, used 20480K [0x00000000c0000000, 0x00000000cccc0000, 0x00000000cccc0000)
  eden space 167808K,   0% used [0x00000000c0000000, 0x00000000c0000000, 0x00000000ca3e0000)
  from space 20928K,  97% used [0x00000000cb850000, 0x00000000ccc50140, 0x00000000cccc0000)
  to   space 20928K,   0% used [0x00000000ca3e0000, 0x00000000ca3e0000, 0x00000000cb850000)
 concurrent mark-sweep generation total 838912K, used 338991K [0x00000000cccc0000, 0x0000000100000000, 0x0000000100000000)
 Metaspace       used 3934K, capacity 4536K, committed 4864K, reserved 1056768K
  class space    used 425K, capacity 428K, committed 512K, reserved 1048576K
}
2024-07-26T01:31:13.489+0800: 5.089: Total time for which application threads were stopped: 0.0157922 seconds, Stopping threads took: 0.0000302 seconds
2024-07-26T01:31:13.490+0800: 5.089: [GC (CMS Initial Mark) [1 CMS-initial-mark: 338991K(838912K)] 360495K(1027648K), 0.0005274 secs] [Times: user=0.00 sys=0.00, real=0.00 secs] 
2024-07-26T01:31:13.490+0800: 5.089: Total time for which application threads were stopped: 0.0007044 seconds, Stopping threads took: 0.0001409 seconds
2024-07-26T01:31:13.490+0800: 5.089: [CMS-concurrent-mark-start]
2024-07-26T01:31:13.493+0800: 5.092: [CMS-concurrent-mark: 0.002/0.002 secs] [Times: user=0.00 sys=0.00, real=0.00 secs] 
2024-07-26T01:31:13.493+0800: 5.092: [CMS-concurrent-preclean-start]
2024-07-26T01:31:13.493+0800: 5.092: [Preclean SoftReferences, 0.0000079 secs]2024-07-26T01:31:13.493+0800: 5.092: [Preclean WeakReferences, 0.0000034 secs]2024-07-26T01:31:13.493+0800: 5.092: [Preclean FinalReferences, 0.0000031 secs]2024-07-26T01:31:13.493+0800: 5.092: [Preclean PhantomReferences, 0.0000030 secs]2024-07-26T01:31:13.493+0800: 5.093: [CMS-concurrent-preclean: 0.001/0.001 secs] [Times: user=0.00 sys=0.00, real=0.00 secs] 
2024-07-26T01:31:13.493+0800: 5.093: [CMS-concurrent-abortable-preclean-start]
{Heap before GC invocations=187 (full 16):
 par new generation   total 188736K, used 187673K [0x00000000c0000000, 0x00000000cccc0000, 0x00000000cccc0000)
  eden space 167808K,  99% used [0x00000000c0000000, 0x00000000ca346428, 0x00000000ca3e0000)
  from space 20928K,  97% used [0x00000000cb850000, 0x00000000ccc50140, 0x00000000cccc0000)
  to   space 20928K,   0% used [0x00000000ca3e0000, 0x00000000ca3e0000, 0x00000000cb850000)
 concurrent mark-sweep generation total 838912K, used 338991K [0x00000000cccc0000, 0x0000000100000000, 0x0000000100000000)
 Metaspace       used 3934K, capacity 4536K, committed 4864K, reserved 1056768K
  class space    used 425K, capacity 428K, committed 512K, reserved 1048576K
2024-07-26T01:31:13.505+0800: 5.104: [GC (Allocation Failure) 2024-07-26T01:31:13.505+0800: 5.104: [ParNew2024-07-26T01:31:13.514+0800: 5.113: [SoftReference, 0 refs, 0.0000422 secs]2024-07-26T01:31:13.514+0800: 5.114: [WeakReference, 0 refs, 0.0000046 secs]2024-07-26T01:31:13.514+0800: 5.114: [FinalReference, 0 refs, 0.0000040 secs]2024-07-26T01:31:13.514+0800: 5.114: [PhantomReference, 0 refs, 0.0000038 secs]2024-07-26T01:31:13.514+0800: 5.114: [JNI Weak Reference, 0.0000042 secs]
Desired survivor size 10715136 bytes, new threshold 1 (max 1)
- age   1:   20971840 bytes,   20971840 total
: 187673K->20480K(188736K), 0.0094058 secs] 526664K->396338K(1027648K), 0.0094429 secs] [Times: user=0.02 sys=0.00, real=0.01 secs] 
Heap after GC invocations=188 (full 16):
 par new generation   total 188736K, used 20480K [0x00000000c0000000, 0x00000000cccc0000, 0x00000000cccc0000)
  eden space 167808K,   0% used [0x00000000c0000000, 0x00000000c0000000, 0x00000000ca3e0000)
  from space 20928K,  97% used [0x00000000ca3e0000, 0x00000000cb7e0140, 0x00000000cb850000)
  to   space 20928K,   0% used [0x00000000cb850000, 0x00000000cb850000, 0x00000000cccc0000)
 concurrent mark-sweep generation total 838912K, used 375858K [0x00000000cccc0000, 0x0000000100000000, 0x0000000100000000)
 Metaspace       used 3934K, capacity 4536K, committed 4864K, reserved 1056768K
  class space    used 425K, capacity 428K, committed 512K, reserved 1048576K
}
2024-07-26T01:31:13.515+0800: 5.114: Total time for which application threads were stopped: 0.0095822 seconds, Stopping threads took: 0.0000198 seconds
{Heap before GC invocations=188 (full 16):
 par new generation   total 188736K, used 187673K [0x00000000c0000000, 0x00000000cccc0000, 0x00000000cccc0000)
  eden space 167808K,  99% used [0x00000000c0000000, 0x00000000ca346430, 0x00000000ca3e0000)
  from space 20928K,  97% used [0x00000000ca3e0000, 0x00000000cb7e0140, 0x00000000cb850000)
  to   space 20928K,   0% used [0x00000000cb850000, 0x00000000cb850000, 0x00000000cccc0000)
 concurrent mark-sweep generation total 838912K, used 375858K [0x00000000cccc0000, 0x0000000100000000, 0x0000000100000000)
 Metaspace       used 3934K, capacity 4536K, committed 4864K, reserved 1056768K
  class space    used 425K, capacity 428K, committed 512K, reserved 1048576K
2024-07-26T01:31:13.528+0800: 5.127: [GC (Allocation Failure) 2024-07-26T01:31:13.528+0800: 5.127: [ParNew2024-07-26T01:31:13.531+0800: 5.131: [SoftReference, 0 refs, 0.0000541 secs]2024-07-26T01:31:13.531+0800: 5.131: [WeakReference, 0 refs, 0.0000077 secs]2024-07-26T01:31:13.531+0800: 5.131: [FinalReference, 0 refs, 0.0000115 secs]2024-07-26T01:31:13.531+0800: 5.131: [PhantomReference, 0 refs, 0.0000110 secs]2024-07-26T01:31:13.531+0800: 5.131: [JNI Weak Reference, 0.0000067 secs]
Desired survivor size 10715136 bytes, new threshold 1 (max 1)
- age   1:   17826064 bytes,   17826064 total
: 187673K->17408K(188736K), 0.0034661 secs] 563531K->393266K(1027648K), 0.0035051 secs] [Times: user=0.00 sys=0.00, real=0.00 secs] 
Heap after GC invocations=189 (full 16):
 par new generation   total 188736K, used 17408K [0x00000000c0000000, 0x00000000cccc0000, 0x00000000cccc0000)
  eden space 167808K,   0% used [0x00000000c0000000, 0x00000000c0000000, 0x00000000ca3e0000)
  from space 20928K,  83% used [0x00000000cb850000, 0x00000000cc950110, 0x00000000cccc0000)
  to   space 20928K,   0% used [0x00000000ca3e0000, 0x00000000ca3e0000, 0x00000000cb850000)
 concurrent mark-sweep generation total 838912K, used 375858K [0x00000000cccc0000, 0x0000000100000000, 0x0000000100000000)
 Metaspace       used 3934K, capacity 4536K, committed 4864K, reserved 1056768K
  class space    used 425K, capacity 428K, committed 512K, reserved 1048576K
}
2024-07-26T01:31:13.531+0800: 5.131: Total time for which application threads were stopped: 0.0036294 seconds, Stopping threads took: 0.0000200 seconds
{Heap before GC invocations=189 (full 16):
 par new generation   total 188736K, used 184601K [0x00000000c0000000, 0x00000000cccc0000, 0x00000000cccc0000)
  eden space 167808K,  99% used [0x00000000c0000000, 0x00000000ca346438, 0x00000000ca3e0000)
  from space 20928K,  83% used [0x00000000cb850000, 0x00000000cc950110, 0x00000000cccc0000)
  to   space 20928K,   0% used [0x00000000ca3e0000, 0x00000000ca3e0000, 0x00000000cb850000)
 concurrent mark-sweep generation total 838912K, used 375858K [0x00000000cccc0000, 0x0000000100000000, 0x0000000100000000)
 Metaspace       used 3934K, capacity 4536K, committed 4864K, reserved 1056768K
  class space    used 425K, capacity 428K, committed 512K, reserved 1048576K
2024-07-26T01:31:13.545+0800: 5.145: [GC (Allocation Failure) 2024-07-26T01:31:13.545+0800: 5.145: [ParNew2024-07-26T01:31:13.557+0800: 5.156: [SoftReference, 0 refs, 0.0000303 secs]2024-07-26T01:31:13.557+0800: 5.156: [WeakReference, 0 refs, 0.0000046 secs]2024-07-26T01:31:13.557+0800: 5.156: [FinalReference, 0 refs, 0.0000040 secs]2024-07-26T01:31:13.557+0800: 5.156: [PhantomReference, 0 refs, 0.0000126 secs]2024-07-26T01:31:13.557+0800: 5.156: [JNI Weak Reference, 0.0000044 secs]
Desired survivor size 10715136 bytes, new threshold 1 (max 1)
- age   1:   20971840 bytes,   20971840 total
: 184601K->20480K(188736K), 0.0116661 secs] 560459K->456755K(1027648K), 0.0117096 secs] [Times: user=0.00 sys=0.00, real=0.01 secs] 
Heap after GC invocations=190 (full 16):
 par new generation   total 188736K, used 20480K [0x00000000c0000000, 0x00000000cccc0000, 0x00000000cccc0000)
  eden space 167808K,   0% used [0x00000000c0000000, 0x00000000c0000000, 0x00000000ca3e0000)
  from space 20928K,  97% used [0x00000000ca3e0000, 0x00000000cb7e0140, 0x00000000cb850000)
  to   space 20928K,   0% used [0x00000000cb850000, 0x00000000cb850000, 0x00000000cccc0000)
 concurrent mark-sweep generation total 838912K, used 436275K [0x00000000cccc0000, 0x0000000100000000, 0x0000000100000000)
 Metaspace       used 3934K, capacity 4536K, committed 4864K, reserved 1056768K
  class space    used 425K, capacity 428K, committed 512K, reserved 1048576K
}
2024-07-26T01:31:13.557+0800: 5.157: Total time for which application threads were stopped: 0.0118333 seconds, Stopping threads took: 0.0000228 seconds
{Heap before GC invocations=190 (full 16):
 par new generation   total 188736K, used 187673K [0x00000000c0000000, 0x00000000cccc0000, 0x00000000cccc0000)
  eden space 167808K,  99% used [0x00000000c0000000, 0x00000000ca346438, 0x00000000ca3e0000)
  from space 20928K,  97% used [0x00000000ca3e0000, 0x00000000cb7e0140, 0x00000000cb850000)
  to   space 20928K,   0% used [0x00000000cb850000, 0x00000000cb850000, 0x00000000cccc0000)
 concurrent mark-sweep generation total 838912K, used 436275K [0x00000000cccc0000, 0x0000000100000000, 0x0000000100000000)
 Metaspace       used 3934K, capacity 4536K, committed 4864K, reserved 1056768K
  class space    used 425K, capacity 428K, committed 512K, reserved 1048576K
2024-07-26T01:31:13.571+0800: 5.171: [GC (Allocation Failure) 2024-07-26T01:31:13.571+0800: 5.171: [ParNew2024-07-26T01:31:13.579+0800: 5.179: [SoftReference, 0 refs, 0.0000293 secs]2024-07-26T01:31:13.579+0800: 5.179: [WeakReference, 0 refs, 0.0000043 secs]2024-07-26T01:31:13.579+0800: 5.179: [FinalReference, 0 refs, 0.0000039 secs]2024-07-26T01:31:13.579+0800: 5.179: [PhantomReference, 0 refs, 0.0000035 secs]2024-07-26T01:31:13.579+0800: 5.179: [JNI Weak Reference, 0.0000047 secs]
Desired survivor size 10715136 bytes, new threshold 1 (max 1)
- age   1:   20971840 bytes,   20971840 total
: 187673K->20480K(188736K), 0.0080901 secs] 623948K->477235K(1027648K), 0.0081307 secs] [Times: user=0.03 sys=0.00, real=0.01 secs] 
Heap after GC invocations=191 (full 16):
 par new generation   total 188736K, used 20480K [0x00000000c0000000, 0x00000000cccc0000, 0x00000000cccc0000)
  eden space 167808K,   0% used [0x00000000c0000000, 0x00000000c0000000, 0x00000000ca3e0000)
  from space 20928K,  97% used [0x00000000cb850000, 0x00000000ccc50140, 0x00000000cccc0000)
  to   space 20928K,   0% used [0x00000000ca3e0000, 0x00000000ca3e0000, 0x00000000cb850000)
 concurrent mark-sweep generation total 838912K, used 456755K [0x00000000cccc0000, 0x0000000100000000, 0x0000000100000000)
 Metaspace       used 3934K, capacity 4536K, committed 4864K, reserved 1056768K
  class space    used 425K, capacity 428K, committed 512K, reserved 1048576K
}
2024-07-26T01:31:13.579+0800: 5.179: Total time for which application threads were stopped: 0.0082430 seconds, Stopping threads took: 0.0000213 seconds
{Heap before GC invocations=191 (full 16):
 par new generation   total 188736K, used 187673K [0x00000000c0000000, 0x00000000cccc0000, 0x00000000cccc0000)
  eden space 167808K,  99% used [0x00000000c0000000, 0x00000000ca346440, 0x00000000ca3e0000)
  from space 20928K,  97% used [0x00000000cb850000, 0x00000000ccc50140, 0x00000000cccc0000)
  to   space 20928K,   0% used [0x00000000ca3e0000, 0x00000000ca3e0000, 0x00000000cb850000)
 concurrent mark-sweep generation total 838912K, used 456755K [0x00000000cccc0000, 0x0000000100000000, 0x0000000100000000)
 Metaspace       used 3934K, capacity 4536K, committed 4864K, reserved 1056768K
  class space    used 425K, capacity 428K, committed 512K, reserved 1048576K
2024-07-26T01:31:13.594+0800: 5.193: [GC (Allocation Failure) 2024-07-26T01:31:13.594+0800: 5.193: [ParNew2024-07-26T01:31:13.596+0800: 5.195: [SoftReference, 0 refs, 0.0000195 secs]2024-07-26T01:31:13.596+0800: 5.195: [WeakReference, 0 refs, 0.0000041 secs]2024-07-26T01:31:13.596+0800: 5.195: [FinalReference, 0 refs, 0.0000037 secs]2024-07-26T01:31:13.596+0800: 5.195: [PhantomReference, 0 refs, 0.0000035 secs]2024-07-26T01:31:13.596+0800: 5.195: [JNI Weak Reference, 0.0000037 secs]
Desired survivor size 10715136 bytes, new threshold 1 (max 1)
- age   1:    1048592 bytes,    1048592 total
: 187673K->1024K(188736K), 0.0018960 secs] 644428K->457779K(1027648K), 0.0019721 secs] [Times: user=0.00 sys=0.00, real=0.00 secs] 
Heap after GC invocations=192 (full 16):
 par new generation   total 188736K, used 1024K [0x00000000c0000000, 0x00000000cccc0000, 0x00000000cccc0000)
  eden space 167808K,   0% used [0x00000000c0000000, 0x00000000c0000000, 0x00000000ca3e0000)
  from space 20928K,   4% used [0x00000000ca3e0000, 0x00000000ca4e0010, 0x00000000cb850000)
  to   space 20928K,   0% used [0x00000000cb850000, 0x00000000cb850000, 0x00000000cccc0000)
 concurrent mark-sweep generation total 838912K, used 456755K [0x00000000cccc0000, 0x0000000100000000, 0x0000000100000000)
 Metaspace       used 3934K, capacity 4536K, committed 4864K, reserved 1056768K
  class space    used 425K, capacity 428K, committed 512K, reserved 1048576K
}
2024-07-26T01:31:13.596+0800: 5.195: Total time for which application threads were stopped: 0.0020745 seconds, Stopping threads took: 0.0000223 seconds
{Heap before GC invocations=192 (full 16):
 par new generation   total 188736K, used 168217K [0x00000000c0000000, 0x00000000cccc0000, 0x00000000cccc0000)
  eden space 167808K,  99% used [0x00000000c0000000, 0x00000000ca346440, 0x00000000ca3e0000)
  from space 20928K,   4% used [0x00000000ca3e0000, 0x00000000ca4e0010, 0x00000000cb850000)
  to   space 20928K,   0% used [0x00000000cb850000, 0x00000000cb850000, 0x00000000cccc0000)
 concurrent mark-sweep generation total 838912K, used 456755K [0x00000000cccc0000, 0x0000000100000000, 0x0000000100000000)
 Metaspace       used 3934K, capacity 4536K, committed 4864K, reserved 1056768K
  class space    used 425K, capacity 428K, committed 512K, reserved 1048576K
2024-07-26T01:31:13.610+0800: 5.209: [GC (Allocation Failure) 2024-07-26T01:31:13.610+0800: 5.209: [ParNew2024-07-26T01:31:13.620+0800: 5.220: [SoftReference, 0 refs, 0.0000368 secs]2024-07-26T01:31:13.620+0800: 5.220: [WeakReference, 0 refs, 0.0000042 secs]2024-07-26T01:31:13.620+0800: 5.220: [FinalReference, 0 refs, 0.0000038 secs]2024-07-26T01:31:13.620+0800: 5.220: [PhantomReference, 0 refs, 0.0000035 secs]2024-07-26T01:31:13.620+0800: 5.220: [JNI Weak Reference, 0.0000042 secs]
Desired survivor size 10715136 bytes, new threshold 1 (max 1)
- age   1:   20971840 bytes,   20971840 total
: 168217K->20480K(188736K), 0.0105597 secs] 624972K->521270K(1027648K), 0.0106646 secs] [Times: user=0.00 sys=0.00, real=0.01 secs] 
Heap after GC invocations=193 (full 16):
 par new generation   total 188736K, used 20480K [0x00000000c0000000, 0x00000000cccc0000, 0x00000000cccc0000)
  eden space 167808K,   0% used [0x00000000c0000000, 0x00000000c0000000, 0x00000000ca3e0000)
  from space 20928K,  97% used [0x00000000cb850000, 0x00000000ccc50140, 0x00000000cccc0000)
  to   space 20928K,   0% used [0x00000000ca3e0000, 0x00000000ca3e0000, 0x00000000cb850000)
 concurrent mark-sweep generation total 838912K, used 500790K [0x00000000cccc0000, 0x0000000100000000, 0x0000000100000000)
 Metaspace       used 3934K, capacity 4536K, committed 4864K, reserved 1056768K
  class space    used 425K, capacity 428K, committed 512K, reserved 1048576K
}
2024-07-26T01:31:13.621+0800: 5.220: Total time for which application threads were stopped: 0.0107882 seconds, Stopping threads took: 0.0000217 seconds
{Heap before GC invocations=193 (full 16):
 par new generation   total 188736K, used 187673K [0x00000000c0000000, 0x00000000cccc0000, 0x00000000cccc0000)
  eden space 167808K,  99% used [0x00000000c0000000, 0x00000000ca346440, 0x00000000ca3e0000)
  from space 20928K,  97% used [0x00000000cb850000, 0x00000000ccc50140, 0x00000000cccc0000)
  to   space 20928K,   0% used [0x00000000ca3e0000, 0x00000000ca3e0000, 0x00000000cb850000)
 concurrent mark-sweep generation total 838912K, used 500790K [0x00000000cccc0000, 0x0000000100000000, 0x0000000100000000)
 Metaspace       used 3934K, capacity 4536K, committed 4864K, reserved 1056768K
  class space    used 425K, capacity 428K, committed 512K, reserved 1048576K
2024-07-26T01:31:13.635+0800: 5.234: [GC (Allocation Failure) 2024-07-26T01:31:13.635+0800: 5.234: [ParNew2024-07-26T01:31:13.640+0800: 5.239: [SoftReference, 0 refs, 0.0000581 secs]2024-07-26T01:31:13.640+0800: 5.239: [WeakReference, 0 refs, 0.0000087 secs]2024-07-26T01:31:13.640+0800: 5.239: [FinalReference, 0 refs, 0.0000077 secs]2024-07-26T01:31:13.640+0800: 5.239: [PhantomReference, 0 refs, 0.0000072 secs]2024-07-26T01:31:13.640+0800: 5.239: [JNI Weak Reference, 0.0000070 secs]
Desired survivor size 10715136 bytes, new threshold 1 (max 1)
- age   1:   20971840 bytes,   20971840 total
: 187673K->20480K(188736K), 0.0048368 secs] 688463K->525366K(1027648K), 0.0048813 secs] [Times: user=0.02 sys=0.00, real=0.01 secs] 
Heap after GC invocations=194 (full 16):
 par new generation   total 188736K, used 20480K [0x00000000c0000000, 0x00000000cccc0000, 0x00000000cccc0000)
  eden space 167808K,   0% used [0x00000000c0000000, 0x00000000c0000000, 0x00000000ca3e0000)
  from space 20928K,  97% used [0x00000000ca3e0000, 0x00000000cb7e0140, 0x00000000cb850000)
  to   space 20928K,   0% used [0x00000000cb850000, 0x00000000cb850000, 0x00000000cccc0000)
 concurrent mark-sweep generation total 838912K, used 504886K [0x00000000cccc0000, 0x0000000100000000, 0x0000000100000000)
 Metaspace       used 3934K, capacity 4536K, committed 4864K, reserved 1056768K
  class space    used 425K, capacity 428K, committed 512K, reserved 1048576K
}
2024-07-26T01:31:13.640+0800: 5.239: Total time for which application threads were stopped: 0.0050261 seconds, Stopping threads took: 0.0000242 seconds
{Heap before GC invocations=194 (full 16):
 par new generation   total 188736K, used 187673K [0x00000000c0000000, 0x00000000cccc0000, 0x00000000cccc0000)
  eden space 167808K,  99% used [0x00000000c0000000, 0x00000000ca346440, 0x00000000ca3e0000)
  from space 20928K,  97% used [0x00000000ca3e0000, 0x00000000cb7e0140, 0x00000000cb850000)
  to   space 20928K,   0% used [0x00000000cb850000, 0x00000000cb850000, 0x00000000cccc0000)
 concurrent mark-sweep generation total 838912K, used 504886K [0x00000000cccc0000, 0x0000000100000000, 0x0000000100000000)
 Metaspace       used 3934K, capacity 4536K, committed 4864K, reserved 1056768K
  class space    used 425K, capacity 428K, committed 512K, reserved 1048576K
2024-07-26T01:31:13.655+0800: 5.255: [GC (Allocation Failure) 2024-07-26T01:31:13.655+0800: 5.255: [ParNew2024-07-26T01:31:13.670+0800: 5.270: [SoftReference, 0 refs, 0.0000939 secs]2024-07-26T01:31:13.670+0800: 5.270: [WeakReference, 0 refs, 0.0000092 secs]2024-07-26T01:31:13.670+0800: 5.270: [FinalReference, 0 refs, 0.0000083 secs]2024-07-26T01:31:13.670+0800: 5.270: [PhantomReference, 0 refs, 0.0000072 secs]2024-07-26T01:31:13.670+0800: 5.270: [JNI Weak Reference, 0.0000088 secs]
Desired survivor size 10715136 bytes, new threshold 1 (max 1)
- age   1:   20971840 bytes,   20971840 total
: 187673K->20480K(188736K), 0.0151345 secs] 692559K->592953K(1027648K), 0.0151964 secs] [Times: user=0.00 sys=0.00, real=0.02 secs] 
Heap after GC invocations=195 (full 16):
 par new generation   total 188736K, used 20480K [0x00000000c0000000, 0x00000000cccc0000, 0x00000000cccc0000)
  eden space 167808K,   0% used [0x00000000c0000000, 0x00000000c0000000, 0x00000000ca3e0000)
  from space 20928K,  97% used [0x00000000cb850000, 0x00000000ccc50140, 0x00000000cccc0000)
  to   space 20928K,   0% used [0x00000000ca3e0000, 0x00000000ca3e0000, 0x00000000cb850000)
 concurrent mark-sweep generation total 838912K, used 572473K [0x00000000cccc0000, 0x0000000100000000, 0x0000000100000000)
 Metaspace       used 3934K, capacity 4536K, committed 4864K, reserved 1056768K
  class space    used 425K, capacity 428K, committed 512K, reserved 1048576K
}
2024-07-26T01:31:13.670+0800: 5.270: Total time for which application threads were stopped: 0.0153725 seconds, Stopping threads took: 0.0000355 seconds
{Heap before GC invocations=195 (full 16):
 par new generation   total 188736K, used 187673K [0x00000000c0000000, 0x00000000cccc0000, 0x00000000cccc0000)
  eden space 167808K,  99% used [0x00000000c0000000, 0x00000000ca346440, 0x00000000ca3e0000)
  from space 20928K,  97% used [0x00000000cb850000, 0x00000000ccc50140, 0x00000000cccc0000)
  to   space 20928K,   0% used [0x00000000ca3e0000, 0x00000000ca3e0000, 0x00000000cb850000)
 concurrent mark-sweep generation total 838912K, used 572473K [0x00000000cccc0000, 0x0000000100000000, 0x0000000100000000)
 Metaspace       used 3934K, capacity 4536K, committed 4864K, reserved 1056768K
  class space    used 425K, capacity 428K, committed 512K, reserved 1048576K
2024-07-26T01:31:13.684+0800: 5.284: [GC (Allocation Failure) 2024-07-26T01:31:13.684+0800: 5.284: [ParNew2024-07-26T01:31:13.693+0800: 5.292: [SoftReference, 0 refs, 0.0000296 secs]2024-07-26T01:31:13.693+0800: 5.292: [WeakReference, 0 refs, 0.0000045 secs]2024-07-26T01:31:13.693+0800: 5.292: [FinalReference, 0 refs, 0.0000039 secs]2024-07-26T01:31:13.693+0800: 5.292: [PhantomReference, 0 refs, 0.0000038 secs]2024-07-26T01:31:13.693+0800: 5.292: [JNI Weak Reference, 0.0000047 secs]
Desired survivor size 10715136 bytes, new threshold 1 (max 1)
- age   1:   20971840 bytes,   20971840 total
: 187673K->20480K(188736K), 0.0078335 secs] 760146K->620604K(1027648K), 0.0078756 secs] [Times: user=0.00 sys=0.00, real=0.01 secs] 
Heap after GC invocations=196 (full 16):
 par new generation   total 188736K, used 20480K [0x00000000c0000000, 0x00000000cccc0000, 0x00000000cccc0000)
  eden space 167808K,   0% used [0x00000000c0000000, 0x00000000c0000000, 0x00000000ca3e0000)
  from space 20928K,  97% used [0x00000000ca3e0000, 0x00000000cb7e0140, 0x00000000cb850000)
  to   space 20928K,   0% used [0x00000000cb850000, 0x00000000cb850000, 0x00000000cccc0000)
 concurrent mark-sweep generation total 838912K, used 600123K [0x00000000cccc0000, 0x0000000100000000, 0x0000000100000000)
 Metaspace       used 3934K, capacity 4536K, committed 4864K, reserved 1056768K
  class space    used 425K, capacity 428K, committed 512K, reserved 1048576K
}
2024-07-26T01:31:13.693+0800: 5.292: Total time for which application threads were stopped: 0.0079954 seconds, Stopping threads took: 0.0000230 seconds
{Heap before GC invocations=196 (full 16):
 par new generation   total 188736K, used 187673K [0x00000000c0000000, 0x00000000cccc0000, 0x00000000cccc0000)
  eden space 167808K,  99% used [0x00000000c0000000, 0x00000000ca346440, 0x00000000ca3e0000)
  from space 20928K,  97% used [0x00000000ca3e0000, 0x00000000cb7e0140, 0x00000000cb850000)
  to   space 20928K,   0% used [0x00000000cb850000, 0x00000000cb850000, 0x00000000cccc0000)
 concurrent mark-sweep generation total 838912K, used 600123K [0x00000000cccc0000, 0x0000000100000000, 0x0000000100000000)
 Metaspace       used 3934K, capacity 4536K, committed 4864K, reserved 1056768K
  class space    used 425K, capacity 428K, committed 512K, reserved 1048576K
2024-07-26T01:31:13.706+0800: 5.306: [GC (Allocation Failure) 2024-07-26T01:31:13.706+0800: 5.306: [ParNew2024-07-26T01:31:13.710+0800: 5.309: [SoftReference, 0 refs, 0.0000491 secs]2024-07-26T01:31:13.710+0800: 5.309: [WeakReference, 0 refs, 0.0000048 secs]2024-07-26T01:31:13.710+0800: 5.309: [FinalReference, 0 refs, 0.0000043 secs]2024-07-26T01:31:13.710+0800: 5.309: [PhantomReference, 0 refs, 0.0000042 secs]2024-07-26T01:31:13.710+0800: 5.309: [JNI Weak Reference, 0.0000046 secs]
Desired survivor size 10715136 bytes, new threshold 1 (max 1)
- age   1:    8388736 bytes,    8388736 total
: 187673K->8192K(188736K), 0.0032459 secs] 787797K->608315K(1027648K), 0.0032949 secs] [Times: user=0.00 sys=0.00, real=0.00 secs] 
Heap after GC invocations=197 (full 16):
 par new generation   total 188736K, used 8192K [0x00000000c0000000, 0x00000000cccc0000, 0x00000000cccc0000)
  eden space 167808K,   0% used [0x00000000c0000000, 0x00000000c0000000, 0x00000000ca3e0000)
  from space 20928K,  39% used [0x00000000cb850000, 0x00000000cc050080, 0x00000000cccc0000)
  to   space 20928K,   0% used [0x00000000ca3e0000, 0x00000000ca3e0000, 0x00000000cb850000)
 concurrent mark-sweep generation total 838912K, used 600123K [0x00000000cccc0000, 0x0000000100000000, 0x0000000100000000)
 Metaspace       used 3934K, capacity 4536K, committed 4864K, reserved 1056768K
  class space    used 425K, capacity 428K, committed 512K, reserved 1048576K
}
2024-07-26T01:31:13.710+0800: 5.309: Total time for which application threads were stopped: 0.0034300 seconds, Stopping threads took: 0.0000363 seconds
{Heap before GC invocations=197 (full 16):
 par new generation   total 188736K, used 175385K [0x00000000c0000000, 0x00000000cccc0000, 0x00000000cccc0000)
  eden space 167808K,  99% used [0x00000000c0000000, 0x00000000ca346440, 0x00000000ca3e0000)
  from space 20928K,  39% used [0x00000000cb850000, 0x00000000cc050080, 0x00000000cccc0000)
  to   space 20928K,   0% used [0x00000000ca3e0000, 0x00000000ca3e0000, 0x00000000cb850000)
 concurrent mark-sweep generation total 838912K, used 600123K [0x00000000cccc0000, 0x0000000100000000, 0x0000000100000000)
 Metaspace       used 3934K, capacity 4536K, committed 4864K, reserved 1056768K
  class space    used 425K, capacity 428K, committed 512K, reserved 1048576K
2024-07-26T01:31:13.725+0800: 5.325: [GC (Allocation Failure) 2024-07-26T01:31:13.725+0800: 5.325: [ParNew2024-07-26T01:31:13.742+0800: 5.341: [SoftReference, 0 refs, 0.0000349 secs]2024-07-26T01:31:13.742+0800: 5.341: [WeakReference, 0 refs, 0.0000040 secs]2024-07-26T01:31:13.742+0800: 5.341: [FinalReference, 0 refs, 0.0000037 secs]2024-07-26T01:31:13.742+0800: 5.341: [PhantomReference, 0 refs, 0.0000034 secs]2024-07-26T01:31:13.742+0800: 5.341: [JNI Weak Reference, 0.0000042 secs]
Desired survivor size 10715136 bytes, new threshold 1 (max 1)
- age   1:   20971840 bytes,   20971840 total
: 175385K->20480K(188736K), 0.0161677 secs] 775508K->671804K(1027648K), 0.0162173 secs] [Times: user=0.06 sys=0.00, real=0.02 secs] 
Heap after GC invocations=198 (full 16):
 par new generation   total 188736K, used 20480K [0x00000000c0000000, 0x00000000cccc0000, 0x00000000cccc0000)
  eden space 167808K,   0% used [0x00000000c0000000, 0x00000000c0000000, 0x00000000ca3e0000)
  from space 20928K,  97% used [0x00000000ca3e0000, 0x00000000cb7e0140, 0x00000000cb850000)
  to   space 20928K,   0% used [0x00000000cb850000, 0x00000000cb850000, 0x00000000cccc0000)
 concurrent mark-sweep generation total 838912K, used 651324K [0x00000000cccc0000, 0x0000000100000000, 0x0000000100000000)
 Metaspace       used 3934K, capacity 4536K, committed 4864K, reserved 1056768K
  class space    used 425K, capacity 428K, committed 512K, reserved 1048576K
}
2024-07-26T01:31:13.742+0800: 5.341: Total time for which application threads were stopped: 0.0163361 seconds, Stopping threads took: 0.0000253 seconds
{Heap before GC invocations=198 (full 16):
 par new generation   total 188736K, used 187673K [0x00000000c0000000, 0x00000000cccc0000, 0x00000000cccc0000)
  eden space 167808K,  99% used [0x00000000c0000000, 0x00000000ca346440, 0x00000000ca3e0000)
  from space 20928K,  97% used [0x00000000ca3e0000, 0x00000000cb7e0140, 0x00000000cb850000)
  to   space 20928K,   0% used [0x00000000cb850000, 0x00000000cb850000, 0x00000000cccc0000)
 concurrent mark-sweep generation total 838912K, used 651324K [0x00000000cccc0000, 0x0000000100000000, 0x0000000100000000)
 Metaspace       used 3934K, capacity 4536K, committed 4864K, reserved 1056768K
  class space    used 425K, capacity 428K, committed 512K, reserved 1048576K
2024-07-26T01:31:13.756+0800: 5.356: [GC (Allocation Failure) 2024-07-26T01:31:13.756+0800: 5.356: [ParNew2024-07-26T01:31:13.762+0800: 5.361: [SoftReference, 0 refs, 0.0000523 secs]2024-07-26T01:31:13.762+0800: 5.361: [WeakReference, 0 refs, 0.0000046 secs]2024-07-26T01:31:13.762+0800: 5.361: [FinalReference, 0 refs, 0.0000166 secs]2024-07-26T01:31:13.762+0800: 5.361: [PhantomReference, 0 refs, 0.0000075 secs]2024-07-26T01:31:13.762+0800: 5.361: [JNI Weak Reference, 0.0000068 secs]
Desired survivor size 10715136 bytes, new threshold 1 (max 1)
- age   1:   20971840 bytes,   20971840 total
: 187673K->20480K(188736K), 0.0057389 secs] 838997K->683069K(1027648K), 0.0057953 secs] [Times: user=0.00 sys=0.00, real=0.01 secs] 
Heap after GC invocations=199 (full 16):
 par new generation   total 188736K, used 20480K [0x00000000c0000000, 0x00000000cccc0000, 0x00000000cccc0000)
  eden space 167808K,   0% used [0x00000000c0000000, 0x00000000c0000000, 0x00000000ca3e0000)
  from space 20928K,  97% used [0x00000000cb850000, 0x00000000ccc50140, 0x00000000cccc0000)
  to   space 20928K,   0% used [0x00000000ca3e0000, 0x00000000ca3e0000, 0x00000000cb850000)
 concurrent mark-sweep generation total 838912K, used 662588K [0x00000000cccc0000, 0x0000000100000000, 0x0000000100000000)
 Metaspace       used 3934K, capacity 4536K, committed 4864K, reserved 1056768K
  class space    used 425K, capacity 428K, committed 512K, reserved 1048576K
}
2024-07-26T01:31:13.762+0800: 5.361: Total time for which application threads were stopped: 0.0059052 seconds, Stopping threads took: 0.0000191 seconds
{Heap before GC invocations=199 (full 16):
 par new generation   total 188736K, used 187673K [0x00000000c0000000, 0x00000000cccc0000, 0x00000000cccc0000)
  eden space 167808K,  99% used [0x00000000c0000000, 0x00000000ca346440, 0x00000000ca3e0000)
  from space 20928K,  97% used [0x00000000cb850000, 0x00000000ccc50140, 0x00000000cccc0000)
  to   space 20928K,   0% used [0x00000000ca3e0000, 0x00000000ca3e0000, 0x00000000cb850000)
 concurrent mark-sweep generation total 838912K, used 662588K [0x00000000cccc0000, 0x0000000100000000, 0x0000000100000000)
 Metaspace       used 3934K, capacity 4536K, committed 4864K, reserved 1056768K
  class space    used 425K, capacity 428K, committed 512K, reserved 1048576K
2024-07-26T01:31:13.775+0800: 5.375: [GC (Allocation Failure) 2024-07-26T01:31:13.775+0800: 5.375: [ParNew2024-07-26T01:31:13.790+0800: 5.390: [SoftReference, 0 refs, 0.0000326 secs]2024-07-26T01:31:13.790+0800: 5.390: [WeakReference, 0 refs, 0.0000042 secs]2024-07-26T01:31:13.790+0800: 5.390: [FinalReference, 0 refs, 0.0000037 secs]2024-07-26T01:31:13.790+0800: 5.390: [PhantomReference, 0 refs, 0.0000037 secs]2024-07-26T01:31:13.790+0800: 5.390: [JNI Weak Reference, 0.0000042 secs]
Desired survivor size 10715136 bytes, new threshold 1 (max 1)
- age   1:   20971840 bytes,   20971840 total
: 187673K->20480K(188736K), 0.0148668 secs] 850262K->757822K(1027648K), 0.0149129 secs] [Times: user=0.05 sys=0.00, real=0.01 secs] 
Heap after GC invocations=200 (full 16):
 par new generation   total 188736K, used 20480K [0x00000000c0000000, 0x00000000cccc0000, 0x00000000cccc0000)
  eden space 167808K,   0% used [0x00000000c0000000, 0x00000000c0000000, 0x00000000ca3e0000)
  from space 20928K,  97% used [0x00000000ca3e0000, 0x00000000cb7e0140, 0x00000000cb850000)
  to   space 20928K,   0% used [0x00000000cb850000, 0x00000000cb850000, 0x00000000cccc0000)
 concurrent mark-sweep generation total 838912K, used 737341K [0x00000000cccc0000, 0x0000000100000000, 0x0000000100000000)
 Metaspace       used 3934K, capacity 4536K, committed 4864K, reserved 1056768K
  class space    used 425K, capacity 428K, committed 512K, reserved 1048576K
}
2024-07-26T01:31:13.790+0800: 5.390: Total time for which application threads were stopped: 0.0150210 seconds, Stopping threads took: 0.0000228 seconds
{Heap before GC invocations=200 (full 16):
 par new generation   total 188736K, used 187673K [0x00000000c0000000, 0x00000000cccc0000, 0x00000000cccc0000)
  eden space 167808K,  99% used [0x00000000c0000000, 0x00000000ca346440, 0x00000000ca3e0000)
  from space 20928K,  97% used [0x00000000ca3e0000, 0x00000000cb7e0140, 0x00000000cb850000)
  to   space 20928K,   0% used [0x00000000cb850000, 0x00000000cb850000, 0x00000000cccc0000)
 concurrent mark-sweep generation total 838912K, used 737341K [0x00000000cccc0000, 0x0000000100000000, 0x0000000100000000)
 Metaspace       used 3934K, capacity 4536K, committed 4864K, reserved 1056768K
  class space    used 425K, capacity 428K, committed 512K, reserved 1048576K
2024-07-26T01:31:13.805+0800: 5.404: [GC (Allocation Failure) 2024-07-26T01:31:13.805+0800: 5.404: [ParNew: 187673K->187673K(188736K), 0.0000147 secs]2024-07-26T01:31:13.805+0800: 5.404: [CMS2024-07-26T01:31:13.805+0800: 5.405: [CMS-concurrent-abortable-preclean: 0.009/0.312 secs] [Times: user=0.17 sys=0.00, real=0.31 secs] 
 (concurrent mode failure)2024-07-26T01:31:13.805+0800: 5.405: [SoftReference, 0 refs, 0.0000100 secs]2024-07-26T01:31:13.805+0800: 5.405: [WeakReference, 2 refs, 0.0000046 secs]2024-07-26T01:31:13.805+0800: 5.405: [FinalReference, 2 refs, 0.0000040 secs]2024-07-26T01:31:13.805+0800: 5.405: [PhantomReference, 0 refs, 0.0000038 secs]2024-07-26T01:31:13.805+0800: 5.405: [JNI Weak Reference, 0.0000041 secs]: 737341K->56353K(838912K), 0.0108521 secs] 925015K->56353K(1027648K), [Metaspace: 3934K->3934K(1056768K)], 0.0109286 secs] [Times: user=0.00 sys=0.00, real=0.01 secs] 
Heap after GC invocations=201 (full 17):
 par new generation   total 188736K, used 0K [0x00000000c0000000, 0x00000000cccc0000, 0x00000000cccc0000)
  eden space 167808K,   0% used [0x00000000c0000000, 0x00000000c0000000, 0x00000000ca3e0000)
  from space 20928K,   0% used [0x00000000ca3e0000, 0x00000000ca3e0000, 0x00000000cb850000)
  to   space 20928K,   0% used [0x00000000cb850000, 0x00000000cb850000, 0x00000000cccc0000)
 concurrent mark-sweep generation total 838912K, used 56353K [0x00000000cccc0000, 0x0000000100000000, 0x0000000100000000)
 Metaspace       used 3934K, capacity 4536K, committed 4864K, reserved 1056768K
  class space    used 425K, capacity 428K, committed 512K, reserved 1048576K
}
2024-07-26T01:31:13.816+0800: 5.415: Total time for which application threads were stopped: 0.0110603 seconds, Stopping threads took: 0.0000255 seconds
{Heap before GC invocations=201 (full 17):
 par new generation   total 188736K, used 167193K [0x00000000c0000000, 0x00000000cccc0000, 0x00000000cccc0000)
  eden space 167808K,  99% used [0x00000000c0000000, 0x00000000ca346440, 0x00000000ca3e0000)
  from space 20928K,   0% used [0x00000000ca3e0000, 0x00000000ca3e0000, 0x00000000cb850000)
  to   space 20928K,   0% used [0x00000000cb850000, 0x00000000cb850000, 0x00000000cccc0000)
 concurrent mark-sweep generation total 838912K, used 56353K [0x00000000cccc0000, 0x0000000100000000, 0x0000000100000000)
 Metaspace       used 3934K, capacity 4536K, committed 4864K, reserved 1056768K
  class space    used 425K, capacity 428K, committed 512K, reserved 1048576K
2024-07-26T01:31:13.829+0800: 5.429: [GC (Allocation Failure) 2024-07-26T01:31:13.829+0800: 5.429: [ParNew2024-07-26T01:31:13.833+0800: 5.433: [SoftReference, 0 refs, 0.0000329 secs]2024-07-26T01:31:13.833+0800: 5.433: [WeakReference, 0 refs, 0.0000064 secs]2024-07-26T01:31:13.833+0800: 5.433: [FinalReference, 0 refs, 0.0000055 secs]2024-07-26T01:31:13.833+0800: 5.433: [PhantomReference, 0 refs, 0.0000052 secs]2024-07-26T01:31:13.833+0800: 5.433: [JNI Weak Reference, 0.0000057 secs]
Desired survivor size 10715136 bytes, new threshold 1 (max 1)
- age   1:   15728880 bytes,   15728880 total
: 167193K->15360K(188736K), 0.0038625 secs] 223546K->71713K(1027648K), 0.0038991 secs] [Times: user=0.00 sys=0.00, real=0.00 secs] 
Heap after GC invocations=202 (full 17):
 par new generation   total 188736K, used 15360K [0x00000000c0000000, 0x00000000cccc0000, 0x00000000cccc0000)
  eden space 167808K,   0% used [0x00000000c0000000, 0x00000000c0000000, 0x00000000ca3e0000)
  from space 20928K,  73% used [0x00000000cb850000, 0x00000000cc7500f0, 0x00000000cccc0000)
  to   space 20928K,   0% used [0x00000000ca3e0000, 0x00000000ca3e0000, 0x00000000cb850000)
 concurrent mark-sweep generation total 838912K, used 56353K [0x00000000cccc0000, 0x0000000100000000, 0x0000000100000000)
 Metaspace       used 3934K, capacity 4536K, committed 4864K, reserved 1056768K
  class space    used 425K, capacity 428K, committed 512K, reserved 1048576K
}
2024-07-26T01:31:13.833+0800: 5.433: Total time for which application threads were stopped: 0.0040236 seconds, Stopping threads took: 0.0000273 seconds
{Heap before GC invocations=202 (full 17):
 par new generation   total 188736K, used 182553K [0x00000000c0000000, 0x00000000cccc0000, 0x00000000cccc0000)
  eden space 167808K,  99% used [0x00000000c0000000, 0x00000000ca346440, 0x00000000ca3e0000)
  from space 20928K,  73% used [0x00000000cb850000, 0x00000000cc7500f0, 0x00000000cccc0000)
  to   space 20928K,   0% used [0x00000000ca3e0000, 0x00000000ca3e0000, 0x00000000cb850000)
 concurrent mark-sweep generation total 838912K, used 56353K [0x00000000cccc0000, 0x0000000100000000, 0x0000000100000000)
 Metaspace       used 3934K, capacity 4536K, committed 4864K, reserved 1056768K
  class space    used 425K, capacity 428K, committed 512K, reserved 1048576K
2024-07-26T01:31:13.847+0800: 5.447: [GC (Allocation Failure) 2024-07-26T01:31:13.847+0800: 5.447: [ParNew2024-07-26T01:31:13.859+0800: 5.459: [SoftReference, 0 refs, 0.0000450 secs]2024-07-26T01:31:13.859+0800: 5.459: [WeakReference, 0 refs, 0.0000045 secs]2024-07-26T01:31:13.859+0800: 5.459: [FinalReference, 0 refs, 0.0000039 secs]2024-07-26T01:31:13.859+0800: 5.459: [PhantomReference, 0 refs, 0.0000039 secs]2024-07-26T01:31:13.859+0800: 5.459: [JNI Weak Reference, 0.0000073 secs]
Desired survivor size 10715136 bytes, new threshold 1 (max 1)
- age   1:   20971840 bytes,   20971840 total
: 182553K->20480K(188736K), 0.0122270 secs] 238906K->135204K(1027648K), 0.0122649 secs] [Times: user=0.09 sys=0.00, real=0.01 secs] 
Heap after GC invocations=203 (full 17):
 par new generation   total 188736K, used 20480K [0x00000000c0000000, 0x00000000cccc0000, 0x00000000cccc0000)
  eden space 167808K,   0% used [0x00000000c0000000, 0x00000000c0000000, 0x00000000ca3e0000)
  from space 20928K,  97% used [0x00000000ca3e0000, 0x00000000cb7e0140, 0x00000000cb850000)
  to   space 20928K,   0% used [0x00000000cb850000, 0x00000000cb850000, 0x00000000cccc0000)
 concurrent mark-sweep generation total 838912K, used 114723K [0x00000000cccc0000, 0x0000000100000000, 0x0000000100000000)
 Metaspace       used 3934K, capacity 4536K, committed 4864K, reserved 1056768K
  class space    used 425K, capacity 428K, committed 512K, reserved 1048576K
}
2024-07-26T01:31:13.859+0800: 5.459: Total time for which application threads were stopped: 0.0123828 seconds, Stopping threads took: 0.0000259 seconds
{Heap before GC invocations=203 (full 17):
 par new generation   total 188736K, used 187673K [0x00000000c0000000, 0x00000000cccc0000, 0x00000000cccc0000)
  eden space 167808K,  99% used [0x00000000c0000000, 0x00000000ca346440, 0x00000000ca3e0000)
  from space 20928K,  97% used [0x00000000ca3e0000, 0x00000000cb7e0140, 0x00000000cb850000)
  to   space 20928K,   0% used [0x00000000cb850000, 0x00000000cb850000, 0x00000000cccc0000)
 concurrent mark-sweep generation total 838912K, used 114723K [0x00000000cccc0000, 0x0000000100000000, 0x0000000100000000)
 Metaspace       used 3934K, capacity 4536K, committed 4864K, reserved 1056768K
  class space    used 425K, capacity 428K, committed 512K, reserved 1048576K
2024-07-26T01:31:13.874+0800: 5.473: [GC (Allocation Failure) 2024-07-26T01:31:13.874+0800: 5.473: [ParNew2024-07-26T01:31:13.880+0800: 5.480: [SoftReference, 0 refs, 0.0000472 secs]2024-07-26T01:31:13.880+0800: 5.480: [WeakReference, 0 refs, 0.0000046 secs]2024-07-26T01:31:13.880+0800: 5.480: [FinalReference, 0 refs, 0.0000040 secs]2024-07-26T01:31:13.880+0800: 5.480: [PhantomReference, 0 refs, 0.0000039 secs]2024-07-26T01:31:13.880+0800: 5.480: [JNI Weak Reference, 0.0000052 secs]
Desired survivor size 10715136 bytes, new threshold 1 (max 1)
- age   1:   20971840 bytes,   20971840 total
: 187673K->20480K(188736K), 0.0065559 secs] 302397K->153638K(1027648K), 0.0066260 secs] [Times: user=0.00 sys=0.00, real=0.01 secs] 
Heap after GC invocations=204 (full 17):
 par new generation   total 188736K, used 20480K [0x00000000c0000000, 0x00000000cccc0000, 0x00000000cccc0000)
  eden space 167808K,   0% used [0x00000000c0000000, 0x00000000c0000000, 0x00000000ca3e0000)
  from space 20928K,  97% used [0x00000000cb850000, 0x00000000ccc50140, 0x00000000cccc0000)
  to   space 20928K,   0% used [0x00000000ca3e0000, 0x00000000ca3e0000, 0x00000000cb850000)
 concurrent mark-sweep generation total 838912K, used 133158K [0x00000000cccc0000, 0x0000000100000000, 0x0000000100000000)
 Metaspace       used 3934K, capacity 4536K, committed 4864K, reserved 1056768K
  class space    used 425K, capacity 428K, committed 512K, reserved 1048576K
}
2024-07-26T01:31:13.880+0800: 5.480: Total time for which application threads were stopped: 0.0068002 seconds, Stopping threads took: 0.0000524 seconds
{Heap before GC invocations=204 (full 17):
 par new generation   total 188736K, used 187673K [0x00000000c0000000, 0x00000000cccc0000, 0x00000000cccc0000)
  eden space 167808K,  99% used [0x00000000c0000000, 0x00000000ca346440, 0x00000000ca3e0000)
  from space 20928K,  97% used [0x00000000cb850000, 0x00000000ccc50140, 0x00000000cccc0000)
  to   space 20928K,   0% used [0x00000000ca3e0000, 0x00000000ca3e0000, 0x00000000cb850000)
 concurrent mark-sweep generation total 838912K, used 133158K [0x00000000cccc0000, 0x0000000100000000, 0x0000000100000000)
 Metaspace       used 3934K, capacity 4536K, committed 4864K, reserved 1056768K
  class space    used 425K, capacity 428K, committed 512K, reserved 1048576K
2024-07-26T01:31:13.895+0800: 5.495: [GC (Allocation Failure) 2024-07-26T01:31:13.895+0800: 5.495: [ParNew2024-07-26T01:31:13.912+0800: 5.511: [SoftReference, 0 refs, 0.0000322 secs]2024-07-26T01:31:13.912+0800: 5.511: [WeakReference, 0 refs, 0.0000041 secs]2024-07-26T01:31:13.912+0800: 5.511: [FinalReference, 0 refs, 0.0000035 secs]2024-07-26T01:31:13.912+0800: 5.511: [PhantomReference, 0 refs, 0.0000035 secs]2024-07-26T01:31:13.912+0800: 5.511: [JNI Weak Reference, 0.0000042 secs]
Desired survivor size 10715136 bytes, new threshold 1 (max 1)
- age   1:   20971840 bytes,   20971840 total
: 187673K->20480K(188736K), 0.0161921 secs] 320831K->235561K(1027648K), 0.0162327 secs] [Times: user=0.05 sys=0.00, real=0.02 secs] 
Heap after GC invocations=205 (full 17):
 par new generation   total 188736K, used 20480K [0x00000000c0000000, 0x00000000cccc0000, 0x00000000cccc0000)
  eden space 167808K,   0% used [0x00000000c0000000, 0x00000000c0000000, 0x00000000ca3e0000)
  from space 20928K,  97% used [0x00000000ca3e0000, 0x00000000cb7e0140, 0x00000000cb850000)
  to   space 20928K,   0% used [0x00000000cb850000, 0x00000000cb850000, 0x00000000cccc0000)
 concurrent mark-sweep generation total 838912K, used 215081K [0x00000000cccc0000, 0x0000000100000000, 0x0000000100000000)
 Metaspace       used 3934K, capacity 4536K, committed 4864K, reserved 1056768K
  class space    used 425K, capacity 428K, committed 512K, reserved 1048576K
}
2024-07-26T01:31:13.912+0800: 5.511: Total time for which application threads were stopped: 0.0163700 seconds, Stopping threads took: 0.0000252 seconds
{Heap before GC invocations=205 (full 17):
 par new generation   total 188736K, used 187673K [0x00000000c0000000, 0x00000000cccc0000, 0x00000000cccc0000)
  eden space 167808K,  99% used [0x00000000c0000000, 0x00000000ca346440, 0x00000000ca3e0000)
  from space 20928K,  97% used [0x00000000ca3e0000, 0x00000000cb7e0140, 0x00000000cb850000)
  to   space 20928K,   0% used [0x00000000cb850000, 0x00000000cb850000, 0x00000000cccc0000)
 concurrent mark-sweep generation total 838912K, used 215081K [0x00000000cccc0000, 0x0000000100000000, 0x0000000100000000)
 Metaspace       used 3934K, capacity 4536K, committed 4864K, reserved 1056768K
  class space    used 425K, capacity 428K, committed 512K, reserved 1048576K
2024-07-26T01:31:13.925+0800: 5.525: [GC (Allocation Failure) 2024-07-26T01:31:13.925+0800: 5.525: [ParNew2024-07-26T01:31:13.934+0800: 5.533: [SoftReference, 0 refs, 0.0000401 secs]2024-07-26T01:31:13.934+0800: 5.533: [WeakReference, 0 refs, 0.0000041 secs]2024-07-26T01:31:13.934+0800: 5.534: [FinalReference, 0 refs, 0.0000039 secs]2024-07-26T01:31:13.934+0800: 5.534: [PhantomReference, 0 refs, 0.0000034 secs]2024-07-26T01:31:13.934+0800: 5.534: [JNI Weak Reference, 0.0000043 secs]
Desired survivor size 10715136 bytes, new threshold 1 (max 1)
- age   1:   20971840 bytes,   20971840 total
: 187673K->20480K(188736K), 0.0089378 secs] 402754K->277548K(1027648K), 0.0089702 secs] [Times: user=0.00 sys=0.00, real=0.01 secs] 
Heap after GC invocations=206 (full 17):
 par new generation   total 188736K, used 20480K [0x00000000c0000000, 0x00000000cccc0000, 0x00000000cccc0000)
  eden space 167808K,   0% used [0x00000000c0000000, 0x00000000c0000000, 0x00000000ca3e0000)
  from space 20928K,  97% used [0x00000000cb850000, 0x00000000ccc50140, 0x00000000cccc0000)
  to   space 20928K,   0% used [0x00000000ca3e0000, 0x00000000ca3e0000, 0x00000000cb850000)
 concurrent mark-sweep generation total 838912K, used 257068K [0x00000000cccc0000, 0x0000000100000000, 0x0000000100000000)
 Metaspace       used 3934K, capacity 4536K, committed 4864K, reserved 1056768K
  class space    used 425K, capacity 428K, committed 512K, reserved 1048576K
}
2024-07-26T01:31:13.934+0800: 5.534: Total time for which application threads were stopped: 0.0090752 seconds, Stopping threads took: 0.0000172 seconds
{Heap before GC invocations=206 (full 17):
 par new generation   total 188736K, used 187673K [0x00000000c0000000, 0x00000000cccc0000, 0x00000000cccc0000)
  eden space 167808K,  99% used [0x00000000c0000000, 0x00000000ca346440, 0x00000000ca3e0000)
  from space 20928K,  97% used [0x00000000cb850000, 0x00000000ccc50140, 0x00000000cccc0000)
  to   space 20928K,   0% used [0x00000000ca3e0000, 0x00000000ca3e0000, 0x00000000cb850000)
 concurrent mark-sweep generation total 838912K, used 257068K [0x00000000cccc0000, 0x0000000100000000, 0x0000000100000000)
 Metaspace       used 3934K, capacity 4536K, committed 4864K, reserved 1056768K
  class space    used 425K, capacity 428K, committed 512K, reserved 1048576K
2024-07-26T01:31:13.948+0800: 5.548: [GC (Allocation Failure) 2024-07-26T01:31:13.948+0800: 5.548: [ParNew2024-07-26T01:31:13.953+0800: 5.553: [SoftReference, 0 refs, 0.0000538 secs]2024-07-26T01:31:13.953+0800: 5.553: [WeakReference, 0 refs, 0.0000091 secs]2024-07-26T01:31:13.953+0800: 5.553: [FinalReference, 0 refs, 0.0000084 secs]2024-07-26T01:31:13.953+0800: 5.553: [PhantomReference, 0 refs, 0.0000077 secs]2024-07-26T01:31:13.953+0800: 5.553: [JNI Weak Reference, 0.0000071 secs]
Desired survivor size 10715136 bytes, new threshold 1 (max 1)
- age   1:   20971840 bytes,   20971840 total
: 187673K->20480K(188736K), 0.0044900 secs] 444741K->279596K(1027648K), 0.0045324 secs] [Times: user=0.02 sys=0.00, real=0.01 secs] 
Heap after GC invocations=207 (full 17):
 par new generation   total 188736K, used 20480K [0x00000000c0000000, 0x00000000cccc0000, 0x00000000cccc0000)
  eden space 167808K,   0% used [0x00000000c0000000, 0x00000000c0000000, 0x00000000ca3e0000)
  from space 20928K,  97% used [0x00000000ca3e0000, 0x00000000cb7e0140, 0x00000000cb850000)
  to   space 20928K,   0% used [0x00000000cb850000, 0x00000000cb850000, 0x00000000cccc0000)
 concurrent mark-sweep generation total 838912K, used 259116K [0x00000000cccc0000, 0x0000000100000000, 0x0000000100000000)
 Metaspace       used 3934K, capacity 4536K, committed 4864K, reserved 1056768K
  class space    used 425K, capacity 428K, committed 512K, reserved 1048576K
}
2024-07-26T01:31:13.953+0800: 5.553: Total time for which application threads were stopped: 0.0046612 seconds, Stopping threads took: 0.0000226 seconds
{Heap before GC invocations=207 (full 17):
 par new generation   total 188736K, used 187673K [0x00000000c0000000, 0x00000000cccc0000, 0x00000000cccc0000)
  eden space 167808K,  99% used [0x00000000c0000000, 0x00000000ca346440, 0x00000000ca3e0000)
  from space 20928K,  97% used [0x00000000ca3e0000, 0x00000000cb7e0140, 0x00000000cb850000)
  to   space 20928K,   0% used [0x00000000cb850000, 0x00000000cb850000, 0x00000000cccc0000)
 concurrent mark-sweep generation total 838912K, used 259116K [0x00000000cccc0000, 0x0000000100000000, 0x0000000100000000)
 Metaspace       used 3934K, capacity 4536K, committed 4864K, reserved 1056768K
  class space    used 425K, capacity 428K, committed 512K, reserved 1048576K
2024-07-26T01:31:13.968+0800: 5.568: [GC (Allocation Failure) 2024-07-26T01:31:13.968+0800: 5.568: [ParNew2024-07-26T01:31:13.982+0800: 5.581: [SoftReference, 0 refs, 0.0000446 secs]2024-07-26T01:31:13.982+0800: 5.581: [WeakReference, 0 refs, 0.0000044 secs]2024-07-26T01:31:13.982+0800: 5.581: [FinalReference, 0 refs, 0.0000042 secs]2024-07-26T01:31:13.982+0800: 5.581: [PhantomReference, 0 refs, 0.0000036 secs]2024-07-26T01:31:13.982+0800: 5.581: [JNI Weak Reference, 0.0000043 secs]
Desired survivor size 10715136 bytes, new threshold 1 (max 1)
- age   1:   20971840 bytes,   20971840 total
: 187673K->20480K(188736K), 0.0132468 secs] 446789K->345133K(1027648K), 0.0132893 secs] [Times: user=0.01 sys=0.00, real=0.01 secs] 
Heap after GC invocations=208 (full 17):
 par new generation   total 188736K, used 20480K [0x00000000c0000000, 0x00000000cccc0000, 0x00000000cccc0000)
  eden space 167808K,   0% used [0x00000000c0000000, 0x00000000c0000000, 0x00000000ca3e0000)
  from space 20928K,  97% used [0x00000000cb850000, 0x00000000ccc50140, 0x00000000cccc0000)
  to   space 20928K,   0% used [0x00000000ca3e0000, 0x00000000ca3e0000, 0x00000000cb850000)
 concurrent mark-sweep generation total 838912K, used 324653K [0x00000000cccc0000, 0x0000000100000000, 0x0000000100000000)
 Metaspace       used 3934K, capacity 4536K, committed 4864K, reserved 1056768K
  class space    used 425K, capacity 428K, committed 512K, reserved 1048576K
}
2024-07-26T01:31:13.982+0800: 5.581: Total time for which application threads were stopped: 0.0134087 seconds, Stopping threads took: 0.0000255 seconds
{Heap before GC invocations=208 (full 17):
 par new generation   total 188736K, used 187673K [0x00000000c0000000, 0x00000000cccc0000, 0x00000000cccc0000)
  eden space 167808K,  99% used [0x00000000c0000000, 0x00000000ca346440, 0x00000000ca3e0000)
  from space 20928K,  97% used [0x00000000cb850000, 0x00000000ccc50140, 0x00000000cccc0000)
  to   space 20928K,   0% used [0x00000000ca3e0000, 0x00000000ca3e0000, 0x00000000cb850000)
 concurrent mark-sweep generation total 838912K, used 324653K [0x00000000cccc0000, 0x0000000100000000, 0x0000000100000000)
 Metaspace       used 3934K, capacity 4536K, committed 4864K, reserved 1056768K
  class space    used 425K, capacity 428K, committed 512K, reserved 1048576K
2024-07-26T01:31:13.996+0800: 5.595: [GC (Allocation Failure) 2024-07-26T01:31:13.996+0800: 5.595: [ParNew2024-07-26T01:31:14.004+0800: 5.604: [SoftReference, 0 refs, 0.0000350 secs]2024-07-26T01:31:14.004+0800: 5.604: [WeakReference, 0 refs, 0.0000045 secs]2024-07-26T01:31:14.004+0800: 5.604: [FinalReference, 0 refs, 0.0000039 secs]2024-07-26T01:31:14.004+0800: 5.604: [PhantomReference, 0 refs, 0.0000038 secs]2024-07-26T01:31:14.004+0800: 5.604: [JNI Weak Reference, 0.0000044 secs]
Desired survivor size 10715136 bytes, new threshold 1 (max 1)
- age   1:   20971840 bytes,   20971840 total
: 187673K->20480K(188736K), 0.0083693 secs] 512326K->370736K(1027648K), 0.0084121 secs] [Times: user=0.00 sys=0.00, real=0.01 secs] 
Heap after GC invocations=209 (full 17):
 par new generation   total 188736K, used 20480K [0x00000000c0000000, 0x00000000cccc0000, 0x00000000cccc0000)
  eden space 167808K,   0% used [0x00000000c0000000, 0x00000000c0000000, 0x00000000ca3e0000)
  from space 20928K,  97% used [0x00000000ca3e0000, 0x00000000cb7e0140, 0x00000000cb850000)
  to   space 20928K,   0% used [0x00000000cb850000, 0x00000000cb850000, 0x00000000cccc0000)
 concurrent mark-sweep generation total 838912K, used 350255K [0x00000000cccc0000, 0x0000000100000000, 0x0000000100000000)
 Metaspace       used 3934K, capacity 4536K, committed 4864K, reserved 1056768K
  class space    used 425K, capacity 428K, committed 512K, reserved 1048576K
}
2024-07-26T01:31:14.004+0800: 5.604: Total time for which application threads were stopped: 0.0085325 seconds, Stopping threads took: 0.0000266 seconds
2024-07-26T01:31:14.004+0800: 5.604: [GC (CMS Initial Mark) [1 CMS-initial-mark: 350255K(838912K)] 376134K(1027648K), 0.0008740 secs] [Times: user=0.00 sys=0.00, real=0.00 secs] 
2024-07-26T01:31:14.005+0800: 5.605: Total time for which application threads were stopped: 0.0010531 seconds, Stopping threads took: 0.0001438 seconds
2024-07-26T01:31:14.005+0800: 5.605: [CMS-concurrent-mark-start]
2024-07-26T01:31:14.007+0800: 5.607: [CMS-concurrent-mark: 0.002/0.002 secs] [Times: user=0.00 sys=0.00, real=0.00 secs] 
2024-07-26T01:31:14.007+0800: 5.607: [CMS-concurrent-preclean-start]
2024-07-26T01:31:14.007+0800: 5.607: [Preclean SoftReferences, 0.0000054 secs]2024-07-26T01:31:14.007+0800: 5.607: [Preclean WeakReferences, 0.0000041 secs]2024-07-26T01:31:14.007+0800: 5.607: [Preclean FinalReferences, 0.0000034 secs]2024-07-26T01:31:14.007+0800: 5.607: [Preclean PhantomReferences, 0.0000033 secs]2024-07-26T01:31:14.008+0800: 5.608: [CMS-concurrent-preclean: 0.001/0.001 secs] [Times: user=0.00 sys=0.00, real=0.00 secs] 
2024-07-26T01:31:14.008+0800: 5.608: [CMS-concurrent-abortable-preclean-start]
{Heap before GC invocations=209 (full 18):
 par new generation   total 188736K, used 187673K [0x00000000c0000000, 0x00000000cccc0000, 0x00000000cccc0000)
  eden space 167808K,  99% used [0x00000000c0000000, 0x00000000ca346440, 0x00000000ca3e0000)
  from space 20928K,  97% used [0x00000000ca3e0000, 0x00000000cb7e0140, 0x00000000cb850000)
  to   space 20928K,   0% used [0x00000000cb850000, 0x00000000cb850000, 0x00000000cccc0000)
 concurrent mark-sweep generation total 838912K, used 350255K [0x00000000cccc0000, 0x0000000100000000, 0x0000000100000000)
 Metaspace       used 3934K, capacity 4536K, committed 4864K, reserved 1056768K
  class space    used 425K, capacity 428K, committed 512K, reserved 1048576K
2024-07-26T01:31:14.020+0800: 5.619: [GC (Allocation Failure) 2024-07-26T01:31:14.020+0800: 5.619: [ParNew2024-07-26T01:31:14.022+0800: 5.621: [SoftReference, 0 refs, 0.0000258 secs]2024-07-26T01:31:14.022+0800: 5.621: [WeakReference, 0 refs, 0.0000055 secs]2024-07-26T01:31:14.022+0800: 5.621: [FinalReference, 0 refs, 0.0000049 secs]2024-07-26T01:31:14.022+0800: 5.621: [PhantomReference, 0 refs, 0.0000045 secs]2024-07-26T01:31:14.022+0800: 5.621: [JNI Weak Reference, 0.0000046 secs]
Desired survivor size 10715136 bytes, new threshold 1 (max 1)
- age   1:    6291552 bytes,    6291552 total
: 187673K->6144K(188736K), 0.0019838 secs] 537929K->356399K(1027648K), 0.0020158 secs] [Times: user=0.00 sys=0.00, real=0.00 secs] 
Heap after GC invocations=210 (full 18):
 par new generation   total 188736K, used 6144K [0x00000000c0000000, 0x00000000cccc0000, 0x00000000cccc0000)
  eden space 167808K,   0% used [0x00000000c0000000, 0x00000000c0000000, 0x00000000ca3e0000)
  from space 20928K,  29% used [0x00000000cb850000, 0x00000000cbe50060, 0x00000000cccc0000)
  to   space 20928K,   0% used [0x00000000ca3e0000, 0x00000000ca3e0000, 0x00000000cb850000)
 concurrent mark-sweep generation total 838912K, used 350255K [0x00000000cccc0000, 0x0000000100000000, 0x0000000100000000)
 Metaspace       used 3934K, capacity 4536K, committed 4864K, reserved 1056768K
  class space    used 425K, capacity 428K, committed 512K, reserved 1048576K
}
2024-07-26T01:31:14.022+0800: 5.621: Total time for which application threads were stopped: 0.0021128 seconds, Stopping threads took: 0.0000166 seconds
{Heap before GC invocations=210 (full 18):
 par new generation   total 188736K, used 173337K [0x00000000c0000000, 0x00000000cccc0000, 0x00000000cccc0000)
  eden space 167808K,  99% used [0x00000000c0000000, 0x00000000ca346440, 0x00000000ca3e0000)
  from space 20928K,  29% used [0x00000000cb850000, 0x00000000cbe50060, 0x00000000cccc0000)
  to   space 20928K,   0% used [0x00000000ca3e0000, 0x00000000ca3e0000, 0x00000000cb850000)
 concurrent mark-sweep generation total 838912K, used 350255K [0x00000000cccc0000, 0x0000000100000000, 0x0000000100000000)
 Metaspace       used 3934K, capacity 4536K, committed 4864K, reserved 1056768K
  class space    used 425K, capacity 428K, committed 512K, reserved 1048576K
2024-07-26T01:31:14.036+0800: 5.636: [GC (Allocation Failure) 2024-07-26T01:31:14.036+0800: 5.636: [ParNew2024-07-26T01:31:14.047+0800: 5.646: [SoftReference, 0 refs, 0.0000405 secs]2024-07-26T01:31:14.047+0800: 5.646: [WeakReference, 0 refs, 0.0000043 secs]2024-07-26T01:31:14.047+0800: 5.647: [FinalReference, 0 refs, 0.0000038 secs]2024-07-26T01:31:14.047+0800: 5.647: [PhantomReference, 0 refs, 0.0000037 secs]2024-07-26T01:31:14.047+0800: 5.647: [JNI Weak Reference, 0.0000041 secs]
Desired survivor size 10715136 bytes, new threshold 1 (max 1)
- age   1:   20971840 bytes,   20971840 total
: 173337K->20480K(188736K), 0.0108256 secs] 523592K->419888K(1027648K), 0.0108691 secs] [Times: user=0.03 sys=0.00, real=0.01 secs] 
Heap after GC invocations=211 (full 18):
 par new generation   total 188736K, used 20480K [0x00000000c0000000, 0x00000000cccc0000, 0x00000000cccc0000)
  eden space 167808K,   0% used [0x00000000c0000000, 0x00000000c0000000, 0x00000000ca3e0000)
  from space 20928K,  97% used [0x00000000ca3e0000, 0x00000000cb7e0140, 0x00000000cb850000)
  to   space 20928K,   0% used [0x00000000cb850000, 0x00000000cb850000, 0x00000000cccc0000)
 concurrent mark-sweep generation total 838912K, used 399408K [0x00000000cccc0000, 0x0000000100000000, 0x0000000100000000)
 Metaspace       used 3934K, capacity 4536K, committed 4864K, reserved 1056768K
  class space    used 425K, capacity 428K, committed 512K, reserved 1048576K
}
2024-07-26T01:31:14.047+0800: 5.647: Total time for which application threads were stopped: 0.0109857 seconds, Stopping threads took: 0.0000269 seconds
{Heap before GC invocations=211 (full 18):
 par new generation   total 188736K, used 187673K [0x00000000c0000000, 0x00000000cccc0000, 0x00000000cccc0000)
  eden space 167808K,  99% used [0x00000000c0000000, 0x00000000ca346440, 0x00000000ca3e0000)
  from space 20928K,  97% used [0x00000000ca3e0000, 0x00000000cb7e0140, 0x00000000cb850000)
  to   space 20928K,   0% used [0x00000000cb850000, 0x00000000cb850000, 0x00000000cccc0000)
 concurrent mark-sweep generation total 838912K, used 399408K [0x00000000cccc0000, 0x0000000100000000, 0x0000000100000000)
 Metaspace       used 3934K, capacity 4536K, committed 4864K, reserved 1056768K
  class space    used 425K, capacity 428K, committed 512K, reserved 1048576K
2024-07-26T01:31:14.061+0800: 5.661: [GC (Allocation Failure) 2024-07-26T01:31:14.061+0800: 5.661: [ParNew2024-07-26T01:31:14.066+0800: 5.665: [SoftReference, 0 refs, 0.0000280 secs]2024-07-26T01:31:14.066+0800: 5.665: [WeakReference, 0 refs, 0.0000050 secs]2024-07-26T01:31:14.066+0800: 5.665: [FinalReference, 0 refs, 0.0000042 secs]2024-07-26T01:31:14.066+0800: 5.665: [PhantomReference, 0 refs, 0.0000041 secs]2024-07-26T01:31:14.066+0800: 5.665: [JNI Weak Reference, 0.0000042 secs]
Desired survivor size 10715136 bytes, new threshold 1 (max 1)
- age   1:   20971840 bytes,   20971840 total
: 187673K->20480K(188736K), 0.0046872 secs] 587081K->429104K(1027648K), 0.0047251 secs] [Times: user=0.00 sys=0.00, real=0.00 secs] 
Heap after GC invocations=212 (full 18):
 par new generation   total 188736K, used 20480K [0x00000000c0000000, 0x00000000cccc0000, 0x00000000cccc0000)
  eden space 167808K,   0% used [0x00000000c0000000, 0x00000000c0000000, 0x00000000ca3e0000)
  from space 20928K,  97% used [0x00000000cb850000, 0x00000000ccc50140, 0x00000000cccc0000)
  to   space 20928K,   0% used [0x00000000ca3e0000, 0x00000000ca3e0000, 0x00000000cb850000)
 concurrent mark-sweep generation total 838912K, used 408624K [0x00000000cccc0000, 0x0000000100000000, 0x0000000100000000)
 Metaspace       used 3934K, capacity 4536K, committed 4864K, reserved 1056768K
  class space    used 425K, capacity 428K, committed 512K, reserved 1048576K
}
2024-07-26T01:31:14.066+0800: 5.665: Total time for which application threads were stopped: 0.0048340 seconds, Stopping threads took: 0.0000212 seconds
{Heap before GC invocations=212 (full 18):
 par new generation   total 188736K, used 187673K [0x00000000c0000000, 0x00000000cccc0000, 0x00000000cccc0000)
  eden space 167808K,  99% used [0x00000000c0000000, 0x00000000ca346440, 0x00000000ca3e0000)
  from space 20928K,  97% used [0x00000000cb850000, 0x00000000ccc50140, 0x00000000cccc0000)
  to   space 20928K,   0% used [0x00000000ca3e0000, 0x00000000ca3e0000, 0x00000000cb850000)
 concurrent mark-sweep generation total 838912K, used 408624K [0x00000000cccc0000, 0x0000000100000000, 0x0000000100000000)
 Metaspace       used 3934K, capacity 4536K, committed 4864K, reserved 1056768K
  class space    used 425K, capacity 428K, committed 512K, reserved 1048576K
2024-07-26T01:31:14.080+0800: 5.679: [GC (Allocation Failure) 2024-07-26T01:31:14.080+0800: 5.679: [ParNew2024-07-26T01:31:14.094+0800: 5.693: [SoftReference, 0 refs, 0.0000448 secs]2024-07-26T01:31:14.094+0800: 5.693: [WeakReference, 0 refs, 0.0000080 secs]2024-07-26T01:31:14.094+0800: 5.693: [FinalReference, 0 refs, 0.0000072 secs]2024-07-26T01:31:14.094+0800: 5.693: [PhantomReference, 0 refs, 0.0000064 secs]2024-07-26T01:31:14.094+0800: 5.693: [JNI Weak Reference, 0.0000064 secs]
Desired survivor size 10715136 bytes, new threshold 1 (max 1)
- age   1:   20971840 bytes,   20971840 total
: 187673K->20480K(188736K), 0.0138136 secs] 596298K->501812K(1027648K), 0.0138505 secs] [Times: user=0.02 sys=0.00, real=0.01 secs] 
Heap after GC invocations=213 (full 18):
 par new generation   total 188736K, used 20480K [0x00000000c0000000, 0x00000000cccc0000, 0x00000000cccc0000)
  eden space 167808K,   0% used [0x00000000c0000000, 0x00000000c0000000, 0x00000000ca3e0000)
  from space 20928K,  97% used [0x00000000ca3e0000, 0x00000000cb7e0140, 0x00000000cb850000)
  to   space 20928K,   0% used [0x00000000cb850000, 0x00000000cb850000, 0x00000000cccc0000)
 concurrent mark-sweep generation total 838912K, used 481331K [0x00000000cccc0000, 0x0000000100000000, 0x0000000100000000)
 Metaspace       used 3934K, capacity 4536K, committed 4864K, reserved 1056768K
  class space    used 425K, capacity 428K, committed 512K, reserved 1048576K
}
2024-07-26T01:31:14.094+0800: 5.693: Total time for which application threads were stopped: 0.0139837 seconds, Stopping threads took: 0.0000181 seconds
{Heap before GC invocations=213 (full 18):
 par new generation   total 188736K, used 187673K [0x00000000c0000000, 0x00000000cccc0000, 0x00000000cccc0000)
  eden space 167808K,  99% used [0x00000000c0000000, 0x00000000ca346440, 0x00000000ca3e0000)
  from space 20928K,  97% used [0x00000000ca3e0000, 0x00000000cb7e0140, 0x00000000cb850000)
  to   space 20928K,   0% used [0x00000000cb850000, 0x00000000cb850000, 0x00000000cccc0000)
 concurrent mark-sweep generation total 838912K, used 481331K [0x00000000cccc0000, 0x0000000100000000, 0x0000000100000000)
 Metaspace       used 3934K, capacity 4536K, committed 4864K, reserved 1056768K
  class space    used 425K, capacity 428K, committed 512K, reserved 1048576K
2024-07-26T01:31:14.108+0800: 5.707: [GC (Allocation Failure) 2024-07-26T01:31:14.108+0800: 5.707: [ParNew2024-07-26T01:31:14.117+0800: 5.716: [SoftReference, 0 refs, 0.0000352 secs]2024-07-26T01:31:14.117+0800: 5.716: [WeakReference, 0 refs, 0.0000043 secs]2024-07-26T01:31:14.117+0800: 5.716: [FinalReference, 0 refs, 0.0000037 secs]2024-07-26T01:31:14.117+0800: 5.716: [PhantomReference, 0 refs, 0.0000036 secs]2024-07-26T01:31:14.117+0800: 5.716: [JNI Weak Reference, 0.0000044 secs]
Desired survivor size 10715136 bytes, new threshold 1 (max 1)
- age   1:   20971840 bytes,   20971840 total
: 187673K->20480K(188736K), 0.0092836 secs] 669005K->534580K(1027648K), 0.0093744 secs] [Times: user=0.00 sys=0.00, real=0.01 secs] 
Heap after GC invocations=214 (full 18):
 par new generation   total 188736K, used 20480K [0x00000000c0000000, 0x00000000cccc0000, 0x00000000cccc0000)
  eden space 167808K,   0% used [0x00000000c0000000, 0x00000000c0000000, 0x00000000ca3e0000)
  from space 20928K,  97% used [0x00000000cb850000, 0x00000000ccc50140, 0x00000000cccc0000)
  to   space 20928K,   0% used [0x00000000ca3e0000, 0x00000000ca3e0000, 0x00000000cb850000)
 concurrent mark-sweep generation total 838912K, used 514100K [0x00000000cccc0000, 0x0000000100000000, 0x0000000100000000)
 Metaspace       used 3934K, capacity 4536K, committed 4864K, reserved 1056768K
  class space    used 425K, capacity 428K, committed 512K, reserved 1048576K
}
2024-07-26T01:31:14.117+0800: 5.716: Total time for which application threads were stopped: 0.0095167 seconds, Stopping threads took: 0.0000265 seconds
{Heap before GC invocations=214 (full 18):
 par new generation   total 188736K, used 187673K [0x00000000c0000000, 0x00000000cccc0000, 0x00000000cccc0000)
  eden space 167808K,  99% used [0x00000000c0000000, 0x00000000ca346440, 0x00000000ca3e0000)
  from space 20928K,  97% used [0x00000000cb850000, 0x00000000ccc50140, 0x00000000cccc0000)
  to   space 20928K,   0% used [0x00000000ca3e0000, 0x00000000ca3e0000, 0x00000000cb850000)
 concurrent mark-sweep generation total 838912K, used 514100K [0x00000000cccc0000, 0x0000000100000000, 0x0000000100000000)
 Metaspace       used 3934K, capacity 4536K, committed 4864K, reserved 1056768K
  class space    used 425K, capacity 428K, committed 512K, reserved 1048576K
2024-07-26T01:31:14.131+0800: 5.730: [GC (Allocation Failure) 2024-07-26T01:31:14.131+0800: 5.730: [ParNew2024-07-26T01:31:14.135+0800: 5.734: [SoftReference, 0 refs, 0.0000453 secs]2024-07-26T01:31:14.135+0800: 5.734: [WeakReference, 0 refs, 0.0000043 secs]2024-07-26T01:31:14.135+0800: 5.734: [FinalReference, 0 refs, 0.0000040 secs]2024-07-26T01:31:14.135+0800: 5.734: [PhantomReference, 0 refs, 0.0000037 secs]2024-07-26T01:31:14.135+0800: 5.734: [JNI Weak Reference, 0.0000041 secs]
Desired survivor size 10715136 bytes, new threshold 1 (max 1)
- age   1:   13631696 bytes,   13631696 total
: 187673K->13312K(188736K), 0.0037822 secs] 701773K->527412K(1027648K), 0.0038167 secs] [Times: user=0.00 sys=0.00, real=0.00 secs] 
Heap after GC invocations=215 (full 18):
 par new generation   total 188736K, used 13312K [0x00000000c0000000, 0x00000000cccc0000, 0x00000000cccc0000)
  eden space 167808K,   0% used [0x00000000c0000000, 0x00000000c0000000, 0x00000000ca3e0000)
  from space 20928K,  63% used [0x00000000ca3e0000, 0x00000000cb0e00d0, 0x00000000cb850000)
  to   space 20928K,   0% used [0x00000000cb850000, 0x00000000cb850000, 0x00000000cccc0000)
 concurrent mark-sweep generation total 838912K, used 514100K [0x00000000cccc0000, 0x0000000100000000, 0x0000000100000000)
 Metaspace       used 3934K, capacity 4536K, committed 4864K, reserved 1056768K
  class space    used 425K, capacity 428K, committed 512K, reserved 1048576K
}
2024-07-26T01:31:14.135+0800: 5.734: Total time for which application threads were stopped: 0.0039236 seconds, Stopping threads took: 0.0000210 seconds
{Heap before GC invocations=215 (full 18):
 par new generation   total 188736K, used 180505K [0x00000000c0000000, 0x00000000cccc0000, 0x00000000cccc0000)
  eden space 167808K,  99% used [0x00000000c0000000, 0x00000000ca346440, 0x00000000ca3e0000)
  from space 20928K,  63% used [0x00000000ca3e0000, 0x00000000cb0e00d0, 0x00000000cb850000)
  to   space 20928K,   0% used [0x00000000cb850000, 0x00000000cb850000, 0x00000000cccc0000)
 concurrent mark-sweep generation total 838912K, used 514100K [0x00000000cccc0000, 0x0000000100000000, 0x0000000100000000)
 Metaspace       used 3934K, capacity 4536K, committed 4864K, reserved 1056768K
  class space    used 425K, capacity 428K, committed 512K, reserved 1048576K
2024-07-26T01:31:14.151+0800: 5.750: [GC (Allocation Failure) 2024-07-26T01:31:14.151+0800: 5.751: [ParNew2024-07-26T01:31:14.163+0800: 5.762: [SoftReference, 0 refs, 0.0000380 secs]2024-07-26T01:31:14.163+0800: 5.762: [WeakReference, 0 refs, 0.0000043 secs]2024-07-26T01:31:14.163+0800: 5.762: [FinalReference, 0 refs, 0.0000040 secs]2024-07-26T01:31:14.163+0800: 5.762: [PhantomReference, 0 refs, 0.0000036 secs]2024-07-26T01:31:14.163+0800: 5.762: [JNI Weak Reference, 0.0000043 secs]
Desired survivor size 10715136 bytes, new threshold 1 (max 1)
- age   1:   20971840 bytes,   20971840 total
: 180505K->20480K(188736K), 0.0115351 secs] 694605K->590903K(1027648K), 0.0115756 secs] [Times: user=0.06 sys=0.00, real=0.01 secs] 
Heap after GC invocations=216 (full 18):
 par new generation   total 188736K, used 20480K [0x00000000c0000000, 0x00000000cccc0000, 0x00000000cccc0000)
  eden space 167808K,   0% used [0x00000000c0000000, 0x00000000c0000000, 0x00000000ca3e0000)
  from space 20928K,  97% used [0x00000000cb850000, 0x00000000ccc50140, 0x00000000cccc0000)
  to   space 20928K,   0% used [0x00000000ca3e0000, 0x00000000ca3e0000, 0x00000000cb850000)
 concurrent mark-sweep generation total 838912K, used 570423K [0x00000000cccc0000, 0x0000000100000000, 0x0000000100000000)
 Metaspace       used 3934K, capacity 4536K, committed 4864K, reserved 1056768K
  class space    used 425K, capacity 428K, committed 512K, reserved 1048576K
}
2024-07-26T01:31:14.163+0800: 5.762: Total time for which application threads were stopped: 0.0116903 seconds, Stopping threads took: 0.0000225 seconds
{Heap before GC invocations=216 (full 18):
 par new generation   total 188736K, used 187673K [0x00000000c0000000, 0x00000000cccc0000, 0x00000000cccc0000)
  eden space 167808K,  99% used [0x00000000c0000000, 0x00000000ca346440, 0x00000000ca3e0000)
  from space 20928K,  97% used [0x00000000cb850000, 0x00000000ccc50140, 0x00000000cccc0000)
  to   space 20928K,   0% used [0x00000000ca3e0000, 0x00000000ca3e0000, 0x00000000cb850000)
 concurrent mark-sweep generation total 838912K, used 570423K [0x00000000cccc0000, 0x0000000100000000, 0x0000000100000000)
 Metaspace       used 3934K, capacity 4536K, committed 4864K, reserved 1056768K
  class space    used 425K, capacity 428K, committed 512K, reserved 1048576K
2024-07-26T01:31:14.180+0800: 5.779: [GC (Allocation Failure) 2024-07-26T01:31:14.180+0800: 5.779: [ParNew2024-07-26T01:31:14.186+0800: 5.786: [SoftReference, 0 refs, 0.0000361 secs]2024-07-26T01:31:14.186+0800: 5.786: [WeakReference, 0 refs, 0.0000048 secs]2024-07-26T01:31:14.186+0800: 5.786: [FinalReference, 0 refs, 0.0000040 secs]2024-07-26T01:31:14.186+0800: 5.786: [PhantomReference, 0 refs, 0.0000042 secs]2024-07-26T01:31:14.186+0800: 5.786: [JNI Weak Reference, 0.0000044 secs]
Desired survivor size 10715136 bytes, new threshold 1 (max 1)
- age   1:   20971840 bytes,   20971840 total
: 187673K->20480K(188736K), 0.0063850 secs] 758096K->607289K(1027648K), 0.0064266 secs] [Times: user=0.09 sys=0.00, real=0.01 secs] 
Heap after GC invocations=217 (full 18):
 par new generation   total 188736K, used 20480K [0x00000000c0000000, 0x00000000cccc0000, 0x00000000cccc0000)
  eden space 167808K,   0% used [0x00000000c0000000, 0x00000000c0000000, 0x00000000ca3e0000)
  from space 20928K,  97% used [0x00000000ca3e0000, 0x00000000cb7e0140, 0x00000000cb850000)
  to   space 20928K,   0% used [0x00000000cb850000, 0x00000000cb850000, 0x00000000cccc0000)
 concurrent mark-sweep generation total 838912K, used 586809K [0x00000000cccc0000, 0x0000000100000000, 0x0000000100000000)
 Metaspace       used 3934K, capacity 4536K, committed 4864K, reserved 1056768K
  class space    used 425K, capacity 428K, committed 512K, reserved 1048576K
}
2024-07-26T01:31:14.186+0800: 5.786: Total time for which application threads were stopped: 0.0065434 seconds, Stopping threads took: 0.0000239 seconds
{Heap before GC invocations=217 (full 18):
 par new generation   total 188736K, used 187673K [0x00000000c0000000, 0x00000000cccc0000, 0x00000000cccc0000)
  eden space 167808K,  99% used [0x00000000c0000000, 0x00000000ca346440, 0x00000000ca3e0000)
  from space 20928K,  97% used [0x00000000ca3e0000, 0x00000000cb7e0140, 0x00000000cb850000)
  to   space 20928K,   0% used [0x00000000cb850000, 0x00000000cb850000, 0x00000000cccc0000)
 concurrent mark-sweep generation total 838912K, used 586809K [0x00000000cccc0000, 0x0000000100000000, 0x0000000100000000)
 Metaspace       used 3934K, capacity 4536K, committed 4864K, reserved 1056768K
  class space    used 425K, capacity 428K, committed 512K, reserved 1048576K
2024-07-26T01:31:14.200+0800: 5.800: [GC (Allocation Failure) 2024-07-26T01:31:14.200+0800: 5.800: [ParNew2024-07-26T01:31:14.220+0800: 5.820: [SoftReference, 0 refs, 0.0000331 secs]2024-07-26T01:31:14.220+0800: 5.820: [WeakReference, 0 refs, 0.0000045 secs]2024-07-26T01:31:14.220+0800: 5.820: [FinalReference, 0 refs, 0.0000036 secs]2024-07-26T01:31:14.220+0800: 5.820: [PhantomReference, 0 refs, 0.0000034 secs]2024-07-26T01:31:14.220+0800: 5.820: [JNI Weak Reference, 0.0000040 secs]
Desired survivor size 10715136 bytes, new threshold 1 (max 1)
- age   1:   20971840 bytes,   20971840 total
: 187673K->20480K(188736K), 0.0195614 secs] 774482K->687165K(1027648K), 0.0196097 secs] [Times: user=0.08 sys=0.00, real=0.02 secs] 
Heap after GC invocations=218 (full 18):
 par new generation   total 188736K, used 20480K [0x00000000c0000000, 0x00000000cccc0000, 0x00000000cccc0000)
  eden space 167808K,   0% used [0x00000000c0000000, 0x00000000c0000000, 0x00000000ca3e0000)
  from space 20928K,  97% used [0x00000000cb850000, 0x00000000ccc50140, 0x00000000cccc0000)
  to   space 20928K,   0% used [0x00000000ca3e0000, 0x00000000ca3e0000, 0x00000000cb850000)
 concurrent mark-sweep generation total 838912K, used 666684K [0x00000000cccc0000, 0x0000000100000000, 0x0000000100000000)
 Metaspace       used 3934K, capacity 4536K, committed 4864K, reserved 1056768K
  class space    used 425K, capacity 428K, committed 512K, reserved 1048576K
}
2024-07-26T01:31:14.220+0800: 5.820: Total time for which application threads were stopped: 0.0197854 seconds, Stopping threads took: 0.0000357 seconds
{Heap before GC invocations=218 (full 18):
 par new generation   total 188736K, used 187673K [0x00000000c0000000, 0x00000000cccc0000, 0x00000000cccc0000)
  eden space 167808K,  99% used [0x00000000c0000000, 0x00000000ca346440, 0x00000000ca3e0000)
  from space 20928K,  97% used [0x00000000cb850000, 0x00000000ccc50140, 0x00000000cccc0000)
  to   space 20928K,   0% used [0x00000000ca3e0000, 0x00000000ca3e0000, 0x00000000cb850000)
 concurrent mark-sweep generation total 838912K, used 666684K [0x00000000cccc0000, 0x0000000100000000, 0x0000000100000000)
 Metaspace       used 3934K, capacity 4536K, committed 4864K, reserved 1056768K
  class space    used 425K, capacity 428K, committed 512K, reserved 1048576K
2024-07-26T01:31:14.235+0800: 5.835: [GC (Allocation Failure) 2024-07-26T01:31:14.235+0800: 5.835: [ParNew2024-07-26T01:31:14.245+0800: 5.845: [SoftReference, 0 refs, 0.0000410 secs]2024-07-26T01:31:14.245+0800: 5.845: [WeakReference, 0 refs, 0.0000045 secs]2024-07-26T01:31:14.245+0800: 5.845: [FinalReference, 0 refs, 0.0000039 secs]2024-07-26T01:31:14.245+0800: 5.845: [PhantomReference, 0 refs, 0.0000038 secs]2024-07-26T01:31:14.245+0800: 5.845: [JNI Weak Reference, 0.0000045 secs]
Desired survivor size 10715136 bytes, new threshold 1 (max 1)
- age   1:   20971840 bytes,   20971840 total
: 187673K->20480K(188736K), 0.0097470 secs] 854358K->727103K(1027648K), 0.0097903 secs] [Times: user=0.00 sys=0.00, real=0.01 secs] 
Heap after GC invocations=219 (full 18):
 par new generation   total 188736K, used 20480K [0x00000000c0000000, 0x00000000cccc0000, 0x00000000cccc0000)
  eden space 167808K,   0% used [0x00000000c0000000, 0x00000000c0000000, 0x00000000ca3e0000)
  from space 20928K,  97% used [0x00000000ca3e0000, 0x00000000cb7e0140, 0x00000000cb850000)
  to   space 20928K,   0% used [0x00000000cb850000, 0x00000000cb850000, 0x00000000cccc0000)
 concurrent mark-sweep generation total 838912K, used 706623K [0x00000000cccc0000, 0x0000000100000000, 0x0000000100000000)
 Metaspace       used 3934K, capacity 4536K, committed 4864K, reserved 1056768K
  class space    used 425K, capacity 428K, committed 512K, reserved 1048576K
}
2024-07-26T01:31:14.245+0800: 5.845: Total time for which application threads were stopped: 0.0099010 seconds, Stopping threads took: 0.0000221 seconds
{Heap before GC invocations=219 (full 18):
 par new generation   total 188736K, used 187673K [0x00000000c0000000, 0x00000000cccc0000, 0x00000000cccc0000)
  eden space 167808K,  99% used [0x00000000c0000000, 0x00000000ca346440, 0x00000000ca3e0000)
  from space 20928K,  97% used [0x00000000ca3e0000, 0x00000000cb7e0140, 0x00000000cb850000)
  to   space 20928K,   0% used [0x00000000cb850000, 0x00000000cb850000, 0x00000000cccc0000)
 concurrent mark-sweep generation total 838912K, used 706623K [0x00000000cccc0000, 0x0000000100000000, 0x0000000100000000)
 Metaspace       used 3934K, capacity 4536K, committed 4864K, reserved 1056768K
  class space    used 425K, capacity 428K, committed 512K, reserved 1048576K
2024-07-26T01:31:14.261+0800: 5.860: [GC (Allocation Failure) 2024-07-26T01:31:14.261+0800: 5.860: [ParNew2024-07-26T01:31:14.265+0800: 5.864: [SoftReference, 0 refs, 0.0000399 secs]2024-07-26T01:31:14.265+0800: 5.864: [WeakReference, 0 refs, 0.0000045 secs]2024-07-26T01:31:14.265+0800: 5.864: [FinalReference, 0 refs, 0.0000037 secs]2024-07-26T01:31:14.265+0800: 5.864: [PhantomReference, 0 refs, 0.0000037 secs]2024-07-26T01:31:14.265+0800: 5.864: [JNI Weak Reference, 0.0000042 secs]
Desired survivor size 10715136 bytes, new threshold 1 (max 1)
- age   1:   20971840 bytes,   20971840 total
: 187673K->20480K(188736K), 0.0038879 secs] 894296K->727103K(1027648K), 0.0039291 secs] [Times: user=0.02 sys=0.00, real=0.00 secs] 
Heap after GC invocations=220 (full 18):
 par new generation   total 188736K, used 20480K [0x00000000c0000000, 0x00000000cccc0000, 0x00000000cccc0000)
  eden space 167808K,   0% used [0x00000000c0000000, 0x00000000c0000000, 0x00000000ca3e0000)
  from space 20928K,  97% used [0x00000000cb850000, 0x00000000ccc50140, 0x00000000cccc0000)
  to   space 20928K,   0% used [0x00000000ca3e0000, 0x00000000ca3e0000, 0x00000000cb850000)
 concurrent mark-sweep generation total 838912K, used 706623K [0x00000000cccc0000, 0x0000000100000000, 0x0000000100000000)
 Metaspace       used 3934K, capacity 4536K, committed 4864K, reserved 1056768K
  class space    used 425K, capacity 428K, committed 512K, reserved 1048576K
}
2024-07-26T01:31:14.265+0800: 5.864: Total time for which application threads were stopped: 0.0040454 seconds, Stopping threads took: 0.0000246 seconds
{Heap before GC invocations=220 (full 18):
 par new generation   total 188736K, used 187673K [0x00000000c0000000, 0x00000000cccc0000, 0x00000000cccc0000)
  eden space 167808K,  99% used [0x00000000c0000000, 0x00000000ca346440, 0x00000000ca3e0000)
  from space 20928K,  97% used [0x00000000cb850000, 0x00000000ccc50140, 0x00000000cccc0000)
  to   space 20928K,   0% used [0x00000000ca3e0000, 0x00000000ca3e0000, 0x00000000cb850000)
 concurrent mark-sweep generation total 838912K, used 706623K [0x00000000cccc0000, 0x0000000100000000, 0x0000000100000000)
 Metaspace       used 3934K, capacity 4536K, committed 4864K, reserved 1056768K
  class space    used 425K, capacity 428K, committed 512K, reserved 1048576K
2024-07-26T01:31:14.279+0800: 5.879: [GC (Allocation Failure) 2024-07-26T01:31:14.279+0800: 5.879: [ParNew2024-07-26T01:31:14.294+0800: 5.894: [SoftReference, 0 refs, 0.0000504 secs]2024-07-26T01:31:14.294+0800: 5.894: [WeakReference, 0 refs, 0.0000087 secs]2024-07-26T01:31:14.294+0800: 5.894: [FinalReference, 0 refs, 0.0000074 secs]2024-07-26T01:31:14.294+0800: 5.894: [PhantomReference, 0 refs, 0.0000071 secs]2024-07-26T01:31:14.294+0800: 5.894: [JNI Weak Reference, 0.0000073 secs]
Desired survivor size 10715136 bytes, new threshold 1 (max 1)
- age   1:   20971840 bytes,   20971840 total
: 187673K->20480K(188736K), 0.0148553 secs] 894296K->790594K(1027648K), 0.0149464 secs] [Times: user=0.05 sys=0.00, real=0.01 secs] 
Heap after GC invocations=221 (full 18):
 par new generation   total 188736K, used 20480K [0x00000000c0000000, 0x00000000cccc0000, 0x00000000cccc0000)
  eden space 167808K,   0% used [0x00000000c0000000, 0x00000000c0000000, 0x00000000ca3e0000)
  from space 20928K,  97% used [0x00000000ca3e0000, 0x00000000cb7e0140, 0x00000000cb850000)
  to   space 20928K,   0% used [0x00000000cb850000, 0x00000000cb850000, 0x00000000cccc0000)
 concurrent mark-sweep generation total 838912K, used 770114K [0x00000000cccc0000, 0x0000000100000000, 0x0000000100000000)
 Metaspace       used 3934K, capacity 4536K, committed 4864K, reserved 1056768K
  class space    used 425K, capacity 428K, committed 512K, reserved 1048576K
}
2024-07-26T01:31:14.294+0800: 5.894: Total time for which application threads were stopped: 0.0150833 seconds, Stopping threads took: 0.0000239 seconds
{Heap before GC invocations=221 (full 18):
 par new generation   total 188736K, used 187673K [0x00000000c0000000, 0x00000000cccc0000, 0x00000000cccc0000)
  eden space 167808K,  99% used [0x00000000c0000000, 0x00000000ca346440, 0x00000000ca3e0000)
  from space 20928K,  97% used [0x00000000ca3e0000, 0x00000000cb7e0140, 0x00000000cb850000)
  to   space 20928K,   0% used [0x00000000cb850000, 0x00000000cb850000, 0x00000000cccc0000)
 concurrent mark-sweep generation total 838912K, used 770114K [0x00000000cccc0000, 0x0000000100000000, 0x0000000100000000)
 Metaspace       used 3934K, capacity 4536K, committed 4864K, reserved 1056768K
  class space    used 425K, capacity 428K, committed 512K, reserved 1048576K
2024-07-26T01:31:14.308+0800: 5.907: [GC (Allocation Failure) 2024-07-26T01:31:14.308+0800: 5.907: [ParNew: 187673K->187673K(188736K), 0.0000257 secs]2024-07-26T01:31:14.308+0800: 5.907: [CMS2024-07-26T01:31:14.308+0800: 5.908: [CMS-concurrent-abortable-preclean: 0.009/0.300 secs] [Times: user=0.34 sys=0.00, real=0.30 secs] 
 (concurrent mode failure)2024-07-26T01:31:14.308+0800: 5.908: [SoftReference, 0 refs, 0.0000178 secs]2024-07-26T01:31:14.308+0800: 5.908: [WeakReference, 2 refs, 0.0000047 secs]2024-07-26T01:31:14.308+0800: 5.908: [FinalReference, 2 refs, 0.0000038 secs]2024-07-26T01:31:14.308+0800: 5.908: [PhantomReference, 0 refs, 0.0000036 secs]2024-07-26T01:31:14.308+0800: 5.908: [JNI Weak Reference, 0.0000046 secs]: 770114K->45088K(838912K), 0.0086647 secs] 957787K->45088K(1027648K), [Metaspace: 3934K->3934K(1056768K)], 0.0087684 secs] [Times: user=0.00 sys=0.00, real=0.01 secs] 
Heap after GC invocations=222 (full 19):
 par new generation   total 188736K, used 0K [0x00000000c0000000, 0x00000000cccc0000, 0x00000000cccc0000)
  eden space 167808K,   0% used [0x00000000c0000000, 0x00000000c0000000, 0x00000000ca3e0000)
  from space 20928K,   0% used [0x00000000ca3e0000, 0x00000000ca3e0000, 0x00000000cb850000)
  to   space 20928K,   0% used [0x00000000cb850000, 0x00000000cb850000, 0x00000000cccc0000)
 concurrent mark-sweep generation total 838912K, used 45088K [0x00000000cccc0000, 0x0000000100000000, 0x0000000100000000)
 Metaspace       used 3934K, capacity 4536K, committed 4864K, reserved 1056768K
  class space    used 425K, capacity 428K, committed 512K, reserved 1048576K
}
2024-07-26T01:31:14.316+0800: 5.916: Total time for which application threads were stopped: 0.0089284 seconds, Stopping threads took: 0.0000376 seconds
{Heap before GC invocations=222 (full 19):
 par new generation   total 188736K, used 167193K [0x00000000c0000000, 0x00000000cccc0000, 0x00000000cccc0000)
  eden space 167808K,  99% used [0x00000000c0000000, 0x00000000ca346440, 0x00000000ca3e0000)
  from space 20928K,   0% used [0x00000000ca3e0000, 0x00000000ca3e0000, 0x00000000cb850000)
  to   space 20928K,   0% used [0x00000000cb850000, 0x00000000cb850000, 0x00000000cccc0000)
 concurrent mark-sweep generation total 838912K, used 45088K [0x00000000cccc0000, 0x0000000100000000, 0x0000000100000000)
 Metaspace       used 3934K, capacity 4536K, committed 4864K, reserved 1056768K
  class space    used 425K, capacity 428K, committed 512K, reserved 1048576K
2024-07-26T01:31:14.332+0800: 5.931: [GC (Allocation Failure) 2024-07-26T01:31:14.332+0800: 5.931: [ParNew2024-07-26T01:31:14.333+0800: 5.933: [SoftReference, 0 refs, 0.0000394 secs]2024-07-26T01:31:14.333+0800: 5.933: [WeakReference, 0 refs, 0.0000068 secs]2024-07-26T01:31:14.333+0800: 5.933: [FinalReference, 0 refs, 0.0000061 secs]2024-07-26T01:31:14.333+0800: 5.933: [PhantomReference, 0 refs, 0.0000061 secs]2024-07-26T01:31:14.333+0800: 5.933: [JNI Weak Reference, 0.0000061 secs]
Desired survivor size 10715136 bytes, new threshold 1 (max 1)
- age   1:    4194368 bytes,    4194368 total
: 167193K->4096K(188736K), 0.0017055 secs] 212281K->49184K(1027648K), 0.0017460 secs] [Times: user=0.00 sys=0.00, real=0.00 secs] 
Heap after GC invocations=223 (full 19):
 par new generation   total 188736K, used 4096K [0x00000000c0000000, 0x00000000cccc0000, 0x00000000cccc0000)
  eden space 167808K,   0% used [0x00000000c0000000, 0x00000000c0000000, 0x00000000ca3e0000)
  from space 20928K,  19% used [0x00000000cb850000, 0x00000000cbc50040, 0x00000000cccc0000)
  to   space 20928K,   0% used [0x00000000ca3e0000, 0x00000000ca3e0000, 0x00000000cb850000)
 concurrent mark-sweep generation total 838912K, used 45088K [0x00000000cccc0000, 0x0000000100000000, 0x0000000100000000)
 Metaspace       used 3934K, capacity 4536K, committed 4864K, reserved 1056768K
  class space    used 425K, capacity 428K, committed 512K, reserved 1048576K
}
2024-07-26T01:31:14.333+0800: 5.933: Total time for which application threads were stopped: 0.0018885 seconds, Stopping threads took: 0.0000404 seconds
{Heap before GC invocations=223 (full 19):
 par new generation   total 188736K, used 171289K [0x00000000c0000000, 0x00000000cccc0000, 0x00000000cccc0000)
  eden space 167808K,  99% used [0x00000000c0000000, 0x00000000ca346440, 0x00000000ca3e0000)
  from space 20928K,  19% used [0x00000000cb850000, 0x00000000cbc50040, 0x00000000cccc0000)
  to   space 20928K,   0% used [0x00000000ca3e0000, 0x00000000ca3e0000, 0x00000000cb850000)
 concurrent mark-sweep generation total 838912K, used 45088K [0x00000000cccc0000, 0x0000000100000000, 0x0000000100000000)
 Metaspace       used 3934K, capacity 4536K, committed 4864K, reserved 1056768K
  class space    used 425K, capacity 428K, committed 512K, reserved 1048576K
2024-07-26T01:31:14.348+0800: 5.947: [GC (Allocation Failure) 2024-07-26T01:31:14.348+0800: 5.947: [ParNew2024-07-26T01:31:14.361+0800: 5.960: [SoftReference, 0 refs, 0.0000457 secs]2024-07-26T01:31:14.361+0800: 5.960: [WeakReference, 0 refs, 0.0000053 secs]2024-07-26T01:31:14.361+0800: 5.960: [FinalReference, 0 refs, 0.0000047 secs]2024-07-26T01:31:14.361+0800: 5.960: [PhantomReference, 0 refs, 0.0000044 secs]2024-07-26T01:31:14.361+0800: 5.960: [JNI Weak Reference, 0.0000051 secs]
Desired survivor size 10715136 bytes, new threshold 1 (max 1)
- age   1:   20971840 bytes,   20971840 total
: 171289K->20480K(188736K), 0.0128499 secs] 216378K->112675K(1027648K), 0.0129125 secs] [Times: user=0.01 sys=0.00, real=0.01 secs] 
Heap after GC invocations=224 (full 19):
 par new generation   total 188736K, used 20480K [0x00000000c0000000, 0x00000000cccc0000, 0x00000000cccc0000)
  eden space 167808K,   0% used [0x00000000c0000000, 0x00000000c0000000, 0x00000000ca3e0000)
  from space 20928K,  97% used [0x00000000ca3e0000, 0x00000000cb7e0140, 0x00000000cb850000)
  to   space 20928K,   0% used [0x00000000cb850000, 0x00000000cb850000, 0x00000000cccc0000)
 concurrent mark-sweep generation total 838912K, used 92195K [0x00000000cccc0000, 0x0000000100000000, 0x0000000100000000)
 Metaspace       used 3934K, capacity 4536K, committed 4864K, reserved 1056768K
  class space    used 425K, capacity 428K, committed 512K, reserved 1048576K
}
2024-07-26T01:31:14.361+0800: 5.960: Total time for which application threads were stopped: 0.0130731 seconds, Stopping threads took: 0.0000403 seconds
{Heap before GC invocations=224 (full 19):
 par new generation   total 188736K, used 187673K [0x00000000c0000000, 0x00000000cccc0000, 0x00000000cccc0000)
  eden space 167808K,  99% used [0x00000000c0000000, 0x00000000ca346440, 0x00000000ca3e0000)
  from space 20928K,  97% used [0x00000000ca3e0000, 0x00000000cb7e0140, 0x00000000cb850000)
  to   space 20928K,   0% used [0x00000000cb850000, 0x00000000cb850000, 0x00000000cccc0000)
 concurrent mark-sweep generation total 838912K, used 92195K [0x00000000cccc0000, 0x0000000100000000, 0x0000000100000000)
 Metaspace       used 3934K, capacity 4536K, committed 4864K, reserved 1056768K
  class space    used 425K, capacity 428K, committed 512K, reserved 1048576K
2024-07-26T01:31:14.374+0800: 5.974: [GC (Allocation Failure) 2024-07-26T01:31:14.374+0800: 5.974: [ParNew2024-07-26T01:31:14.380+0800: 5.979: [SoftReference, 0 refs, 0.0000319 secs]2024-07-26T01:31:14.380+0800: 5.979: [WeakReference, 0 refs, 0.0000047 secs]2024-07-26T01:31:14.380+0800: 5.979: [FinalReference, 0 refs, 0.0000043 secs]2024-07-26T01:31:14.380+0800: 5.979: [PhantomReference, 0 refs, 0.0000040 secs]2024-07-26T01:31:14.380+0800: 5.979: [JNI Weak Reference, 0.0000045 secs]
Desired survivor size 10715136 bytes, new threshold 1 (max 1)
- age   1:   20971840 bytes,   20971840 total
: 187673K->20480K(188736K), 0.0054672 secs] 279869K->119846K(1027648K), 0.0055113 secs] [Times: user=0.00 sys=0.00, real=0.01 secs] 
Heap after GC invocations=225 (full 19):
 par new generation   total 188736K, used 20480K [0x00000000c0000000, 0x00000000cccc0000, 0x00000000cccc0000)
  eden space 167808K,   0% used [0x00000000c0000000, 0x00000000c0000000, 0x00000000ca3e0000)
  from space 20928K,  97% used [0x00000000cb850000, 0x00000000ccc50140, 0x00000000cccc0000)
  to   space 20928K,   0% used [0x00000000ca3e0000, 0x00000000ca3e0000, 0x00000000cb850000)
 concurrent mark-sweep generation total 838912K, used 99365K [0x00000000cccc0000, 0x0000000100000000, 0x0000000100000000)
 Metaspace       used 3934K, capacity 4536K, committed 4864K, reserved 1056768K
  class space    used 425K, capacity 428K, committed 512K, reserved 1048576K
}
2024-07-26T01:31:14.380+0800: 5.979: Total time for which application threads were stopped: 0.0056347 seconds, Stopping threads took: 0.0000284 seconds
{Heap before GC invocations=225 (full 19):
 par new generation   total 188736K, used 187673K [0x00000000c0000000, 0x00000000cccc0000, 0x00000000cccc0000)
  eden space 167808K,  99% used [0x00000000c0000000, 0x00000000ca346440, 0x00000000ca3e0000)
  from space 20928K,  97% used [0x00000000cb850000, 0x00000000ccc50140, 0x00000000cccc0000)
  to   space 20928K,   0% used [0x00000000ca3e0000, 0x00000000ca3e0000, 0x00000000cb850000)
 concurrent mark-sweep generation total 838912K, used 99365K [0x00000000cccc0000, 0x0000000100000000, 0x0000000100000000)
 Metaspace       used 3934K, capacity 4536K, committed 4864K, reserved 1056768K
  class space    used 425K, capacity 428K, committed 512K, reserved 1048576K
2024-07-26T01:31:14.394+0800: 5.993: [GC (Allocation Failure) 2024-07-26T01:31:14.394+0800: 5.993: [ParNew2024-07-26T01:31:14.408+0800: 6.008: [SoftReference, 0 refs, 0.0000362 secs]2024-07-26T01:31:14.408+0800: 6.008: [WeakReference, 0 refs, 0.0000040 secs]2024-07-26T01:31:14.408+0800: 6.008: [FinalReference, 0 refs, 0.0000037 secs]2024-07-26T01:31:14.408+0800: 6.008: [PhantomReference, 0 refs, 0.0000035 secs]2024-07-26T01:31:14.408+0800: 6.008: [JNI Weak Reference, 0.0000048 secs]
Desired survivor size 10715136 bytes, new threshold 1 (max 1)
- age   1:   20971840 bytes,   20971840 total
: 187673K->20480K(188736K), 0.0147460 secs] 287039K->190505K(1027648K), 0.0147887 secs] [Times: user=0.02 sys=0.00, real=0.01 secs] 
Heap after GC invocations=226 (full 19):
 par new generation   total 188736K, used 20480K [0x00000000c0000000, 0x00000000cccc0000, 0x00000000cccc0000)
  eden space 167808K,   0% used [0x00000000c0000000, 0x00000000c0000000, 0x00000000ca3e0000)
  from space 20928K,  97% used [0x00000000ca3e0000, 0x00000000cb7e0140, 0x00000000cb850000)
  to   space 20928K,   0% used [0x00000000cb850000, 0x00000000cb850000, 0x00000000cccc0000)
 concurrent mark-sweep generation total 838912K, used 170024K [0x00000000cccc0000, 0x0000000100000000, 0x0000000100000000)
 Metaspace       used 3934K, capacity 4536K, committed 4864K, reserved 1056768K
  class space    used 425K, capacity 428K, committed 512K, reserved 1048576K
}
2024-07-26T01:31:14.408+0800: 6.008: Total time for which application threads were stopped: 0.0149057 seconds, Stopping threads took: 0.0000278 seconds
{Heap before GC invocations=226 (full 19):
 par new generation   total 188736K, used 187673K [0x00000000c0000000, 0x00000000cccc0000, 0x00000000cccc0000)
  eden space 167808K,  99% used [0x00000000c0000000, 0x00000000ca346440, 0x00000000ca3e0000)
  from space 20928K,  97% used [0x00000000ca3e0000, 0x00000000cb7e0140, 0x00000000cb850000)
  to   space 20928K,   0% used [0x00000000cb850000, 0x00000000cb850000, 0x00000000cccc0000)
 concurrent mark-sweep generation total 838912K, used 170024K [0x00000000cccc0000, 0x0000000100000000, 0x0000000100000000)
 Metaspace       used 3934K, capacity 4536K, committed 4864K, reserved 1056768K
  class space    used 425K, capacity 428K, committed 512K, reserved 1048576K
2024-07-26T01:31:14.423+0800: 6.023: [GC (Allocation Failure) 2024-07-26T01:31:14.423+0800: 6.023: [ParNew2024-07-26T01:31:14.432+0800: 6.032: [SoftReference, 0 refs, 0.0000318 secs]2024-07-26T01:31:14.432+0800: 6.032: [WeakReference, 0 refs, 0.0000045 secs]2024-07-26T01:31:14.432+0800: 6.032: [FinalReference, 0 refs, 0.0000042 secs]2024-07-26T01:31:14.432+0800: 6.032: [PhantomReference, 0 refs, 0.0000039 secs]2024-07-26T01:31:14.432+0800: 6.032: [JNI Weak Reference, 0.0000044 secs]
Desired survivor size 10715136 bytes, new threshold 1 (max 1)
- age   1:   20971840 bytes,   20971840 total
: 187673K->20480K(188736K), 0.0094406 secs] 357698K->221225K(1027648K), 0.0094807 secs] [Times: user=0.00 sys=0.00, real=0.01 secs] 
Heap after GC invocations=227 (full 19):
 par new generation   total 188736K, used 20480K [0x00000000c0000000, 0x00000000cccc0000, 0x00000000cccc0000)
  eden space 167808K,   0% used [0x00000000c0000000, 0x00000000c0000000, 0x00000000ca3e0000)
  from space 20928K,  97% used [0x00000000cb850000, 0x00000000ccc50140, 0x00000000cccc0000)
  to   space 20928K,   0% used [0x00000000ca3e0000, 0x00000000ca3e0000, 0x00000000cb850000)
 concurrent mark-sweep generation total 838912K, used 200745K [0x00000000cccc0000, 0x0000000100000000, 0x0000000100000000)
 Metaspace       used 3934K, capacity 4536K, committed 4864K, reserved 1056768K
  class space    used 425K, capacity 428K, committed 512K, reserved 1048576K
}
2024-07-26T01:31:14.432+0800: 6.032: Total time for which application threads were stopped: 0.0095976 seconds, Stopping threads took: 0.0000252 seconds
{Heap before GC invocations=227 (full 19):
 par new generation   total 188736K, used 187673K [0x00000000c0000000, 0x00000000cccc0000, 0x00000000cccc0000)
  eden space 167808K,  99% used [0x00000000c0000000, 0x00000000ca346440, 0x00000000ca3e0000)
  from space 20928K,  97% used [0x00000000cb850000, 0x00000000ccc50140, 0x00000000cccc0000)
  to   space 20928K,   0% used [0x00000000ca3e0000, 0x00000000ca3e0000, 0x00000000cb850000)
 concurrent mark-sweep generation total 838912K, used 200745K [0x00000000cccc0000, 0x0000000100000000, 0x0000000100000000)
 Metaspace       used 3934K, capacity 4536K, committed 4864K, reserved 1056768K
  class space    used 425K, capacity 428K, committed 512K, reserved 1048576K
2024-07-26T01:31:14.447+0800: 6.047: [GC (Allocation Failure) 2024-07-26T01:31:14.447+0800: 6.047: [ParNew2024-07-26T01:31:14.450+0800: 6.050: [SoftReference, 0 refs, 0.0000361 secs]2024-07-26T01:31:14.450+0800: 6.050: [WeakReference, 0 refs, 0.0000045 secs]2024-07-26T01:31:14.450+0800: 6.050: [FinalReference, 0 refs, 0.0000041 secs]2024-07-26T01:31:14.450+0800: 6.050: [PhantomReference, 0 refs, 0.0000040 secs]2024-07-26T01:31:14.450+0800: 6.050: [JNI Weak Reference, 0.0000040 secs]
Desired survivor size 10715136 bytes, new threshold 1 (max 1)
- age   1:   11534512 bytes,   11534512 total
: 187673K->11264K(188736K), 0.0035535 secs] 388418K->212009K(1027648K), 0.0035907 secs] [Times: user=0.00 sys=0.00, real=0.00 secs] 
Heap after GC invocations=228 (full 19):
 par new generation   total 188736K, used 11264K [0x00000000c0000000, 0x00000000cccc0000, 0x00000000cccc0000)
  eden space 167808K,   0% used [0x00000000c0000000, 0x00000000c0000000, 0x00000000ca3e0000)
  from space 20928K,  53% used [0x00000000ca3e0000, 0x00000000caee00b0, 0x00000000cb850000)
  to   space 20928K,   0% used [0x00000000cb850000, 0x00000000cb850000, 0x00000000cccc0000)
 concurrent mark-sweep generation total 838912K, used 200745K [0x00000000cccc0000, 0x0000000100000000, 0x0000000100000000)
 Metaspace       used 3934K, capacity 4536K, committed 4864K, reserved 1056768K
  class space    used 425K, capacity 428K, committed 512K, reserved 1048576K
}
2024-07-26T01:31:14.451+0800: 6.050: Total time for which application threads were stopped: 0.0037066 seconds, Stopping threads took: 0.0000243 seconds
{Heap before GC invocations=228 (full 19):
 par new generation   total 188736K, used 178457K [0x00000000c0000000, 0x00000000cccc0000, 0x00000000cccc0000)
  eden space 167808K,  99% used [0x00000000c0000000, 0x00000000ca346440, 0x00000000ca3e0000)
  from space 20928K,  53% used [0x00000000ca3e0000, 0x00000000caee00b0, 0x00000000cb850000)
  to   space 20928K,   0% used [0x00000000cb850000, 0x00000000cb850000, 0x00000000cccc0000)
 concurrent mark-sweep generation total 838912K, used 200745K [0x00000000cccc0000, 0x0000000100000000, 0x0000000100000000)
 Metaspace       used 3934K, capacity 4536K, committed 4864K, reserved 1056768K
  class space    used 425K, capacity 428K, committed 512K, reserved 1048576K
2024-07-26T01:31:14.465+0800: 6.065: [GC (Allocation Failure) 2024-07-26T01:31:14.465+0800: 6.065: [ParNew2024-07-26T01:31:14.478+0800: 6.077: [SoftReference, 0 refs, 0.0000499 secs]2024-07-26T01:31:14.478+0800: 6.077: [WeakReference, 0 refs, 0.0000046 secs]2024-07-26T01:31:14.478+0800: 6.077: [FinalReference, 0 refs, 0.0000040 secs]2024-07-26T01:31:14.478+0800: 6.077: [PhantomReference, 0 refs, 0.0000038 secs]2024-07-26T01:31:14.478+0800: 6.077: [JNI Weak Reference, 0.0000046 secs]
Desired survivor size 10715136 bytes, new threshold 1 (max 1)
- age   1:   20971840 bytes,   20971840 total
: 178457K->20480K(188736K), 0.0122834 secs] 379202K->275498K(1027648K), 0.0123230 secs] [Times: user=0.00 sys=0.00, real=0.01 secs] 
Heap after GC invocations=229 (full 19):
 par new generation   total 188736K, used 20480K [0x00000000c0000000, 0x00000000cccc0000, 0x00000000cccc0000)
  eden space 167808K,   0% used [0x00000000c0000000, 0x00000000c0000000, 0x00000000ca3e0000)
  from space 20928K,  97% used [0x00000000cb850000, 0x00000000ccc50140, 0x00000000cccc0000)
  to   space 20928K,   0% used [0x00000000ca3e0000, 0x00000000ca3e0000, 0x00000000cb850000)
 concurrent mark-sweep generation total 838912K, used 255018K [0x00000000cccc0000, 0x0000000100000000, 0x0000000100000000)
 Metaspace       used 3934K, capacity 4536K, committed 4864K, reserved 1056768K
  class space    used 425K, capacity 428K, committed 512K, reserved 1048576K
}
2024-07-26T01:31:14.478+0800: 6.077: Total time for which application threads were stopped: 0.0124323 seconds, Stopping threads took: 0.0000215 seconds
{Heap before GC invocations=229 (full 19):
 par new generation   total 188736K, used 187673K [0x00000000c0000000, 0x00000000cccc0000, 0x00000000cccc0000)
  eden space 167808K,  99% used [0x00000000c0000000, 0x00000000ca346440, 0x00000000ca3e0000)
  from space 20928K,  97% used [0x00000000cb850000, 0x00000000ccc50140, 0x00000000cccc0000)
  to   space 20928K,   0% used [0x00000000ca3e0000, 0x00000000ca3e0000, 0x00000000cb850000)
 concurrent mark-sweep generation total 838912K, used 255018K [0x00000000cccc0000, 0x0000000100000000, 0x0000000100000000)
 Metaspace       used 3934K, capacity 4536K, committed 4864K, reserved 1056768K
  class space    used 425K, capacity 428K, committed 512K, reserved 1048576K
2024-07-26T01:31:14.492+0800: 6.091: [GC (Allocation Failure) 2024-07-26T01:31:14.492+0800: 6.091: [ParNew2024-07-26T01:31:14.499+0800: 6.098: [SoftReference, 0 refs, 0.0000368 secs]2024-07-26T01:31:14.499+0800: 6.098: [WeakReference, 0 refs, 0.0000045 secs]2024-07-26T01:31:14.499+0800: 6.098: [FinalReference, 0 refs, 0.0000040 secs]2024-07-26T01:31:14.499+0800: 6.098: [PhantomReference, 0 refs, 0.0000037 secs]2024-07-26T01:31:14.499+0800: 6.098: [JNI Weak Reference, 0.0000041 secs]
Desired survivor size 10715136 bytes, new threshold 1 (max 1)
- age   1:   20971840 bytes,   20971840 total
: 187673K->20480K(188736K), 0.0072436 secs] 442691K->289836K(1027648K), 0.0072834 secs] [Times: user=0.02 sys=0.00, real=0.01 secs] 
Heap after GC invocations=230 (full 19):
 par new generation   total 188736K, used 20480K [0x00000000c0000000, 0x00000000cccc0000, 0x00000000cccc0000)
  eden space 167808K,   0% used [0x00000000c0000000, 0x00000000c0000000, 0x00000000ca3e0000)
  from space 20928K,  97% used [0x00000000ca3e0000, 0x00000000cb7e0140, 0x00000000cb850000)
  to   space 20928K,   0% used [0x00000000cb850000, 0x00000000cb850000, 0x00000000cccc0000)
 concurrent mark-sweep generation total 838912K, used 269356K [0x00000000cccc0000, 0x0000000100000000, 0x0000000100000000)
 Metaspace       used 3934K, capacity 4536K, committed 4864K, reserved 1056768K
  class space    used 425K, capacity 428K, committed 512K, reserved 1048576K
}
2024-07-26T01:31:14.499+0800: 6.099: Total time for which application threads were stopped: 0.0074057 seconds, Stopping threads took: 0.0000257 seconds
{Heap before GC invocations=230 (full 19):
 par new generation   total 188736K, used 187673K [0x00000000c0000000, 0x00000000cccc0000, 0x00000000cccc0000)
  eden space 167808K,  99% used [0x00000000c0000000, 0x00000000ca346440, 0x00000000ca3e0000)
  from space 20928K,  97% used [0x00000000ca3e0000, 0x00000000cb7e0140, 0x00000000cb850000)
  to   space 20928K,   0% used [0x00000000cb850000, 0x00000000cb850000, 0x00000000cccc0000)
 concurrent mark-sweep generation total 838912K, used 269356K [0x00000000cccc0000, 0x0000000100000000, 0x0000000100000000)
 Metaspace       used 3934K, capacity 4536K, committed 4864K, reserved 1056768K
  class space    used 425K, capacity 428K, committed 512K, reserved 1048576K
2024-07-26T01:31:14.514+0800: 6.114: [GC (Allocation Failure) 2024-07-26T01:31:14.514+0800: 6.114: [ParNew2024-07-26T01:31:14.531+0800: 6.130: [SoftReference, 0 refs, 0.0000301 secs]2024-07-26T01:31:14.531+0800: 6.130: [WeakReference, 0 refs, 0.0000041 secs]2024-07-26T01:31:14.531+0800: 6.130: [FinalReference, 0 refs, 0.0000036 secs]2024-07-26T01:31:14.531+0800: 6.130: [PhantomReference, 0 refs, 0.0000034 secs]2024-07-26T01:31:14.531+0800: 6.130: [JNI Weak Reference, 0.0000041 secs]
Desired survivor size 10715136 bytes, new threshold 1 (max 1)
- age   1:   20971840 bytes,   20971840 total
: 187673K->20480K(188736K), 0.0163829 secs] 457029K->367661K(1027648K), 0.0164249 secs] [Times: user=0.02 sys=0.00, real=0.02 secs] 
Heap after GC invocations=231 (full 19):
 par new generation   total 188736K, used 20480K [0x00000000c0000000, 0x00000000cccc0000, 0x00000000cccc0000)
  eden space 167808K,   0% used [0x00000000c0000000, 0x00000000c0000000, 0x00000000ca3e0000)
  from space 20928K,  97% used [0x00000000cb850000, 0x00000000ccc50140, 0x00000000cccc0000)
  to   space 20928K,   0% used [0x00000000ca3e0000, 0x00000000ca3e0000, 0x00000000cb850000)
 concurrent mark-sweep generation total 838912K, used 347181K [0x00000000cccc0000, 0x0000000100000000, 0x0000000100000000)
 Metaspace       used 3934K, capacity 4536K, committed 4864K, reserved 1056768K
  class space    used 425K, capacity 428K, committed 512K, reserved 1048576K
}
2024-07-26T01:31:14.531+0800: 6.130: Total time for which application threads were stopped: 0.0165339 seconds, Stopping threads took: 0.0000226 seconds
2024-07-26T01:31:14.531+0800: 6.130: [GC (CMS Initial Mark) [1 CMS-initial-mark: 347181K(838912K)] 373060K(1027648K), 0.0003490 secs] [Times: user=0.00 sys=0.00, real=0.00 secs] 
2024-07-26T01:31:14.532+0800: 6.131: Total time for which application threads were stopped: 0.0004032 seconds, Stopping threads took: 0.0000314 seconds
2024-07-26T01:31:14.532+0800: 6.131: [CMS-concurrent-mark-start]
2024-07-26T01:31:14.534+0800: 6.133: [CMS-concurrent-mark: 0.002/0.002 secs] [Times: user=0.00 sys=0.00, real=0.00 secs] 
2024-07-26T01:31:14.534+0800: 6.133: [CMS-concurrent-preclean-start]
2024-07-26T01:31:14.534+0800: 6.133: [Preclean SoftReferences, 0.0000050 secs]2024-07-26T01:31:14.534+0800: 6.133: [Preclean WeakReferences, 0.0000042 secs]2024-07-26T01:31:14.534+0800: 6.133: [Preclean FinalReferences, 0.0000031 secs]2024-07-26T01:31:14.534+0800: 6.133: [Preclean PhantomReferences, 0.0000031 secs]2024-07-26T01:31:14.535+0800: 6.134: [CMS-concurrent-preclean: 0.001/0.001 secs] [Times: user=0.00 sys=0.00, real=0.00 secs] 
2024-07-26T01:31:14.535+0800: 6.134: [CMS-concurrent-abortable-preclean-start]
{Heap before GC invocations=231 (full 20):
 par new generation   total 188736K, used 187673K [0x00000000c0000000, 0x00000000cccc0000, 0x00000000cccc0000)
  eden space 167808K,  99% used [0x00000000c0000000, 0x00000000ca346440, 0x00000000ca3e0000)
  from space 20928K,  97% used [0x00000000cb850000, 0x00000000ccc50140, 0x00000000cccc0000)
  to   space 20928K,   0% used [0x00000000ca3e0000, 0x00000000ca3e0000, 0x00000000cb850000)
 concurrent mark-sweep generation total 838912K, used 347181K [0x00000000cccc0000, 0x0000000100000000, 0x0000000100000000)
 Metaspace       used 3934K, capacity 4536K, committed 4864K, reserved 1056768K
  class space    used 425K, capacity 428K, committed 512K, reserved 1048576K
2024-07-26T01:31:14.547+0800: 6.147: [GC (Allocation Failure) 2024-07-26T01:31:14.547+0800: 6.147: [ParNew2024-07-26T01:31:14.556+0800: 6.156: [SoftReference, 0 refs, 0.0000395 secs]2024-07-26T01:31:14.556+0800: 6.156: [WeakReference, 0 refs, 0.0000046 secs]2024-07-26T01:31:14.556+0800: 6.156: [FinalReference, 0 refs, 0.0000089 secs]2024-07-26T01:31:14.556+0800: 6.156: [PhantomReference, 0 refs, 0.0000039 secs]2024-07-26T01:31:14.556+0800: 6.156: [JNI Weak Reference, 0.0000044 secs]
Desired survivor size 10715136 bytes, new threshold 1 (max 1)
- age   1:   20971840 bytes,   20971840 total
: 187673K->20480K(188736K), 0.0096053 secs] 534855K->405552K(1027648K), 0.0096563 secs] [Times: user=0.00 sys=0.00, real=0.01 secs] 
Heap after GC invocations=232 (full 20):
 par new generation   total 188736K, used 20480K [0x00000000c0000000, 0x00000000cccc0000, 0x00000000cccc0000)
  eden space 167808K,   0% used [0x00000000c0000000, 0x00000000c0000000, 0x00000000ca3e0000)
  from space 20928K,  97% used [0x00000000ca3e0000, 0x00000000cb7e0140, 0x00000000cb850000)
  to   space 20928K,   0% used [0x00000000cb850000, 0x00000000cb850000, 0x00000000cccc0000)
 concurrent mark-sweep generation total 838912K, used 385072K [0x00000000cccc0000, 0x0000000100000000, 0x0000000100000000)
 Metaspace       used 3934K, capacity 4536K, committed 4864K, reserved 1056768K
  class space    used 425K, capacity 428K, committed 512K, reserved 1048576K
}
2024-07-26T01:31:14.556+0800: 6.156: Total time for which application threads were stopped: 0.0098036 seconds, Stopping threads took: 0.0000427 seconds
{Heap before GC invocations=232 (full 20):
 par new generation   total 188736K, used 187673K [0x00000000c0000000, 0x00000000cccc0000, 0x00000000cccc0000)
  eden space 167808K,  99% used [0x00000000c0000000, 0x00000000ca346440, 0x00000000ca3e0000)
  from space 20928K,  97% used [0x00000000ca3e0000, 0x00000000cb7e0140, 0x00000000cb850000)
  to   space 20928K,   0% used [0x00000000cb850000, 0x00000000cb850000, 0x00000000cccc0000)
 concurrent mark-sweep generation total 838912K, used 385072K [0x00000000cccc0000, 0x0000000100000000, 0x0000000100000000)
 Metaspace       used 3934K, capacity 4536K, committed 4864K, reserved 1056768K
  class space    used 425K, capacity 428K, committed 512K, reserved 1048576K
2024-07-26T01:31:14.571+0800: 6.170: [GC (Allocation Failure) 2024-07-26T01:31:14.571+0800: 6.170: [ParNew2024-07-26T01:31:14.574+0800: 6.174: [SoftReference, 0 refs, 0.0000471 secs]2024-07-26T01:31:14.574+0800: 6.174: [WeakReference, 0 refs, 0.0000075 secs]2024-07-26T01:31:14.574+0800: 6.174: [FinalReference, 0 refs, 0.0000067 secs]2024-07-26T01:31:14.574+0800: 6.174: [PhantomReference, 0 refs, 0.0000066 secs]2024-07-26T01:31:14.574+0800: 6.174: [JNI Weak Reference, 0.0000069 secs]
Desired survivor size 10715136 bytes, new threshold 1 (max 1)
- age   1:   18874656 bytes,   18874656 total
: 187673K->18432K(188736K), 0.0040752 secs] 572745K->403504K(1027648K), 0.0041220 secs] [Times: user=0.02 sys=0.00, real=0.00 secs] 
Heap after GC invocations=233 (full 20):
 par new generation   total 188736K, used 18432K [0x00000000c0000000, 0x00000000cccc0000, 0x00000000cccc0000)
  eden space 167808K,   0% used [0x00000000c0000000, 0x00000000c0000000, 0x00000000ca3e0000)
  from space 20928K,  88% used [0x00000000cb850000, 0x00000000cca50120, 0x00000000cccc0000)
  to   space 20928K,   0% used [0x00000000ca3e0000, 0x00000000ca3e0000, 0x00000000cb850000)
 concurrent mark-sweep generation total 838912K, used 385072K [0x00000000cccc0000, 0x0000000100000000, 0x0000000100000000)
 Metaspace       used 3934K, capacity 4536K, committed 4864K, reserved 1056768K
  class space    used 425K, capacity 428K, committed 512K, reserved 1048576K
}
2024-07-26T01:31:14.574+0800: 6.174: Total time for which application threads were stopped: 0.0042681 seconds, Stopping threads took: 0.0000287 seconds
{Heap before GC invocations=233 (full 20):
 par new generation   total 188736K, used 185625K [0x00000000c0000000, 0x00000000cccc0000, 0x00000000cccc0000)
  eden space 167808K,  99% used [0x00000000c0000000, 0x00000000ca346440, 0x00000000ca3e0000)
  from space 20928K,  88% used [0x00000000cb850000, 0x00000000cca50120, 0x00000000cccc0000)
  to   space 20928K,   0% used [0x00000000ca3e0000, 0x00000000ca3e0000, 0x00000000cb850000)
 concurrent mark-sweep generation total 838912K, used 385072K [0x00000000cccc0000, 0x0000000100000000, 0x0000000100000000)
 Metaspace       used 3934K, capacity 4536K, committed 4864K, reserved 1056768K
  class space    used 425K, capacity 428K, committed 512K, reserved 1048576K
2024-07-26T01:31:14.589+0800: 6.189: [GC (Allocation Failure) 2024-07-26T01:31:14.589+0800: 6.189: [ParNew2024-07-26T01:31:14.605+0800: 6.204: [SoftReference, 0 refs, 0.0000407 secs]2024-07-26T01:31:14.605+0800: 6.205: [WeakReference, 0 refs, 0.0000081 secs]2024-07-26T01:31:14.605+0800: 6.205: [FinalReference, 0 refs, 0.0000073 secs]2024-07-26T01:31:14.605+0800: 6.205: [PhantomReference, 0 refs, 0.0000071 secs]2024-07-26T01:31:14.605+0800: 6.205: [JNI Weak Reference, 0.0000076 secs]
Desired survivor size 10715136 bytes, new threshold 1 (max 1)
- age   1:   20971840 bytes,   20971840 total
: 185625K->20480K(188736K), 0.0156130 secs] 570697K->466995K(1027648K), 0.0156702 secs] [Times: user=0.09 sys=0.00, real=0.02 secs] 
Heap after GC invocations=234 (full 20):
 par new generation   total 188736K, used 20480K [0x00000000c0000000, 0x00000000cccc0000, 0x00000000cccc0000)
  eden space 167808K,   0% used [0x00000000c0000000, 0x00000000c0000000, 0x00000000ca3e0000)
  from space 20928K,  97% used [0x00000000ca3e0000, 0x00000000cb7e0140, 0x00000000cb850000)
  to   space 20928K,   0% used [0x00000000cb850000, 0x00000000cb850000, 0x00000000cccc0000)
 concurrent mark-sweep generation total 838912K, used 446515K [0x00000000cccc0000, 0x0000000100000000, 0x0000000100000000)
 Metaspace       used 3934K, capacity 4536K, committed 4864K, reserved 1056768K
  class space    used 425K, capacity 428K, committed 512K, reserved 1048576K
}
2024-07-26T01:31:14.605+0800: 6.205: Total time for which application threads were stopped: 0.0158228 seconds, Stopping threads took: 0.0000327 seconds
{Heap before GC invocations=234 (full 20):
 par new generation   total 188736K, used 187673K [0x00000000c0000000, 0x00000000cccc0000, 0x00000000cccc0000)
  eden space 167808K,  99% used [0x00000000c0000000, 0x00000000ca346440, 0x00000000ca3e0000)
  from space 20928K,  97% used [0x00000000ca3e0000, 0x00000000cb7e0140, 0x00000000cb850000)
  to   space 20928K,   0% used [0x00000000cb850000, 0x00000000cb850000, 0x00000000cccc0000)
 concurrent mark-sweep generation total 838912K, used 446515K [0x00000000cccc0000, 0x0000000100000000, 0x0000000100000000)
 Metaspace       used 3934K, capacity 4536K, committed 4864K, reserved 1056768K
  class space    used 425K, capacity 428K, committed 512K, reserved 1048576K
2024-07-26T01:31:14.620+0800: 6.220: [GC (Allocation Failure) 2024-07-26T01:31:14.620+0800: 6.220: [ParNew2024-07-26T01:31:14.627+0800: 6.226: [SoftReference, 0 refs, 0.0000515 secs]2024-07-26T01:31:14.627+0800: 6.227: [WeakReference, 0 refs, 0.0000046 secs]2024-07-26T01:31:14.627+0800: 6.227: [FinalReference, 0 refs, 0.0000037 secs]2024-07-26T01:31:14.627+0800: 6.227: [PhantomReference, 0 refs, 0.0000038 secs]2024-07-26T01:31:14.627+0800: 6.227: [JNI Weak Reference, 0.0000050 secs]
Desired survivor size 10715136 bytes, new threshold 1 (max 1)
- age   1:   20971840 bytes,   20971840 total
: 187673K->20480K(188736K), 0.0067019 secs] 634188K->488499K(1027648K), 0.0067451 secs] [Times: user=0.02 sys=0.00, real=0.01 secs] 
Heap after GC invocations=235 (full 20):
 par new generation   total 188736K, used 20480K [0x00000000c0000000, 0x00000000cccc0000, 0x00000000cccc0000)
  eden space 167808K,   0% used [0x00000000c0000000, 0x00000000c0000000, 0x00000000ca3e0000)
  from space 20928K,  97% used [0x00000000cb850000, 0x00000000ccc50140, 0x00000000cccc0000)
  to   space 20928K,   0% used [0x00000000ca3e0000, 0x00000000ca3e0000, 0x00000000cb850000)
 concurrent mark-sweep generation total 838912K, used 468019K [0x00000000cccc0000, 0x0000000100000000, 0x0000000100000000)
 Metaspace       used 3934K, capacity 4536K, committed 4864K, reserved 1056768K
  class space    used 425K, capacity 428K, committed 512K, reserved 1048576K
}
2024-07-26T01:31:14.627+0800: 6.227: Total time for which application threads were stopped: 0.0068706 seconds, Stopping threads took: 0.0000263 seconds
{Heap before GC invocations=235 (full 20):
 par new generation   total 188736K, used 187673K [0x00000000c0000000, 0x00000000cccc0000, 0x00000000cccc0000)
  eden space 167808K,  99% used [0x00000000c0000000, 0x00000000ca346440, 0x00000000ca3e0000)
  from space 20928K,  97% used [0x00000000cb850000, 0x00000000ccc50140, 0x00000000cccc0000)
  to   space 20928K,   0% used [0x00000000ca3e0000, 0x00000000ca3e0000, 0x00000000cb850000)
 concurrent mark-sweep generation total 838912K, used 468019K [0x00000000cccc0000, 0x0000000100000000, 0x0000000100000000)
 Metaspace       used 3934K, capacity 4536K, committed 4864K, reserved 1056768K
  class space    used 425K, capacity 428K, committed 512K, reserved 1048576K
2024-07-26T01:31:14.642+0800: 6.242: [GC (Allocation Failure) 2024-07-26T01:31:14.642+0800: 6.242: [ParNew2024-07-26T01:31:14.644+0800: 6.243: [SoftReference, 0 refs, 0.0000577 secs]2024-07-26T01:31:14.644+0800: 6.243: [WeakReference, 0 refs, 0.0000089 secs]2024-07-26T01:31:14.644+0800: 6.243: [FinalReference, 0 refs, 0.0000074 secs]2024-07-26T01:31:14.644+0800: 6.243: [PhantomReference, 0 refs, 0.0000073 secs]2024-07-26T01:31:14.644+0800: 6.244: [JNI Weak Reference, 0.0000072 secs]
Desired survivor size 10715136 bytes, new threshold 1 (max 1)
- age   1:    2097184 bytes,    2097184 total
: 187673K->2048K(188736K), 0.0015046 secs] 655692K->470067K(1027648K), 0.0015864 secs] [Times: user=0.00 sys=0.00, real=0.00 secs] 
Heap after GC invocations=236 (full 20):
 par new generation   total 188736K, used 2048K [0x00000000c0000000, 0x00000000cccc0000, 0x00000000cccc0000)
  eden space 167808K,   0% used [0x00000000c0000000, 0x00000000c0000000, 0x00000000ca3e0000)
  from space 20928K,   9% used [0x00000000ca3e0000, 0x00000000ca5e0020, 0x00000000cb850000)
  to   space 20928K,   0% used [0x00000000cb850000, 0x00000000cb850000, 0x00000000cccc0000)
 concurrent mark-sweep generation total 838912K, used 468019K [0x00000000cccc0000, 0x0000000100000000, 0x0000000100000000)
 Metaspace       used 3934K, capacity 4536K, committed 4864K, reserved 1056768K
  class space    used 425K, capacity 428K, committed 512K, reserved 1048576K
}
2024-07-26T01:31:14.644+0800: 6.244: Total time for which application threads were stopped: 0.0017831 seconds, Stopping threads took: 0.0000391 seconds
{Heap before GC invocations=236 (full 20):
 par new generation   total 188736K, used 169241K [0x00000000c0000000, 0x00000000cccc0000, 0x00000000cccc0000)
  eden space 167808K,  99% used [0x00000000c0000000, 0x00000000ca346440, 0x00000000ca3e0000)
  from space 20928K,   9% used [0x00000000ca3e0000, 0x00000000ca5e0020, 0x00000000cb850000)
  to   space 20928K,   0% used [0x00000000cb850000, 0x00000000cb850000, 0x00000000cccc0000)
 concurrent mark-sweep generation total 838912K, used 468019K [0x00000000cccc0000, 0x0000000100000000, 0x0000000100000000)
 Metaspace       used 3934K, capacity 4536K, committed 4864K, reserved 1056768K
  class space    used 425K, capacity 428K, committed 512K, reserved 1048576K
2024-07-26T01:31:14.661+0800: 6.261: [GC (Allocation Failure) 2024-07-26T01:31:14.661+0800: 6.261: [ParNew2024-07-26T01:31:14.675+0800: 6.274: [SoftReference, 0 refs, 0.0000340 secs]2024-07-26T01:31:14.675+0800: 6.274: [WeakReference, 0 refs, 0.0000044 secs]2024-07-26T01:31:14.675+0800: 6.274: [FinalReference, 0 refs, 0.0000041 secs]2024-07-26T01:31:14.675+0800: 6.274: [PhantomReference, 0 refs, 0.0000037 secs]2024-07-26T01:31:14.675+0800: 6.274: [JNI Weak Reference, 0.0000042 secs]
Desired survivor size 10715136 bytes, new threshold 1 (max 1)
- age   1:   20971840 bytes,   20971840 total
: 169241K->20480K(188736K), 0.0127633 secs] 637260K->533558K(1027648K), 0.0128050 secs] [Times: user=0.02 sys=0.00, real=0.01 secs] 
Heap after GC invocations=237 (full 20):
 par new generation   total 188736K, used 20480K [0x00000000c0000000, 0x00000000cccc0000, 0x00000000cccc0000)
  eden space 167808K,   0% used [0x00000000c0000000, 0x00000000c0000000, 0x00000000ca3e0000)
  from space 20928K,  97% used [0x00000000cb850000, 0x00000000ccc50140, 0x00000000cccc0000)
  to   space 20928K,   0% used [0x00000000ca3e0000, 0x00000000ca3e0000, 0x00000000cb850000)
 concurrent mark-sweep generation total 838912K, used 513078K [0x00000000cccc0000, 0x0000000100000000, 0x0000000100000000)
 Metaspace       used 3934K, capacity 4536K, committed 4864K, reserved 1056768K
  class space    used 425K, capacity 428K, committed 512K, reserved 1048576K
}
2024-07-26T01:31:14.675+0800: 6.274: Total time for which application threads were stopped: 0.0129319 seconds, Stopping threads took: 0.0000259 seconds
{Heap before GC invocations=237 (full 20):
 par new generation   total 188736K, used 187673K [0x00000000c0000000, 0x00000000cccc0000, 0x00000000cccc0000)
  eden space 167808K,  99% used [0x00000000c0000000, 0x00000000ca346440, 0x00000000ca3e0000)
  from space 20928K,  97% used [0x00000000cb850000, 0x00000000ccc50140, 0x00000000cccc0000)
  to   space 20928K,   0% used [0x00000000ca3e0000, 0x00000000ca3e0000, 0x00000000cb850000)
 concurrent mark-sweep generation total 838912K, used 513078K [0x00000000cccc0000, 0x0000000100000000, 0x0000000100000000)
 Metaspace       used 3934K, capacity 4536K, committed 4864K, reserved 1056768K
  class space    used 425K, capacity 428K, committed 512K, reserved 1048576K
2024-07-26T01:31:14.689+0800: 6.289: [GC (Allocation Failure) 2024-07-26T01:31:14.689+0800: 6.289: [ParNew2024-07-26T01:31:14.694+0800: 6.293: [SoftReference, 0 refs, 0.0000801 secs]2024-07-26T01:31:14.694+0800: 6.293: [WeakReference, 0 refs, 0.0000083 secs]2024-07-26T01:31:14.694+0800: 6.293: [FinalReference, 0 refs, 0.0000071 secs]2024-07-26T01:31:14.694+0800: 6.293: [PhantomReference, 0 refs, 0.0000071 secs]2024-07-26T01:31:14.694+0800: 6.293: [JNI Weak Reference, 0.0000070 secs]
Desired survivor size 10715136 bytes, new threshold 1 (max 1)
- age   1:   20971840 bytes,   20971840 total
: 187673K->20480K(188736K), 0.0042282 secs] 700751K->538678K(1027648K), 0.0042784 secs] [Times: user=0.00 sys=0.00, real=0.01 secs] 
Heap after GC invocations=238 (full 20):
 par new generation   total 188736K, used 20480K [0x00000000c0000000, 0x00000000cccc0000, 0x00000000cccc0000)
  eden space 167808K,   0% used [0x00000000c0000000, 0x00000000c0000000, 0x00000000ca3e0000)
  from space 20928K,  97% used [0x00000000ca3e0000, 0x00000000cb7e0140, 0x00000000cb850000)
  to   space 20928K,   0% used [0x00000000cb850000, 0x00000000cb850000, 0x00000000cccc0000)
 concurrent mark-sweep generation total 838912K, used 518198K [0x00000000cccc0000, 0x0000000100000000, 0x0000000100000000)
 Metaspace       used 3934K, capacity 4536K, committed 4864K, reserved 1056768K
  class space    used 425K, capacity 428K, committed 512K, reserved 1048576K
}
2024-07-26T01:31:14.694+0800: 6.293: Total time for which application threads were stopped: 0.0044190 seconds, Stopping threads took: 0.0000239 seconds
{Heap before GC invocations=238 (full 20):
 par new generation   total 188736K, used 187673K [0x00000000c0000000, 0x00000000cccc0000, 0x00000000cccc0000)
  eden space 167808K,  99% used [0x00000000c0000000, 0x00000000ca346440, 0x00000000ca3e0000)
  from space 20928K,  97% used [0x00000000ca3e0000, 0x00000000cb7e0140, 0x00000000cb850000)
  to   space 20928K,   0% used [0x00000000cb850000, 0x00000000cb850000, 0x00000000cccc0000)
 concurrent mark-sweep generation total 838912K, used 518198K [0x00000000cccc0000, 0x0000000100000000, 0x0000000100000000)
 Metaspace       used 3934K, capacity 4536K, committed 4864K, reserved 1056768K
  class space    used 425K, capacity 428K, committed 512K, reserved 1048576K
2024-07-26T01:31:14.708+0800: 6.308: [GC (Allocation Failure) 2024-07-26T01:31:14.708+0800: 6.308: [ParNew2024-07-26T01:31:14.723+0800: 6.322: [SoftReference, 0 refs, 0.0000327 secs]2024-07-26T01:31:14.723+0800: 6.323: [WeakReference, 0 refs, 0.0000045 secs]2024-07-26T01:31:14.723+0800: 6.323: [FinalReference, 0 refs, 0.0000040 secs]2024-07-26T01:31:14.723+0800: 6.323: [PhantomReference, 0 refs, 0.0000054 secs]2024-07-26T01:31:14.724+0800: 6.323: [JNI Weak Reference, 0.0000061 secs]
Desired survivor size 10715136 bytes, new threshold 1 (max 1)
- age   1:   20971840 bytes,   20971840 total
: 187673K->20480K(188736K), 0.0149938 secs] 705871K->607287K(1027648K), 0.0150356 secs] [Times: user=0.05 sys=0.00, real=0.02 secs] 
Heap after GC invocations=239 (full 20):
 par new generation   total 188736K, used 20480K [0x00000000c0000000, 0x00000000cccc0000, 0x00000000cccc0000)
  eden space 167808K,   0% used [0x00000000c0000000, 0x00000000c0000000, 0x00000000ca3e0000)
  from space 20928K,  97% used [0x00000000cb850000, 0x00000000ccc50140, 0x00000000cccc0000)
  to   space 20928K,   0% used [0x00000000ca3e0000, 0x00000000ca3e0000, 0x00000000cb850000)
 concurrent mark-sweep generation total 838912K, used 586807K [0x00000000cccc0000, 0x0000000100000000, 0x0000000100000000)
 Metaspace       used 3934K, capacity 4536K, committed 4864K, reserved 1056768K
  class space    used 425K, capacity 428K, committed 512K, reserved 1048576K
}
2024-07-26T01:31:14.724+0800: 6.323: Total time for which application threads were stopped: 0.0151571 seconds, Stopping threads took: 0.0000271 seconds
{Heap before GC invocations=239 (full 20):
 par new generation   total 188736K, used 187673K [0x00000000c0000000, 0x00000000cccc0000, 0x00000000cccc0000)
  eden space 167808K,  99% used [0x00000000c0000000, 0x00000000ca346440, 0x00000000ca3e0000)
  from space 20928K,  97% used [0x00000000cb850000, 0x00000000ccc50140, 0x00000000cccc0000)
  to   space 20928K,   0% used [0x00000000ca3e0000, 0x00000000ca3e0000, 0x00000000cb850000)
 concurrent mark-sweep generation total 838912K, used 586807K [0x00000000cccc0000, 0x0000000100000000, 0x0000000100000000)
 Metaspace       used 3934K, capacity 4536K, committed 4864K, reserved 1056768K
  class space    used 425K, capacity 428K, committed 512K, reserved 1048576K
2024-07-26T01:31:14.737+0800: 6.337: [GC (Allocation Failure) 2024-07-26T01:31:14.737+0800: 6.337: [ParNew2024-07-26T01:31:14.745+0800: 6.345: [SoftReference, 0 refs, 0.0000286 secs]2024-07-26T01:31:14.745+0800: 6.345: [WeakReference, 0 refs, 0.0000042 secs]2024-07-26T01:31:14.745+0800: 6.345: [FinalReference, 0 refs, 0.0000038 secs]2024-07-26T01:31:14.745+0800: 6.345: [PhantomReference, 0 refs, 0.0000041 secs]2024-07-26T01:31:14.745+0800: 6.345: [JNI Weak Reference, 0.0000043 secs]
Desired survivor size 10715136 bytes, new threshold 1 (max 1)
- age   1:   20971840 bytes,   20971840 total
: 187673K->20480K(188736K), 0.0082596 secs] 774480K->635962K(1027648K), 0.0082982 secs] [Times: user=0.00 sys=0.00, real=0.01 secs] 
Heap after GC invocations=240 (full 20):
 par new generation   total 188736K, used 20480K [0x00000000c0000000, 0x00000000cccc0000, 0x00000000cccc0000)
  eden space 167808K,   0% used [0x00000000c0000000, 0x00000000c0000000, 0x00000000ca3e0000)
  from space 20928K,  97% used [0x00000000ca3e0000, 0x00000000cb7e0140, 0x00000000cb850000)
  to   space 20928K,   0% used [0x00000000cb850000, 0x00000000cb850000, 0x00000000cccc0000)
 concurrent mark-sweep generation total 838912K, used 615481K [0x00000000cccc0000, 0x0000000100000000, 0x0000000100000000)
 Metaspace       used 3934K, capacity 4536K, committed 4864K, reserved 1056768K
  class space    used 425K, capacity 428K, committed 512K, reserved 1048576K
}
2024-07-26T01:31:14.745+0800: 6.345: Total time for which application threads were stopped: 0.0084088 seconds, Stopping threads took: 0.0000245 seconds
{Heap before GC invocations=240 (full 20):
 par new generation   total 188736K, used 187673K [0x00000000c0000000, 0x00000000cccc0000, 0x00000000cccc0000)
  eden space 167808K,  99% used [0x00000000c0000000, 0x00000000ca346440, 0x00000000ca3e0000)
  from space 20928K,  97% used [0x00000000ca3e0000, 0x00000000cb7e0140, 0x00000000cb850000)
  to   space 20928K,   0% used [0x00000000cb850000, 0x00000000cb850000, 0x00000000cccc0000)
 concurrent mark-sweep generation total 838912K, used 615481K [0x00000000cccc0000, 0x0000000100000000, 0x0000000100000000)
 Metaspace       used 3934K, capacity 4536K, committed 4864K, reserved 1056768K
  class space    used 425K, capacity 428K, committed 512K, reserved 1048576K
2024-07-26T01:31:14.759+0800: 6.359: [GC (Allocation Failure) 2024-07-26T01:31:14.759+0800: 6.359: [ParNew2024-07-26T01:31:14.763+0800: 6.363: [SoftReference, 0 refs, 0.0000348 secs]2024-07-26T01:31:14.763+0800: 6.363: [WeakReference, 0 refs, 0.0000043 secs]2024-07-26T01:31:14.763+0800: 6.363: [FinalReference, 0 refs, 0.0000039 secs]2024-07-26T01:31:14.763+0800: 6.363: [PhantomReference, 0 refs, 0.0000040 secs]2024-07-26T01:31:14.763+0800: 6.363: [JNI Weak Reference, 0.0000047 secs]
Desired survivor size 10715136 bytes, new threshold 1 (max 1)
- age   1:    9437328 bytes,    9437328 total
: 187673K->9216K(188736K), 0.0035593 secs] 803155K->624698K(1027648K), 0.0036209 secs] [Times: user=0.06 sys=0.00, real=0.00 secs] 
Heap after GC invocations=241 (full 20):
 par new generation   total 188736K, used 9216K [0x00000000c0000000, 0x00000000cccc0000, 0x00000000cccc0000)
  eden space 167808K,   0% used [0x00000000c0000000, 0x00000000c0000000, 0x00000000ca3e0000)
  from space 20928K,  44% used [0x00000000cb850000, 0x00000000cc150090, 0x00000000cccc0000)
  to   space 20928K,   0% used [0x00000000ca3e0000, 0x00000000ca3e0000, 0x00000000cb850000)
 concurrent mark-sweep generation total 838912K, used 615481K [0x00000000cccc0000, 0x0000000100000000, 0x0000000100000000)
 Metaspace       used 3934K, capacity 4536K, committed 4864K, reserved 1056768K
  class space    used 425K, capacity 428K, committed 512K, reserved 1048576K
}
2024-07-26T01:31:14.763+0800: 6.363: Total time for which application threads were stopped: 0.0037444 seconds, Stopping threads took: 0.0000258 seconds
{Heap before GC invocations=241 (full 20):
 par new generation   total 188736K, used 176409K [0x00000000c0000000, 0x00000000cccc0000, 0x00000000cccc0000)
  eden space 167808K,  99% used [0x00000000c0000000, 0x00000000ca346440, 0x00000000ca3e0000)
  from space 20928K,  44% used [0x00000000cb850000, 0x00000000cc150090, 0x00000000cccc0000)
  to   space 20928K,   0% used [0x00000000ca3e0000, 0x00000000ca3e0000, 0x00000000cb850000)
 concurrent mark-sweep generation total 838912K, used 615481K [0x00000000cccc0000, 0x0000000100000000, 0x0000000100000000)
 Metaspace       used 3934K, capacity 4536K, committed 4864K, reserved 1056768K
  class space    used 425K, capacity 428K, committed 512K, reserved 1048576K
2024-07-26T01:31:14.780+0800: 6.380: [GC (Allocation Failure) 2024-07-26T01:31:14.780+0800: 6.380: [ParNew2024-07-26T01:31:14.795+0800: 6.394: [SoftReference, 0 refs, 0.0000360 secs]2024-07-26T01:31:14.795+0800: 6.394: [WeakReference, 0 refs, 0.0000044 secs]2024-07-26T01:31:14.795+0800: 6.394: [FinalReference, 0 refs, 0.0000040 secs]2024-07-26T01:31:14.795+0800: 6.394: [PhantomReference, 0 refs, 0.0000037 secs]2024-07-26T01:31:14.795+0800: 6.394: [JNI Weak Reference, 0.0000044 secs]
Desired survivor size 10715136 bytes, new threshold 1 (max 1)
- age   1:   20971840 bytes,   20971840 total
: 176409K->20480K(188736K), 0.0144045 secs] 791891K->688189K(1027648K), 0.0144476 secs] [Times: user=0.03 sys=0.00, real=0.02 secs] 
Heap after GC invocations=242 (full 20):
 par new generation   total 188736K, used 20480K [0x00000000c0000000, 0x00000000cccc0000, 0x00000000cccc0000)
  eden space 167808K,   0% used [0x00000000c0000000, 0x00000000c0000000, 0x00000000ca3e0000)
  from space 20928K,  97% used [0x00000000ca3e0000, 0x00000000cb7e0140, 0x00000000cb850000)
  to   space 20928K,   0% used [0x00000000cb850000, 0x00000000cb850000, 0x00000000cccc0000)
 concurrent mark-sweep generation total 838912K, used 667708K [0x00000000cccc0000, 0x0000000100000000, 0x0000000100000000)
 Metaspace       used 3934K, capacity 4536K, committed 4864K, reserved 1056768K
  class space    used 425K, capacity 428K, committed 512K, reserved 1048576K
}
2024-07-26T01:31:14.795+0800: 6.394: Total time for which application threads were stopped: 0.0145749 seconds, Stopping threads took: 0.0000295 seconds
{Heap before GC invocations=242 (full 20):
 par new generation   total 188736K, used 187673K [0x00000000c0000000, 0x00000000cccc0000, 0x00000000cccc0000)
  eden space 167808K,  99% used [0x00000000c0000000, 0x00000000ca346440, 0x00000000ca3e0000)
  from space 20928K,  97% used [0x00000000ca3e0000, 0x00000000cb7e0140, 0x00000000cb850000)
  to   space 20928K,   0% used [0x00000000cb850000, 0x00000000cb850000, 0x00000000cccc0000)
 concurrent mark-sweep generation total 838912K, used 667708K [0x00000000cccc0000, 0x0000000100000000, 0x0000000100000000)
 Metaspace       used 3934K, capacity 4536K, committed 4864K, reserved 1056768K
  class space    used 425K, capacity 428K, committed 512K, reserved 1048576K
2024-07-26T01:31:14.810+0800: 6.409: [GC (Allocation Failure) 2024-07-26T01:31:14.810+0800: 6.409: [ParNew2024-07-26T01:31:14.815+0800: 6.414: [SoftReference, 0 refs, 0.0000389 secs]2024-07-26T01:31:14.815+0800: 6.414: [WeakReference, 0 refs, 0.0000043 secs]2024-07-26T01:31:14.815+0800: 6.414: [FinalReference, 0 refs, 0.0000038 secs]2024-07-26T01:31:14.815+0800: 6.414: [PhantomReference, 0 refs, 0.0000036 secs]2024-07-26T01:31:14.815+0800: 6.414: [JNI Weak Reference, 0.0000045 secs]
Desired survivor size 10715136 bytes, new threshold 1 (max 1)
- age   1:   20971840 bytes,   20971840 total
: 187673K->20480K(188736K), 0.0054353 secs] 855382K->700477K(1027648K), 0.0054828 secs] [Times: user=0.00 sys=0.00, real=0.01 secs] 
Heap after GC invocations=243 (full 20):
 par new generation   total 188736K, used 20480K [0x00000000c0000000, 0x00000000cccc0000, 0x00000000cccc0000)
  eden space 167808K,   0% used [0x00000000c0000000, 0x00000000c0000000, 0x00000000ca3e0000)
  from space 20928K,  97% used [0x00000000cb850000, 0x00000000ccc50140, 0x00000000cccc0000)
  to   space 20928K,   0% used [0x00000000ca3e0000, 0x00000000ca3e0000, 0x00000000cb850000)
 concurrent mark-sweep generation total 838912K, used 679996K [0x00000000cccc0000, 0x0000000100000000, 0x0000000100000000)
 Metaspace       used 3934K, capacity 4536K, committed 4864K, reserved 1056768K
  class space    used 425K, capacity 428K, committed 512K, reserved 1048576K
}
2024-07-26T01:31:14.815+0800: 6.414: Total time for which application threads were stopped: 0.0056054 seconds, Stopping threads took: 0.0000249 seconds
{Heap before GC invocations=243 (full 20):
 par new generation   total 188736K, used 187673K [0x00000000c0000000, 0x00000000cccc0000, 0x00000000cccc0000)
  eden space 167808K,  99% used [0x00000000c0000000, 0x00000000ca346440, 0x00000000ca3e0000)
  from space 20928K,  97% used [0x00000000cb850000, 0x00000000ccc50140, 0x00000000cccc0000)
  to   space 20928K,   0% used [0x00000000ca3e0000, 0x00000000ca3e0000, 0x00000000cb850000)
 concurrent mark-sweep generation total 838912K, used 679996K [0x00000000cccc0000, 0x0000000100000000, 0x0000000100000000)
 Metaspace       used 3934K, capacity 4536K, committed 4864K, reserved 1056768K
  class space    used 425K, capacity 428K, committed 512K, reserved 1048576K
2024-07-26T01:31:14.830+0800: 6.429: [GC (Allocation Failure) 2024-07-26T01:31:14.830+0800: 6.429: [ParNew2024-07-26T01:31:14.847+0800: 6.446: [SoftReference, 0 refs, 0.0000354 secs]2024-07-26T01:31:14.847+0800: 6.446: [WeakReference, 0 refs, 0.0000045 secs]2024-07-26T01:31:14.847+0800: 6.446: [FinalReference, 0 refs, 0.0000038 secs]2024-07-26T01:31:14.847+0800: 6.446: [PhantomReference, 0 refs, 0.0000035 secs]2024-07-26T01:31:14.847+0800: 6.446: [JNI Weak Reference, 0.0000043 secs]
Desired survivor size 10715136 bytes, new threshold 1 (max 1)
- age   1:   20971840 bytes,   20971840 total
: 187673K->20480K(188736K), 0.0170948 secs] 867670K->776256K(1027648K), 0.0171337 secs] [Times: user=0.09 sys=0.00, real=0.02 secs] 
Heap after GC invocations=244 (full 20):
 par new generation   total 188736K, used 20480K [0x00000000c0000000, 0x00000000cccc0000, 0x00000000cccc0000)
  eden space 167808K,   0% used [0x00000000c0000000, 0x00000000c0000000, 0x00000000ca3e0000)
  from space 20928K,  97% used [0x00000000ca3e0000, 0x00000000cb7e0140, 0x00000000cb850000)
  to   space 20928K,   0% used [0x00000000cb850000, 0x00000000cb850000, 0x00000000cccc0000)
 concurrent mark-sweep generation total 838912K, used 755776K [0x00000000cccc0000, 0x0000000100000000, 0x0000000100000000)
 Metaspace       used 3934K, capacity 4536K, committed 4864K, reserved 1056768K
  class space    used 425K, capacity 428K, committed 512K, reserved 1048576K
}
2024-07-26T01:31:14.847+0800: 6.446: Total time for which application threads were stopped: 0.0172555 seconds, Stopping threads took: 0.0000231 seconds
{Heap before GC invocations=244 (full 20):
 par new generation   total 188736K, used 187673K [0x00000000c0000000, 0x00000000cccc0000, 0x00000000cccc0000)
  eden space 167808K,  99% used [0x00000000c0000000, 0x00000000ca346440, 0x00000000ca3e0000)
  from space 20928K,  97% used [0x00000000ca3e0000, 0x00000000cb7e0140, 0x00000000cb850000)
  to   space 20928K,   0% used [0x00000000cb850000, 0x00000000cb850000, 0x00000000cccc0000)
 concurrent mark-sweep generation total 838912K, used 755776K [0x00000000cccc0000, 0x0000000100000000, 0x0000000100000000)
 Metaspace       used 3934K, capacity 4536K, committed 4864K, reserved 1056768K
  class space    used 425K, capacity 428K, committed 512K, reserved 1048576K
2024-07-26T01:31:14.861+0800: 6.461: [GC (Allocation Failure) 2024-07-26T01:31:14.861+0800: 6.461: [ParNew: 187673K->187673K(188736K), 0.0000159 secs]2024-07-26T01:31:14.861+0800: 6.461: [CMS2024-07-26T01:31:14.861+0800: 6.461: [CMS-concurrent-abortable-preclean: 0.009/0.327 secs] [Times: user=0.44 sys=0.00, real=0.33 secs] 
 (concurrent mode failure)2024-07-26T01:31:14.862+0800: 6.462: [SoftReference, 0 refs, 0.0000177 secs]2024-07-26T01:31:14.862+0800: 6.462: [WeakReference, 2 refs, 0.0000052 secs]2024-07-26T01:31:14.862+0800: 6.462: [FinalReference, 2 refs, 0.0000039 secs]2024-07-26T01:31:14.862+0800: 6.462: [PhantomReference, 0 refs, 0.0000037 secs]2024-07-26T01:31:14.862+0800: 6.462: [JNI Weak Reference, 0.0000045 secs]: 755776K->57377K(838912K), 0.0120667 secs] 943449K->57377K(1027648K), [Metaspace: 3934K->3934K(1056768K)], 0.0121498 secs] [Times: user=0.01 sys=0.00, real=0.01 secs] 
Heap after GC invocations=245 (full 21):
 par new generation   total 188736K, used 0K [0x00000000c0000000, 0x00000000cccc0000, 0x00000000cccc0000)
  eden space 167808K,   0% used [0x00000000c0000000, 0x00000000c0000000, 0x00000000ca3e0000)
  from space 20928K,   0% used [0x00000000ca3e0000, 0x00000000ca3e0000, 0x00000000cb850000)
  to   space 20928K,   0% used [0x00000000cb850000, 0x00000000cb850000, 0x00000000cccc0000)
 concurrent mark-sweep generation total 838912K, used 57377K [0x00000000cccc0000, 0x0000000100000000, 0x0000000100000000)
 Metaspace       used 3934K, capacity 4536K, committed 4864K, reserved 1056768K
  class space    used 425K, capacity 428K, committed 512K, reserved 1048576K
}
2024-07-26T01:31:14.874+0800: 6.473: Total time for which application threads were stopped: 0.0122824 seconds, Stopping threads took: 0.0000277 seconds
{Heap before GC invocations=245 (full 21):
 par new generation   total 188736K, used 167193K [0x00000000c0000000, 0x00000000cccc0000, 0x00000000cccc0000)
  eden space 167808K,  99% used [0x00000000c0000000, 0x00000000ca346440, 0x00000000ca3e0000)
  from space 20928K,   0% used [0x00000000ca3e0000, 0x00000000ca3e0000, 0x00000000cb850000)
  to   space 20928K,   0% used [0x00000000cb850000, 0x00000000cb850000, 0x00000000cccc0000)
 concurrent mark-sweep generation total 838912K, used 57377K [0x00000000cccc0000, 0x0000000100000000, 0x0000000100000000)
 Metaspace       used 3934K, capacity 4536K, committed 4864K, reserved 1056768K
  class space    used 425K, capacity 428K, committed 512K, reserved 1048576K
2024-07-26T01:31:14.888+0800: 6.487: [GC (Allocation Failure) 2024-07-26T01:31:14.888+0800: 6.487: [ParNew2024-07-26T01:31:14.891+0800: 6.490: [SoftReference, 0 refs, 0.0000363 secs]2024-07-26T01:31:14.891+0800: 6.490: [WeakReference, 0 refs, 0.0000044 secs]2024-07-26T01:31:14.891+0800: 6.490: [FinalReference, 0 refs, 0.0000039 secs]2024-07-26T01:31:14.891+0800: 6.490: [PhantomReference, 0 refs, 0.0000073 secs]2024-07-26T01:31:14.891+0800: 6.490: [JNI Weak Reference, 0.0000050 secs]
Desired survivor size 10715136 bytes, new threshold 1 (max 1)
- age   1:   16777472 bytes,   16777472 total
: 167193K->16384K(188736K), 0.0032752 secs] 224570K->73761K(1027648K), 0.0033144 secs] [Times: user=0.00 sys=0.00, real=0.00 secs] 
Heap after GC invocations=246 (full 21):
 par new generation   total 188736K, used 16384K [0x00000000c0000000, 0x00000000cccc0000, 0x00000000cccc0000)
  eden space 167808K,   0% used [0x00000000c0000000, 0x00000000c0000000, 0x00000000ca3e0000)
  from space 20928K,  78% used [0x00000000cb850000, 0x00000000cc850100, 0x00000000cccc0000)
  to   space 20928K,   0% used [0x00000000ca3e0000, 0x00000000ca3e0000, 0x00000000cb850000)
 concurrent mark-sweep generation total 838912K, used 57377K [0x00000000cccc0000, 0x0000000100000000, 0x0000000100000000)
 Metaspace       used 3934K, capacity 4536K, committed 4864K, reserved 1056768K
  class space    used 425K, capacity 428K, committed 512K, reserved 1048576K
}
2024-07-26T01:31:14.891+0800: 6.490: Total time for which application threads were stopped: 0.0034383 seconds, Stopping threads took: 0.0000352 seconds
{Heap before GC invocations=246 (full 21):
 par new generation   total 188736K, used 183577K [0x00000000c0000000, 0x00000000cccc0000, 0x00000000cccc0000)
  eden space 167808K,  99% used [0x00000000c0000000, 0x00000000ca346440, 0x00000000ca3e0000)
  from space 20928K,  78% used [0x00000000cb850000, 0x00000000cc850100, 0x00000000cccc0000)
  to   space 20928K,   0% used [0x00000000ca3e0000, 0x00000000ca3e0000, 0x00000000cb850000)
 concurrent mark-sweep generation total 838912K, used 57377K [0x00000000cccc0000, 0x0000000100000000, 0x0000000100000000)
 Metaspace       used 3934K, capacity 4536K, committed 4864K, reserved 1056768K
  class space    used 425K, capacity 428K, committed 512K, reserved 1048576K
2024-07-26T01:31:14.906+0800: 6.505: [GC (Allocation Failure) 2024-07-26T01:31:14.906+0800: 6.505: [ParNew2024-07-26T01:31:14.926+0800: 6.525: [SoftReference, 0 refs, 0.0000464 secs]2024-07-26T01:31:14.926+0800: 6.525: [WeakReference, 0 refs, 0.0000084 secs]2024-07-26T01:31:14.926+0800: 6.525: [FinalReference, 0 refs, 0.0000074 secs]2024-07-26T01:31:14.926+0800: 6.525: [PhantomReference, 0 refs, 0.0000072 secs]2024-07-26T01:31:14.926+0800: 6.525: [JNI Weak Reference, 0.0000086 secs]
Desired survivor size 10715136 bytes, new threshold 1 (max 1)
- age   1:   20971840 bytes,   20971840 total
: 183577K->20480K(188736K), 0.0196900 secs] 240954K->137252K(1027648K), 0.0197279 secs] [Times: user=0.06 sys=0.00, real=0.02 secs] 
Heap after GC invocations=247 (full 21):
 par new generation   total 188736K, used 20480K [0x00000000c0000000, 0x00000000cccc0000, 0x00000000cccc0000)
  eden space 167808K,   0% used [0x00000000c0000000, 0x00000000c0000000, 0x00000000ca3e0000)
  from space 20928K,  97% used [0x00000000ca3e0000, 0x00000000cb7e0140, 0x00000000cb850000)
  to   space 20928K,   0% used [0x00000000cb850000, 0x00000000cb850000, 0x00000000cccc0000)
 concurrent mark-sweep generation total 838912K, used 116772K [0x00000000cccc0000, 0x0000000100000000, 0x0000000100000000)
 Metaspace       used 3934K, capacity 4536K, committed 4864K, reserved 1056768K
  class space    used 425K, capacity 428K, committed 512K, reserved 1048576K
}
2024-07-26T01:31:14.926+0800: 6.525: Total time for which application threads were stopped: 0.0198346 seconds, Stopping threads took: 0.0000181 seconds
{Heap before GC invocations=247 (full 21):
 par new generation   total 188736K, used 187673K [0x00000000c0000000, 0x00000000cccc0000, 0x00000000cccc0000)
  eden space 167808K,  99% used [0x00000000c0000000, 0x00000000ca346440, 0x00000000ca3e0000)
  from space 20928K,  97% used [0x00000000ca3e0000, 0x00000000cb7e0140, 0x00000000cb850000)
  to   space 20928K,   0% used [0x00000000cb850000, 0x00000000cb850000, 0x00000000cccc0000)
 concurrent mark-sweep generation total 838912K, used 116772K [0x00000000cccc0000, 0x0000000100000000, 0x0000000100000000)
 Metaspace       used 3934K, capacity 4536K, committed 4864K, reserved 1056768K
  class space    used 425K, capacity 428K, committed 512K, reserved 1048576K
2024-07-26T01:31:14.940+0800: 6.539: [GC (Allocation Failure) 2024-07-26T01:31:14.940+0800: 6.539: [ParNew2024-07-26T01:31:14.947+0800: 6.546: [SoftReference, 0 refs, 0.0000497 secs]2024-07-26T01:31:14.947+0800: 6.546: [WeakReference, 0 refs, 0.0000045 secs]2024-07-26T01:31:14.947+0800: 6.546: [FinalReference, 0 refs, 0.0000043 secs]2024-07-26T01:31:14.947+0800: 6.547: [PhantomReference, 0 refs, 0.0000037 secs]2024-07-26T01:31:14.947+0800: 6.547: [JNI Weak Reference, 0.0000045 secs]
Desired survivor size 10715136 bytes, new threshold 1 (max 1)
- age   1:   20971840 bytes,   20971840 total
: 187673K->20480K(188736K), 0.0072716 secs] 304445K->156710K(1027648K), 0.0073508 secs] [Times: user=0.00 sys=0.00, real=0.01 secs] 
Heap after GC invocations=248 (full 21):
 par new generation   total 188736K, used 20480K [0x00000000c0000000, 0x00000000cccc0000, 0x00000000cccc0000)
  eden space 167808K,   0% used [0x00000000c0000000, 0x00000000c0000000, 0x00000000ca3e0000)
  from space 20928K,  97% used [0x00000000cb850000, 0x00000000ccc50140, 0x00000000cccc0000)
  to   space 20928K,   0% used [0x00000000ca3e0000, 0x00000000ca3e0000, 0x00000000cb850000)
 concurrent mark-sweep generation total 838912K, used 136230K [0x00000000cccc0000, 0x0000000100000000, 0x0000000100000000)
 Metaspace       used 3934K, capacity 4536K, committed 4864K, reserved 1056768K
  class space    used 425K, capacity 428K, committed 512K, reserved 1048576K
}
2024-07-26T01:31:14.947+0800: 6.547: Total time for which application threads were stopped: 0.0074709 seconds, Stopping threads took: 0.0000222 seconds
{Heap before GC invocations=248 (full 21):
 par new generation   total 188736K, used 187673K [0x00000000c0000000, 0x00000000cccc0000, 0x00000000cccc0000)
  eden space 167808K,  99% used [0x00000000c0000000, 0x00000000ca346440, 0x00000000ca3e0000)
  from space 20928K,  97% used [0x00000000cb850000, 0x00000000ccc50140, 0x00000000cccc0000)
  to   space 20928K,   0% used [0x00000000ca3e0000, 0x00000000ca3e0000, 0x00000000cb850000)
 concurrent mark-sweep generation total 838912K, used 136230K [0x00000000cccc0000, 0x0000000100000000, 0x0000000100000000)
 Metaspace       used 3934K, capacity 4536K, committed 4864K, reserved 1056768K
  class space    used 425K, capacity 428K, committed 512K, reserved 1048576K
2024-07-26T01:31:14.961+0800: 6.561: [GC (Allocation Failure) 2024-07-26T01:31:14.961+0800: 6.561: [ParNew2024-07-26T01:31:14.962+0800: 6.562: [SoftReference, 0 refs, 0.0000457 secs]2024-07-26T01:31:14.962+0800: 6.562: [WeakReference, 0 refs, 0.0000058 secs]2024-07-26T01:31:14.962+0800: 6.562: [FinalReference, 0 refs, 0.0000050 secs]2024-07-26T01:31:14.962+0800: 6.562: [PhantomReference, 0 refs, 0.0000051 secs]2024-07-26T01:31:14.962+0800: 6.562: [JNI Weak Reference, 0.0000052 secs]
Desired survivor size 10715136 bytes, new threshold 1 (max 1)
: 187673K->0K(188736K), 0.0010110 secs] 323903K->136230K(1027648K), 0.0010562 secs] [Times: user=0.00 sys=0.00, real=0.00 secs] 
Heap after GC invocations=249 (full 21):
 par new generation   total 188736K, used 0K [0x00000000c0000000, 0x00000000cccc0000, 0x00000000cccc0000)
  eden space 167808K,   0% used [0x00000000c0000000, 0x00000000c0000000, 0x00000000ca3e0000)
  from space 20928K,   0% used [0x00000000ca3e0000, 0x00000000ca3e0000, 0x00000000cb850000)
  to   space 20928K,   0% used [0x00000000cb850000, 0x00000000cb850000, 0x00000000cccc0000)
 concurrent mark-sweep generation total 838912K, used 136230K [0x00000000cccc0000, 0x0000000100000000, 0x0000000100000000)
 Metaspace       used 3934K, capacity 4536K, committed 4864K, reserved 1056768K
  class space    used 425K, capacity 428K, committed 512K, reserved 1048576K
}
2024-07-26T01:31:14.962+0800: 6.562: Total time for which application threads were stopped: 0.0011753 seconds, Stopping threads took: 0.0000252 seconds
{Heap before GC invocations=249 (full 21):
 par new generation   total 188736K, used 167193K [0x00000000c0000000, 0x00000000cccc0000, 0x00000000cccc0000)
  eden space 167808K,  99% used [0x00000000c0000000, 0x00000000ca346440, 0x00000000ca3e0000)
  from space 20928K,   0% used [0x00000000ca3e0000, 0x00000000ca3e0000, 0x00000000cb850000)
  to   space 20928K,   0% used [0x00000000cb850000, 0x00000000cb850000, 0x00000000cccc0000)
 concurrent mark-sweep generation total 838912K, used 136230K [0x00000000cccc0000, 0x0000000100000000, 0x0000000100000000)
 Metaspace       used 3934K, capacity 4536K, committed 4864K, reserved 1056768K
  class space    used 425K, capacity 428K, committed 512K, reserved 1048576K
2024-07-26T01:31:14.978+0800: 6.578: [GC (Allocation Failure) 2024-07-26T01:31:14.978+0800: 6.578: [ParNew2024-07-26T01:31:14.990+0800: 6.589: [SoftReference, 0 refs, 0.0000366 secs]2024-07-26T01:31:14.990+0800: 6.589: [WeakReference, 0 refs, 0.0000043 secs]2024-07-26T01:31:14.990+0800: 6.589: [FinalReference, 0 refs, 0.0000037 secs]2024-07-26T01:31:14.990+0800: 6.589: [PhantomReference, 0 refs, 0.0000035 secs]2024-07-26T01:31:14.990+0800: 6.589: [JNI Weak Reference, 0.0000041 secs]
Desired survivor size 10715136 bytes, new threshold 1 (max 1)
- age   1:   20971840 bytes,   20971840 total
: 167193K->20480K(188736K), 0.0116901 secs] 303423K->199719K(1027648K), 0.0117325 secs] [Times: user=0.05 sys=0.00, real=0.01 secs] 
Heap after GC invocations=250 (full 21):
 par new generation   total 188736K, used 20480K [0x00000000c0000000, 0x00000000cccc0000, 0x00000000cccc0000)
  eden space 167808K,   0% used [0x00000000c0000000, 0x00000000c0000000, 0x00000000ca3e0000)
  from space 20928K,  97% used [0x00000000cb850000, 0x00000000ccc50140, 0x00000000cccc0000)
  to   space 20928K,   0% used [0x00000000ca3e0000, 0x00000000ca3e0000, 0x00000000cb850000)
 concurrent mark-sweep generation total 838912K, used 179239K [0x00000000cccc0000, 0x0000000100000000, 0x0000000100000000)
 Metaspace       used 3934K, capacity 4536K, committed 4864K, reserved 1056768K
  class space    used 425K, capacity 428K, committed 512K, reserved 1048576K
}
2024-07-26T01:31:14.990+0800: 6.589: Total time for which application threads were stopped: 0.0118565 seconds, Stopping threads took: 0.0000275 seconds
{Heap before GC invocations=250 (full 21):
 par new generation   total 188736K, used 187673K [0x00000000c0000000, 0x00000000cccc0000, 0x00000000cccc0000)
  eden space 167808K,  99% used [0x00000000c0000000, 0x00000000ca346440, 0x00000000ca3e0000)
  from space 20928K,  97% used [0x00000000cb850000, 0x00000000ccc50140, 0x00000000cccc0000)
  to   space 20928K,   0% used [0x00000000ca3e0000, 0x00000000ca3e0000, 0x00000000cb850000)
 concurrent mark-sweep generation total 838912K, used 179239K [0x00000000cccc0000, 0x0000000100000000, 0x0000000100000000)
 Metaspace       used 3934K, capacity 4536K, committed 4864K, reserved 1056768K
  class space    used 425K, capacity 428K, committed 512K, reserved 1048576K
2024-07-26T01:31:15.005+0800: 6.604: [GC (Allocation Failure) 2024-07-26T01:31:15.005+0800: 6.604: [ParNew2024-07-26T01:31:15.009+0800: 6.608: [SoftReference, 0 refs, 0.0000365 secs]2024-07-26T01:31:15.009+0800: 6.608: [WeakReference, 0 refs, 0.0000047 secs]2024-07-26T01:31:15.009+0800: 6.608: [FinalReference, 0 refs, 0.0000040 secs]2024-07-26T01:31:15.009+0800: 6.608: [PhantomReference, 0 refs, 0.0000040 secs]2024-07-26T01:31:15.009+0800: 6.608: [JNI Weak Reference, 0.0000043 secs]
Desired survivor size 10715136 bytes, new threshold 1 (max 1)
- age   1:   20971840 bytes,   20971840 total
: 187673K->20480K(188736K), 0.0040480 secs] 366912K->202793K(1027648K), 0.0040871 secs] [Times: user=0.00 sys=0.00, real=0.00 secs] 
Heap after GC invocations=251 (full 21):
 par new generation   total 188736K, used 20480K [0x00000000c0000000, 0x00000000cccc0000, 0x00000000cccc0000)
  eden space 167808K,   0% used [0x00000000c0000000, 0x00000000c0000000, 0x00000000ca3e0000)
  from space 20928K,  97% used [0x00000000ca3e0000, 0x00000000cb7e0140, 0x00000000cb850000)
  to   space 20928K,   0% used [0x00000000cb850000, 0x00000000cb850000, 0x00000000cccc0000)
 concurrent mark-sweep generation total 838912K, used 182313K [0x00000000cccc0000, 0x0000000100000000, 0x0000000100000000)
 Metaspace       used 3934K, capacity 4536K, committed 4864K, reserved 1056768K
  class space    used 425K, capacity 428K, committed 512K, reserved 1048576K
}
2024-07-26T01:31:15.009+0800: 6.608: Total time for which application threads were stopped: 0.0042075 seconds, Stopping threads took: 0.0000277 seconds
{Heap before GC invocations=251 (full 21):
 par new generation   total 188736K, used 187673K [0x00000000c0000000, 0x00000000cccc0000, 0x00000000cccc0000)
  eden space 167808K,  99% used [0x00000000c0000000, 0x00000000ca346440, 0x00000000ca3e0000)
  from space 20928K,  97% used [0x00000000ca3e0000, 0x00000000cb7e0140, 0x00000000cb850000)
  to   space 20928K,   0% used [0x00000000cb850000, 0x00000000cb850000, 0x00000000cccc0000)
 concurrent mark-sweep generation total 838912K, used 182313K [0x00000000cccc0000, 0x0000000100000000, 0x0000000100000000)
 Metaspace       used 3934K, capacity 4536K, committed 4864K, reserved 1056768K
  class space    used 425K, capacity 428K, committed 512K, reserved 1048576K
2024-07-26T01:31:15.024+0800: 6.623: [GC (Allocation Failure) 2024-07-26T01:31:15.024+0800: 6.623: [ParNew2024-07-26T01:31:15.038+0800: 6.638: [SoftReference, 0 refs, 0.0000322 secs]2024-07-26T01:31:15.038+0800: 6.638: [WeakReference, 0 refs, 0.0000041 secs]2024-07-26T01:31:15.038+0800: 6.638: [FinalReference, 0 refs, 0.0000036 secs]2024-07-26T01:31:15.038+0800: 6.638: [PhantomReference, 0 refs, 0.0000035 secs]2024-07-26T01:31:15.038+0800: 6.638: [JNI Weak Reference, 0.0000039 secs]
Desired survivor size 10715136 bytes, new threshold 1 (max 1)
- age   1:   20971840 bytes,   20971840 total
: 187673K->20480K(188736K), 0.0148284 secs] 369986K->269356K(1027648K), 0.0148714 secs] [Times: user=0.09 sys=0.00, real=0.01 secs] 
Heap after GC invocations=252 (full 21):
 par new generation   total 188736K, used 20480K [0x00000000c0000000, 0x00000000cccc0000, 0x00000000cccc0000)
  eden space 167808K,   0% used [0x00000000c0000000, 0x00000000c0000000, 0x00000000ca3e0000)
  from space 20928K,  97% used [0x00000000cb850000, 0x00000000ccc50140, 0x00000000cccc0000)
  to   space 20928K,   0% used [0x00000000ca3e0000, 0x00000000ca3e0000, 0x00000000cb850000)
 concurrent mark-sweep generation total 838912K, used 248876K [0x00000000cccc0000, 0x0000000100000000, 0x0000000100000000)
 Metaspace       used 3934K, capacity 4536K, committed 4864K, reserved 1056768K
  class space    used 425K, capacity 428K, committed 512K, reserved 1048576K
}
2024-07-26T01:31:15.038+0800: 6.638: Total time for which application threads were stopped: 0.0149800 seconds, Stopping threads took: 0.0000231 seconds
{Heap before GC invocations=252 (full 21):
 par new generation   total 188736K, used 187673K [0x00000000c0000000, 0x00000000cccc0000, 0x00000000cccc0000)
  eden space 167808K,  99% used [0x00000000c0000000, 0x00000000ca346440, 0x00000000ca3e0000)
  from space 20928K,  97% used [0x00000000cb850000, 0x00000000ccc50140, 0x00000000cccc0000)
  to   space 20928K,   0% used [0x00000000ca3e0000, 0x00000000ca3e0000, 0x00000000cb850000)
 concurrent mark-sweep generation total 838912K, used 248876K [0x00000000cccc0000, 0x0000000100000000, 0x0000000100000000)
 Metaspace       used 3934K, capacity 4536K, committed 4864K, reserved 1056768K
  class space    used 425K, capacity 428K, committed 512K, reserved 1048576K
2024-07-26T01:31:15.053+0800: 6.653: [GC (Allocation Failure) 2024-07-26T01:31:15.053+0800: 6.653: [ParNew2024-07-26T01:31:15.063+0800: 6.663: [SoftReference, 0 refs, 0.0000364 secs]2024-07-26T01:31:15.063+0800: 6.663: [WeakReference, 0 refs, 0.0000046 secs]2024-07-26T01:31:15.063+0800: 6.663: [FinalReference, 0 refs, 0.0000038 secs]2024-07-26T01:31:15.063+0800: 6.663: [PhantomReference, 0 refs, 0.0000039 secs]2024-07-26T01:31:15.063+0800: 6.663: [JNI Weak Reference, 0.0000043 secs]
Desired survivor size 10715136 bytes, new threshold 1 (max 1)
- age   1:   20971840 bytes,   20971840 total
: 187673K->20480K(188736K), 0.0100243 secs] 436549K->295980K(1027648K), 0.0100670 secs] [Times: user=0.02 sys=0.00, real=0.01 secs] 
Heap after GC invocations=253 (full 21):
 par new generation   total 188736K, used 20480K [0x00000000c0000000, 0x00000000cccc0000, 0x00000000cccc0000)
  eden space 167808K,   0% used [0x00000000c0000000, 0x00000000c0000000, 0x00000000ca3e0000)
  from space 20928K,  97% used [0x00000000ca3e0000, 0x00000000cb7e0140, 0x00000000cb850000)
  to   space 20928K,   0% used [0x00000000cb850000, 0x00000000cb850000, 0x00000000cccc0000)
 concurrent mark-sweep generation total 838912K, used 275500K [0x00000000cccc0000, 0x0000000100000000, 0x0000000100000000)
 Metaspace       used 3934K, capacity 4536K, committed 4864K, reserved 1056768K
  class space    used 425K, capacity 428K, committed 512K, reserved 1048576K
}
2024-07-26T01:31:15.063+0800: 6.663: Total time for which application threads were stopped: 0.0101957 seconds, Stopping threads took: 0.0000246 seconds
{Heap before GC invocations=253 (full 21):
 par new generation   total 188736K, used 187673K [0x00000000c0000000, 0x00000000cccc0000, 0x00000000cccc0000)
  eden space 167808K,  99% used [0x00000000c0000000, 0x00000000ca346440, 0x00000000ca3e0000)
  from space 20928K,  97% used [0x00000000ca3e0000, 0x00000000cb7e0140, 0x00000000cb850000)
  to   space 20928K,   0% used [0x00000000cb850000, 0x00000000cb850000, 0x00000000cccc0000)
 concurrent mark-sweep generation total 838912K, used 275500K [0x00000000cccc0000, 0x0000000100000000, 0x0000000100000000)
 Metaspace       used 3934K, capacity 4536K, committed 4864K, reserved 1056768K
  class space    used 425K, capacity 428K, committed 512K, reserved 1048576K
2024-07-26T01:31:15.078+0800: 6.677: [GC (Allocation Failure) 2024-07-26T01:31:15.078+0800: 6.677: [ParNew2024-07-26T01:31:15.080+0800: 6.680: [SoftReference, 0 refs, 0.0000487 secs]2024-07-26T01:31:15.080+0800: 6.680: [WeakReference, 0 refs, 0.0000062 secs]2024-07-26T01:31:15.081+0800: 6.680: [FinalReference, 0 refs, 0.0000054 secs]2024-07-26T01:31:15.081+0800: 6.680: [PhantomReference, 0 refs, 0.0000055 secs]2024-07-26T01:31:15.081+0800: 6.680: [JNI Weak Reference, 0.0000063 secs]
Desired survivor size 10715136 bytes, new threshold 1 (max 1)
- age   1:    7340144 bytes,    7340144 total
: 187673K->7168K(188736K), 0.0025289 secs] 463173K->282668K(1027648K), 0.0025740 secs] [Times: user=0.00 sys=0.00, real=0.00 secs] 
Heap after GC invocations=254 (full 21):
 par new generation   total 188736K, used 7168K [0x00000000c0000000, 0x00000000cccc0000, 0x00000000cccc0000)
  eden space 167808K,   0% used [0x00000000c0000000, 0x00000000c0000000, 0x00000000ca3e0000)
  from space 20928K,  34% used [0x00000000cb850000, 0x00000000cbf50070, 0x00000000cccc0000)
  to   space 20928K,   0% used [0x00000000ca3e0000, 0x00000000ca3e0000, 0x00000000cb850000)
 concurrent mark-sweep generation total 838912K, used 275500K [0x00000000cccc0000, 0x0000000100000000, 0x0000000100000000)
 Metaspace       used 3934K, capacity 4536K, committed 4864K, reserved 1056768K
  class space    used 425K, capacity 428K, committed 512K, reserved 1048576K
}
2024-07-26T01:31:15.081+0800: 6.680: Total time for which application threads were stopped: 0.0027021 seconds, Stopping threads took: 0.0000251 seconds
{Heap before GC invocations=254 (full 21):
 par new generation   total 188736K, used 174361K [0x00000000c0000000, 0x00000000cccc0000, 0x00000000cccc0000)
  eden space 167808K,  99% used [0x00000000c0000000, 0x00000000ca346440, 0x00000000ca3e0000)
  from space 20928K,  34% used [0x00000000cb850000, 0x00000000cbf50070, 0x00000000cccc0000)
  to   space 20928K,   0% used [0x00000000ca3e0000, 0x00000000ca3e0000, 0x00000000cb850000)
 concurrent mark-sweep generation total 838912K, used 275500K [0x00000000cccc0000, 0x0000000100000000, 0x0000000100000000)
 Metaspace       used 3934K, capacity 4536K, committed 4864K, reserved 1056768K
  class space    used 425K, capacity 428K, committed 512K, reserved 1048576K
2024-07-26T01:31:15.096+0800: 6.695: [GC (Allocation Failure) 2024-07-26T01:31:15.096+0800: 6.695: [ParNew2024-07-26T01:31:15.107+0800: 6.707: [SoftReference, 0 refs, 0.0000613 secs]2024-07-26T01:31:15.107+0800: 6.707: [WeakReference, 0 refs, 0.0000103 secs]2024-07-26T01:31:15.107+0800: 6.707: [FinalReference, 0 refs, 0.0000090 secs]2024-07-26T01:31:15.107+0800: 6.707: [PhantomReference, 0 refs, 0.0000085 secs]2024-07-26T01:31:15.107+0800: 6.707: [JNI Weak Reference, 0.0000085 secs]
Desired survivor size 10715136 bytes, new threshold 1 (max 1)
- age   1:   20971840 bytes,   20971840 total
: 174361K->20480K(188736K), 0.0118239 secs] 449861K->346157K(1027648K), 0.0118794 secs] [Times: user=0.01 sys=0.00, real=0.01 secs] 
Heap after GC invocations=255 (full 21):
 par new generation   total 188736K, used 20480K [0x00000000c0000000, 0x00000000cccc0000, 0x00000000cccc0000)
  eden space 167808K,   0% used [0x00000000c0000000, 0x00000000c0000000, 0x00000000ca3e0000)
  from space 20928K,  97% used [0x00000000ca3e0000, 0x00000000cb7e0140, 0x00000000cb850000)
  to   space 20928K,   0% used [0x00000000cb850000, 0x00000000cb850000, 0x00000000cccc0000)
 concurrent mark-sweep generation total 838912K, used 325677K [0x00000000cccc0000, 0x0000000100000000, 0x0000000100000000)
 Metaspace       used 3934K, capacity 4536K, committed 4864K, reserved 1056768K
  class space    used 425K, capacity 428K, committed 512K, reserved 1048576K
}
2024-07-26T01:31:15.107+0800: 6.707: Total time for which application threads were stopped: 0.0120473 seconds, Stopping threads took: 0.0000311 seconds
{Heap before GC invocations=255 (full 21):
 par new generation   total 188736K, used 187673K [0x00000000c0000000, 0x00000000cccc0000, 0x00000000cccc0000)
  eden space 167808K,  99% used [0x00000000c0000000, 0x00000000ca346440, 0x00000000ca3e0000)
  from space 20928K,  97% used [0x00000000ca3e0000, 0x00000000cb7e0140, 0x00000000cb850000)
  to   space 20928K,   0% used [0x00000000cb850000, 0x00000000cb850000, 0x00000000cccc0000)
 concurrent mark-sweep generation total 838912K, used 325677K [0x00000000cccc0000, 0x0000000100000000, 0x0000000100000000)
 Metaspace       used 3934K, capacity 4536K, committed 4864K, reserved 1056768K
  class space    used 425K, capacity 428K, committed 512K, reserved 1048576K
2024-07-26T01:31:15.123+0800: 6.722: [GC (Allocation Failure) 2024-07-26T01:31:15.123+0800: 6.722: [ParNew2024-07-26T01:31:15.129+0800: 6.728: [SoftReference, 0 refs, 0.0000375 secs]2024-07-26T01:31:15.129+0800: 6.728: [WeakReference, 0 refs, 0.0000043 secs]2024-07-26T01:31:15.129+0800: 6.728: [FinalReference, 0 refs, 0.0000040 secs]2024-07-26T01:31:15.129+0800: 6.728: [PhantomReference, 0 refs, 0.0000037 secs]2024-07-26T01:31:15.129+0800: 6.728: [JNI Weak Reference, 0.0000043 secs]
Desired survivor size 10715136 bytes, new threshold 1 (max 1)
- age   1:   20971840 bytes,   20971840 total
: 187673K->20480K(188736K), 0.0058051 secs] 513350K->356399K(1027648K), 0.0058498 secs] [Times: user=0.00 sys=0.00, real=0.01 secs] 
Heap after GC invocations=256 (full 21):
 par new generation   total 188736K, used 20480K [0x00000000c0000000, 0x00000000cccc0000, 0x00000000cccc0000)
  eden space 167808K,   0% used [0x00000000c0000000, 0x00000000c0000000, 0x00000000ca3e0000)
  from space 20928K,  97% used [0x00000000cb850000, 0x00000000ccc50140, 0x00000000cccc0000)
  to   space 20928K,   0% used [0x00000000ca3e0000, 0x00000000ca3e0000, 0x00000000cb850000)
 concurrent mark-sweep generation total 838912K, used 335919K [0x00000000cccc0000, 0x0000000100000000, 0x0000000100000000)
 Metaspace       used 3934K, capacity 4536K, committed 4864K, reserved 1056768K
  class space    used 425K, capacity 428K, committed 512K, reserved 1048576K
}
2024-07-26T01:31:15.129+0800: 6.728: Total time for which application threads were stopped: 0.0060070 seconds, Stopping threads took: 0.0000436 seconds
2024-07-26T01:31:15.129+0800: 6.728: [GC (CMS Initial Mark) [1 CMS-initial-mark: 335919K(838912K)] 361798K(1027648K), 0.0007334 secs] [Times: user=0.00 sys=0.00, real=0.00 secs] 
2024-07-26T01:31:15.130+0800: 6.729: Total time for which application threads were stopped: 0.0009436 seconds, Stopping threads took: 0.0001701 seconds
2024-07-26T01:31:15.130+0800: 6.729: [CMS-concurrent-mark-start]
2024-07-26T01:31:15.132+0800: 6.732: [CMS-concurrent-mark: 0.002/0.002 secs] [Times: user=0.00 sys=0.00, real=0.00 secs] 
2024-07-26T01:31:15.132+0800: 6.732: [CMS-concurrent-preclean-start]
2024-07-26T01:31:15.132+0800: 6.732: [Preclean SoftReferences, 0.0000052 secs]2024-07-26T01:31:15.132+0800: 6.732: [Preclean WeakReferences, 0.0000041 secs]2024-07-26T01:31:15.132+0800: 6.732: [Preclean FinalReferences, 0.0000032 secs]2024-07-26T01:31:15.132+0800: 6.732: [Preclean PhantomReferences, 0.0000032 secs]2024-07-26T01:31:15.133+0800: 6.732: [CMS-concurrent-preclean: 0.001/0.001 secs] [Times: user=0.00 sys=0.00, real=0.00 secs] 
2024-07-26T01:31:15.133+0800: 6.732: [CMS-concurrent-abortable-preclean-start]
{Heap before GC invocations=256 (full 22):
 par new generation   total 188736K, used 187673K [0x00000000c0000000, 0x00000000cccc0000, 0x00000000cccc0000)
  eden space 167808K,  99% used [0x00000000c0000000, 0x00000000ca346440, 0x00000000ca3e0000)
  from space 20928K,  97% used [0x00000000cb850000, 0x00000000ccc50140, 0x00000000cccc0000)
  to   space 20928K,   0% used [0x00000000ca3e0000, 0x00000000ca3e0000, 0x00000000cb850000)
 concurrent mark-sweep generation total 838912K, used 335919K [0x00000000cccc0000, 0x0000000100000000, 0x0000000100000000)
 Metaspace       used 3934K, capacity 4536K, committed 4864K, reserved 1056768K
  class space    used 425K, capacity 428K, committed 512K, reserved 1048576K
2024-07-26T01:31:15.146+0800: 6.745: [GC (Allocation Failure) 2024-07-26T01:31:15.146+0800: 6.746: [ParNew2024-07-26T01:31:15.163+0800: 6.762: [SoftReference, 0 refs, 0.0000380 secs]2024-07-26T01:31:15.163+0800: 6.762: [WeakReference, 0 refs, 0.0000044 secs]2024-07-26T01:31:15.163+0800: 6.762: [FinalReference, 0 refs, 0.0000040 secs]2024-07-26T01:31:15.163+0800: 6.762: [PhantomReference, 0 refs, 0.0000037 secs]2024-07-26T01:31:15.163+0800: 6.762: [JNI Weak Reference, 0.0000052 secs]
Desired survivor size 10715136 bytes, new threshold 1 (max 1)
- age   1:   20971840 bytes,   20971840 total
: 187673K->20480K(188736K), 0.0168423 secs] 523592K->430128K(1027648K), 0.0168828 secs] [Times: user=0.09 sys=0.00, real=0.02 secs] 
Heap after GC invocations=257 (full 22):
 par new generation   total 188736K, used 20480K [0x00000000c0000000, 0x00000000cccc0000, 0x00000000cccc0000)
  eden space 167808K,   0% used [0x00000000c0000000, 0x00000000c0000000, 0x00000000ca3e0000)
  from space 20928K,  97% used [0x00000000ca3e0000, 0x00000000cb7e0140, 0x00000000cb850000)
  to   space 20928K,   0% used [0x00000000cb850000, 0x00000000cb850000, 0x00000000cccc0000)
 concurrent mark-sweep generation total 838912K, used 409648K [0x00000000cccc0000, 0x0000000100000000, 0x0000000100000000)
 Metaspace       used 3934K, capacity 4536K, committed 4864K, reserved 1056768K
  class space    used 425K, capacity 428K, committed 512K, reserved 1048576K
}
2024-07-26T01:31:15.163+0800: 6.762: Total time for which application threads were stopped: 0.0170012 seconds, Stopping threads took: 0.0000243 seconds
{Heap before GC invocations=257 (full 22):
 par new generation   total 188736K, used 187673K [0x00000000c0000000, 0x00000000cccc0000, 0x00000000cccc0000)
  eden space 167808K,  99% used [0x00000000c0000000, 0x00000000ca346440, 0x00000000ca3e0000)
  from space 20928K,  97% used [0x00000000ca3e0000, 0x00000000cb7e0140, 0x00000000cb850000)
  to   space 20928K,   0% used [0x00000000cb850000, 0x00000000cb850000, 0x00000000cccc0000)
 concurrent mark-sweep generation total 838912K, used 409648K [0x00000000cccc0000, 0x0000000100000000, 0x0000000100000000)
 Metaspace       used 3934K, capacity 4536K, committed 4864K, reserved 1056768K
  class space    used 425K, capacity 428K, committed 512K, reserved 1048576K
2024-07-26T01:31:15.182+0800: 6.781: [GC (Allocation Failure) 2024-07-26T01:31:15.182+0800: 6.781: [ParNew2024-07-26T01:31:15.191+0800: 6.791: [SoftReference, 0 refs, 0.0000386 secs]2024-07-26T01:31:15.191+0800: 6.791: [WeakReference, 0 refs, 0.0000048 secs]2024-07-26T01:31:15.191+0800: 6.791: [FinalReference, 0 refs, 0.0000039 secs]2024-07-26T01:31:15.191+0800: 6.791: [PhantomReference, 0 refs, 0.0000059 secs]2024-07-26T01:31:15.191+0800: 6.791: [JNI Weak Reference, 0.0000044 secs]
Desired survivor size 10715136 bytes, new threshold 1 (max 1)
- age   1:   20971840 bytes,   20971840 total
: 187673K->20480K(188736K), 0.0096139 secs] 597322K->463921K(1027648K), 0.0096673 secs] [Times: user=0.02 sys=0.00, real=0.01 secs] 
Heap after GC invocations=258 (full 22):
 par new generation   total 188736K, used 20480K [0x00000000c0000000, 0x00000000cccc0000, 0x00000000cccc0000)
  eden space 167808K,   0% used [0x00000000c0000000, 0x00000000c0000000, 0x00000000ca3e0000)
  from space 20928K,  97% used [0x00000000cb850000, 0x00000000ccc50140, 0x00000000cccc0000)
  to   space 20928K,   0% used [0x00000000ca3e0000, 0x00000000ca3e0000, 0x00000000cb850000)
 concurrent mark-sweep generation total 838912K, used 443441K [0x00000000cccc0000, 0x0000000100000000, 0x0000000100000000)
 Metaspace       used 3934K, capacity 4536K, committed 4864K, reserved 1056768K
  class space    used 425K, capacity 428K, committed 512K, reserved 1048576K
}
2024-07-26T01:31:15.191+0800: 6.791: Total time for which application threads were stopped: 0.0097821 seconds, Stopping threads took: 0.0000243 seconds
{Heap before GC invocations=258 (full 22):
 par new generation   total 188736K, used 187673K [0x00000000c0000000, 0x00000000cccc0000, 0x00000000cccc0000)
  eden space 167808K,  99% used [0x00000000c0000000, 0x00000000ca346440, 0x00000000ca3e0000)
  from space 20928K,  97% used [0x00000000cb850000, 0x00000000ccc50140, 0x00000000cccc0000)
  to   space 20928K,   0% used [0x00000000ca3e0000, 0x00000000ca3e0000, 0x00000000cb850000)
 concurrent mark-sweep generation total 838912K, used 443441K [0x00000000cccc0000, 0x0000000100000000, 0x0000000100000000)
 Metaspace       used 3934K, capacity 4536K, committed 4864K, reserved 1056768K
  class space    used 425K, capacity 428K, committed 512K, reserved 1048576K
2024-07-26T01:31:15.206+0800: 6.805: [GC (Allocation Failure) 2024-07-26T01:31:15.206+0800: 6.805: [ParNew2024-07-26T01:31:15.208+0800: 6.808: [SoftReference, 0 refs, 0.0000201 secs]2024-07-26T01:31:15.208+0800: 6.808: [WeakReference, 0 refs, 0.0000046 secs]2024-07-26T01:31:15.208+0800: 6.808: [FinalReference, 0 refs, 0.0000042 secs]2024-07-26T01:31:15.208+0800: 6.808: [PhantomReference, 0 refs, 0.0000041 secs]2024-07-26T01:31:15.208+0800: 6.808: [JNI Weak Reference, 0.0000043 secs]
Desired survivor size 10715136 bytes, new threshold 1 (max 1)
- age   1:   14680288 bytes,   14680288 total
: 187673K->14336K(188736K), 0.0025416 secs] 631114K->457777K(1027648K), 0.0025802 secs] [Times: user=0.00 sys=0.00, real=0.00 secs] 
Heap after GC invocations=259 (full 22):
 par new generation   total 188736K, used 14336K [0x00000000c0000000, 0x00000000cccc0000, 0x00000000cccc0000)
  eden space 167808K,   0% used [0x00000000c0000000, 0x00000000c0000000, 0x00000000ca3e0000)
  from space 20928K,  68% used [0x00000000ca3e0000, 0x00000000cb1e00e0, 0x00000000cb850000)
  to   space 20928K,   0% used [0x00000000cb850000, 0x00000000cb850000, 0x00000000cccc0000)
 concurrent mark-sweep generation total 838912K, used 443441K [0x00000000cccc0000, 0x0000000100000000, 0x0000000100000000)
 Metaspace       used 3934K, capacity 4536K, committed 4864K, reserved 1056768K
  class space    used 425K, capacity 428K, committed 512K, reserved 1048576K
}
2024-07-26T01:31:15.208+0800: 6.808: Total time for which application threads were stopped: 0.0026950 seconds, Stopping threads took: 0.0000267 seconds
{Heap before GC invocations=259 (full 22):
 par new generation   total 188736K, used 181529K [0x00000000c0000000, 0x00000000cccc0000, 0x00000000cccc0000)
  eden space 167808K,  99% used [0x00000000c0000000, 0x00000000ca346440, 0x00000000ca3e0000)
  from space 20928K,  68% used [0x00000000ca3e0000, 0x00000000cb1e00e0, 0x00000000cb850000)
  to   space 20928K,   0% used [0x00000000cb850000, 0x00000000cb850000, 0x00000000cccc0000)
 concurrent mark-sweep generation total 838912K, used 443441K [0x00000000cccc0000, 0x0000000100000000, 0x0000000100000000)
 Metaspace       used 3934K, capacity 4536K, committed 4864K, reserved 1056768K
  class space    used 425K, capacity 428K, committed 512K, reserved 1048576K
2024-07-26T01:31:15.223+0800: 6.822: [GC (Allocation Failure) 2024-07-26T01:31:15.223+0800: 6.822: [ParNew2024-07-26T01:31:15.236+0800: 6.835: [SoftReference, 0 refs, 0.0000358 secs]2024-07-26T01:31:15.236+0800: 6.835: [WeakReference, 0 refs, 0.0000044 secs]2024-07-26T01:31:15.236+0800: 6.835: [FinalReference, 0 refs, 0.0000039 secs]2024-07-26T01:31:15.236+0800: 6.835: [PhantomReference, 0 refs, 0.0000038 secs]2024-07-26T01:31:15.236+0800: 6.835: [JNI Weak Reference, 0.0000045 secs]
Desired survivor size 10715136 bytes, new threshold 1 (max 1)
- age   1:   20971840 bytes,   20971840 total
: 181529K->20480K(188736K), 0.0127884 secs] 624970K->521268K(1027648K), 0.0128295 secs] [Times: user=0.02 sys=0.00, real=0.01 secs] 
Heap after GC invocations=260 (full 22):
 par new generation   total 188736K, used 20480K [0x00000000c0000000, 0x00000000cccc0000, 0x00000000cccc0000)
  eden space 167808K,   0% used [0x00000000c0000000, 0x00000000c0000000, 0x00000000ca3e0000)
  from space 20928K,  97% used [0x00000000cb850000, 0x00000000ccc50140, 0x00000000cccc0000)
  to   space 20928K,   0% used [0x00000000ca3e0000, 0x00000000ca3e0000, 0x00000000cb850000)
 concurrent mark-sweep generation total 838912K, used 500788K [0x00000000cccc0000, 0x0000000100000000, 0x0000000100000000)
 Metaspace       used 3934K, capacity 4536K, committed 4864K, reserved 1056768K
  class space    used 425K, capacity 428K, committed 512K, reserved 1048576K
}
2024-07-26T01:31:15.236+0800: 6.835: Total time for which application threads were stopped: 0.0129408 seconds, Stopping threads took: 0.0000219 seconds
{Heap before GC invocations=260 (full 22):
 par new generation   total 188736K, used 187673K [0x00000000c0000000, 0x00000000cccc0000, 0x00000000cccc0000)
  eden space 167808K,  99% used [0x00000000c0000000, 0x00000000ca346440, 0x00000000ca3e0000)
  from space 20928K,  97% used [0x00000000cb850000, 0x00000000ccc50140, 0x00000000cccc0000)
  to   space 20928K,   0% used [0x00000000ca3e0000, 0x00000000ca3e0000, 0x00000000cb850000)
 concurrent mark-sweep generation total 838912K, used 500788K [0x00000000cccc0000, 0x0000000100000000, 0x0000000100000000)
 Metaspace       used 3934K, capacity 4536K, committed 4864K, reserved 1056768K
  class space    used 425K, capacity 428K, committed 512K, reserved 1048576K
2024-07-26T01:31:15.250+0800: 6.850: [GC (Allocation Failure) 2024-07-26T01:31:15.250+0800: 6.850: [ParNew2024-07-26T01:31:15.257+0800: 6.856: [SoftReference, 0 refs, 0.0000348 secs]2024-07-26T01:31:15.257+0800: 6.856: [WeakReference, 0 refs, 0.0000046 secs]2024-07-26T01:31:15.257+0800: 6.856: [FinalReference, 0 refs, 0.0000039 secs]2024-07-26T01:31:15.257+0800: 6.856: [PhantomReference, 0 refs, 0.0000037 secs]2024-07-26T01:31:15.257+0800: 6.856: [JNI Weak Reference, 0.0000042 secs]
Desired survivor size 10715136 bytes, new threshold 1 (max 1)
- age   1:   20971840 bytes,   20971840 total
: 187673K->20480K(188736K), 0.0067978 secs] 688461K->538678K(1027648K), 0.0068318 secs] [Times: user=0.00 sys=0.00, real=0.01 secs] 
Heap after GC invocations=261 (full 22):
 par new generation   total 188736K, used 20480K [0x00000000c0000000, 0x00000000cccc0000, 0x00000000cccc0000)
  eden space 167808K,   0% used [0x00000000c0000000, 0x00000000c0000000, 0x00000000ca3e0000)
  from space 20928K,  97% used [0x00000000ca3e0000, 0x00000000cb7e0140, 0x00000000cb850000)
  to   space 20928K,   0% used [0x00000000cb850000, 0x00000000cb850000, 0x00000000cccc0000)
 concurrent mark-sweep generation total 838912K, used 518198K [0x00000000cccc0000, 0x0000000100000000, 0x0000000100000000)
 Metaspace       used 3934K, capacity 4536K, committed 4864K, reserved 1056768K
  class space    used 425K, capacity 428K, committed 512K, reserved 1048576K
}
2024-07-26T01:31:15.257+0800: 6.856: Total time for which application threads were stopped: 0.0069359 seconds, Stopping threads took: 0.0000183 seconds
{Heap before GC invocations=261 (full 22):
 par new generation   total 188736K, used 187673K [0x00000000c0000000, 0x00000000cccc0000, 0x00000000cccc0000)
  eden space 167808K,  99% used [0x00000000c0000000, 0x00000000ca346440, 0x00000000ca3e0000)
  from space 20928K,  97% used [0x00000000ca3e0000, 0x00000000cb7e0140, 0x00000000cb850000)
  to   space 20928K,   0% used [0x00000000cb850000, 0x00000000cb850000, 0x00000000cccc0000)
 concurrent mark-sweep generation total 838912K, used 518198K [0x00000000cccc0000, 0x0000000100000000, 0x0000000100000000)
 Metaspace       used 3934K, capacity 4536K, committed 4864K, reserved 1056768K
  class space    used 425K, capacity 428K, committed 512K, reserved 1048576K
2024-07-26T01:31:15.271+0800: 6.871: [GC (Allocation Failure) 2024-07-26T01:31:15.271+0800: 6.871: [ParNew2024-07-26T01:31:15.286+0800: 6.886: [SoftReference, 0 refs, 0.0000315 secs]2024-07-26T01:31:15.286+0800: 6.886: [WeakReference, 0 refs, 0.0000047 secs]2024-07-26T01:31:15.286+0800: 6.886: [FinalReference, 0 refs, 0.0000037 secs]2024-07-26T01:31:15.286+0800: 6.886: [PhantomReference, 0 refs, 0.0000036 secs]2024-07-26T01:31:15.286+0800: 6.886: [JNI Weak Reference, 0.0000041 secs]
Desired survivor size 10715136 bytes, new threshold 1 (max 1)
- age   1:   20971840 bytes,   20971840 total
: 187673K->20480K(188736K), 0.0153800 secs] 705871K->619578K(1027648K), 0.0154187 secs] [Times: user=0.03 sys=0.00, real=0.02 secs] 
Heap after GC invocations=262 (full 22):
 par new generation   total 188736K, used 20480K [0x00000000c0000000, 0x00000000cccc0000, 0x00000000cccc0000)
  eden space 167808K,   0% used [0x00000000c0000000, 0x00000000c0000000, 0x00000000ca3e0000)
  from space 20928K,  97% used [0x00000000cb850000, 0x00000000ccc50140, 0x00000000cccc0000)
  to   space 20928K,   0% used [0x00000000ca3e0000, 0x00000000ca3e0000, 0x00000000cb850000)
 concurrent mark-sweep generation total 838912K, used 599097K [0x00000000cccc0000, 0x0000000100000000, 0x0000000100000000)
 Metaspace       used 3934K, capacity 4536K, committed 4864K, reserved 1056768K
  class space    used 425K, capacity 428K, committed 512K, reserved 1048576K
}
2024-07-26T01:31:15.286+0800: 6.886: Total time for which application threads were stopped: 0.0155224 seconds, Stopping threads took: 0.0000197 seconds
{Heap before GC invocations=262 (full 22):
 par new generation   total 188736K, used 187673K [0x00000000c0000000, 0x00000000cccc0000, 0x00000000cccc0000)
  eden space 167808K,  99% used [0x00000000c0000000, 0x00000000ca346440, 0x00000000ca3e0000)
  from space 20928K,  97% used [0x00000000cb850000, 0x00000000ccc50140, 0x00000000cccc0000)
  to   space 20928K,   0% used [0x00000000ca3e0000, 0x00000000ca3e0000, 0x00000000cb850000)
 concurrent mark-sweep generation total 838912K, used 599097K [0x00000000cccc0000, 0x0000000100000000, 0x0000000100000000)
 Metaspace       used 3934K, capacity 4536K, committed 4864K, reserved 1056768K
  class space    used 425K, capacity 428K, committed 512K, reserved 1048576K
2024-07-26T01:31:15.301+0800: 6.901: [GC (Allocation Failure) 2024-07-26T01:31:15.301+0800: 6.901: [ParNew2024-07-26T01:31:15.311+0800: 6.911: [SoftReference, 0 refs, 0.0000362 secs]2024-07-26T01:31:15.311+0800: 6.911: [WeakReference, 0 refs, 0.0000046 secs]2024-07-26T01:31:15.311+0800: 6.911: [FinalReference, 0 refs, 0.0000040 secs]2024-07-26T01:31:15.311+0800: 6.911: [PhantomReference, 0 refs, 0.0000038 secs]2024-07-26T01:31:15.311+0800: 6.911: [JNI Weak Reference, 0.0000043 secs]
Desired survivor size 10715136 bytes, new threshold 1 (max 1)
- age   1:   20971840 bytes,   20971840 total
: 187673K->20480K(188736K), 0.0106467 secs] 786771K->660538K(1027648K), 0.0106867 secs] [Times: user=0.01 sys=0.00, real=0.01 secs] 
Heap after GC invocations=263 (full 22):
 par new generation   total 188736K, used 20480K [0x00000000c0000000, 0x00000000cccc0000, 0x00000000cccc0000)
  eden space 167808K,   0% used [0x00000000c0000000, 0x00000000c0000000, 0x00000000ca3e0000)
  from space 20928K,  97% used [0x00000000ca3e0000, 0x00000000cb7e0140, 0x00000000cb850000)
  to   space 20928K,   0% used [0x00000000cb850000, 0x00000000cb850000, 0x00000000cccc0000)
 concurrent mark-sweep generation total 838912K, used 640058K [0x00000000cccc0000, 0x0000000100000000, 0x0000000100000000)
 Metaspace       used 3934K, capacity 4536K, committed 4864K, reserved 1056768K
  class space    used 425K, capacity 428K, committed 512K, reserved 1048576K
}
2024-07-26T01:31:15.312+0800: 6.911: Total time for which application threads were stopped: 0.0108031 seconds, Stopping threads took: 0.0000243 seconds
{Heap before GC invocations=263 (full 22):
 par new generation   total 188736K, used 187673K [0x00000000c0000000, 0x00000000cccc0000, 0x00000000cccc0000)
  eden space 167808K,  99% used [0x00000000c0000000, 0x00000000ca346440, 0x00000000ca3e0000)
  from space 20928K,  97% used [0x00000000ca3e0000, 0x00000000cb7e0140, 0x00000000cb850000)
  to   space 20928K,   0% used [0x00000000cb850000, 0x00000000cb850000, 0x00000000cccc0000)
 concurrent mark-sweep generation total 838912K, used 640058K [0x00000000cccc0000, 0x0000000100000000, 0x0000000100000000)
 Metaspace       used 3934K, capacity 4536K, committed 4864K, reserved 1056768K
  class space    used 425K, capacity 428K, committed 512K, reserved 1048576K
2024-07-26T01:31:15.326+0800: 6.926: [GC (Allocation Failure) 2024-07-26T01:31:15.326+0800: 6.926: [ParNew2024-07-26T01:31:15.330+0800: 6.929: [SoftReference, 0 refs, 0.0000257 secs]2024-07-26T01:31:15.330+0800: 6.929: [WeakReference, 0 refs, 0.0000044 secs]2024-07-26T01:31:15.330+0800: 6.929: [FinalReference, 0 refs, 0.0000040 secs]2024-07-26T01:31:15.330+0800: 6.929: [PhantomReference, 0 refs, 0.0000042 secs]2024-07-26T01:31:15.330+0800: 6.929: [JNI Weak Reference, 0.0000051 secs]
Desired survivor size 10715136 bytes, new threshold 1 (max 1)
- age   1:   20971840 bytes,   20971840 total
: 187673K->20480K(188736K), 0.0034625 secs] 827731K->661562K(1027648K), 0.0035075 secs] [Times: user=0.00 sys=0.00, real=0.00 secs] 
Heap after GC invocations=264 (full 22):
 par new generation   total 188736K, used 20480K [0x00000000c0000000, 0x00000000cccc0000, 0x00000000cccc0000)
  eden space 167808K,   0% used [0x00000000c0000000, 0x00000000c0000000, 0x00000000ca3e0000)
  from space 20928K,  97% used [0x00000000cb850000, 0x00000000ccc50140, 0x00000000cccc0000)
  to   space 20928K,   0% used [0x00000000ca3e0000, 0x00000000ca3e0000, 0x00000000cb850000)
 concurrent mark-sweep generation total 838912K, used 641082K [0x00000000cccc0000, 0x0000000100000000, 0x0000000100000000)
 Metaspace       used 3934K, capacity 4536K, committed 4864K, reserved 1056768K
  class space    used 425K, capacity 428K, committed 512K, reserved 1048576K
}
2024-07-26T01:31:15.330+0800: 6.929: Total time for which application threads were stopped: 0.0036280 seconds, Stopping threads took: 0.0000227 seconds
{Heap before GC invocations=264 (full 22):
 par new generation   total 188736K, used 187673K [0x00000000c0000000, 0x00000000cccc0000, 0x00000000cccc0000)
  eden space 167808K,  99% used [0x00000000c0000000, 0x00000000ca346440, 0x00000000ca3e0000)
  from space 20928K,  97% used [0x00000000cb850000, 0x00000000ccc50140, 0x00000000cccc0000)
  to   space 20928K,   0% used [0x00000000ca3e0000, 0x00000000ca3e0000, 0x00000000cb850000)
 concurrent mark-sweep generation total 838912K, used 641082K [0x00000000cccc0000, 0x0000000100000000, 0x0000000100000000)
 Metaspace       used 3934K, capacity 4536K, committed 4864K, reserved 1056768K
  class space    used 425K, capacity 428K, committed 512K, reserved 1048576K
2024-07-26T01:31:15.344+0800: 6.943: [GC (Allocation Failure) 2024-07-26T01:31:15.344+0800: 6.944: [ParNew2024-07-26T01:31:15.357+0800: 6.957: [SoftReference, 0 refs, 0.0000366 secs]2024-07-26T01:31:15.357+0800: 6.957: [WeakReference, 0 refs, 0.0000077 secs]2024-07-26T01:31:15.358+0800: 6.957: [FinalReference, 0 refs, 0.0000041 secs]2024-07-26T01:31:15.358+0800: 6.957: [PhantomReference, 0 refs, 0.0000054 secs]2024-07-26T01:31:15.358+0800: 6.957: [JNI Weak Reference, 0.0000188 secs]
Desired survivor size 10715136 bytes, new threshold 1 (max 1)
- age   1:   20971840 bytes,   20971840 total
: 187673K->20480K(188736K), 0.0136893 secs] 828755K->726077K(1027648K), 0.0137286 secs] [Times: user=0.02 sys=0.00, real=0.01 secs] 
Heap after GC invocations=265 (full 22):
 par new generation   total 188736K, used 20480K [0x00000000c0000000, 0x00000000cccc0000, 0x00000000cccc0000)
  eden space 167808K,   0% used [0x00000000c0000000, 0x00000000c0000000, 0x00000000ca3e0000)
  from space 20928K,  97% used [0x00000000ca3e0000, 0x00000000cb7e0140, 0x00000000cb850000)
  to   space 20928K,   0% used [0x00000000cb850000, 0x00000000cb850000, 0x00000000cccc0000)
 concurrent mark-sweep generation total 838912K, used 705597K [0x00000000cccc0000, 0x0000000100000000, 0x0000000100000000)
 Metaspace       used 3934K, capacity 4536K, committed 4864K, reserved 1056768K
  class space    used 425K, capacity 428K, committed 512K, reserved 1048576K
}
2024-07-26T01:31:15.358+0800: 6.957: Total time for which application threads were stopped: 0.0138386 seconds, Stopping threads took: 0.0000218 seconds
{Heap before GC invocations=265 (full 22):
 par new generation   total 188736K, used 187673K [0x00000000c0000000, 0x00000000cccc0000, 0x00000000cccc0000)
  eden space 167808K,  99% used [0x00000000c0000000, 0x00000000ca346440, 0x00000000ca3e0000)
  from space 20928K,  97% used [0x00000000ca3e0000, 0x00000000cb7e0140, 0x00000000cb850000)
  to   space 20928K,   0% used [0x00000000cb850000, 0x00000000cb850000, 0x00000000cccc0000)
 concurrent mark-sweep generation total 838912K, used 705597K [0x00000000cccc0000, 0x0000000100000000, 0x0000000100000000)
 Metaspace       used 3934K, capacity 4536K, committed 4864K, reserved 1056768K
  class space    used 425K, capacity 428K, committed 512K, reserved 1048576K
2024-07-26T01:31:15.371+0800: 6.972: [GC (Allocation Failure) 2024-07-26T01:31:15.371+0800: 6.972: [ParNew2024-07-26T01:31:15.381+0800: 6.980: [SoftReference, 0 refs, 0.0000350 secs]2024-07-26T01:31:15.381+0800: 6.980: [WeakReference, 0 refs, 0.0000048 secs]2024-07-26T01:31:15.381+0800: 6.980: [FinalReference, 0 refs, 0.0000043 secs]2024-07-26T01:31:15.381+0800: 6.980: [PhantomReference, 0 refs, 0.0000040 secs]2024-07-26T01:31:15.381+0800: 6.980: [JNI Weak Reference, 0.0000047 secs]
Desired survivor size 10715136 bytes, new threshold 1 (max 1)
- age   1:   20971840 bytes,   20971840 total
: 187673K->20480K(188736K), 0.0086251 secs] 893270K->750654K(1027648K), 0.0086607 secs] [Times: user=0.00 sys=0.00, real=0.01 secs] 
Heap after GC invocations=266 (full 22):
 par new generation   total 188736K, used 20480K [0x00000000c0000000, 0x00000000cccc0000, 0x00000000cccc0000)
  eden space 167808K,   0% used [0x00000000c0000000, 0x00000000c0000000, 0x00000000ca3e0000)
  from space 20928K,  97% used [0x00000000cb850000, 0x00000000ccc50140, 0x00000000cccc0000)
  to   space 20928K,   0% used [0x00000000ca3e0000, 0x00000000ca3e0000, 0x00000000cb850000)
 concurrent mark-sweep generation total 838912K, used 730173K [0x00000000cccc0000, 0x0000000100000000, 0x0000000100000000)
 Metaspace       used 3934K, capacity 4536K, committed 4864K, reserved 1056768K
  class space    used 425K, capacity 428K, committed 512K, reserved 1048576K
}
2024-07-26T01:31:15.381+0800: 6.980: Total time for which application threads were stopped: 0.0087763 seconds, Stopping threads took: 0.0000227 seconds
{Heap before GC invocations=266 (full 22):
 par new generation   total 188736K, used 187673K [0x00000000c0000000, 0x00000000cccc0000, 0x00000000cccc0000)
  eden space 167808K,  99% used [0x00000000c0000000, 0x00000000ca346440, 0x00000000ca3e0000)
  from space 20928K,  97% used [0x00000000cb850000, 0x00000000ccc50140, 0x00000000cccc0000)
  to   space 20928K,   0% used [0x00000000ca3e0000, 0x00000000ca3e0000, 0x00000000cb850000)
 concurrent mark-sweep generation total 838912K, used 730173K [0x00000000cccc0000, 0x0000000100000000, 0x0000000100000000)
 Metaspace       used 3934K, capacity 4536K, committed 4864K, reserved 1056768K
  class space    used 425K, capacity 428K, committed 512K, reserved 1048576K
2024-07-26T01:31:15.396+0800: 6.995: [GC (Allocation Failure) 2024-07-26T01:31:15.396+0800: 6.995: [ParNew2024-07-26T01:31:15.398+0800: 6.997: [SoftReference, 0 refs, 0.0000201 secs]2024-07-26T01:31:15.398+0800: 6.997: [WeakReference, 0 refs, 0.0000042 secs]2024-07-26T01:31:15.398+0800: 6.997: [FinalReference, 0 refs, 0.0000038 secs]2024-07-26T01:31:15.398+0800: 6.997: [PhantomReference, 0 refs, 0.0000038 secs]2024-07-26T01:31:15.398+0800: 6.997: [JNI Weak Reference, 0.0000043 secs]
Desired survivor size 10715136 bytes, new threshold 1 (max 1)
- age   1:    5242960 bytes,    5242960 total
: 187673K->5120K(188736K), 0.0017289 secs] 917847K->735293K(1027648K), 0.0017727 secs] [Times: user=0.00 sys=0.00, real=0.00 secs] 
Heap after GC invocations=267 (full 22):
 par new generation   total 188736K, used 5120K [0x00000000c0000000, 0x00000000cccc0000, 0x00000000cccc0000)
  eden space 167808K,   0% used [0x00000000c0000000, 0x00000000c0000000, 0x00000000ca3e0000)
  from space 20928K,  24% used [0x00000000ca3e0000, 0x00000000ca8e0050, 0x00000000cb850000)
  to   space 20928K,   0% used [0x00000000cb850000, 0x00000000cb850000, 0x00000000cccc0000)
 concurrent mark-sweep generation total 838912K, used 730173K [0x00000000cccc0000, 0x0000000100000000, 0x0000000100000000)
 Metaspace       used 3934K, capacity 4536K, committed 4864K, reserved 1056768K
  class space    used 425K, capacity 428K, committed 512K, reserved 1048576K
}
2024-07-26T01:31:15.398+0800: 6.997: Total time for which application threads were stopped: 0.0018773 seconds, Stopping threads took: 0.0000247 seconds
{Heap before GC invocations=267 (full 22):
 par new generation   total 188736K, used 172313K [0x00000000c0000000, 0x00000000cccc0000, 0x00000000cccc0000)
  eden space 167808K,  99% used [0x00000000c0000000, 0x00000000ca346440, 0x00000000ca3e0000)
  from space 20928K,  24% used [0x00000000ca3e0000, 0x00000000ca8e0050, 0x00000000cb850000)
  to   space 20928K,   0% used [0x00000000cb850000, 0x00000000cb850000, 0x00000000cccc0000)
 concurrent mark-sweep generation total 838912K, used 730173K [0x00000000cccc0000, 0x0000000100000000, 0x0000000100000000)
 Metaspace       used 3934K, capacity 4536K, committed 4864K, reserved 1056768K
  class space    used 425K, capacity 428K, committed 512K, reserved 1048576K
2024-07-26T01:31:15.412+0800: 7.012: [GC (Allocation Failure) 2024-07-26T01:31:15.412+0800: 7.012: [ParNew2024-07-26T01:31:15.427+0800: 7.026: [SoftReference, 0 refs, 0.0000425 secs]2024-07-26T01:31:15.427+0800: 7.026: [WeakReference, 0 refs, 0.0000048 secs]2024-07-26T01:31:15.427+0800: 7.026: [FinalReference, 0 refs, 0.0000044 secs]2024-07-26T01:31:15.427+0800: 7.026: [PhantomReference, 0 refs, 0.0000044 secs]2024-07-26T01:31:15.427+0800: 7.026: [JNI Weak Reference, 0.0000059 secs]
Desired survivor size 10715136 bytes, new threshold 1 (max 1)
- age   1:   20971840 bytes,   20971840 total
: 172313K->20480K(188736K), 0.0145422 secs] 902486K->798784K(1027648K), 0.0145894 secs] [Times: user=0.08 sys=0.00, real=0.02 secs] 
Heap after GC invocations=268 (full 22):
 par new generation   total 188736K, used 20480K [0x00000000c0000000, 0x00000000cccc0000, 0x00000000cccc0000)
  eden space 167808K,   0% used [0x00000000c0000000, 0x00000000c0000000, 0x00000000ca3e0000)
  from space 20928K,  97% used [0x00000000cb850000, 0x00000000ccc50140, 0x00000000cccc0000)
  to   space 20928K,   0% used [0x00000000ca3e0000, 0x00000000ca3e0000, 0x00000000cb850000)
 concurrent mark-sweep generation total 838912K, used 778304K [0x00000000cccc0000, 0x0000000100000000, 0x0000000100000000)
 Metaspace       used 3934K, capacity 4536K, committed 4864K, reserved 1056768K
  class space    used 425K, capacity 428K, committed 512K, reserved 1048576K
}
2024-07-26T01:31:15.427+0800: 7.026: Total time for which application threads were stopped: 0.0147185 seconds, Stopping threads took: 0.0000255 seconds
{Heap before GC invocations=268 (full 22):
 par new generation   total 188736K, used 187673K [0x00000000c0000000, 0x00000000cccc0000, 0x00000000cccc0000)
  eden space 167808K,  99% used [0x00000000c0000000, 0x00000000ca346440, 0x00000000ca3e0000)
  from space 20928K,  97% used [0x00000000cb850000, 0x00000000ccc50140, 0x00000000cccc0000)
  to   space 20928K,   0% used [0x00000000ca3e0000, 0x00000000ca3e0000, 0x00000000cb850000)
 concurrent mark-sweep generation total 838912K, used 778304K [0x00000000cccc0000, 0x0000000100000000, 0x0000000100000000)
 Metaspace       used 3934K, capacity 4536K, committed 4864K, reserved 1056768K
  class space    used 425K, capacity 428K, committed 512K, reserved 1048576K
2024-07-26T01:31:15.443+0800: 7.042: [GC (Allocation Failure) 2024-07-26T01:31:15.443+0800: 7.042: [ParNew: 187673K->187673K(188736K), 0.0000234 secs]2024-07-26T01:31:15.443+0800: 7.042: [CMS2024-07-26T01:31:15.443+0800: 7.042: [CMS-concurrent-abortable-preclean: 0.009/0.310 secs] [Times: user=0.33 sys=0.00, real=0.31 secs] 
 (concurrent mode failure)2024-07-26T01:31:15.444+0800: 7.043: [SoftReference, 0 refs, 0.0002028 secs]2024-07-26T01:31:15.444+0800: 7.044: [WeakReference, 2 refs, 0.0000052 secs]2024-07-26T01:31:15.444+0800: 7.044: [FinalReference, 2 refs, 0.0000041 secs]2024-07-26T01:31:15.444+0800: 7.044: [PhantomReference, 0 refs, 0.0000035 secs]2024-07-26T01:31:15.444+0800: 7.044: [JNI Weak Reference, 0.0000054 secs]: 778304K->29728K(838912K), 0.0089807 secs] 965977K->29728K(1027648K), [Metaspace: 3934K->3934K(1056768K)], 0.0091116 secs] [Times: user=0.00 sys=0.00, real=0.01 secs] 
Heap after GC invocations=269 (full 23):
 par new generation   total 188736K, used 0K [0x00000000c0000000, 0x00000000cccc0000, 0x00000000cccc0000)
  eden space 167808K,   0% used [0x00000000c0000000, 0x00000000c0000000, 0x00000000ca3e0000)
  from space 20928K,   0% used [0x00000000cb850000, 0x00000000cb850000, 0x00000000cccc0000)
  to   space 20928K,   0% used [0x00000000ca3e0000, 0x00000000ca3e0000, 0x00000000cb850000)
 concurrent mark-sweep generation total 838912K, used 29728K [0x00000000cccc0000, 0x0000000100000000, 0x0000000100000000)
 Metaspace       used 3934K, capacity 4536K, committed 4864K, reserved 1056768K
  class space    used 425K, capacity 428K, committed 512K, reserved 1048576K
}
2024-07-26T01:31:15.452+0800: 7.051: Total time for which application threads were stopped: 0.0092598 seconds, Stopping threads took: 0.0000331 seconds
{Heap before GC invocations=269 (full 23):
 par new generation   total 188736K, used 167193K [0x00000000c0000000, 0x00000000cccc0000, 0x00000000cccc0000)
  eden space 167808K,  99% used [0x00000000c0000000, 0x00000000ca346440, 0x00000000ca3e0000)
  from space 20928K,   0% used [0x00000000cb850000, 0x00000000cb850000, 0x00000000cccc0000)
  to   space 20928K,   0% used [0x00000000ca3e0000, 0x00000000ca3e0000, 0x00000000cb850000)
 concurrent mark-sweep generation total 838912K, used 29728K [0x00000000cccc0000, 0x0000000100000000, 0x0000000100000000)
 Metaspace       used 3934K, capacity 4536K, committed 4864K, reserved 1056768K
  class space    used 425K, capacity 428K, committed 512K, reserved 1048576K
2024-07-26T01:31:15.469+0800: 7.068: [GC (Allocation Failure) 2024-07-26T01:31:15.469+0800: 7.068: [ParNew2024-07-26T01:31:15.491+0800: 7.091: [SoftReference, 0 refs, 0.0000390 secs]2024-07-26T01:31:15.491+0800: 7.091: [WeakReference, 0 refs, 0.0000042 secs]2024-07-26T01:31:15.491+0800: 7.091: [FinalReference, 0 refs, 0.0000038 secs]2024-07-26T01:31:15.491+0800: 7.091: [PhantomReference, 0 refs, 0.0000038 secs]2024-07-26T01:31:15.491+0800: 7.091: [JNI Weak Reference, 0.0000045 secs]
Desired survivor size 10715136 bytes, new threshold 1 (max 1)
- age   1:   20971840 bytes,   20971840 total
: 167193K->20480K(188736K), 0.0227534 secs] 196921K->121892K(1027648K), 0.0228139 secs] [Times: user=0.17 sys=0.00, real=0.02 secs] 
Heap after GC invocations=270 (full 23):
 par new generation   total 188736K, used 20480K [0x00000000c0000000, 0x00000000cccc0000, 0x00000000cccc0000)
  eden space 167808K,   0% used [0x00000000c0000000, 0x00000000c0000000, 0x00000000ca3e0000)
  from space 20928K,  97% used [0x00000000ca3e0000, 0x00000000cb7e0140, 0x00000000cb850000)
  to   space 20928K,   0% used [0x00000000cb850000, 0x00000000cb850000, 0x00000000cccc0000)
 concurrent mark-sweep generation total 838912K, used 101411K [0x00000000cccc0000, 0x0000000100000000, 0x0000000100000000)
 Metaspace       used 3934K, capacity 4536K, committed 4864K, reserved 1056768K
  class space    used 425K, capacity 428K, committed 512K, reserved 1048576K
}
2024-07-26T01:31:15.491+0800: 7.091: Total time for which application threads were stopped: 0.0229383 seconds, Stopping threads took: 0.0000339 seconds
{Heap before GC invocations=270 (full 23):
 par new generation   total 188736K, used 187673K [0x00000000c0000000, 0x00000000cccc0000, 0x00000000cccc0000)
  eden space 167808K,  99% used [0x00000000c0000000, 0x00000000ca346440, 0x00000000ca3e0000)
  from space 20928K,  97% used [0x00000000ca3e0000, 0x00000000cb7e0140, 0x00000000cb850000)
  to   space 20928K,   0% used [0x00000000cb850000, 0x00000000cb850000, 0x00000000cccc0000)
 concurrent mark-sweep generation total 838912K, used 101411K [0x00000000cccc0000, 0x0000000100000000, 0x0000000100000000)
 Metaspace       used 3934K, capacity 4536K, committed 4864K, reserved 1056768K
  class space    used 425K, capacity 428K, committed 512K, reserved 1048576K
2024-07-26T01:31:15.507+0800: 7.107: [GC (Allocation Failure) 2024-07-26T01:31:15.507+0800: 7.107: [ParNew2024-07-26T01:31:15.518+0800: 7.118: [SoftReference, 0 refs, 0.0000372 secs]2024-07-26T01:31:15.518+0800: 7.118: [WeakReference, 0 refs, 0.0000044 secs]2024-07-26T01:31:15.518+0800: 7.118: [FinalReference, 0 refs, 0.0000040 secs]2024-07-26T01:31:15.518+0800: 7.118: [PhantomReference, 0 refs, 0.0000037 secs]2024-07-26T01:31:15.518+0800: 7.118: [JNI Weak Reference, 0.0000043 secs]
Desired survivor size 10715136 bytes, new threshold 1 (max 1)
- age   1:   20971840 bytes,   20971840 total
: 187673K->20480K(188736K), 0.0115930 secs] 289085K->153638K(1027648K), 0.0116635 secs] [Times: user=0.03 sys=0.00, real=0.01 secs] 
Heap after GC invocations=271 (full 23):
 par new generation   total 188736K, used 20480K [0x00000000c0000000, 0x00000000cccc0000, 0x00000000cccc0000)
  eden space 167808K,   0% used [0x00000000c0000000, 0x00000000c0000000, 0x00000000ca3e0000)
  from space 20928K,  97% used [0x00000000cb850000, 0x00000000ccc50140, 0x00000000cccc0000)
  to   space 20928K,   0% used [0x00000000ca3e0000, 0x00000000ca3e0000, 0x00000000cb850000)
 concurrent mark-sweep generation total 838912K, used 133158K [0x00000000cccc0000, 0x0000000100000000, 0x0000000100000000)
 Metaspace       used 3934K, capacity 4536K, committed 4864K, reserved 1056768K
  class space    used 425K, capacity 428K, committed 512K, reserved 1048576K
}
2024-07-26T01:31:15.518+0800: 7.118: Total time for which application threads were stopped: 0.0118064 seconds, Stopping threads took: 0.0000406 seconds
{Heap before GC invocations=271 (full 23):
 par new generation   total 188736K, used 187673K [0x00000000c0000000, 0x00000000cccc0000, 0x00000000cccc0000)
  eden space 167808K,  99% used [0x00000000c0000000, 0x00000000ca346440, 0x00000000ca3e0000)
  from space 20928K,  97% used [0x00000000cb850000, 0x00000000ccc50140, 0x00000000cccc0000)
  to   space 20928K,   0% used [0x00000000ca3e0000, 0x00000000ca3e0000, 0x00000000cb850000)
 concurrent mark-sweep generation total 838912K, used 133158K [0x00000000cccc0000, 0x0000000100000000, 0x0000000100000000)
 Metaspace       used 3934K, capacity 4536K, committed 4864K, reserved 1056768K
  class space    used 425K, capacity 428K, committed 512K, reserved 1048576K
2024-07-26T01:31:15.533+0800: 7.133: [GC (Allocation Failure) 2024-07-26T01:31:15.533+0800: 7.133: [ParNew2024-07-26T01:31:15.538+0800: 7.137: [SoftReference, 0 refs, 0.0000433 secs]2024-07-26T01:31:15.538+0800: 7.137: [WeakReference, 0 refs, 0.0000051 secs]2024-07-26T01:31:15.538+0800: 7.137: [FinalReference, 0 refs, 0.0000044 secs]2024-07-26T01:31:15.538+0800: 7.137: [PhantomReference, 0 refs, 0.0000043 secs]2024-07-26T01:31:15.538+0800: 7.137: [JNI Weak Reference, 0.0000050 secs]
Desired survivor size 10715136 bytes, new threshold 1 (max 1)
- age   1:   12583104 bytes,   12583104 total
: 187673K->12288K(188736K), 0.0040859 secs] 320831K->145446K(1027648K), 0.0041616 secs] [Times: user=0.02 sys=0.00, real=0.01 secs] 
Heap after GC invocations=272 (full 23):
 par new generation   total 188736K, used 12288K [0x00000000c0000000, 0x00000000cccc0000, 0x00000000cccc0000)
  eden space 167808K,   0% used [0x00000000c0000000, 0x00000000c0000000, 0x00000000ca3e0000)
  from space 20928K,  58% used [0x00000000ca3e0000, 0x00000000cafe00c0, 0x00000000cb850000)
  to   space 20928K,   0% used [0x00000000cb850000, 0x00000000cb850000, 0x00000000cccc0000)
 concurrent mark-sweep generation total 838912K, used 133158K [0x00000000cccc0000, 0x0000000100000000, 0x0000000100000000)
 Metaspace       used 3934K, capacity 4536K, committed 4864K, reserved 1056768K
  class space    used 425K, capacity 428K, committed 512K, reserved 1048576K
}
2024-07-26T01:31:15.538+0800: 7.137: Total time for which application threads were stopped: 0.0043162 seconds, Stopping threads took: 0.0000432 seconds
{Heap before GC invocations=272 (full 23):
 par new generation   total 188736K, used 179481K [0x00000000c0000000, 0x00000000cccc0000, 0x00000000cccc0000)
  eden space 167808K,  99% used [0x00000000c0000000, 0x00000000ca346440, 0x00000000ca3e0000)
  from space 20928K,  58% used [0x00000000ca3e0000, 0x00000000cafe00c0, 0x00000000cb850000)
  to   space 20928K,   0% used [0x00000000cb850000, 0x00000000cb850000, 0x00000000cccc0000)
 concurrent mark-sweep generation total 838912K, used 133158K [0x00000000cccc0000, 0x0000000100000000, 0x0000000100000000)
 Metaspace       used 3934K, capacity 4536K, committed 4864K, reserved 1056768K
  class space    used 425K, capacity 428K, committed 512K, reserved 1048576K
2024-07-26T01:31:15.554+0800: 7.153: [GC (Allocation Failure) 2024-07-26T01:31:15.554+0800: 7.153: [ParNew2024-07-26T01:31:15.571+0800: 7.170: [SoftReference, 0 refs, 0.0000400 secs]2024-07-26T01:31:15.571+0800: 7.170: [WeakReference, 0 refs, 0.0000049 secs]2024-07-26T01:31:15.571+0800: 7.170: [FinalReference, 0 refs, 0.0000044 secs]2024-07-26T01:31:15.571+0800: 7.171: [PhantomReference, 0 refs, 0.0000044 secs]2024-07-26T01:31:15.571+0800: 7.171: [JNI Weak Reference, 0.0000047 secs]
Desired survivor size 10715136 bytes, new threshold 1 (max 1)
- age   1:   20971840 bytes,   20971840 total
: 179481K->20480K(188736K), 0.0170774 secs] 312639K->208937K(1027648K), 0.0171799 secs] [Times: user=0.06 sys=0.00, real=0.02 secs] 
Heap after GC invocations=273 (full 23):
 par new generation   total 188736K, used 20480K [0x00000000c0000000, 0x00000000cccc0000, 0x00000000cccc0000)
  eden space 167808K,   0% used [0x00000000c0000000, 0x00000000c0000000, 0x00000000ca3e0000)
  from space 20928K,  97% used [0x00000000cb850000, 0x00000000ccc50140, 0x00000000cccc0000)
  to   space 20928K,   0% used [0x00000000ca3e0000, 0x00000000ca3e0000, 0x00000000cb850000)
 concurrent mark-sweep generation total 838912K, used 188457K [0x00000000cccc0000, 0x0000000100000000, 0x0000000100000000)
 Metaspace       used 3934K, capacity 4536K, committed 4864K, reserved 1056768K
  class space    used 425K, capacity 428K, committed 512K, reserved 1048576K
}
2024-07-26T01:31:15.571+0800: 7.171: Total time for which application threads were stopped: 0.0173732 seconds, Stopping threads took: 0.0000572 seconds
{Heap before GC invocations=273 (full 23):
 par new generation   total 188736K, used 187673K [0x00000000c0000000, 0x00000000cccc0000, 0x00000000cccc0000)
  eden space 167808K,  99% used [0x00000000c0000000, 0x00000000ca346440, 0x00000000ca3e0000)
  from space 20928K,  97% used [0x00000000cb850000, 0x00000000ccc50140, 0x00000000cccc0000)
  to   space 20928K,   0% used [0x00000000ca3e0000, 0x00000000ca3e0000, 0x00000000cb850000)
 concurrent mark-sweep generation total 838912K, used 188457K [0x00000000cccc0000, 0x0000000100000000, 0x0000000100000000)
 Metaspace       used 3934K, capacity 4536K, committed 4864K, reserved 1056768K
  class space    used 425K, capacity 428K, committed 512K, reserved 1048576K
2024-07-26T01:31:15.587+0800: 7.186: [GC (Allocation Failure) 2024-07-26T01:31:15.587+0800: 7.186: [ParNew2024-07-26T01:31:15.596+0800: 7.195: [SoftReference, 0 refs, 0.0000367 secs]2024-07-26T01:31:15.596+0800: 7.195: [WeakReference, 0 refs, 0.0000044 secs]2024-07-26T01:31:15.596+0800: 7.195: [FinalReference, 0 refs, 0.0000040 secs]2024-07-26T01:31:15.596+0800: 7.195: [PhantomReference, 0 refs, 0.0000039 secs]2024-07-26T01:31:15.596+0800: 7.195: [JNI Weak Reference, 0.0000045 secs]
Desired survivor size 10715136 bytes, new threshold 1 (max 1)
- age   1:   20971840 bytes,   20971840 total
: 187673K->20480K(188736K), 0.0089718 secs] 376130K->224299K(1027648K), 0.0090148 secs] [Times: user=0.01 sys=0.00, real=0.01 secs] 
Heap after GC invocations=274 (full 23):
 par new generation   total 188736K, used 20480K [0x00000000c0000000, 0x00000000cccc0000, 0x00000000cccc0000)
  eden space 167808K,   0% used [0x00000000c0000000, 0x00000000c0000000, 0x00000000ca3e0000)
  from space 20928K,  97% used [0x00000000ca3e0000, 0x00000000cb7e0140, 0x00000000cb850000)
  to   space 20928K,   0% used [0x00000000cb850000, 0x00000000cb850000, 0x00000000cccc0000)
 concurrent mark-sweep generation total 838912K, used 203819K [0x00000000cccc0000, 0x0000000100000000, 0x0000000100000000)
 Metaspace       used 3934K, capacity 4536K, committed 4864K, reserved 1056768K
  class space    used 425K, capacity 428K, committed 512K, reserved 1048576K
}
2024-07-26T01:31:15.596+0800: 7.195: Total time for which application threads were stopped: 0.0091269 seconds, Stopping threads took: 0.0000223 seconds
{Heap before GC invocations=274 (full 23):
 par new generation   total 188736K, used 187673K [0x00000000c0000000, 0x00000000cccc0000, 0x00000000cccc0000)
  eden space 167808K,  99% used [0x00000000c0000000, 0x00000000ca346440, 0x00000000ca3e0000)
  from space 20928K,  97% used [0x00000000ca3e0000, 0x00000000cb7e0140, 0x00000000cb850000)
  to   space 20928K,   0% used [0x00000000cb850000, 0x00000000cb850000, 0x00000000cccc0000)
 concurrent mark-sweep generation total 838912K, used 203819K [0x00000000cccc0000, 0x0000000100000000, 0x0000000100000000)
 Metaspace       used 3934K, capacity 4536K, committed 4864K, reserved 1056768K
  class space    used 425K, capacity 428K, committed 512K, reserved 1048576K
2024-07-26T01:31:15.611+0800: 7.210: [GC (Allocation Failure) 2024-07-26T01:31:15.611+0800: 7.210: [ParNew2024-07-26T01:31:15.631+0800: 7.230: [SoftReference, 0 refs, 0.0000636 secs]2024-07-26T01:31:15.631+0800: 7.230: [WeakReference, 0 refs, 0.0000089 secs]2024-07-26T01:31:15.631+0800: 7.230: [FinalReference, 0 refs, 0.0000079 secs]2024-07-26T01:31:15.631+0800: 7.230: [PhantomReference, 0 refs, 0.0000074 secs]2024-07-26T01:31:15.631+0800: 7.230: [JNI Weak Reference, 0.0000072 secs]
Desired survivor size 10715136 bytes, new threshold 1 (max 1)
- age   1:   20971840 bytes,   20971840 total
: 187673K->20480K(188736K), 0.0199496 secs] 391492K->303151K(1027648K), 0.0200108 secs] [Times: user=0.09 sys=0.01, real=0.02 secs] 
Heap after GC invocations=275 (full 23):
 par new generation   total 188736K, used 20480K [0x00000000c0000000, 0x00000000cccc0000, 0x00000000cccc0000)
  eden space 167808K,   0% used [0x00000000c0000000, 0x00000000c0000000, 0x00000000ca3e0000)
  from space 20928K,  97% used [0x00000000cb850000, 0x00000000ccc50140, 0x00000000cccc0000)
  to   space 20928K,   0% used [0x00000000ca3e0000, 0x00000000ca3e0000, 0x00000000cb850000)
 concurrent mark-sweep generation total 838912K, used 282670K [0x00000000cccc0000, 0x0000000100000000, 0x0000000100000000)
 Metaspace       used 3934K, capacity 4536K, committed 4864K, reserved 1056768K
  class space    used 425K, capacity 428K, committed 512K, reserved 1048576K
}
2024-07-26T01:31:15.631+0800: 7.230: Total time for which application threads were stopped: 0.0201466 seconds, Stopping threads took: 0.0000241 seconds
{Heap before GC invocations=275 (full 23):
 par new generation   total 188736K, used 187673K [0x00000000c0000000, 0x00000000cccc0000, 0x00000000cccc0000)
  eden space 167808K,  99% used [0x00000000c0000000, 0x00000000ca346440, 0x00000000ca3e0000)
  from space 20928K,  97% used [0x00000000cb850000, 0x00000000ccc50140, 0x00000000cccc0000)
  to   space 20928K,   0% used [0x00000000ca3e0000, 0x00000000ca3e0000, 0x00000000cb850000)
 concurrent mark-sweep generation total 838912K, used 282670K [0x00000000cccc0000, 0x0000000100000000, 0x0000000100000000)
 Metaspace       used 3934K, capacity 4536K, committed 4864K, reserved 1056768K
  class space    used 425K, capacity 428K, committed 512K, reserved 1048576K
2024-07-26T01:31:15.645+0800: 7.245: [GC (Allocation Failure) 2024-07-26T01:31:15.645+0800: 7.245: [ParNew2024-07-26T01:31:15.658+0800: 7.258: [SoftReference, 0 refs, 0.0000545 secs]2024-07-26T01:31:15.659+0800: 7.258: [WeakReference, 0 refs, 0.0000044 secs]2024-07-26T01:31:15.659+0800: 7.258: [FinalReference, 0 refs, 0.0000040 secs]2024-07-26T01:31:15.659+0800: 7.258: [PhantomReference, 0 refs, 0.0000038 secs]2024-07-26T01:31:15.659+0800: 7.258: [JNI Weak Reference, 0.0000052 secs]
Desired survivor size 10715136 bytes, new threshold 1 (max 1)
- age   1:   20971840 bytes,   20971840 total
: 187673K->20480K(188736K), 0.0129352 secs] 470344K->342063K(1027648K), 0.0130319 secs] [Times: user=0.11 sys=0.00, real=0.01 secs] 
Heap after GC invocations=276 (full 23):
 par new generation   total 188736K, used 20480K [0x00000000c0000000, 0x00000000cccc0000, 0x00000000cccc0000)
  eden space 167808K,   0% used [0x00000000c0000000, 0x00000000c0000000, 0x00000000ca3e0000)
  from space 20928K,  97% used [0x00000000ca3e0000, 0x00000000cb7e0140, 0x00000000cb850000)
  to   space 20928K,   0% used [0x00000000cb850000, 0x00000000cb850000, 0x00000000cccc0000)
 concurrent mark-sweep generation total 838912K, used 321583K [0x00000000cccc0000, 0x0000000100000000, 0x0000000100000000)
 Metaspace       used 3934K, capacity 4536K, committed 4864K, reserved 1056768K
  class space    used 425K, capacity 428K, committed 512K, reserved 1048576K
}
2024-07-26T01:31:15.659+0800: 7.258: Total time for which application threads were stopped: 0.0131889 seconds, Stopping threads took: 0.0000409 seconds
{Heap before GC invocations=276 (full 23):
 par new generation   total 188736K, used 187673K [0x00000000c0000000, 0x00000000cccc0000, 0x00000000cccc0000)
  eden space 167808K,  99% used [0x00000000c0000000, 0x00000000ca346440, 0x00000000ca3e0000)
  from space 20928K,  97% used [0x00000000ca3e0000, 0x00000000cb7e0140, 0x00000000cb850000)
  to   space 20928K,   0% used [0x00000000cb850000, 0x00000000cb850000, 0x00000000cccc0000)
 concurrent mark-sweep generation total 838912K, used 321583K [0x00000000cccc0000, 0x0000000100000000, 0x0000000100000000)
 Metaspace       used 3934K, capacity 4536K, committed 4864K, reserved 1056768K
  class space    used 425K, capacity 428K, committed 512K, reserved 1048576K
2024-07-26T01:31:15.675+0800: 7.274: [GC (Allocation Failure) 2024-07-26T01:31:15.675+0800: 7.274: [ParNew2024-07-26T01:31:15.679+0800: 7.279: [SoftReference, 0 refs, 0.0000305 secs]2024-07-26T01:31:15.679+0800: 7.279: [WeakReference, 0 refs, 0.0000045 secs]2024-07-26T01:31:15.679+0800: 7.279: [FinalReference, 0 refs, 0.0000039 secs]2024-07-26T01:31:15.679+0800: 7.279: [PhantomReference, 0 refs, 0.0000037 secs]2024-07-26T01:31:15.679+0800: 7.279: [JNI Weak Reference, 0.0000047 secs]
Desired survivor size 10715136 bytes, new threshold 1 (max 1)
- age   1:   19923248 bytes,   19923248 total
: 187673K->19456K(188736K), 0.0044350 secs] 509256K->341039K(1027648K), 0.0044761 secs] [Times: user=0.01 sys=0.00, real=0.00 secs] 
Heap after GC invocations=277 (full 23):
 par new generation   total 188736K, used 19456K [0x00000000c0000000, 0x00000000cccc0000, 0x00000000cccc0000)
  eden space 167808K,   0% used [0x00000000c0000000, 0x00000000c0000000, 0x00000000ca3e0000)
  from space 20928K,  92% used [0x00000000cb850000, 0x00000000ccb50130, 0x00000000cccc0000)
  to   space 20928K,   0% used [0x00000000ca3e0000, 0x00000000ca3e0000, 0x00000000cb850000)
 concurrent mark-sweep generation total 838912K, used 321583K [0x00000000cccc0000, 0x0000000100000000, 0x0000000100000000)
 Metaspace       used 3934K, capacity 4536K, committed 4864K, reserved 1056768K
  class space    used 425K, capacity 428K, committed 512K, reserved 1048576K
}
2024-07-26T01:31:15.679+0800: 7.279: Total time for which application threads were stopped: 0.0045895 seconds, Stopping threads took: 0.0000258 seconds
{Heap before GC invocations=277 (full 23):
 par new generation   total 188736K, used 186649K [0x00000000c0000000, 0x00000000cccc0000, 0x00000000cccc0000)
  eden space 167808K,  99% used [0x00000000c0000000, 0x00000000ca346440, 0x00000000ca3e0000)
  from space 20928K,  92% used [0x00000000cb850000, 0x00000000ccb50130, 0x00000000cccc0000)
  to   space 20928K,   0% used [0x00000000ca3e0000, 0x00000000ca3e0000, 0x00000000cb850000)
 concurrent mark-sweep generation total 838912K, used 321583K [0x00000000cccc0000, 0x0000000100000000, 0x0000000100000000)
 Metaspace       used 3934K, capacity 4536K, committed 4864K, reserved 1056768K
  class space    used 425K, capacity 428K, committed 512K, reserved 1048576K
2024-07-26T01:31:15.694+0800: 7.294: [GC (Allocation Failure) 2024-07-26T01:31:15.695+0800: 7.294: [ParNew2024-07-26T01:31:15.708+0800: 7.307: [SoftReference, 0 refs, 0.0000413 secs]2024-07-26T01:31:15.708+0800: 7.307: [WeakReference, 0 refs, 0.0000044 secs]2024-07-26T01:31:15.708+0800: 7.307: [FinalReference, 0 refs, 0.0000041 secs]2024-07-26T01:31:15.708+0800: 7.307: [PhantomReference, 0 refs, 0.0000038 secs]2024-07-26T01:31:15.708+0800: 7.307: [JNI Weak Reference, 0.0000047 secs]
Desired survivor size 10715136 bytes, new threshold 1 (max 1)
- age   1:   20971840 bytes,   20971840 total
: 186649K->20480K(188736K), 0.0132882 secs] 508232K->404530K(1027648K), 0.0133615 secs] [Times: user=0.03 sys=0.00, real=0.01 secs] 
Heap after GC invocations=278 (full 23):
 par new generation   total 188736K, used 20480K [0x00000000c0000000, 0x00000000cccc0000, 0x00000000cccc0000)
  eden space 167808K,   0% used [0x00000000c0000000, 0x00000000c0000000, 0x00000000ca3e0000)
  from space 20928K,  97% used [0x00000000ca3e0000, 0x00000000cb7e0140, 0x00000000cb850000)
  to   space 20928K,   0% used [0x00000000cb850000, 0x00000000cb850000, 0x00000000cccc0000)
 concurrent mark-sweep generation total 838912K, used 384050K [0x00000000cccc0000, 0x0000000100000000, 0x0000000100000000)
 Metaspace       used 3934K, capacity 4536K, committed 4864K, reserved 1056768K
  class space    used 425K, capacity 428K, committed 512K, reserved 1048576K
}
2024-07-26T01:31:15.708+0800: 7.307: Total time for which application threads were stopped: 0.0135407 seconds, Stopping threads took: 0.0000524 seconds
2024-07-26T01:31:15.708+0800: 7.308: [GC (CMS Initial Mark) [1 CMS-initial-mark: 384050K(838912K)] 405554K(1027648K), 0.0002587 secs] [Times: user=0.00 sys=0.00, real=0.00 secs] 
2024-07-26T01:31:15.708+0800: 7.308: Total time for which application threads were stopped: 0.0003819 seconds, Stopping threads took: 0.0000811 seconds
2024-07-26T01:31:15.708+0800: 7.308: [CMS-concurrent-mark-start]
2024-07-26T01:31:15.710+0800: 7.310: [CMS-concurrent-mark: 0.002/0.002 secs] [Times: user=0.00 sys=0.00, real=0.00 secs] 
2024-07-26T01:31:15.710+0800: 7.310: [CMS-concurrent-preclean-start]
2024-07-26T01:31:15.710+0800: 7.310: [Preclean SoftReferences, 0.0000064 secs]2024-07-26T01:31:15.710+0800: 7.310: [Preclean WeakReferences, 0.0000064 secs]2024-07-26T01:31:15.710+0800: 7.310: [Preclean FinalReferences, 0.0000031 secs]2024-07-26T01:31:15.710+0800: 7.310: [Preclean PhantomReferences, 0.0000030 secs]2024-07-26T01:31:15.711+0800: 7.311: [CMS-concurrent-preclean: 0.001/0.001 secs] [Times: user=0.00 sys=0.00, real=0.00 secs] 
2024-07-26T01:31:15.711+0800: 7.311: [CMS-concurrent-abortable-preclean-start]
{Heap before GC invocations=278 (full 24):
 par new generation   total 188736K, used 187673K [0x00000000c0000000, 0x00000000cccc0000, 0x00000000cccc0000)
  eden space 167808K,  99% used [0x00000000c0000000, 0x00000000ca346440, 0x00000000ca3e0000)
  from space 20928K,  97% used [0x00000000ca3e0000, 0x00000000cb7e0140, 0x00000000cb850000)
  to   space 20928K,   0% used [0x00000000cb850000, 0x00000000cb850000, 0x00000000cccc0000)
 concurrent mark-sweep generation total 838912K, used 384050K [0x00000000cccc0000, 0x0000000100000000, 0x0000000100000000)
 Metaspace       used 3934K, capacity 4536K, committed 4864K, reserved 1056768K
  class space    used 425K, capacity 428K, committed 512K, reserved 1048576K
2024-07-26T01:31:15.722+0800: 7.322: [GC (Allocation Failure) 2024-07-26T01:31:15.722+0800: 7.322: [ParNew2024-07-26T01:31:15.730+0800: 7.329: [SoftReference, 0 refs, 0.0000348 secs]2024-07-26T01:31:15.730+0800: 7.329: [WeakReference, 0 refs, 0.0000041 secs]2024-07-26T01:31:15.730+0800: 7.329: [FinalReference, 0 refs, 0.0000040 secs]2024-07-26T01:31:15.730+0800: 7.329: [PhantomReference, 0 refs, 0.0000038 secs]2024-07-26T01:31:15.730+0800: 7.329: [JNI Weak Reference, 0.0000045 secs]
Desired survivor size 10715136 bytes, new threshold 1 (max 1)
- age   1:   20971840 bytes,   20971840 total
: 187673K->20480K(188736K), 0.0073709 secs] 571723K->427061K(1027648K), 0.0074117 secs] [Times: user=0.00 sys=0.00, real=0.01 secs] 
Heap after GC invocations=279 (full 24):
 par new generation   total 188736K, used 20480K [0x00000000c0000000, 0x00000000cccc0000, 0x00000000cccc0000)
  eden space 167808K,   0% used [0x00000000c0000000, 0x00000000c0000000, 0x00000000ca3e0000)
  from space 20928K,  97% used [0x00000000cb850000, 0x00000000ccc50140, 0x00000000cccc0000)
  to   space 20928K,   0% used [0x00000000ca3e0000, 0x00000000ca3e0000, 0x00000000cb850000)
 concurrent mark-sweep generation total 838912K, used 406580K [0x00000000cccc0000, 0x0000000100000000, 0x0000000100000000)
 Metaspace       used 3934K, capacity 4536K, committed 4864K, reserved 1056768K
  class space    used 425K, capacity 428K, committed 512K, reserved 1048576K
}
2024-07-26T01:31:15.730+0800: 7.329: Total time for which application threads were stopped: 0.0075290 seconds, Stopping threads took: 0.0000242 seconds
{Heap before GC invocations=279 (full 24):
 par new generation   total 188736K, used 187673K [0x00000000c0000000, 0x00000000cccc0000, 0x00000000cccc0000)
  eden space 167808K,  99% used [0x00000000c0000000, 0x00000000ca346440, 0x00000000ca3e0000)
  from space 20928K,  97% used [0x00000000cb850000, 0x00000000ccc50140, 0x00000000cccc0000)
  to   space 20928K,   0% used [0x00000000ca3e0000, 0x00000000ca3e0000, 0x00000000cb850000)
 concurrent mark-sweep generation total 838912K, used 406580K [0x00000000cccc0000, 0x0000000100000000, 0x0000000100000000)
 Metaspace       used 3934K, capacity 4536K, committed 4864K, reserved 1056768K
  class space    used 425K, capacity 428K, committed 512K, reserved 1048576K
2024-07-26T01:31:15.743+0800: 7.343: [GC (Allocation Failure) 2024-07-26T01:31:15.743+0800: 7.343: [ParNew2024-07-26T01:31:15.745+0800: 7.345: [SoftReference, 0 refs, 0.0000250 secs]2024-07-26T01:31:15.745+0800: 7.345: [WeakReference, 0 refs, 0.0000051 secs]2024-07-26T01:31:15.745+0800: 7.345: [FinalReference, 0 refs, 0.0000047 secs]2024-07-26T01:31:15.745+0800: 7.345: [PhantomReference, 0 refs, 0.0000045 secs]2024-07-26T01:31:15.745+0800: 7.345: [JNI Weak Reference, 0.0000047 secs]
Desired survivor size 10715136 bytes, new threshold 1 (max 1)
- age   1:    3145776 bytes,    3145776 total
: 187673K->3072K(188736K), 0.0014842 secs] 594254K->409652K(1027648K), 0.0015154 secs] [Times: user=0.00 sys=0.00, real=0.00 secs] 
Heap after GC invocations=280 (full 24):
 par new generation   total 188736K, used 3072K [0x00000000c0000000, 0x00000000cccc0000, 0x00000000cccc0000)
  eden space 167808K,   0% used [0x00000000c0000000, 0x00000000c0000000, 0x00000000ca3e0000)
  from space 20928K,  14% used [0x00000000ca3e0000, 0x00000000ca6e0030, 0x00000000cb850000)
  to   space 20928K,   0% used [0x00000000cb850000, 0x00000000cb850000, 0x00000000cccc0000)
 concurrent mark-sweep generation total 838912K, used 406580K [0x00000000cccc0000, 0x0000000100000000, 0x0000000100000000)
 Metaspace       used 3934K, capacity 4536K, committed 4864K, reserved 1056768K
  class space    used 425K, capacity 428K, committed 512K, reserved 1048576K
}
2024-07-26T01:31:15.745+0800: 7.345: Total time for which application threads were stopped: 0.0016262 seconds, Stopping threads took: 0.0000217 seconds
{Heap before GC invocations=280 (full 24):
 par new generation   total 188736K, used 170265K [0x00000000c0000000, 0x00000000cccc0000, 0x00000000cccc0000)
  eden space 167808K,  99% used [0x00000000c0000000, 0x00000000ca346440, 0x00000000ca3e0000)
  from space 20928K,  14% used [0x00000000ca3e0000, 0x00000000ca6e0030, 0x00000000cb850000)
  to   space 20928K,   0% used [0x00000000cb850000, 0x00000000cb850000, 0x00000000cccc0000)
 concurrent mark-sweep generation total 838912K, used 406580K [0x00000000cccc0000, 0x0000000100000000, 0x0000000100000000)
 Metaspace       used 3934K, capacity 4536K, committed 4864K, reserved 1056768K
  class space    used 425K, capacity 428K, committed 512K, reserved 1048576K
2024-07-26T01:31:15.759+0800: 7.359: [GC (Allocation Failure) 2024-07-26T01:31:15.759+0800: 7.359: [ParNew2024-07-26T01:31:15.770+0800: 7.370: [SoftReference, 0 refs, 0.0000384 secs]2024-07-26T01:31:15.770+0800: 7.370: [WeakReference, 0 refs, 0.0000043 secs]2024-07-26T01:31:15.770+0800: 7.370: [FinalReference, 0 refs, 0.0000038 secs]2024-07-26T01:31:15.770+0800: 7.370: [PhantomReference, 0 refs, 0.0000035 secs]2024-07-26T01:31:15.770+0800: 7.370: [JNI Weak Reference, 0.0000044 secs]
Desired survivor size 10715136 bytes, new threshold 1 (max 1)
- age   1:   20971840 bytes,   20971840 total
: 170265K->20480K(188736K), 0.0108061 secs] 576845K->473143K(1027648K), 0.0108442 secs] [Times: user=0.00 sys=0.00, real=0.01 secs] 
Heap after GC invocations=281 (full 24):
 par new generation   total 188736K, used 20480K [0x00000000c0000000, 0x00000000cccc0000, 0x00000000cccc0000)
  eden space 167808K,   0% used [0x00000000c0000000, 0x00000000c0000000, 0x00000000ca3e0000)
  from space 20928K,  97% used [0x00000000cb850000, 0x00000000ccc50140, 0x00000000cccc0000)
  to   space 20928K,   0% used [0x00000000ca3e0000, 0x00000000ca3e0000, 0x00000000cb850000)
 concurrent mark-sweep generation total 838912K, used 452663K [0x00000000cccc0000, 0x0000000100000000, 0x0000000100000000)
 Metaspace       used 3934K, capacity 4536K, committed 4864K, reserved 1056768K
  class space    used 425K, capacity 428K, committed 512K, reserved 1048576K
}
2024-07-26T01:31:15.770+0800: 7.370: Total time for which application threads were stopped: 0.0109520 seconds, Stopping threads took: 0.0000208 seconds
{Heap before GC invocations=281 (full 24):
 par new generation   total 188736K, used 187673K [0x00000000c0000000, 0x00000000cccc0000, 0x00000000cccc0000)
  eden space 167808K,  99% used [0x00000000c0000000, 0x00000000ca346440, 0x00000000ca3e0000)
  from space 20928K,  97% used [0x00000000cb850000, 0x00000000ccc50140, 0x00000000cccc0000)
  to   space 20928K,   0% used [0x00000000ca3e0000, 0x00000000ca3e0000, 0x00000000cb850000)
 concurrent mark-sweep generation total 838912K, used 452663K [0x00000000cccc0000, 0x0000000100000000, 0x0000000100000000)
 Metaspace       used 3934K, capacity 4536K, committed 4864K, reserved 1056768K
  class space    used 425K, capacity 428K, committed 512K, reserved 1048576K
2024-07-26T01:31:15.784+0800: 7.384: [GC (Allocation Failure) 2024-07-26T01:31:15.785+0800: 7.384: [ParNew2024-07-26T01:31:15.790+0800: 7.390: [SoftReference, 0 refs, 0.0000393 secs]2024-07-26T01:31:15.791+0800: 7.390: [WeakReference, 0 refs, 0.0000049 secs]2024-07-26T01:31:15.791+0800: 7.390: [FinalReference, 0 refs, 0.0000044 secs]2024-07-26T01:31:15.791+0800: 7.390: [PhantomReference, 0 refs, 0.0000085 secs]2024-07-26T01:31:15.791+0800: 7.390: [JNI Weak Reference, 0.0000050 secs]
Desired survivor size 10715136 bytes, new threshold 1 (max 1)
- age   1:   20971840 bytes,   20971840 total
: 187673K->20480K(188736K), 0.0060452 secs] 640336K->479287K(1027648K), 0.0060868 secs] [Times: user=0.00 sys=0.00, real=0.01 secs] 
Heap after GC invocations=282 (full 24):
 par new generation   total 188736K, used 20480K [0x00000000c0000000, 0x00000000cccc0000, 0x00000000cccc0000)
  eden space 167808K,   0% used [0x00000000c0000000, 0x00000000c0000000, 0x00000000ca3e0000)
  from space 20928K,  97% used [0x00000000ca3e0000, 0x00000000cb7e0140, 0x00000000cb850000)
  to   space 20928K,   0% used [0x00000000cb850000, 0x00000000cb850000, 0x00000000cccc0000)
 concurrent mark-sweep generation total 838912K, used 458807K [0x00000000cccc0000, 0x0000000100000000, 0x0000000100000000)
 Metaspace       used 3934K, capacity 4536K, committed 4864K, reserved 1056768K
  class space    used 425K, capacity 428K, committed 512K, reserved 1048576K
}
2024-07-26T01:31:15.791+0800: 7.390: Total time for which application threads were stopped: 0.0062102 seconds, Stopping threads took: 0.0000213 seconds
{Heap before GC invocations=282 (full 24):
 par new generation   total 188736K, used 187673K [0x00000000c0000000, 0x00000000cccc0000, 0x00000000cccc0000)
  eden space 167808K,  99% used [0x00000000c0000000, 0x00000000ca346440, 0x00000000ca3e0000)
  from space 20928K,  97% used [0x00000000ca3e0000, 0x00000000cb7e0140, 0x00000000cb850000)
  to   space 20928K,   0% used [0x00000000cb850000, 0x00000000cb850000, 0x00000000cccc0000)
 concurrent mark-sweep generation total 838912K, used 458807K [0x00000000cccc0000, 0x0000000100000000, 0x0000000100000000)
 Metaspace       used 3934K, capacity 4536K, committed 4864K, reserved 1056768K
  class space    used 425K, capacity 428K, committed 512K, reserved 1048576K
2024-07-26T01:31:15.805+0800: 7.404: [GC (Allocation Failure) 2024-07-26T01:31:15.805+0800: 7.404: [ParNew2024-07-26T01:31:15.819+0800: 7.419: [SoftReference, 0 refs, 0.0000381 secs]2024-07-26T01:31:15.819+0800: 7.419: [WeakReference, 0 refs, 0.0000048 secs]2024-07-26T01:31:15.819+0800: 7.419: [FinalReference, 0 refs, 0.0000043 secs]2024-07-26T01:31:15.819+0800: 7.419: [PhantomReference, 0 refs, 0.0000040 secs]2024-07-26T01:31:15.819+0800: 7.419: [JNI Weak Reference, 0.0000046 secs]
Desired survivor size 10715136 bytes, new threshold 1 (max 1)
- age   1:   20971840 bytes,   20971840 total
: 187673K->20480K(188736K), 0.0147241 secs] 646480K->548920K(1027648K), 0.0147611 secs] [Times: user=0.03 sys=0.00, real=0.01 secs] 
Heap after GC invocations=283 (full 24):
 par new generation   total 188736K, used 20480K [0x00000000c0000000, 0x00000000cccc0000, 0x00000000cccc0000)
  eden space 167808K,   0% used [0x00000000c0000000, 0x00000000c0000000, 0x00000000ca3e0000)
  from space 20928K,  97% used [0x00000000cb850000, 0x00000000ccc50140, 0x00000000cccc0000)
  to   space 20928K,   0% used [0x00000000ca3e0000, 0x00000000ca3e0000, 0x00000000cb850000)
 concurrent mark-sweep generation total 838912K, used 528440K [0x00000000cccc0000, 0x0000000100000000, 0x0000000100000000)
 Metaspace       used 3934K, capacity 4536K, committed 4864K, reserved 1056768K
  class space    used 425K, capacity 428K, committed 512K, reserved 1048576K
}
2024-07-26T01:31:15.819+0800: 7.419: Total time for which application threads were stopped: 0.0148841 seconds, Stopping threads took: 0.0000272 seconds
{Heap before GC invocations=283 (full 24):
 par new generation   total 188736K, used 187673K [0x00000000c0000000, 0x00000000cccc0000, 0x00000000cccc0000)
  eden space 167808K,  99% used [0x00000000c0000000, 0x00000000ca346440, 0x00000000ca3e0000)
  from space 20928K,  97% used [0x00000000cb850000, 0x00000000ccc50140, 0x00000000cccc0000)
  to   space 20928K,   0% used [0x00000000ca3e0000, 0x00000000ca3e0000, 0x00000000cb850000)
 concurrent mark-sweep generation total 838912K, used 528440K [0x00000000cccc0000, 0x0000000100000000, 0x0000000100000000)
 Metaspace       used 3934K, capacity 4536K, committed 4864K, reserved 1056768K
  class space    used 425K, capacity 428K, committed 512K, reserved 1048576K
2024-07-26T01:31:15.834+0800: 7.434: [GC (Allocation Failure) 2024-07-26T01:31:15.835+0800: 7.434: [ParNew2024-07-26T01:31:15.844+0800: 7.443: [SoftReference, 0 refs, 0.0000375 secs]2024-07-26T01:31:15.844+0800: 7.443: [WeakReference, 0 refs, 0.0000044 secs]2024-07-26T01:31:15.844+0800: 7.443: [FinalReference, 0 refs, 0.0000039 secs]2024-07-26T01:31:15.844+0800: 7.443: [PhantomReference, 0 refs, 0.0000038 secs]2024-07-26T01:31:15.844+0800: 7.443: [JNI Weak Reference, 0.0000092 secs]
Desired survivor size 10715136 bytes, new threshold 1 (max 1)
- age   1:   20971840 bytes,   20971840 total
: 187673K->20480K(188736K), 0.0090245 secs] 716114K->578617K(1027648K), 0.0090676 secs] [Times: user=0.06 sys=0.00, real=0.01 secs] 
Heap after GC invocations=284 (full 24):
 par new generation   total 188736K, used 20480K [0x00000000c0000000, 0x00000000cccc0000, 0x00000000cccc0000)
  eden space 167808K,   0% used [0x00000000c0000000, 0x00000000c0000000, 0x00000000ca3e0000)
  from space 20928K,  97% used [0x00000000ca3e0000, 0x00000000cb7e0140, 0x00000000cb850000)
  to   space 20928K,   0% used [0x00000000cb850000, 0x00000000cb850000, 0x00000000cccc0000)
 concurrent mark-sweep generation total 838912K, used 558137K [0x00000000cccc0000, 0x0000000100000000, 0x0000000100000000)
 Metaspace       used 3934K, capacity 4536K, committed 4864K, reserved 1056768K
  class space    used 425K, capacity 428K, committed 512K, reserved 1048576K
}
2024-07-26T01:31:15.844+0800: 7.444: Total time for which application threads were stopped: 0.0091875 seconds, Stopping threads took: 0.0000255 seconds
{Heap before GC invocations=284 (full 24):
 par new generation   total 188736K, used 187673K [0x00000000c0000000, 0x00000000cccc0000, 0x00000000cccc0000)
  eden space 167808K,  99% used [0x00000000c0000000, 0x00000000ca346440, 0x00000000ca3e0000)
  from space 20928K,  97% used [0x00000000ca3e0000, 0x00000000cb7e0140, 0x00000000cb850000)
  to   space 20928K,   0% used [0x00000000cb850000, 0x00000000cb850000, 0x00000000cccc0000)
 concurrent mark-sweep generation total 838912K, used 558137K [0x00000000cccc0000, 0x0000000100000000, 0x0000000100000000)
 Metaspace       used 3934K, capacity 4536K, committed 4864K, reserved 1056768K
  class space    used 425K, capacity 428K, committed 512K, reserved 1048576K
2024-07-26T01:31:15.859+0800: 7.459: [GC (Allocation Failure) 2024-07-26T01:31:15.859+0800: 7.459: [ParNew2024-07-26T01:31:15.862+0800: 7.461: [SoftReference, 0 refs, 0.0000201 secs]2024-07-26T01:31:15.862+0800: 7.461: [WeakReference, 0 refs, 0.0000048 secs]2024-07-26T01:31:15.862+0800: 7.461: [FinalReference, 0 refs, 0.0000045 secs]2024-07-26T01:31:15.862+0800: 7.461: [PhantomReference, 0 refs, 0.0000044 secs]2024-07-26T01:31:15.862+0800: 7.461: [JNI Weak Reference, 0.0000047 secs]
Desired survivor size 10715136 bytes, new threshold 1 (max 1)
- age   1:   10485920 bytes,   10485920 total
: 187673K->10240K(188736K), 0.0027831 secs] 745810K->568377K(1027648K), 0.0028228 secs] [Times: user=0.00 sys=0.00, real=0.00 secs] 
Heap after GC invocations=285 (full 24):
 par new generation   total 188736K, used 10240K [0x00000000c0000000, 0x00000000cccc0000, 0x00000000cccc0000)
  eden space 167808K,   0% used [0x00000000c0000000, 0x00000000c0000000, 0x00000000ca3e0000)
  from space 20928K,  48% used [0x00000000cb850000, 0x00000000cc2500a0, 0x00000000cccc0000)
  to   space 20928K,   0% used [0x00000000ca3e0000, 0x00000000ca3e0000, 0x00000000cb850000)
 concurrent mark-sweep generation total 838912K, used 558137K [0x00000000cccc0000, 0x0000000100000000, 0x0000000100000000)
 Metaspace       used 3934K, capacity 4536K, committed 4864K, reserved 1056768K
  class space    used 425K, capacity 428K, committed 512K, reserved 1048576K
}
2024-07-26T01:31:15.862+0800: 7.461: Total time for which application threads were stopped: 0.0029417 seconds, Stopping threads took: 0.0000275 seconds
{Heap before GC invocations=285 (full 24):
 par new generation   total 188736K, used 177433K [0x00000000c0000000, 0x00000000cccc0000, 0x00000000cccc0000)
  eden space 167808K,  99% used [0x00000000c0000000, 0x00000000ca346440, 0x00000000ca3e0000)
  from space 20928K,  48% used [0x00000000cb850000, 0x00000000cc2500a0, 0x00000000cccc0000)
  to   space 20928K,   0% used [0x00000000ca3e0000, 0x00000000ca3e0000, 0x00000000cb850000)
 concurrent mark-sweep generation total 838912K, used 558137K [0x00000000cccc0000, 0x0000000100000000, 0x0000000100000000)
 Metaspace       used 3934K, capacity 4536K, committed 4864K, reserved 1056768K
  class space    used 425K, capacity 428K, committed 512K, reserved 1048576K
2024-07-26T01:31:15.877+0800: 7.476: [GC (Allocation Failure) 2024-07-26T01:31:15.877+0800: 7.476: [ParNew2024-07-26T01:31:15.891+0800: 7.490: [SoftReference, 0 refs, 0.0000287 secs]2024-07-26T01:31:15.891+0800: 7.490: [WeakReference, 0 refs, 0.0000040 secs]2024-07-26T01:31:15.891+0800: 7.490: [FinalReference, 0 refs, 0.0000036 secs]2024-07-26T01:31:15.891+0800: 7.490: [PhantomReference, 0 refs, 0.0000035 secs]2024-07-26T01:31:15.891+0800: 7.490: [JNI Weak Reference, 0.0000043 secs]
Desired survivor size 10715136 bytes, new threshold 1 (max 1)
- age   1:   20971840 bytes,   20971840 total
: 177433K->20480K(188736K), 0.0140649 secs] 735570K->631866K(1027648K), 0.0141067 secs] [Times: user=0.01 sys=0.00, real=0.01 secs] 
Heap after GC invocations=286 (full 24):
 par new generation   total 188736K, used 20480K [0x00000000c0000000, 0x00000000cccc0000, 0x00000000cccc0000)
  eden space 167808K,   0% used [0x00000000c0000000, 0x00000000c0000000, 0x00000000ca3e0000)
  from space 20928K,  97% used [0x00000000ca3e0000, 0x00000000cb7e0140, 0x00000000cb850000)
  to   space 20928K,   0% used [0x00000000cb850000, 0x00000000cb850000, 0x00000000cccc0000)
 concurrent mark-sweep generation total 838912K, used 611385K [0x00000000cccc0000, 0x0000000100000000, 0x0000000100000000)
 Metaspace       used 3934K, capacity 4536K, committed 4864K, reserved 1056768K
  class space    used 425K, capacity 428K, committed 512K, reserved 1048576K
}
2024-07-26T01:31:15.891+0800: 7.490: Total time for which application threads were stopped: 0.0142166 seconds, Stopping threads took: 0.0000236 seconds
{Heap before GC invocations=286 (full 24):
 par new generation   total 188736K, used 187673K [0x00000000c0000000, 0x00000000cccc0000, 0x00000000cccc0000)
  eden space 167808K,  99% used [0x00000000c0000000, 0x00000000ca346440, 0x00000000ca3e0000)
  from space 20928K,  97% used [0x00000000ca3e0000, 0x00000000cb7e0140, 0x00000000cb850000)
  to   space 20928K,   0% used [0x00000000cb850000, 0x00000000cb850000, 0x00000000cccc0000)
 concurrent mark-sweep generation total 838912K, used 611385K [0x00000000cccc0000, 0x0000000100000000, 0x0000000100000000)
 Metaspace       used 3934K, capacity 4536K, committed 4864K, reserved 1056768K
  class space    used 425K, capacity 428K, committed 512K, reserved 1048576K
2024-07-26T01:31:15.906+0800: 7.505: [GC (Allocation Failure) 2024-07-26T01:31:15.906+0800: 7.505: [ParNew2024-07-26T01:31:15.911+0800: 7.511: [SoftReference, 0 refs, 0.0000360 secs]2024-07-26T01:31:15.911+0800: 7.511: [WeakReference, 0 refs, 0.0000045 secs]2024-07-26T01:31:15.911+0800: 7.511: [FinalReference, 0 refs, 0.0000038 secs]2024-07-26T01:31:15.911+0800: 7.511: [PhantomReference, 0 refs, 0.0000038 secs]2024-07-26T01:31:15.911+0800: 7.511: [JNI Weak Reference, 0.0000043 secs]
Desired survivor size 10715136 bytes, new threshold 1 (max 1)
- age   1:   20971840 bytes,   20971840 total
: 187673K->20480K(188736K), 0.0061016 secs] 799059K->645180K(1027648K), 0.0061602 secs] [Times: user=0.00 sys=0.00, real=0.01 secs] 
Heap after GC invocations=287 (full 24):
 par new generation   total 188736K, used 20480K [0x00000000c0000000, 0x00000000cccc0000, 0x00000000cccc0000)
  eden space 167808K,   0% used [0x00000000c0000000, 0x00000000c0000000, 0x00000000ca3e0000)
  from space 20928K,  97% used [0x00000000cb850000, 0x00000000ccc50140, 0x00000000cccc0000)
  to   space 20928K,   0% used [0x00000000ca3e0000, 0x00000000ca3e0000, 0x00000000cb850000)
 concurrent mark-sweep generation total 838912K, used 624700K [0x00000000cccc0000, 0x0000000100000000, 0x0000000100000000)
 Metaspace       used 3934K, capacity 4536K, committed 4864K, reserved 1056768K
  class space    used 425K, capacity 428K, committed 512K, reserved 1048576K
}
2024-07-26T01:31:15.912+0800: 7.511: Total time for which application threads were stopped: 0.0063260 seconds, Stopping threads took: 0.0000245 seconds
{Heap before GC invocations=287 (full 24):
 par new generation   total 188736K, used 187673K [0x00000000c0000000, 0x00000000cccc0000, 0x00000000cccc0000)
  eden space 167808K,  99% used [0x00000000c0000000, 0x00000000ca346440, 0x00000000ca3e0000)
  from space 20928K,  97% used [0x00000000cb850000, 0x00000000ccc50140, 0x00000000cccc0000)
  to   space 20928K,   0% used [0x00000000ca3e0000, 0x00000000ca3e0000, 0x00000000cb850000)
 concurrent mark-sweep generation total 838912K, used 624700K [0x00000000cccc0000, 0x0000000100000000, 0x0000000100000000)
 Metaspace       used 3934K, capacity 4536K, committed 4864K, reserved 1056768K
  class space    used 425K, capacity 428K, committed 512K, reserved 1048576K
2024-07-26T01:31:15.926+0800: 7.525: [GC (Allocation Failure) 2024-07-26T01:31:15.926+0800: 7.525: [ParNew2024-07-26T01:31:15.941+0800: 7.540: [SoftReference, 0 refs, 0.0000410 secs]2024-07-26T01:31:15.941+0800: 7.541: [WeakReference, 0 refs, 0.0000115 secs]2024-07-26T01:31:15.941+0800: 7.541: [FinalReference, 0 refs, 0.0000068 secs]2024-07-26T01:31:15.941+0800: 7.541: [PhantomReference, 0 refs, 0.0000066 secs]2024-07-26T01:31:15.941+0800: 7.541: [JNI Weak Reference, 0.0000066 secs]
Desired survivor size 10715136 bytes, new threshold 1 (max 1)
- age   1:   20971840 bytes,   20971840 total
: 187673K->20480K(188736K), 0.0152708 secs] 812373K->721983K(1027648K), 0.0153175 secs] [Times: user=0.09 sys=0.00, real=0.01 secs] 
Heap after GC invocations=288 (full 24):
 par new generation   total 188736K, used 20480K [0x00000000c0000000, 0x00000000cccc0000, 0x00000000cccc0000)
  eden space 167808K,   0% used [0x00000000c0000000, 0x00000000c0000000, 0x00000000ca3e0000)
  from space 20928K,  97% used [0x00000000ca3e0000, 0x00000000cb7e0140, 0x00000000cb850000)
  to   space 20928K,   0% used [0x00000000cb850000, 0x00000000cb850000, 0x00000000cccc0000)
 concurrent mark-sweep generation total 838912K, used 701503K [0x00000000cccc0000, 0x0000000100000000, 0x0000000100000000)
 Metaspace       used 3934K, capacity 4536K, committed 4864K, reserved 1056768K
  class space    used 425K, capacity 428K, committed 512K, reserved 1048576K
}
2024-07-26T01:31:15.941+0800: 7.541: Total time for which application threads were stopped: 0.0154435 seconds, Stopping threads took: 0.0000225 seconds
{Heap before GC invocations=288 (full 24):
 par new generation   total 188736K, used 187673K [0x00000000c0000000, 0x00000000cccc0000, 0x00000000cccc0000)
  eden space 167808K,  99% used [0x00000000c0000000, 0x00000000ca346440, 0x00000000ca3e0000)
  from space 20928K,  97% used [0x00000000ca3e0000, 0x00000000cb7e0140, 0x00000000cb850000)
  to   space 20928K,   0% used [0x00000000cb850000, 0x00000000cb850000, 0x00000000cccc0000)
 concurrent mark-sweep generation total 838912K, used 701503K [0x00000000cccc0000, 0x0000000100000000, 0x0000000100000000)
 Metaspace       used 3934K, capacity 4536K, committed 4864K, reserved 1056768K
  class space    used 425K, capacity 428K, committed 512K, reserved 1048576K
2024-07-26T01:31:15.956+0800: 7.556: [GC (Allocation Failure) 2024-07-26T01:31:15.956+0800: 7.556: [ParNew2024-07-26T01:31:15.967+0800: 7.566: [SoftReference, 0 refs, 0.0000343 secs]2024-07-26T01:31:15.967+0800: 7.566: [WeakReference, 0 refs, 0.0000041 secs]2024-07-26T01:31:15.967+0800: 7.566: [FinalReference, 0 refs, 0.0000039 secs]2024-07-26T01:31:15.967+0800: 7.566: [PhantomReference, 0 refs, 0.0000035 secs]2024-07-26T01:31:15.967+0800: 7.566: [JNI Weak Reference, 0.0000040 secs]
Desired survivor size 10715136 bytes, new threshold 1 (max 1)
- age   1:   20971840 bytes,   20971840 total
: 187673K->20480K(188736K), 0.0107412 secs] 889176K->758848K(1027648K), 0.0107877 secs] [Times: user=0.03 sys=0.00, real=0.01 secs] 
Heap after GC invocations=289 (full 24):
 par new generation   total 188736K, used 20480K [0x00000000c0000000, 0x00000000cccc0000, 0x00000000cccc0000)
  eden space 167808K,   0% used [0x00000000c0000000, 0x00000000c0000000, 0x00000000ca3e0000)
  from space 20928K,  97% used [0x00000000cb850000, 0x00000000ccc50140, 0x00000000cccc0000)
  to   space 20928K,   0% used [0x00000000ca3e0000, 0x00000000ca3e0000, 0x00000000cb850000)
 concurrent mark-sweep generation total 838912K, used 738367K [0x00000000cccc0000, 0x0000000100000000, 0x0000000100000000)
 Metaspace       used 3934K, capacity 4536K, committed 4864K, reserved 1056768K
  class space    used 425K, capacity 428K, committed 512K, reserved 1048576K
}
2024-07-26T01:31:15.967+0800: 7.567: Total time for which application threads were stopped: 0.0109062 seconds, Stopping threads took: 0.0000244 seconds
{Heap before GC invocations=289 (full 24):
 par new generation   total 188736K, used 187673K [0x00000000c0000000, 0x00000000cccc0000, 0x00000000cccc0000)
  eden space 167808K,  99% used [0x00000000c0000000, 0x00000000ca346440, 0x00000000ca3e0000)
  from space 20928K,  97% used [0x00000000cb850000, 0x00000000ccc50140, 0x00000000cccc0000)
  to   space 20928K,   0% used [0x00000000ca3e0000, 0x00000000ca3e0000, 0x00000000cb850000)
 concurrent mark-sweep generation total 838912K, used 738367K [0x00000000cccc0000, 0x0000000100000000, 0x0000000100000000)
 Metaspace       used 3934K, capacity 4536K, committed 4864K, reserved 1056768K
  class space    used 425K, capacity 428K, committed 512K, reserved 1048576K
2024-07-26T01:31:15.982+0800: 7.581: [GC (Allocation Failure) 2024-07-26T01:31:15.982+0800: 7.581: [ParNew2024-07-26T01:31:15.987+0800: 7.586: [SoftReference, 0 refs, 0.0000288 secs]2024-07-26T01:31:15.987+0800: 7.586: [WeakReference, 0 refs, 0.0000047 secs]2024-07-26T01:31:15.987+0800: 7.586: [FinalReference, 0 refs, 0.0000042 secs]2024-07-26T01:31:15.987+0800: 7.586: [PhantomReference, 0 refs, 0.0000040 secs]2024-07-26T01:31:15.987+0800: 7.586: [JNI Weak Reference, 0.0000042 secs]
Desired survivor size 10715136 bytes, new threshold 1 (max 1)
- age   1:   17826064 bytes,   17826064 total
: 187673K->17408K(188736K), 0.0043189 secs] 926041K->755776K(1027648K), 0.0043576 secs] [Times: user=0.00 sys=0.00, real=0.00 secs] 
Heap after GC invocations=290 (full 24):
 par new generation   total 188736K, used 17408K [0x00000000c0000000, 0x00000000cccc0000, 0x00000000cccc0000)
  eden space 167808K,   0% used [0x00000000c0000000, 0x00000000c0000000, 0x00000000ca3e0000)
  from space 20928K,  83% used [0x00000000ca3e0000, 0x00000000cb4e0110, 0x00000000cb850000)
  to   space 20928K,   0% used [0x00000000cb850000, 0x00000000cb850000, 0x00000000cccc0000)
 concurrent mark-sweep generation total 838912K, used 738367K [0x00000000cccc0000, 0x0000000100000000, 0x0000000100000000)
 Metaspace       used 3934K, capacity 4536K, committed 4864K, reserved 1056768K
  class space    used 425K, capacity 428K, committed 512K, reserved 1048576K
}
2024-07-26T01:31:15.987+0800: 7.586: Total time for which application threads were stopped: 0.0044696 seconds, Stopping threads took: 0.0000259 seconds
{Heap before GC invocations=290 (full 24):
 par new generation   total 188736K, used 184601K [0x00000000c0000000, 0x00000000cccc0000, 0x00000000cccc0000)
  eden space 167808K,  99% used [0x00000000c0000000, 0x00000000ca346440, 0x00000000ca3e0000)
  from space 20928K,  83% used [0x00000000ca3e0000, 0x00000000cb4e0110, 0x00000000cb850000)
  to   space 20928K,   0% used [0x00000000cb850000, 0x00000000cb850000, 0x00000000cccc0000)
 concurrent mark-sweep generation total 838912K, used 738367K [0x00000000cccc0000, 0x0000000100000000, 0x0000000100000000)
 Metaspace       used 3934K, capacity 4536K, committed 4864K, reserved 1056768K
  class space    used 425K, capacity 428K, committed 512K, reserved 1048576K
2024-07-26T01:31:16.001+0800: 7.601: [GC (Allocation Failure) 2024-07-26T01:31:16.001+0800: 7.601: [ParNew2024-07-26T01:31:16.014+0800: 7.614: [SoftReference, 0 refs, 0.0000518 secs]2024-07-26T01:31:16.014+0800: 7.614: [WeakReference, 0 refs, 0.0000047 secs]2024-07-26T01:31:16.014+0800: 7.614: [FinalReference, 0 refs, 0.0000038 secs]2024-07-26T01:31:16.014+0800: 7.614: [PhantomReference, 0 refs, 0.0000037 secs]2024-07-26T01:31:16.014+0800: 7.614: [JNI Weak Reference, 0.0000045 secs]
Desired survivor size 10715136 bytes, new threshold 1 (max 1)
- age   1:   20971840 bytes,   20971840 total
: 184601K->20480K(188736K), 0.0131498 secs] 922969K->819267K(1027648K), 0.0131961 secs] [Times: user=0.02 sys=0.00, real=0.01 secs] 
Heap after GC invocations=291 (full 24):
 par new generation   total 188736K, used 20480K [0x00000000c0000000, 0x00000000cccc0000, 0x00000000cccc0000)
  eden space 167808K,   0% used [0x00000000c0000000, 0x00000000c0000000, 0x00000000ca3e0000)
  from space 20928K,  97% used [0x00000000cb850000, 0x00000000ccc50140, 0x00000000cccc0000)
  to   space 20928K,   0% used [0x00000000ca3e0000, 0x00000000ca3e0000, 0x00000000cb850000)
 concurrent mark-sweep generation total 838912K, used 798786K [0x00000000cccc0000, 0x0000000100000000, 0x0000000100000000)
 Metaspace       used 3934K, capacity 4536K, committed 4864K, reserved 1056768K
  class space    used 425K, capacity 428K, committed 512K, reserved 1048576K
}
2024-07-26T01:31:16.014+0800: 7.614: Total time for which application threads were stopped: 0.0133205 seconds, Stopping threads took: 0.0000243 seconds
{Heap before GC invocations=291 (full 24):
 par new generation   total 188736K, used 187673K [0x00000000c0000000, 0x00000000cccc0000, 0x00000000cccc0000)
  eden space 167808K,  99% used [0x00000000c0000000, 0x00000000ca346440, 0x00000000ca3e0000)
  from space 20928K,  97% used [0x00000000cb850000, 0x00000000ccc50140, 0x00000000cccc0000)
  to   space 20928K,   0% used [0x00000000ca3e0000, 0x00000000ca3e0000, 0x00000000cb850000)
 concurrent mark-sweep generation total 838912K, used 798786K [0x00000000cccc0000, 0x0000000100000000, 0x0000000100000000)
 Metaspace       used 3934K, capacity 4536K, committed 4864K, reserved 1056768K
  class space    used 425K, capacity 428K, committed 512K, reserved 1048576K
2024-07-26T01:31:16.027+0800: 7.627: [GC (Allocation Failure) 2024-07-26T01:31:16.027+0800: 7.627: [ParNew: 187673K->187673K(188736K), 0.0000150 secs]2024-07-26T01:31:16.027+0800: 7.627: [CMS2024-07-26T01:31:16.027+0800: 7.627: [CMS-concurrent-abortable-preclean: 0.009/0.316 secs] [Times: user=0.27 sys=0.00, real=0.32 secs] 
 (concurrent mode failure)2024-07-26T01:31:16.028+0800: 7.628: [SoftReference, 0 refs, 0.0000250 secs]2024-07-26T01:31:16.028+0800: 7.628: [WeakReference, 2 refs, 0.0000045 secs]2024-07-26T01:31:16.028+0800: 7.628: [FinalReference, 2 refs, 0.0000036 secs]2024-07-26T01:31:16.028+0800: 7.628: [PhantomReference, 0 refs, 0.0000033 secs]2024-07-26T01:31:16.028+0800: 7.628: [JNI Weak Reference, 0.0000036 secs]: 798786K->42016K(838912K), 0.0082717 secs] 986460K->42016K(1027648K), [Metaspace: 3934K->3934K(1056768K)], 0.0083638 secs] [Times: user=0.00 sys=0.00, real=0.01 secs] 
Heap after GC invocations=292 (full 25):
 par new generation   total 188736K, used 0K [0x00000000c0000000, 0x00000000cccc0000, 0x00000000cccc0000)
  eden space 167808K,   0% used [0x00000000c0000000, 0x00000000c0000000, 0x00000000ca3e0000)
  from space 20928K,   0% used [0x00000000cb850000, 0x00000000cb850000, 0x00000000cccc0000)
  to   space 20928K,   0% used [0x00000000ca3e0000, 0x00000000ca3e0000, 0x00000000cb850000)
 concurrent mark-sweep generation total 838912K, used 42016K [0x00000000cccc0000, 0x0000000100000000, 0x0000000100000000)
 Metaspace       used 3934K, capacity 4536K, committed 4864K, reserved 1056768K
  class space    used 425K, capacity 428K, committed 512K, reserved 1048576K
}
2024-07-26T01:31:16.036+0800: 7.636: Total time for which application threads were stopped: 0.0084953 seconds, Stopping threads took: 0.0000209 seconds
{Heap before GC invocations=292 (full 25):
 par new generation   total 188736K, used 167193K [0x00000000c0000000, 0x00000000cccc0000, 0x00000000cccc0000)
  eden space 167808K,  99% used [0x00000000c0000000, 0x00000000ca346440, 0x00000000ca3e0000)
  from space 20928K,   0% used [0x00000000cb850000, 0x00000000cb850000, 0x00000000cccc0000)
  to   space 20928K,   0% used [0x00000000ca3e0000, 0x00000000ca3e0000, 0x00000000cb850000)
 concurrent mark-sweep generation total 838912K, used 42016K [0x00000000cccc0000, 0x0000000100000000, 0x0000000100000000)
 Metaspace       used 3934K, capacity 4536K, committed 4864K, reserved 1056768K
  class space    used 425K, capacity 428K, committed 512K, reserved 1048576K
2024-07-26T01:31:16.050+0800: 7.650: [GC (Allocation Failure) 2024-07-26T01:31:16.050+0800: 7.650: [ParNew2024-07-26T01:31:16.051+0800: 7.651: [SoftReference, 0 refs, 0.0000180 secs]2024-07-26T01:31:16.051+0800: 7.651: [WeakReference, 0 refs, 0.0000069 secs]2024-07-26T01:31:16.051+0800: 7.651: [FinalReference, 0 refs, 0.0000054 secs]2024-07-26T01:31:16.051+0800: 7.651: [PhantomReference, 0 refs, 0.0000040 secs]2024-07-26T01:31:16.051+0800: 7.651: [JNI Weak Reference, 0.0000050 secs]
Desired survivor size 10715136 bytes, new threshold 1 (max 1)
- age   1:    1048592 bytes,    1048592 total
: 167193K->1024K(188736K), 0.0015763 secs] 209209K->43040K(1027648K), 0.0016155 secs] [Times: user=0.00 sys=0.00, real=0.00 secs] 
Heap after GC invocations=293 (full 25):
 par new generation   total 188736K, used 1024K [0x00000000c0000000, 0x00000000cccc0000, 0x00000000cccc0000)
  eden space 167808K,   0% used [0x00000000c0000000, 0x00000000c0000000, 0x00000000ca3e0000)
  from space 20928K,   4% used [0x00000000ca3e0000, 0x00000000ca4e0010, 0x00000000cb850000)
  to   space 20928K,   0% used [0x00000000cb850000, 0x00000000cb850000, 0x00000000cccc0000)
 concurrent mark-sweep generation total 838912K, used 42016K [0x00000000cccc0000, 0x0000000100000000, 0x0000000100000000)
 Metaspace       used 3934K, capacity 4536K, committed 4864K, reserved 1056768K
  class space    used 425K, capacity 428K, committed 512K, reserved 1048576K
}
2024-07-26T01:31:16.051+0800: 7.651: Total time for which application threads were stopped: 0.0017196 seconds, Stopping threads took: 0.0000250 seconds
{Heap before GC invocations=293 (full 25):
 par new generation   total 188736K, used 168217K [0x00000000c0000000, 0x00000000cccc0000, 0x00000000cccc0000)
  eden space 167808K,  99% used [0x00000000c0000000, 0x00000000ca346440, 0x00000000ca3e0000)
  from space 20928K,   4% used [0x00000000ca3e0000, 0x00000000ca4e0010, 0x00000000cb850000)
  to   space 20928K,   0% used [0x00000000cb850000, 0x00000000cb850000, 0x00000000cccc0000)
 concurrent mark-sweep generation total 838912K, used 42016K [0x00000000cccc0000, 0x0000000100000000, 0x0000000100000000)
 Metaspace       used 3934K, capacity 4536K, committed 4864K, reserved 1056768K
  class space    used 425K, capacity 428K, committed 512K, reserved 1048576K
2024-07-26T01:31:16.066+0800: 7.665: [GC (Allocation Failure) 2024-07-26T01:31:16.066+0800: 7.665: [ParNew2024-07-26T01:31:16.077+0800: 7.676: [SoftReference, 0 refs, 0.0000301 secs]2024-07-26T01:31:16.077+0800: 7.676: [WeakReference, 0 refs, 0.0000041 secs]2024-07-26T01:31:16.077+0800: 7.676: [FinalReference, 0 refs, 0.0000042 secs]2024-07-26T01:31:16.077+0800: 7.676: [PhantomReference, 0 refs, 0.0000036 secs]2024-07-26T01:31:16.077+0800: 7.676: [JNI Weak Reference, 0.0000042 secs]
Desired survivor size 10715136 bytes, new threshold 1 (max 1)
- age   1:   20971840 bytes,   20971840 total
: 168217K->20480K(188736K), 0.0107566 secs] 210233K->106531K(1027648K), 0.0107943 secs] [Times: user=0.02 sys=0.00, real=0.01 secs] 
Heap after GC invocations=294 (full 25):
 par new generation   total 188736K, used 20480K [0x00000000c0000000, 0x00000000cccc0000, 0x00000000cccc0000)
  eden space 167808K,   0% used [0x00000000c0000000, 0x00000000c0000000, 0x00000000ca3e0000)
  from space 20928K,  97% used [0x00000000cb850000, 0x00000000ccc50140, 0x00000000cccc0000)
  to   space 20928K,   0% used [0x00000000ca3e0000, 0x00000000ca3e0000, 0x00000000cb850000)
 concurrent mark-sweep generation total 838912K, used 86051K [0x00000000cccc0000, 0x0000000100000000, 0x0000000100000000)
 Metaspace       used 3934K, capacity 4536K, committed 4864K, reserved 1056768K
  class space    used 425K, capacity 428K, committed 512K, reserved 1048576K
}
2024-07-26T01:31:16.077+0800: 7.676: Total time for which application threads were stopped: 0.0109122 seconds, Stopping threads took: 0.0000205 seconds
{Heap before GC invocations=294 (full 25):
 par new generation   total 188736K, used 187673K [0x00000000c0000000, 0x00000000cccc0000, 0x00000000cccc0000)
  eden space 167808K,  99% used [0x00000000c0000000, 0x00000000ca346440, 0x00000000ca3e0000)
  from space 20928K,  97% used [0x00000000cb850000, 0x00000000ccc50140, 0x00000000cccc0000)
  to   space 20928K,   0% used [0x00000000ca3e0000, 0x00000000ca3e0000, 0x00000000cb850000)
 concurrent mark-sweep generation total 838912K, used 86051K [0x00000000cccc0000, 0x0000000100000000, 0x0000000100000000)
 Metaspace       used 3934K, capacity 4536K, committed 4864K, reserved 1056768K
  class space    used 425K, capacity 428K, committed 512K, reserved 1048576K
2024-07-26T01:31:16.090+0800: 7.690: [GC (Allocation Failure) 2024-07-26T01:31:16.090+0800: 7.690: [ParNew2024-07-26T01:31:16.095+0800: 7.695: [SoftReference, 0 refs, 0.0000297 secs]2024-07-26T01:31:16.095+0800: 7.695: [WeakReference, 0 refs, 0.0000044 secs]2024-07-26T01:31:16.095+0800: 7.695: [FinalReference, 0 refs, 0.0000038 secs]2024-07-26T01:31:16.095+0800: 7.695: [PhantomReference, 0 refs, 0.0000037 secs]2024-07-26T01:31:16.095+0800: 7.695: [JNI Weak Reference, 0.0000040 secs]
Desired survivor size 10715136 bytes, new threshold 1 (max 1)
- age   1:   20971840 bytes,   20971840 total
: 187673K->20480K(188736K), 0.0051096 secs] 273724K->110629K(1027648K), 0.0051473 secs] [Times: user=0.00 sys=0.00, real=0.01 secs] 
Heap after GC invocations=295 (full 25):
 par new generation   total 188736K, used 20480K [0x00000000c0000000, 0x00000000cccc0000, 0x00000000cccc0000)
  eden space 167808K,   0% used [0x00000000c0000000, 0x00000000c0000000, 0x00000000ca3e0000)
  from space 20928K,  97% used [0x00000000ca3e0000, 0x00000000cb7e0140, 0x00000000cb850000)
  to   space 20928K,   0% used [0x00000000cb850000, 0x00000000cb850000, 0x00000000cccc0000)
 concurrent mark-sweep generation total 838912K, used 90149K [0x00000000cccc0000, 0x0000000100000000, 0x0000000100000000)
 Metaspace       used 3934K, capacity 4536K, committed 4864K, reserved 1056768K
  class space    used 425K, capacity 428K, committed 512K, reserved 1048576K
}
2024-07-26T01:31:16.095+0800: 7.695: Total time for which application threads were stopped: 0.0052566 seconds, Stopping threads took: 0.0000197 seconds
{Heap before GC invocations=295 (full 25):
 par new generation   total 188736K, used 187673K [0x00000000c0000000, 0x00000000cccc0000, 0x00000000cccc0000)
  eden space 167808K,  99% used [0x00000000c0000000, 0x00000000ca346440, 0x00000000ca3e0000)
  from space 20928K,  97% used [0x00000000ca3e0000, 0x00000000cb7e0140, 0x00000000cb850000)
  to   space 20928K,   0% used [0x00000000cb850000, 0x00000000cb850000, 0x00000000cccc0000)
 concurrent mark-sweep generation total 838912K, used 90149K [0x00000000cccc0000, 0x0000000100000000, 0x0000000100000000)
 Metaspace       used 3934K, capacity 4536K, committed 4864K, reserved 1056768K
  class space    used 425K, capacity 428K, committed 512K, reserved 1048576K
2024-07-26T01:31:16.112+0800: 7.711: [GC (Allocation Failure) 2024-07-26T01:31:16.112+0800: 7.711: [ParNew2024-07-26T01:31:16.125+0800: 7.725: [SoftReference, 0 refs, 0.0000436 secs]2024-07-26T01:31:16.126+0800: 7.725: [WeakReference, 0 refs, 0.0000045 secs]2024-07-26T01:31:16.126+0800: 7.725: [FinalReference, 0 refs, 0.0000039 secs]2024-07-26T01:31:16.126+0800: 7.725: [PhantomReference, 0 refs, 0.0000038 secs]2024-07-26T01:31:16.126+0800: 7.725: [JNI Weak Reference, 0.0000067 secs]
Desired survivor size 10715136 bytes, new threshold 1 (max 1)
- age   1:   20971840 bytes,   20971840 total
: 187673K->20480K(188736K), 0.0139940 secs] 277823K->178217K(1027648K), 0.0140438 secs] [Times: user=0.00 sys=0.02, real=0.01 secs] 
Heap after GC invocations=296 (full 25):
 par new generation   total 188736K, used 20480K [0x00000000c0000000, 0x00000000cccc0000, 0x00000000cccc0000)
  eden space 167808K,   0% used [0x00000000c0000000, 0x00000000c0000000, 0x00000000ca3e0000)
  from space 20928K,  97% used [0x00000000cb850000, 0x00000000ccc50140, 0x00000000cccc0000)
  to   space 20928K,   0% used [0x00000000ca3e0000, 0x00000000ca3e0000, 0x00000000cb850000)
 concurrent mark-sweep generation total 838912K, used 157736K [0x00000000cccc0000, 0x0000000100000000, 0x0000000100000000)
 Metaspace       used 3934K, capacity 4536K, committed 4864K, reserved 1056768K
  class space    used 425K, capacity 428K, committed 512K, reserved 1048576K
}
2024-07-26T01:31:16.126+0800: 7.725: Total time for which application threads were stopped: 0.0141600 seconds, Stopping threads took: 0.0000245 seconds
{Heap before GC invocations=296 (full 25):
 par new generation   total 188736K, used 187673K [0x00000000c0000000, 0x00000000cccc0000, 0x00000000cccc0000)
  eden space 167808K,  99% used [0x00000000c0000000, 0x00000000ca346440, 0x00000000ca3e0000)
  from space 20928K,  97% used [0x00000000cb850000, 0x00000000ccc50140, 0x00000000cccc0000)
  to   space 20928K,   0% used [0x00000000ca3e0000, 0x00000000ca3e0000, 0x00000000cb850000)
 concurrent mark-sweep generation total 838912K, used 157736K [0x00000000cccc0000, 0x0000000100000000, 0x0000000100000000)
 Metaspace       used 3934K, capacity 4536K, committed 4864K, reserved 1056768K
  class space    used 425K, capacity 428K, committed 512K, reserved 1048576K
2024-07-26T01:31:16.140+0800: 7.739: [GC (Allocation Failure) 2024-07-26T01:31:16.140+0800: 7.739: [ParNew2024-07-26T01:31:16.149+0800: 7.748: [SoftReference, 0 refs, 0.0000591 secs]2024-07-26T01:31:16.149+0800: 7.748: [WeakReference, 0 refs, 0.0000043 secs]2024-07-26T01:31:16.149+0800: 7.748: [FinalReference, 0 refs, 0.0000040 secs]2024-07-26T01:31:16.149+0800: 7.749: [PhantomReference, 0 refs, 0.0000037 secs]2024-07-26T01:31:16.149+0800: 7.749: [JNI Weak Reference, 0.0000046 secs]
Desired survivor size 10715136 bytes, new threshold 1 (max 1)
- age   1:   20971840 bytes,   20971840 total
: 187673K->20480K(188736K), 0.0093179 secs] 345410K->205867K(1027648K), 0.0093592 secs] [Times: user=0.00 sys=0.00, real=0.01 secs] 
Heap after GC invocations=297 (full 25):
 par new generation   total 188736K, used 20480K [0x00000000c0000000, 0x00000000cccc0000, 0x00000000cccc0000)
  eden space 167808K,   0% used [0x00000000c0000000, 0x00000000c0000000, 0x00000000ca3e0000)
  from space 20928K,  97% used [0x00000000ca3e0000, 0x00000000cb7e0140, 0x00000000cb850000)
  to   space 20928K,   0% used [0x00000000cb850000, 0x00000000cb850000, 0x00000000cccc0000)
 concurrent mark-sweep generation total 838912K, used 185387K [0x00000000cccc0000, 0x0000000100000000, 0x0000000100000000)
 Metaspace       used 3934K, capacity 4536K, committed 4864K, reserved 1056768K
  class space    used 425K, capacity 428K, committed 512K, reserved 1048576K
}
2024-07-26T01:31:16.149+0800: 7.749: Total time for which application threads were stopped: 0.0095435 seconds, Stopping threads took: 0.0000918 seconds
{Heap before GC invocations=297 (full 25):
 par new generation   total 188736K, used 187673K [0x00000000c0000000, 0x00000000cccc0000, 0x00000000cccc0000)
  eden space 167808K,  99% used [0x00000000c0000000, 0x00000000ca346440, 0x00000000ca3e0000)
  from space 20928K,  97% used [0x00000000ca3e0000, 0x00000000cb7e0140, 0x00000000cb850000)
  to   space 20928K,   0% used [0x00000000cb850000, 0x00000000cb850000, 0x00000000cccc0000)
 concurrent mark-sweep generation total 838912K, used 185387K [0x00000000cccc0000, 0x0000000100000000, 0x0000000100000000)
 Metaspace       used 3934K, capacity 4536K, committed 4864K, reserved 1056768K
  class space    used 425K, capacity 428K, committed 512K, reserved 1048576K
2024-07-26T01:31:16.165+0800: 7.764: [GC (Allocation Failure) 2024-07-26T01:31:16.165+0800: 7.764: [ParNew2024-07-26T01:31:16.167+0800: 7.766: [SoftReference, 0 refs, 0.0000306 secs]2024-07-26T01:31:16.167+0800: 7.766: [WeakReference, 0 refs, 0.0000059 secs]2024-07-26T01:31:16.167+0800: 7.766: [FinalReference, 0 refs, 0.0000050 secs]2024-07-26T01:31:16.167+0800: 7.766: [PhantomReference, 0 refs, 0.0000049 secs]2024-07-26T01:31:16.167+0800: 7.766: [JNI Weak Reference, 0.0000053 secs]
Desired survivor size 10715136 bytes, new threshold 1 (max 1)
- age   1:    8388736 bytes,    8388736 total
: 187673K->8192K(188736K), 0.0019061 secs] 373060K->193579K(1027648K), 0.0019491 secs] [Times: user=0.00 sys=0.00, real=0.00 secs] 
Heap after GC invocations=298 (full 25):
 par new generation   total 188736K, used 8192K [0x00000000c0000000, 0x00000000cccc0000, 0x00000000cccc0000)
  eden space 167808K,   0% used [0x00000000c0000000, 0x00000000c0000000, 0x00000000ca3e0000)
  from space 20928K,  39% used [0x00000000cb850000, 0x00000000cc050080, 0x00000000cccc0000)
  to   space 20928K,   0% used [0x00000000ca3e0000, 0x00000000ca3e0000, 0x00000000cb850000)
 concurrent mark-sweep generation total 838912K, used 185387K [0x00000000cccc0000, 0x0000000100000000, 0x0000000100000000)
 Metaspace       used 3934K, capacity 4536K, committed 4864K, reserved 1056768K
  class space    used 425K, capacity 428K, committed 512K, reserved 1048576K
}
2024-07-26T01:31:16.167+0800: 7.766: Total time for which application threads were stopped: 0.0020669 seconds, Stopping threads took: 0.0000229 seconds
{Heap before GC invocations=298 (full 25):
 par new generation   total 188736K, used 175385K [0x00000000c0000000, 0x00000000cccc0000, 0x00000000cccc0000)
  eden space 167808K,  99% used [0x00000000c0000000, 0x00000000ca346440, 0x00000000ca3e0000)
  from space 20928K,  39% used [0x00000000cb850000, 0x00000000cc050080, 0x00000000cccc0000)
  to   space 20928K,   0% used [0x00000000ca3e0000, 0x00000000ca3e0000, 0x00000000cb850000)
 concurrent mark-sweep generation total 838912K, used 185387K [0x00000000cccc0000, 0x0000000100000000, 0x0000000100000000)
 Metaspace       used 3934K, capacity 4536K, committed 4864K, reserved 1056768K
  class space    used 425K, capacity 428K, committed 512K, reserved 1048576K
2024-07-26T01:31:16.181+0800: 7.780: [GC (Allocation Failure) 2024-07-26T01:31:16.181+0800: 7.780: [ParNew2024-07-26T01:31:16.192+0800: 7.792: [SoftReference, 0 refs, 0.0000326 secs]2024-07-26T01:31:16.192+0800: 7.792: [WeakReference, 0 refs, 0.0000042 secs]2024-07-26T01:31:16.192+0800: 7.792: [FinalReference, 0 refs, 0.0000036 secs]2024-07-26T01:31:16.192+0800: 7.792: [PhantomReference, 0 refs, 0.0000035 secs]2024-07-26T01:31:16.192+0800: 7.792: [JNI Weak Reference, 0.0000041 secs]
Desired survivor size 10715136 bytes, new threshold 1 (max 1)
- age   1:   20971840 bytes,   20971840 total
: 175385K->20480K(188736K), 0.0118575 secs] 360772K->257070K(1027648K), 0.0118930 secs] [Times: user=0.06 sys=0.00, real=0.01 secs] 
Heap after GC invocations=299 (full 25):
 par new generation   total 188736K, used 20480K [0x00000000c0000000, 0x00000000cccc0000, 0x00000000cccc0000)
  eden space 167808K,   0% used [0x00000000c0000000, 0x00000000c0000000, 0x00000000ca3e0000)
  from space 20928K,  97% used [0x00000000ca3e0000, 0x00000000cb7e0140, 0x00000000cb850000)
  to   space 20928K,   0% used [0x00000000cb850000, 0x00000000cb850000, 0x00000000cccc0000)
 concurrent mark-sweep generation total 838912K, used 236590K [0x00000000cccc0000, 0x0000000100000000, 0x0000000100000000)
 Metaspace       used 3934K, capacity 4536K, committed 4864K, reserved 1056768K
  class space    used 425K, capacity 428K, committed 512K, reserved 1048576K
}
2024-07-26T01:31:16.192+0800: 7.792: Total time for which application threads were stopped: 0.0119995 seconds, Stopping threads took: 0.0000196 seconds
{Heap before GC invocations=299 (full 25):
 par new generation   total 188736K, used 187673K [0x00000000c0000000, 0x00000000cccc0000, 0x00000000cccc0000)
  eden space 167808K,  99% used [0x00000000c0000000, 0x00000000ca346440, 0x00000000ca3e0000)
  from space 20928K,  97% used [0x00000000ca3e0000, 0x00000000cb7e0140, 0x00000000cb850000)
  to   space 20928K,   0% used [0x00000000cb850000, 0x00000000cb850000, 0x00000000cccc0000)
 concurrent mark-sweep generation total 838912K, used 236590K [0x00000000cccc0000, 0x0000000100000000, 0x0000000100000000)
 Metaspace       used 3934K, capacity 4536K, committed 4864K, reserved 1056768K
  class space    used 425K, capacity 428K, committed 512K, reserved 1048576K
2024-07-26T01:31:16.207+0800: 7.807: [GC (Allocation Failure) 2024-07-26T01:31:16.207+0800: 7.807: [ParNew2024-07-26T01:31:16.213+0800: 7.813: [SoftReference, 0 refs, 0.0000353 secs]2024-07-26T01:31:16.213+0800: 7.813: [WeakReference, 0 refs, 0.0000079 secs]2024-07-26T01:31:16.214+0800: 7.813: [FinalReference, 0 refs, 0.0000074 secs]2024-07-26T01:31:16.214+0800: 7.813: [PhantomReference, 0 refs, 0.0000071 secs]2024-07-26T01:31:16.214+0800: 7.813: [JNI Weak Reference, 0.0000075 secs]
Desired survivor size 10715136 bytes, new threshold 1 (max 1)
- age   1:   20971840 bytes,   20971840 total
: 187673K->20480K(188736K), 0.0067109 secs] 424263K->268336K(1027648K), 0.0067545 secs] [Times: user=0.00 sys=0.00, real=0.01 secs] 
Heap after GC invocations=300 (full 25):
 par new generation   total 188736K, used 20480K [0x00000000c0000000, 0x00000000cccc0000, 0x00000000cccc0000)
  eden space 167808K,   0% used [0x00000000c0000000, 0x00000000c0000000, 0x00000000ca3e0000)
  from space 20928K,  97% used [0x00000000cb850000, 0x00000000ccc50140, 0x00000000cccc0000)
  to   space 20928K,   0% used [0x00000000ca3e0000, 0x00000000ca3e0000, 0x00000000cb850000)
 concurrent mark-sweep generation total 838912K, used 247856K [0x00000000cccc0000, 0x0000000100000000, 0x0000000100000000)
 Metaspace       used 3934K, capacity 4536K, committed 4864K, reserved 1056768K
  class space    used 425K, capacity 428K, committed 512K, reserved 1048576K
}
2024-07-26T01:31:16.214+0800: 7.813: Total time for which application threads were stopped: 0.0068762 seconds, Stopping threads took: 0.0000222 seconds
{Heap before GC invocations=300 (full 25):
 par new generation   total 188736K, used 187673K [0x00000000c0000000, 0x00000000cccc0000, 0x00000000cccc0000)
  eden space 167808K,  99% used [0x00000000c0000000, 0x00000000ca346440, 0x00000000ca3e0000)
  from space 20928K,  97% used [0x00000000cb850000, 0x00000000ccc50140, 0x00000000cccc0000)
  to   space 20928K,   0% used [0x00000000ca3e0000, 0x00000000ca3e0000, 0x00000000cb850000)
 concurrent mark-sweep generation total 838912K, used 247856K [0x00000000cccc0000, 0x0000000100000000, 0x0000000100000000)
 Metaspace       used 3934K, capacity 4536K, committed 4864K, reserved 1056768K
  class space    used 425K, capacity 428K, committed 512K, reserved 1048576K
2024-07-26T01:31:16.228+0800: 7.827: [GC (Allocation Failure) 2024-07-26T01:31:16.228+0800: 7.827: [ParNew2024-07-26T01:31:16.243+0800: 7.843: [SoftReference, 0 refs, 0.0000349 secs]2024-07-26T01:31:16.243+0800: 7.843: [WeakReference, 0 refs, 0.0000043 secs]2024-07-26T01:31:16.243+0800: 7.843: [FinalReference, 0 refs, 0.0000035 secs]2024-07-26T01:31:16.243+0800: 7.843: [PhantomReference, 0 refs, 0.0000035 secs]2024-07-26T01:31:16.243+0800: 7.843: [JNI Weak Reference, 0.0000041 secs]
Desired survivor size 10715136 bytes, new threshold 1 (max 1)
- age   1:   20971840 bytes,   20971840 total
: 187673K->20480K(188736K), 0.0157076 secs] 435529K->343091K(1027648K), 0.0157484 secs] [Times: user=0.05 sys=0.00, real=0.02 secs] 
Heap after GC invocations=301 (full 25):
 par new generation   total 188736K, used 20480K [0x00000000c0000000, 0x00000000cccc0000, 0x00000000cccc0000)
  eden space 167808K,   0% used [0x00000000c0000000, 0x00000000c0000000, 0x00000000ca3e0000)
  from space 20928K,  97% used [0x00000000ca3e0000, 0x00000000cb7e0140, 0x00000000cb850000)
  to   space 20928K,   0% used [0x00000000cb850000, 0x00000000cb850000, 0x00000000cccc0000)
 concurrent mark-sweep generation total 838912K, used 322611K [0x00000000cccc0000, 0x0000000100000000, 0x0000000100000000)
 Metaspace       used 3934K, capacity 4536K, committed 4864K, reserved 1056768K
  class space    used 425K, capacity 428K, committed 512K, reserved 1048576K
}
2024-07-26T01:31:16.243+0800: 7.843: Total time for which application threads were stopped: 0.0158738 seconds, Stopping threads took: 0.0000350 seconds
{Heap before GC invocations=301 (full 25):
 par new generation   total 188736K, used 187673K [0x00000000c0000000, 0x00000000cccc0000, 0x00000000cccc0000)
  eden space 167808K,  99% used [0x00000000c0000000, 0x00000000ca346440, 0x00000000ca3e0000)
  from space 20928K,  97% used [0x00000000ca3e0000, 0x00000000cb7e0140, 0x00000000cb850000)
  to   space 20928K,   0% used [0x00000000cb850000, 0x00000000cb850000, 0x00000000cccc0000)
 concurrent mark-sweep generation total 838912K, used 322611K [0x00000000cccc0000, 0x0000000100000000, 0x0000000100000000)
 Metaspace       used 3934K, capacity 4536K, committed 4864K, reserved 1056768K
  class space    used 425K, capacity 428K, committed 512K, reserved 1048576K
2024-07-26T01:31:16.257+0800: 7.857: [GC (Allocation Failure) 2024-07-26T01:31:16.257+0800: 7.857: [ParNew2024-07-26T01:31:16.266+0800: 7.865: [SoftReference, 0 refs, 0.0000358 secs]2024-07-26T01:31:16.266+0800: 7.865: [WeakReference, 0 refs, 0.0000043 secs]2024-07-26T01:31:16.266+0800: 7.865: [FinalReference, 0 refs, 0.0000078 secs]2024-07-26T01:31:16.266+0800: 7.865: [PhantomReference, 0 refs, 0.0000044 secs]2024-07-26T01:31:16.266+0800: 7.865: [JNI Weak Reference, 0.0000046 secs]
Desired survivor size 10715136 bytes, new threshold 1 (max 1)
- age   1:   20971840 bytes,   20971840 total
: 187673K->20480K(188736K), 0.0082069 secs] 510284K->377908K(1027648K), 0.0082470 secs] [Times: user=0.02 sys=0.00, real=0.01 secs] 
Heap after GC invocations=302 (full 25):
 par new generation   total 188736K, used 20480K [0x00000000c0000000, 0x00000000cccc0000, 0x00000000cccc0000)
  eden space 167808K,   0% used [0x00000000c0000000, 0x00000000c0000000, 0x00000000ca3e0000)
  from space 20928K,  97% used [0x00000000cb850000, 0x00000000ccc50140, 0x00000000cccc0000)
  to   space 20928K,   0% used [0x00000000ca3e0000, 0x00000000ca3e0000, 0x00000000cb850000)
 concurrent mark-sweep generation total 838912K, used 357427K [0x00000000cccc0000, 0x0000000100000000, 0x0000000100000000)
 Metaspace       used 3934K, capacity 4536K, committed 4864K, reserved 1056768K
  class space    used 425K, capacity 428K, committed 512K, reserved 1048576K
}
2024-07-26T01:31:16.266+0800: 7.865: Total time for which application threads were stopped: 0.0083847 seconds, Stopping threads took: 0.0000213 seconds
2024-07-26T01:31:16.266+0800: 7.866: [GC (CMS Initial Mark) [1 CMS-initial-mark: 357427K(838912K)] 383306K(1027648K), 0.0010254 secs] [Times: user=0.00 sys=0.00, real=0.00 secs] 
2024-07-26T01:31:16.267+0800: 7.867: Total time for which application threads were stopped: 0.0011552 seconds, Stopping threads took: 0.0000958 seconds
2024-07-26T01:31:16.267+0800: 7.867: [CMS-concurrent-mark-start]
2024-07-26T01:31:16.269+0800: 7.869: [CMS-concurrent-mark: 0.002/0.002 secs] [Times: user=0.00 sys=0.00, real=0.00 secs] 
2024-07-26T01:31:16.269+0800: 7.869: [CMS-concurrent-preclean-start]
2024-07-26T01:31:16.269+0800: 7.869: [Preclean SoftReferences, 0.0000055 secs]2024-07-26T01:31:16.269+0800: 7.869: [Preclean WeakReferences, 0.0000036 secs]2024-07-26T01:31:16.269+0800: 7.869: [Preclean FinalReferences, 0.0000031 secs]2024-07-26T01:31:16.269+0800: 7.869: [Preclean PhantomReferences, 0.0000029 secs]2024-07-26T01:31:16.270+0800: 7.869: [CMS-concurrent-preclean: 0.001/0.001 secs] [Times: user=0.00 sys=0.00, real=0.00 secs] 
2024-07-26T01:31:16.270+0800: 7.869: [CMS-concurrent-abortable-preclean-start]
{Heap before GC invocations=302 (full 26):
 par new generation   total 188736K, used 187673K [0x00000000c0000000, 0x00000000cccc0000, 0x00000000cccc0000)
  eden space 167808K,  99% used [0x00000000c0000000, 0x00000000ca346440, 0x00000000ca3e0000)
  from space 20928K,  97% used [0x00000000cb850000, 0x00000000ccc50140, 0x00000000cccc0000)
  to   space 20928K,   0% used [0x00000000ca3e0000, 0x00000000ca3e0000, 0x00000000cb850000)
 concurrent mark-sweep generation total 838912K, used 357427K [0x00000000cccc0000, 0x0000000100000000, 0x0000000100000000)
 Metaspace       used 3934K, capacity 4536K, committed 4864K, reserved 1056768K
  class space    used 425K, capacity 428K, committed 512K, reserved 1048576K
2024-07-26T01:31:16.282+0800: 7.881: [GC (Allocation Failure) 2024-07-26T01:31:16.282+0800: 7.881: [ParNew2024-07-26T01:31:16.286+0800: 7.885: [SoftReference, 0 refs, 0.0000360 secs]2024-07-26T01:31:16.286+0800: 7.885: [WeakReference, 0 refs, 0.0000043 secs]2024-07-26T01:31:16.286+0800: 7.885: [FinalReference, 0 refs, 0.0000038 secs]2024-07-26T01:31:16.286+0800: 7.885: [PhantomReference, 0 refs, 0.0000036 secs]2024-07-26T01:31:16.286+0800: 7.885: [JNI Weak Reference, 0.0000037 secs]
Desired survivor size 10715136 bytes, new threshold 1 (max 1)
- age   1:   15728880 bytes,   15728880 total
: 187673K->15360K(188736K), 0.0042355 secs] 545101K->372788K(1027648K), 0.0043097 secs] [Times: user=0.00 sys=0.00, real=0.00 secs] 
Heap after GC invocations=303 (full 26):
 par new generation   total 188736K, used 15360K [0x00000000c0000000, 0x00000000cccc0000, 0x00000000cccc0000)
  eden space 167808K,   0% used [0x00000000c0000000, 0x00000000c0000000, 0x00000000ca3e0000)
  from space 20928K,  73% used [0x00000000ca3e0000, 0x00000000cb2e00f0, 0x00000000cb850000)
  to   space 20928K,   0% used [0x00000000cb850000, 0x00000000cb850000, 0x00000000cccc0000)
 concurrent mark-sweep generation total 838912K, used 357427K [0x00000000cccc0000, 0x0000000100000000, 0x0000000100000000)
 Metaspace       used 3934K, capacity 4536K, committed 4864K, reserved 1056768K
  class space    used 425K, capacity 428K, committed 512K, reserved 1048576K
}
2024-07-26T01:31:16.286+0800: 7.885: Total time for which application threads were stopped: 0.0044081 seconds, Stopping threads took: 0.0000199 seconds
{Heap before GC invocations=303 (full 26):
 par new generation   total 188736K, used 182553K [0x00000000c0000000, 0x00000000cccc0000, 0x00000000cccc0000)
  eden space 167808K,  99% used [0x00000000c0000000, 0x00000000ca346440, 0x00000000ca3e0000)
  from space 20928K,  73% used [0x00000000ca3e0000, 0x00000000cb2e00f0, 0x00000000cb850000)
  to   space 20928K,   0% used [0x00000000cb850000, 0x00000000cb850000, 0x00000000cccc0000)
 concurrent mark-sweep generation total 838912K, used 357427K [0x00000000cccc0000, 0x0000000100000000, 0x0000000100000000)
 Metaspace       used 3934K, capacity 4536K, committed 4864K, reserved 1056768K
  class space    used 425K, capacity 428K, committed 512K, reserved 1048576K
2024-07-26T01:31:16.300+0800: 7.899: [GC (Allocation Failure) 2024-07-26T01:31:16.300+0800: 7.899: [ParNew2024-07-26T01:31:16.313+0800: 7.912: [SoftReference, 0 refs, 0.0000337 secs]2024-07-26T01:31:16.313+0800: 7.912: [WeakReference, 0 refs, 0.0000043 secs]2024-07-26T01:31:16.313+0800: 7.912: [FinalReference, 0 refs, 0.0000040 secs]2024-07-26T01:31:16.313+0800: 7.912: [PhantomReference, 0 refs, 0.0000038 secs]2024-07-26T01:31:16.313+0800: 7.912: [JNI Weak Reference, 0.0000043 secs]
Desired survivor size 10715136 bytes, new threshold 1 (max 1)
- age   1:   20971840 bytes,   20971840 total
: 182553K->20480K(188736K), 0.0131791 secs] 539981K->436279K(1027648K), 0.0132191 secs] [Times: user=0.02 sys=0.00, real=0.01 secs] 
Heap after GC invocations=304 (full 26):
 par new generation   total 188736K, used 20480K [0x00000000c0000000, 0x00000000cccc0000, 0x00000000cccc0000)
  eden space 167808K,   0% used [0x00000000c0000000, 0x00000000c0000000, 0x00000000ca3e0000)
  from space 20928K,  97% used [0x00000000cb850000, 0x00000000ccc50140, 0x00000000cccc0000)
  to   space 20928K,   0% used [0x00000000ca3e0000, 0x00000000ca3e0000, 0x00000000cb850000)
 concurrent mark-sweep generation total 838912K, used 415798K [0x00000000cccc0000, 0x0000000100000000, 0x0000000100000000)
 Metaspace       used 3934K, capacity 4536K, committed 4864K, reserved 1056768K
  class space    used 425K, capacity 428K, committed 512K, reserved 1048576K
}
2024-07-26T01:31:16.313+0800: 7.912: Total time for which application threads were stopped: 0.0133375 seconds, Stopping threads took: 0.0000261 seconds
{Heap before GC invocations=304 (full 26):
 par new generation   total 188736K, used 187673K [0x00000000c0000000, 0x00000000cccc0000, 0x00000000cccc0000)
  eden space 167808K,  99% used [0x00000000c0000000, 0x00000000ca346440, 0x00000000ca3e0000)
  from space 20928K,  97% used [0x00000000cb850000, 0x00000000ccc50140, 0x00000000cccc0000)
  to   space 20928K,   0% used [0x00000000ca3e0000, 0x00000000ca3e0000, 0x00000000cb850000)
 concurrent mark-sweep generation total 838912K, used 415798K [0x00000000cccc0000, 0x0000000100000000, 0x0000000100000000)
 Metaspace       used 3934K, capacity 4536K, committed 4864K, reserved 1056768K
  class space    used 425K, capacity 428K, committed 512K, reserved 1048576K
2024-07-26T01:31:16.327+0800: 7.926: [GC (Allocation Failure) 2024-07-26T01:31:16.327+0800: 7.926: [ParNew2024-07-26T01:31:16.335+0800: 7.935: [SoftReference, 0 refs, 0.0000483 secs]2024-07-26T01:31:16.335+0800: 7.935: [WeakReference, 0 refs, 0.0000192 secs]2024-07-26T01:31:16.335+0800: 7.935: [FinalReference, 0 refs, 0.0000093 secs]2024-07-26T01:31:16.335+0800: 7.935: [PhantomReference, 0 refs, 0.0000088 secs]2024-07-26T01:31:16.335+0800: 7.935: [JNI Weak Reference, 0.0000084 secs]
Desired survivor size 10715136 bytes, new threshold 1 (max 1)
- age   1:   20971840 bytes,   20971840 total
: 187673K->20480K(188736K), 0.0084840 secs] 603472K->454713K(1027648K), 0.0085295 secs] [Times: user=0.00 sys=0.00, real=0.01 secs] 
Heap after GC invocations=305 (full 26):
 par new generation   total 188736K, used 20480K [0x00000000c0000000, 0x00000000cccc0000, 0x00000000cccc0000)
  eden space 167808K,   0% used [0x00000000c0000000, 0x00000000c0000000, 0x00000000ca3e0000)
  from space 20928K,  97% used [0x00000000ca3e0000, 0x00000000cb7e0140, 0x00000000cb850000)
  to   space 20928K,   0% used [0x00000000cb850000, 0x00000000cb850000, 0x00000000cccc0000)
 concurrent mark-sweep generation total 838912K, used 434233K [0x00000000cccc0000, 0x0000000100000000, 0x0000000100000000)
 Metaspace       used 3934K, capacity 4536K, committed 4864K, reserved 1056768K
  class space    used 425K, capacity 428K, committed 512K, reserved 1048576K
}
2024-07-26T01:31:16.335+0800: 7.935: Total time for which application threads were stopped: 0.0086757 seconds, Stopping threads took: 0.0000252 seconds
{Heap before GC invocations=305 (full 26):
 par new generation   total 188736K, used 187673K [0x00000000c0000000, 0x00000000cccc0000, 0x00000000cccc0000)
  eden space 167808K,  99% used [0x00000000c0000000, 0x00000000ca346440, 0x00000000ca3e0000)
  from space 20928K,  97% used [0x00000000ca3e0000, 0x00000000cb7e0140, 0x00000000cb850000)
  to   space 20928K,   0% used [0x00000000cb850000, 0x00000000cb850000, 0x00000000cccc0000)
 concurrent mark-sweep generation total 838912K, used 434233K [0x00000000cccc0000, 0x0000000100000000, 0x0000000100000000)
 Metaspace       used 3934K, capacity 4536K, committed 4864K, reserved 1056768K
  class space    used 425K, capacity 428K, committed 512K, reserved 1048576K
2024-07-26T01:31:16.350+0800: 7.950: [GC (Allocation Failure) 2024-07-26T01:31:16.350+0800: 7.950: [ParNew2024-07-26T01:31:16.365+0800: 7.965: [SoftReference, 0 refs, 0.0000344 secs]2024-07-26T01:31:16.365+0800: 7.965: [WeakReference, 0 refs, 0.0000042 secs]2024-07-26T01:31:16.365+0800: 7.965: [FinalReference, 0 refs, 0.0000037 secs]2024-07-26T01:31:16.365+0800: 7.965: [PhantomReference, 0 refs, 0.0000049 secs]2024-07-26T01:31:16.365+0800: 7.965: [JNI Weak Reference, 0.0000041 secs]
Desired survivor size 10715136 bytes, new threshold 1 (max 1)
- age   1:   20971840 bytes,   20971840 total
: 187673K->20480K(188736K), 0.0148166 secs] 621906K->536634K(1027648K), 0.0148576 secs] [Times: user=0.05 sys=0.00, real=0.02 secs] 
Heap after GC invocations=306 (full 26):
 par new generation   total 188736K, used 20480K [0x00000000c0000000, 0x00000000cccc0000, 0x00000000cccc0000)
  eden space 167808K,   0% used [0x00000000c0000000, 0x00000000c0000000, 0x00000000ca3e0000)
  from space 20928K,  97% used [0x00000000cb850000, 0x00000000ccc50140, 0x00000000cccc0000)
  to   space 20928K,   0% used [0x00000000ca3e0000, 0x00000000ca3e0000, 0x00000000cb850000)
 concurrent mark-sweep generation total 838912K, used 516154K [0x00000000cccc0000, 0x0000000100000000, 0x0000000100000000)
 Metaspace       used 3934K, capacity 4536K, committed 4864K, reserved 1056768K
  class space    used 425K, capacity 428K, committed 512K, reserved 1048576K
}
2024-07-26T01:31:16.365+0800: 7.965: Total time for which application threads were stopped: 0.0149825 seconds, Stopping threads took: 0.0000294 seconds
{Heap before GC invocations=306 (full 26):
 par new generation   total 188736K, used 187673K [0x00000000c0000000, 0x00000000cccc0000, 0x00000000cccc0000)
  eden space 167808K,  99% used [0x00000000c0000000, 0x00000000ca346440, 0x00000000ca3e0000)
  from space 20928K,  97% used [0x00000000cb850000, 0x00000000ccc50140, 0x00000000cccc0000)
  to   space 20928K,   0% used [0x00000000ca3e0000, 0x00000000ca3e0000, 0x00000000cb850000)
 concurrent mark-sweep generation total 838912K, used 516154K [0x00000000cccc0000, 0x0000000100000000, 0x0000000100000000)
 Metaspace       used 3934K, capacity 4536K, committed 4864K, reserved 1056768K
  class space    used 425K, capacity 428K, committed 512K, reserved 1048576K
2024-07-26T01:31:16.380+0800: 7.979: [GC (Allocation Failure) 2024-07-26T01:31:16.380+0800: 7.979: [ParNew2024-07-26T01:31:16.391+0800: 7.990: [SoftReference, 0 refs, 0.0000328 secs]2024-07-26T01:31:16.391+0800: 7.990: [WeakReference, 0 refs, 0.0000044 secs]2024-07-26T01:31:16.391+0800: 7.990: [FinalReference, 0 refs, 0.0000036 secs]2024-07-26T01:31:16.391+0800: 7.990: [PhantomReference, 0 refs, 0.0000037 secs]2024-07-26T01:31:16.391+0800: 7.990: [JNI Weak Reference, 0.0000044 secs]
Desired survivor size 10715136 bytes, new threshold 1 (max 1)
- age   1:   20971840 bytes,   20971840 total
: 187673K->20480K(188736K), 0.0105341 secs] 703827K->578619K(1027648K), 0.0105736 secs] [Times: user=0.06 sys=0.00, real=0.01 secs] 
Heap after GC invocations=307 (full 26):
 par new generation   total 188736K, used 20480K [0x00000000c0000000, 0x00000000cccc0000, 0x00000000cccc0000)
  eden space 167808K,   0% used [0x00000000c0000000, 0x00000000c0000000, 0x00000000ca3e0000)
  from space 20928K,  97% used [0x00000000ca3e0000, 0x00000000cb7e0140, 0x00000000cb850000)
  to   space 20928K,   0% used [0x00000000cb850000, 0x00000000cb850000, 0x00000000cccc0000)
 concurrent mark-sweep generation total 838912K, used 558139K [0x00000000cccc0000, 0x0000000100000000, 0x0000000100000000)
 Metaspace       used 3934K, capacity 4536K, committed 4864K, reserved 1056768K
  class space    used 425K, capacity 428K, committed 512K, reserved 1048576K
}
2024-07-26T01:31:16.391+0800: 7.990: Total time for which application threads were stopped: 0.0106842 seconds, Stopping threads took: 0.0000214 seconds
{Heap before GC invocations=307 (full 26):
 par new generation   total 188736K, used 187673K [0x00000000c0000000, 0x00000000cccc0000, 0x00000000cccc0000)
  eden space 167808K,  99% used [0x00000000c0000000, 0x00000000ca346440, 0x00000000ca3e0000)
  from space 20928K,  97% used [0x00000000ca3e0000, 0x00000000cb7e0140, 0x00000000cb850000)
  to   space 20928K,   0% used [0x00000000cb850000, 0x00000000cb850000, 0x00000000cccc0000)
 concurrent mark-sweep generation total 838912K, used 558139K [0x00000000cccc0000, 0x0000000100000000, 0x0000000100000000)
 Metaspace       used 3934K, capacity 4536K, committed 4864K, reserved 1056768K
  class space    used 425K, capacity 428K, committed 512K, reserved 1048576K
2024-07-26T01:31:16.405+0800: 8.004: [GC (Allocation Failure) 2024-07-26T01:31:16.405+0800: 8.004: [ParNew2024-07-26T01:31:16.409+0800: 8.008: [SoftReference, 0 refs, 0.0000387 secs]2024-07-26T01:31:16.409+0800: 8.008: [WeakReference, 0 refs, 0.0000046 secs]2024-07-26T01:31:16.409+0800: 8.008: [FinalReference, 0 refs, 0.0000039 secs]2024-07-26T01:31:16.409+0800: 8.008: [PhantomReference, 0 refs, 0.0000037 secs]2024-07-26T01:31:16.409+0800: 8.008: [JNI Weak Reference, 0.0000043 secs]
Desired survivor size 10715136 bytes, new threshold 1 (max 1)
- age   1:   20971840 bytes,   20971840 total
: 187673K->20480K(188736K), 0.0045265 secs] 745812K->580667K(1027648K), 0.0045648 secs] [Times: user=0.00 sys=0.00, real=0.00 secs] 
Heap after GC invocations=308 (full 26):
 par new generation   total 188736K, used 20480K [0x00000000c0000000, 0x00000000cccc0000, 0x00000000cccc0000)
  eden space 167808K,   0% used [0x00000000c0000000, 0x00000000c0000000, 0x00000000ca3e0000)
  from space 20928K,  97% used [0x00000000cb850000, 0x00000000ccc50140, 0x00000000cccc0000)
  to   space 20928K,   0% used [0x00000000ca3e0000, 0x00000000ca3e0000, 0x00000000cb850000)
 concurrent mark-sweep generation total 838912K, used 560187K [0x00000000cccc0000, 0x0000000100000000, 0x0000000100000000)
 Metaspace       used 3934K, capacity 4536K, committed 4864K, reserved 1056768K
  class space    used 425K, capacity 428K, committed 512K, reserved 1048576K
}
2024-07-26T01:31:16.409+0800: 8.009: Total time for which application threads were stopped: 0.0046794 seconds, Stopping threads took: 0.0000226 seconds
{Heap before GC invocations=308 (full 26):
 par new generation   total 188736K, used 187673K [0x00000000c0000000, 0x00000000cccc0000, 0x00000000cccc0000)
  eden space 167808K,  99% used [0x00000000c0000000, 0x00000000ca346440, 0x00000000ca3e0000)
  from space 20928K,  97% used [0x00000000cb850000, 0x00000000ccc50140, 0x00000000cccc0000)
  to   space 20928K,   0% used [0x00000000ca3e0000, 0x00000000ca3e0000, 0x00000000cb850000)
 concurrent mark-sweep generation total 838912K, used 560187K [0x00000000cccc0000, 0x0000000100000000, 0x0000000100000000)
 Metaspace       used 3934K, capacity 4536K, committed 4864K, reserved 1056768K
  class space    used 425K, capacity 428K, committed 512K, reserved 1048576K
2024-07-26T01:31:16.423+0800: 8.022: [GC (Allocation Failure) 2024-07-26T01:31:16.423+0800: 8.022: [ParNew2024-07-26T01:31:16.440+0800: 8.039: [SoftReference, 0 refs, 0.0000314 secs]2024-07-26T01:31:16.440+0800: 8.039: [WeakReference, 0 refs, 0.0000038 secs]2024-07-26T01:31:16.440+0800: 8.039: [FinalReference, 0 refs, 0.0000035 secs]2024-07-26T01:31:16.440+0800: 8.039: [PhantomReference, 0 refs, 0.0000035 secs]2024-07-26T01:31:16.440+0800: 8.039: [JNI Weak Reference, 0.0000040 secs]
Desired survivor size 10715136 bytes, new threshold 1 (max 1)
- age   1:   20971840 bytes,   20971840 total
: 187673K->20480K(188736K), 0.0170432 secs] 747860K->646206K(1027648K), 0.0170794 secs] [Times: user=0.00 sys=0.00, real=0.02 secs] 
Heap after GC invocations=309 (full 26):
 par new generation   total 188736K, used 20480K [0x00000000c0000000, 0x00000000cccc0000, 0x00000000cccc0000)
  eden space 167808K,   0% used [0x00000000c0000000, 0x00000000c0000000, 0x00000000ca3e0000)
  from space 20928K,  97% used [0x00000000ca3e0000, 0x00000000cb7e0140, 0x00000000cb850000)
  to   space 20928K,   0% used [0x00000000cb850000, 0x00000000cb850000, 0x00000000cccc0000)
 concurrent mark-sweep generation total 838912K, used 625726K [0x00000000cccc0000, 0x0000000100000000, 0x0000000100000000)
 Metaspace       used 3934K, capacity 4536K, committed 4864K, reserved 1056768K
  class space    used 425K, capacity 428K, committed 512K, reserved 1048576K
}
2024-07-26T01:31:16.440+0800: 8.039: Total time for which application threads were stopped: 0.0171891 seconds, Stopping threads took: 0.0000248 seconds
{Heap before GC invocations=309 (full 26):
 par new generation   total 188736K, used 187673K [0x00000000c0000000, 0x00000000cccc0000, 0x00000000cccc0000)
  eden space 167808K,  99% used [0x00000000c0000000, 0x00000000ca346440, 0x00000000ca3e0000)
  from space 20928K,  97% used [0x00000000ca3e0000, 0x00000000cb7e0140, 0x00000000cb850000)
  to   space 20928K,   0% used [0x00000000cb850000, 0x00000000cb850000, 0x00000000cccc0000)
 concurrent mark-sweep generation total 838912K, used 625726K [0x00000000cccc0000, 0x0000000100000000, 0x0000000100000000)
 Metaspace       used 3934K, capacity 4536K, committed 4864K, reserved 1056768K
  class space    used 425K, capacity 428K, committed 512K, reserved 1048576K
2024-07-26T01:31:16.454+0800: 8.054: [GC (Allocation Failure) 2024-07-26T01:31:16.454+0800: 8.054: [ParNew2024-07-26T01:31:16.462+0800: 8.062: [SoftReference, 0 refs, 0.0000310 secs]2024-07-26T01:31:16.462+0800: 8.062: [WeakReference, 0 refs, 0.0000044 secs]2024-07-26T01:31:16.462+0800: 8.062: [FinalReference, 0 refs, 0.0000039 secs]2024-07-26T01:31:16.462+0800: 8.062: [PhantomReference, 0 refs, 0.0000037 secs]2024-07-26T01:31:16.462+0800: 8.062: [JNI Weak Reference, 0.0000043 secs]
Desired survivor size 10715136 bytes, new threshold 1 (max 1)
- age   1:   20971840 bytes,   20971840 total
: 187673K->20480K(188736K), 0.0078560 secs] 813399K->671806K(1027648K), 0.0079055 secs] [Times: user=0.00 sys=0.00, real=0.01 secs] 
Heap after GC invocations=310 (full 26):
 par new generation   total 188736K, used 20480K [0x00000000c0000000, 0x00000000cccc0000, 0x00000000cccc0000)
  eden space 167808K,   0% used [0x00000000c0000000, 0x00000000c0000000, 0x00000000ca3e0000)
  from space 20928K,  97% used [0x00000000cb850000, 0x00000000ccc50140, 0x00000000cccc0000)
  to   space 20928K,   0% used [0x00000000ca3e0000, 0x00000000ca3e0000, 0x00000000cb850000)
 concurrent mark-sweep generation total 838912K, used 651326K [0x00000000cccc0000, 0x0000000100000000, 0x0000000100000000)
 Metaspace       used 3934K, capacity 4536K, committed 4864K, reserved 1056768K
  class space    used 425K, capacity 428K, committed 512K, reserved 1048576K
}
2024-07-26T01:31:16.462+0800: 8.062: Total time for which application threads were stopped: 0.0080351 seconds, Stopping threads took: 0.0000288 seconds
{Heap before GC invocations=310 (full 26):
 par new generation   total 188736K, used 187673K [0x00000000c0000000, 0x00000000cccc0000, 0x00000000cccc0000)
  eden space 167808K,  99% used [0x00000000c0000000, 0x00000000ca346440, 0x00000000ca3e0000)
  from space 20928K,  97% used [0x00000000cb850000, 0x00000000ccc50140, 0x00000000cccc0000)
  to   space 20928K,   0% used [0x00000000ca3e0000, 0x00000000ca3e0000, 0x00000000cb850000)
 concurrent mark-sweep generation total 838912K, used 651326K [0x00000000cccc0000, 0x0000000100000000, 0x0000000100000000)
 Metaspace       used 3934K, capacity 4536K, committed 4864K, reserved 1056768K
  class space    used 425K, capacity 428K, committed 512K, reserved 1048576K
2024-07-26T01:31:16.476+0800: 8.076: [GC (Allocation Failure) 2024-07-26T01:31:16.476+0800: 8.076: [ParNew2024-07-26T01:31:16.478+0800: 8.078: [SoftReference, 0 refs, 0.0000310 secs]2024-07-26T01:31:16.478+0800: 8.078: [WeakReference, 0 refs, 0.0000042 secs]2024-07-26T01:31:16.479+0800: 8.078: [FinalReference, 0 refs, 0.0000039 secs]2024-07-26T01:31:16.479+0800: 8.078: [PhantomReference, 0 refs, 0.0000035 secs]2024-07-26T01:31:16.479+0800: 8.078: [JNI Weak Reference, 0.0000041 secs]
Desired survivor size 10715136 bytes, new threshold 1 (max 1)
- age   1:    6291552 bytes,    6291552 total
: 187673K->6144K(188736K), 0.0023423 secs] 838999K->657470K(1027648K), 0.0023747 secs] [Times: user=0.00 sys=0.00, real=0.00 secs] 
Heap after GC invocations=311 (full 26):
 par new generation   total 188736K, used 6144K [0x00000000c0000000, 0x00000000cccc0000, 0x00000000cccc0000)
  eden space 167808K,   0% used [0x00000000c0000000, 0x00000000c0000000, 0x00000000ca3e0000)
  from space 20928K,  29% used [0x00000000ca3e0000, 0x00000000ca9e0060, 0x00000000cb850000)
  to   space 20928K,   0% used [0x00000000cb850000, 0x00000000cb850000, 0x00000000cccc0000)
 concurrent mark-sweep generation total 838912K, used 651326K [0x00000000cccc0000, 0x0000000100000000, 0x0000000100000000)
 Metaspace       used 3934K, capacity 4536K, committed 4864K, reserved 1056768K
  class space    used 425K, capacity 428K, committed 512K, reserved 1048576K
}
2024-07-26T01:31:16.479+0800: 8.079: Total time for which application threads were stopped: 0.0024849 seconds, Stopping threads took: 0.0000213 seconds
{Heap before GC invocations=311 (full 26):
 par new generation   total 188736K, used 173337K [0x00000000c0000000, 0x00000000cccc0000, 0x00000000cccc0000)
  eden space 167808K,  99% used [0x00000000c0000000, 0x00000000ca346440, 0x00000000ca3e0000)
  from space 20928K,  29% used [0x00000000ca3e0000, 0x00000000ca9e0060, 0x00000000cb850000)
  to   space 20928K,   0% used [0x00000000cb850000, 0x00000000cb850000, 0x00000000cccc0000)
 concurrent mark-sweep generation total 838912K, used 651326K [0x00000000cccc0000, 0x0000000100000000, 0x0000000100000000)
 Metaspace       used 3934K, capacity 4536K, committed 4864K, reserved 1056768K
  class space    used 425K, capacity 428K, committed 512K, reserved 1048576K
2024-07-26T01:31:16.493+0800: 8.093: [GC (Allocation Failure) 2024-07-26T01:31:16.493+0800: 8.093: [ParNew2024-07-26T01:31:16.504+0800: 8.104: [SoftReference, 0 refs, 0.0000265 secs]2024-07-26T01:31:16.504+0800: 8.104: [WeakReference, 0 refs, 0.0000039 secs]2024-07-26T01:31:16.504+0800: 8.104: [FinalReference, 0 refs, 0.0000035 secs]2024-07-26T01:31:16.504+0800: 8.104: [PhantomReference, 0 refs, 0.0000036 secs]2024-07-26T01:31:16.504+0800: 8.104: [JNI Weak Reference, 0.0000040 secs]
Desired survivor size 10715136 bytes, new threshold 1 (max 1)
- age   1:   20971840 bytes,   20971840 total
: 173337K->20480K(188736K), 0.0110886 secs] 824663K->720961K(1027648K), 0.0111270 secs] [Times: user=0.00 sys=0.00, real=0.01 secs] 
Heap after GC invocations=312 (full 26):
 par new generation   total 188736K, used 20480K [0x00000000c0000000, 0x00000000cccc0000, 0x00000000cccc0000)
  eden space 167808K,   0% used [0x00000000c0000000, 0x00000000c0000000, 0x00000000ca3e0000)
  from space 20928K,  97% used [0x00000000cb850000, 0x00000000ccc50140, 0x00000000cccc0000)
  to   space 20928K,   0% used [0x00000000ca3e0000, 0x00000000ca3e0000, 0x00000000cb850000)
 concurrent mark-sweep generation total 838912K, used 700481K [0x00000000cccc0000, 0x0000000100000000, 0x0000000100000000)
 Metaspace       used 3934K, capacity 4536K, committed 4864K, reserved 1056768K
  class space    used 425K, capacity 428K, committed 512K, reserved 1048576K
}
2024-07-26T01:31:16.504+0800: 8.104: Total time for which application threads were stopped: 0.0112344 seconds, Stopping threads took: 0.0000213 seconds
{Heap before GC invocations=312 (full 26):
 par new generation   total 188736K, used 187673K [0x00000000c0000000, 0x00000000cccc0000, 0x00000000cccc0000)
  eden space 167808K,  99% used [0x00000000c0000000, 0x00000000ca346440, 0x00000000ca3e0000)
  from space 20928K,  97% used [0x00000000cb850000, 0x00000000ccc50140, 0x00000000cccc0000)
  to   space 20928K,   0% used [0x00000000ca3e0000, 0x00000000ca3e0000, 0x00000000cb850000)
 concurrent mark-sweep generation total 838912K, used 700481K [0x00000000cccc0000, 0x0000000100000000, 0x0000000100000000)
 Metaspace       used 3934K, capacity 4536K, committed 4864K, reserved 1056768K
  class space    used 425K, capacity 428K, committed 512K, reserved 1048576K
2024-07-26T01:31:16.518+0800: 8.118: [GC (Allocation Failure) 2024-07-26T01:31:16.518+0800: 8.118: [ParNew2024-07-26T01:31:16.525+0800: 8.124: [SoftReference, 0 refs, 0.0000693 secs]2024-07-26T01:31:16.525+0800: 8.124: [WeakReference, 0 refs, 0.0000073 secs]2024-07-26T01:31:16.525+0800: 8.124: [FinalReference, 0 refs, 0.0000035 secs]2024-07-26T01:31:16.525+0800: 8.124: [PhantomReference, 0 refs, 0.0000035 secs]2024-07-26T01:31:16.525+0800: 8.124: [JNI Weak Reference, 0.0000119 secs]
Desired survivor size 10715136 bytes, new threshold 1 (max 1)
- age   1:   20971840 bytes,   20971840 total
: 187673K->20480K(188736K), 0.0062883 secs] 888154K->730177K(1027648K), 0.0063425 secs] [Times: user=0.00 sys=0.00, real=0.01 secs] 
Heap after GC invocations=313 (full 26):
 par new generation   total 188736K, used 20480K [0x00000000c0000000, 0x00000000cccc0000, 0x00000000cccc0000)
  eden space 167808K,   0% used [0x00000000c0000000, 0x00000000c0000000, 0x00000000ca3e0000)
  from space 20928K,  97% used [0x00000000ca3e0000, 0x00000000cb7e0140, 0x00000000cb850000)
  to   space 20928K,   0% used [0x00000000cb850000, 0x00000000cb850000, 0x00000000cccc0000)
 concurrent mark-sweep generation total 838912K, used 709697K [0x00000000cccc0000, 0x0000000100000000, 0x0000000100000000)
 Metaspace       used 3934K, capacity 4536K, committed 4864K, reserved 1056768K
  class space    used 425K, capacity 428K, committed 512K, reserved 1048576K
}
2024-07-26T01:31:16.525+0800: 8.124: Total time for which application threads were stopped: 0.0064747 seconds, Stopping threads took: 0.0000233 seconds
{Heap before GC invocations=313 (full 26):
 par new generation   total 188736K, used 187673K [0x00000000c0000000, 0x00000000cccc0000, 0x00000000cccc0000)
  eden space 167808K,  99% used [0x00000000c0000000, 0x00000000ca346440, 0x00000000ca3e0000)
  from space 20928K,  97% used [0x00000000ca3e0000, 0x00000000cb7e0140, 0x00000000cb850000)
  to   space 20928K,   0% used [0x00000000cb850000, 0x00000000cb850000, 0x00000000cccc0000)
 concurrent mark-sweep generation total 838912K, used 709697K [0x00000000cccc0000, 0x0000000100000000, 0x0000000100000000)
 Metaspace       used 3934K, capacity 4536K, committed 4864K, reserved 1056768K
  class space    used 425K, capacity 428K, committed 512K, reserved 1048576K
2024-07-26T01:31:16.539+0800: 8.139: [GC (Allocation Failure) 2024-07-26T01:31:16.539+0800: 8.139: [ParNew2024-07-26T01:31:16.553+0800: 8.152: [SoftReference, 0 refs, 0.0000288 secs]2024-07-26T01:31:16.553+0800: 8.152: [WeakReference, 0 refs, 0.0000038 secs]2024-07-26T01:31:16.553+0800: 8.152: [FinalReference, 0 refs, 0.0000038 secs]2024-07-26T01:31:16.553+0800: 8.152: [PhantomReference, 0 refs, 0.0000066 secs]2024-07-26T01:31:16.553+0800: 8.152: [JNI Weak Reference, 0.0000037 secs]
Desired survivor size 10715136 bytes, new threshold 1 (max 1)
- age   1:   20971840 bytes,   20971840 total
: 187673K->20480K(188736K), 0.0134890 secs] 897370K->802882K(1027648K), 0.0135281 secs] [Times: user=0.06 sys=0.00, real=0.01 secs] 
Heap after GC invocations=314 (full 26):
 par new generation   total 188736K, used 20480K [0x00000000c0000000, 0x00000000cccc0000, 0x00000000cccc0000)
  eden space 167808K,   0% used [0x00000000c0000000, 0x00000000c0000000, 0x00000000ca3e0000)
  from space 20928K,  97% used [0x00000000cb850000, 0x00000000ccc50140, 0x00000000cccc0000)
  to   space 20928K,   0% used [0x00000000ca3e0000, 0x00000000ca3e0000, 0x00000000cb850000)
 concurrent mark-sweep generation total 838912K, used 782402K [0x00000000cccc0000, 0x0000000100000000, 0x0000000100000000)
 Metaspace       used 3934K, capacity 4536K, committed 4864K, reserved 1056768K
  class space    used 425K, capacity 428K, committed 512K, reserved 1048576K
}
2024-07-26T01:31:16.553+0800: 8.152: Total time for which application threads were stopped: 0.0136329 seconds, Stopping threads took: 0.0000222 seconds
{Heap before GC invocations=314 (full 26):
 par new generation   total 188736K, used 187673K [0x00000000c0000000, 0x00000000cccc0000, 0x00000000cccc0000)
  eden space 167808K,  99% used [0x00000000c0000000, 0x00000000ca346440, 0x00000000ca3e0000)
  from space 20928K,  97% used [0x00000000cb850000, 0x00000000ccc50140, 0x00000000cccc0000)
  to   space 20928K,   0% used [0x00000000ca3e0000, 0x00000000ca3e0000, 0x00000000cb850000)
 concurrent mark-sweep generation total 838912K, used 782402K [0x00000000cccc0000, 0x0000000100000000, 0x0000000100000000)
 Metaspace       used 3934K, capacity 4536K, committed 4864K, reserved 1056768K
  class space    used 425K, capacity 428K, committed 512K, reserved 1048576K
2024-07-26T01:31:16.567+0800: 8.167: [GC (Allocation Failure) 2024-07-26T01:31:16.567+0800: 8.167: [ParNew: 187673K->187673K(188736K), 0.0000139 secs]2024-07-26T01:31:16.567+0800: 8.167: [CMS2024-07-26T01:31:16.567+0800: 8.167: [CMS-concurrent-abortable-preclean: 0.008/0.298 secs] [Times: user=0.20 sys=0.00, real=0.30 secs] 
 (concurrent mode failure)2024-07-26T01:31:16.568+0800: 8.168: [SoftReference, 0 refs, 0.0000156 secs]2024-07-26T01:31:16.568+0800: 8.168: [WeakReference, 2 refs, 0.0000047 secs]2024-07-26T01:31:16.568+0800: 8.168: [FinalReference, 2 refs, 0.0000037 secs]2024-07-26T01:31:16.568+0800: 8.168: [PhantomReference, 0 refs, 0.0000035 secs]2024-07-26T01:31:16.568+0800: 8.168: [JNI Weak Reference, 0.0000039 secs]: 782402K->54305K(838912K), 0.0104521 secs] 970076K->54305K(1027648K), [Metaspace: 3934K->3934K(1056768K)], 0.0105303 secs] [Times: user=0.00 sys=0.00, real=0.01 secs] 
Heap after GC invocations=315 (full 27):
 par new generation   total 188736K, used 0K [0x00000000c0000000, 0x00000000cccc0000, 0x00000000cccc0000)
  eden space 167808K,   0% used [0x00000000c0000000, 0x00000000c0000000, 0x00000000ca3e0000)
  from space 20928K,   0% used [0x00000000cb850000, 0x00000000cb850000, 0x00000000cccc0000)
  to   space 20928K,   0% used [0x00000000ca3e0000, 0x00000000ca3e0000, 0x00000000cb850000)
 concurrent mark-sweep generation total 838912K, used 54305K [0x00000000cccc0000, 0x0000000100000000, 0x0000000100000000)
 Metaspace       used 3934K, capacity 4536K, committed 4864K, reserved 1056768K
  class space    used 425K, capacity 428K, committed 512K, reserved 1048576K
}
2024-07-26T01:31:16.578+0800: 8.177: Total time for which application threads were stopped: 0.0106570 seconds, Stopping threads took: 0.0000228 seconds
{Heap before GC invocations=315 (full 27):
 par new generation   total 188736K, used 167193K [0x00000000c0000000, 0x00000000cccc0000, 0x00000000cccc0000)
  eden space 167808K,  99% used [0x00000000c0000000, 0x00000000ca346440, 0x00000000ca3e0000)
  from space 20928K,   0% used [0x00000000cb850000, 0x00000000cb850000, 0x00000000cccc0000)
  to   space 20928K,   0% used [0x00000000ca3e0000, 0x00000000ca3e0000, 0x00000000cb850000)
 concurrent mark-sweep generation total 838912K, used 54305K [0x00000000cccc0000, 0x0000000100000000, 0x0000000100000000)
 Metaspace       used 3934K, capacity 4536K, committed 4864K, reserved 1056768K
  class space    used 425K, capacity 428K, committed 512K, reserved 1048576K
2024-07-26T01:31:16.593+0800: 8.192: [GC (Allocation Failure) 2024-07-26T01:31:16.593+0800: 8.192: [ParNew2024-07-26T01:31:16.596+0800: 8.195: [SoftReference, 0 refs, 0.0000388 secs]2024-07-26T01:31:16.596+0800: 8.195: [WeakReference, 0 refs, 0.0000051 secs]2024-07-26T01:31:16.596+0800: 8.195: [FinalReference, 0 refs, 0.0000050 secs]2024-07-26T01:31:16.596+0800: 8.195: [PhantomReference, 0 refs, 0.0000047 secs]2024-07-26T01:31:16.596+0800: 8.195: [JNI Weak Reference, 0.0000053 secs]
Desired survivor size 10715136 bytes, new threshold 1 (max 1)
- age   1:   13631696 bytes,   13631696 total
: 167193K->13312K(188736K), 0.0027400 secs] 221498K->67617K(1027648K), 0.0027859 secs] [Times: user=0.00 sys=0.00, real=0.00 secs] 
Heap after GC invocations=316 (full 27):
 par new generation   total 188736K, used 13312K [0x00000000c0000000, 0x00000000cccc0000, 0x00000000cccc0000)
  eden space 167808K,   0% used [0x00000000c0000000, 0x00000000c0000000, 0x00000000ca3e0000)
  from space 20928K,  63% used [0x00000000ca3e0000, 0x00000000cb0e00d0, 0x00000000cb850000)
  to   space 20928K,   0% used [0x00000000cb850000, 0x00000000cb850000, 0x00000000cccc0000)
 concurrent mark-sweep generation total 838912K, used 54305K [0x00000000cccc0000, 0x0000000100000000, 0x0000000100000000)
 Metaspace       used 3934K, capacity 4536K, committed 4864K, reserved 1056768K
  class space    used 425K, capacity 428K, committed 512K, reserved 1048576K
}
2024-07-26T01:31:16.596+0800: 8.195: Total time for which application threads were stopped: 0.0029031 seconds, Stopping threads took: 0.0000199 seconds
{Heap before GC invocations=316 (full 27):
 par new generation   total 188736K, used 180505K [0x00000000c0000000, 0x00000000cccc0000, 0x00000000cccc0000)
  eden space 167808K,  99% used [0x00000000c0000000, 0x00000000ca346440, 0x00000000ca3e0000)
  from space 20928K,  63% used [0x00000000ca3e0000, 0x00000000cb0e00d0, 0x00000000cb850000)
  to   space 20928K,   0% used [0x00000000cb850000, 0x00000000cb850000, 0x00000000cccc0000)
 concurrent mark-sweep generation total 838912K, used 54305K [0x00000000cccc0000, 0x0000000100000000, 0x0000000100000000)
 Metaspace       used 3934K, capacity 4536K, committed 4864K, reserved 1056768K
  class space    used 425K, capacity 428K, committed 512K, reserved 1048576K
2024-07-26T01:31:16.611+0800: 8.210: [GC (Allocation Failure) 2024-07-26T01:31:16.611+0800: 8.210: [ParNew2024-07-26T01:31:16.623+0800: 8.223: [SoftReference, 0 refs, 0.0000335 secs]2024-07-26T01:31:16.623+0800: 8.223: [WeakReference, 0 refs, 0.0000047 secs]2024-07-26T01:31:16.623+0800: 8.223: [FinalReference, 0 refs, 0.0000040 secs]2024-07-26T01:31:16.623+0800: 8.223: [PhantomReference, 0 refs, 0.0000037 secs]2024-07-26T01:31:16.623+0800: 8.223: [JNI Weak Reference, 0.0000045 secs]
Desired survivor size 10715136 bytes, new threshold 1 (max 1)
- age   1:   20971840 bytes,   20971840 total
: 180505K->20480K(188736K), 0.0127761 secs] 234810K->131108K(1027648K), 0.0128182 secs] [Times: user=0.01 sys=0.00, real=0.01 secs] 
Heap after GC invocations=317 (full 27):
 par new generation   total 188736K, used 20480K [0x00000000c0000000, 0x00000000cccc0000, 0x00000000cccc0000)
  eden space 167808K,   0% used [0x00000000c0000000, 0x00000000c0000000, 0x00000000ca3e0000)
  from space 20928K,  97% used [0x00000000cb850000, 0x00000000ccc50140, 0x00000000cccc0000)
  to   space 20928K,   0% used [0x00000000ca3e0000, 0x00000000ca3e0000, 0x00000000cb850000)
 concurrent mark-sweep generation total 838912K, used 110627K [0x00000000cccc0000, 0x0000000100000000, 0x0000000100000000)
 Metaspace       used 3934K, capacity 4536K, committed 4864K, reserved 1056768K
  class space    used 425K, capacity 428K, committed 512K, reserved 1048576K
}
2024-07-26T01:31:16.624+0800: 8.223: Total time for which application threads were stopped: 0.0129334 seconds, Stopping threads took: 0.0000234 seconds
{Heap before GC invocations=317 (full 27):
 par new generation   total 188736K, used 187673K [0x00000000c0000000, 0x00000000cccc0000, 0x00000000cccc0000)
  eden space 167808K,  99% used [0x00000000c0000000, 0x00000000ca346440, 0x00000000ca3e0000)
  from space 20928K,  97% used [0x00000000cb850000, 0x00000000ccc50140, 0x00000000cccc0000)
  to   space 20928K,   0% used [0x00000000ca3e0000, 0x00000000ca3e0000, 0x00000000cb850000)
 concurrent mark-sweep generation total 838912K, used 110627K [0x00000000cccc0000, 0x0000000100000000, 0x0000000100000000)
 Metaspace       used 3934K, capacity 4536K, committed 4864K, reserved 1056768K
  class space    used 425K, capacity 428K, committed 512K, reserved 1048576K
2024-07-26T01:31:16.638+0800: 8.237: [GC (Allocation Failure) 2024-07-26T01:31:16.638+0800: 8.237: [ParNew2024-07-26T01:31:16.645+0800: 8.245: [SoftReference, 0 refs, 0.0000371 secs]2024-07-26T01:31:16.645+0800: 8.245: [WeakReference, 0 refs, 0.0000044 secs]2024-07-26T01:31:16.646+0800: 8.245: [FinalReference, 0 refs, 0.0000040 secs]2024-07-26T01:31:16.646+0800: 8.245: [PhantomReference, 0 refs, 0.0000037 secs]2024-07-26T01:31:16.646+0800: 8.245: [JNI Weak Reference, 0.0000043 secs]
Desired survivor size 10715136 bytes, new threshold 1 (max 1)
- age   1:   20971840 bytes,   20971840 total
: 187673K->20480K(188736K), 0.0077894 secs] 298301K->147494K(1027648K), 0.0078329 secs] [Times: user=0.00 sys=0.00, real=0.01 secs] 
Heap after GC invocations=318 (full 27):
 par new generation   total 188736K, used 20480K [0x00000000c0000000, 0x00000000cccc0000, 0x00000000cccc0000)
  eden space 167808K,   0% used [0x00000000c0000000, 0x00000000c0000000, 0x00000000ca3e0000)
  from space 20928K,  97% used [0x00000000ca3e0000, 0x00000000cb7e0140, 0x00000000cb850000)
  to   space 20928K,   0% used [0x00000000cb850000, 0x00000000cb850000, 0x00000000cccc0000)
 concurrent mark-sweep generation total 838912K, used 127014K [0x00000000cccc0000, 0x0000000100000000, 0x0000000100000000)
 Metaspace       used 3934K, capacity 4536K, committed 4864K, reserved 1056768K
  class space    used 425K, capacity 428K, committed 512K, reserved 1048576K
}
2024-07-26T01:31:16.646+0800: 8.245: Total time for which application threads were stopped: 0.0079465 seconds, Stopping threads took: 0.0000244 seconds
{Heap before GC invocations=318 (full 27):
 par new generation   total 188736K, used 187673K [0x00000000c0000000, 0x00000000cccc0000, 0x00000000cccc0000)
  eden space 167808K,  99% used [0x00000000c0000000, 0x00000000ca346440, 0x00000000ca3e0000)
  from space 20928K,  97% used [0x00000000ca3e0000, 0x00000000cb7e0140, 0x00000000cb850000)
  to   space 20928K,   0% used [0x00000000cb850000, 0x00000000cb850000, 0x00000000cccc0000)
 concurrent mark-sweep generation total 838912K, used 127014K [0x00000000cccc0000, 0x0000000100000000, 0x0000000100000000)
 Metaspace       used 3934K, capacity 4536K, committed 4864K, reserved 1056768K
  class space    used 425K, capacity 428K, committed 512K, reserved 1048576K
2024-07-26T01:31:16.662+0800: 8.261: [GC (Allocation Failure) 2024-07-26T01:31:16.662+0800: 8.261: [ParNew2024-07-26T01:31:16.678+0800: 8.277: [SoftReference, 0 refs, 0.0000467 secs]2024-07-26T01:31:16.678+0800: 8.277: [WeakReference, 0 refs, 0.0000057 secs]2024-07-26T01:31:16.678+0800: 8.277: [FinalReference, 0 refs, 0.0000052 secs]2024-07-26T01:31:16.678+0800: 8.277: [PhantomReference, 0 refs, 0.0000051 secs]2024-07-26T01:31:16.678+0800: 8.277: [JNI Weak Reference, 0.0000064 secs]
Desired survivor size 10715136 bytes, new threshold 1 (max 1)
- age   1:   20971840 bytes,   20971840 total
: 187673K->20480K(188736K), 0.0165186 secs] 314687K->227369K(1027648K), 0.0165765 secs] [Times: user=0.08 sys=0.00, real=0.02 secs] 
Heap after GC invocations=319 (full 27):
 par new generation   total 188736K, used 20480K [0x00000000c0000000, 0x00000000cccc0000, 0x00000000cccc0000)
  eden space 167808K,   0% used [0x00000000c0000000, 0x00000000c0000000, 0x00000000ca3e0000)
  from space 20928K,  97% used [0x00000000cb850000, 0x00000000ccc50140, 0x00000000cccc0000)
  to   space 20928K,   0% used [0x00000000ca3e0000, 0x00000000ca3e0000, 0x00000000cb850000)
 concurrent mark-sweep generation total 838912K, used 206889K [0x00000000cccc0000, 0x0000000100000000, 0x0000000100000000)
 Metaspace       used 3934K, capacity 4536K, committed 4864K, reserved 1056768K
  class space    used 425K, capacity 428K, committed 512K, reserved 1048576K
}
2024-07-26T01:31:16.678+0800: 8.277: Total time for which application threads were stopped: 0.0167486 seconds, Stopping threads took: 0.0000368 seconds
{Heap before GC invocations=319 (full 27):
 par new generation   total 188736K, used 187673K [0x00000000c0000000, 0x00000000cccc0000, 0x00000000cccc0000)
  eden space 167808K,  99% used [0x00000000c0000000, 0x00000000ca346440, 0x00000000ca3e0000)
  from space 20928K,  97% used [0x00000000cb850000, 0x00000000ccc50140, 0x00000000cccc0000)
  to   space 20928K,   0% used [0x00000000ca3e0000, 0x00000000ca3e0000, 0x00000000cb850000)
 concurrent mark-sweep generation total 838912K, used 206889K [0x00000000cccc0000, 0x0000000100000000, 0x0000000100000000)
 Metaspace       used 3934K, capacity 4536K, committed 4864K, reserved 1056768K
  class space    used 425K, capacity 428K, committed 512K, reserved 1048576K
2024-07-26T01:31:16.692+0800: 8.291: [GC (Allocation Failure) 2024-07-26T01:31:16.692+0800: 8.291: [ParNew2024-07-26T01:31:16.702+0800: 8.301: [SoftReference, 0 refs, 0.0000340 secs]2024-07-26T01:31:16.702+0800: 8.301: [WeakReference, 0 refs, 0.0000044 secs]2024-07-26T01:31:16.702+0800: 8.301: [FinalReference, 0 refs, 0.0000039 secs]2024-07-26T01:31:16.702+0800: 8.301: [PhantomReference, 0 refs, 0.0000036 secs]2024-07-26T01:31:16.702+0800: 8.301: [JNI Weak Reference, 0.0000044 secs]
Desired survivor size 10715136 bytes, new threshold 1 (max 1)
- age   1:   20971840 bytes,   20971840 total
: 187673K->20480K(188736K), 0.0102581 secs] 394562K->267308K(1027648K), 0.0102982 secs] [Times: user=0.01 sys=0.00, real=0.01 secs] 
Heap after GC invocations=320 (full 27):
 par new generation   total 188736K, used 20480K [0x00000000c0000000, 0x00000000cccc0000, 0x00000000cccc0000)
  eden space 167808K,   0% used [0x00000000c0000000, 0x00000000c0000000, 0x00000000ca3e0000)
  from space 20928K,  97% used [0x00000000ca3e0000, 0x00000000cb7e0140, 0x00000000cb850000)
  to   space 20928K,   0% used [0x00000000cb850000, 0x00000000cb850000, 0x00000000cccc0000)
 concurrent mark-sweep generation total 838912K, used 246828K [0x00000000cccc0000, 0x0000000100000000, 0x0000000100000000)
 Metaspace       used 3934K, capacity 4536K, committed 4864K, reserved 1056768K
  class space    used 425K, capacity 428K, committed 512K, reserved 1048576K
}
2024-07-26T01:31:16.702+0800: 8.301: Total time for which application threads were stopped: 0.0104115 seconds, Stopping threads took: 0.0000229 seconds
{Heap before GC invocations=320 (full 27):
 par new generation   total 188736K, used 187673K [0x00000000c0000000, 0x00000000cccc0000, 0x00000000cccc0000)
  eden space 167808K,  99% used [0x00000000c0000000, 0x00000000ca346440, 0x00000000ca3e0000)
  from space 20928K,  97% used [0x00000000ca3e0000, 0x00000000cb7e0140, 0x00000000cb850000)
  to   space 20928K,   0% used [0x00000000cb850000, 0x00000000cb850000, 0x00000000cccc0000)
 concurrent mark-sweep generation total 838912K, used 246828K [0x00000000cccc0000, 0x0000000100000000, 0x0000000100000000)
 Metaspace       used 3934K, capacity 4536K, committed 4864K, reserved 1056768K
  class space    used 425K, capacity 428K, committed 512K, reserved 1048576K
2024-07-26T01:31:16.716+0800: 8.315: [GC (Allocation Failure) 2024-07-26T01:31:16.716+0800: 8.315: [ParNew2024-07-26T01:31:16.720+0800: 8.319: [SoftReference, 0 refs, 0.0000282 secs]2024-07-26T01:31:16.720+0800: 8.319: [WeakReference, 0 refs, 0.0000061 secs]2024-07-26T01:31:16.720+0800: 8.319: [FinalReference, 0 refs, 0.0000059 secs]2024-07-26T01:31:16.720+0800: 8.319: [PhantomReference, 0 refs, 0.0000058 secs]2024-07-26T01:31:16.720+0800: 8.319: [JNI Weak Reference, 0.0000060 secs]
Desired survivor size 10715136 bytes, new threshold 1 (max 1)
- age   1:   20971840 bytes,   20971840 total
: 187673K->20480K(188736K), 0.0043290 secs] 434501K->267308K(1027648K), 0.0043690 secs] [Times: user=0.00 sys=0.00, real=0.00 secs] 
Heap after GC invocations=321 (full 27):
 par new generation   total 188736K, used 20480K [0x00000000c0000000, 0x00000000cccc0000, 0x00000000cccc0000)
  eden space 167808K,   0% used [0x00000000c0000000, 0x00000000c0000000, 0x00000000ca3e0000)
  from space 20928K,  97% used [0x00000000cb850000, 0x00000000ccc50140, 0x00000000cccc0000)
  to   space 20928K,   0% used [0x00000000ca3e0000, 0x00000000ca3e0000, 0x00000000cb850000)
 concurrent mark-sweep generation total 838912K, used 246828K [0x00000000cccc0000, 0x0000000100000000, 0x0000000100000000)
 Metaspace       used 3934K, capacity 4536K, committed 4864K, reserved 1056768K
  class space    used 425K, capacity 428K, committed 512K, reserved 1048576K
}
2024-07-26T01:31:16.720+0800: 8.320: Total time for which application threads were stopped: 0.0044930 seconds, Stopping threads took: 0.0000253 seconds
{Heap before GC invocations=321 (full 27):
 par new generation   total 188736K, used 187673K [0x00000000c0000000, 0x00000000cccc0000, 0x00000000cccc0000)
  eden space 167808K,  99% used [0x00000000c0000000, 0x00000000ca346440, 0x00000000ca3e0000)
  from space 20928K,  97% used [0x00000000cb850000, 0x00000000ccc50140, 0x00000000cccc0000)
  to   space 20928K,   0% used [0x00000000ca3e0000, 0x00000000ca3e0000, 0x00000000cb850000)
 concurrent mark-sweep generation total 838912K, used 246828K [0x00000000cccc0000, 0x0000000100000000, 0x0000000100000000)
 Metaspace       used 3934K, capacity 4536K, committed 4864K, reserved 1056768K
  class space    used 425K, capacity 428K, committed 512K, reserved 1048576K
2024-07-26T01:31:16.734+0800: 8.334: [GC (Allocation Failure) 2024-07-26T01:31:16.734+0800: 8.334: [ParNew2024-07-26T01:31:16.748+0800: 8.347: [SoftReference, 0 refs, 0.0000276 secs]2024-07-26T01:31:16.748+0800: 8.347: [WeakReference, 0 refs, 0.0000073 secs]2024-07-26T01:31:16.748+0800: 8.347: [FinalReference, 0 refs, 0.0000038 secs]2024-07-26T01:31:16.748+0800: 8.347: [PhantomReference, 0 refs, 0.0000037 secs]2024-07-26T01:31:16.748+0800: 8.347: [JNI Weak Reference, 0.0000044 secs]
Desired survivor size 10715136 bytes, new threshold 1 (max 1)
- age   1:   20971840 bytes,   20971840 total
: 187673K->20480K(188736K), 0.0136171 secs] 434501K->330797K(1027648K), 0.0136607 secs] [Times: user=0.00 sys=0.00, real=0.01 secs] 
Heap after GC invocations=322 (full 27):
 par new generation   total 188736K, used 20480K [0x00000000c0000000, 0x00000000cccc0000, 0x00000000cccc0000)
  eden space 167808K,   0% used [0x00000000c0000000, 0x00000000c0000000, 0x00000000ca3e0000)
  from space 20928K,  97% used [0x00000000ca3e0000, 0x00000000cb7e0140, 0x00000000cb850000)
  to   space 20928K,   0% used [0x00000000cb850000, 0x00000000cb850000, 0x00000000cccc0000)
 concurrent mark-sweep generation total 838912K, used 310317K [0x00000000cccc0000, 0x0000000100000000, 0x0000000100000000)
 Metaspace       used 3934K, capacity 4536K, committed 4864K, reserved 1056768K
  class space    used 425K, capacity 428K, committed 512K, reserved 1048576K
}
2024-07-26T01:31:16.748+0800: 8.347: Total time for which application threads were stopped: 0.0137941 seconds, Stopping threads took: 0.0000370 seconds
{Heap before GC invocations=322 (full 27):
 par new generation   total 188736K, used 187673K [0x00000000c0000000, 0x00000000cccc0000, 0x00000000cccc0000)
  eden space 167808K,  99% used [0x00000000c0000000, 0x00000000ca346440, 0x00000000ca3e0000)
  from space 20928K,  97% used [0x00000000ca3e0000, 0x00000000cb7e0140, 0x00000000cb850000)
  to   space 20928K,   0% used [0x00000000cb850000, 0x00000000cb850000, 0x00000000cccc0000)
 concurrent mark-sweep generation total 838912K, used 310317K [0x00000000cccc0000, 0x0000000100000000, 0x0000000100000000)
 Metaspace       used 3934K, capacity 4536K, committed 4864K, reserved 1056768K
  class space    used 425K, capacity 428K, committed 512K, reserved 1048576K
2024-07-26T01:31:16.762+0800: 8.362: [GC (Allocation Failure) 2024-07-26T01:31:16.762+0800: 8.362: [ParNew2024-07-26T01:31:16.770+0800: 8.369: [SoftReference, 0 refs, 0.0000318 secs]2024-07-26T01:31:16.770+0800: 8.369: [WeakReference, 0 refs, 0.0000043 secs]2024-07-26T01:31:16.770+0800: 8.369: [FinalReference, 0 refs, 0.0000040 secs]2024-07-26T01:31:16.770+0800: 8.369: [PhantomReference, 0 refs, 0.0000038 secs]2024-07-26T01:31:16.770+0800: 8.369: [JNI Weak Reference, 0.0000042 secs]
Desired survivor size 10715136 bytes, new threshold 1 (max 1)
- age   1:   20971840 bytes,   20971840 total
: 187673K->20480K(188736K), 0.0074699 secs] 497990K->354351K(1027648K), 0.0075128 secs] [Times: user=0.00 sys=0.00, real=0.01 secs] 
Heap after GC invocations=323 (full 27):
 par new generation   total 188736K, used 20480K [0x00000000c0000000, 0x00000000cccc0000, 0x00000000cccc0000)
  eden space 167808K,   0% used [0x00000000c0000000, 0x00000000c0000000, 0x00000000ca3e0000)
  from space 20928K,  97% used [0x00000000cb850000, 0x00000000ccc50140, 0x00000000cccc0000)
  to   space 20928K,   0% used [0x00000000ca3e0000, 0x00000000ca3e0000, 0x00000000cb850000)
 concurrent mark-sweep generation total 838912K, used 333871K [0x00000000cccc0000, 0x0000000100000000, 0x0000000100000000)
 Metaspace       used 3934K, capacity 4536K, committed 4864K, reserved 1056768K
  class space    used 425K, capacity 428K, committed 512K, reserved 1048576K
}
2024-07-26T01:31:16.770+0800: 8.369: Total time for which application threads were stopped: 0.0076424 seconds, Stopping threads took: 0.0000313 seconds
{Heap before GC invocations=323 (full 27):
 par new generation   total 188736K, used 187673K [0x00000000c0000000, 0x00000000cccc0000, 0x00000000cccc0000)
  eden space 167808K,  99% used [0x00000000c0000000, 0x00000000ca346440, 0x00000000ca3e0000)
  from space 20928K,  97% used [0x00000000cb850000, 0x00000000ccc50140, 0x00000000cccc0000)
  to   space 20928K,   0% used [0x00000000ca3e0000, 0x00000000ca3e0000, 0x00000000cb850000)
 concurrent mark-sweep generation total 838912K, used 333871K [0x00000000cccc0000, 0x0000000100000000, 0x0000000100000000)
 Metaspace       used 3934K, capacity 4536K, committed 4864K, reserved 1056768K
  class space    used 425K, capacity 428K, committed 512K, reserved 1048576K
2024-07-26T01:31:16.783+0800: 8.383: [GC (Allocation Failure) 2024-07-26T01:31:16.783+0800: 8.383: [ParNew2024-07-26T01:31:16.785+0800: 8.385: [SoftReference, 0 refs, 0.0000299 secs]2024-07-26T01:31:16.785+0800: 8.385: [WeakReference, 0 refs, 0.0000049 secs]2024-07-26T01:31:16.785+0800: 8.385: [FinalReference, 0 refs, 0.0000042 secs]2024-07-26T01:31:16.785+0800: 8.385: [PhantomReference, 0 refs, 0.0000040 secs]2024-07-26T01:31:16.785+0800: 8.385: [JNI Weak Reference, 0.0000043 secs]
Desired survivor size 10715136 bytes, new threshold 1 (max 1)
- age   1:    4194368 bytes,    4194368 total
: 187673K->4096K(188736K), 0.0018922 secs] 521544K->337967K(1027648K), 0.0019426 secs] [Times: user=0.00 sys=0.00, real=0.00 secs] 
Heap after GC invocations=324 (full 27):
 par new generation   total 188736K, used 4096K [0x00000000c0000000, 0x00000000cccc0000, 0x00000000cccc0000)
  eden space 167808K,   0% used [0x00000000c0000000, 0x00000000c0000000, 0x00000000ca3e0000)
  from space 20928K,  19% used [0x00000000ca3e0000, 0x00000000ca7e0040, 0x00000000cb850000)
  to   space 20928K,   0% used [0x00000000cb850000, 0x00000000cb850000, 0x00000000cccc0000)
 concurrent mark-sweep generation total 838912K, used 333871K [0x00000000cccc0000, 0x0000000100000000, 0x0000000100000000)
 Metaspace       used 3934K, capacity 4536K, committed 4864K, reserved 1056768K
  class space    used 425K, capacity 428K, committed 512K, reserved 1048576K
}
2024-07-26T01:31:16.785+0800: 8.385: Total time for which application threads were stopped: 0.0020714 seconds, Stopping threads took: 0.0000305 seconds
{Heap before GC invocations=324 (full 27):
 par new generation   total 188736K, used 171289K [0x00000000c0000000, 0x00000000cccc0000, 0x00000000cccc0000)
  eden space 167808K,  99% used [0x00000000c0000000, 0x00000000ca346440, 0x00000000ca3e0000)
  from space 20928K,  19% used [0x00000000ca3e0000, 0x00000000ca7e0040, 0x00000000cb850000)
  to   space 20928K,   0% used [0x00000000cb850000, 0x00000000cb850000, 0x00000000cccc0000)
 concurrent mark-sweep generation total 838912K, used 333871K [0x00000000cccc0000, 0x0000000100000000, 0x0000000100000000)
 Metaspace       used 3934K, capacity 4536K, committed 4864K, reserved 1056768K
  class space    used 425K, capacity 428K, committed 512K, reserved 1048576K
2024-07-26T01:31:16.799+0800: 8.399: [GC (Allocation Failure) 2024-07-26T01:31:16.799+0800: 8.399: [ParNew2024-07-26T01:31:16.811+0800: 8.410: [SoftReference, 0 refs, 0.0000287 secs]2024-07-26T01:31:16.811+0800: 8.410: [WeakReference, 0 refs, 0.0000041 secs]2024-07-26T01:31:16.811+0800: 8.410: [FinalReference, 0 refs, 0.0000039 secs]2024-07-26T01:31:16.811+0800: 8.410: [PhantomReference, 0 refs, 0.0000034 secs]2024-07-26T01:31:16.811+0800: 8.410: [JNI Weak Reference, 0.0000045 secs]
Desired survivor size 10715136 bytes, new threshold 1 (max 1)
- age   1:   20971840 bytes,   20971840 total
: 171289K->20480K(188736K), 0.0119088 secs] 505160K->401456K(1027648K), 0.0119470 secs] [Times: user=0.02 sys=0.00, real=0.01 secs] 
Heap after GC invocations=325 (full 27):
 par new generation   total 188736K, used 20480K [0x00000000c0000000, 0x00000000cccc0000, 0x00000000cccc0000)
  eden space 167808K,   0% used [0x00000000c0000000, 0x00000000c0000000, 0x00000000ca3e0000)
  from space 20928K,  97% used [0x00000000cb850000, 0x00000000ccc50140, 0x00000000cccc0000)
  to   space 20928K,   0% used [0x00000000ca3e0000, 0x00000000ca3e0000, 0x00000000cb850000)
 concurrent mark-sweep generation total 838912K, used 380976K [0x00000000cccc0000, 0x0000000100000000, 0x0000000100000000)
 Metaspace       used 3934K, capacity 4536K, committed 4864K, reserved 1056768K
  class space    used 425K, capacity 428K, committed 512K, reserved 1048576K
}
2024-07-26T01:31:16.811+0800: 8.411: Total time for which application threads were stopped: 0.0120525 seconds, Stopping threads took: 0.0000239 seconds
2024-07-26T01:31:16.811+0800: 8.411: [GC (CMS Initial Mark) [1 CMS-initial-mark: 380976K(838912K)] 406855K(1027648K), 0.0008693 secs] [Times: user=0.00 sys=0.00, real=0.00 secs] 
2024-07-26T01:31:16.812+0800: 8.412: Total time for which application threads were stopped: 0.0010884 seconds, Stopping threads took: 0.0001807 seconds
2024-07-26T01:31:16.812+0800: 8.412: [CMS-concurrent-mark-start]
2024-07-26T01:31:16.815+0800: 8.414: [CMS-concurrent-mark: 0.002/0.002 secs] [Times: user=0.00 sys=0.00, real=0.00 secs] 
2024-07-26T01:31:16.815+0800: 8.414: [CMS-concurrent-preclean-start]
2024-07-26T01:31:16.815+0800: 8.414: [Preclean SoftReferences, 0.0000055 secs]2024-07-26T01:31:16.815+0800: 8.414: [Preclean WeakReferences, 0.0000046 secs]2024-07-26T01:31:16.815+0800: 8.414: [Preclean FinalReferences, 0.0000039 secs]2024-07-26T01:31:16.815+0800: 8.414: [Preclean PhantomReferences, 0.0000039 secs]2024-07-26T01:31:16.815+0800: 8.415: [CMS-concurrent-preclean: 0.001/0.001 secs] [Times: user=0.00 sys=0.00, real=0.00 secs] 
2024-07-26T01:31:16.815+0800: 8.415: [CMS-concurrent-abortable-preclean-start]
{Heap before GC invocations=325 (full 28):
 par new generation   total 188736K, used 187673K [0x00000000c0000000, 0x00000000cccc0000, 0x00000000cccc0000)
  eden space 167808K,  99% used [0x00000000c0000000, 0x00000000ca346440, 0x00000000ca3e0000)
  from space 20928K,  97% used [0x00000000cb850000, 0x00000000ccc50140, 0x00000000cccc0000)
  to   space 20928K,   0% used [0x00000000ca3e0000, 0x00000000ca3e0000, 0x00000000cb850000)
 concurrent mark-sweep generation total 838912K, used 380976K [0x00000000cccc0000, 0x0000000100000000, 0x0000000100000000)
 Metaspace       used 3934K, capacity 4536K, committed 4864K, reserved 1056768K
  class space    used 425K, capacity 428K, committed 512K, reserved 1048576K
2024-07-26T01:31:16.827+0800: 8.426: [GC (Allocation Failure) 2024-07-26T01:31:16.827+0800: 8.426: [ParNew2024-07-26T01:31:16.834+0800: 8.434: [SoftReference, 0 refs, 0.0000343 secs]2024-07-26T01:31:16.834+0800: 8.434: [WeakReference, 0 refs, 0.0000041 secs]2024-07-26T01:31:16.834+0800: 8.434: [FinalReference, 0 refs, 0.0000035 secs]2024-07-26T01:31:16.834+0800: 8.434: [PhantomReference, 0 refs, 0.0000034 secs]2024-07-26T01:31:16.834+0800: 8.434: [JNI Weak Reference, 0.0000040 secs]
Desired survivor size 10715136 bytes, new threshold 1 (max 1)
- age   1:   20971840 bytes,   20971840 total
: 187673K->20480K(188736K), 0.0071573 secs] 568649K->408624K(1027648K), 0.0071957 secs] [Times: user=0.00 sys=0.00, real=0.01 secs] 
Heap after GC invocations=326 (full 28):
 par new generation   total 188736K, used 20480K [0x00000000c0000000, 0x00000000cccc0000, 0x00000000cccc0000)
  eden space 167808K,   0% used [0x00000000c0000000, 0x00000000c0000000, 0x00000000ca3e0000)
  from space 20928K,  97% used [0x00000000ca3e0000, 0x00000000cb7e0140, 0x00000000cb850000)
  to   space 20928K,   0% used [0x00000000cb850000, 0x00000000cb850000, 0x00000000cccc0000)
 concurrent mark-sweep generation total 838912K, used 388144K [0x00000000cccc0000, 0x0000000100000000, 0x0000000100000000)
 Metaspace       used 3934K, capacity 4536K, committed 4864K, reserved 1056768K
  class space    used 425K, capacity 428K, committed 512K, reserved 1048576K
}
2024-07-26T01:31:16.834+0800: 8.434: Total time for which application threads were stopped: 0.0073017 seconds, Stopping threads took: 0.0000208 seconds
{Heap before GC invocations=326 (full 28):
 par new generation   total 188736K, used 187673K [0x00000000c0000000, 0x00000000cccc0000, 0x00000000cccc0000)
  eden space 167808K,  99% used [0x00000000c0000000, 0x00000000ca346440, 0x00000000ca3e0000)
  from space 20928K,  97% used [0x00000000ca3e0000, 0x00000000cb7e0140, 0x00000000cb850000)
  to   space 20928K,   0% used [0x00000000cb850000, 0x00000000cb850000, 0x00000000cccc0000)
 concurrent mark-sweep generation total 838912K, used 388144K [0x00000000cccc0000, 0x0000000100000000, 0x0000000100000000)
 Metaspace       used 3934K, capacity 4536K, committed 4864K, reserved 1056768K
  class space    used 425K, capacity 428K, committed 512K, reserved 1048576K
2024-07-26T01:31:16.848+0800: 8.448: [GC (Allocation Failure) 2024-07-26T01:31:16.848+0800: 8.448: [ParNew2024-07-26T01:31:16.864+0800: 8.464: [SoftReference, 0 refs, 0.0000277 secs]2024-07-26T01:31:16.864+0800: 8.464: [WeakReference, 0 refs, 0.0000040 secs]2024-07-26T01:31:16.864+0800: 8.464: [FinalReference, 0 refs, 0.0000036 secs]2024-07-26T01:31:16.864+0800: 8.464: [PhantomReference, 0 refs, 0.0000035 secs]2024-07-26T01:31:16.864+0800: 8.464: [JNI Weak Reference, 0.0000042 secs]
Desired survivor size 10715136 bytes, new threshold 1 (max 1)
- age   1:   20971840 bytes,   20971840 total
: 187673K->20480K(188736K), 0.0156046 secs] 575817K->479281K(1027648K), 0.0156470 secs] [Times: user=0.01 sys=0.00, real=0.02 secs] 
Heap after GC invocations=327 (full 28):
 par new generation   total 188736K, used 20480K [0x00000000c0000000, 0x00000000cccc0000, 0x00000000cccc0000)
  eden space 167808K,   0% used [0x00000000c0000000, 0x00000000c0000000, 0x00000000ca3e0000)
  from space 20928K,  97% used [0x00000000cb850000, 0x00000000ccc50140, 0x00000000cccc0000)
  to   space 20928K,   0% used [0x00000000ca3e0000, 0x00000000ca3e0000, 0x00000000cb850000)
 concurrent mark-sweep generation total 838912K, used 458801K [0x00000000cccc0000, 0x0000000100000000, 0x0000000100000000)
 Metaspace       used 3934K, capacity 4536K, committed 4864K, reserved 1056768K
  class space    used 425K, capacity 428K, committed 512K, reserved 1048576K
}
2024-07-26T01:31:16.864+0800: 8.464: Total time for which application threads were stopped: 0.0157597 seconds, Stopping threads took: 0.0000249 seconds
{Heap before GC invocations=327 (full 28):
 par new generation   total 188736K, used 187673K [0x00000000c0000000, 0x00000000cccc0000, 0x00000000cccc0000)
  eden space 167808K,  99% used [0x00000000c0000000, 0x00000000ca346440, 0x00000000ca3e0000)
  from space 20928K,  97% used [0x00000000cb850000, 0x00000000ccc50140, 0x00000000cccc0000)
  to   space 20928K,   0% used [0x00000000ca3e0000, 0x00000000ca3e0000, 0x00000000cb850000)
 concurrent mark-sweep generation total 838912K, used 458801K [0x00000000cccc0000, 0x0000000100000000, 0x0000000100000000)
 Metaspace       used 3934K, capacity 4536K, committed 4864K, reserved 1056768K
  class space    used 425K, capacity 428K, committed 512K, reserved 1048576K
2024-07-26T01:31:16.879+0800: 8.479: [GC (Allocation Failure) 2024-07-26T01:31:16.879+0800: 8.479: [ParNew2024-07-26T01:31:16.890+0800: 8.490: [SoftReference, 0 refs, 0.0000410 secs]2024-07-26T01:31:16.890+0800: 8.490: [WeakReference, 0 refs, 0.0000042 secs]2024-07-26T01:31:16.890+0800: 8.490: [FinalReference, 0 refs, 0.0000037 secs]2024-07-26T01:31:16.890+0800: 8.490: [PhantomReference, 0 refs, 0.0000036 secs]2024-07-26T01:31:16.890+0800: 8.490: [JNI Weak Reference, 0.0000044 secs]
Desired survivor size 10715136 bytes, new threshold 1 (max 1)
- age   1:   20971840 bytes,   20971840 total
: 187673K->20480K(188736K), 0.0110616 secs] 646474K->510004K(1027648K), 0.0111055 secs] [Times: user=0.03 sys=0.00, real=0.01 secs] 
Heap after GC invocations=328 (full 28):
 par new generation   total 188736K, used 20480K [0x00000000c0000000, 0x00000000cccc0000, 0x00000000cccc0000)
  eden space 167808K,   0% used [0x00000000c0000000, 0x00000000c0000000, 0x00000000ca3e0000)
  from space 20928K,  97% used [0x00000000ca3e0000, 0x00000000cb7e0140, 0x00000000cb850000)
  to   space 20928K,   0% used [0x00000000cb850000, 0x00000000cb850000, 0x00000000cccc0000)
 concurrent mark-sweep generation total 838912K, used 489523K [0x00000000cccc0000, 0x0000000100000000, 0x0000000100000000)
 Metaspace       used 3934K, capacity 4536K, committed 4864K, reserved 1056768K
  class space    used 425K, capacity 428K, committed 512K, reserved 1048576K
}
2024-07-26T01:31:16.890+0800: 8.490: Total time for which application threads were stopped: 0.0112201 seconds, Stopping threads took: 0.0000251 seconds
{Heap before GC invocations=328 (full 28):
 par new generation   total 188736K, used 187673K [0x00000000c0000000, 0x00000000cccc0000, 0x00000000cccc0000)
  eden space 167808K,  99% used [0x00000000c0000000, 0x00000000ca346440, 0x00000000ca3e0000)
  from space 20928K,  97% used [0x00000000ca3e0000, 0x00000000cb7e0140, 0x00000000cb850000)
  to   space 20928K,   0% used [0x00000000cb850000, 0x00000000cb850000, 0x00000000cccc0000)
 concurrent mark-sweep generation total 838912K, used 489523K [0x00000000cccc0000, 0x0000000100000000, 0x0000000100000000)
 Metaspace       used 3934K, capacity 4536K, committed 4864K, reserved 1056768K
  class space    used 425K, capacity 428K, committed 512K, reserved 1048576K
2024-07-26T01:31:16.905+0800: 8.505: [GC (Allocation Failure) 2024-07-26T01:31:16.905+0800: 8.505: [ParNew2024-07-26T01:31:16.909+0800: 8.509: [SoftReference, 0 refs, 0.0000514 secs]2024-07-26T01:31:16.909+0800: 8.509: [WeakReference, 0 refs, 0.0000048 secs]2024-07-26T01:31:16.909+0800: 8.509: [FinalReference, 0 refs, 0.0000175 secs]2024-07-26T01:31:16.909+0800: 8.509: [PhantomReference, 0 refs, 0.0000042 secs]2024-07-26T01:31:16.909+0800: 8.509: [JNI Weak Reference, 0.0000047 secs]
Desired survivor size 10715136 bytes, new threshold 1 (max 1)
- age   1:   11534512 bytes,   11534512 total
: 187673K->11264K(188736K), 0.0039382 secs] 677197K->500788K(1027648K), 0.0039818 secs] [Times: user=0.02 sys=0.00, real=0.00 secs] 
Heap after GC invocations=329 (full 28):
 par new generation   total 188736K, used 11264K [0x00000000c0000000, 0x00000000cccc0000, 0x00000000cccc0000)
  eden space 167808K,   0% used [0x00000000c0000000, 0x00000000c0000000, 0x00000000ca3e0000)
  from space 20928K,  53% used [0x00000000cb850000, 0x00000000cc3500b0, 0x00000000cccc0000)
  to   space 20928K,   0% used [0x00000000ca3e0000, 0x00000000ca3e0000, 0x00000000cb850000)
 concurrent mark-sweep generation total 838912K, used 489523K [0x00000000cccc0000, 0x0000000100000000, 0x0000000100000000)
 Metaspace       used 3934K, capacity 4536K, committed 4864K, reserved 1056768K
  class space    used 425K, capacity 428K, committed 512K, reserved 1048576K
}
2024-07-26T01:31:16.909+0800: 8.509: Total time for which application threads were stopped: 0.0040914 seconds, Stopping threads took: 0.0000236 seconds
{Heap before GC invocations=329 (full 28):
 par new generation   total 188736K, used 178457K [0x00000000c0000000, 0x00000000cccc0000, 0x00000000cccc0000)
  eden space 167808K,  99% used [0x00000000c0000000, 0x00000000ca346440, 0x00000000ca3e0000)
  from space 20928K,  53% used [0x00000000cb850000, 0x00000000cc3500b0, 0x00000000cccc0000)
  to   space 20928K,   0% used [0x00000000ca3e0000, 0x00000000ca3e0000, 0x00000000cb850000)
 concurrent mark-sweep generation total 838912K, used 489523K [0x00000000cccc0000, 0x0000000100000000, 0x0000000100000000)
 Metaspace       used 3934K, capacity 4536K, committed 4864K, reserved 1056768K
  class space    used 425K, capacity 428K, committed 512K, reserved 1048576K
2024-07-26T01:31:16.923+0800: 8.523: [GC (Allocation Failure) 2024-07-26T01:31:16.923+0800: 8.523: [ParNew2024-07-26T01:31:16.937+0800: 8.536: [SoftReference, 0 refs, 0.0000412 secs]2024-07-26T01:31:16.937+0800: 8.536: [WeakReference, 0 refs, 0.0000070 secs]2024-07-26T01:31:16.937+0800: 8.536: [FinalReference, 0 refs, 0.0000066 secs]2024-07-26T01:31:16.937+0800: 8.536: [PhantomReference, 0 refs, 0.0000060 secs]2024-07-26T01:31:16.937+0800: 8.536: [JNI Weak Reference, 0.0000068 secs]
Desired survivor size 10715136 bytes, new threshold 1 (max 1)
- age   1:   20971840 bytes,   20971840 total
: 178457K->20480K(188736K), 0.0133611 secs] 667981K->564277K(1027648K), 0.0134012 secs] [Times: user=0.06 sys=0.00, real=0.01 secs] 
Heap after GC invocations=330 (full 28):
 par new generation   total 188736K, used 20480K [0x00000000c0000000, 0x00000000cccc0000, 0x00000000cccc0000)
  eden space 167808K,   0% used [0x00000000c0000000, 0x00000000c0000000, 0x00000000ca3e0000)
  from space 20928K,  97% used [0x00000000ca3e0000, 0x00000000cb7e0140, 0x00000000cb850000)
  to   space 20928K,   0% used [0x00000000cb850000, 0x00000000cb850000, 0x00000000cccc0000)
 concurrent mark-sweep generation total 838912K, used 543796K [0x00000000cccc0000, 0x0000000100000000, 0x0000000100000000)
 Metaspace       used 3934K, capacity 4536K, committed 4864K, reserved 1056768K
  class space    used 425K, capacity 428K, committed 512K, reserved 1048576K
}
2024-07-26T01:31:16.937+0800: 8.536: Total time for which application threads were stopped: 0.0135368 seconds, Stopping threads took: 0.0000279 seconds
{Heap before GC invocations=330 (full 28):
 par new generation   total 188736K, used 187673K [0x00000000c0000000, 0x00000000cccc0000, 0x00000000cccc0000)
  eden space 167808K,  99% used [0x00000000c0000000, 0x00000000ca346440, 0x00000000ca3e0000)
  from space 20928K,  97% used [0x00000000ca3e0000, 0x00000000cb7e0140, 0x00000000cb850000)
  to   space 20928K,   0% used [0x00000000cb850000, 0x00000000cb850000, 0x00000000cccc0000)
 concurrent mark-sweep generation total 838912K, used 543796K [0x00000000cccc0000, 0x0000000100000000, 0x0000000100000000)
 Metaspace       used 3934K, capacity 4536K, committed 4864K, reserved 1056768K
  class space    used 425K, capacity 428K, committed 512K, reserved 1048576K
2024-07-26T01:31:16.950+0800: 8.550: [GC (Allocation Failure) 2024-07-26T01:31:16.950+0800: 8.550: [ParNew2024-07-26T01:31:16.958+0800: 8.557: [SoftReference, 0 refs, 0.0000446 secs]2024-07-26T01:31:16.958+0800: 8.557: [WeakReference, 0 refs, 0.0000044 secs]2024-07-26T01:31:16.958+0800: 8.557: [FinalReference, 0 refs, 0.0000038 secs]2024-07-26T01:31:16.958+0800: 8.557: [PhantomReference, 0 refs, 0.0000038 secs]2024-07-26T01:31:16.958+0800: 8.557: [JNI Weak Reference, 0.0000042 secs]
Desired survivor size 10715136 bytes, new threshold 1 (max 1)
- age   1:   20971840 bytes,   20971840 total
: 187673K->20480K(188736K), 0.0072374 secs] 731470K->578615K(1027648K), 0.0073396 secs] [Times: user=0.00 sys=0.00, real=0.01 secs] 
Heap after GC invocations=331 (full 28):
 par new generation   total 188736K, used 20480K [0x00000000c0000000, 0x00000000cccc0000, 0x00000000cccc0000)
  eden space 167808K,   0% used [0x00000000c0000000, 0x00000000c0000000, 0x00000000ca3e0000)
  from space 20928K,  97% used [0x00000000cb850000, 0x00000000ccc50140, 0x00000000cccc0000)
  to   space 20928K,   0% used [0x00000000ca3e0000, 0x00000000ca3e0000, 0x00000000cb850000)
 concurrent mark-sweep generation total 838912K, used 558135K [0x00000000cccc0000, 0x0000000100000000, 0x0000000100000000)
 Metaspace       used 3934K, capacity 4536K, committed 4864K, reserved 1056768K
  class space    used 425K, capacity 428K, committed 512K, reserved 1048576K
}
2024-07-26T01:31:16.958+0800: 8.557: Total time for which application threads were stopped: 0.0074505 seconds, Stopping threads took: 0.0000256 seconds
{Heap before GC invocations=331 (full 28):
 par new generation   total 188736K, used 187673K [0x00000000c0000000, 0x00000000cccc0000, 0x00000000cccc0000)
  eden space 167808K,  99% used [0x00000000c0000000, 0x00000000ca346440, 0x00000000ca3e0000)
  from space 20928K,  97% used [0x00000000cb850000, 0x00000000ccc50140, 0x00000000cccc0000)
  to   space 20928K,   0% used [0x00000000ca3e0000, 0x00000000ca3e0000, 0x00000000cb850000)
 concurrent mark-sweep generation total 838912K, used 558135K [0x00000000cccc0000, 0x0000000100000000, 0x0000000100000000)
 Metaspace       used 3934K, capacity 4536K, committed 4864K, reserved 1056768K
  class space    used 425K, capacity 428K, committed 512K, reserved 1048576K
2024-07-26T01:31:16.973+0800: 8.572: [GC (Allocation Failure) 2024-07-26T01:31:16.973+0800: 8.572: [ParNew2024-07-26T01:31:16.988+0800: 8.588: [SoftReference, 0 refs, 0.0000335 secs]2024-07-26T01:31:16.988+0800: 8.588: [WeakReference, 0 refs, 0.0000044 secs]2024-07-26T01:31:16.988+0800: 8.588: [FinalReference, 0 refs, 0.0000045 secs]2024-07-26T01:31:16.989+0800: 8.588: [PhantomReference, 0 refs, 0.0000046 secs]2024-07-26T01:31:16.989+0800: 8.588: [JNI Weak Reference, 0.0000047 secs]
Desired survivor size 10715136 bytes, new threshold 1 (max 1)
- age   1:   20971840 bytes,   20971840 total
: 187673K->20480K(188736K), 0.0153102 secs] 745808K->656440K(1027648K), 0.0153504 secs] [Times: user=0.02 sys=0.00, real=0.02 secs] 
Heap after GC invocations=332 (full 28):
 par new generation   total 188736K, used 20480K [0x00000000c0000000, 0x00000000cccc0000, 0x00000000cccc0000)
  eden space 167808K,   0% used [0x00000000c0000000, 0x00000000c0000000, 0x00000000ca3e0000)
  from space 20928K,  97% used [0x00000000ca3e0000, 0x00000000cb7e0140, 0x00000000cb850000)
  to   space 20928K,   0% used [0x00000000cb850000, 0x00000000cb850000, 0x00000000cccc0000)
 concurrent mark-sweep generation total 838912K, used 635960K [0x00000000cccc0000, 0x0000000100000000, 0x0000000100000000)
 Metaspace       used 3934K, capacity 4536K, committed 4864K, reserved 1056768K
  class space    used 425K, capacity 428K, committed 512K, reserved 1048576K
}
2024-07-26T01:31:16.989+0800: 8.588: Total time for which application threads were stopped: 0.0154710 seconds, Stopping threads took: 0.0000272 seconds
{Heap before GC invocations=332 (full 28):
 par new generation   total 188736K, used 187673K [0x00000000c0000000, 0x00000000cccc0000, 0x00000000cccc0000)
  eden space 167808K,  99% used [0x00000000c0000000, 0x00000000ca346440, 0x00000000ca3e0000)
  from space 20928K,  97% used [0x00000000ca3e0000, 0x00000000cb7e0140, 0x00000000cb850000)
  to   space 20928K,   0% used [0x00000000cb850000, 0x00000000cb850000, 0x00000000cccc0000)
 concurrent mark-sweep generation total 838912K, used 635960K [0x00000000cccc0000, 0x0000000100000000, 0x0000000100000000)
 Metaspace       used 3934K, capacity 4536K, committed 4864K, reserved 1056768K
  class space    used 425K, capacity 428K, committed 512K, reserved 1048576K
2024-07-26T01:31:17.006+0800: 8.605: [GC (Allocation Failure) 2024-07-26T01:31:17.006+0800: 8.605: [ParNew2024-07-26T01:31:17.014+0800: 8.614: [SoftReference, 0 refs, 0.0000380 secs]2024-07-26T01:31:17.014+0800: 8.614: [WeakReference, 0 refs, 0.0000045 secs]2024-07-26T01:31:17.014+0800: 8.614: [FinalReference, 0 refs, 0.0000042 secs]2024-07-26T01:31:17.014+0800: 8.614: [PhantomReference, 0 refs, 0.0000039 secs]2024-07-26T01:31:17.014+0800: 8.614: [JNI Weak Reference, 0.0000049 secs]
Desired survivor size 10715136 bytes, new threshold 1 (max 1)
- age   1:   20971840 bytes,   20971840 total
: 187673K->20480K(188736K), 0.0094749 secs] 823633K->694329K(1027648K), 0.0095163 secs] [Times: user=0.02 sys=0.00, real=0.01 secs] 
Heap after GC invocations=333 (full 28):
 par new generation   total 188736K, used 20480K [0x00000000c0000000, 0x00000000cccc0000, 0x00000000cccc0000)
  eden space 167808K,   0% used [0x00000000c0000000, 0x00000000c0000000, 0x00000000ca3e0000)
  from space 20928K,  97% used [0x00000000cb850000, 0x00000000ccc50140, 0x00000000cccc0000)
  to   space 20928K,   0% used [0x00000000ca3e0000, 0x00000000ca3e0000, 0x00000000cb850000)
 concurrent mark-sweep generation total 838912K, used 673848K [0x00000000cccc0000, 0x0000000100000000, 0x0000000100000000)
 Metaspace       used 3934K, capacity 4536K, committed 4864K, reserved 1056768K
  class space    used 425K, capacity 428K, committed 512K, reserved 1048576K
}
2024-07-26T01:31:17.014+0800: 8.614: Total time for which application threads were stopped: 0.0096407 seconds, Stopping threads took: 0.0000251 seconds
{Heap before GC invocations=333 (full 28):
 par new generation   total 188736K, used 187673K [0x00000000c0000000, 0x00000000cccc0000, 0x00000000cccc0000)
  eden space 167808K,  99% used [0x00000000c0000000, 0x00000000ca346440, 0x00000000ca3e0000)
  from space 20928K,  97% used [0x00000000cb850000, 0x00000000ccc50140, 0x00000000cccc0000)
  to   space 20928K,   0% used [0x00000000ca3e0000, 0x00000000ca3e0000, 0x00000000cb850000)
 concurrent mark-sweep generation total 838912K, used 673848K [0x00000000cccc0000, 0x0000000100000000, 0x0000000100000000)
 Metaspace       used 3934K, capacity 4536K, committed 4864K, reserved 1056768K
  class space    used 425K, capacity 428K, committed 512K, reserved 1048576K
2024-07-26T01:31:17.028+0800: 8.628: [GC (Allocation Failure) 2024-07-26T01:31:17.028+0800: 8.629: [ParNew2024-07-26T01:31:17.033+0800: 8.632: [SoftReference, 0 refs, 0.0000276 secs]2024-07-26T01:31:17.033+0800: 8.632: [WeakReference, 0 refs, 0.0000048 secs]2024-07-26T01:31:17.033+0800: 8.632: [FinalReference, 0 refs, 0.0000044 secs]2024-07-26T01:31:17.033+0800: 8.632: [PhantomReference, 0 refs, 0.0000042 secs]2024-07-26T01:31:17.033+0800: 8.632: [JNI Weak Reference, 0.0000045 secs]
Desired survivor size 10715136 bytes, new threshold 1 (max 1)
- age   1:   18874656 bytes,   18874656 total
: 187673K->18432K(188736K), 0.0034646 secs] 861522K->692281K(1027648K), 0.0035086 secs] [Times: user=0.00 sys=0.00, real=0.00 secs] 
Heap after GC invocations=334 (full 28):
 par new generation   total 188736K, used 18432K [0x00000000c0000000, 0x00000000cccc0000, 0x00000000cccc0000)
  eden space 167808K,   0% used [0x00000000c0000000, 0x00000000c0000000, 0x00000000ca3e0000)
  from space 20928K,  88% used [0x00000000ca3e0000, 0x00000000cb5e0120, 0x00000000cb850000)
  to   space 20928K,   0% used [0x00000000cb850000, 0x00000000cb850000, 0x00000000cccc0000)
 concurrent mark-sweep generation total 838912K, used 673848K [0x00000000cccc0000, 0x0000000100000000, 0x0000000100000000)
 Metaspace       used 3934K, capacity 4536K, committed 4864K, reserved 1056768K
  class space    used 425K, capacity 428K, committed 512K, reserved 1048576K
}
2024-07-26T01:31:17.033+0800: 8.632: Total time for which application threads were stopped: 0.0036195 seconds, Stopping threads took: 0.0000219 seconds
{Heap before GC invocations=334 (full 28):
 par new generation   total 188736K, used 185625K [0x00000000c0000000, 0x00000000cccc0000, 0x00000000cccc0000)
  eden space 167808K,  99% used [0x00000000c0000000, 0x00000000ca346440, 0x00000000ca3e0000)
  from space 20928K,  88% used [0x00000000ca3e0000, 0x00000000cb5e0120, 0x00000000cb850000)
  to   space 20928K,   0% used [0x00000000cb850000, 0x00000000cb850000, 0x00000000cccc0000)
 concurrent mark-sweep generation total 838912K, used 673848K [0x00000000cccc0000, 0x0000000100000000, 0x0000000100000000)
 Metaspace       used 3934K, capacity 4536K, committed 4864K, reserved 1056768K
  class space    used 425K, capacity 428K, committed 512K, reserved 1048576K
2024-07-26T01:31:17.047+0800: 8.646: [GC (Allocation Failure) 2024-07-26T01:31:17.047+0800: 8.646: [ParNew2024-07-26T01:31:17.060+0800: 8.659: [SoftReference, 0 refs, 0.0000461 secs]2024-07-26T01:31:17.060+0800: 8.659: [WeakReference, 0 refs, 0.0000045 secs]2024-07-26T01:31:17.060+0800: 8.659: [FinalReference, 0 refs, 0.0000039 secs]2024-07-26T01:31:17.060+0800: 8.659: [PhantomReference, 0 refs, 0.0000037 secs]2024-07-26T01:31:17.060+0800: 8.659: [JNI Weak Reference, 0.0000044 secs]
Desired survivor size 10715136 bytes, new threshold 1 (max 1)
- age   1:   20971840 bytes,   20971840 total
: 185625K->20480K(188736K), 0.0135285 secs] 859474K->755772K(1027648K), 0.0135634 secs] [Times: user=0.02 sys=0.00, real=0.01 secs] 
Heap after GC invocations=335 (full 28):
 par new generation   total 188736K, used 20480K [0x00000000c0000000, 0x00000000cccc0000, 0x00000000cccc0000)
  eden space 167808K,   0% used [0x00000000c0000000, 0x00000000c0000000, 0x00000000ca3e0000)
  from space 20928K,  97% used [0x00000000cb850000, 0x00000000ccc50140, 0x00000000cccc0000)
  to   space 20928K,   0% used [0x00000000ca3e0000, 0x00000000ca3e0000, 0x00000000cb850000)
 concurrent mark-sweep generation total 838912K, used 735291K [0x00000000cccc0000, 0x0000000100000000, 0x0000000100000000)
 Metaspace       used 3934K, capacity 4536K, committed 4864K, reserved 1056768K
  class space    used 425K, capacity 428K, committed 512K, reserved 1048576K
}
2024-07-26T01:31:17.060+0800: 8.659: Total time for which application threads were stopped: 0.0136702 seconds, Stopping threads took: 0.0000193 seconds
{Heap before GC invocations=335 (full 28):
 par new generation   total 188736K, used 187673K [0x00000000c0000000, 0x00000000cccc0000, 0x00000000cccc0000)
  eden space 167808K,  99% used [0x00000000c0000000, 0x00000000ca346440, 0x00000000ca3e0000)
  from space 20928K,  97% used [0x00000000cb850000, 0x00000000ccc50140, 0x00000000cccc0000)
  to   space 20928K,   0% used [0x00000000ca3e0000, 0x00000000ca3e0000, 0x00000000cb850000)
 concurrent mark-sweep generation total 838912K, used 735291K [0x00000000cccc0000, 0x0000000100000000, 0x0000000100000000)
 Metaspace       used 3934K, capacity 4536K, committed 4864K, reserved 1056768K
  class space    used 425K, capacity 428K, committed 512K, reserved 1048576K
2024-07-26T01:31:17.074+0800: 8.673: [GC (Allocation Failure) 2024-07-26T01:31:17.074+0800: 8.674: [ParNew2024-07-26T01:31:17.081+0800: 8.681: [SoftReference, 0 refs, 0.0000372 secs]2024-07-26T01:31:17.081+0800: 8.681: [WeakReference, 0 refs, 0.0000061 secs]2024-07-26T01:31:17.081+0800: 8.681: [FinalReference, 0 refs, 0.0000057 secs]2024-07-26T01:31:17.081+0800: 8.681: [PhantomReference, 0 refs, 0.0000054 secs]2024-07-26T01:31:17.081+0800: 8.681: [JNI Weak Reference, 0.0000059 secs]
Desired survivor size 10715136 bytes, new threshold 1 (max 1)
- age   1:   20971840 bytes,   20971840 total
: 187673K->20480K(188736K), 0.0076298 secs] 922965K->777278K(1027648K), 0.0076661 secs] [Times: user=0.00 sys=0.00, real=0.01 secs] 
Heap after GC invocations=336 (full 28):
 par new generation   total 188736K, used 20480K [0x00000000c0000000, 0x00000000cccc0000, 0x00000000cccc0000)
  eden space 167808K,   0% used [0x00000000c0000000, 0x00000000c0000000, 0x00000000ca3e0000)
  from space 20928K,  97% used [0x00000000ca3e0000, 0x00000000cb7e0140, 0x00000000cb850000)
  to   space 20928K,   0% used [0x00000000cb850000, 0x00000000cb850000, 0x00000000cccc0000)
 concurrent mark-sweep generation total 838912K, used 756798K [0x00000000cccc0000, 0x0000000100000000, 0x0000000100000000)
 Metaspace       used 3934K, capacity 4536K, committed 4864K, reserved 1056768K
  class space    used 425K, capacity 428K, committed 512K, reserved 1048576K
}
2024-07-26T01:31:17.082+0800: 8.681: Total time for which application threads were stopped: 0.0077747 seconds, Stopping threads took: 0.0000189 seconds
{Heap before GC invocations=336 (full 28):
 par new generation   total 188736K, used 187673K [0x00000000c0000000, 0x00000000cccc0000, 0x00000000cccc0000)
  eden space 167808K,  99% used [0x00000000c0000000, 0x00000000ca346440, 0x00000000ca3e0000)
  from space 20928K,  97% used [0x00000000ca3e0000, 0x00000000cb7e0140, 0x00000000cb850000)
  to   space 20928K,   0% used [0x00000000cb850000, 0x00000000cb850000, 0x00000000cccc0000)
 concurrent mark-sweep generation total 838912K, used 756798K [0x00000000cccc0000, 0x0000000100000000, 0x0000000100000000)
 Metaspace       used 3934K, capacity 4536K, committed 4864K, reserved 1056768K
  class space    used 425K, capacity 428K, committed 512K, reserved 1048576K
2024-07-26T01:31:17.096+0800: 8.696: [GC (Allocation Failure) 2024-07-26T01:31:17.096+0800: 8.696: [ParNew2024-07-26T01:31:17.098+0800: 8.698: [SoftReference, 0 refs, 0.0000357 secs]2024-07-26T01:31:17.098+0800: 8.698: [WeakReference, 0 refs, 0.0000066 secs]2024-07-26T01:31:17.098+0800: 8.698: [FinalReference, 0 refs, 0.0000060 secs]2024-07-26T01:31:17.098+0800: 8.698: [PhantomReference, 0 refs, 0.0000056 secs]2024-07-26T01:31:17.098+0800: 8.698: [JNI Weak Reference, 0.0000057 secs]
Desired survivor size 10715136 bytes, new threshold 1 (max 1)
- age   1:    2097184 bytes,    2097184 total
: 187673K->2048K(188736K), 0.0021482 secs] 944471K->758846K(1027648K), 0.0021913 secs] [Times: user=0.00 sys=0.00, real=0.00 secs] 
Heap after GC invocations=337 (full 28):
 par new generation   total 188736K, used 2048K [0x00000000c0000000, 0x00000000cccc0000, 0x00000000cccc0000)
  eden space 167808K,   0% used [0x00000000c0000000, 0x00000000c0000000, 0x00000000ca3e0000)
  from space 20928K,   9% used [0x00000000cb850000, 0x00000000cba50020, 0x00000000cccc0000)
  to   space 20928K,   0% used [0x00000000ca3e0000, 0x00000000ca3e0000, 0x00000000cb850000)
 concurrent mark-sweep generation total 838912K, used 756798K [0x00000000cccc0000, 0x0000000100000000, 0x0000000100000000)
 Metaspace       used 3934K, capacity 4536K, committed 4864K, reserved 1056768K
  class space    used 425K, capacity 428K, committed 512K, reserved 1048576K
}
2024-07-26T01:31:17.098+0800: 8.698: Total time for which application threads were stopped: 0.0023308 seconds, Stopping threads took: 0.0000282 seconds
{Heap before GC invocations=337 (full 28):
 par new generation   total 188736K, used 169241K [0x00000000c0000000, 0x00000000cccc0000, 0x00000000cccc0000)
  eden space 167808K,  99% used [0x00000000c0000000, 0x00000000ca346440, 0x00000000ca3e0000)
  from space 20928K,   9% used [0x00000000cb850000, 0x00000000cba50020, 0x00000000cccc0000)
  to   space 20928K,   0% used [0x00000000ca3e0000, 0x00000000ca3e0000, 0x00000000cb850000)
 concurrent mark-sweep generation total 838912K, used 756798K [0x00000000cccc0000, 0x0000000100000000, 0x0000000100000000)
 Metaspace       used 3934K, capacity 4536K, committed 4864K, reserved 1056768K
  class space    used 425K, capacity 428K, committed 512K, reserved 1048576K
2024-07-26T01:31:17.112+0800: 8.712: [GC (Allocation Failure) 2024-07-26T01:31:17.112+0800: 8.712: [ParNew2024-07-26T01:31:17.122+0800: 8.722: [SoftReference, 0 refs, 0.0000429 secs]2024-07-26T01:31:17.122+0800: 8.722: [WeakReference, 0 refs, 0.0000044 secs]2024-07-26T01:31:17.122+0800: 8.722: [FinalReference, 0 refs, 0.0000040 secs]2024-07-26T01:31:17.122+0800: 8.722: [PhantomReference, 0 refs, 0.0000037 secs]2024-07-26T01:31:17.122+0800: 8.722: [JNI Weak Reference, 0.0000041 secs]
Desired survivor size 10715136 bytes, new threshold 1 (max 1)
- age   1:   20971840 bytes,   20971840 total
: 169241K->20480K(188736K), 0.0106952 secs] 926039K->822335K(1027648K), 0.0107404 secs] [Times: user=0.09 sys=0.00, real=0.01 secs] 
Heap after GC invocations=338 (full 28):
 par new generation   total 188736K, used 20480K [0x00000000c0000000, 0x00000000cccc0000, 0x00000000cccc0000)
  eden space 167808K,   0% used [0x00000000c0000000, 0x00000000c0000000, 0x00000000ca3e0000)
  from space 20928K,  97% used [0x00000000ca3e0000, 0x00000000cb7e0140, 0x00000000cb850000)
  to   space 20928K,   0% used [0x00000000cb850000, 0x00000000cb850000, 0x00000000cccc0000)
 concurrent mark-sweep generation total 838912K, used 801854K [0x00000000cccc0000, 0x0000000100000000, 0x0000000100000000)
 Metaspace       used 3934K, capacity 4536K, committed 4864K, reserved 1056768K
  class space    used 425K, capacity 428K, committed 512K, reserved 1048576K
}
2024-07-26T01:31:17.122+0800: 8.722: Total time for which application threads were stopped: 0.0108493 seconds, Stopping threads took: 0.0000213 seconds
{Heap before GC invocations=338 (full 28):
 par new generation   total 188736K, used 187673K [0x00000000c0000000, 0x00000000cccc0000, 0x00000000cccc0000)
  eden space 167808K,  99% used [0x00000000c0000000, 0x00000000ca346440, 0x00000000ca3e0000)
  from space 20928K,  97% used [0x00000000ca3e0000, 0x00000000cb7e0140, 0x00000000cb850000)
  to   space 20928K,   0% used [0x00000000cb850000, 0x00000000cb850000, 0x00000000cccc0000)
 concurrent mark-sweep generation total 838912K, used 801854K [0x00000000cccc0000, 0x0000000100000000, 0x0000000100000000)
 Metaspace       used 3934K, capacity 4536K, committed 4864K, reserved 1056768K
  class space    used 425K, capacity 428K, committed 512K, reserved 1048576K
2024-07-26T01:31:17.136+0800: 8.736: [GC (Allocation Failure) 2024-07-26T01:31:17.137+0800: 8.736: [ParNew: 187673K->187673K(188736K), 0.0000131 secs]2024-07-26T01:31:17.137+0800: 8.736: [CMS2024-07-26T01:31:17.137+0800: 8.737: [CMS-concurrent-abortable-preclean: 0.009/0.322 secs] [Times: user=0.30 sys=0.00, real=0.32 secs] 
 (concurrent mode failure)2024-07-26T01:31:17.137+0800: 8.737: [SoftReference, 0 refs, 0.0000158 secs]2024-07-26T01:31:17.137+0800: 8.737: [WeakReference, 2 refs, 0.0000045 secs]2024-07-26T01:31:17.137+0800: 8.737: [FinalReference, 2 refs, 0.0000077 secs]2024-07-26T01:31:17.137+0800: 8.737: [PhantomReference, 0 refs, 0.0000036 secs]2024-07-26T01:31:17.137+0800: 8.737: [JNI Weak Reference, 0.0000040 secs]: 801854K->26656K(838912K), 0.0067648 secs] 989528K->26656K(1027648K), [Metaspace: 3934K->3934K(1056768K)], 0.0068427 secs] [Times: user=0.02 sys=0.00, real=0.01 secs] 
Heap after GC invocations=339 (full 29):
 par new generation   total 188736K, used 0K [0x00000000c0000000, 0x00000000cccc0000, 0x00000000cccc0000)
  eden space 167808K,   0% used [0x00000000c0000000, 0x00000000c0000000, 0x00000000ca3e0000)
  from space 20928K,   0% used [0x00000000ca3e0000, 0x00000000ca3e0000, 0x00000000cb850000)
  to   space 20928K,   0% used [0x00000000cb850000, 0x00000000cb850000, 0x00000000cccc0000)
 concurrent mark-sweep generation total 838912K, used 26656K [0x00000000cccc0000, 0x0000000100000000, 0x0000000100000000)
 Metaspace       used 3934K, capacity 4536K, committed 4864K, reserved 1056768K
  class space    used 425K, capacity 428K, committed 512K, reserved 1048576K
}
2024-07-26T01:31:17.143+0800: 8.743: Total time for which application threads were stopped: 0.0069678 seconds, Stopping threads took: 0.0000271 seconds
{Heap before GC invocations=339 (full 29):
 par new generation   total 188736K, used 167193K [0x00000000c0000000, 0x00000000cccc0000, 0x00000000cccc0000)
  eden space 167808K,  99% used [0x00000000c0000000, 0x00000000ca346440, 0x00000000ca3e0000)
  from space 20928K,   0% used [0x00000000ca3e0000, 0x00000000ca3e0000, 0x00000000cb850000)
  to   space 20928K,   0% used [0x00000000cb850000, 0x00000000cb850000, 0x00000000cccc0000)
 concurrent mark-sweep generation total 838912K, used 26656K [0x00000000cccc0000, 0x0000000100000000, 0x0000000100000000)
 Metaspace       used 3934K, capacity 4536K, committed 4864K, reserved 1056768K
  class space    used 425K, capacity 428K, committed 512K, reserved 1048576K
2024-07-26T01:31:17.160+0800: 8.760: [GC (Allocation Failure) 2024-07-26T01:31:17.160+0800: 8.760: [ParNew2024-07-26T01:31:17.175+0800: 8.774: [SoftReference, 0 refs, 0.0000372 secs]2024-07-26T01:31:17.175+0800: 8.774: [WeakReference, 0 refs, 0.0000044 secs]2024-07-26T01:31:17.175+0800: 8.774: [FinalReference, 0 refs, 0.0000040 secs]2024-07-26T01:31:17.175+0800: 8.774: [PhantomReference, 0 refs, 0.0000037 secs]2024-07-26T01:31:17.175+0800: 8.774: [JNI Weak Reference, 0.0000044 secs]
Desired survivor size 10715136 bytes, new threshold 1 (max 1)
- age   1:   20971840 bytes,   20971840 total
: 167193K->20480K(188736K), 0.0147557 secs] 193849K->115748K(1027648K), 0.0147971 secs] [Times: user=0.03 sys=0.00, real=0.01 secs] 
Heap after GC invocations=340 (full 29):
 par new generation   total 188736K, used 20480K [0x00000000c0000000, 0x00000000cccc0000, 0x00000000cccc0000)
  eden space 167808K,   0% used [0x00000000c0000000, 0x00000000c0000000, 0x00000000ca3e0000)
  from space 20928K,  97% used [0x00000000cb850000, 0x00000000ccc50140, 0x00000000cccc0000)
  to   space 20928K,   0% used [0x00000000ca3e0000, 0x00000000ca3e0000, 0x00000000cb850000)
 concurrent mark-sweep generation total 838912K, used 95267K [0x00000000cccc0000, 0x0000000100000000, 0x0000000100000000)
 Metaspace       used 3934K, capacity 4536K, committed 4864K, reserved 1056768K
  class space    used 425K, capacity 428K, committed 512K, reserved 1048576K
}
2024-07-26T01:31:17.175+0800: 8.775: Total time for which application threads were stopped: 0.0149217 seconds, Stopping threads took: 0.0000240 seconds
{Heap before GC invocations=340 (full 29):
 par new generation   total 188736K, used 187673K [0x00000000c0000000, 0x00000000cccc0000, 0x00000000cccc0000)
  eden space 167808K,  99% used [0x00000000c0000000, 0x00000000ca346440, 0x00000000ca3e0000)
  from space 20928K,  97% used [0x00000000cb850000, 0x00000000ccc50140, 0x00000000cccc0000)
  to   space 20928K,   0% used [0x00000000ca3e0000, 0x00000000ca3e0000, 0x00000000cb850000)
 concurrent mark-sweep generation total 838912K, used 95267K [0x00000000cccc0000, 0x0000000100000000, 0x0000000100000000)
 Metaspace       used 3934K, capacity 4536K, committed 4864K, reserved 1056768K
  class space    used 425K, capacity 428K, committed 512K, reserved 1048576K
2024-07-26T01:31:17.190+0800: 8.789: [GC (Allocation Failure) 2024-07-26T01:31:17.190+0800: 8.789: [ParNew2024-07-26T01:31:17.199+0800: 8.799: [SoftReference, 0 refs, 0.0000265 secs]2024-07-26T01:31:17.199+0800: 8.799: [WeakReference, 0 refs, 0.0000041 secs]2024-07-26T01:31:17.199+0800: 8.799: [FinalReference, 0 refs, 0.0000041 secs]2024-07-26T01:31:17.199+0800: 8.799: [PhantomReference, 0 refs, 0.0000034 secs]2024-07-26T01:31:17.199+0800: 8.799: [JNI Weak Reference, 0.0000043 secs]
Desired survivor size 10715136 bytes, new threshold 1 (max 1)
- age   1:   20971840 bytes,   20971840 total
: 187673K->20480K(188736K), 0.0097287 secs] 282941K->144422K(1027648K), 0.0097719 secs] [Times: user=0.00 sys=0.00, real=0.01 secs] 
Heap after GC invocations=341 (full 29):
 par new generation   total 188736K, used 20480K [0x00000000c0000000, 0x00000000cccc0000, 0x00000000cccc0000)
  eden space 167808K,   0% used [0x00000000c0000000, 0x00000000c0000000, 0x00000000ca3e0000)
  from space 20928K,  97% used [0x00000000ca3e0000, 0x00000000cb7e0140, 0x00000000cb850000)
  to   space 20928K,   0% used [0x00000000cb850000, 0x00000000cb850000, 0x00000000cccc0000)
 concurrent mark-sweep generation total 838912K, used 123942K [0x00000000cccc0000, 0x0000000100000000, 0x0000000100000000)
 Metaspace       used 3934K, capacity 4536K, committed 4864K, reserved 1056768K
  class space    used 425K, capacity 428K, committed 512K, reserved 1048576K
}
2024-07-26T01:31:17.199+0800: 8.799: Total time for which application threads were stopped: 0.0098907 seconds, Stopping threads took: 0.0000247 seconds
{Heap before GC invocations=341 (full 29):
 par new generation   total 188736K, used 187673K [0x00000000c0000000, 0x00000000cccc0000, 0x00000000cccc0000)
  eden space 167808K,  99% used [0x00000000c0000000, 0x00000000ca346440, 0x00000000ca3e0000)
  from space 20928K,  97% used [0x00000000ca3e0000, 0x00000000cb7e0140, 0x00000000cb850000)
  to   space 20928K,   0% used [0x00000000cb850000, 0x00000000cb850000, 0x00000000cccc0000)
 concurrent mark-sweep generation total 838912K, used 123942K [0x00000000cccc0000, 0x0000000100000000, 0x0000000100000000)
 Metaspace       used 3934K, capacity 4536K, committed 4864K, reserved 1056768K
  class space    used 425K, capacity 428K, committed 512K, reserved 1048576K
2024-07-26T01:31:17.214+0800: 8.813: [GC (Allocation Failure) 2024-07-26T01:31:17.214+0800: 8.813: [ParNew2024-07-26T01:31:17.218+0800: 8.817: [SoftReference, 0 refs, 0.0000340 secs]2024-07-26T01:31:17.218+0800: 8.817: [WeakReference, 0 refs, 0.0000047 secs]2024-07-26T01:31:17.218+0800: 8.817: [FinalReference, 0 refs, 0.0000043 secs]2024-07-26T01:31:17.218+0800: 8.817: [PhantomReference, 0 refs, 0.0000041 secs]2024-07-26T01:31:17.218+0800: 8.817: [JNI Weak Reference, 0.0000045 secs]
Desired survivor size 10715136 bytes, new threshold 1 (max 1)
- age   1:    9437328 bytes,    9437328 total
: 187673K->9216K(188736K), 0.0044613 secs] 311615K->133158K(1027648K), 0.0045260 secs] [Times: user=0.02 sys=0.00, real=0.00 secs] 
Heap after GC invocations=342 (full 29):
 par new generation   total 188736K, used 9216K [0x00000000c0000000, 0x00000000cccc0000, 0x00000000cccc0000)
  eden space 167808K,   0% used [0x00000000c0000000, 0x00000000c0000000, 0x00000000ca3e0000)
  from space 20928K,  44% used [0x00000000cb850000, 0x00000000cc150090, 0x00000000cccc0000)
  to   space 20928K,   0% used [0x00000000ca3e0000, 0x00000000ca3e0000, 0x00000000cb850000)
 concurrent mark-sweep generation total 838912K, used 123942K [0x00000000cccc0000, 0x0000000100000000, 0x0000000100000000)
 Metaspace       used 3934K, capacity 4536K, committed 4864K, reserved 1056768K
  class space    used 425K, capacity 428K, committed 512K, reserved 1048576K
}
2024-07-26T01:31:17.218+0800: 8.817: Total time for which application threads were stopped: 0.0046546 seconds, Stopping threads took: 0.0000215 seconds
{Heap before GC invocations=342 (full 29):
 par new generation   total 188736K, used 176409K [0x00000000c0000000, 0x00000000cccc0000, 0x00000000cccc0000)
  eden space 167808K,  99% used [0x00000000c0000000, 0x00000000ca346440, 0x00000000ca3e0000)
  from space 20928K,  44% used [0x00000000cb850000, 0x00000000cc150090, 0x00000000cccc0000)
  to   space 20928K,   0% used [0x00000000ca3e0000, 0x00000000ca3e0000, 0x00000000cb850000)
 concurrent mark-sweep generation total 838912K, used 123942K [0x00000000cccc0000, 0x0000000100000000, 0x0000000100000000)
 Metaspace       used 3934K, capacity 4536K, committed 4864K, reserved 1056768K
  class space    used 425K, capacity 428K, committed 512K, reserved 1048576K
2024-07-26T01:31:17.232+0800: 8.832: [GC (Allocation Failure) 2024-07-26T01:31:17.232+0800: 8.832: [ParNew2024-07-26T01:31:17.244+0800: 8.843: [SoftReference, 0 refs, 0.0000321 secs]2024-07-26T01:31:17.244+0800: 8.843: [WeakReference, 0 refs, 0.0000044 secs]2024-07-26T01:31:17.244+0800: 8.843: [FinalReference, 0 refs, 0.0000038 secs]2024-07-26T01:31:17.244+0800: 8.843: [PhantomReference, 0 refs, 0.0000038 secs]2024-07-26T01:31:17.244+0800: 8.843: [JNI Weak Reference, 0.0000041 secs]
Desired survivor size 10715136 bytes, new threshold 1 (max 1)
- age   1:   20971840 bytes,   20971840 total
: 176409K->20480K(188736K), 0.0115530 secs] 300351K->196649K(1027648K), 0.0115996 secs] [Times: user=0.00 sys=0.00, real=0.01 secs] 
Heap after GC invocations=343 (full 29):
 par new generation   total 188736K, used 20480K [0x00000000c0000000, 0x00000000cccc0000, 0x00000000cccc0000)
  eden space 167808K,   0% used [0x00000000c0000000, 0x00000000c0000000, 0x00000000ca3e0000)
  from space 20928K,  97% used [0x00000000ca3e0000, 0x00000000cb7e0140, 0x00000000cb850000)
  to   space 20928K,   0% used [0x00000000cb850000, 0x00000000cb850000, 0x00000000cccc0000)
 concurrent mark-sweep generation total 838912K, used 176169K [0x00000000cccc0000, 0x0000000100000000, 0x0000000100000000)
 Metaspace       used 3934K, capacity 4536K, committed 4864K, reserved 1056768K
  class space    used 425K, capacity 428K, committed 512K, reserved 1048576K
}
2024-07-26T01:31:17.244+0800: 8.843: Total time for which application threads were stopped: 0.0117114 seconds, Stopping threads took: 0.0000218 seconds
{Heap before GC invocations=343 (full 29):
 par new generation   total 188736K, used 187673K [0x00000000c0000000, 0x00000000cccc0000, 0x00000000cccc0000)
  eden space 167808K,  99% used [0x00000000c0000000, 0x00000000ca346440, 0x00000000ca3e0000)
  from space 20928K,  97% used [0x00000000ca3e0000, 0x00000000cb7e0140, 0x00000000cb850000)
  to   space 20928K,   0% used [0x00000000cb850000, 0x00000000cb850000, 0x00000000cccc0000)
 concurrent mark-sweep generation total 838912K, used 176169K [0x00000000cccc0000, 0x0000000100000000, 0x0000000100000000)
 Metaspace       used 3934K, capacity 4536K, committed 4864K, reserved 1056768K
  class space    used 425K, capacity 428K, committed 512K, reserved 1048576K
2024-07-26T01:31:17.258+0800: 8.857: [GC (Allocation Failure) 2024-07-26T01:31:17.258+0800: 8.857: [ParNew2024-07-26T01:31:17.264+0800: 8.863: [SoftReference, 0 refs, 0.0000321 secs]2024-07-26T01:31:17.264+0800: 8.863: [WeakReference, 0 refs, 0.0000043 secs]2024-07-26T01:31:17.264+0800: 8.863: [FinalReference, 0 refs, 0.0000037 secs]2024-07-26T01:31:17.264+0800: 8.863: [PhantomReference, 0 refs, 0.0000035 secs]2024-07-26T01:31:17.264+0800: 8.863: [JNI Weak Reference, 0.0000042 secs]
Desired survivor size 10715136 bytes, new threshold 1 (max 1)
- age   1:   20971840 bytes,   20971840 total
: 187673K->20480K(188736K), 0.0063652 secs] 363842K->208939K(1027648K), 0.0063984 secs] [Times: user=0.00 sys=0.00, real=0.01 secs] 
Heap after GC invocations=344 (full 29):
 par new generation   total 188736K, used 20480K [0x00000000c0000000, 0x00000000cccc0000, 0x00000000cccc0000)
  eden space 167808K,   0% used [0x00000000c0000000, 0x00000000c0000000, 0x00000000ca3e0000)
  from space 20928K,  97% used [0x00000000cb850000, 0x00000000ccc50140, 0x00000000cccc0000)
  to   space 20928K,   0% used [0x00000000ca3e0000, 0x00000000ca3e0000, 0x00000000cb850000)
 concurrent mark-sweep generation total 838912K, used 188459K [0x00000000cccc0000, 0x0000000100000000, 0x0000000100000000)
 Metaspace       used 3934K, capacity 4536K, committed 4864K, reserved 1056768K
  class space    used 425K, capacity 428K, committed 512K, reserved 1048576K
}
2024-07-26T01:31:17.264+0800: 8.863: Total time for which application threads were stopped: 0.0064966 seconds, Stopping threads took: 0.0000190 seconds
{Heap before GC invocations=344 (full 29):
 par new generation   total 188736K, used 187673K [0x00000000c0000000, 0x00000000cccc0000, 0x00000000cccc0000)
  eden space 167808K,  99% used [0x00000000c0000000, 0x00000000ca346440, 0x00000000ca3e0000)
  from space 20928K,  97% used [0x00000000cb850000, 0x00000000ccc50140, 0x00000000cccc0000)
  to   space 20928K,   0% used [0x00000000ca3e0000, 0x00000000ca3e0000, 0x00000000cb850000)
 concurrent mark-sweep generation total 838912K, used 188459K [0x00000000cccc0000, 0x0000000100000000, 0x0000000100000000)
 Metaspace       used 3934K, capacity 4536K, committed 4864K, reserved 1056768K
  class space    used 425K, capacity 428K, committed 512K, reserved 1048576K
2024-07-26T01:31:17.278+0800: 8.877: [GC (Allocation Failure) 2024-07-26T01:31:17.278+0800: 8.877: [ParNew2024-07-26T01:31:17.293+0800: 8.893: [SoftReference, 0 refs, 0.0000310 secs]2024-07-26T01:31:17.293+0800: 8.893: [WeakReference, 0 refs, 0.0000041 secs]2024-07-26T01:31:17.293+0800: 8.893: [FinalReference, 0 refs, 0.0000072 secs]2024-07-26T01:31:17.293+0800: 8.893: [PhantomReference, 0 refs, 0.0000037 secs]2024-07-26T01:31:17.293+0800: 8.893: [JNI Weak Reference, 0.0000041 secs]
Desired survivor size 10715136 bytes, new threshold 1 (max 1)
- age   1:   20971840 bytes,   20971840 total
: 187673K->20480K(188736K), 0.0153280 secs] 376132K->284716K(1027648K), 0.0153732 secs] [Times: user=0.00 sys=0.00, real=0.01 secs] 
Heap after GC invocations=345 (full 29):
 par new generation   total 188736K, used 20480K [0x00000000c0000000, 0x00000000cccc0000, 0x00000000cccc0000)
  eden space 167808K,   0% used [0x00000000c0000000, 0x00000000c0000000, 0x00000000ca3e0000)
  from space 20928K,  97% used [0x00000000ca3e0000, 0x00000000cb7e0140, 0x00000000cb850000)
  to   space 20928K,   0% used [0x00000000cb850000, 0x00000000cb850000, 0x00000000cccc0000)
 concurrent mark-sweep generation total 838912K, used 264236K [0x00000000cccc0000, 0x0000000100000000, 0x0000000100000000)
 Metaspace       used 3934K, capacity 4536K, committed 4864K, reserved 1056768K
  class space    used 425K, capacity 428K, committed 512K, reserved 1048576K
}
2024-07-26T01:31:17.293+0800: 8.893: Total time for which application threads were stopped: 0.0154944 seconds, Stopping threads took: 0.0000282 seconds
{Heap before GC invocations=345 (full 29):
 par new generation   total 188736K, used 187673K [0x00000000c0000000, 0x00000000cccc0000, 0x00000000cccc0000)
  eden space 167808K,  99% used [0x00000000c0000000, 0x00000000ca346440, 0x00000000ca3e0000)
  from space 20928K,  97% used [0x00000000ca3e0000, 0x00000000cb7e0140, 0x00000000cb850000)
  to   space 20928K,   0% used [0x00000000cb850000, 0x00000000cb850000, 0x00000000cccc0000)
 concurrent mark-sweep generation total 838912K, used 264236K [0x00000000cccc0000, 0x0000000100000000, 0x0000000100000000)
 Metaspace       used 3934K, capacity 4536K, committed 4864K, reserved 1056768K
  class space    used 425K, capacity 428K, committed 512K, reserved 1048576K
2024-07-26T01:31:17.308+0800: 8.907: [GC (Allocation Failure) 2024-07-26T01:31:17.308+0800: 8.907: [ParNew2024-07-26T01:31:17.317+0800: 8.916: [SoftReference, 0 refs, 0.0000332 secs]2024-07-26T01:31:17.317+0800: 8.916: [WeakReference, 0 refs, 0.0000042 secs]2024-07-26T01:31:17.317+0800: 8.916: [FinalReference, 0 refs, 0.0000037 secs]2024-07-26T01:31:17.317+0800: 8.916: [PhantomReference, 0 refs, 0.0000034 secs]2024-07-26T01:31:17.317+0800: 8.916: [JNI Weak Reference, 0.0000041 secs]
Desired survivor size 10715136 bytes, new threshold 1 (max 1)
- age   1:   20971840 bytes,   20971840 total
: 187673K->20480K(188736K), 0.0092616 secs] 451909K->320557K(1027648K), 0.0093089 secs] [Times: user=0.05 sys=0.00, real=0.01 secs] 
Heap after GC invocations=346 (full 29):
 par new generation   total 188736K, used 20480K [0x00000000c0000000, 0x00000000cccc0000, 0x00000000cccc0000)
  eden space 167808K,   0% used [0x00000000c0000000, 0x00000000c0000000, 0x00000000ca3e0000)
  from space 20928K,  97% used [0x00000000cb850000, 0x00000000ccc50140, 0x00000000cccc0000)
  to   space 20928K,   0% used [0x00000000ca3e0000, 0x00000000ca3e0000, 0x00000000cb850000)
 concurrent mark-sweep generation total 838912K, used 300076K [0x00000000cccc0000, 0x0000000100000000, 0x0000000100000000)
 Metaspace       used 3934K, capacity 4536K, committed 4864K, reserved 1056768K
  class space    used 425K, capacity 428K, committed 512K, reserved 1048576K
}
2024-07-26T01:31:17.317+0800: 8.916: Total time for which application threads were stopped: 0.0094275 seconds, Stopping threads took: 0.0000253 seconds
{Heap before GC invocations=346 (full 29):
 par new generation   total 188736K, used 187673K [0x00000000c0000000, 0x00000000cccc0000, 0x00000000cccc0000)
  eden space 167808K,  99% used [0x00000000c0000000, 0x00000000ca346440, 0x00000000ca3e0000)
  from space 20928K,  97% used [0x00000000cb850000, 0x00000000ccc50140, 0x00000000cccc0000)
  to   space 20928K,   0% used [0x00000000ca3e0000, 0x00000000ca3e0000, 0x00000000cb850000)
 concurrent mark-sweep generation total 838912K, used 300076K [0x00000000cccc0000, 0x0000000100000000, 0x0000000100000000)
 Metaspace       used 3934K, capacity 4536K, committed 4864K, reserved 1056768K
  class space    used 425K, capacity 428K, committed 512K, reserved 1048576K
2024-07-26T01:31:17.330+0800: 8.930: [GC (Allocation Failure) 2024-07-26T01:31:17.330+0800: 8.930: [ParNew2024-07-26T01:31:17.334+0800: 8.934: [SoftReference, 0 refs, 0.0000430 secs]2024-07-26T01:31:17.334+0800: 8.934: [WeakReference, 0 refs, 0.0000044 secs]2024-07-26T01:31:17.334+0800: 8.934: [FinalReference, 0 refs, 0.0000040 secs]2024-07-26T01:31:17.334+0800: 8.934: [PhantomReference, 0 refs, 0.0000038 secs]2024-07-26T01:31:17.334+0800: 8.934: [JNI Weak Reference, 0.0000088 secs]
Desired survivor size 10715136 bytes, new threshold 1 (max 1)
- age   1:   16777472 bytes,   16777472 total
: 187673K->16384K(188736K), 0.0037566 secs] 487750K->316461K(1027648K), 0.0037929 secs] [Times: user=0.00 sys=0.00, real=0.00 secs] 
Heap after GC invocations=347 (full 29):
 par new generation   total 188736K, used 16384K [0x00000000c0000000, 0x00000000cccc0000, 0x00000000cccc0000)
  eden space 167808K,   0% used [0x00000000c0000000, 0x00000000c0000000, 0x00000000ca3e0000)
  from space 20928K,  78% used [0x00000000ca3e0000, 0x00000000cb3e0100, 0x00000000cb850000)
  to   space 20928K,   0% used [0x00000000cb850000, 0x00000000cb850000, 0x00000000cccc0000)
 concurrent mark-sweep generation total 838912K, used 300076K [0x00000000cccc0000, 0x0000000100000000, 0x0000000100000000)
 Metaspace       used 3934K, capacity 4536K, committed 4864K, reserved 1056768K
  class space    used 425K, capacity 428K, committed 512K, reserved 1048576K
}
2024-07-26T01:31:17.334+0800: 8.934: Total time for which application threads were stopped: 0.0039073 seconds, Stopping threads took: 0.0000209 seconds
{Heap before GC invocations=347 (full 29):
 par new generation   total 188736K, used 183577K [0x00000000c0000000, 0x00000000cccc0000, 0x00000000cccc0000)
  eden space 167808K,  99% used [0x00000000c0000000, 0x00000000ca346440, 0x00000000ca3e0000)
  from space 20928K,  78% used [0x00000000ca3e0000, 0x00000000cb3e0100, 0x00000000cb850000)
  to   space 20928K,   0% used [0x00000000cb850000, 0x00000000cb850000, 0x00000000cccc0000)
 concurrent mark-sweep generation total 838912K, used 300076K [0x00000000cccc0000, 0x0000000100000000, 0x0000000100000000)
 Metaspace       used 3934K, capacity 4536K, committed 4864K, reserved 1056768K
  class space    used 425K, capacity 428K, committed 512K, reserved 1048576K
2024-07-26T01:31:17.348+0800: 8.948: [GC (Allocation Failure) 2024-07-26T01:31:17.348+0800: 8.948: [ParNew2024-07-26T01:31:17.361+0800: 8.961: [SoftReference, 0 refs, 0.0000358 secs]2024-07-26T01:31:17.361+0800: 8.961: [WeakReference, 0 refs, 0.0000041 secs]2024-07-26T01:31:17.361+0800: 8.961: [FinalReference, 0 refs, 0.0000036 secs]2024-07-26T01:31:17.361+0800: 8.961: [PhantomReference, 0 refs, 0.0000035 secs]2024-07-26T01:31:17.361+0800: 8.961: [JNI Weak Reference, 0.0000042 secs]
Desired survivor size 10715136 bytes, new threshold 1 (max 1)
- age   1:   20971840 bytes,   20971840 total
: 183577K->20480K(188736K), 0.0132663 secs] 483654K->379950K(1027648K), 0.0133053 secs] [Times: user=0.00 sys=0.00, real=0.01 secs] 
Heap after GC invocations=348 (full 29):
 par new generation   total 188736K, used 20480K [0x00000000c0000000, 0x00000000cccc0000, 0x00000000cccc0000)
  eden space 167808K,   0% used [0x00000000c0000000, 0x00000000c0000000, 0x00000000ca3e0000)
  from space 20928K,  97% used [0x00000000cb850000, 0x00000000ccc50140, 0x00000000cccc0000)
  to   space 20928K,   0% used [0x00000000ca3e0000, 0x00000000ca3e0000, 0x00000000cb850000)
 concurrent mark-sweep generation total 838912K, used 359469K [0x00000000cccc0000, 0x0000000100000000, 0x0000000100000000)
 Metaspace       used 3934K, capacity 4536K, committed 4864K, reserved 1056768K
  class space    used 425K, capacity 428K, committed 512K, reserved 1048576K
}
2024-07-26T01:31:17.361+0800: 8.961: Total time for which application threads were stopped: 0.0134332 seconds, Stopping threads took: 0.0000384 seconds
2024-07-26T01:31:17.362+0800: 8.961: [GC (CMS Initial Mark) [1 CMS-initial-mark: 359469K(838912K)] 385348K(1027648K), 0.0005007 secs] [Times: user=0.00 sys=0.00, real=0.00 secs] 
2024-07-26T01:31:17.363+0800: 8.962: Total time for which application threads were stopped: 0.0006694 seconds, Stopping threads took: 0.0001289 seconds
2024-07-26T01:31:17.363+0800: 8.962: [CMS-concurrent-mark-start]
2024-07-26T01:31:17.365+0800: 8.964: [CMS-concurrent-mark: 0.002/0.002 secs] [Times: user=0.00 sys=0.00, real=0.00 secs] 
2024-07-26T01:31:17.365+0800: 8.964: [CMS-concurrent-preclean-start]
2024-07-26T01:31:17.365+0800: 8.964: [Preclean SoftReferences, 0.0000053 secs]2024-07-26T01:31:17.365+0800: 8.964: [Preclean WeakReferences, 0.0000042 secs]2024-07-26T01:31:17.365+0800: 8.964: [Preclean FinalReferences, 0.0000035 secs]2024-07-26T01:31:17.365+0800: 8.964: [Preclean PhantomReferences, 0.0000034 secs]2024-07-26T01:31:17.365+0800: 8.964: [CMS-concurrent-preclean: 0.001/0.001 secs] [Times: user=0.00 sys=0.00, real=0.00 secs] 
2024-07-26T01:31:17.365+0800: 8.964: [CMS-concurrent-abortable-preclean-start]
{Heap before GC invocations=348 (full 30):
 par new generation   total 188736K, used 187673K [0x00000000c0000000, 0x00000000cccc0000, 0x00000000cccc0000)
  eden space 167808K,  99% used [0x00000000c0000000, 0x00000000ca346440, 0x00000000ca3e0000)
  from space 20928K,  97% used [0x00000000cb850000, 0x00000000ccc50140, 0x00000000cccc0000)
  to   space 20928K,   0% used [0x00000000ca3e0000, 0x00000000ca3e0000, 0x00000000cb850000)
 concurrent mark-sweep generation total 838912K, used 359469K [0x00000000cccc0000, 0x0000000100000000, 0x0000000100000000)
 Metaspace       used 3934K, capacity 4536K, committed 4864K, reserved 1056768K
  class space    used 425K, capacity 428K, committed 512K, reserved 1048576K
2024-07-26T01:31:17.376+0800: 8.976: [GC (Allocation Failure) 2024-07-26T01:31:17.376+0800: 8.976: [ParNew2024-07-26T01:31:17.382+0800: 8.982: [SoftReference, 0 refs, 0.0000564 secs]2024-07-26T01:31:17.382+0800: 8.982: [WeakReference, 0 refs, 0.0000066 secs]2024-07-26T01:31:17.382+0800: 8.982: [FinalReference, 0 refs, 0.0000066 secs]2024-07-26T01:31:17.382+0800: 8.982: [PhantomReference, 0 refs, 0.0000052 secs]2024-07-26T01:31:17.382+0800: 8.982: [JNI Weak Reference, 0.0000058 secs]
Desired survivor size 10715136 bytes, new threshold 1 (max 1)
- age   1:   20971840 bytes,   20971840 total
: 187673K->20480K(188736K), 0.0062556 secs] 547143K->399406K(1027648K), 0.0062943 secs] [Times: user=0.00 sys=0.00, real=0.01 secs] 
Heap after GC invocations=349 (full 30):
 par new generation   total 188736K, used 20480K [0x00000000c0000000, 0x00000000cccc0000, 0x00000000cccc0000)
  eden space 167808K,   0% used [0x00000000c0000000, 0x00000000c0000000, 0x00000000ca3e0000)
  from space 20928K,  97% used [0x00000000ca3e0000, 0x00000000cb7e0140, 0x00000000cb850000)
  to   space 20928K,   0% used [0x00000000cb850000, 0x00000000cb850000, 0x00000000cccc0000)
 concurrent mark-sweep generation total 838912K, used 378926K [0x00000000cccc0000, 0x0000000100000000, 0x0000000100000000)
 Metaspace       used 3934K, capacity 4536K, committed 4864K, reserved 1056768K
  class space    used 425K, capacity 428K, committed 512K, reserved 1048576K
}
2024-07-26T01:31:17.382+0800: 8.982: Total time for which application threads were stopped: 0.0064172 seconds, Stopping threads took: 0.0000243 seconds
{Heap before GC invocations=349 (full 30):
 par new generation   total 188736K, used 187673K [0x00000000c0000000, 0x00000000cccc0000, 0x00000000cccc0000)
  eden space 167808K,  99% used [0x00000000c0000000, 0x00000000ca346440, 0x00000000ca3e0000)
  from space 20928K,  97% used [0x00000000ca3e0000, 0x00000000cb7e0140, 0x00000000cb850000)
  to   space 20928K,   0% used [0x00000000cb850000, 0x00000000cb850000, 0x00000000cccc0000)
 concurrent mark-sweep generation total 838912K, used 378926K [0x00000000cccc0000, 0x0000000100000000, 0x0000000100000000)
 Metaspace       used 3934K, capacity 4536K, committed 4864K, reserved 1056768K
  class space    used 425K, capacity 428K, committed 512K, reserved 1048576K
2024-07-26T01:31:17.397+0800: 8.996: [GC (Allocation Failure) 2024-07-26T01:31:17.397+0800: 8.996: [ParNew2024-07-26T01:31:17.399+0800: 8.999: [SoftReference, 0 refs, 0.0000379 secs]2024-07-26T01:31:17.399+0800: 8.999: [WeakReference, 0 refs, 0.0000047 secs]2024-07-26T01:31:17.399+0800: 8.999: [FinalReference, 0 refs, 0.0000040 secs]2024-07-26T01:31:17.399+0800: 8.999: [PhantomReference, 0 refs, 0.0000036 secs]2024-07-26T01:31:17.399+0800: 8.999: [JNI Weak Reference, 0.0000039 secs]
Desired survivor size 10715136 bytes, new threshold 1 (max 1)
: 187673K->0K(188736K), 0.0023065 secs] 566599K->378926K(1027648K), 0.0023975 secs] [Times: user=0.00 sys=0.00, real=0.00 secs] 
Heap after GC invocations=350 (full 30):
 par new generation   total 188736K, used 0K [0x00000000c0000000, 0x00000000cccc0000, 0x00000000cccc0000)
  eden space 167808K,   0% used [0x00000000c0000000, 0x00000000c0000000, 0x00000000ca3e0000)
  from space 20928K,   0% used [0x00000000cb850000, 0x00000000cb850000, 0x00000000cccc0000)
  to   space 20928K,   0% used [0x00000000ca3e0000, 0x00000000ca3e0000, 0x00000000cb850000)
 concurrent mark-sweep generation total 838912K, used 378926K [0x00000000cccc0000, 0x0000000100000000, 0x0000000100000000)
 Metaspace       used 3934K, capacity 4536K, committed 4864K, reserved 1056768K
  class space    used 425K, capacity 428K, committed 512K, reserved 1048576K
}
2024-07-26T01:31:17.399+0800: 8.999: Total time for which application threads were stopped: 0.0025313 seconds, Stopping threads took: 0.0000319 seconds
{Heap before GC invocations=350 (full 30):
 par new generation   total 188736K, used 167193K [0x00000000c0000000, 0x00000000cccc0000, 0x00000000cccc0000)
  eden space 167808K,  99% used [0x00000000c0000000, 0x00000000ca346440, 0x00000000ca3e0000)
  from space 20928K,   0% used [0x00000000cb850000, 0x00000000cb850000, 0x00000000cccc0000)
  to   space 20928K,   0% used [0x00000000ca3e0000, 0x00000000ca3e0000, 0x00000000cb850000)
 concurrent mark-sweep generation total 838912K, used 378926K [0x00000000cccc0000, 0x0000000100000000, 0x0000000100000000)
 Metaspace       used 3934K, capacity 4536K, committed 4864K, reserved 1056768K
  class space    used 425K, capacity 428K, committed 512K, reserved 1048576K
2024-07-26T01:31:17.413+0800: 9.013: [GC (Allocation Failure) 2024-07-26T01:31:17.413+0800: 9.013: [ParNew2024-07-26T01:31:17.424+0800: 9.023: [SoftReference, 0 refs, 0.0000551 secs]2024-07-26T01:31:17.424+0800: 9.023: [WeakReference, 0 refs, 0.0000044 secs]2024-07-26T01:31:17.424+0800: 9.023: [FinalReference, 0 refs, 0.0000038 secs]2024-07-26T01:31:17.424+0800: 9.023: [PhantomReference, 0 refs, 0.0000036 secs]2024-07-26T01:31:17.424+0800: 9.023: [JNI Weak Reference, 0.0000040 secs]
Desired survivor size 10715136 bytes, new threshold 1 (max 1)
- age   1:   20971840 bytes,   20971840 total
: 167193K->20480K(188736K), 0.0099057 secs] 546119K->442415K(1027648K), 0.0099492 secs] [Times: user=0.00 sys=0.02, real=0.01 secs] 
Heap after GC invocations=351 (full 30):
 par new generation   total 188736K, used 20480K [0x00000000c0000000, 0x00000000cccc0000, 0x00000000cccc0000)
  eden space 167808K,   0% used [0x00000000c0000000, 0x00000000c0000000, 0x00000000ca3e0000)
  from space 20928K,  97% used [0x00000000ca3e0000, 0x00000000cb7e0140, 0x00000000cb850000)
  to   space 20928K,   0% used [0x00000000cb850000, 0x00000000cb850000, 0x00000000cccc0000)
 concurrent mark-sweep generation total 838912K, used 421934K [0x00000000cccc0000, 0x0000000100000000, 0x0000000100000000)
 Metaspace       used 3934K, capacity 4536K, committed 4864K, reserved 1056768K
  class space    used 425K, capacity 428K, committed 512K, reserved 1048576K
}
2024-07-26T01:31:17.424+0800: 9.023: Total time for which application threads were stopped: 0.0100658 seconds, Stopping threads took: 0.0000276 seconds
{Heap before GC invocations=351 (full 30):
 par new generation   total 188736K, used 187673K [0x00000000c0000000, 0x00000000cccc0000, 0x00000000cccc0000)
  eden space 167808K,  99% used [0x00000000c0000000, 0x00000000ca346440, 0x00000000ca3e0000)
  from space 20928K,  97% used [0x00000000ca3e0000, 0x00000000cb7e0140, 0x00000000cb850000)
  to   space 20928K,   0% used [0x00000000cb850000, 0x00000000cb850000, 0x00000000cccc0000)
 concurrent mark-sweep generation total 838912K, used 421934K [0x00000000cccc0000, 0x0000000100000000, 0x0000000100000000)
 Metaspace       used 3934K, capacity 4536K, committed 4864K, reserved 1056768K
  class space    used 425K, capacity 428K, committed 512K, reserved 1048576K
2024-07-26T01:31:17.438+0800: 9.037: [GC (Allocation Failure) 2024-07-26T01:31:17.438+0800: 9.037: [ParNew2024-07-26T01:31:17.443+0800: 9.043: [SoftReference, 0 refs, 0.0000381 secs]2024-07-26T01:31:17.443+0800: 9.043: [WeakReference, 0 refs, 0.0000071 secs]2024-07-26T01:31:17.443+0800: 9.043: [FinalReference, 0 refs, 0.0000063 secs]2024-07-26T01:31:17.443+0800: 9.043: [PhantomReference, 0 refs, 0.0000061 secs]2024-07-26T01:31:17.443+0800: 9.043: [JNI Weak Reference, 0.0000064 secs]
Desired survivor size 10715136 bytes, new threshold 1 (max 1)
- age   1:   20971840 bytes,   20971840 total
: 187673K->20480K(188736K), 0.0058824 secs] 609608K->445487K(1027648K), 0.0059254 secs] [Times: user=0.00 sys=0.00, real=0.01 secs] 
Heap after GC invocations=352 (full 30):
 par new generation   total 188736K, used 20480K [0x00000000c0000000, 0x00000000cccc0000, 0x00000000cccc0000)
  eden space 167808K,   0% used [0x00000000c0000000, 0x00000000c0000000, 0x00000000ca3e0000)
  from space 20928K,  97% used [0x00000000cb850000, 0x00000000ccc50140, 0x00000000cccc0000)
  to   space 20928K,   0% used [0x00000000ca3e0000, 0x00000000ca3e0000, 0x00000000cb850000)
 concurrent mark-sweep generation total 838912K, used 425006K [0x00000000cccc0000, 0x0000000100000000, 0x0000000100000000)
 Metaspace       used 3934K, capacity 4536K, committed 4864K, reserved 1056768K
  class space    used 425K, capacity 428K, committed 512K, reserved 1048576K
}
2024-07-26T01:31:17.444+0800: 9.043: Total time for which application threads were stopped: 0.0060546 seconds, Stopping threads took: 0.0000228 seconds
{Heap before GC invocations=352 (full 30):
 par new generation   total 188736K, used 187673K [0x00000000c0000000, 0x00000000cccc0000, 0x00000000cccc0000)
  eden space 167808K,  99% used [0x00000000c0000000, 0x00000000ca346440, 0x00000000ca3e0000)
  from space 20928K,  97% used [0x00000000cb850000, 0x00000000ccc50140, 0x00000000cccc0000)
  to   space 20928K,   0% used [0x00000000ca3e0000, 0x00000000ca3e0000, 0x00000000cb850000)
 concurrent mark-sweep generation total 838912K, used 425006K [0x00000000cccc0000, 0x0000000100000000, 0x0000000100000000)
 Metaspace       used 3934K, capacity 4536K, committed 4864K, reserved 1056768K
  class space    used 425K, capacity 428K, committed 512K, reserved 1048576K
2024-07-26T01:31:17.458+0800: 9.057: [GC (Allocation Failure) 2024-07-26T01:31:17.458+0800: 9.057: [ParNew2024-07-26T01:31:17.471+0800: 9.071: [SoftReference, 0 refs, 0.0000390 secs]2024-07-26T01:31:17.471+0800: 9.071: [WeakReference, 0 refs, 0.0000191 secs]2024-07-26T01:31:17.471+0800: 9.071: [FinalReference, 0 refs, 0.0000040 secs]2024-07-26T01:31:17.471+0800: 9.071: [PhantomReference, 0 refs, 0.0000037 secs]2024-07-26T01:31:17.471+0800: 9.071: [JNI Weak Reference, 0.0000069 secs]
Desired survivor size 10715136 bytes, new threshold 1 (max 1)
- age   1:   20971840 bytes,   20971840 total
: 187673K->20480K(188736K), 0.0133534 secs] 612680K->512048K(1027648K), 0.0134259 secs] [Times: user=0.05 sys=0.00, real=0.01 secs] 
Heap after GC invocations=353 (full 30):
 par new generation   total 188736K, used 20480K [0x00000000c0000000, 0x00000000cccc0000, 0x00000000cccc0000)
  eden space 167808K,   0% used [0x00000000c0000000, 0x00000000c0000000, 0x00000000ca3e0000)
  from space 20928K,  97% used [0x00000000ca3e0000, 0x00000000cb7e0140, 0x00000000cb850000)
  to   space 20928K,   0% used [0x00000000cb850000, 0x00000000cb850000, 0x00000000cccc0000)
 concurrent mark-sweep generation total 838912K, used 491567K [0x00000000cccc0000, 0x0000000100000000, 0x0000000100000000)
 Metaspace       used 3934K, capacity 4536K, committed 4864K, reserved 1056768K
  class space    used 425K, capacity 428K, committed 512K, reserved 1048576K
}
2024-07-26T01:31:17.471+0800: 9.071: Total time for which application threads were stopped: 0.0135834 seconds, Stopping threads took: 0.0000630 seconds
{Heap before GC invocations=353 (full 30):
 par new generation   total 188736K, used 187673K [0x00000000c0000000, 0x00000000cccc0000, 0x00000000cccc0000)
  eden space 167808K,  99% used [0x00000000c0000000, 0x00000000ca346440, 0x00000000ca3e0000)
  from space 20928K,  97% used [0x00000000ca3e0000, 0x00000000cb7e0140, 0x00000000cb850000)
  to   space 20928K,   0% used [0x00000000cb850000, 0x00000000cb850000, 0x00000000cccc0000)
 concurrent mark-sweep generation total 838912K, used 491567K [0x00000000cccc0000, 0x0000000100000000, 0x0000000100000000)
 Metaspace       used 3934K, capacity 4536K, committed 4864K, reserved 1056768K
  class space    used 425K, capacity 428K, committed 512K, reserved 1048576K
2024-07-26T01:31:17.485+0800: 9.085: [GC (Allocation Failure) 2024-07-26T01:31:17.485+0800: 9.085: [ParNew2024-07-26T01:31:17.493+0800: 9.092: [SoftReference, 0 refs, 0.0000384 secs]2024-07-26T01:31:17.493+0800: 9.092: [WeakReference, 0 refs, 0.0000075 secs]2024-07-26T01:31:17.493+0800: 9.092: [FinalReference, 0 refs, 0.0000067 secs]2024-07-26T01:31:17.493+0800: 9.092: [PhantomReference, 0 refs, 0.0000065 secs]2024-07-26T01:31:17.493+0800: 9.092: [JNI Weak Reference, 0.0000066 secs]
Desired survivor size 10715136 bytes, new threshold 1 (max 1)
- age   1:   20971840 bytes,   20971840 total
: 187673K->20480K(188736K), 0.0072597 secs] 679241K->538672K(1027648K), 0.0073013 secs] [Times: user=0.00 sys=0.00, real=0.01 secs] 
Heap after GC invocations=354 (full 30):
 par new generation   total 188736K, used 20480K [0x00000000c0000000, 0x00000000cccc0000, 0x00000000cccc0000)
  eden space 167808K,   0% used [0x00000000c0000000, 0x00000000c0000000, 0x00000000ca3e0000)
  from space 20928K,  97% used [0x00000000cb850000, 0x00000000ccc50140, 0x00000000cccc0000)
  to   space 20928K,   0% used [0x00000000ca3e0000, 0x00000000ca3e0000, 0x00000000cb850000)
 concurrent mark-sweep generation total 838912K, used 518192K [0x00000000cccc0000, 0x0000000100000000, 0x0000000100000000)
 Metaspace       used 3934K, capacity 4536K, committed 4864K, reserved 1056768K
  class space    used 425K, capacity 428K, committed 512K, reserved 1048576K
}
2024-07-26T01:31:17.493+0800: 9.092: Total time for which application threads were stopped: 0.0074330 seconds, Stopping threads took: 0.0000263 seconds
{Heap before GC invocations=354 (full 30):
 par new generation   total 188736K, used 187673K [0x00000000c0000000, 0x00000000cccc0000, 0x00000000cccc0000)
  eden space 167808K,  99% used [0x00000000c0000000, 0x00000000ca346440, 0x00000000ca3e0000)
  from space 20928K,  97% used [0x00000000cb850000, 0x00000000ccc50140, 0x00000000cccc0000)
  to   space 20928K,   0% used [0x00000000ca3e0000, 0x00000000ca3e0000, 0x00000000cb850000)
 concurrent mark-sweep generation total 838912K, used 518192K [0x00000000cccc0000, 0x0000000100000000, 0x0000000100000000)
 Metaspace       used 3934K, capacity 4536K, committed 4864K, reserved 1056768K
  class space    used 425K, capacity 428K, committed 512K, reserved 1048576K
2024-07-26T01:31:17.507+0800: 9.106: [GC (Allocation Failure) 2024-07-26T01:31:17.507+0800: 9.106: [ParNew2024-07-26T01:31:17.510+0800: 9.109: [SoftReference, 0 refs, 0.0000450 secs]2024-07-26T01:31:17.510+0800: 9.109: [WeakReference, 0 refs, 0.0000045 secs]2024-07-26T01:31:17.510+0800: 9.109: [FinalReference, 0 refs, 0.0000042 secs]2024-07-26T01:31:17.510+0800: 9.109: [PhantomReference, 0 refs, 0.0000039 secs]2024-07-26T01:31:17.510+0800: 9.109: [JNI Weak Reference, 0.0000046 secs]
Desired survivor size 10715136 bytes, new threshold 1 (max 1)
- age   1:    7340144 bytes,    7340144 total
: 187673K->7168K(188736K), 0.0031899 secs] 705865K->525360K(1027648K), 0.0032339 secs] [Times: user=0.00 sys=0.00, real=0.00 secs] 
Heap after GC invocations=355 (full 30):
 par new generation   total 188736K, used 7168K [0x00000000c0000000, 0x00000000cccc0000, 0x00000000cccc0000)
  eden space 167808K,   0% used [0x00000000c0000000, 0x00000000c0000000, 0x00000000ca3e0000)
  from space 20928K,  34% used [0x00000000ca3e0000, 0x00000000caae0070, 0x00000000cb850000)
  to   space 20928K,   0% used [0x00000000cb850000, 0x00000000cb850000, 0x00000000cccc0000)
 concurrent mark-sweep generation total 838912K, used 518192K [0x00000000cccc0000, 0x0000000100000000, 0x0000000100000000)
 Metaspace       used 3934K, capacity 4536K, committed 4864K, reserved 1056768K
  class space    used 425K, capacity 428K, committed 512K, reserved 1048576K
}
2024-07-26T01:31:17.510+0800: 9.109: Total time for which application threads were stopped: 0.0033512 seconds, Stopping threads took: 0.0000193 seconds
{Heap before GC invocations=355 (full 30):
 par new generation   total 188736K, used 174361K [0x00000000c0000000, 0x00000000cccc0000, 0x00000000cccc0000)
  eden space 167808K,  99% used [0x00000000c0000000, 0x00000000ca346440, 0x00000000ca3e0000)
  from space 20928K,  34% used [0x00000000ca3e0000, 0x00000000caae0070, 0x00000000cb850000)
  to   space 20928K,   0% used [0x00000000cb850000, 0x00000000cb850000, 0x00000000cccc0000)
 concurrent mark-sweep generation total 838912K, used 518192K [0x00000000cccc0000, 0x0000000100000000, 0x0000000100000000)
 Metaspace       used 3934K, capacity 4536K, committed 4864K, reserved 1056768K
  class space    used 425K, capacity 428K, committed 512K, reserved 1048576K
2024-07-26T01:31:17.524+0800: 9.123: [GC (Allocation Failure) 2024-07-26T01:31:17.524+0800: 9.123: [ParNew2024-07-26T01:31:17.534+0800: 9.134: [SoftReference, 0 refs, 0.0000403 secs]2024-07-26T01:31:17.534+0800: 9.134: [WeakReference, 0 refs, 0.0000076 secs]2024-07-26T01:31:17.534+0800: 9.134: [FinalReference, 0 refs, 0.0000069 secs]2024-07-26T01:31:17.535+0800: 9.134: [PhantomReference, 0 refs, 0.0000065 secs]2024-07-26T01:31:17.535+0800: 9.134: [JNI Weak Reference, 0.0000066 secs]
Desired survivor size 10715136 bytes, new threshold 1 (max 1)
- age   1:   20971840 bytes,   20971840 total
: 174361K->20480K(188736K), 0.0108159 secs] 692553K->588851K(1027648K), 0.0108574 secs] [Times: user=0.01 sys=0.00, real=0.01 secs] 
Heap after GC invocations=356 (full 30):
 par new generation   total 188736K, used 20480K [0x00000000c0000000, 0x00000000cccc0000, 0x00000000cccc0000)
  eden space 167808K,   0% used [0x00000000c0000000, 0x00000000c0000000, 0x00000000ca3e0000)
  from space 20928K,  97% used [0x00000000cb850000, 0x00000000ccc50140, 0x00000000cccc0000)
  to   space 20928K,   0% used [0x00000000ca3e0000, 0x00000000ca3e0000, 0x00000000cb850000)
 concurrent mark-sweep generation total 838912K, used 568371K [0x00000000cccc0000, 0x0000000100000000, 0x0000000100000000)
 Metaspace       used 3934K, capacity 4536K, committed 4864K, reserved 1056768K
  class space    used 425K, capacity 428K, committed 512K, reserved 1048576K
}
2024-07-26T01:31:17.535+0800: 9.134: Total time for which application threads were stopped: 0.0109829 seconds, Stopping threads took: 0.0000212 seconds
{Heap before GC invocations=356 (full 30):
 par new generation   total 188736K, used 187673K [0x00000000c0000000, 0x00000000cccc0000, 0x00000000cccc0000)
  eden space 167808K,  99% used [0x00000000c0000000, 0x00000000ca346440, 0x00000000ca3e0000)
  from space 20928K,  97% used [0x00000000cb850000, 0x00000000ccc50140, 0x00000000cccc0000)
  to   space 20928K,   0% used [0x00000000ca3e0000, 0x00000000ca3e0000, 0x00000000cb850000)
 concurrent mark-sweep generation total 838912K, used 568371K [0x00000000cccc0000, 0x0000000100000000, 0x0000000100000000)
 Metaspace       used 3934K, capacity 4536K, committed 4864K, reserved 1056768K
  class space    used 425K, capacity 428K, committed 512K, reserved 1048576K
2024-07-26T01:31:17.548+0800: 9.148: [GC (Allocation Failure) 2024-07-26T01:31:17.548+0800: 9.148: [ParNew2024-07-26T01:31:17.555+0800: 9.154: [SoftReference, 0 refs, 0.0000323 secs]2024-07-26T01:31:17.555+0800: 9.154: [WeakReference, 0 refs, 0.0000042 secs]2024-07-26T01:31:17.555+0800: 9.154: [FinalReference, 0 refs, 0.0000037 secs]2024-07-26T01:31:17.555+0800: 9.154: [PhantomReference, 0 refs, 0.0000034 secs]2024-07-26T01:31:17.555+0800: 9.154: [JNI Weak Reference, 0.0000042 secs]
Desired survivor size 10715136 bytes, new threshold 1 (max 1)
- age   1:   20971840 bytes,   20971840 total
: 187673K->20480K(188736K), 0.0062016 secs] 756044K->599091K(1027648K), 0.0062411 secs] [Times: user=0.00 sys=0.00, real=0.01 secs] 
Heap after GC invocations=357 (full 30):
 par new generation   total 188736K, used 20480K [0x00000000c0000000, 0x00000000cccc0000, 0x00000000cccc0000)
  eden space 167808K,   0% used [0x00000000c0000000, 0x00000000c0000000, 0x00000000ca3e0000)
  from space 20928K,  97% used [0x00000000ca3e0000, 0x00000000cb7e0140, 0x00000000cb850000)
  to   space 20928K,   0% used [0x00000000cb850000, 0x00000000cb850000, 0x00000000cccc0000)
 concurrent mark-sweep generation total 838912K, used 578611K [0x00000000cccc0000, 0x0000000100000000, 0x0000000100000000)
 Metaspace       used 3934K, capacity 4536K, committed 4864K, reserved 1056768K
  class space    used 425K, capacity 428K, committed 512K, reserved 1048576K
}
2024-07-26T01:31:17.555+0800: 9.154: Total time for which application threads were stopped: 0.0063569 seconds, Stopping threads took: 0.0000224 seconds
{Heap before GC invocations=357 (full 30):
 par new generation   total 188736K, used 187673K [0x00000000c0000000, 0x00000000cccc0000, 0x00000000cccc0000)
  eden space 167808K,  99% used [0x00000000c0000000, 0x00000000ca346440, 0x00000000ca3e0000)
  from space 20928K,  97% used [0x00000000ca3e0000, 0x00000000cb7e0140, 0x00000000cb850000)
  to   space 20928K,   0% used [0x00000000cb850000, 0x00000000cb850000, 0x00000000cccc0000)
 concurrent mark-sweep generation total 838912K, used 578611K [0x00000000cccc0000, 0x0000000100000000, 0x0000000100000000)
 Metaspace       used 3934K, capacity 4536K, committed 4864K, reserved 1056768K
  class space    used 425K, capacity 428K, committed 512K, reserved 1048576K
2024-07-26T01:31:17.569+0800: 9.169: [GC (Allocation Failure) 2024-07-26T01:31:17.569+0800: 9.169: [ParNew2024-07-26T01:31:17.583+0800: 9.182: [SoftReference, 0 refs, 0.0000540 secs]2024-07-26T01:31:17.583+0800: 9.182: [WeakReference, 0 refs, 0.0000493 secs]2024-07-26T01:31:17.583+0800: 9.182: [FinalReference, 0 refs, 0.0000040 secs]2024-07-26T01:31:17.583+0800: 9.182: [PhantomReference, 0 refs, 0.0000036 secs]2024-07-26T01:31:17.583+0800: 9.182: [JNI Weak Reference, 0.0000041 secs]
Desired survivor size 10715136 bytes, new threshold 1 (max 1)
- age   1:   20971840 bytes,   20971840 total
: 187673K->20480K(188736K), 0.0135925 secs] 766284K->672820K(1027648K), 0.0136263 secs] [Times: user=0.00 sys=0.00, real=0.01 secs] 
Heap after GC invocations=358 (full 30):
 par new generation   total 188736K, used 20480K [0x00000000c0000000, 0x00000000cccc0000, 0x00000000cccc0000)
  eden space 167808K,   0% used [0x00000000c0000000, 0x00000000c0000000, 0x00000000ca3e0000)
  from space 20928K,  97% used [0x00000000cb850000, 0x00000000ccc50140, 0x00000000cccc0000)
  to   space 20928K,   0% used [0x00000000ca3e0000, 0x00000000ca3e0000, 0x00000000cb850000)
 concurrent mark-sweep generation total 838912K, used 652340K [0x00000000cccc0000, 0x0000000100000000, 0x0000000100000000)
 Metaspace       used 3934K, capacity 4536K, committed 4864K, reserved 1056768K
  class space    used 425K, capacity 428K, committed 512K, reserved 1048576K
}
2024-07-26T01:31:17.583+0800: 9.182: Total time for which application threads were stopped: 0.0137332 seconds, Stopping threads took: 0.0000227 seconds
{Heap before GC invocations=358 (full 30):
 par new generation   total 188736K, used 187673K [0x00000000c0000000, 0x00000000cccc0000, 0x00000000cccc0000)
  eden space 167808K,  99% used [0x00000000c0000000, 0x00000000ca346440, 0x00000000ca3e0000)
  from space 20928K,  97% used [0x00000000cb850000, 0x00000000ccc50140, 0x00000000cccc0000)
  to   space 20928K,   0% used [0x00000000ca3e0000, 0x00000000ca3e0000, 0x00000000cb850000)
 concurrent mark-sweep generation total 838912K, used 652340K [0x00000000cccc0000, 0x0000000100000000, 0x0000000100000000)
 Metaspace       used 3934K, capacity 4536K, committed 4864K, reserved 1056768K
  class space    used 425K, capacity 428K, committed 512K, reserved 1048576K
2024-07-26T01:31:17.597+0800: 9.196: [GC (Allocation Failure) 2024-07-26T01:31:17.597+0800: 9.196: [ParNew2024-07-26T01:31:17.606+0800: 9.206: [SoftReference, 0 refs, 0.0000416 secs]2024-07-26T01:31:17.606+0800: 9.206: [WeakReference, 0 refs, 0.0000042 secs]2024-07-26T01:31:17.606+0800: 9.206: [FinalReference, 0 refs, 0.0000037 secs]2024-07-26T01:31:17.606+0800: 9.206: [PhantomReference, 0 refs, 0.0000037 secs]2024-07-26T01:31:17.606+0800: 9.206: [JNI Weak Reference, 0.0000043 secs]
Desired survivor size 10715136 bytes, new threshold 1 (max 1)
- age   1:   20971840 bytes,   20971840 total
: 187673K->20480K(188736K), 0.0096872 secs] 840013K->706613K(1027648K), 0.0097285 secs] [Times: user=0.00 sys=0.00, real=0.01 secs] 
Heap after GC invocations=359 (full 30):
 par new generation   total 188736K, used 20480K [0x00000000c0000000, 0x00000000cccc0000, 0x00000000cccc0000)
  eden space 167808K,   0% used [0x00000000c0000000, 0x00000000c0000000, 0x00000000ca3e0000)
  from space 20928K,  97% used [0x00000000ca3e0000, 0x00000000cb7e0140, 0x00000000cb850000)
  to   space 20928K,   0% used [0x00000000cb850000, 0x00000000cb850000, 0x00000000cccc0000)
 concurrent mark-sweep generation total 838912K, used 686132K [0x00000000cccc0000, 0x0000000100000000, 0x0000000100000000)
 Metaspace       used 3934K, capacity 4536K, committed 4864K, reserved 1056768K
  class space    used 425K, capacity 428K, committed 512K, reserved 1048576K
}
2024-07-26T01:31:17.606+0800: 9.206: Total time for which application threads were stopped: 0.0098439 seconds, Stopping threads took: 0.0000212 seconds
{Heap before GC invocations=359 (full 30):
 par new generation   total 188736K, used 187673K [0x00000000c0000000, 0x00000000cccc0000, 0x00000000cccc0000)
  eden space 167808K,  99% used [0x00000000c0000000, 0x00000000ca346440, 0x00000000ca3e0000)
  from space 20928K,  97% used [0x00000000ca3e0000, 0x00000000cb7e0140, 0x00000000cb850000)
  to   space 20928K,   0% used [0x00000000cb850000, 0x00000000cb850000, 0x00000000cccc0000)
 concurrent mark-sweep generation total 838912K, used 686132K [0x00000000cccc0000, 0x0000000100000000, 0x0000000100000000)
 Metaspace       used 3934K, capacity 4536K, committed 4864K, reserved 1056768K
  class space    used 425K, capacity 428K, committed 512K, reserved 1048576K
2024-07-26T01:31:17.622+0800: 9.222: [GC (Allocation Failure) 2024-07-26T01:31:17.622+0800: 9.222: [ParNew2024-07-26T01:31:17.627+0800: 9.226: [SoftReference, 0 refs, 0.0000465 secs]2024-07-26T01:31:17.627+0800: 9.226: [WeakReference, 0 refs, 0.0000043 secs]2024-07-26T01:31:17.627+0800: 9.226: [FinalReference, 0 refs, 0.0000039 secs]2024-07-26T01:31:17.627+0800: 9.226: [PhantomReference, 0 refs, 0.0000037 secs]2024-07-26T01:31:17.627+0800: 9.226: [JNI Weak Reference, 0.0000047 secs]
Desired survivor size 10715136 bytes, new threshold 1 (max 1)
- age   1:   14680288 bytes,   14680288 total
: 187673K->14336K(188736K), 0.0047276 secs] 873806K->700469K(1027648K), 0.0047711 secs] [Times: user=0.00 sys=0.00, real=0.01 secs] 
Heap after GC invocations=360 (full 30):
 par new generation   total 188736K, used 14336K [0x00000000c0000000, 0x00000000cccc0000, 0x00000000cccc0000)
  eden space 167808K,   0% used [0x00000000c0000000, 0x00000000c0000000, 0x00000000ca3e0000)
  from space 20928K,  68% used [0x00000000cb850000, 0x00000000cc6500e0, 0x00000000cccc0000)
  to   space 20928K,   0% used [0x00000000ca3e0000, 0x00000000ca3e0000, 0x00000000cb850000)
 concurrent mark-sweep generation total 838912K, used 686132K [0x00000000cccc0000, 0x0000000100000000, 0x0000000100000000)
 Metaspace       used 3934K, capacity 4536K, committed 4864K, reserved 1056768K
  class space    used 425K, capacity 428K, committed 512K, reserved 1048576K
}
2024-07-26T01:31:17.627+0800: 9.226: Total time for which application threads were stopped: 0.0048852 seconds, Stopping threads took: 0.0000231 seconds
{Heap before GC invocations=360 (full 30):
 par new generation   total 188736K, used 181529K [0x00000000c0000000, 0x00000000cccc0000, 0x00000000cccc0000)
  eden space 167808K,  99% used [0x00000000c0000000, 0x00000000ca346440, 0x00000000ca3e0000)
  from space 20928K,  68% used [0x00000000cb850000, 0x00000000cc6500e0, 0x00000000cccc0000)
  to   space 20928K,   0% used [0x00000000ca3e0000, 0x00000000ca3e0000, 0x00000000cb850000)
 concurrent mark-sweep generation total 838912K, used 686132K [0x00000000cccc0000, 0x0000000100000000, 0x0000000100000000)
 Metaspace       used 3934K, capacity 4536K, committed 4864K, reserved 1056768K
  class space    used 425K, capacity 428K, committed 512K, reserved 1048576K
2024-07-26T01:31:17.641+0800: 9.240: [GC (Allocation Failure) 2024-07-26T01:31:17.641+0800: 9.240: [ParNew2024-07-26T01:31:17.654+0800: 9.254: [SoftReference, 0 refs, 0.0000464 secs]2024-07-26T01:31:17.654+0800: 9.254: [WeakReference, 0 refs, 0.0000080 secs]2024-07-26T01:31:17.654+0800: 9.254: [FinalReference, 0 refs, 0.0000069 secs]2024-07-26T01:31:17.654+0800: 9.254: [PhantomReference, 0 refs, 0.0000109 secs]2024-07-26T01:31:17.654+0800: 9.254: [JNI Weak Reference, 0.0000063 secs]
Desired survivor size 10715136 bytes, new threshold 1 (max 1)
- age   1:   20971840 bytes,   20971840 total
: 181529K->20480K(188736K), 0.0134078 secs] 867662K->763958K(1027648K), 0.0134529 secs] [Times: user=0.02 sys=0.00, real=0.01 secs] 
Heap after GC invocations=361 (full 30):
 par new generation   total 188736K, used 20480K [0x00000000c0000000, 0x00000000cccc0000, 0x00000000cccc0000)
  eden space 167808K,   0% used [0x00000000c0000000, 0x00000000c0000000, 0x00000000ca3e0000)
  from space 20928K,  97% used [0x00000000ca3e0000, 0x00000000cb7e0140, 0x00000000cb850000)
  to   space 20928K,   0% used [0x00000000cb850000, 0x00000000cb850000, 0x00000000cccc0000)
 concurrent mark-sweep generation total 838912K, used 743477K [0x00000000cccc0000, 0x0000000100000000, 0x0000000100000000)
 Metaspace       used 3934K, capacity 4536K, committed 4864K, reserved 1056768K
  class space    used 425K, capacity 428K, committed 512K, reserved 1048576K
}
2024-07-26T01:31:17.654+0800: 9.254: Total time for which application threads were stopped: 0.0135896 seconds, Stopping threads took: 0.0000269 seconds
{Heap before GC invocations=361 (full 30):
 par new generation   total 188736K, used 187673K [0x00000000c0000000, 0x00000000cccc0000, 0x00000000cccc0000)
  eden space 167808K,  99% used [0x00000000c0000000, 0x00000000ca346440, 0x00000000ca3e0000)
  from space 20928K,  97% used [0x00000000ca3e0000, 0x00000000cb7e0140, 0x00000000cb850000)
  to   space 20928K,   0% used [0x00000000cb850000, 0x00000000cb850000, 0x00000000cccc0000)
 concurrent mark-sweep generation total 838912K, used 743477K [0x00000000cccc0000, 0x0000000100000000, 0x0000000100000000)
 Metaspace       used 3934K, capacity 4536K, committed 4864K, reserved 1056768K
  class space    used 425K, capacity 428K, committed 512K, reserved 1048576K
2024-07-26T01:31:17.670+0800: 9.269: [GC (Allocation Failure) 2024-07-26T01:31:17.670+0800: 9.269: [ParNew2024-07-26T01:31:17.676+0800: 9.275: [SoftReference, 0 refs, 0.0000353 secs]2024-07-26T01:31:17.676+0800: 9.275: [WeakReference, 0 refs, 0.0000041 secs]2024-07-26T01:31:17.676+0800: 9.275: [FinalReference, 0 refs, 0.0000037 secs]2024-07-26T01:31:17.676+0800: 9.275: [PhantomReference, 0 refs, 0.0000033 secs]2024-07-26T01:31:17.676+0800: 9.275: [JNI Weak Reference, 0.0000041 secs]
Desired survivor size 10715136 bytes, new threshold 1 (max 1)
- age   1:   20971840 bytes,   20971840 total
: 187673K->20480K(188736K), 0.0058918 secs] 931151K->781368K(1027648K), 0.0059426 secs] [Times: user=0.00 sys=0.00, real=0.01 secs] 
Heap after GC invocations=362 (full 30):
 par new generation   total 188736K, used 20480K [0x00000000c0000000, 0x00000000cccc0000, 0x00000000cccc0000)
  eden space 167808K,   0% used [0x00000000c0000000, 0x00000000c0000000, 0x00000000ca3e0000)
  from space 20928K,  97% used [0x00000000cb850000, 0x00000000ccc50140, 0x00000000cccc0000)
  to   space 20928K,   0% used [0x00000000ca3e0000, 0x00000000ca3e0000, 0x00000000cb850000)
 concurrent mark-sweep generation total 838912K, used 760888K [0x00000000cccc0000, 0x0000000100000000, 0x0000000100000000)
 Metaspace       used 3934K, capacity 4536K, committed 4864K, reserved 1056768K
  class space    used 425K, capacity 428K, committed 512K, reserved 1048576K
}
2024-07-26T01:31:17.676+0800: 9.275: Total time for which application threads were stopped: 0.0060751 seconds, Stopping threads took: 0.0000320 seconds
{Heap before GC invocations=362 (full 30):
 par new generation   total 188736K, used 187673K [0x00000000c0000000, 0x00000000cccc0000, 0x00000000cccc0000)
  eden space 167808K,  99% used [0x00000000c0000000, 0x00000000ca346440, 0x00000000ca3e0000)
  from space 20928K,  97% used [0x00000000cb850000, 0x00000000ccc50140, 0x00000000cccc0000)
  to   space 20928K,   0% used [0x00000000ca3e0000, 0x00000000ca3e0000, 0x00000000cb850000)
 concurrent mark-sweep generation total 838912K, used 760888K [0x00000000cccc0000, 0x0000000100000000, 0x0000000100000000)
 Metaspace       used 3934K, capacity 4536K, committed 4864K, reserved 1056768K
  class space    used 425K, capacity 428K, committed 512K, reserved 1048576K
2024-07-26T01:31:17.690+0800: 9.289: [GC (Allocation Failure) 2024-07-26T01:31:17.690+0800: 9.289: [ParNew2024-07-26T01:31:17.705+0800: 9.305: [SoftReference, 0 refs, 0.0000282 secs]2024-07-26T01:31:17.705+0800: 9.305: [WeakReference, 0 refs, 0.0000041 secs]2024-07-26T01:31:17.705+0800: 9.305: [FinalReference, 0 refs, 0.0000036 secs]2024-07-26T01:31:17.705+0800: 9.305: [PhantomReference, 0 refs, 0.0000034 secs]2024-07-26T01:31:17.705+0800: 9.305: [JNI Weak Reference, 0.0000040 secs] (promotion failed): 187673K->187673K(188736K), 0.0152313 secs]2024-07-26T01:31:17.705+0800: 9.305: [CMS2024-07-26T01:31:17.706+0800: 9.305: [CMS-concurrent-abortable-preclean: 0.010/0.341 secs] [Times: user=0.16 sys=0.02, real=0.34 secs] 
 (concurrent mode failure)2024-07-26T01:31:17.706+0800: 9.305: [SoftReference, 0 refs, 0.0000119 secs]2024-07-26T01:31:17.706+0800: 9.305: [WeakReference, 2 refs, 0.0000066 secs]2024-07-26T01:31:17.706+0800: 9.305: [FinalReference, 2 refs, 0.0000036 secs]2024-07-26T01:31:17.706+0800: 9.305: [PhantomReference, 0 refs, 0.0000031 secs]2024-07-26T01:31:17.706+0800: 9.305: [JNI Weak Reference, 0.0000032 secs]: 838715K->102433K(838912K), 0.0155124 secs] 948561K->102433K(1027648K), [Metaspace: 3934K->3934K(1056768K)], 0.0308092 secs] [Times: user=0.03 sys=0.00, real=0.03 secs] 
Heap after GC invocations=363 (full 31):
 par new generation   total 188736K, used 0K [0x00000000c0000000, 0x00000000cccc0000, 0x00000000cccc0000)
  eden space 167808K,   0% used [0x00000000c0000000, 0x00000000c0000000, 0x00000000ca3e0000)
  from space 20928K,   0% used [0x00000000ca3e0000, 0x00000000ca3e0000, 0x00000000cb850000)
  to   space 20928K,   0% used [0x00000000cb850000, 0x00000000cb850000, 0x00000000cccc0000)
 concurrent mark-sweep generation total 838912K, used 102433K [0x00000000cccc0000, 0x0000000100000000, 0x0000000100000000)
 Metaspace       used 3934K, capacity 4536K, committed 4864K, reserved 1056768K
  class space    used 425K, capacity 428K, committed 512K, reserved 1048576K
}
2024-07-26T01:31:17.721+0800: 9.320: Total time for which application threads were stopped: 0.0309379 seconds, Stopping threads took: 0.0000245 seconds
{Heap before GC invocations=363 (full 31):
 par new generation   total 188736K, used 167193K [0x00000000c0000000, 0x00000000cccc0000, 0x00000000cccc0000)
  eden space 167808K,  99% used [0x00000000c0000000, 0x00000000ca346440, 0x00000000ca3e0000)
  from space 20928K,   0% used [0x00000000ca3e0000, 0x00000000ca3e0000, 0x00000000cb850000)
  to   space 20928K,   0% used [0x00000000cb850000, 0x00000000cb850000, 0x00000000cccc0000)
 concurrent mark-sweep generation total 838912K, used 102433K [0x00000000cccc0000, 0x0000000100000000, 0x0000000100000000)
 Metaspace       used 3934K, capacity 4536K, committed 4864K, reserved 1056768K
  class space    used 425K, capacity 428K, committed 512K, reserved 1048576K
2024-07-26T01:31:17.735+0800: 9.334: [GC (Allocation Failure) 2024-07-26T01:31:17.735+0800: 9.334: [ParNew2024-07-26T01:31:17.746+0800: 9.345: [SoftReference, 0 refs, 0.0000286 secs]2024-07-26T01:31:17.746+0800: 9.345: [WeakReference, 0 refs, 0.0000041 secs]2024-07-26T01:31:17.746+0800: 9.345: [FinalReference, 0 refs, 0.0000039 secs]2024-07-26T01:31:17.746+0800: 9.345: [PhantomReference, 0 refs, 0.0000035 secs]2024-07-26T01:31:17.746+0800: 9.345: [JNI Weak Reference, 0.0000041 secs]
Desired survivor size 10715136 bytes, new threshold 1 (max 1)
- age   1:   20971840 bytes,   20971840 total
: 167193K->20480K(188736K), 0.0104972 secs] 269626K->163876K(1027648K), 0.0105379 secs] [Times: user=0.00 sys=0.00, real=0.01 secs] 
Heap after GC invocations=364 (full 31):
 par new generation   total 188736K, used 20480K [0x00000000c0000000, 0x00000000cccc0000, 0x00000000cccc0000)
  eden space 167808K,   0% used [0x00000000c0000000, 0x00000000c0000000, 0x00000000ca3e0000)
  from space 20928K,  97% used [0x00000000cb850000, 0x00000000ccc50140, 0x00000000cccc0000)
  to   space 20928K,   0% used [0x00000000ca3e0000, 0x00000000ca3e0000, 0x00000000cb850000)
 concurrent mark-sweep generation total 838912K, used 143396K [0x00000000cccc0000, 0x0000000100000000, 0x0000000100000000)
 Metaspace       used 3934K, capacity 4536K, committed 4864K, reserved 1056768K
  class space    used 425K, capacity 428K, committed 512K, reserved 1048576K
}
2024-07-26T01:31:17.746+0800: 9.345: Total time for which application threads were stopped: 0.0106526 seconds, Stopping threads took: 0.0000250 seconds
{Heap before GC invocations=364 (full 31):
 par new generation   total 188736K, used 187673K [0x00000000c0000000, 0x00000000cccc0000, 0x00000000cccc0000)
  eden space 167808K,  99% used [0x00000000c0000000, 0x00000000ca346440, 0x00000000ca3e0000)
  from space 20928K,  97% used [0x00000000cb850000, 0x00000000ccc50140, 0x00000000cccc0000)
  to   space 20928K,   0% used [0x00000000ca3e0000, 0x00000000ca3e0000, 0x00000000cb850000)
 concurrent mark-sweep generation total 838912K, used 143396K [0x00000000cccc0000, 0x0000000100000000, 0x0000000100000000)
 Metaspace       used 3934K, capacity 4536K, committed 4864K, reserved 1056768K
  class space    used 425K, capacity 428K, committed 512K, reserved 1048576K
2024-07-26T01:31:17.759+0800: 9.358: [GC (Allocation Failure) 2024-07-26T01:31:17.759+0800: 9.359: [ParNew2024-07-26T01:31:17.765+0800: 9.364: [SoftReference, 0 refs, 0.0000720 secs]2024-07-26T01:31:17.765+0800: 9.364: [WeakReference, 0 refs, 0.0000050 secs]2024-07-26T01:31:17.765+0800: 9.364: [FinalReference, 0 refs, 0.0000041 secs]2024-07-26T01:31:17.765+0800: 9.364: [PhantomReference, 0 refs, 0.0000042 secs]2024-07-26T01:31:17.765+0800: 9.364: [JNI Weak Reference, 0.0000044 secs]
Desired survivor size 10715136 bytes, new threshold 1 (max 1)
- age   1:   20971840 bytes,   20971840 total
: 187673K->20480K(188736K), 0.0058534 secs] 331069K->164902K(1027648K), 0.0059106 secs] [Times: user=0.08 sys=0.00, real=0.01 secs] 
Heap after GC invocations=365 (full 31):
 par new generation   total 188736K, used 20480K [0x00000000c0000000, 0x00000000cccc0000, 0x00000000cccc0000)
  eden space 167808K,   0% used [0x00000000c0000000, 0x00000000c0000000, 0x00000000ca3e0000)
  from space 20928K,  97% used [0x00000000ca3e0000, 0x00000000cb7e0140, 0x00000000cb850000)
  to   space 20928K,   0% used [0x00000000cb850000, 0x00000000cb850000, 0x00000000cccc0000)
 concurrent mark-sweep generation total 838912K, used 144422K [0x00000000cccc0000, 0x0000000100000000, 0x0000000100000000)
 Metaspace       used 3934K, capacity 4536K, committed 4864K, reserved 1056768K
  class space    used 425K, capacity 428K, committed 512K, reserved 1048576K
}
2024-07-26T01:31:17.765+0800: 9.364: Total time for which application threads were stopped: 0.0060214 seconds, Stopping threads took: 0.0000194 seconds
{Heap before GC invocations=365 (full 31):
 par new generation   total 188736K, used 187673K [0x00000000c0000000, 0x00000000cccc0000, 0x00000000cccc0000)
  eden space 167808K,  99% used [0x00000000c0000000, 0x00000000ca346440, 0x00000000ca3e0000)
  from space 20928K,  97% used [0x00000000ca3e0000, 0x00000000cb7e0140, 0x00000000cb850000)
  to   space 20928K,   0% used [0x00000000cb850000, 0x00000000cb850000, 0x00000000cccc0000)
 concurrent mark-sweep generation total 838912K, used 144422K [0x00000000cccc0000, 0x0000000100000000, 0x0000000100000000)
 Metaspace       used 3934K, capacity 4536K, committed 4864K, reserved 1056768K
  class space    used 425K, capacity 428K, committed 512K, reserved 1048576K
2024-07-26T01:31:17.779+0800: 9.379: [GC (Allocation Failure) 2024-07-26T01:31:17.779+0800: 9.379: [ParNew2024-07-26T01:31:17.795+0800: 9.395: [SoftReference, 0 refs, 0.0000434 secs]2024-07-26T01:31:17.795+0800: 9.395: [WeakReference, 0 refs, 0.0000074 secs]2024-07-26T01:31:17.795+0800: 9.395: [FinalReference, 0 refs, 0.0000065 secs]2024-07-26T01:31:17.795+0800: 9.395: [PhantomReference, 0 refs, 0.0000065 secs]2024-07-26T01:31:17.795+0800: 9.395: [JNI Weak Reference, 0.0000066 secs]
Desired survivor size 10715136 bytes, new threshold 1 (max 1)
- age   1:   20971840 bytes,   20971840 total
: 187673K->20480K(188736K), 0.0158427 secs] 332095K->229417K(1027648K), 0.0158912 secs] [Times: user=0.00 sys=0.00, real=0.02 secs] 
Heap after GC invocations=366 (full 31):
 par new generation   total 188736K, used 20480K [0x00000000c0000000, 0x00000000cccc0000, 0x00000000cccc0000)
  eden space 167808K,   0% used [0x00000000c0000000, 0x00000000c0000000, 0x00000000ca3e0000)
  from space 20928K,  97% used [0x00000000cb850000, 0x00000000ccc50140, 0x00000000cccc0000)
  to   space 20928K,   0% used [0x00000000ca3e0000, 0x00000000ca3e0000, 0x00000000cb850000)
 concurrent mark-sweep generation total 838912K, used 208937K [0x00000000cccc0000, 0x0000000100000000, 0x0000000100000000)
 Metaspace       used 3934K, capacity 4536K, committed 4864K, reserved 1056768K
  class space    used 425K, capacity 428K, committed 512K, reserved 1048576K
}
2024-07-26T01:31:17.795+0800: 9.395: Total time for which application threads were stopped: 0.0160302 seconds, Stopping threads took: 0.0000264 seconds
{Heap before GC invocations=366 (full 31):
 par new generation   total 188736K, used 187673K [0x00000000c0000000, 0x00000000cccc0000, 0x00000000cccc0000)
  eden space 167808K,  99% used [0x00000000c0000000, 0x00000000ca346440, 0x00000000ca3e0000)
  from space 20928K,  97% used [0x00000000cb850000, 0x00000000ccc50140, 0x00000000cccc0000)
  to   space 20928K,   0% used [0x00000000ca3e0000, 0x00000000ca3e0000, 0x00000000cb850000)
 concurrent mark-sweep generation total 838912K, used 208937K [0x00000000cccc0000, 0x0000000100000000, 0x0000000100000000)
 Metaspace       used 3934K, capacity 4536K, committed 4864K, reserved 1056768K
  class space    used 425K, capacity 428K, committed 512K, reserved 1048576K
2024-07-26T01:31:17.809+0800: 9.409: [GC (Allocation Failure) 2024-07-26T01:31:17.809+0800: 9.409: [ParNew2024-07-26T01:31:17.820+0800: 9.419: [SoftReference, 0 refs, 0.0000342 secs]2024-07-26T01:31:17.820+0800: 9.419: [WeakReference, 0 refs, 0.0000060 secs]2024-07-26T01:31:17.820+0800: 9.419: [FinalReference, 0 refs, 0.0000050 secs]2024-07-26T01:31:17.820+0800: 9.419: [PhantomReference, 0 refs, 0.0000051 secs]2024-07-26T01:31:17.820+0800: 9.419: [JNI Weak Reference, 0.0000055 secs]
Desired survivor size 10715136 bytes, new threshold 1 (max 1)
- age   1:   20971840 bytes,   20971840 total
: 187673K->20480K(188736K), 0.0101667 secs] 396610K->253994K(1027648K), 0.0102107 secs] [Times: user=0.00 sys=0.00, real=0.01 secs] 
Heap after GC invocations=367 (full 31):
 par new generation   total 188736K, used 20480K [0x00000000c0000000, 0x00000000cccc0000, 0x00000000cccc0000)
  eden space 167808K,   0% used [0x00000000c0000000, 0x00000000c0000000, 0x00000000ca3e0000)
  from space 20928K,  97% used [0x00000000ca3e0000, 0x00000000cb7e0140, 0x00000000cb850000)
  to   space 20928K,   0% used [0x00000000cb850000, 0x00000000cb850000, 0x00000000cccc0000)
 concurrent mark-sweep generation total 838912K, used 233513K [0x00000000cccc0000, 0x0000000100000000, 0x0000000100000000)
 Metaspace       used 3934K, capacity 4536K, committed 4864K, reserved 1056768K
  class space    used 425K, capacity 428K, committed 512K, reserved 1048576K
}
2024-07-26T01:31:17.820+0800: 9.419: Total time for which application threads were stopped: 0.0103321 seconds, Stopping threads took: 0.0000256 seconds
{Heap before GC invocations=367 (full 31):
 par new generation   total 188736K, used 187673K [0x00000000c0000000, 0x00000000cccc0000, 0x00000000cccc0000)
  eden space 167808K,  99% used [0x00000000c0000000, 0x00000000ca346440, 0x00000000ca3e0000)
  from space 20928K,  97% used [0x00000000ca3e0000, 0x00000000cb7e0140, 0x00000000cb850000)
  to   space 20928K,   0% used [0x00000000cb850000, 0x00000000cb850000, 0x00000000cccc0000)
 concurrent mark-sweep generation total 838912K, used 233513K [0x00000000cccc0000, 0x0000000100000000, 0x0000000100000000)
 Metaspace       used 3934K, capacity 4536K, committed 4864K, reserved 1056768K
  class space    used 425K, capacity 428K, committed 512K, reserved 1048576K
2024-07-26T01:31:17.834+0800: 9.433: [GC (Allocation Failure) 2024-07-26T01:31:17.834+0800: 9.433: [ParNew2024-07-26T01:31:17.837+0800: 9.436: [SoftReference, 0 refs, 0.0000385 secs]2024-07-26T01:31:17.837+0800: 9.436: [WeakReference, 0 refs, 0.0000044 secs]2024-07-26T01:31:17.837+0800: 9.436: [FinalReference, 0 refs, 0.0000038 secs]2024-07-26T01:31:17.837+0800: 9.436: [PhantomReference, 0 refs, 0.0000040 secs]2024-07-26T01:31:17.837+0800: 9.436: [JNI Weak Reference, 0.0000041 secs]
Desired survivor size 10715136 bytes, new threshold 1 (max 1)
- age   1:    5242960 bytes,    5242960 total
: 187673K->5120K(188736K), 0.0030271 secs] 421187K->238633K(1027648K), 0.0030706 secs] [Times: user=0.00 sys=0.00, real=0.00 secs] 
Heap after GC invocations=368 (full 31):
 par new generation   total 188736K, used 5120K [0x00000000c0000000, 0x00000000cccc0000, 0x00000000cccc0000)
  eden space 167808K,   0% used [0x00000000c0000000, 0x00000000c0000000, 0x00000000ca3e0000)
  from space 20928K,  24% used [0x00000000cb850000, 0x00000000cbd50050, 0x00000000cccc0000)
  to   space 20928K,   0% used [0x00000000ca3e0000, 0x00000000ca3e0000, 0x00000000cb850000)
 concurrent mark-sweep generation total 838912K, used 233513K [0x00000000cccc0000, 0x0000000100000000, 0x0000000100000000)
 Metaspace       used 3934K, capacity 4536K, committed 4864K, reserved 1056768K
  class space    used 425K, capacity 428K, committed 512K, reserved 1048576K
}
2024-07-26T01:31:17.837+0800: 9.436: Total time for which application threads were stopped: 0.0032869 seconds, Stopping threads took: 0.0000212 seconds
{Heap before GC invocations=368 (full 31):
 par new generation   total 188736K, used 172313K [0x00000000c0000000, 0x00000000cccc0000, 0x00000000cccc0000)
  eden space 167808K,  99% used [0x00000000c0000000, 0x00000000ca346440, 0x00000000ca3e0000)
  from space 20928K,  24% used [0x00000000cb850000, 0x00000000cbd50050, 0x00000000cccc0000)
  to   space 20928K,   0% used [0x00000000ca3e0000, 0x00000000ca3e0000, 0x00000000cb850000)
 concurrent mark-sweep generation total 838912K, used 233513K [0x00000000cccc0000, 0x0000000100000000, 0x0000000100000000)
 Metaspace       used 3935K, capacity 4540K, committed 4864K, reserved 1056768K
  class space    used 425K, capacity 428K, committed 512K, reserved 1048576K
2024-07-26T01:31:17.851+0800: 9.450: [GC (Allocation Failure) 2024-07-26T01:31:17.851+0800: 9.450: [ParNew2024-07-26T01:31:17.863+0800: 9.462: [SoftReference, 0 refs, 0.0000353 secs]2024-07-26T01:31:17.863+0800: 9.462: [WeakReference, 0 refs, 0.0000043 secs]2024-07-26T01:31:17.863+0800: 9.462: [FinalReference, 0 refs, 0.0000038 secs]2024-07-26T01:31:17.863+0800: 9.462: [PhantomReference, 0 refs, 0.0000034 secs]2024-07-26T01:31:17.863+0800: 9.462: [JNI Weak Reference, 0.0000042 secs]
Desired survivor size 10715136 bytes, new threshold 1 (max 1)
- age   1:   20971840 bytes,   20971840 total
: 172313K->20480K(188736K), 0.0115544 secs] 405827K->302124K(1027648K), 0.0115894 secs] [Times: user=0.03 sys=0.00, real=0.01 secs] 
Heap after GC invocations=369 (full 31):
 par new generation   total 188736K, used 20480K [0x00000000c0000000, 0x00000000cccc0000, 0x00000000cccc0000)
  eden space 167808K,   0% used [0x00000000c0000000, 0x00000000c0000000, 0x00000000ca3e0000)
  from space 20928K,  97% used [0x00000000ca3e0000, 0x00000000cb7e0140, 0x00000000cb850000)
  to   space 20928K,   0% used [0x00000000cb850000, 0x00000000cb850000, 0x00000000cccc0000)
 concurrent mark-sweep generation total 838912K, used 281644K [0x00000000cccc0000, 0x0000000100000000, 0x0000000100000000)
 Metaspace       used 3935K, capacity 4540K, committed 4864K, reserved 1056768K
  class space    used 425K, capacity 428K, committed 512K, reserved 1048576K
}
2024-07-26T01:31:17.863+0800: 9.462: Total time for which application threads were stopped: 0.0116879 seconds, Stopping threads took: 0.0000189 seconds
{Heap before GC invocations=369 (full 31):
 par new generation   total 188736K, used 187673K [0x00000000c0000000, 0x00000000cccc0000, 0x00000000cccc0000)
  eden space 167808K,  99% used [0x00000000c0000000, 0x00000000ca346440, 0x00000000ca3e0000)
  from space 20928K,  97% used [0x00000000ca3e0000, 0x00000000cb7e0140, 0x00000000cb850000)
  to   space 20928K,   0% used [0x00000000cb850000, 0x00000000cb850000, 0x00000000cccc0000)
 concurrent mark-sweep generation total 838912K, used 281644K [0x00000000cccc0000, 0x0000000100000000, 0x0000000100000000)
 Metaspace       used 3935K, capacity 4540K, committed 4864K, reserved 1056768K
  class space    used 425K, capacity 428K, committed 512K, reserved 1048576K
2024-07-26T01:31:17.877+0800: 9.476: [GC (Allocation Failure) 2024-07-26T01:31:17.877+0800: 9.476: [ParNew2024-07-26T01:31:17.883+0800: 9.482: [SoftReference, 0 refs, 0.0000376 secs]2024-07-26T01:31:17.883+0800: 9.482: [WeakReference, 0 refs, 0.0000044 secs]2024-07-26T01:31:17.883+0800: 9.482: [FinalReference, 0 refs, 0.0000038 secs]2024-07-26T01:31:17.883+0800: 9.482: [PhantomReference, 0 refs, 0.0000038 secs]2024-07-26T01:31:17.883+0800: 9.482: [JNI Weak Reference, 0.0000076 secs]
Desired survivor size 10715136 bytes, new threshold 1 (max 1)
- age   1:   20971840 bytes,   20971840 total
: 187673K->20480K(188736K), 0.0063118 secs] 469318K->310317K(1027648K), 0.0063468 secs] [Times: user=0.00 sys=0.00, real=0.01 secs] 
Heap after GC invocations=370 (full 31):
 par new generation   total 188736K, used 20480K [0x00000000c0000000, 0x00000000cccc0000, 0x00000000cccc0000)
  eden space 167808K,   0% used [0x00000000c0000000, 0x00000000c0000000, 0x00000000ca3e0000)
  from space 20928K,  97% used [0x00000000cb850000, 0x00000000ccc50140, 0x00000000cccc0000)
  to   space 20928K,   0% used [0x00000000ca3e0000, 0x00000000ca3e0000, 0x00000000cb850000)
 concurrent mark-sweep generation total 838912K, used 289836K [0x00000000cccc0000, 0x0000000100000000, 0x0000000100000000)
 Metaspace       used 3935K, capacity 4540K, committed 4864K, reserved 1056768K
  class space    used 425K, capacity 428K, committed 512K, reserved 1048576K
}
2024-07-26T01:31:17.883+0800: 9.482: Total time for which application threads were stopped: 0.0064589 seconds, Stopping threads took: 0.0000221 seconds
{Heap before GC invocations=370 (full 31):
 par new generation   total 188736K, used 187673K [0x00000000c0000000, 0x00000000cccc0000, 0x00000000cccc0000)
  eden space 167808K,  99% used [0x00000000c0000000, 0x00000000ca346440, 0x00000000ca3e0000)
  from space 20928K,  97% used [0x00000000cb850000, 0x00000000ccc50140, 0x00000000cccc0000)
  to   space 20928K,   0% used [0x00000000ca3e0000, 0x00000000ca3e0000, 0x00000000cb850000)
 concurrent mark-sweep generation total 838912K, used 289836K [0x00000000cccc0000, 0x0000000100000000, 0x0000000100000000)
 Metaspace       used 3935K, capacity 4540K, committed 4864K, reserved 1056768K
  class space    used 425K, capacity 428K, committed 512K, reserved 1048576K
2024-07-26T01:31:17.897+0800: 9.497: [GC (Allocation Failure) 2024-07-26T01:31:17.897+0800: 9.497: [ParNew2024-07-26T01:31:17.913+0800: 9.512: [SoftReference, 0 refs, 0.0000292 secs]2024-07-26T01:31:17.913+0800: 9.512: [WeakReference, 0 refs, 0.0000044 secs]2024-07-26T01:31:17.913+0800: 9.512: [FinalReference, 0 refs, 0.0000039 secs]2024-07-26T01:31:17.913+0800: 9.512: [PhantomReference, 0 refs, 0.0000038 secs]2024-07-26T01:31:17.913+0800: 9.512: [JNI Weak Reference, 0.0000045 secs]
Desired survivor size 10715136 bytes, new threshold 1 (max 1)
- age   1:   20971840 bytes,   20971840 total
: 187673K->20480K(188736K), 0.0153909 secs] 477510K->381998K(1027648K), 0.0154304 secs] [Times: user=0.06 sys=0.00, real=0.02 secs] 
Heap after GC invocations=371 (full 31):
 par new generation   total 188736K, used 20480K [0x00000000c0000000, 0x00000000cccc0000, 0x00000000cccc0000)
  eden space 167808K,   0% used [0x00000000c0000000, 0x00000000c0000000, 0x00000000ca3e0000)
  from space 20928K,  97% used [0x00000000ca3e0000, 0x00000000cb7e0140, 0x00000000cb850000)
  to   space 20928K,   0% used [0x00000000cb850000, 0x00000000cb850000, 0x00000000cccc0000)
 concurrent mark-sweep generation total 838912K, used 361517K [0x00000000cccc0000, 0x0000000100000000, 0x0000000100000000)
 Metaspace       used 3935K, capacity 4540K, committed 4864K, reserved 1056768K
  class space    used 425K, capacity 428K, committed 512K, reserved 1048576K
}
2024-07-26T01:31:17.913+0800: 9.512: Total time for which application threads were stopped: 0.0155549 seconds, Stopping threads took: 0.0000308 seconds
2024-07-26T01:31:17.913+0800: 9.513: [GC (CMS Initial Mark) [1 CMS-initial-mark: 361517K(838912K)] 387396K(1027648K), 0.0016237 secs] [Times: user=0.00 sys=0.00, real=0.00 secs] 
2024-07-26T01:31:17.915+0800: 9.514: Total time for which application threads were stopped: 0.0018032 seconds, Stopping threads took: 0.0001400 seconds
2024-07-26T01:31:17.915+0800: 9.514: [CMS-concurrent-mark-start]
2024-07-26T01:31:17.917+0800: 9.516: [CMS-concurrent-mark: 0.002/0.002 secs] [Times: user=0.00 sys=0.00, real=0.00 secs] 
2024-07-26T01:31:17.917+0800: 9.516: [CMS-concurrent-preclean-start]
2024-07-26T01:31:17.917+0800: 9.516: [Preclean SoftReferences, 0.0000103 secs]2024-07-26T01:31:17.917+0800: 9.516: [Preclean WeakReferences, 0.0000046 secs]2024-07-26T01:31:17.917+0800: 9.516: [Preclean FinalReferences, 0.0000040 secs]2024-07-26T01:31:17.917+0800: 9.516: [Preclean PhantomReferences, 0.0000042 secs]2024-07-26T01:31:17.918+0800: 9.517: [CMS-concurrent-preclean: 0.001/0.001 secs] [Times: user=0.00 sys=0.00, real=0.00 secs] 
2024-07-26T01:31:17.918+0800: 9.517: [CMS-concurrent-abortable-preclean-start]
{Heap before GC invocations=371 (full 32):
 par new generation   total 188736K, used 187673K [0x00000000c0000000, 0x00000000cccc0000, 0x00000000cccc0000)
  eden space 167808K,  99% used [0x00000000c0000000, 0x00000000ca346440, 0x00000000ca3e0000)
  from space 20928K,  97% used [0x00000000ca3e0000, 0x00000000cb7e0140, 0x00000000cb850000)
  to   space 20928K,   0% used [0x00000000cb850000, 0x00000000cb850000, 0x00000000cccc0000)
 concurrent mark-sweep generation total 838912K, used 361517K [0x00000000cccc0000, 0x0000000100000000, 0x0000000100000000)
 Metaspace       used 3935K, capacity 4540K, committed 4864K, reserved 1056768K
  class space    used 425K, capacity 428K, committed 512K, reserved 1048576K
2024-07-26T01:31:17.931+0800: 9.530: [GC (Allocation Failure) 2024-07-26T01:31:17.931+0800: 9.530: [ParNew2024-07-26T01:31:17.942+0800: 9.541: [SoftReference, 0 refs, 0.0000462 secs]2024-07-26T01:31:17.942+0800: 9.541: [WeakReference, 0 refs, 0.0000046 secs]2024-07-26T01:31:17.942+0800: 9.541: [FinalReference, 0 refs, 0.0000039 secs]2024-07-26T01:31:17.942+0800: 9.541: [PhantomReference, 0 refs, 0.0000037 secs]2024-07-26T01:31:17.942+0800: 9.541: [JNI Weak Reference, 0.0000053 secs]
Desired survivor size 10715136 bytes, new threshold 1 (max 1)
- age   1:   20971840 bytes,   20971840 total
: 187673K->20480K(188736K), 0.0112344 secs] 549191K->413744K(1027648K), 0.0112749 secs] [Times: user=0.09 sys=0.00, real=0.01 secs] 
Heap after GC invocations=372 (full 32):
 par new generation   total 188736K, used 20480K [0x00000000c0000000, 0x00000000cccc0000, 0x00000000cccc0000)
  eden space 167808K,   0% used [0x00000000c0000000, 0x00000000c0000000, 0x00000000ca3e0000)
  from space 20928K,  97% used [0x00000000cb850000, 0x00000000ccc50140, 0x00000000cccc0000)
  to   space 20928K,   0% used [0x00000000ca3e0000, 0x00000000ca3e0000, 0x00000000cb850000)
 concurrent mark-sweep generation total 838912K, used 393264K [0x00000000cccc0000, 0x0000000100000000, 0x0000000100000000)
 Metaspace       used 3935K, capacity 4540K, committed 4864K, reserved 1056768K
  class space    used 425K, capacity 428K, committed 512K, reserved 1048576K
}
2024-07-26T01:31:17.942+0800: 9.541: Total time for which application threads were stopped: 0.0113851 seconds, Stopping threads took: 0.0000273 seconds
{Heap before GC invocations=372 (full 32):
 par new generation   total 188736K, used 187673K [0x00000000c0000000, 0x00000000cccc0000, 0x00000000cccc0000)
  eden space 167808K,  99% used [0x00000000c0000000, 0x00000000ca346440, 0x00000000ca3e0000)
  from space 20928K,  97% used [0x00000000cb850000, 0x00000000ccc50140, 0x00000000cccc0000)
  to   space 20928K,   0% used [0x00000000ca3e0000, 0x00000000ca3e0000, 0x00000000cb850000)
 concurrent mark-sweep generation total 838912K, used 393264K [0x00000000cccc0000, 0x0000000100000000, 0x0000000100000000)
 Metaspace       used 3935K, capacity 4540K, committed 4864K, reserved 1056768K
  class space    used 425K, capacity 428K, committed 512K, reserved 1048576K
2024-07-26T01:31:17.958+0800: 9.557: [GC (Allocation Failure) 2024-07-26T01:31:17.958+0800: 9.557: [ParNew2024-07-26T01:31:17.961+0800: 9.560: [SoftReference, 0 refs, 0.0000363 secs]2024-07-26T01:31:17.961+0800: 9.560: [WeakReference, 0 refs, 0.0000042 secs]2024-07-26T01:31:17.961+0800: 9.560: [FinalReference, 0 refs, 0.0000037 secs]2024-07-26T01:31:17.961+0800: 9.560: [PhantomReference, 0 refs, 0.0000036 secs]2024-07-26T01:31:17.961+0800: 9.560: [JNI Weak Reference, 0.0000048 secs]
Desired survivor size 10715136 bytes, new threshold 1 (max 1)
- age   1:   12583104 bytes,   12583104 total
: 187673K->12288K(188736K), 0.0029668 secs] 580937K->405552K(1027648K), 0.0030097 secs] [Times: user=0.00 sys=0.00, real=0.00 secs] 
Heap after GC invocations=373 (full 32):
 par new generation   total 188736K, used 12288K [0x00000000c0000000, 0x00000000cccc0000, 0x00000000cccc0000)
  eden space 167808K,   0% used [0x00000000c0000000, 0x00000000c0000000, 0x00000000ca3e0000)
  from space 20928K,  58% used [0x00000000ca3e0000, 0x00000000cafe00c0, 0x00000000cb850000)
  to   space 20928K,   0% used [0x00000000cb850000, 0x00000000cb850000, 0x00000000cccc0000)
 concurrent mark-sweep generation total 838912K, used 393264K [0x00000000cccc0000, 0x0000000100000000, 0x0000000100000000)
 Metaspace       used 3935K, capacity 4540K, committed 4864K, reserved 1056768K
  class space    used 425K, capacity 428K, committed 512K, reserved 1048576K
}
2024-07-26T01:31:17.961+0800: 9.560: Total time for which application threads were stopped: 0.0031268 seconds, Stopping threads took: 0.0000273 seconds
{Heap before GC invocations=373 (full 32):
 par new generation   total 188736K, used 179481K [0x00000000c0000000, 0x00000000cccc0000, 0x00000000cccc0000)
  eden space 167808K,  99% used [0x00000000c0000000, 0x00000000ca346440, 0x00000000ca3e0000)
  from space 20928K,  58% used [0x00000000ca3e0000, 0x00000000cafe00c0, 0x00000000cb850000)
  to   space 20928K,   0% used [0x00000000cb850000, 0x00000000cb850000, 0x00000000cccc0000)
 concurrent mark-sweep generation total 838912K, used 393264K [0x00000000cccc0000, 0x0000000100000000, 0x0000000100000000)
 Metaspace       used 3935K, capacity 4540K, committed 4864K, reserved 1056768K
  class space    used 425K, capacity 428K, committed 512K, reserved 1048576K
2024-07-26T01:31:17.975+0800: 9.575: [GC (Allocation Failure) 2024-07-26T01:31:17.975+0800: 9.575: [ParNew2024-07-26T01:31:17.992+0800: 9.591: [SoftReference, 0 refs, 0.0000319 secs]2024-07-26T01:31:17.992+0800: 9.591: [WeakReference, 0 refs, 0.0000041 secs]2024-07-26T01:31:17.992+0800: 9.591: [FinalReference, 0 refs, 0.0000037 secs]2024-07-26T01:31:17.992+0800: 9.591: [PhantomReference, 0 refs, 0.0000034 secs]2024-07-26T01:31:17.992+0800: 9.591: [JNI Weak Reference, 0.0000040 secs]
Desired survivor size 10715136 bytes, new threshold 1 (max 1)
- age   1:   20971840 bytes,   20971840 total
: 179481K->20480K(188736K), 0.0163574 secs] 572745K->469043K(1027648K), 0.0163940 secs] [Times: user=0.05 sys=0.00, real=0.02 secs] 
Heap after GC invocations=374 (full 32):
 par new generation   total 188736K, used 20480K [0x00000000c0000000, 0x00000000cccc0000, 0x00000000cccc0000)
  eden space 167808K,   0% used [0x00000000c0000000, 0x00000000c0000000, 0x00000000ca3e0000)
  from space 20928K,  97% used [0x00000000cb850000, 0x00000000ccc50140, 0x00000000cccc0000)
  to   space 20928K,   0% used [0x00000000ca3e0000, 0x00000000ca3e0000, 0x00000000cb850000)
 concurrent mark-sweep generation total 838912K, used 448563K [0x00000000cccc0000, 0x0000000100000000, 0x0000000100000000)
 Metaspace       used 3935K, capacity 4540K, committed 4864K, reserved 1056768K
  class space    used 425K, capacity 428K, committed 512K, reserved 1048576K
}
2024-07-26T01:31:17.992+0800: 9.592: Total time for which application threads were stopped: 0.0165099 seconds, Stopping threads took: 0.0000233 seconds
{Heap before GC invocations=374 (full 32):
 par new generation   total 188736K, used 187673K [0x00000000c0000000, 0x00000000cccc0000, 0x00000000cccc0000)
  eden space 167808K,  99% used [0x00000000c0000000, 0x00000000ca346440, 0x00000000ca3e0000)
  from space 20928K,  97% used [0x00000000cb850000, 0x00000000ccc50140, 0x00000000cccc0000)
  to   space 20928K,   0% used [0x00000000ca3e0000, 0x00000000ca3e0000, 0x00000000cb850000)
 concurrent mark-sweep generation total 838912K, used 448563K [0x00000000cccc0000, 0x0000000100000000, 0x0000000100000000)
 Metaspace       used 3935K, capacity 4540K, committed 4864K, reserved 1056768K
  class space    used 425K, capacity 428K, committed 512K, reserved 1048576K
2024-07-26T01:31:18.006+0800: 9.606: [GC (Allocation Failure) 2024-07-26T01:31:18.007+0800: 9.606: [ParNew2024-07-26T01:31:18.014+0800: 9.613: [SoftReference, 0 refs, 0.0000336 secs]2024-07-26T01:31:18.014+0800: 9.613: [WeakReference, 0 refs, 0.0000058 secs]2024-07-26T01:31:18.014+0800: 9.613: [FinalReference, 0 refs, 0.0000050 secs]2024-07-26T01:31:18.014+0800: 9.613: [PhantomReference, 0 refs, 0.0000052 secs]2024-07-26T01:31:18.014+0800: 9.613: [JNI Weak Reference, 0.0000051 secs]
Desired survivor size 10715136 bytes, new threshold 1 (max 1)
- age   1:   20971840 bytes,   20971840 total
: 187673K->20480K(188736K), 0.0068350 secs] 636236K->484403K(1027648K), 0.0068733 secs] [Times: user=0.02 sys=0.00, real=0.01 secs] 
Heap after GC invocations=375 (full 32):
 par new generation   total 188736K, used 20480K [0x00000000c0000000, 0x00000000cccc0000, 0x00000000cccc0000)
  eden space 167808K,   0% used [0x00000000c0000000, 0x00000000c0000000, 0x00000000ca3e0000)
  from space 20928K,  97% used [0x00000000ca3e0000, 0x00000000cb7e0140, 0x00000000cb850000)
  to   space 20928K,   0% used [0x00000000cb850000, 0x00000000cb850000, 0x00000000cccc0000)
 concurrent mark-sweep generation total 838912K, used 463923K [0x00000000cccc0000, 0x0000000100000000, 0x0000000100000000)
 Metaspace       used 3935K, capacity 4540K, committed 4864K, reserved 1056768K
  class space    used 425K, capacity 428K, committed 512K, reserved 1048576K
}
2024-07-26T01:31:18.014+0800: 9.613: Total time for which application threads were stopped: 0.0069903 seconds, Stopping threads took: 0.0000211 seconds
{Heap before GC invocations=375 (full 32):
 par new generation   total 188736K, used 187673K [0x00000000c0000000, 0x00000000cccc0000, 0x00000000cccc0000)
  eden space 167808K,  99% used [0x00000000c0000000, 0x00000000ca346440, 0x00000000ca3e0000)
  from space 20928K,  97% used [0x00000000ca3e0000, 0x00000000cb7e0140, 0x00000000cb850000)
  to   space 20928K,   0% used [0x00000000cb850000, 0x00000000cb850000, 0x00000000cccc0000)
 concurrent mark-sweep generation total 838912K, used 463923K [0x00000000cccc0000, 0x0000000100000000, 0x0000000100000000)
 Metaspace       used 3935K, capacity 4540K, committed 4864K, reserved 1056768K
  class space    used 425K, capacity 428K, committed 512K, reserved 1048576K
2024-07-26T01:31:18.029+0800: 9.628: [GC (Allocation Failure) 2024-07-26T01:31:18.029+0800: 9.628: [ParNew2024-07-26T01:31:18.044+0800: 9.644: [SoftReference, 0 refs, 0.0000342 secs]2024-07-26T01:31:18.044+0800: 9.644: [WeakReference, 0 refs, 0.0000042 secs]2024-07-26T01:31:18.044+0800: 9.644: [FinalReference, 0 refs, 0.0000040 secs]2024-07-26T01:31:18.044+0800: 9.644: [PhantomReference, 0 refs, 0.0000041 secs]2024-07-26T01:31:18.044+0800: 9.644: [JNI Weak Reference, 0.0000043 secs]
Desired survivor size 10715136 bytes, new threshold 1 (max 1)
- age   1:   20971840 bytes,   20971840 total
: 187673K->20480K(188736K), 0.0154901 secs] 651596K->563253K(1027648K), 0.0155327 secs] [Times: user=0.02 sys=0.00, real=0.01 secs] 
Heap after GC invocations=376 (full 32):
 par new generation   total 188736K, used 20480K [0x00000000c0000000, 0x00000000cccc0000, 0x00000000cccc0000)
  eden space 167808K,   0% used [0x00000000c0000000, 0x00000000c0000000, 0x00000000ca3e0000)
  from space 20928K,  97% used [0x00000000cb850000, 0x00000000ccc50140, 0x00000000cccc0000)
  to   space 20928K,   0% used [0x00000000ca3e0000, 0x00000000ca3e0000, 0x00000000cb850000)
 concurrent mark-sweep generation total 838912K, used 542772K [0x00000000cccc0000, 0x0000000100000000, 0x0000000100000000)
 Metaspace       used 3935K, capacity 4540K, committed 4864K, reserved 1056768K
  class space    used 425K, capacity 428K, committed 512K, reserved 1048576K
}
2024-07-26T01:31:18.044+0800: 9.644: Total time for which application threads were stopped: 0.0156506 seconds, Stopping threads took: 0.0000257 seconds
{Heap before GC invocations=376 (full 32):
 par new generation   total 188736K, used 187675K [0x00000000c0000000, 0x00000000cccc0000, 0x00000000cccc0000)
  eden space 167808K,  99% used [0x00000000c0000000, 0x00000000ca346c18, 0x00000000ca3e0000)
  from space 20928K,  97% used [0x00000000cb850000, 0x00000000ccc50140, 0x00000000cccc0000)
  to   space 20928K,   0% used [0x00000000ca3e0000, 0x00000000ca3e0000, 0x00000000cb850000)
 concurrent mark-sweep generation total 838912K, used 542772K [0x00000000cccc0000, 0x0000000100000000, 0x0000000100000000)
 Metaspace       used 3935K, capacity 4540K, committed 4864K, reserved 1056768K
  class space    used 425K, capacity 428K, committed 512K, reserved 1048576K
2024-07-26T01:31:18.059+0800: 9.659: [GC (Allocation Failure) 2024-07-26T01:31:18.059+0800: 9.659: [ParNew2024-07-26T01:31:18.069+0800: 9.668: [SoftReference, 0 refs, 0.0000313 secs]2024-07-26T01:31:18.069+0800: 9.668: [WeakReference, 0 refs, 0.0000044 secs]2024-07-26T01:31:18.069+0800: 9.668: [FinalReference, 0 refs, 0.0000068 secs]2024-07-26T01:31:18.069+0800: 9.668: [PhantomReference, 0 refs, 0.0000034 secs]2024-07-26T01:31:18.069+0800: 9.668: [JNI Weak Reference, 0.0000042 secs]
Desired survivor size 10715136 bytes, new threshold 1 (max 1)
- age   1:   20971840 bytes,   20971840 total
: 187675K->20480K(188736K), 0.0093676 secs] 730448K->602167K(1027648K), 0.0094076 secs] [Times: user=0.00 sys=0.00, real=0.01 secs] 
Heap after GC invocations=377 (full 32):
 par new generation   total 188736K, used 20480K [0x00000000c0000000, 0x00000000cccc0000, 0x00000000cccc0000)
  eden space 167808K,   0% used [0x00000000c0000000, 0x00000000c0000000, 0x00000000ca3e0000)
  from space 20928K,  97% used [0x00000000ca3e0000, 0x00000000cb7e0140, 0x00000000cb850000)
  to   space 20928K,   0% used [0x00000000cb850000, 0x00000000cb850000, 0x00000000cccc0000)
 concurrent mark-sweep generation total 838912K, used 581687K [0x00000000cccc0000, 0x0000000100000000, 0x0000000100000000)
 Metaspace       used 3935K, capacity 4540K, committed 4864K, reserved 1056768K
  class space    used 425K, capacity 428K, committed 512K, reserved 1048576K
}
2024-07-26T01:31:18.069+0800: 9.668: Total time for which application threads were stopped: 0.0095179 seconds, Stopping threads took: 0.0000221 seconds
{Heap before GC invocations=377 (full 32):
 par new generation   total 188736K, used 187674K [0x00000000c0000000, 0x00000000cccc0000, 0x00000000cccc0000)
  eden space 167808K,  99% used [0x00000000c0000000, 0x00000000ca346948, 0x00000000ca3e0000)
  from space 20928K,  97% used [0x00000000ca3e0000, 0x00000000cb7e0140, 0x00000000cb850000)
  to   space 20928K,   0% used [0x00000000cb850000, 0x00000000cb850000, 0x00000000cccc0000)
 concurrent mark-sweep generation total 838912K, used 581687K [0x00000000cccc0000, 0x0000000100000000, 0x0000000100000000)
 Metaspace       used 3935K, capacity 4540K, committed 4864K, reserved 1056768K
  class space    used 425K, capacity 428K, committed 512K, reserved 1048576K
2024-07-26T01:31:18.083+0800: 9.683: [GC (Allocation Failure) 2024-07-26T01:31:18.083+0800: 9.683: [ParNew2024-07-26T01:31:18.088+0800: 9.687: [SoftReference, 0 refs, 0.0000373 secs]2024-07-26T01:31:18.088+0800: 9.687: [WeakReference, 0 refs, 0.0000048 secs]2024-07-26T01:31:18.088+0800: 9.687: [FinalReference, 0 refs, 0.0000043 secs]2024-07-26T01:31:18.088+0800: 9.687: [PhantomReference, 0 refs, 0.0000042 secs]2024-07-26T01:31:18.088+0800: 9.687: [JNI Weak Reference, 0.0000098 secs]
Desired survivor size 10715136 bytes, new threshold 1 (max 1)
- age   1:   19923248 bytes,   19923248 total
: 187674K->19456K(188736K), 0.0039698 secs] 769362K->601143K(1027648K), 0.0040086 secs] [Times: user=0.00 sys=0.00, real=0.01 secs] 
Heap after GC invocations=378 (full 32):
 par new generation   total 188736K, used 19456K [0x00000000c0000000, 0x00000000cccc0000, 0x00000000cccc0000)
  eden space 167808K,   0% used [0x00000000c0000000, 0x00000000c0000000, 0x00000000ca3e0000)
  from space 20928K,  92% used [0x00000000cb850000, 0x00000000ccb50130, 0x00000000cccc0000)
  to   space 20928K,   0% used [0x00000000ca3e0000, 0x00000000ca3e0000, 0x00000000cb850000)
 concurrent mark-sweep generation total 838912K, used 581687K [0x00000000cccc0000, 0x0000000100000000, 0x0000000100000000)
 Metaspace       used 3935K, capacity 4540K, committed 4864K, reserved 1056768K
  class space    used 425K, capacity 428K, committed 512K, reserved 1048576K
}
2024-07-26T01:31:18.088+0800: 9.687: Total time for which application threads were stopped: 0.0041401 seconds, Stopping threads took: 0.0000258 seconds
{Heap before GC invocations=378 (full 32):
 par new generation   total 188736K, used 186650K [0x00000000c0000000, 0x00000000cccc0000, 0x00000000cccc0000)
  eden space 167808K,  99% used [0x00000000c0000000, 0x00000000ca346780, 0x00000000ca3e0000)
  from space 20928K,  92% used [0x00000000cb850000, 0x00000000ccb50130, 0x00000000cccc0000)
  to   space 20928K,   0% used [0x00000000ca3e0000, 0x00000000ca3e0000, 0x00000000cb850000)
 concurrent mark-sweep generation total 838912K, used 581687K [0x00000000cccc0000, 0x0000000100000000, 0x0000000100000000)
 Metaspace       used 3935K, capacity 4540K, committed 4864K, reserved 1056768K
  class space    used 425K, capacity 428K, committed 512K, reserved 1048576K
2024-07-26T01:31:18.102+0800: 9.702: [GC (Allocation Failure) 2024-07-26T01:31:18.102+0800: 9.702: [ParNew2024-07-26T01:31:18.117+0800: 9.716: [SoftReference, 0 refs, 0.0000502 secs]2024-07-26T01:31:18.117+0800: 9.716: [WeakReference, 0 refs, 0.0000043 secs]2024-07-26T01:31:18.117+0800: 9.716: [FinalReference, 0 refs, 0.0000039 secs]2024-07-26T01:31:18.117+0800: 9.716: [PhantomReference, 0 refs, 0.0000037 secs]2024-07-26T01:31:18.117+0800: 9.716: [JNI Weak Reference, 0.0000042 secs]
Desired survivor size 10715136 bytes, new threshold 1 (max 1)
- age   1:   20971840 bytes,   20971840 total
: 186650K->20480K(188736K), 0.0139338 secs] 768337K->664634K(1027648K), 0.0139730 secs] [Times: user=0.09 sys=0.00, real=0.02 secs] 
Heap after GC invocations=379 (full 32):
 par new generation   total 188736K, used 20480K [0x00000000c0000000, 0x00000000cccc0000, 0x00000000cccc0000)
  eden space 167808K,   0% used [0x00000000c0000000, 0x00000000c0000000, 0x00000000ca3e0000)
  from space 20928K,  97% used [0x00000000ca3e0000, 0x00000000cb7e0140, 0x00000000cb850000)
  to   space 20928K,   0% used [0x00000000cb850000, 0x00000000cb850000, 0x00000000cccc0000)
 concurrent mark-sweep generation total 838912K, used 644154K [0x00000000cccc0000, 0x0000000100000000, 0x0000000100000000)
 Metaspace       used 3935K, capacity 4540K, committed 4864K, reserved 1056768K
  class space    used 425K, capacity 428K, committed 512K, reserved 1048576K
}
2024-07-26T01:31:18.117+0800: 9.716: Total time for which application threads were stopped: 0.0140810 seconds, Stopping threads took: 0.0000207 seconds
{Heap before GC invocations=379 (full 32):
 par new generation   total 188736K, used 187673K [0x00000000c0000000, 0x00000000cccc0000, 0x00000000cccc0000)
  eden space 167808K,  99% used [0x00000000c0000000, 0x00000000ca346658, 0x00000000ca3e0000)
  from space 20928K,  97% used [0x00000000ca3e0000, 0x00000000cb7e0140, 0x00000000cb850000)
  to   space 20928K,   0% used [0x00000000cb850000, 0x00000000cb850000, 0x00000000cccc0000)
 concurrent mark-sweep generation total 838912K, used 644154K [0x00000000cccc0000, 0x0000000100000000, 0x0000000100000000)
 Metaspace       used 3935K, capacity 4540K, committed 4864K, reserved 1056768K
  class space    used 425K, capacity 428K, committed 512K, reserved 1048576K
2024-07-26T01:31:18.132+0800: 9.731: [GC (Allocation Failure) 2024-07-26T01:31:18.132+0800: 9.731: [ParNew2024-07-26T01:31:18.140+0800: 9.740: [SoftReference, 0 refs, 0.0000335 secs]2024-07-26T01:31:18.140+0800: 9.740: [WeakReference, 0 refs, 0.0000040 secs]2024-07-26T01:31:18.140+0800: 9.740: [FinalReference, 0 refs, 0.0000036 secs]2024-07-26T01:31:18.140+0800: 9.740: [PhantomReference, 0 refs, 0.0000035 secs]2024-07-26T01:31:18.140+0800: 9.740: [JNI Weak Reference, 0.0000041 secs]
Desired survivor size 10715136 bytes, new threshold 1 (max 1)
- age   1:   20971840 bytes,   20971840 total
: 187673K->20480K(188736K), 0.0087064 secs] 831828K->687165K(1027648K), 0.0087414 secs] [Times: user=0.02 sys=0.00, real=0.01 secs] 
Heap after GC invocations=380 (full 32):
 par new generation   total 188736K, used 20480K [0x00000000c0000000, 0x00000000cccc0000, 0x00000000cccc0000)
  eden space 167808K,   0% used [0x00000000c0000000, 0x00000000c0000000, 0x00000000ca3e0000)
  from space 20928K,  97% used [0x00000000cb850000, 0x00000000ccc50140, 0x00000000cccc0000)
  to   space 20928K,   0% used [0x00000000ca3e0000, 0x00000000ca3e0000, 0x00000000cb850000)
 concurrent mark-sweep generation total 838912K, used 666684K [0x00000000cccc0000, 0x0000000100000000, 0x0000000100000000)
 Metaspace       used 3935K, capacity 4540K, committed 4864K, reserved 1056768K
  class space    used 425K, capacity 428K, committed 512K, reserved 1048576K
}
2024-07-26T01:31:18.140+0800: 9.740: Total time for which application threads were stopped: 0.0088609 seconds, Stopping threads took: 0.0000233 seconds
{Heap before GC invocations=380 (full 32):
 par new generation   total 188736K, used 187673K [0x00000000c0000000, 0x00000000cccc0000, 0x00000000cccc0000)
  eden space 167808K,  99% used [0x00000000c0000000, 0x00000000ca346598, 0x00000000ca3e0000)
  from space 20928K,  97% used [0x00000000cb850000, 0x00000000ccc50140, 0x00000000cccc0000)
  to   space 20928K,   0% used [0x00000000ca3e0000, 0x00000000ca3e0000, 0x00000000cb850000)
 concurrent mark-sweep generation total 838912K, used 666684K [0x00000000cccc0000, 0x0000000100000000, 0x0000000100000000)
 Metaspace       used 3935K, capacity 4540K, committed 4864K, reserved 1056768K
  class space    used 425K, capacity 428K, committed 512K, reserved 1048576K
2024-07-26T01:31:18.157+0800: 9.756: [GC (Allocation Failure) 2024-07-26T01:31:18.157+0800: 9.756: [ParNew2024-07-26T01:31:18.158+0800: 9.758: [SoftReference, 0 refs, 0.0000361 secs]2024-07-26T01:31:18.158+0800: 9.758: [WeakReference, 0 refs, 0.0000064 secs]2024-07-26T01:31:18.158+0800: 9.758: [FinalReference, 0 refs, 0.0000058 secs]2024-07-26T01:31:18.158+0800: 9.758: [PhantomReference, 0 refs, 0.0000054 secs]2024-07-26T01:31:18.158+0800: 9.758: [JNI Weak Reference, 0.0000058 secs]
Desired survivor size 10715136 bytes, new threshold 1 (max 1)
- age   1:    3145776 bytes,    3145776 total
: 187673K->3072K(188736K), 0.0013421 secs] 854358K->669756K(1027648K), 0.0013935 secs] [Times: user=0.00 sys=0.00, real=0.00 secs] 
Heap after GC invocations=381 (full 32):
 par new generation   total 188736K, used 3072K [0x00000000c0000000, 0x00000000cccc0000, 0x00000000cccc0000)
  eden space 167808K,   0% used [0x00000000c0000000, 0x00000000c0000000, 0x00000000ca3e0000)
  from space 20928K,  14% used [0x00000000ca3e0000, 0x00000000ca6e0030, 0x00000000cb850000)
  to   space 20928K,   0% used [0x00000000cb850000, 0x00000000cb850000, 0x00000000cccc0000)
 concurrent mark-sweep generation total 838912K, used 666684K [0x00000000cccc0000, 0x0000000100000000, 0x0000000100000000)
 Metaspace       used 3935K, capacity 4540K, committed 4864K, reserved 1056768K
  class space    used 425K, capacity 428K, committed 512K, reserved 1048576K
}
2024-07-26T01:31:18.158+0800: 9.758: Total time for which application threads were stopped: 0.0015268 seconds, Stopping threads took: 0.0000244 seconds
{Heap before GC invocations=381 (full 32):
 par new generation   total 188736K, used 170265K [0x00000000c0000000, 0x00000000cccc0000, 0x00000000cccc0000)
  eden space 167808K,  99% used [0x00000000c0000000, 0x00000000ca346520, 0x00000000ca3e0000)
  from space 20928K,  14% used [0x00000000ca3e0000, 0x00000000ca6e0030, 0x00000000cb850000)
  to   space 20928K,   0% used [0x00000000cb850000, 0x00000000cb850000, 0x00000000cccc0000)
 concurrent mark-sweep generation total 838912K, used 666684K [0x00000000cccc0000, 0x0000000100000000, 0x0000000100000000)
 Metaspace       used 3935K, capacity 4540K, committed 4864K, reserved 1056768K
  class space    used 425K, capacity 428K, committed 512K, reserved 1048576K
2024-07-26T01:31:18.175+0800: 9.775: [GC (Allocation Failure) 2024-07-26T01:31:18.175+0800: 9.775: [ParNew2024-07-26T01:31:18.186+0800: 9.785: [SoftReference, 0 refs, 0.0000380 secs]2024-07-26T01:31:18.186+0800: 9.785: [WeakReference, 0 refs, 0.0000041 secs]2024-07-26T01:31:18.186+0800: 9.785: [FinalReference, 0 refs, 0.0000037 secs]2024-07-26T01:31:18.186+0800: 9.785: [PhantomReference, 0 refs, 0.0000034 secs]2024-07-26T01:31:18.186+0800: 9.785: [JNI Weak Reference, 0.0000041 secs]
Desired survivor size 10715136 bytes, new threshold 1 (max 1)
- age   1:   20971840 bytes,   20971840 total
: 170265K->20480K(188736K), 0.0099200 secs] 836950K->733245K(1027648K), 0.0099608 secs] [Times: user=0.01 sys=0.00, real=0.01 secs] 
Heap after GC invocations=382 (full 32):
 par new generation   total 188736K, used 20480K [0x00000000c0000000, 0x00000000cccc0000, 0x00000000cccc0000)
  eden space 167808K,   0% used [0x00000000c0000000, 0x00000000c0000000, 0x00000000ca3e0000)
  from space 20928K,  97% used [0x00000000cb850000, 0x00000000ccc50140, 0x00000000cccc0000)
  to   space 20928K,   0% used [0x00000000ca3e0000, 0x00000000ca3e0000, 0x00000000cb850000)
 concurrent mark-sweep generation total 838912K, used 712765K [0x00000000cccc0000, 0x0000000100000000, 0x0000000100000000)
 Metaspace       used 3935K, capacity 4540K, committed 4864K, reserved 1056768K
  class space    used 425K, capacity 428K, committed 512K, reserved 1048576K
}
2024-07-26T01:31:18.186+0800: 9.785: Total time for which application threads were stopped: 0.0100857 seconds, Stopping threads took: 0.0000243 seconds
{Heap before GC invocations=382 (full 32):
 par new generation   total 188736K, used 187673K [0x00000000c0000000, 0x00000000cccc0000, 0x00000000cccc0000)
  eden space 167808K,  99% used [0x00000000c0000000, 0x00000000ca3464d0, 0x00000000ca3e0000)
  from space 20928K,  97% used [0x00000000cb850000, 0x00000000ccc50140, 0x00000000cccc0000)
  to   space 20928K,   0% used [0x00000000ca3e0000, 0x00000000ca3e0000, 0x00000000cb850000)
 concurrent mark-sweep generation total 838912K, used 712765K [0x00000000cccc0000, 0x0000000100000000, 0x0000000100000000)
 Metaspace       used 3935K, capacity 4540K, committed 4864K, reserved 1056768K
  class space    used 425K, capacity 428K, committed 512K, reserved 1048576K
2024-07-26T01:31:18.201+0800: 9.800: [GC (Allocation Failure) 2024-07-26T01:31:18.201+0800: 9.800: [ParNew2024-07-26T01:31:18.207+0800: 9.806: [SoftReference, 0 refs, 0.0000581 secs]2024-07-26T01:31:18.207+0800: 9.806: [WeakReference, 0 refs, 0.0000048 secs]2024-07-26T01:31:18.207+0800: 9.806: [FinalReference, 0 refs, 0.0000039 secs]2024-07-26T01:31:18.207+0800: 9.806: [PhantomReference, 0 refs, 0.0000038 secs]2024-07-26T01:31:18.207+0800: 9.806: [JNI Weak Reference, 0.0000044 secs]
Desired survivor size 10715136 bytes, new threshold 1 (max 1)
- age   1:   20971840 bytes,   20971840 total
: 187673K->20480K(188736K), 0.0060250 secs] 900439K->739389K(1027648K), 0.0060643 secs] [Times: user=0.00 sys=0.00, real=0.01 secs] 
Heap after GC invocations=383 (full 32):
 par new generation   total 188736K, used 20480K [0x00000000c0000000, 0x00000000cccc0000, 0x00000000cccc0000)
  eden space 167808K,   0% used [0x00000000c0000000, 0x00000000c0000000, 0x00000000ca3e0000)
  from space 20928K,  97% used [0x00000000ca3e0000, 0x00000000cb7e0140, 0x00000000cb850000)
  to   space 20928K,   0% used [0x00000000cb850000, 0x00000000cb850000, 0x00000000cccc0000)
 concurrent mark-sweep generation total 838912K, used 718909K [0x00000000cccc0000, 0x0000000100000000, 0x0000000100000000)
 Metaspace       used 3935K, capacity 4540K, committed 4864K, reserved 1056768K
  class space    used 425K, capacity 428K, committed 512K, reserved 1048576K
}
2024-07-26T01:31:18.207+0800: 9.806: Total time for which application threads were stopped: 0.0062171 seconds, Stopping threads took: 0.0000227 seconds
{Heap before GC invocations=383 (full 32):
 par new generation   total 188736K, used 187673K [0x00000000c0000000, 0x00000000cccc0000, 0x00000000cccc0000)
  eden space 167808K,  99% used [0x00000000c0000000, 0x00000000ca3464a0, 0x00000000ca3e0000)
  from space 20928K,  97% used [0x00000000ca3e0000, 0x00000000cb7e0140, 0x00000000cb850000)
  to   space 20928K,   0% used [0x00000000cb850000, 0x00000000cb850000, 0x00000000cccc0000)
 concurrent mark-sweep generation total 838912K, used 718909K [0x00000000cccc0000, 0x0000000100000000, 0x0000000100000000)
 Metaspace       used 3935K, capacity 4540K, committed 4864K, reserved 1056768K
  class space    used 425K, capacity 428K, committed 512K, reserved 1048576K
2024-07-26T01:31:18.222+0800: 9.821: [GC (Allocation Failure) 2024-07-26T01:31:18.222+0800: 9.821: [ParNew2024-07-26T01:31:18.235+0800: 9.834: [SoftReference, 0 refs, 0.0000335 secs]2024-07-26T01:31:18.235+0800: 9.834: [WeakReference, 0 refs, 0.0000041 secs]2024-07-26T01:31:18.235+0800: 9.834: [FinalReference, 0 refs, 0.0000037 secs]2024-07-26T01:31:18.235+0800: 9.834: [PhantomReference, 0 refs, 0.0000036 secs]2024-07-26T01:31:18.235+0800: 9.834: [JNI Weak Reference, 0.0000157 secs]
Desired survivor size 10715136 bytes, new threshold 1 (max 1)
- age   1:   20971840 bytes,   20971840 total
: 187673K->20480K(188736K), 0.0129723 secs] 906583K->809022K(1027648K), 0.0130140 secs] [Times: user=0.02 sys=0.00, real=0.01 secs] 
Heap after GC invocations=384 (full 32):
 par new generation   total 188736K, used 20480K [0x00000000c0000000, 0x00000000cccc0000, 0x00000000cccc0000)
  eden space 167808K,   0% used [0x00000000c0000000, 0x00000000c0000000, 0x00000000ca3e0000)
  from space 20928K,  97% used [0x00000000cb850000, 0x00000000ccc50140, 0x00000000cccc0000)
  to   space 20928K,   0% used [0x00000000ca3e0000, 0x00000000ca3e0000, 0x00000000cb850000)
 concurrent mark-sweep generation total 838912K, used 788542K [0x00000000cccc0000, 0x0000000100000000, 0x0000000100000000)
 Metaspace       used 3935K, capacity 4540K, committed 4864K, reserved 1056768K
  class space    used 425K, capacity 428K, committed 512K, reserved 1048576K
}
2024-07-26T01:31:18.235+0800: 9.834: Total time for which application threads were stopped: 0.0131248 seconds, Stopping threads took: 0.0000187 seconds
{Heap before GC invocations=384 (full 32):
 par new generation   total 188736K, used 187673K [0x00000000c0000000, 0x00000000cccc0000, 0x00000000cccc0000)
  eden space 167808K,  99% used [0x00000000c0000000, 0x00000000ca346480, 0x00000000ca3e0000)
  from space 20928K,  97% used [0x00000000cb850000, 0x00000000ccc50140, 0x00000000cccc0000)
  to   space 20928K,   0% used [0x00000000ca3e0000, 0x00000000ca3e0000, 0x00000000cb850000)
 concurrent mark-sweep generation total 838912K, used 788542K [0x00000000cccc0000, 0x0000000100000000, 0x0000000100000000)
 Metaspace       used 3935K, capacity 4540K, committed 4864K, reserved 1056768K
  class space    used 425K, capacity 428K, committed 512K, reserved 1048576K
2024-07-26T01:31:18.249+0800: 9.848: [GC (Allocation Failure) 2024-07-26T01:31:18.249+0800: 9.848: [ParNew: 187673K->187673K(188736K), 0.0000141 secs]2024-07-26T01:31:18.249+0800: 9.848: [CMS2024-07-26T01:31:18.249+0800: 9.848: [CMS-concurrent-abortable-preclean: 0.009/0.331 secs] [Times: user=0.34 sys=0.00, real=0.33 secs] 
 (concurrent mode failure)2024-07-26T01:31:18.250+0800: 9.849: [SoftReference, 0 refs, 0.0000139 secs]2024-07-26T01:31:18.250+0800: 9.849: [WeakReference, 2 refs, 0.0000047 secs]2024-07-26T01:31:18.250+0800: 9.849: [FinalReference, 2 refs, 0.0000038 secs]2024-07-26T01:31:18.250+0800: 9.849: [PhantomReference, 0 refs, 0.0000036 secs]2024-07-26T01:31:18.250+0800: 9.849: [JNI Weak Reference, 0.0000041 secs]: 788542K->51232K(838912K), 0.0103602 secs] 976216K->51232K(1027648K), [Metaspace: 3935K->3935K(1056768K)], 0.0104408 secs] [Times: user=0.00 sys=0.00, real=0.01 secs] 
Heap after GC invocations=385 (full 33):
 par new generation   total 188736K, used 0K [0x00000000c0000000, 0x00000000cccc0000, 0x00000000cccc0000)
  eden space 167808K,   0% used [0x00000000c0000000, 0x00000000c0000000, 0x00000000ca3e0000)
  from space 20928K,   0% used [0x00000000cb850000, 0x00000000cb850000, 0x00000000cccc0000)
  to   space 20928K,   0% used [0x00000000ca3e0000, 0x00000000ca3e0000, 0x00000000cb850000)
 concurrent mark-sweep generation total 838912K, used 51232K [0x00000000cccc0000, 0x0000000100000000, 0x0000000100000000)
 Metaspace       used 3935K, capacity 4540K, committed 4864K, reserved 1056768K
  class space    used 425K, capacity 428K, committed 512K, reserved 1048576K
}
2024-07-26T01:31:18.260+0800: 9.859: Total time for which application threads were stopped: 0.0105645 seconds, Stopping threads took: 0.0000230 seconds
{Heap before GC invocations=385 (full 33):
 par new generation   total 188736K, used 167193K [0x00000000c0000000, 0x00000000cccc0000, 0x00000000cccc0000)
  eden space 167808K,  99% used [0x00000000c0000000, 0x00000000ca346468, 0x00000000ca3e0000)
  from space 20928K,   0% used [0x00000000cb850000, 0x00000000cb850000, 0x00000000cccc0000)
  to   space 20928K,   0% used [0x00000000ca3e0000, 0x00000000ca3e0000, 0x00000000cb850000)
 concurrent mark-sweep generation total 838912K, used 51232K [0x00000000cccc0000, 0x0000000100000000, 0x0000000100000000)
 Metaspace       used 3935K, capacity 4540K, committed 4864K, reserved 1056768K
  class space    used 425K, capacity 428K, committed 512K, reserved 1048576K
2024-07-26T01:31:18.274+0800: 9.873: [GC (Allocation Failure) 2024-07-26T01:31:18.274+0800: 9.873: [ParNew2024-07-26T01:31:18.277+0800: 9.876: [SoftReference, 0 refs, 0.0000261 secs]2024-07-26T01:31:18.277+0800: 9.876: [WeakReference, 0 refs, 0.0000040 secs]2024-07-26T01:31:18.277+0800: 9.876: [FinalReference, 0 refs, 0.0000036 secs]2024-07-26T01:31:18.277+0800: 9.876: [PhantomReference, 0 refs, 0.0000035 secs]2024-07-26T01:31:18.277+0800: 9.876: [JNI Weak Reference, 0.0000039 secs]
Desired survivor size 10715136 bytes, new threshold 1 (max 1)
- age   1:   10485920 bytes,   10485920 total
: 167193K->10240K(188736K), 0.0031185 secs] 218426K->61473K(1027648K), 0.0031930 secs] [Times: user=0.00 sys=0.00, real=0.00 secs] 
Heap after GC invocations=386 (full 33):
 par new generation   total 188736K, used 10240K [0x00000000c0000000, 0x00000000cccc0000, 0x00000000cccc0000)
  eden space 167808K,   0% used [0x00000000c0000000, 0x00000000c0000000, 0x00000000ca3e0000)
  from space 20928K,  48% used [0x00000000ca3e0000, 0x00000000cade00a0, 0x00000000cb850000)
  to   space 20928K,   0% used [0x00000000cb850000, 0x00000000cb850000, 0x00000000cccc0000)
 concurrent mark-sweep generation total 838912K, used 51232K [0x00000000cccc0000, 0x0000000100000000, 0x0000000100000000)
 Metaspace       used 3935K, capacity 4540K, committed 4864K, reserved 1056768K
  class space    used 425K, capacity 428K, committed 512K, reserved 1048576K
}
2024-07-26T01:31:18.277+0800: 9.876: Total time for which application threads were stopped: 0.0032997 seconds, Stopping threads took: 0.0000217 seconds
{Heap before GC invocations=386 (full 33):
 par new generation   total 188736K, used 177433K [0x00000000c0000000, 0x00000000cccc0000, 0x00000000cccc0000)
  eden space 167808K,  99% used [0x00000000c0000000, 0x00000000ca346458, 0x00000000ca3e0000)
  from space 20928K,  48% used [0x00000000ca3e0000, 0x00000000cade00a0, 0x00000000cb850000)
  to   space 20928K,   0% used [0x00000000cb850000, 0x00000000cb850000, 0x00000000cccc0000)
 concurrent mark-sweep generation total 838912K, used 51232K [0x00000000cccc0000, 0x0000000100000000, 0x0000000100000000)
 Metaspace       used 3935K, capacity 4540K, committed 4864K, reserved 1056768K
  class space    used 425K, capacity 428K, committed 512K, reserved 1048576K
2024-07-26T01:31:18.291+0800: 9.891: [GC (Allocation Failure) 2024-07-26T01:31:18.291+0800: 9.891: [ParNew2024-07-26T01:31:18.302+0800: 9.902: [SoftReference, 0 refs, 0.0000402 secs]2024-07-26T01:31:18.302+0800: 9.902: [WeakReference, 0 refs, 0.0000253 secs]2024-07-26T01:31:18.302+0800: 9.902: [FinalReference, 0 refs, 0.0000070 secs]2024-07-26T01:31:18.302+0800: 9.902: [PhantomReference, 0 refs, 0.0000039 secs]2024-07-26T01:31:18.302+0800: 9.902: [JNI Weak Reference, 0.0000044 secs]
Desired survivor size 10715136 bytes, new threshold 1 (max 1)
- age   1:   20971840 bytes,   20971840 total
: 177433K->20480K(188736K), 0.0113038 secs] 228666K->124964K(1027648K), 0.0113443 secs] [Times: user=0.03 sys=0.00, real=0.01 secs] 
Heap after GC invocations=387 (full 33):
 par new generation   total 188736K, used 20480K [0x00000000c0000000, 0x00000000cccc0000, 0x00000000cccc0000)
  eden space 167808K,   0% used [0x00000000c0000000, 0x00000000c0000000, 0x00000000ca3e0000)
  from space 20928K,  97% used [0x00000000cb850000, 0x00000000ccc50140, 0x00000000cccc0000)
  to   space 20928K,   0% used [0x00000000ca3e0000, 0x00000000ca3e0000, 0x00000000cb850000)
 concurrent mark-sweep generation total 838912K, used 104483K [0x00000000cccc0000, 0x0000000100000000, 0x0000000100000000)
 Metaspace       used 3935K, capacity 4540K, committed 4864K, reserved 1056768K
  class space    used 425K, capacity 428K, committed 512K, reserved 1048576K
}
2024-07-26T01:31:18.303+0800: 9.902: Total time for which application threads were stopped: 0.0114694 seconds, Stopping threads took: 0.0000243 seconds
{Heap before GC invocations=387 (full 33):
 par new generation   total 188736K, used 187673K [0x00000000c0000000, 0x00000000cccc0000, 0x00000000cccc0000)
  eden space 167808K,  99% used [0x00000000c0000000, 0x00000000ca346450, 0x00000000ca3e0000)
  from space 20928K,  97% used [0x00000000cb850000, 0x00000000ccc50140, 0x00000000cccc0000)
  to   space 20928K,   0% used [0x00000000ca3e0000, 0x00000000ca3e0000, 0x00000000cb850000)
 concurrent mark-sweep generation total 838912K, used 104483K [0x00000000cccc0000, 0x0000000100000000, 0x0000000100000000)
 Metaspace       used 3935K, capacity 4540K, committed 4864K, reserved 1056768K
  class space    used 425K, capacity 428K, committed 512K, reserved 1048576K
2024-07-26T01:31:18.317+0800: 9.917: [GC (Allocation Failure) 2024-07-26T01:31:18.317+0800: 9.917: [ParNew2024-07-26T01:31:18.326+0800: 9.925: [SoftReference, 0 refs, 0.0000343 secs]2024-07-26T01:31:18.326+0800: 9.925: [WeakReference, 0 refs, 0.0000041 secs]2024-07-26T01:31:18.326+0800: 9.925: [FinalReference, 0 refs, 0.0000038 secs]2024-07-26T01:31:18.326+0800: 9.925: [PhantomReference, 0 refs, 0.0000037 secs]2024-07-26T01:31:18.326+0800: 9.925: [JNI Weak Reference, 0.0000043 secs]
Desired survivor size 10715136 bytes, new threshold 1 (max 1)
- age   1:   20971840 bytes,   20971840 total
: 187673K->20480K(188736K), 0.0079963 secs] 292157K->138278K(1027648K), 0.0080397 secs] [Times: user=0.00 sys=0.00, real=0.01 secs] 
Heap after GC invocations=388 (full 33):
 par new generation   total 188736K, used 20480K [0x00000000c0000000, 0x00000000cccc0000, 0x00000000cccc0000)
  eden space 167808K,   0% used [0x00000000c0000000, 0x00000000c0000000, 0x00000000ca3e0000)
  from space 20928K,  97% used [0x00000000ca3e0000, 0x00000000cb7e0140, 0x00000000cb850000)
  to   space 20928K,   0% used [0x00000000cb850000, 0x00000000cb850000, 0x00000000cccc0000)
 concurrent mark-sweep generation total 838912K, used 117798K [0x00000000cccc0000, 0x0000000100000000, 0x0000000100000000)
 Metaspace       used 3935K, capacity 4540K, committed 4864K, reserved 1056768K
  class space    used 425K, capacity 428K, committed 512K, reserved 1048576K
}
2024-07-26T01:31:18.326+0800: 9.925: Total time for which application threads were stopped: 0.0081574 seconds, Stopping threads took: 0.0000213 seconds
{Heap before GC invocations=388 (full 33):
 par new generation   total 188736K, used 187673K [0x00000000c0000000, 0x00000000cccc0000, 0x00000000cccc0000)
  eden space 167808K,  99% used [0x00000000c0000000, 0x00000000ca346450, 0x00000000ca3e0000)
  from space 20928K,  97% used [0x00000000ca3e0000, 0x00000000cb7e0140, 0x00000000cb850000)
  to   space 20928K,   0% used [0x00000000cb850000, 0x00000000cb850000, 0x00000000cccc0000)
 concurrent mark-sweep generation total 838912K, used 117798K [0x00000000cccc0000, 0x0000000100000000, 0x0000000100000000)
 Metaspace       used 3935K, capacity 4540K, committed 4864K, reserved 1056768K
  class space    used 425K, capacity 428K, committed 512K, reserved 1048576K
2024-07-26T01:31:18.341+0800: 9.940: [GC (Allocation Failure) 2024-07-26T01:31:18.341+0800: 9.940: [ParNew2024-07-26T01:31:18.360+0800: 9.960: [SoftReference, 0 refs, 0.0000432 secs]2024-07-26T01:31:18.360+0800: 9.960: [WeakReference, 0 refs, 0.0000070 secs]2024-07-26T01:31:18.360+0800: 9.960: [FinalReference, 0 refs, 0.0000064 secs]2024-07-26T01:31:18.360+0800: 9.960: [PhantomReference, 0 refs, 0.0000047 secs]2024-07-26T01:31:18.360+0800: 9.960: [JNI Weak Reference, 0.0000041 secs]
Desired survivor size 10715136 bytes, new threshold 1 (max 1)
- age   1:   20971840 bytes,   20971840 total
: 187673K->20480K(188736K), 0.0200828 secs] 305471K->215081K(1027648K), 0.0201293 secs] [Times: user=0.08 sys=0.00, real=0.02 secs] 
Heap after GC invocations=389 (full 33):
 par new generation   total 188736K, used 20480K [0x00000000c0000000, 0x00000000cccc0000, 0x00000000cccc0000)
  eden space 167808K,   0% used [0x00000000c0000000, 0x00000000c0000000, 0x00000000ca3e0000)
  from space 20928K,  97% used [0x00000000cb850000, 0x00000000ccc50140, 0x00000000cccc0000)
  to   space 20928K,   0% used [0x00000000ca3e0000, 0x00000000ca3e0000, 0x00000000cb850000)
 concurrent mark-sweep generation total 838912K, used 194601K [0x00000000cccc0000, 0x0000000100000000, 0x0000000100000000)
 Metaspace       used 3935K, capacity 4540K, committed 4864K, reserved 1056768K
  class space    used 425K, capacity 428K, committed 512K, reserved 1048576K
}
2024-07-26T01:31:18.360+0800: 9.960: Total time for which application threads were stopped: 0.0202462 seconds, Stopping threads took: 0.0000224 seconds
{Heap before GC invocations=389 (full 33):
 par new generation   total 188736K, used 187673K [0x00000000c0000000, 0x00000000cccc0000, 0x00000000cccc0000)
  eden space 167808K,  99% used [0x00000000c0000000, 0x00000000ca346448, 0x00000000ca3e0000)
  from space 20928K,  97% used [0x00000000cb850000, 0x00000000ccc50140, 0x00000000cccc0000)
  to   space 20928K,   0% used [0x00000000ca3e0000, 0x00000000ca3e0000, 0x00000000cb850000)
 concurrent mark-sweep generation total 838912K, used 194601K [0x00000000cccc0000, 0x0000000100000000, 0x0000000100000000)
 Metaspace       used 3935K, capacity 4540K, committed 4864K, reserved 1056768K
  class space    used 425K, capacity 428K, committed 512K, reserved 1048576K
2024-07-26T01:31:18.376+0800: 9.975: [GC (Allocation Failure) 2024-07-26T01:31:18.376+0800: 9.975: [ParNew2024-07-26T01:31:18.385+0800: 9.984: [SoftReference, 0 refs, 0.0000356 secs]2024-07-26T01:31:18.385+0800: 9.984: [WeakReference, 0 refs, 0.0000043 secs]2024-07-26T01:31:18.385+0800: 9.984: [FinalReference, 0 refs, 0.0000037 secs]2024-07-26T01:31:18.385+0800: 9.984: [PhantomReference, 0 refs, 0.0000038 secs]2024-07-26T01:31:18.385+0800: 9.984: [JNI Weak Reference, 0.0000043 secs]
Desired survivor size 10715136 bytes, new threshold 1 (max 1)
- age   1:   20971840 bytes,   20971840 total
: 187673K->20480K(188736K), 0.0093051 secs] 382274K->251948K(1027648K), 0.0093533 secs] [Times: user=0.00 sys=0.00, real=0.01 secs] 
Heap after GC invocations=390 (full 33):
 par new generation   total 188736K, used 20480K [0x00000000c0000000, 0x00000000cccc0000, 0x00000000cccc0000)
  eden space 167808K,   0% used [0x00000000c0000000, 0x00000000c0000000, 0x00000000ca3e0000)
  from space 20928K,  97% used [0x00000000ca3e0000, 0x00000000cb7e0140, 0x00000000cb850000)
  to   space 20928K,   0% used [0x00000000cb850000, 0x00000000cb850000, 0x00000000cccc0000)
 concurrent mark-sweep generation total 838912K, used 231467K [0x00000000cccc0000, 0x0000000100000000, 0x0000000100000000)
 Metaspace       used 3935K, capacity 4540K, committed 4864K, reserved 1056768K
  class space    used 425K, capacity 428K, committed 512K, reserved 1048576K
}
2024-07-26T01:31:18.385+0800: 9.984: Total time for which application threads were stopped: 0.0094892 seconds, Stopping threads took: 0.0000369 seconds
{Heap before GC invocations=390 (full 33):
 par new generation   total 188736K, used 187673K [0x00000000c0000000, 0x00000000cccc0000, 0x00000000cccc0000)
  eden space 167808K,  99% used [0x00000000c0000000, 0x00000000ca346448, 0x00000000ca3e0000)
  from space 20928K,  97% used [0x00000000ca3e0000, 0x00000000cb7e0140, 0x00000000cb850000)
  to   space 20928K,   0% used [0x00000000cb850000, 0x00000000cb850000, 0x00000000cccc0000)
 concurrent mark-sweep generation total 838912K, used 231467K [0x00000000cccc0000, 0x0000000100000000, 0x0000000100000000)
 Metaspace       used 3935K, capacity 4540K, committed 4864K, reserved 1056768K
  class space    used 425K, capacity 428K, committed 512K, reserved 1048576K
2024-07-26T01:31:18.399+0800: 9.998: [GC (Allocation Failure) 2024-07-26T01:31:18.399+0800: 9.999: [ParNew2024-07-26T01:31:18.404+0800: 10.003: [SoftReference, 0 refs, 0.0000344 secs]2024-07-26T01:31:18.404+0800: 10.003: [WeakReference, 0 refs, 0.0000047 secs]2024-07-26T01:31:18.404+0800: 10.003: [FinalReference, 0 refs, 0.0000043 secs]2024-07-26T01:31:18.404+0800: 10.003: [PhantomReference, 0 refs, 0.0000039 secs]2024-07-26T01:31:18.404+0800: 10.003: [JNI Weak Reference, 0.0000045 secs]
Desired survivor size 10715136 bytes, new threshold 1 (max 1)
- age   1:   17826064 bytes,   17826064 total
: 187673K->17408K(188736K), 0.0047235 secs] 419141K->248876K(1027648K), 0.0047656 secs] [Times: user=0.02 sys=0.00, real=0.01 secs] 
Heap after GC invocations=391 (full 33):
 par new generation   total 188736K, used 17408K [0x00000000c0000000, 0x00000000cccc0000, 0x00000000cccc0000)
  eden space 167808K,   0% used [0x00000000c0000000, 0x00000000c0000000, 0x00000000ca3e0000)
  from space 20928K,  83% used [0x00000000cb850000, 0x00000000cc950110, 0x00000000cccc0000)
  to   space 20928K,   0% used [0x00000000ca3e0000, 0x00000000ca3e0000, 0x00000000cb850000)
 concurrent mark-sweep generation total 838912K, used 231467K [0x00000000cccc0000, 0x0000000100000000, 0x0000000100000000)
 Metaspace       used 3935K, capacity 4540K, committed 4864K, reserved 1056768K
  class space    used 425K, capacity 428K, committed 512K, reserved 1048576K
}
2024-07-26T01:31:18.404+0800: 10.003: Total time for which application threads were stopped: 0.0049062 seconds, Stopping threads took: 0.0000403 seconds
{Heap before GC invocations=391 (full 33):
 par new generation   total 188736K, used 184601K [0x00000000c0000000, 0x00000000cccc0000, 0x00000000cccc0000)
  eden space 167808K,  99% used [0x00000000c0000000, 0x00000000ca346448, 0x00000000ca3e0000)
  from space 20928K,  83% used [0x00000000cb850000, 0x00000000cc950110, 0x00000000cccc0000)
  to   space 20928K,   0% used [0x00000000ca3e0000, 0x00000000ca3e0000, 0x00000000cb850000)
 concurrent mark-sweep generation total 838912K, used 231467K [0x00000000cccc0000, 0x0000000100000000, 0x0000000100000000)
 Metaspace       used 3935K, capacity 4540K, committed 4864K, reserved 1056768K
  class space    used 425K, capacity 428K, committed 512K, reserved 1048576K
2024-07-26T01:31:18.418+0800: 10.018: [GC (Allocation Failure) 2024-07-26T01:31:18.418+0800: 10.018: [ParNew2024-07-26T01:31:18.433+0800: 10.032: [SoftReference, 0 refs, 0.0000319 secs]2024-07-26T01:31:18.433+0800: 10.032: [WeakReference, 0 refs, 0.0000043 secs]2024-07-26T01:31:18.433+0800: 10.032: [FinalReference, 0 refs, 0.0000037 secs]2024-07-26T01:31:18.433+0800: 10.032: [PhantomReference, 0 refs, 0.0000036 secs]2024-07-26T01:31:18.433+0800: 10.032: [JNI Weak Reference, 0.0000042 secs]
Desired survivor size 10715136 bytes, new threshold 1 (max 1)
- age   1:   20971840 bytes,   20971840 total
: 184601K->20480K(188736K), 0.0142301 secs] 416069K->312367K(1027648K), 0.0142699 secs] [Times: user=0.00 sys=0.00, real=0.02 secs] 
Heap after GC invocations=392 (full 33):
 par new generation   total 188736K, used 20480K [0x00000000c0000000, 0x00000000cccc0000, 0x00000000cccc0000)
  eden space 167808K,   0% used [0x00000000c0000000, 0x00000000c0000000, 0x00000000ca3e0000)
  from space 20928K,  97% used [0x00000000ca3e0000, 0x00000000cb7e0140, 0x00000000cb850000)
  to   space 20928K,   0% used [0x00000000cb850000, 0x00000000cb850000, 0x00000000cccc0000)
 concurrent mark-sweep generation total 838912K, used 291886K [0x00000000cccc0000, 0x0000000100000000, 0x0000000100000000)
 Metaspace       used 3935K, capacity 4540K, committed 4864K, reserved 1056768K
  class space    used 425K, capacity 428K, committed 512K, reserved 1048576K
}
2024-07-26T01:31:18.433+0800: 10.032: Total time for which application threads were stopped: 0.0143824 seconds, Stopping threads took: 0.0000220 seconds
{Heap before GC invocations=392 (full 33):
 par new generation   total 188736K, used 187673K [0x00000000c0000000, 0x00000000cccc0000, 0x00000000cccc0000)
  eden space 167808K,  99% used [0x00000000c0000000, 0x00000000ca346448, 0x00000000ca3e0000)
  from space 20928K,  97% used [0x00000000ca3e0000, 0x00000000cb7e0140, 0x00000000cb850000)
  to   space 20928K,   0% used [0x00000000cb850000, 0x00000000cb850000, 0x00000000cccc0000)
 concurrent mark-sweep generation total 838912K, used 291886K [0x00000000cccc0000, 0x0000000100000000, 0x0000000100000000)
 Metaspace       used 3935K, capacity 4540K, committed 4864K, reserved 1056768K
  class space    used 425K, capacity 428K, committed 512K, reserved 1048576K
2024-07-26T01:31:18.447+0800: 10.046: [GC (Allocation Failure) 2024-07-26T01:31:18.447+0800: 10.046: [ParNew2024-07-26T01:31:18.454+0800: 10.053: [SoftReference, 0 refs, 0.0000793 secs]2024-07-26T01:31:18.454+0800: 10.053: [WeakReference, 0 refs, 0.0000068 secs]2024-07-26T01:31:18.454+0800: 10.053: [FinalReference, 0 refs, 0.0000043 secs]2024-07-26T01:31:18.454+0800: 10.053: [PhantomReference, 0 refs, 0.0000039 secs]2024-07-26T01:31:18.454+0800: 10.053: [JNI Weak Reference, 0.0000067 secs]
Desired survivor size 10715136 bytes, new threshold 1 (max 1)
- age   1:   20971840 bytes,   20971840 total
: 187673K->20480K(188736K), 0.0070565 secs] 479560K->332849K(1027648K), 0.0071061 secs] [Times: user=0.02 sys=0.00, real=0.01 secs] 
Heap after GC invocations=393 (full 33):
 par new generation   total 188736K, used 20480K [0x00000000c0000000, 0x00000000cccc0000, 0x00000000cccc0000)
  eden space 167808K,   0% used [0x00000000c0000000, 0x00000000c0000000, 0x00000000ca3e0000)
  from space 20928K,  97% used [0x00000000cb850000, 0x00000000ccc50140, 0x00000000cccc0000)
  to   space 20928K,   0% used [0x00000000ca3e0000, 0x00000000ca3e0000, 0x00000000cb850000)
 concurrent mark-sweep generation total 838912K, used 312369K [0x00000000cccc0000, 0x0000000100000000, 0x0000000100000000)
 Metaspace       used 3935K, capacity 4540K, committed 4864K, reserved 1056768K
  class space    used 425K, capacity 428K, committed 512K, reserved 1048576K
}
2024-07-26T01:31:18.454+0800: 10.054: Total time for which application threads were stopped: 0.0072476 seconds, Stopping threads took: 0.0000250 seconds
{Heap before GC invocations=393 (full 33):
 par new generation   total 188736K, used 187673K [0x00000000c0000000, 0x00000000cccc0000, 0x00000000cccc0000)
  eden space 167808K,  99% used [0x00000000c0000000, 0x00000000ca346448, 0x00000000ca3e0000)
  from space 20928K,  97% used [0x00000000cb850000, 0x00000000ccc50140, 0x00000000cccc0000)
  to   space 20928K,   0% used [0x00000000ca3e0000, 0x00000000ca3e0000, 0x00000000cb850000)
 concurrent mark-sweep generation total 838912K, used 312369K [0x00000000cccc0000, 0x0000000100000000, 0x0000000100000000)
 Metaspace       used 3935K, capacity 4540K, committed 4864K, reserved 1056768K
  class space    used 425K, capacity 428K, committed 512K, reserved 1048576K
2024-07-26T01:31:18.469+0800: 10.069: [GC (Allocation Failure) 2024-07-26T01:31:18.469+0800: 10.069: [ParNew2024-07-26T01:31:18.470+0800: 10.070: [SoftReference, 0 refs, 0.0000339 secs]2024-07-26T01:31:18.471+0800: 10.070: [WeakReference, 0 refs, 0.0000086 secs]2024-07-26T01:31:18.471+0800: 10.070: [FinalReference, 0 refs, 0.0000078 secs]2024-07-26T01:31:18.471+0800: 10.070: [PhantomReference, 0 refs, 0.0000079 secs]2024-07-26T01:31:18.471+0800: 10.070: [JNI Weak Reference, 0.0000086 secs]
Desired survivor size 10715136 bytes, new threshold 1 (max 1)
- age   1:    1048592 bytes,    1048592 total
: 187673K->1024K(188736K), 0.0012883 secs] 500042K->313393K(1027648K), 0.0013407 secs] [Times: user=0.00 sys=0.00, real=0.00 secs] 
Heap after GC invocations=394 (full 33):
 par new generation   total 188736K, used 1024K [0x00000000c0000000, 0x00000000cccc0000, 0x00000000cccc0000)
  eden space 167808K,   0% used [0x00000000c0000000, 0x00000000c0000000, 0x00000000ca3e0000)
  from space 20928K,   4% used [0x00000000ca3e0000, 0x00000000ca4e0010, 0x00000000cb850000)
  to   space 20928K,   0% used [0x00000000cb850000, 0x00000000cb850000, 0x00000000cccc0000)
 concurrent mark-sweep generation total 838912K, used 312369K [0x00000000cccc0000, 0x0000000100000000, 0x0000000100000000)
 Metaspace       used 3935K, capacity 4540K, committed 4864K, reserved 1056768K
  class space    used 425K, capacity 428K, committed 512K, reserved 1048576K
}
2024-07-26T01:31:18.471+0800: 10.070: Total time for which application threads were stopped: 0.0014897 seconds, Stopping threads took: 0.0000262 seconds
{Heap before GC invocations=394 (full 33):
 par new generation   total 188736K, used 168217K [0x00000000c0000000, 0x00000000cccc0000, 0x00000000cccc0000)
  eden space 167808K,  99% used [0x00000000c0000000, 0x00000000ca346440, 0x00000000ca3e0000)
  from space 20928K,   4% used [0x00000000ca3e0000, 0x00000000ca4e0010, 0x00000000cb850000)
  to   space 20928K,   0% used [0x00000000cb850000, 0x00000000cb850000, 0x00000000cccc0000)
 concurrent mark-sweep generation total 838912K, used 312369K [0x00000000cccc0000, 0x0000000100000000, 0x0000000100000000)
 Metaspace       used 3935K, capacity 4540K, committed 4864K, reserved 1056768K
  class space    used 425K, capacity 428K, committed 512K, reserved 1048576K
2024-07-26T01:31:18.486+0800: 10.085: [GC (Allocation Failure) 2024-07-26T01:31:18.486+0800: 10.085: [ParNew2024-07-26T01:31:18.495+0800: 10.095: [SoftReference, 0 refs, 0.0000363 secs]2024-07-26T01:31:18.495+0800: 10.095: [WeakReference, 0 refs, 0.0000046 secs]2024-07-26T01:31:18.495+0800: 10.095: [FinalReference, 0 refs, 0.0000042 secs]2024-07-26T01:31:18.495+0800: 10.095: [PhantomReference, 0 refs, 0.0000040 secs]2024-07-26T01:31:18.495+0800: 10.095: [JNI Weak Reference, 0.0000047 secs]
Desired survivor size 10715136 bytes, new threshold 1 (max 1)
- age   1:   20971840 bytes,   20971840 total
: 168217K->20480K(188736K), 0.0098947 secs] 480586K->376882K(1027648K), 0.0099572 secs] [Times: user=0.00 sys=0.00, real=0.01 secs] 
Heap after GC invocations=395 (full 33):
 par new generation   total 188736K, used 20480K [0x00000000c0000000, 0x00000000cccc0000, 0x00000000cccc0000)
  eden space 167808K,   0% used [0x00000000c0000000, 0x00000000c0000000, 0x00000000ca3e0000)
  from space 20928K,  97% used [0x00000000cb850000, 0x00000000ccc50140, 0x00000000cccc0000)
  to   space 20928K,   0% used [0x00000000ca3e0000, 0x00000000ca3e0000, 0x00000000cb850000)
 concurrent mark-sweep generation total 838912K, used 356401K [0x00000000cccc0000, 0x0000000100000000, 0x0000000100000000)
 Metaspace       used 3935K, capacity 4540K, committed 4864K, reserved 1056768K
  class space    used 425K, capacity 428K, committed 512K, reserved 1048576K
}
2024-07-26T01:31:18.496+0800: 10.095: Total time for which application threads were stopped: 0.0100742 seconds, Stopping threads took: 0.0000223 seconds
2024-07-26T01:31:18.496+0800: 10.095: [GC (CMS Initial Mark) [1 CMS-initial-mark: 356401K(838912K)] 377906K(1027648K), 0.0004370 secs] [Times: user=0.00 sys=0.00, real=0.00 secs] 
2024-07-26T01:31:18.496+0800: 10.095: Total time for which application threads were stopped: 0.0005384 seconds, Stopping threads took: 0.0000647 seconds
2024-07-26T01:31:18.496+0800: 10.095: [CMS-concurrent-mark-start]
2024-07-26T01:31:18.498+0800: 10.097: [CMS-concurrent-mark: 0.002/0.002 secs] [Times: user=0.03 sys=0.00, real=0.00 secs] 
2024-07-26T01:31:18.498+0800: 10.097: [CMS-concurrent-preclean-start]
2024-07-26T01:31:18.498+0800: 10.097: [Preclean SoftReferences, 0.0000043 secs]2024-07-26T01:31:18.498+0800: 10.097: [Preclean WeakReferences, 0.0000037 secs]2024-07-26T01:31:18.498+0800: 10.097: [Preclean FinalReferences, 0.0000032 secs]2024-07-26T01:31:18.498+0800: 10.097: [Preclean PhantomReferences, 0.0000073 secs]2024-07-26T01:31:18.499+0800: 10.098: [CMS-concurrent-preclean: 0.001/0.001 secs] [Times: user=0.00 sys=0.00, real=0.00 secs] 
2024-07-26T01:31:18.499+0800: 10.098: [CMS-concurrent-abortable-preclean-start]
{Heap before GC invocations=395 (full 34):
 par new generation   total 188736K, used 187673K [0x00000000c0000000, 0x00000000cccc0000, 0x00000000cccc0000)
  eden space 167808K,  99% used [0x00000000c0000000, 0x00000000ca346440, 0x00000000ca3e0000)
  from space 20928K,  97% used [0x00000000cb850000, 0x00000000ccc50140, 0x00000000cccc0000)
  to   space 20928K,   0% used [0x00000000ca3e0000, 0x00000000ca3e0000, 0x00000000cb850000)
 concurrent mark-sweep generation total 838912K, used 356401K [0x00000000cccc0000, 0x0000000100000000, 0x0000000100000000)
 Metaspace       used 3935K, capacity 4540K, committed 4864K, reserved 1056768K
  class space    used 425K, capacity 428K, committed 512K, reserved 1048576K
2024-07-26T01:31:18.512+0800: 10.111: [GC (Allocation Failure) 2024-07-26T01:31:18.512+0800: 10.111: [ParNew2024-07-26T01:31:18.516+0800: 10.116: [SoftReference, 0 refs, 0.0000591 secs]2024-07-26T01:31:18.516+0800: 10.116: [WeakReference, 0 refs, 0.0000083 secs]2024-07-26T01:31:18.516+0800: 10.116: [FinalReference, 0 refs, 0.0000074 secs]2024-07-26T01:31:18.516+0800: 10.116: [PhantomReference, 0 refs, 0.0000071 secs]2024-07-26T01:31:18.516+0800: 10.116: [JNI Weak Reference, 0.0000071 secs]
Desired survivor size 10715136 bytes, new threshold 1 (max 1)
- age   1:   20971840 bytes,   20971840 total
: 187673K->20480K(188736K), 0.0051390 secs] 544075K->380978K(1027648K), 0.0051834 secs] [Times: user=0.01 sys=0.00, real=0.00 secs] 
Heap after GC invocations=396 (full 34):
 par new generation   total 188736K, used 20480K [0x00000000c0000000, 0x00000000cccc0000, 0x00000000cccc0000)
  eden space 167808K,   0% used [0x00000000c0000000, 0x00000000c0000000, 0x00000000ca3e0000)
  from space 20928K,  97% used [0x00000000ca3e0000, 0x00000000cb7e0140, 0x00000000cb850000)
  to   space 20928K,   0% used [0x00000000cb850000, 0x00000000cb850000, 0x00000000cccc0000)
 concurrent mark-sweep generation total 838912K, used 360497K [0x00000000cccc0000, 0x0000000100000000, 0x0000000100000000)
 Metaspace       used 3935K, capacity 4540K, committed 4864K, reserved 1056768K
  class space    used 425K, capacity 428K, committed 512K, reserved 1048576K
}
2024-07-26T01:31:18.516+0800: 10.116: Total time for which application threads were stopped: 0.0053091 seconds, Stopping threads took: 0.0000225 seconds
{Heap before GC invocations=396 (full 34):
 par new generation   total 188736K, used 187673K [0x00000000c0000000, 0x00000000cccc0000, 0x00000000cccc0000)
  eden space 167808K,  99% used [0x00000000c0000000, 0x00000000ca346440, 0x00000000ca3e0000)
  from space 20928K,  97% used [0x00000000ca3e0000, 0x00000000cb7e0140, 0x00000000cb850000)
  to   space 20928K,   0% used [0x00000000cb850000, 0x00000000cb850000, 0x00000000cccc0000)
 concurrent mark-sweep generation total 838912K, used 360497K [0x00000000cccc0000, 0x0000000100000000, 0x0000000100000000)
 Metaspace       used 3935K, capacity 4540K, committed 4864K, reserved 1056768K
  class space    used 425K, capacity 428K, committed 512K, reserved 1048576K
2024-07-26T01:31:18.531+0800: 10.130: [GC (Allocation Failure) 2024-07-26T01:31:18.531+0800: 10.130: [ParNew2024-07-26T01:31:18.544+0800: 10.143: [SoftReference, 0 refs, 0.0000353 secs]2024-07-26T01:31:18.544+0800: 10.143: [WeakReference, 0 refs, 0.0000043 secs]2024-07-26T01:31:18.544+0800: 10.143: [FinalReference, 0 refs, 0.0000039 secs]2024-07-26T01:31:18.544+0800: 10.143: [PhantomReference, 0 refs, 0.0000038 secs]2024-07-26T01:31:18.544+0800: 10.143: [JNI Weak Reference, 0.0000052 secs]
Desired survivor size 10715136 bytes, new threshold 1 (max 1)
- age   1:   20971840 bytes,   20971840 total
: 187673K->20480K(188736K), 0.0131675 secs] 548171K->448565K(1027648K), 0.0132224 secs] [Times: user=0.02 sys=0.00, real=0.01 secs] 
Heap after GC invocations=397 (full 34):
 par new generation   total 188736K, used 20480K [0x00000000c0000000, 0x00000000cccc0000, 0x00000000cccc0000)
  eden space 167808K,   0% used [0x00000000c0000000, 0x00000000c0000000, 0x00000000ca3e0000)
  from space 20928K,  97% used [0x00000000cb850000, 0x00000000ccc50140, 0x00000000cccc0000)
  to   space 20928K,   0% used [0x00000000ca3e0000, 0x00000000ca3e0000, 0x00000000cb850000)
 concurrent mark-sweep generation total 838912K, used 428085K [0x00000000cccc0000, 0x0000000100000000, 0x0000000100000000)
 Metaspace       used 3935K, capacity 4540K, committed 4864K, reserved 1056768K
  class space    used 425K, capacity 428K, committed 512K, reserved 1048576K
}
2024-07-26T01:31:18.544+0800: 10.143: Total time for which application threads were stopped: 0.0133632 seconds, Stopping threads took: 0.0000226 seconds
{Heap before GC invocations=397 (full 34):
 par new generation   total 188736K, used 187673K [0x00000000c0000000, 0x00000000cccc0000, 0x00000000cccc0000)
  eden space 167808K,  99% used [0x00000000c0000000, 0x00000000ca346440, 0x00000000ca3e0000)
  from space 20928K,  97% used [0x00000000cb850000, 0x00000000ccc50140, 0x00000000cccc0000)
  to   space 20928K,   0% used [0x00000000ca3e0000, 0x00000000ca3e0000, 0x00000000cb850000)
 concurrent mark-sweep generation total 838912K, used 428085K [0x00000000cccc0000, 0x0000000100000000, 0x0000000100000000)
 Metaspace       used 3935K, capacity 4540K, committed 4864K, reserved 1056768K
  class space    used 425K, capacity 428K, committed 512K, reserved 1048576K
2024-07-26T01:31:18.558+0800: 10.158: [GC (Allocation Failure) 2024-07-26T01:31:18.559+0800: 10.158: [ParNew2024-07-26T01:31:18.568+0800: 10.167: [SoftReference, 0 refs, 0.0000356 secs]2024-07-26T01:31:18.568+0800: 10.167: [WeakReference, 0 refs, 0.0000045 secs]2024-07-26T01:31:18.568+0800: 10.167: [FinalReference, 0 refs, 0.0000043 secs]2024-07-26T01:31:18.568+0800: 10.167: [PhantomReference, 0 refs, 0.0000037 secs]2024-07-26T01:31:18.568+0800: 10.167: [JNI Weak Reference, 0.0000045 secs]
Desired survivor size 10715136 bytes, new threshold 1 (max 1)
- age   1:   20971840 bytes,   20971840 total
: 187673K->20480K(188736K), 0.0095433 secs] 615758K->476215K(1027648K), 0.0095923 secs] [Times: user=0.03 sys=0.00, real=0.01 secs] 
Heap after GC invocations=398 (full 34):
 par new generation   total 188736K, used 20480K [0x00000000c0000000, 0x00000000cccc0000, 0x00000000cccc0000)
  eden space 167808K,   0% used [0x00000000c0000000, 0x00000000c0000000, 0x00000000ca3e0000)
  from space 20928K,  97% used [0x00000000ca3e0000, 0x00000000cb7e0140, 0x00000000cb850000)
  to   space 20928K,   0% used [0x00000000cb850000, 0x00000000cb850000, 0x00000000cccc0000)
 concurrent mark-sweep generation total 838912K, used 455735K [0x00000000cccc0000, 0x0000000100000000, 0x0000000100000000)
 Metaspace       used 3935K, capacity 4540K, committed 4864K, reserved 1056768K
  class space    used 425K, capacity 428K, committed 512K, reserved 1048576K
}
2024-07-26T01:31:18.568+0800: 10.167: Total time for which application threads were stopped: 0.0097231 seconds, Stopping threads took: 0.0000288 seconds
{Heap before GC invocations=398 (full 34):
 par new generation   total 188736K, used 187673K [0x00000000c0000000, 0x00000000cccc0000, 0x00000000cccc0000)
  eden space 167808K,  99% used [0x00000000c0000000, 0x00000000ca346440, 0x00000000ca3e0000)
  from space 20928K,  97% used [0x00000000ca3e0000, 0x00000000cb7e0140, 0x00000000cb850000)
  to   space 20928K,   0% used [0x00000000cb850000, 0x00000000cb850000, 0x00000000cccc0000)
 concurrent mark-sweep generation total 838912K, used 455735K [0x00000000cccc0000, 0x0000000100000000, 0x0000000100000000)
 Metaspace       used 3935K, capacity 4540K, committed 4864K, reserved 1056768K
  class space    used 425K, capacity 428K, committed 512K, reserved 1048576K
2024-07-26T01:31:18.582+0800: 10.182: [GC (Allocation Failure) 2024-07-26T01:31:18.582+0800: 10.182: [ParNew2024-07-26T01:31:18.585+0800: 10.184: [SoftReference, 0 refs, 0.0000199 secs]2024-07-26T01:31:18.585+0800: 10.184: [WeakReference, 0 refs, 0.0000084 secs]2024-07-26T01:31:18.585+0800: 10.184: [FinalReference, 0 refs, 0.0000041 secs]2024-07-26T01:31:18.585+0800: 10.184: [PhantomReference, 0 refs, 0.0000040 secs]2024-07-26T01:31:18.585+0800: 10.184: [JNI Weak Reference, 0.0000044 secs]
Desired survivor size 10715136 bytes, new threshold 1 (max 1)
- age   1:    8388736 bytes,    8388736 total
: 187673K->8192K(188736K), 0.0023209 secs] 643408K->463927K(1027648K), 0.0023560 secs] [Times: user=0.00 sys=0.00, real=0.00 secs] 
Heap after GC invocations=399 (full 34):
 par new generation   total 188736K, used 8192K [0x00000000c0000000, 0x00000000cccc0000, 0x00000000cccc0000)
  eden space 167808K,   0% used [0x00000000c0000000, 0x00000000c0000000, 0x00000000ca3e0000)
  from space 20928K,  39% used [0x00000000cb850000, 0x00000000cc050080, 0x00000000cccc0000)
  to   space 20928K,   0% used [0x00000000ca3e0000, 0x00000000ca3e0000, 0x00000000cb850000)
 concurrent mark-sweep generation total 838912K, used 455735K [0x00000000cccc0000, 0x0000000100000000, 0x0000000100000000)
 Metaspace       used 3935K, capacity 4540K, committed 4864K, reserved 1056768K
  class space    used 425K, capacity 428K, committed 512K, reserved 1048576K
}
2024-07-26T01:31:18.585+0800: 10.184: Total time for which application threads were stopped: 0.0024690 seconds, Stopping threads took: 0.0000262 seconds
{Heap before GC invocations=399 (full 34):
 par new generation   total 188736K, used 175385K [0x00000000c0000000, 0x00000000cccc0000, 0x00000000cccc0000)
  eden space 167808K,  99% used [0x00000000c0000000, 0x00000000ca346440, 0x00000000ca3e0000)
  from space 20928K,  39% used [0x00000000cb850000, 0x00000000cc050080, 0x00000000cccc0000)
  to   space 20928K,   0% used [0x00000000ca3e0000, 0x00000000ca3e0000, 0x00000000cb850000)
 concurrent mark-sweep generation total 838912K, used 455735K [0x00000000cccc0000, 0x0000000100000000, 0x0000000100000000)
 Metaspace       used 3935K, capacity 4540K, committed 4864K, reserved 1056768K
  class space    used 425K, capacity 428K, committed 512K, reserved 1048576K
2024-07-26T01:31:18.600+0800: 10.199: [GC (Allocation Failure) 2024-07-26T01:31:18.600+0800: 10.199: [ParNew2024-07-26T01:31:18.611+0800: 10.211: [SoftReference, 0 refs, 0.0000341 secs]2024-07-26T01:31:18.611+0800: 10.211: [WeakReference, 0 refs, 0.0000045 secs]2024-07-26T01:31:18.611+0800: 10.211: [FinalReference, 0 refs, 0.0000041 secs]2024-07-26T01:31:18.611+0800: 10.211: [PhantomReference, 0 refs, 0.0000038 secs]2024-07-26T01:31:18.611+0800: 10.211: [JNI Weak Reference, 0.0000044 secs]
Desired survivor size 10715136 bytes, new threshold 1 (max 1)
- age   1:   20971840 bytes,   20971840 total
: 175385K->20480K(188736K), 0.0116307 secs] 631120K->527416K(1027648K), 0.0116694 secs] [Times: user=0.05 sys=0.00, real=0.01 secs] 
Heap after GC invocations=400 (full 34):
 par new generation   total 188736K, used 20480K [0x00000000c0000000, 0x00000000cccc0000, 0x00000000cccc0000)
  eden space 167808K,   0% used [0x00000000c0000000, 0x00000000c0000000, 0x00000000ca3e0000)
  from space 20928K,  97% used [0x00000000ca3e0000, 0x00000000cb7e0140, 0x00000000cb850000)
  to   space 20928K,   0% used [0x00000000cb850000, 0x00000000cb850000, 0x00000000cccc0000)
 concurrent mark-sweep generation total 838912K, used 506936K [0x00000000cccc0000, 0x0000000100000000, 0x0000000100000000)
 Metaspace       used 3935K, capacity 4540K, committed 4864K, reserved 1056768K
  class space    used 425K, capacity 428K, committed 512K, reserved 1048576K
}
2024-07-26T01:31:18.611+0800: 10.211: Total time for which application threads were stopped: 0.0117897 seconds, Stopping threads took: 0.0000225 seconds
{Heap before GC invocations=400 (full 34):
 par new generation   total 188736K, used 187673K [0x00000000c0000000, 0x00000000cccc0000, 0x00000000cccc0000)
  eden space 167808K,  99% used [0x00000000c0000000, 0x00000000ca346440, 0x00000000ca3e0000)
  from space 20928K,  97% used [0x00000000ca3e0000, 0x00000000cb7e0140, 0x00000000cb850000)
  to   space 20928K,   0% used [0x00000000cb850000, 0x00000000cb850000, 0x00000000cccc0000)
 concurrent mark-sweep generation total 838912K, used 506936K [0x00000000cccc0000, 0x0000000100000000, 0x0000000100000000)
 Metaspace       used 3935K, capacity 4540K, committed 4864K, reserved 1056768K
  class space    used 425K, capacity 428K, committed 512K, reserved 1048576K
2024-07-26T01:31:18.628+0800: 10.228: [GC (Allocation Failure) 2024-07-26T01:31:18.628+0800: 10.228: [ParNew2024-07-26T01:31:18.635+0800: 10.234: [SoftReference, 0 refs, 0.0000398 secs]2024-07-26T01:31:18.635+0800: 10.234: [WeakReference, 0 refs, 0.0000057 secs]2024-07-26T01:31:18.635+0800: 10.234: [FinalReference, 0 refs, 0.0000039 secs]2024-07-26T01:31:18.635+0800: 10.234: [PhantomReference, 0 refs, 0.0000038 secs]2024-07-26T01:31:18.635+0800: 10.234: [JNI Weak Reference, 0.0000043 secs]
Desired survivor size 10715136 bytes, new threshold 1 (max 1)
- age   1:   20971840 bytes,   20971840 total
: 187673K->20480K(188736K), 0.0067496 secs] 694609K->538680K(1027648K), 0.0067937 secs] [Times: user=0.00 sys=0.00, real=0.01 secs] 
Heap after GC invocations=401 (full 34):
 par new generation   total 188736K, used 20480K [0x00000000c0000000, 0x00000000cccc0000, 0x00000000cccc0000)
  eden space 167808K,   0% used [0x00000000c0000000, 0x00000000c0000000, 0x00000000ca3e0000)
  from space 20928K,  97% used [0x00000000cb850000, 0x00000000ccc50140, 0x00000000cccc0000)
  to   space 20928K,   0% used [0x00000000ca3e0000, 0x00000000ca3e0000, 0x00000000cb850000)
 concurrent mark-sweep generation total 838912K, used 518200K [0x00000000cccc0000, 0x0000000100000000, 0x0000000100000000)
 Metaspace       used 3935K, capacity 4540K, committed 4864K, reserved 1056768K
  class space    used 425K, capacity 428K, committed 512K, reserved 1048576K
}
2024-07-26T01:31:18.635+0800: 10.234: Total time for which application threads were stopped: 0.0069381 seconds, Stopping threads took: 0.0000229 seconds
{Heap before GC invocations=401 (full 34):
 par new generation   total 188736K, used 187673K [0x00000000c0000000, 0x00000000cccc0000, 0x00000000cccc0000)
  eden space 167808K,  99% used [0x00000000c0000000, 0x00000000ca346440, 0x00000000ca3e0000)
  from space 20928K,  97% used [0x00000000cb850000, 0x00000000ccc50140, 0x00000000cccc0000)
  to   space 20928K,   0% used [0x00000000ca3e0000, 0x00000000ca3e0000, 0x00000000cb850000)
 concurrent mark-sweep generation total 838912K, used 518200K [0x00000000cccc0000, 0x0000000100000000, 0x0000000100000000)
 Metaspace       used 3935K, capacity 4540K, committed 4864K, reserved 1056768K
  class space    used 425K, capacity 428K, committed 512K, reserved 1048576K
2024-07-26T01:31:18.651+0800: 10.250: [GC (Allocation Failure) 2024-07-26T01:31:18.651+0800: 10.250: [ParNew2024-07-26T01:31:18.666+0800: 10.266: [SoftReference, 0 refs, 0.0000474 secs]2024-07-26T01:31:18.666+0800: 10.266: [WeakReference, 0 refs, 0.0000044 secs]2024-07-26T01:31:18.666+0800: 10.266: [FinalReference, 0 refs, 0.0000052 secs]2024-07-26T01:31:18.667+0800: 10.266: [PhantomReference, 0 refs, 0.0000040 secs]2024-07-26T01:31:18.667+0800: 10.266: [JNI Weak Reference, 0.0000044 secs]
Desired survivor size 10715136 bytes, new threshold 1 (max 1)
- age   1:   20971840 bytes,   20971840 total
: 187673K->20480K(188736K), 0.0156859 secs] 705873K->613433K(1027648K), 0.0157366 secs] [Times: user=0.06 sys=0.00, real=0.02 secs] 
Heap after GC invocations=402 (full 34):
 par new generation   total 188736K, used 20480K [0x00000000c0000000, 0x00000000cccc0000, 0x00000000cccc0000)
  eden space 167808K,   0% used [0x00000000c0000000, 0x00000000c0000000, 0x00000000ca3e0000)
  from space 20928K,  97% used [0x00000000ca3e0000, 0x00000000cb7e0140, 0x00000000cb850000)
  to   space 20928K,   0% used [0x00000000cb850000, 0x00000000cb850000, 0x00000000cccc0000)
 concurrent mark-sweep generation total 838912K, used 592953K [0x00000000cccc0000, 0x0000000100000000, 0x0000000100000000)
 Metaspace       used 3935K, capacity 4540K, committed 4864K, reserved 1056768K
  class space    used 425K, capacity 428K, committed 512K, reserved 1048576K
}
2024-07-26T01:31:18.667+0800: 10.266: Total time for which application threads were stopped: 0.0158685 seconds, Stopping threads took: 0.0000251 seconds
{Heap before GC invocations=402 (full 34):
 par new generation   total 188736K, used 187673K [0x00000000c0000000, 0x00000000cccc0000, 0x00000000cccc0000)
  eden space 167808K,  99% used [0x00000000c0000000, 0x00000000ca346440, 0x00000000ca3e0000)
  from space 20928K,  97% used [0x00000000ca3e0000, 0x00000000cb7e0140, 0x00000000cb850000)
  to   space 20928K,   0% used [0x00000000cb850000, 0x00000000cb850000, 0x00000000cccc0000)
 concurrent mark-sweep generation total 838912K, used 592953K [0x00000000cccc0000, 0x0000000100000000, 0x0000000100000000)
 Metaspace       used 3935K, capacity 4540K, committed 4864K, reserved 1056768K
  class space    used 425K, capacity 428K, committed 512K, reserved 1048576K
2024-07-26T01:31:18.684+0800: 10.284: [GC (Allocation Failure) 2024-07-26T01:31:18.684+0800: 10.284: [ParNew2024-07-26T01:31:18.694+0800: 10.294: [SoftReference, 0 refs, 0.0000287 secs]2024-07-26T01:31:18.694+0800: 10.294: [WeakReference, 0 refs, 0.0000057 secs]2024-07-26T01:31:18.694+0800: 10.294: [FinalReference, 0 refs, 0.0000040 secs]2024-07-26T01:31:18.694+0800: 10.294: [PhantomReference, 0 refs, 0.0000038 secs]2024-07-26T01:31:18.694+0800: 10.294: [JNI Weak Reference, 0.0000175 secs]
Desired survivor size 10715136 bytes, new threshold 1 (max 1)
- age   1:   20971840 bytes,   20971840 total
: 187673K->20480K(188736K), 0.0100159 secs] 780626K->648252K(1027648K), 0.0100588 secs] [Times: user=0.00 sys=0.00, real=0.01 secs] 
Heap after GC invocations=403 (full 34):
 par new generation   total 188736K, used 20480K [0x00000000c0000000, 0x00000000cccc0000, 0x00000000cccc0000)
  eden space 167808K,   0% used [0x00000000c0000000, 0x00000000c0000000, 0x00000000ca3e0000)
  from space 20928K,  97% used [0x00000000cb850000, 0x00000000ccc50140, 0x00000000cccc0000)
  to   space 20928K,   0% used [0x00000000ca3e0000, 0x00000000ca3e0000, 0x00000000cb850000)
 concurrent mark-sweep generation total 838912K, used 627772K [0x00000000cccc0000, 0x0000000100000000, 0x0000000100000000)
 Metaspace       used 3935K, capacity 4540K, committed 4864K, reserved 1056768K
  class space    used 425K, capacity 428K, committed 512K, reserved 1048576K
}
2024-07-26T01:31:18.694+0800: 10.294: Total time for which application threads were stopped: 0.0101792 seconds, Stopping threads took: 0.0000291 seconds
{Heap before GC invocations=403 (full 34):
 par new generation   total 188736K, used 187673K [0x00000000c0000000, 0x00000000cccc0000, 0x00000000cccc0000)
  eden space 167808K,  99% used [0x00000000c0000000, 0x00000000ca346440, 0x00000000ca3e0000)
  from space 20928K,  97% used [0x00000000cb850000, 0x00000000ccc50140, 0x00000000cccc0000)
  to   space 20928K,   0% used [0x00000000ca3e0000, 0x00000000ca3e0000, 0x00000000cb850000)
 concurrent mark-sweep generation total 838912K, used 627772K [0x00000000cccc0000, 0x0000000100000000, 0x0000000100000000)
 Metaspace       used 3935K, capacity 4540K, committed 4864K, reserved 1056768K
  class space    used 425K, capacity 428K, committed 512K, reserved 1048576K
2024-07-26T01:31:18.709+0800: 10.309: [GC (Allocation Failure) 2024-07-26T01:31:18.709+0800: 10.309: [ParNew2024-07-26T01:31:18.713+0800: 10.313: [SoftReference, 0 refs, 0.0000768 secs]2024-07-26T01:31:18.713+0800: 10.313: [WeakReference, 0 refs, 0.0000049 secs]2024-07-26T01:31:18.713+0800: 10.313: [FinalReference, 0 refs, 0.0000042 secs]2024-07-26T01:31:18.713+0800: 10.313: [PhantomReference, 0 refs, 0.0000039 secs]2024-07-26T01:31:18.713+0800: 10.313: [JNI Weak Reference, 0.0000045 secs]
Desired survivor size 10715136 bytes, new threshold 1 (max 1)
- age   1:   15728880 bytes,   15728880 total
: 187673K->15360K(188736K), 0.0042047 secs] 815445K->643132K(1027648K), 0.0042468 secs] [Times: user=0.00 sys=0.00, real=0.00 secs] 
Heap after GC invocations=404 (full 34):
 par new generation   total 188736K, used 15360K [0x00000000c0000000, 0x00000000cccc0000, 0x00000000cccc0000)
  eden space 167808K,   0% used [0x00000000c0000000, 0x00000000c0000000, 0x00000000ca3e0000)
  from space 20928K,  73% used [0x00000000ca3e0000, 0x00000000cb2e00f0, 0x00000000cb850000)
  to   space 20928K,   0% used [0x00000000cb850000, 0x00000000cb850000, 0x00000000cccc0000)
 concurrent mark-sweep generation total 838912K, used 627772K [0x00000000cccc0000, 0x0000000100000000, 0x0000000100000000)
 Metaspace       used 3935K, capacity 4540K, committed 4864K, reserved 1056768K
  class space    used 425K, capacity 428K, committed 512K, reserved 1048576K
}
2024-07-26T01:31:18.713+0800: 10.313: Total time for which application threads were stopped: 0.0043875 seconds, Stopping threads took: 0.0000430 seconds
{Heap before GC invocations=404 (full 34):
 par new generation   total 188736K, used 182553K [0x00000000c0000000, 0x00000000cccc0000, 0x00000000cccc0000)
  eden space 167808K,  99% used [0x00000000c0000000, 0x00000000ca346440, 0x00000000ca3e0000)
  from space 20928K,  73% used [0x00000000ca3e0000, 0x00000000cb2e00f0, 0x00000000cb850000)
  to   space 20928K,   0% used [0x00000000cb850000, 0x00000000cb850000, 0x00000000cccc0000)
 concurrent mark-sweep generation total 838912K, used 627772K [0x00000000cccc0000, 0x0000000100000000, 0x0000000100000000)
 Metaspace       used 3935K, capacity 4540K, committed 4864K, reserved 1056768K
  class space    used 425K, capacity 428K, committed 512K, reserved 1048576K
2024-07-26T01:31:18.727+0800: 10.327: [GC (Allocation Failure) 2024-07-26T01:31:18.727+0800: 10.327: [ParNew2024-07-26T01:31:18.740+0800: 10.340: [SoftReference, 0 refs, 0.0000323 secs]2024-07-26T01:31:18.740+0800: 10.340: [WeakReference, 0 refs, 0.0000043 secs]2024-07-26T01:31:18.740+0800: 10.340: [FinalReference, 0 refs, 0.0000039 secs]2024-07-26T01:31:18.740+0800: 10.340: [PhantomReference, 0 refs, 0.0000036 secs]2024-07-26T01:31:18.740+0800: 10.340: [JNI Weak Reference, 0.0000041 secs]
Desired survivor size 10715136 bytes, new threshold 1 (max 1)
- age   1:   20971840 bytes,   20971840 total
: 182553K->20480K(188736K), 0.0127913 secs] 810325K->706623K(1027648K), 0.0128311 secs] [Times: user=0.05 sys=0.00, real=0.01 secs] 
Heap after GC invocations=405 (full 34):
 par new generation   total 188736K, used 20480K [0x00000000c0000000, 0x00000000cccc0000, 0x00000000cccc0000)
  eden space 167808K,   0% used [0x00000000c0000000, 0x00000000c0000000, 0x00000000ca3e0000)
  from space 20928K,  97% used [0x00000000cb850000, 0x00000000ccc50140, 0x00000000cccc0000)
  to   space 20928K,   0% used [0x00000000ca3e0000, 0x00000000ca3e0000, 0x00000000cb850000)
 concurrent mark-sweep generation total 838912K, used 686143K [0x00000000cccc0000, 0x0000000100000000, 0x0000000100000000)
 Metaspace       used 3935K, capacity 4540K, committed 4864K, reserved 1056768K
  class space    used 425K, capacity 428K, committed 512K, reserved 1048576K
}
2024-07-26T01:31:18.740+0800: 10.340: Total time for which application threads were stopped: 0.0129412 seconds, Stopping threads took: 0.0000198 seconds
{Heap before GC invocations=405 (full 34):
 par new generation   total 188736K, used 187673K [0x00000000c0000000, 0x00000000cccc0000, 0x00000000cccc0000)
  eden space 167808K,  99% used [0x00000000c0000000, 0x00000000ca346440, 0x00000000ca3e0000)
  from space 20928K,  97% used [0x00000000cb850000, 0x00000000ccc50140, 0x00000000cccc0000)
  to   space 20928K,   0% used [0x00000000ca3e0000, 0x00000000ca3e0000, 0x00000000cb850000)
 concurrent mark-sweep generation total 838912K, used 686143K [0x00000000cccc0000, 0x0000000100000000, 0x0000000100000000)
 Metaspace       used 3935K, capacity 4540K, committed 4864K, reserved 1056768K
  class space    used 425K, capacity 428K, committed 512K, reserved 1048576K
2024-07-26T01:31:18.755+0800: 10.354: [GC (Allocation Failure) 2024-07-26T01:31:18.755+0800: 10.354: [ParNew2024-07-26T01:31:18.762+0800: 10.361: [SoftReference, 0 refs, 0.0000389 secs]2024-07-26T01:31:18.762+0800: 10.361: [WeakReference, 0 refs, 0.0000046 secs]2024-07-26T01:31:18.762+0800: 10.361: [FinalReference, 0 refs, 0.0000071 secs]2024-07-26T01:31:18.762+0800: 10.361: [PhantomReference, 0 refs, 0.0000041 secs]2024-07-26T01:31:18.762+0800: 10.361: [JNI Weak Reference, 0.0000049 secs]
Desired survivor size 10715136 bytes, new threshold 1 (max 1)
- age   1:   20971840 bytes,   20971840 total
: 187673K->20480K(188736K), 0.0067204 secs] 873816K->725057K(1027648K), 0.0067595 secs] [Times: user=0.00 sys=0.00, real=0.01 secs] 
Heap after GC invocations=406 (full 34):
 par new generation   total 188736K, used 20480K [0x00000000c0000000, 0x00000000cccc0000, 0x00000000cccc0000)
  eden space 167808K,   0% used [0x00000000c0000000, 0x00000000c0000000, 0x00000000ca3e0000)
  from space 20928K,  97% used [0x00000000ca3e0000, 0x00000000cb7e0140, 0x00000000cb850000)
  to   space 20928K,   0% used [0x00000000cb850000, 0x00000000cb850000, 0x00000000cccc0000)
 concurrent mark-sweep generation total 838912K, used 704577K [0x00000000cccc0000, 0x0000000100000000, 0x0000000100000000)
 Metaspace       used 3935K, capacity 4540K, committed 4864K, reserved 1056768K
  class space    used 425K, capacity 428K, committed 512K, reserved 1048576K
}
2024-07-26T01:31:18.762+0800: 10.361: Total time for which application threads were stopped: 0.0068791 seconds, Stopping threads took: 0.0000207 seconds
{Heap before GC invocations=406 (full 34):
 par new generation   total 188736K, used 187673K [0x00000000c0000000, 0x00000000cccc0000, 0x00000000cccc0000)
  eden space 167808K,  99% used [0x00000000c0000000, 0x00000000ca346440, 0x00000000ca3e0000)
  from space 20928K,  97% used [0x00000000ca3e0000, 0x00000000cb7e0140, 0x00000000cb850000)
  to   space 20928K,   0% used [0x00000000cb850000, 0x00000000cb850000, 0x00000000cccc0000)
 concurrent mark-sweep generation total 838912K, used 704577K [0x00000000cccc0000, 0x0000000100000000, 0x0000000100000000)
 Metaspace       used 3935K, capacity 4540K, committed 4864K, reserved 1056768K
  class space    used 425K, capacity 428K, committed 512K, reserved 1048576K
2024-07-26T01:31:18.776+0800: 10.376: [GC (Allocation Failure) 2024-07-26T01:31:18.776+0800: 10.376: [ParNew2024-07-26T01:31:18.793+0800: 10.393: [SoftReference, 0 refs, 0.0000446 secs]2024-07-26T01:31:18.793+0800: 10.393: [WeakReference, 0 refs, 0.0000044 secs]2024-07-26T01:31:18.793+0800: 10.393: [FinalReference, 0 refs, 0.0000043 secs]2024-07-26T01:31:18.793+0800: 10.393: [PhantomReference, 0 refs, 0.0000039 secs]2024-07-26T01:31:18.793+0800: 10.393: [JNI Weak Reference, 0.0000046 secs]
Desired survivor size 10715136 bytes, new threshold 1 (max 1)
- age   1:   20971840 bytes,   20971840 total
: 187673K->20480K(188736K), 0.0171162 secs] 892250K->806979K(1027648K), 0.0171527 secs] [Times: user=0.08 sys=0.00, real=0.02 secs] 
Heap after GC invocations=407 (full 34):
 par new generation   total 188736K, used 20480K [0x00000000c0000000, 0x00000000cccc0000, 0x00000000cccc0000)
  eden space 167808K,   0% used [0x00000000c0000000, 0x00000000c0000000, 0x00000000ca3e0000)
  from space 20928K,  97% used [0x00000000cb850000, 0x00000000ccc50140, 0x00000000cccc0000)
  to   space 20928K,   0% used [0x00000000ca3e0000, 0x00000000ca3e0000, 0x00000000cb850000)
 concurrent mark-sweep generation total 838912K, used 786498K [0x00000000cccc0000, 0x0000000100000000, 0x0000000100000000)
 Metaspace       used 3935K, capacity 4540K, committed 4864K, reserved 1056768K
  class space    used 425K, capacity 428K, committed 512K, reserved 1048576K
}
2024-07-26T01:31:18.793+0800: 10.393: Total time for which application threads were stopped: 0.0172648 seconds, Stopping threads took: 0.0000224 seconds
{Heap before GC invocations=407 (full 34):
 par new generation   total 188736K, used 187673K [0x00000000c0000000, 0x00000000cccc0000, 0x00000000cccc0000)
  eden space 167808K,  99% used [0x00000000c0000000, 0x00000000ca346440, 0x00000000ca3e0000)
  from space 20928K,  97% used [0x00000000cb850000, 0x00000000ccc50140, 0x00000000cccc0000)
  to   space 20928K,   0% used [0x00000000ca3e0000, 0x00000000ca3e0000, 0x00000000cb850000)
 concurrent mark-sweep generation total 838912K, used 786498K [0x00000000cccc0000, 0x0000000100000000, 0x0000000100000000)
 Metaspace       used 3935K, capacity 4540K, committed 4864K, reserved 1056768K
  class space    used 425K, capacity 428K, committed 512K, reserved 1048576K
2024-07-26T01:31:18.808+0800: 10.407: [GC (Allocation Failure) 2024-07-26T01:31:18.808+0800: 10.407: [ParNew: 187673K->187673K(188736K), 0.0000156 secs]2024-07-26T01:31:18.808+0800: 10.407: [CMS2024-07-26T01:31:18.808+0800: 10.407: [CMS-concurrent-abortable-preclean: 0.008/0.310 secs] [Times: user=0.30 sys=0.00, real=0.31 secs] 
 (concurrent mode failure)2024-07-26T01:31:18.808+0800: 10.408: [SoftReference, 0 refs, 0.0000128 secs]2024-07-26T01:31:18.808+0800: 10.408: [WeakReference, 2 refs, 0.0000045 secs]2024-07-26T01:31:18.808+0800: 10.408: [FinalReference, 2 refs, 0.0000036 secs]2024-07-26T01:31:18.808+0800: 10.408: [PhantomReference, 0 refs, 0.0000033 secs]2024-07-26T01:31:18.808+0800: 10.408: [JNI Weak Reference, 0.0000037 secs]: 786498K->63521K(838912K), 0.0112746 secs] 974172K->63521K(1027648K), [Metaspace: 3935K->3935K(1056768K)], 0.0113561 secs] [Times: user=0.00 sys=0.00, real=0.01 secs] 
Heap after GC invocations=408 (full 35):
 par new generation   total 188736K, used 0K [0x00000000c0000000, 0x00000000cccc0000, 0x00000000cccc0000)
  eden space 167808K,   0% used [0x00000000c0000000, 0x00000000c0000000, 0x00000000ca3e0000)
  from space 20928K,   0% used [0x00000000cb850000, 0x00000000cb850000, 0x00000000cccc0000)
  to   space 20928K,   0% used [0x00000000ca3e0000, 0x00000000ca3e0000, 0x00000000cb850000)
 concurrent mark-sweep generation total 838912K, used 63521K [0x00000000cccc0000, 0x0000000100000000, 0x0000000100000000)
 Metaspace       used 3935K, capacity 4540K, committed 4864K, reserved 1056768K
  class space    used 425K, capacity 428K, committed 512K, reserved 1048576K
}
2024-07-26T01:31:18.819+0800: 10.419: Total time for which application threads were stopped: 0.0114743 seconds, Stopping threads took: 0.0000224 seconds
{Heap before GC invocations=408 (full 35):
 par new generation   total 188736K, used 167193K [0x00000000c0000000, 0x00000000cccc0000, 0x00000000cccc0000)
  eden space 167808K,  99% used [0x00000000c0000000, 0x00000000ca346440, 0x00000000ca3e0000)
  from space 20928K,   0% used [0x00000000cb850000, 0x00000000cb850000, 0x00000000cccc0000)
  to   space 20928K,   0% used [0x00000000ca3e0000, 0x00000000ca3e0000, 0x00000000cb850000)
 concurrent mark-sweep generation total 838912K, used 63521K [0x00000000cccc0000, 0x0000000100000000, 0x0000000100000000)
 Metaspace       used 3935K, capacity 4540K, committed 4864K, reserved 1056768K
  class space    used 425K, capacity 428K, committed 512K, reserved 1048576K
2024-07-26T01:31:18.833+0800: 10.433: [GC (Allocation Failure) 2024-07-26T01:31:18.834+0800: 10.433: [ParNew2024-07-26T01:31:18.840+0800: 10.439: [SoftReference, 0 refs, 0.0000672 secs]2024-07-26T01:31:18.840+0800: 10.439: [WeakReference, 0 refs, 0.0000137 secs]2024-07-26T01:31:18.840+0800: 10.439: [FinalReference, 0 refs, 0.0000125 secs]2024-07-26T01:31:18.840+0800: 10.439: [PhantomReference, 0 refs, 0.0000115 secs]2024-07-26T01:31:18.840+0800: 10.439: [JNI Weak Reference, 0.0000117 secs]
Desired survivor size 10715136 bytes, new threshold 1 (max 1)
- age   1:   20971840 bytes,   20971840 total
: 167193K->20480K(188736K), 0.0057067 secs] 230714K->86051K(1027648K), 0.0057604 secs] [Times: user=0.00 sys=0.00, real=0.01 secs] 
Heap after GC invocations=409 (full 35):
 par new generation   total 188736K, used 20480K [0x00000000c0000000, 0x00000000cccc0000, 0x00000000cccc0000)
  eden space 167808K,   0% used [0x00000000c0000000, 0x00000000c0000000, 0x00000000ca3e0000)
  from space 20928K,  97% used [0x00000000ca3e0000, 0x00000000cb7e0140, 0x00000000cb850000)
  to   space 20928K,   0% used [0x00000000cb850000, 0x00000000cb850000, 0x00000000cccc0000)
 concurrent mark-sweep generation total 838912K, used 65571K [0x00000000cccc0000, 0x0000000100000000, 0x0000000100000000)
 Metaspace       used 3935K, capacity 4540K, committed 4864K, reserved 1056768K
  class space    used 425K, capacity 428K, committed 512K, reserved 1048576K
}
2024-07-26T01:31:18.840+0800: 10.439: Total time for which application threads were stopped: 0.0059359 seconds, Stopping threads took: 0.0000219 seconds
{Heap before GC invocations=409 (full 35):
 par new generation   total 188736K, used 187673K [0x00000000c0000000, 0x00000000cccc0000, 0x00000000cccc0000)
  eden space 167808K,  99% used [0x00000000c0000000, 0x00000000ca346440, 0x00000000ca3e0000)
  from space 20928K,  97% used [0x00000000ca3e0000, 0x00000000cb7e0140, 0x00000000cb850000)
  to   space 20928K,   0% used [0x00000000cb850000, 0x00000000cb850000, 0x00000000cccc0000)
 concurrent mark-sweep generation total 838912K, used 65571K [0x00000000cccc0000, 0x0000000100000000, 0x0000000100000000)
 Metaspace       used 3935K, capacity 4540K, committed 4864K, reserved 1056768K
  class space    used 425K, capacity 428K, committed 512K, reserved 1048576K
2024-07-26T01:31:18.855+0800: 10.454: [GC (Allocation Failure) 2024-07-26T01:31:18.855+0800: 10.454: [ParNew2024-07-26T01:31:18.868+0800: 10.468: [SoftReference, 0 refs, 0.0000343 secs]2024-07-26T01:31:18.868+0800: 10.468: [WeakReference, 0 refs, 0.0000045 secs]2024-07-26T01:31:18.868+0800: 10.468: [FinalReference, 0 refs, 0.0000041 secs]2024-07-26T01:31:18.868+0800: 10.468: [PhantomReference, 0 refs, 0.0000038 secs]2024-07-26T01:31:18.868+0800: 10.468: [JNI Weak Reference, 0.0000048 secs]
Desired survivor size 10715136 bytes, new threshold 1 (max 1)
- age   1:   20971840 bytes,   20971840 total
: 187673K->20480K(188736K), 0.0135075 secs] 253244K->151590K(1027648K), 0.0135603 secs] [Times: user=0.09 sys=0.00, real=0.01 secs] 
Heap after GC invocations=410 (full 35):
 par new generation   total 188736K, used 20480K [0x00000000c0000000, 0x00000000cccc0000, 0x00000000cccc0000)
  eden space 167808K,   0% used [0x00000000c0000000, 0x00000000c0000000, 0x00000000ca3e0000)
  from space 20928K,  97% used [0x00000000cb850000, 0x00000000ccc50140, 0x00000000cccc0000)
  to   space 20928K,   0% used [0x00000000ca3e0000, 0x00000000ca3e0000, 0x00000000cb850000)
 concurrent mark-sweep generation total 838912K, used 131110K [0x00000000cccc0000, 0x0000000100000000, 0x0000000100000000)
 Metaspace       used 3935K, capacity 4540K, committed 4864K, reserved 1056768K
  class space    used 425K, capacity 428K, committed 512K, reserved 1048576K
}
2024-07-26T01:31:18.868+0800: 10.468: Total time for which application threads were stopped: 0.0137688 seconds, Stopping threads took: 0.0001017 seconds
{Heap before GC invocations=410 (full 35):
 par new generation   total 188736K, used 187673K [0x00000000c0000000, 0x00000000cccc0000, 0x00000000cccc0000)
  eden space 167808K,  99% used [0x00000000c0000000, 0x00000000ca346440, 0x00000000ca3e0000)
  from space 20928K,  97% used [0x00000000cb850000, 0x00000000ccc50140, 0x00000000cccc0000)
  to   space 20928K,   0% used [0x00000000ca3e0000, 0x00000000ca3e0000, 0x00000000cb850000)
 concurrent mark-sweep generation total 838912K, used 131110K [0x00000000cccc0000, 0x0000000100000000, 0x0000000100000000)
 Metaspace       used 3935K, capacity 4540K, committed 4864K, reserved 1056768K
  class space    used 425K, capacity 428K, committed 512K, reserved 1048576K
2024-07-26T01:31:18.884+0800: 10.484: [GC (Allocation Failure) 2024-07-26T01:31:18.885+0800: 10.484: [ParNew2024-07-26T01:31:18.894+0800: 10.493: [SoftReference, 0 refs, 0.0000314 secs]2024-07-26T01:31:18.894+0800: 10.493: [WeakReference, 0 refs, 0.0000042 secs]2024-07-26T01:31:18.894+0800: 10.493: [FinalReference, 0 refs, 0.0000038 secs]2024-07-26T01:31:18.894+0800: 10.493: [PhantomReference, 0 refs, 0.0000037 secs]2024-07-26T01:31:18.894+0800: 10.493: [JNI Weak Reference, 0.0000043 secs]
Desired survivor size 10715136 bytes, new threshold 1 (max 1)
- age   1:   20971840 bytes,   20971840 total
: 187673K->20480K(188736K), 0.0092245 secs] 318783K->177193K(1027648K), 0.0092626 secs] [Times: user=0.08 sys=0.00, real=0.01 secs] 
Heap after GC invocations=411 (full 35):
 par new generation   total 188736K, used 20480K [0x00000000c0000000, 0x00000000cccc0000, 0x00000000cccc0000)
  eden space 167808K,   0% used [0x00000000c0000000, 0x00000000c0000000, 0x00000000ca3e0000)
  from space 20928K,  97% used [0x00000000ca3e0000, 0x00000000cb7e0140, 0x00000000cb850000)
  to   space 20928K,   0% used [0x00000000cb850000, 0x00000000cb850000, 0x00000000cccc0000)
 concurrent mark-sweep generation total 838912K, used 156712K [0x00000000cccc0000, 0x0000000100000000, 0x0000000100000000)
 Metaspace       used 3935K, capacity 4540K, committed 4864K, reserved 1056768K
  class space    used 425K, capacity 428K, committed 512K, reserved 1048576K
}
2024-07-26T01:31:18.894+0800: 10.493: Total time for which application threads were stopped: 0.0093801 seconds, Stopping threads took: 0.0000225 seconds
{Heap before GC invocations=411 (full 35):
 par new generation   total 188736K, used 187673K [0x00000000c0000000, 0x00000000cccc0000, 0x00000000cccc0000)
  eden space 167808K,  99% used [0x00000000c0000000, 0x00000000ca346440, 0x00000000ca3e0000)
  from space 20928K,  97% used [0x00000000ca3e0000, 0x00000000cb7e0140, 0x00000000cb850000)
  to   space 20928K,   0% used [0x00000000cb850000, 0x00000000cb850000, 0x00000000cccc0000)
 concurrent mark-sweep generation total 838912K, used 156712K [0x00000000cccc0000, 0x0000000100000000, 0x0000000100000000)
 Metaspace       used 3935K, capacity 4540K, committed 4864K, reserved 1056768K
  class space    used 425K, capacity 428K, committed 512K, reserved 1048576K
2024-07-26T01:31:18.909+0800: 10.508: [GC (Allocation Failure) 2024-07-26T01:31:18.909+0800: 10.508: [ParNew2024-07-26T01:31:18.911+0800: 10.510: [SoftReference, 0 refs, 0.0000325 secs]2024-07-26T01:31:18.911+0800: 10.510: [WeakReference, 0 refs, 0.0000045 secs]2024-07-26T01:31:18.911+0800: 10.510: [FinalReference, 0 refs, 0.0000041 secs]2024-07-26T01:31:18.911+0800: 10.510: [PhantomReference, 0 refs, 0.0000039 secs]2024-07-26T01:31:18.911+0800: 10.510: [JNI Weak Reference, 0.0000044 secs]
Desired survivor size 10715136 bytes, new threshold 1 (max 1)
- age   1:    6291552 bytes,    6291552 total
: 187673K->6144K(188736K), 0.0018438 secs] 344386K->162856K(1027648K), 0.0018834 secs] [Times: user=0.00 sys=0.00, real=0.00 secs] 
Heap after GC invocations=412 (full 35):
 par new generation   total 188736K, used 6144K [0x00000000c0000000, 0x00000000cccc0000, 0x00000000cccc0000)
  eden space 167808K,   0% used [0x00000000c0000000, 0x00000000c0000000, 0x00000000ca3e0000)
  from space 20928K,  29% used [0x00000000cb850000, 0x00000000cbe50060, 0x00000000cccc0000)
  to   space 20928K,   0% used [0x00000000ca3e0000, 0x00000000ca3e0000, 0x00000000cb850000)
 concurrent mark-sweep generation total 838912K, used 156712K [0x00000000cccc0000, 0x0000000100000000, 0x0000000100000000)
 Metaspace       used 3935K, capacity 4540K, committed 4864K, reserved 1056768K
  class space    used 425K, capacity 428K, committed 512K, reserved 1048576K
}
2024-07-26T01:31:18.911+0800: 10.510: Total time for which application threads were stopped: 0.0020271 seconds, Stopping threads took: 0.0000483 seconds
{Heap before GC invocations=412 (full 35):
 par new generation   total 188736K, used 173337K [0x00000000c0000000, 0x00000000cccc0000, 0x00000000cccc0000)
  eden space 167808K,  99% used [0x00000000c0000000, 0x00000000ca346440, 0x00000000ca3e0000)
  from space 20928K,  29% used [0x00000000cb850000, 0x00000000cbe50060, 0x00000000cccc0000)
  to   space 20928K,   0% used [0x00000000ca3e0000, 0x00000000ca3e0000, 0x00000000cb850000)
 concurrent mark-sweep generation total 838912K, used 156712K [0x00000000cccc0000, 0x0000000100000000, 0x0000000100000000)
 Metaspace       used 3935K, capacity 4540K, committed 4864K, reserved 1056768K
  class space    used 425K, capacity 428K, committed 512K, reserved 1048576K
2024-07-26T01:31:18.925+0800: 10.524: [GC (Allocation Failure) 2024-07-26T01:31:18.925+0800: 10.525: [ParNew2024-07-26T01:31:18.936+0800: 10.535: [SoftReference, 0 refs, 0.0000697 secs]2024-07-26T01:31:18.936+0800: 10.535: [WeakReference, 0 refs, 0.0000047 secs]2024-07-26T01:31:18.936+0800: 10.535: [FinalReference, 0 refs, 0.0000042 secs]2024-07-26T01:31:18.936+0800: 10.535: [PhantomReference, 0 refs, 0.0000040 secs]2024-07-26T01:31:18.936+0800: 10.535: [JNI Weak Reference, 0.0000043 secs]
Desired survivor size 10715136 bytes, new threshold 1 (max 1)
- age   1:   20971840 bytes,   20971840 total
: 173337K->20480K(188736K), 0.0104409 secs] 330049K->226347K(1027648K), 0.0104760 secs] [Times: user=0.03 sys=0.00, real=0.01 secs] 
Heap after GC invocations=413 (full 35):
 par new generation   total 188736K, used 20480K [0x00000000c0000000, 0x00000000cccc0000, 0x00000000cccc0000)
  eden space 167808K,   0% used [0x00000000c0000000, 0x00000000c0000000, 0x00000000ca3e0000)
  from space 20928K,  97% used [0x00000000ca3e0000, 0x00000000cb7e0140, 0x00000000cb850000)
  to   space 20928K,   0% used [0x00000000cb850000, 0x00000000cb850000, 0x00000000cccc0000)
 concurrent mark-sweep generation total 838912K, used 205867K [0x00000000cccc0000, 0x0000000100000000, 0x0000000100000000)
 Metaspace       used 3935K, capacity 4540K, committed 4864K, reserved 1056768K
  class space    used 425K, capacity 428K, committed 512K, reserved 1048576K
}
2024-07-26T01:31:18.936+0800: 10.535: Total time for which application threads were stopped: 0.0105836 seconds, Stopping threads took: 0.0000222 seconds
{Heap before GC invocations=413 (full 35):
 par new generation   total 188736K, used 187673K [0x00000000c0000000, 0x00000000cccc0000, 0x00000000cccc0000)
  eden space 167808K,  99% used [0x00000000c0000000, 0x00000000ca346440, 0x00000000ca3e0000)
  from space 20928K,  97% used [0x00000000ca3e0000, 0x00000000cb7e0140, 0x00000000cb850000)
  to   space 20928K,   0% used [0x00000000cb850000, 0x00000000cb850000, 0x00000000cccc0000)
 concurrent mark-sweep generation total 838912K, used 205867K [0x00000000cccc0000, 0x0000000100000000, 0x0000000100000000)
 Metaspace       used 3935K, capacity 4540K, committed 4864K, reserved 1056768K
  class space    used 425K, capacity 428K, committed 512K, reserved 1048576K
2024-07-26T01:31:18.951+0800: 10.550: [GC (Allocation Failure) 2024-07-26T01:31:18.951+0800: 10.550: [ParNew2024-07-26T01:31:18.957+0800: 10.556: [SoftReference, 0 refs, 0.0000280 secs]2024-07-26T01:31:18.957+0800: 10.556: [WeakReference, 0 refs, 0.0000045 secs]2024-07-26T01:31:18.957+0800: 10.556: [FinalReference, 0 refs, 0.0000040 secs]2024-07-26T01:31:18.957+0800: 10.556: [PhantomReference, 0 refs, 0.0000037 secs]2024-07-26T01:31:18.957+0800: 10.556: [JNI Weak Reference, 0.0000044 secs]
Desired survivor size 10715136 bytes, new threshold 1 (max 1)
- age   1:   20971840 bytes,   20971840 total
: 187673K->20480K(188736K), 0.0062204 secs] 393540K->235563K(1027648K), 0.0062586 secs] [Times: user=0.00 sys=0.00, real=0.01 secs] 
Heap after GC invocations=414 (full 35):
 par new generation   total 188736K, used 20480K [0x00000000c0000000, 0x00000000cccc0000, 0x00000000cccc0000)
  eden space 167808K,   0% used [0x00000000c0000000, 0x00000000c0000000, 0x00000000ca3e0000)
  from space 20928K,  97% used [0x00000000cb850000, 0x00000000ccc50140, 0x00000000cccc0000)
  to   space 20928K,   0% used [0x00000000ca3e0000, 0x00000000ca3e0000, 0x00000000cb850000)
 concurrent mark-sweep generation total 838912K, used 215083K [0x00000000cccc0000, 0x0000000100000000, 0x0000000100000000)
 Metaspace       used 3935K, capacity 4540K, committed 4864K, reserved 1056768K
  class space    used 425K, capacity 428K, committed 512K, reserved 1048576K
}
2024-07-26T01:31:18.957+0800: 10.556: Total time for which application threads were stopped: 0.0063633 seconds, Stopping threads took: 0.0000208 seconds
{Heap before GC invocations=414 (full 35):
 par new generation   total 188736K, used 187673K [0x00000000c0000000, 0x00000000cccc0000, 0x00000000cccc0000)
  eden space 167808K,  99% used [0x00000000c0000000, 0x00000000ca346440, 0x00000000ca3e0000)
  from space 20928K,  97% used [0x00000000cb850000, 0x00000000ccc50140, 0x00000000cccc0000)
  to   space 20928K,   0% used [0x00000000ca3e0000, 0x00000000ca3e0000, 0x00000000cb850000)
 concurrent mark-sweep generation total 838912K, used 215083K [0x00000000cccc0000, 0x0000000100000000, 0x0000000100000000)
 Metaspace       used 3935K, capacity 4540K, committed 4864K, reserved 1056768K
  class space    used 425K, capacity 428K, committed 512K, reserved 1048576K
2024-07-26T01:31:18.971+0800: 10.571: [GC (Allocation Failure) 2024-07-26T01:31:18.971+0800: 10.571: [ParNew2024-07-26T01:31:18.989+0800: 10.589: [SoftReference, 0 refs, 0.0000336 secs]2024-07-26T01:31:18.989+0800: 10.589: [WeakReference, 0 refs, 0.0000045 secs]2024-07-26T01:31:18.989+0800: 10.589: [FinalReference, 0 refs, 0.0000039 secs]2024-07-26T01:31:18.989+0800: 10.589: [PhantomReference, 0 refs, 0.0000039 secs]2024-07-26T01:31:18.989+0800: 10.589: [JNI Weak Reference, 0.0000051 secs]
Desired survivor size 10715136 bytes, new threshold 1 (max 1)
- age   1:   20971840 bytes,   20971840 total
: 187673K->20480K(188736K), 0.0171441 secs] 402757K->308271K(1027648K), 0.0171843 secs] [Times: user=0.08 sys=0.00, real=0.02 secs] 
Heap after GC invocations=415 (full 35):
 par new generation   total 188736K, used 20480K [0x00000000c0000000, 0x00000000cccc0000, 0x00000000cccc0000)
  eden space 167808K,   0% used [0x00000000c0000000, 0x00000000c0000000, 0x00000000ca3e0000)
  from space 20928K,  97% used [0x00000000ca3e0000, 0x00000000cb7e0140, 0x00000000cb850000)
  to   space 20928K,   0% used [0x00000000cb850000, 0x00000000cb850000, 0x00000000cccc0000)
 concurrent mark-sweep generation total 838912K, used 287790K [0x00000000cccc0000, 0x0000000100000000, 0x0000000100000000)
 Metaspace       used 3935K, capacity 4540K, committed 4864K, reserved 1056768K
  class space    used 425K, capacity 428K, committed 512K, reserved 1048576K
}
2024-07-26T01:31:18.989+0800: 10.589: Total time for which application threads were stopped: 0.0172980 seconds, Stopping threads took: 0.0000234 seconds
{Heap before GC invocations=415 (full 35):
 par new generation   total 188736K, used 187673K [0x00000000c0000000, 0x00000000cccc0000, 0x00000000cccc0000)
  eden space 167808K,  99% used [0x00000000c0000000, 0x00000000ca346440, 0x00000000ca3e0000)
  from space 20928K,  97% used [0x00000000ca3e0000, 0x00000000cb7e0140, 0x00000000cb850000)
  to   space 20928K,   0% used [0x00000000cb850000, 0x00000000cb850000, 0x00000000cccc0000)
 concurrent mark-sweep generation total 838912K, used 287790K [0x00000000cccc0000, 0x0000000100000000, 0x0000000100000000)
 Metaspace       used 3935K, capacity 4540K, committed 4864K, reserved 1056768K
  class space    used 425K, capacity 428K, committed 512K, reserved 1048576K
2024-07-26T01:31:19.005+0800: 10.604: [GC (Allocation Failure) 2024-07-26T01:31:19.005+0800: 10.604: [ParNew2024-07-26T01:31:19.014+0800: 10.614: [SoftReference, 0 refs, 0.0000328 secs]2024-07-26T01:31:19.014+0800: 10.614: [WeakReference, 0 refs, 0.0000045 secs]2024-07-26T01:31:19.014+0800: 10.614: [FinalReference, 0 refs, 0.0000041 secs]2024-07-26T01:31:19.014+0800: 10.614: [PhantomReference, 0 refs, 0.0000050 secs]2024-07-26T01:31:19.014+0800: 10.614: [JNI Weak Reference, 0.0000041 secs]
Desired survivor size 10715136 bytes, new threshold 1 (max 1)
- age   1:   20971840 bytes,   20971840 total
: 187673K->20480K(188736K), 0.0096333 secs] 475464K->341041K(1027648K), 0.0096738 secs] [Times: user=0.02 sys=0.00, real=0.01 secs] 
Heap after GC invocations=416 (full 35):
 par new generation   total 188736K, used 20480K [0x00000000c0000000, 0x00000000cccc0000, 0x00000000cccc0000)
  eden space 167808K,   0% used [0x00000000c0000000, 0x00000000c0000000, 0x00000000ca3e0000)
  from space 20928K,  97% used [0x00000000cb850000, 0x00000000ccc50140, 0x00000000cccc0000)
  to   space 20928K,   0% used [0x00000000ca3e0000, 0x00000000ca3e0000, 0x00000000cb850000)
 concurrent mark-sweep generation total 838912K, used 320561K [0x00000000cccc0000, 0x0000000100000000, 0x0000000100000000)
 Metaspace       used 3935K, capacity 4540K, committed 4864K, reserved 1056768K
  class space    used 425K, capacity 428K, committed 512K, reserved 1048576K
}
2024-07-26T01:31:19.015+0800: 10.614: Total time for which application threads were stopped: 0.0097960 seconds, Stopping threads took: 0.0000223 seconds
{Heap before GC invocations=416 (full 35):
 par new generation   total 188736K, used 187673K [0x00000000c0000000, 0x00000000cccc0000, 0x00000000cccc0000)
  eden space 167808K,  99% used [0x00000000c0000000, 0x00000000ca346440, 0x00000000ca3e0000)
  from space 20928K,  97% used [0x00000000cb850000, 0x00000000ccc50140, 0x00000000cccc0000)
  to   space 20928K,   0% used [0x00000000ca3e0000, 0x00000000ca3e0000, 0x00000000cb850000)
 concurrent mark-sweep generation total 838912K, used 320561K [0x00000000cccc0000, 0x0000000100000000, 0x0000000100000000)
 Metaspace       used 3935K, capacity 4540K, committed 4864K, reserved 1056768K
  class space    used 425K, capacity 428K, committed 512K, reserved 1048576K
2024-07-26T01:31:19.031+0800: 10.630: [GC (Allocation Failure) 2024-07-26T01:31:19.031+0800: 10.630: [ParNew2024-07-26T01:31:19.035+0800: 10.634: [SoftReference, 0 refs, 0.0000432 secs]2024-07-26T01:31:19.035+0800: 10.634: [WeakReference, 0 refs, 0.0000046 secs]2024-07-26T01:31:19.035+0800: 10.634: [FinalReference, 0 refs, 0.0000040 secs]2024-07-26T01:31:19.035+0800: 10.634: [PhantomReference, 0 refs, 0.0000039 secs]2024-07-26T01:31:19.035+0800: 10.634: [JNI Weak Reference, 0.0000043 secs]
Desired survivor size 10715136 bytes, new threshold 1 (max 1)
- age   1:   13631696 bytes,   13631696 total
: 187673K->13312K(188736K), 0.0042482 secs] 508234K->333873K(1027648K), 0.0043133 secs] [Times: user=0.00 sys=0.00, real=0.00 secs] 
Heap after GC invocations=417 (full 35):
 par new generation   total 188736K, used 13312K [0x00000000c0000000, 0x00000000cccc0000, 0x00000000cccc0000)
  eden space 167808K,   0% used [0x00000000c0000000, 0x00000000c0000000, 0x00000000ca3e0000)
  from space 20928K,  63% used [0x00000000ca3e0000, 0x00000000cb0e00d0, 0x00000000cb850000)
  to   space 20928K,   0% used [0x00000000cb850000, 0x00000000cb850000, 0x00000000cccc0000)
 concurrent mark-sweep generation total 838912K, used 320561K [0x00000000cccc0000, 0x0000000100000000, 0x0000000100000000)
 Metaspace       used 3935K, capacity 4540K, committed 4864K, reserved 1056768K
  class space    used 425K, capacity 428K, committed 512K, reserved 1048576K
}
2024-07-26T01:31:19.035+0800: 10.634: Total time for which application threads were stopped: 0.0044751 seconds, Stopping threads took: 0.0000303 seconds
{Heap before GC invocations=417 (full 35):
 par new generation   total 188736K, used 180505K [0x00000000c0000000, 0x00000000cccc0000, 0x00000000cccc0000)
  eden space 167808K,  99% used [0x00000000c0000000, 0x00000000ca346440, 0x00000000ca3e0000)
  from space 20928K,  63% used [0x00000000ca3e0000, 0x00000000cb0e00d0, 0x00000000cb850000)
  to   space 20928K,   0% used [0x00000000cb850000, 0x00000000cb850000, 0x00000000cccc0000)
 concurrent mark-sweep generation total 838912K, used 320561K [0x00000000cccc0000, 0x0000000100000000, 0x0000000100000000)
 Metaspace       used 3935K, capacity 4540K, committed 4864K, reserved 1056768K
  class space    used 425K, capacity 428K, committed 512K, reserved 1048576K
2024-07-26T01:31:19.050+0800: 10.649: [GC (Allocation Failure) 2024-07-26T01:31:19.050+0800: 10.649: [ParNew2024-07-26T01:31:19.061+0800: 10.660: [SoftReference, 0 refs, 0.0000343 secs]2024-07-26T01:31:19.061+0800: 10.661: [WeakReference, 0 refs, 0.0000046 secs]2024-07-26T01:31:19.061+0800: 10.661: [FinalReference, 0 refs, 0.0000040 secs]2024-07-26T01:31:19.061+0800: 10.661: [PhantomReference, 0 refs, 0.0000038 secs]2024-07-26T01:31:19.061+0800: 10.661: [JNI Weak Reference, 0.0000048 secs]
Desired survivor size 10715136 bytes, new threshold 1 (max 1)
- age   1:   20971840 bytes,   20971840 total
: 180505K->20480K(188736K), 0.0113796 secs] 501066K->397362K(1027648K), 0.0114193 secs] [Times: user=0.02 sys=0.00, real=0.01 secs] 
Heap after GC invocations=418 (full 35):
 par new generation   total 188736K, used 20480K [0x00000000c0000000, 0x00000000cccc0000, 0x00000000cccc0000)
  eden space 167808K,   0% used [0x00000000c0000000, 0x00000000c0000000, 0x00000000ca3e0000)
  from space 20928K,  97% used [0x00000000cb850000, 0x00000000ccc50140, 0x00000000cccc0000)
  to   space 20928K,   0% used [0x00000000ca3e0000, 0x00000000ca3e0000, 0x00000000cb850000)
 concurrent mark-sweep generation total 838912K, used 376882K [0x00000000cccc0000, 0x0000000100000000, 0x0000000100000000)
 Metaspace       used 3935K, capacity 4540K, committed 4864K, reserved 1056768K
  class space    used 425K, capacity 428K, committed 512K, reserved 1048576K
}
2024-07-26T01:31:19.061+0800: 10.661: Total time for which application threads were stopped: 0.0115368 seconds, Stopping threads took: 0.0000234 seconds
2024-07-26T01:31:19.062+0800: 10.661: [GC (CMS Initial Mark) [1 CMS-initial-mark: 376882K(838912K)] 398386K(1027648K), 0.0006361 secs] [Times: user=0.00 sys=0.00, real=0.00 secs] 
2024-07-26T01:31:19.062+0800: 10.661: Total time for which application threads were stopped: 0.0007339 seconds, Stopping threads took: 0.0000587 seconds
2024-07-26T01:31:19.062+0800: 10.662: [CMS-concurrent-mark-start]
2024-07-26T01:31:19.064+0800: 10.664: [CMS-concurrent-mark: 0.002/0.002 secs] [Times: user=0.00 sys=0.00, real=0.00 secs] 
2024-07-26T01:31:19.064+0800: 10.664: [CMS-concurrent-preclean-start]
2024-07-26T01:31:19.064+0800: 10.664: [Preclean SoftReferences, 0.0000044 secs]2024-07-26T01:31:19.064+0800: 10.664: [Preclean WeakReferences, 0.0000035 secs]2024-07-26T01:31:19.064+0800: 10.664: [Preclean FinalReferences, 0.0000031 secs]2024-07-26T01:31:19.064+0800: 10.664: [Preclean PhantomReferences, 0.0000031 secs]2024-07-26T01:31:19.065+0800: 10.664: [CMS-concurrent-preclean: 0.001/0.001 secs] [Times: user=0.00 sys=0.00, real=0.00 secs] 
2024-07-26T01:31:19.065+0800: 10.664: [CMS-concurrent-abortable-preclean-start]
{Heap before GC invocations=418 (full 36):
 par new generation   total 188736K, used 187673K [0x00000000c0000000, 0x00000000cccc0000, 0x00000000cccc0000)
  eden space 167808K,  99% used [0x00000000c0000000, 0x00000000ca346440, 0x00000000ca3e0000)
  from space 20928K,  97% used [0x00000000cb850000, 0x00000000ccc50140, 0x00000000cccc0000)
  to   space 20928K,   0% used [0x00000000ca3e0000, 0x00000000ca3e0000, 0x00000000cb850000)
 concurrent mark-sweep generation total 838912K, used 376882K [0x00000000cccc0000, 0x0000000100000000, 0x0000000100000000)
 Metaspace       used 3935K, capacity 4540K, committed 4864K, reserved 1056768K
  class space    used 425K, capacity 428K, committed 512K, reserved 1048576K
2024-07-26T01:31:19.077+0800: 10.677: [GC (Allocation Failure) 2024-07-26T01:31:19.077+0800: 10.677: [ParNew2024-07-26T01:31:19.083+0800: 10.683: [SoftReference, 0 refs, 0.0000430 secs]2024-07-26T01:31:19.083+0800: 10.683: [WeakReference, 0 refs, 0.0000044 secs]2024-07-26T01:31:19.083+0800: 10.683: [FinalReference, 0 refs, 0.0000039 secs]2024-07-26T01:31:19.083+0800: 10.683: [PhantomReference, 0 refs, 0.0000040 secs]2024-07-26T01:31:19.083+0800: 10.683: [JNI Weak Reference, 0.0000043 secs]
Desired survivor size 10715136 bytes, new threshold 1 (max 1)
- age   1:   20971840 bytes,   20971840 total
: 187673K->20480K(188736K), 0.0065773 secs] 564555K->413746K(1027648K), 0.0066154 secs] [Times: user=0.00 sys=0.00, real=0.01 secs] 
Heap after GC invocations=419 (full 36):
 par new generation   total 188736K, used 20480K [0x00000000c0000000, 0x00000000cccc0000, 0x00000000cccc0000)
  eden space 167808K,   0% used [0x00000000c0000000, 0x00000000c0000000, 0x00000000ca3e0000)
  from space 20928K,  97% used [0x00000000ca3e0000, 0x00000000cb7e0140, 0x00000000cb850000)
  to   space 20928K,   0% used [0x00000000cb850000, 0x00000000cb850000, 0x00000000cccc0000)
 concurrent mark-sweep generation total 838912K, used 393266K [0x00000000cccc0000, 0x0000000100000000, 0x0000000100000000)
 Metaspace       used 3935K, capacity 4540K, committed 4864K, reserved 1056768K
  class space    used 425K, capacity 428K, committed 512K, reserved 1048576K
}
2024-07-26T01:31:19.084+0800: 10.683: Total time for which application threads were stopped: 0.0067332 seconds, Stopping threads took: 0.0000227 seconds
{Heap before GC invocations=419 (full 36):
 par new generation   total 188736K, used 187673K [0x00000000c0000000, 0x00000000cccc0000, 0x00000000cccc0000)
  eden space 167808K,  99% used [0x00000000c0000000, 0x00000000ca346440, 0x00000000ca3e0000)
  from space 20928K,  97% used [0x00000000ca3e0000, 0x00000000cb7e0140, 0x00000000cb850000)
  to   space 20928K,   0% used [0x00000000cb850000, 0x00000000cb850000, 0x00000000cccc0000)
 concurrent mark-sweep generation total 838912K, used 393266K [0x00000000cccc0000, 0x0000000100000000, 0x0000000100000000)
 Metaspace       used 3935K, capacity 4540K, committed 4864K, reserved 1056768K
  class space    used 425K, capacity 428K, committed 512K, reserved 1048576K
2024-07-26T01:31:19.098+0800: 10.697: [GC (Allocation Failure) 2024-07-26T01:31:19.098+0800: 10.697: [ParNew2024-07-26T01:31:19.116+0800: 10.716: [SoftReference, 0 refs, 0.0000401 secs]2024-07-26T01:31:19.116+0800: 10.716: [WeakReference, 0 refs, 0.0000041 secs]2024-07-26T01:31:19.116+0800: 10.716: [FinalReference, 0 refs, 0.0000035 secs]2024-07-26T01:31:19.116+0800: 10.716: [PhantomReference, 0 refs, 0.0000038 secs]2024-07-26T01:31:19.116+0800: 10.716: [JNI Weak Reference, 0.0000043 secs]
Desired survivor size 10715136 bytes, new threshold 1 (max 1)
- age   1:   20971840 bytes,   20971840 total
: 187673K->20480K(188736K), 0.0183683 secs] 580939K->493622K(1027648K), 0.0184019 secs] [Times: user=0.08 sys=0.00, real=0.02 secs] 
Heap after GC invocations=420 (full 36):
 par new generation   total 188736K, used 20480K [0x00000000c0000000, 0x00000000cccc0000, 0x00000000cccc0000)
  eden space 167808K,   0% used [0x00000000c0000000, 0x00000000c0000000, 0x00000000ca3e0000)
  from space 20928K,  97% used [0x00000000cb850000, 0x00000000ccc50140, 0x00000000cccc0000)
  to   space 20928K,   0% used [0x00000000ca3e0000, 0x00000000ca3e0000, 0x00000000cb850000)
 concurrent mark-sweep generation total 838912K, used 473141K [0x00000000cccc0000, 0x0000000100000000, 0x0000000100000000)
 Metaspace       used 3935K, capacity 4540K, committed 4864K, reserved 1056768K
  class space    used 425K, capacity 428K, committed 512K, reserved 1048576K
}
2024-07-26T01:31:19.116+0800: 10.716: Total time for which application threads were stopped: 0.0185274 seconds, Stopping threads took: 0.0000268 seconds
{Heap before GC invocations=420 (full 36):
 par new generation   total 188736K, used 187673K [0x00000000c0000000, 0x00000000cccc0000, 0x00000000cccc0000)
  eden space 167808K,  99% used [0x00000000c0000000, 0x00000000ca346440, 0x00000000ca3e0000)
  from space 20928K,  97% used [0x00000000cb850000, 0x00000000ccc50140, 0x00000000cccc0000)
  to   space 20928K,   0% used [0x00000000ca3e0000, 0x00000000ca3e0000, 0x00000000cb850000)
 concurrent mark-sweep generation total 838912K, used 473141K [0x00000000cccc0000, 0x0000000100000000, 0x0000000100000000)
 Metaspace       used 3935K, capacity 4540K, committed 4864K, reserved 1056768K
  class space    used 425K, capacity 428K, committed 512K, reserved 1048576K
2024-07-26T01:31:19.131+0800: 10.731: [GC (Allocation Failure) 2024-07-26T01:31:19.131+0800: 10.731: [ParNew2024-07-26T01:31:19.142+0800: 10.741: [SoftReference, 0 refs, 0.0000349 secs]2024-07-26T01:31:19.142+0800: 10.741: [WeakReference, 0 refs, 0.0000041 secs]2024-07-26T01:31:19.142+0800: 10.741: [FinalReference, 0 refs, 0.0000037 secs]2024-07-26T01:31:19.142+0800: 10.741: [PhantomReference, 0 refs, 0.0000035 secs]2024-07-26T01:31:19.142+0800: 10.741: [JNI Weak Reference, 0.0000040 secs]
Desired survivor size 10715136 bytes, new threshold 1 (max 1)
- age   1:   20971840 bytes,   20971840 total
: 187673K->20480K(188736K), 0.0106696 secs] 660815K->533560K(1027648K), 0.0107069 secs] [Times: user=0.06 sys=0.00, real=0.01 secs] 
Heap after GC invocations=421 (full 36):
 par new generation   total 188736K, used 20480K [0x00000000c0000000, 0x00000000cccc0000, 0x00000000cccc0000)
  eden space 167808K,   0% used [0x00000000c0000000, 0x00000000c0000000, 0x00000000ca3e0000)
  from space 20928K,  97% used [0x00000000ca3e0000, 0x00000000cb7e0140, 0x00000000cb850000)
  to   space 20928K,   0% used [0x00000000cb850000, 0x00000000cb850000, 0x00000000cccc0000)
 concurrent mark-sweep generation total 838912K, used 513080K [0x00000000cccc0000, 0x0000000100000000, 0x0000000100000000)
 Metaspace       used 3935K, capacity 4540K, committed 4864K, reserved 1056768K
  class space    used 425K, capacity 428K, committed 512K, reserved 1048576K
}
2024-07-26T01:31:19.142+0800: 10.741: Total time for which application threads were stopped: 0.0108240 seconds, Stopping threads took: 0.0000249 seconds
{Heap before GC invocations=421 (full 36):
 par new generation   total 188736K, used 187673K [0x00000000c0000000, 0x00000000cccc0000, 0x00000000cccc0000)
  eden space 167808K,  99% used [0x00000000c0000000, 0x00000000ca346440, 0x00000000ca3e0000)
  from space 20928K,  97% used [0x00000000ca3e0000, 0x00000000cb7e0140, 0x00000000cb850000)
  to   space 20928K,   0% used [0x00000000cb850000, 0x00000000cb850000, 0x00000000cccc0000)
 concurrent mark-sweep generation total 838912K, used 513080K [0x00000000cccc0000, 0x0000000100000000, 0x0000000100000000)
 Metaspace       used 3935K, capacity 4540K, committed 4864K, reserved 1056768K
  class space    used 425K, capacity 428K, committed 512K, reserved 1048576K
2024-07-26T01:31:19.159+0800: 10.758: [GC (Allocation Failure) 2024-07-26T01:31:19.159+0800: 10.758: [ParNew2024-07-26T01:31:19.162+0800: 10.762: [SoftReference, 0 refs, 0.0000351 secs]2024-07-26T01:31:19.162+0800: 10.762: [WeakReference, 0 refs, 0.0000043 secs]2024-07-26T01:31:19.162+0800: 10.762: [FinalReference, 0 refs, 0.0000041 secs]2024-07-26T01:31:19.162+0800: 10.762: [PhantomReference, 0 refs, 0.0000036 secs]2024-07-26T01:31:19.162+0800: 10.762: [JNI Weak Reference, 0.0000044 secs]
Desired survivor size 10715136 bytes, new threshold 1 (max 1)
- age   1:   20971840 bytes,   20971840 total
: 187673K->20480K(188736K), 0.0035421 secs] 700753K->533560K(1027648K), 0.0035782 secs] [Times: user=0.00 sys=0.00, real=0.00 secs] 
Heap after GC invocations=422 (full 36):
 par new generation   total 188736K, used 20480K [0x00000000c0000000, 0x00000000cccc0000, 0x00000000cccc0000)
  eden space 167808K,   0% used [0x00000000c0000000, 0x00000000c0000000, 0x00000000ca3e0000)
  from space 20928K,  97% used [0x00000000cb850000, 0x00000000ccc50140, 0x00000000cccc0000)
  to   space 20928K,   0% used [0x00000000ca3e0000, 0x00000000ca3e0000, 0x00000000cb850000)
 concurrent mark-sweep generation total 838912K, used 513080K [0x00000000cccc0000, 0x0000000100000000, 0x0000000100000000)
 Metaspace       used 3935K, capacity 4540K, committed 4864K, reserved 1056768K
  class space    used 425K, capacity 428K, committed 512K, reserved 1048576K
}
2024-07-26T01:31:19.163+0800: 10.762: Total time for which application threads were stopped: 0.0036912 seconds, Stopping threads took: 0.0000209 seconds
{Heap before GC invocations=422 (full 36):
 par new generation   total 188736K, used 187673K [0x00000000c0000000, 0x00000000cccc0000, 0x00000000cccc0000)
  eden space 167808K,  99% used [0x00000000c0000000, 0x00000000ca346440, 0x00000000ca3e0000)
  from space 20928K,  97% used [0x00000000cb850000, 0x00000000ccc50140, 0x00000000cccc0000)
  to   space 20928K,   0% used [0x00000000ca3e0000, 0x00000000ca3e0000, 0x00000000cb850000)
 concurrent mark-sweep generation total 838912K, used 513080K [0x00000000cccc0000, 0x0000000100000000, 0x0000000100000000)
 Metaspace       used 3935K, capacity 4540K, committed 4864K, reserved 1056768K
  class space    used 425K, capacity 428K, committed 512K, reserved 1048576K
2024-07-26T01:31:19.179+0800: 10.779: [GC (Allocation Failure) 2024-07-26T01:31:19.179+0800: 10.779: [ParNew2024-07-26T01:31:19.194+0800: 10.793: [SoftReference, 0 refs, 0.0000414 secs]2024-07-26T01:31:19.194+0800: 10.793: [WeakReference, 0 refs, 0.0000054 secs]2024-07-26T01:31:19.194+0800: 10.793: [FinalReference, 0 refs, 0.0000084 secs]2024-07-26T01:31:19.194+0800: 10.793: [PhantomReference, 0 refs, 0.0000045 secs]2024-07-26T01:31:19.194+0800: 10.793: [JNI Weak Reference, 0.0000050 secs]
Desired survivor size 10715136 bytes, new threshold 1 (max 1)
- age   1:   20971840 bytes,   20971840 total
: 187673K->20480K(188736K), 0.0144371 secs] 700753K->597049K(1027648K), 0.0144800 secs] [Times: user=0.06 sys=0.02, real=0.02 secs] 
Heap after GC invocations=423 (full 36):
 par new generation   total 188736K, used 20480K [0x00000000c0000000, 0x00000000cccc0000, 0x00000000cccc0000)
  eden space 167808K,   0% used [0x00000000c0000000, 0x00000000c0000000, 0x00000000ca3e0000)
  from space 20928K,  97% used [0x00000000ca3e0000, 0x00000000cb7e0140, 0x00000000cb850000)
  to   space 20928K,   0% used [0x00000000cb850000, 0x00000000cb850000, 0x00000000cccc0000)
 concurrent mark-sweep generation total 838912K, used 576569K [0x00000000cccc0000, 0x0000000100000000, 0x0000000100000000)
 Metaspace       used 3935K, capacity 4540K, committed 4864K, reserved 1056768K
  class space    used 425K, capacity 428K, committed 512K, reserved 1048576K
}
2024-07-26T01:31:19.194+0800: 10.793: Total time for which application threads were stopped: 0.0146105 seconds, Stopping threads took: 0.0000239 seconds
{Heap before GC invocations=423 (full 36):
 par new generation   total 188736K, used 187673K [0x00000000c0000000, 0x00000000cccc0000, 0x00000000cccc0000)
  eden space 167808K,  99% used [0x00000000c0000000, 0x00000000ca346440, 0x00000000ca3e0000)
  from space 20928K,  97% used [0x00000000ca3e0000, 0x00000000cb7e0140, 0x00000000cb850000)
  to   space 20928K,   0% used [0x00000000cb850000, 0x00000000cb850000, 0x00000000cccc0000)
 concurrent mark-sweep generation total 838912K, used 576569K [0x00000000cccc0000, 0x0000000100000000, 0x0000000100000000)
 Metaspace       used 3935K, capacity 4540K, committed 4864K, reserved 1056768K
  class space    used 425K, capacity 428K, committed 512K, reserved 1048576K
2024-07-26T01:31:19.208+0800: 10.808: [GC (Allocation Failure) 2024-07-26T01:31:19.208+0800: 10.808: [ParNew2024-07-26T01:31:19.215+0800: 10.815: [SoftReference, 0 refs, 0.0000403 secs]2024-07-26T01:31:19.215+0800: 10.815: [WeakReference, 0 refs, 0.0000045 secs]2024-07-26T01:31:19.215+0800: 10.815: [FinalReference, 0 refs, 0.0000039 secs]2024-07-26T01:31:19.215+0800: 10.815: [PhantomReference, 0 refs, 0.0000037 secs]2024-07-26T01:31:19.215+0800: 10.815: [JNI Weak Reference, 0.0000044 secs]
Desired survivor size 10715136 bytes, new threshold 1 (max 1)
- age   1:   20971840 bytes,   20971840 total
: 187673K->20480K(188736K), 0.0068511 secs] 764242K->620602K(1027648K), 0.0068910 secs] [Times: user=0.00 sys=0.00, real=0.01 secs] 
Heap after GC invocations=424 (full 36):
 par new generation   total 188736K, used 20480K [0x00000000c0000000, 0x00000000cccc0000, 0x00000000cccc0000)
  eden space 167808K,   0% used [0x00000000c0000000, 0x00000000c0000000, 0x00000000ca3e0000)
  from space 20928K,  97% used [0x00000000cb850000, 0x00000000ccc50140, 0x00000000cccc0000)
  to   space 20928K,   0% used [0x00000000ca3e0000, 0x00000000ca3e0000, 0x00000000cb850000)
 concurrent mark-sweep generation total 838912K, used 600121K [0x00000000cccc0000, 0x0000000100000000, 0x0000000100000000)
 Metaspace       used 3935K, capacity 4540K, committed 4864K, reserved 1056768K
  class space    used 425K, capacity 428K, committed 512K, reserved 1048576K
}
2024-07-26T01:31:19.215+0800: 10.815: Total time for which application threads were stopped: 0.0070188 seconds, Stopping threads took: 0.0000273 seconds
{Heap before GC invocations=424 (full 36):
 par new generation   total 188736K, used 187673K [0x00000000c0000000, 0x00000000cccc0000, 0x00000000cccc0000)
  eden space 167808K,  99% used [0x00000000c0000000, 0x00000000ca346440, 0x00000000ca3e0000)
  from space 20928K,  97% used [0x00000000cb850000, 0x00000000ccc50140, 0x00000000cccc0000)
  to   space 20928K,   0% used [0x00000000ca3e0000, 0x00000000ca3e0000, 0x00000000cb850000)
 concurrent mark-sweep generation total 838912K, used 600121K [0x00000000cccc0000, 0x0000000100000000, 0x0000000100000000)
 Metaspace       used 3935K, capacity 4540K, committed 4864K, reserved 1056768K
  class space    used 425K, capacity 428K, committed 512K, reserved 1048576K
2024-07-26T01:31:19.230+0800: 10.829: [GC (Allocation Failure) 2024-07-26T01:31:19.230+0800: 10.829: [ParNew2024-07-26T01:31:19.232+0800: 10.831: [SoftReference, 0 refs, 0.0000304 secs]2024-07-26T01:31:19.232+0800: 10.831: [WeakReference, 0 refs, 0.0000046 secs]2024-07-26T01:31:19.232+0800: 10.831: [FinalReference, 0 refs, 0.0000042 secs]2024-07-26T01:31:19.232+0800: 10.831: [PhantomReference, 0 refs, 0.0000041 secs]2024-07-26T01:31:19.232+0800: 10.831: [JNI Weak Reference, 0.0000044 secs]
Desired survivor size 10715136 bytes, new threshold 1 (max 1)
- age   1:    4194368 bytes,    4194368 total
: 187673K->4096K(188736K), 0.0020061 secs] 787795K->604217K(1027648K), 0.0020495 secs] [Times: user=0.02 sys=0.00, real=0.00 secs] 
Heap after GC invocations=425 (full 36):
 par new generation   total 188736K, used 4096K [0x00000000c0000000, 0x00000000cccc0000, 0x00000000cccc0000)
  eden space 167808K,   0% used [0x00000000c0000000, 0x00000000c0000000, 0x00000000ca3e0000)
  from space 20928K,  19% used [0x00000000ca3e0000, 0x00000000ca7e0040, 0x00000000cb850000)
  to   space 20928K,   0% used [0x00000000cb850000, 0x00000000cb850000, 0x00000000cccc0000)
 concurrent mark-sweep generation total 838912K, used 600121K [0x00000000cccc0000, 0x0000000100000000, 0x0000000100000000)
 Metaspace       used 3935K, capacity 4540K, committed 4864K, reserved 1056768K
  class space    used 425K, capacity 428K, committed 512K, reserved 1048576K
}
2024-07-26T01:31:19.232+0800: 10.831: Total time for which application threads were stopped: 0.0021644 seconds, Stopping threads took: 0.0000215 seconds
{Heap before GC invocations=425 (full 36):
 par new generation   total 188736K, used 171289K [0x00000000c0000000, 0x00000000cccc0000, 0x00000000cccc0000)
  eden space 167808K,  99% used [0x00000000c0000000, 0x00000000ca346440, 0x00000000ca3e0000)
  from space 20928K,  19% used [0x00000000ca3e0000, 0x00000000ca7e0040, 0x00000000cb850000)
  to   space 20928K,   0% used [0x00000000cb850000, 0x00000000cb850000, 0x00000000cccc0000)
 concurrent mark-sweep generation total 838912K, used 600121K [0x00000000cccc0000, 0x0000000100000000, 0x0000000100000000)
 Metaspace       used 3935K, capacity 4540K, committed 4864K, reserved 1056768K
  class space    used 425K, capacity 428K, committed 512K, reserved 1048576K
2024-07-26T01:31:19.247+0800: 10.846: [GC (Allocation Failure) 2024-07-26T01:31:19.247+0800: 10.846: [ParNew2024-07-26T01:31:19.259+0800: 10.859: [SoftReference, 0 refs, 0.0000367 secs]2024-07-26T01:31:19.259+0800: 10.859: [WeakReference, 0 refs, 0.0000041 secs]2024-07-26T01:31:19.259+0800: 10.859: [FinalReference, 0 refs, 0.0000036 secs]2024-07-26T01:31:19.259+0800: 10.859: [PhantomReference, 0 refs, 0.0000035 secs]2024-07-26T01:31:19.259+0800: 10.859: [JNI Weak Reference, 0.0000040 secs]
Desired survivor size 10715136 bytes, new threshold 1 (max 1)
- age   1:   20971840 bytes,   20971840 total
: 171289K->20480K(188736K), 0.0122817 secs] 771410K->667708K(1027648K), 0.0123200 secs] [Times: user=0.00 sys=0.00, real=0.01 secs] 
Heap after GC invocations=426 (full 36):
 par new generation   total 188736K, used 20480K [0x00000000c0000000, 0x00000000cccc0000, 0x00000000cccc0000)
  eden space 167808K,   0% used [0x00000000c0000000, 0x00000000c0000000, 0x00000000ca3e0000)
  from space 20928K,  97% used [0x00000000cb850000, 0x00000000ccc50140, 0x00000000cccc0000)
  to   space 20928K,   0% used [0x00000000ca3e0000, 0x00000000ca3e0000, 0x00000000cb850000)
 concurrent mark-sweep generation total 838912K, used 647228K [0x00000000cccc0000, 0x0000000100000000, 0x0000000100000000)
 Metaspace       used 3935K, capacity 4540K, committed 4864K, reserved 1056768K
  class space    used 425K, capacity 428K, committed 512K, reserved 1048576K
}
2024-07-26T01:31:19.259+0800: 10.859: Total time for which application threads were stopped: 0.0124412 seconds, Stopping threads took: 0.0000280 seconds
{Heap before GC invocations=426 (full 36):
 par new generation   total 188736K, used 187673K [0x00000000c0000000, 0x00000000cccc0000, 0x00000000cccc0000)
  eden space 167808K,  99% used [0x00000000c0000000, 0x00000000ca346440, 0x00000000ca3e0000)
  from space 20928K,  97% used [0x00000000cb850000, 0x00000000ccc50140, 0x00000000cccc0000)
  to   space 20928K,   0% used [0x00000000ca3e0000, 0x00000000ca3e0000, 0x00000000cb850000)
 concurrent mark-sweep generation total 838912K, used 647228K [0x00000000cccc0000, 0x0000000100000000, 0x0000000100000000)
 Metaspace       used 3935K, capacity 4540K, committed 4864K, reserved 1056768K
  class space    used 425K, capacity 428K, committed 512K, reserved 1048576K
2024-07-26T01:31:19.274+0800: 10.874: [GC (Allocation Failure) 2024-07-26T01:31:19.274+0800: 10.874: [ParNew2024-07-26T01:31:19.280+0800: 10.879: [SoftReference, 0 refs, 0.0000322 secs]2024-07-26T01:31:19.280+0800: 10.879: [WeakReference, 0 refs, 0.0000063 secs]2024-07-26T01:31:19.280+0800: 10.879: [FinalReference, 0 refs, 0.0000055 secs]2024-07-26T01:31:19.280+0800: 10.879: [PhantomReference, 0 refs, 0.0000054 secs]2024-07-26T01:31:19.280+0800: 10.879: [JNI Weak Reference, 0.0000059 secs]
Desired survivor size 10715136 bytes, new threshold 1 (max 1)
- age   1:   20971840 bytes,   20971840 total
: 187673K->20480K(188736K), 0.0050972 secs] 834901K->674878K(1027648K), 0.0051469 secs] [Times: user=0.02 sys=0.00, real=0.01 secs] 
Heap after GC invocations=427 (full 36):
 par new generation   total 188736K, used 20480K [0x00000000c0000000, 0x00000000cccc0000, 0x00000000cccc0000)
  eden space 167808K,   0% used [0x00000000c0000000, 0x00000000c0000000, 0x00000000ca3e0000)
  from space 20928K,  97% used [0x00000000ca3e0000, 0x00000000cb7e0140, 0x00000000cb850000)
  to   space 20928K,   0% used [0x00000000cb850000, 0x00000000cb850000, 0x00000000cccc0000)
 concurrent mark-sweep generation total 838912K, used 654398K [0x00000000cccc0000, 0x0000000100000000, 0x0000000100000000)
 Metaspace       used 3935K, capacity 4540K, committed 4864K, reserved 1056768K
  class space    used 425K, capacity 428K, committed 512K, reserved 1048576K
}
2024-07-26T01:31:19.280+0800: 10.879: Total time for which application threads were stopped: 0.0052951 seconds, Stopping threads took: 0.0000415 seconds
{Heap before GC invocations=427 (full 36):
 par new generation   total 188736K, used 187673K [0x00000000c0000000, 0x00000000cccc0000, 0x00000000cccc0000)
  eden space 167808K,  99% used [0x00000000c0000000, 0x00000000ca346440, 0x00000000ca3e0000)
  from space 20928K,  97% used [0x00000000ca3e0000, 0x00000000cb7e0140, 0x00000000cb850000)
  to   space 20928K,   0% used [0x00000000cb850000, 0x00000000cb850000, 0x00000000cccc0000)
 concurrent mark-sweep generation total 838912K, used 654398K [0x00000000cccc0000, 0x0000000100000000, 0x0000000100000000)
 Metaspace       used 3935K, capacity 4540K, committed 4864K, reserved 1056768K
  class space    used 425K, capacity 428K, committed 512K, reserved 1048576K
2024-07-26T01:31:19.294+0800: 10.893: [GC (Allocation Failure) 2024-07-26T01:31:19.294+0800: 10.893: [ParNew2024-07-26T01:31:19.307+0800: 10.907: [SoftReference, 0 refs, 0.0000441 secs]2024-07-26T01:31:19.308+0800: 10.907: [WeakReference, 0 refs, 0.0000074 secs]2024-07-26T01:31:19.308+0800: 10.907: [FinalReference, 0 refs, 0.0000068 secs]2024-07-26T01:31:19.308+0800: 10.907: [PhantomReference, 0 refs, 0.0000065 secs]2024-07-26T01:31:19.308+0800: 10.907: [JNI Weak Reference, 0.0000066 secs]
Desired survivor size 10715136 bytes, new threshold 1 (max 1)
- age   1:   20971840 bytes,   20971840 total
: 187673K->20480K(188736K), 0.0131941 secs] 842072K->745538K(1027648K), 0.0132359 secs] [Times: user=0.00 sys=0.00, real=0.01 secs] 
Heap after GC invocations=428 (full 36):
 par new generation   total 188736K, used 20480K [0x00000000c0000000, 0x00000000cccc0000, 0x00000000cccc0000)
  eden space 167808K,   0% used [0x00000000c0000000, 0x00000000c0000000, 0x00000000ca3e0000)
  from space 20928K,  97% used [0x00000000cb850000, 0x00000000ccc50140, 0x00000000cccc0000)
  to   space 20928K,   0% used [0x00000000ca3e0000, 0x00000000ca3e0000, 0x00000000cb850000)
 concurrent mark-sweep generation total 838912K, used 725057K [0x00000000cccc0000, 0x0000000100000000, 0x0000000100000000)
 Metaspace       used 3935K, capacity 4540K, committed 4864K, reserved 1056768K
  class space    used 425K, capacity 428K, committed 512K, reserved 1048576K
}
2024-07-26T01:31:19.308+0800: 10.907: Total time for which application threads were stopped: 0.0133626 seconds, Stopping threads took: 0.0000221 seconds
{Heap before GC invocations=428 (full 36):
 par new generation   total 188736K, used 187673K [0x00000000c0000000, 0x00000000cccc0000, 0x00000000cccc0000)
  eden space 167808K,  99% used [0x00000000c0000000, 0x00000000ca346440, 0x00000000ca3e0000)
  from space 20928K,  97% used [0x00000000cb850000, 0x00000000ccc50140, 0x00000000cccc0000)
  to   space 20928K,   0% used [0x00000000ca3e0000, 0x00000000ca3e0000, 0x00000000cb850000)
 concurrent mark-sweep generation total 838912K, used 725057K [0x00000000cccc0000, 0x0000000100000000, 0x0000000100000000)
 Metaspace       used 3935K, capacity 4540K, committed 4864K, reserved 1056768K
  class space    used 425K, capacity 428K, committed 512K, reserved 1048576K
2024-07-26T01:31:19.323+0800: 10.922: [GC (Allocation Failure) 2024-07-26T01:31:19.323+0800: 10.923: [ParNew2024-07-26T01:31:19.332+0800: 10.931: [SoftReference, 0 refs, 0.0000358 secs]2024-07-26T01:31:19.332+0800: 10.931: [WeakReference, 0 refs, 0.0000042 secs]2024-07-26T01:31:19.332+0800: 10.931: [FinalReference, 0 refs, 0.0000040 secs]2024-07-26T01:31:19.332+0800: 10.931: [PhantomReference, 0 refs, 0.0000082 secs]2024-07-26T01:31:19.332+0800: 10.931: [JNI Weak Reference, 0.0000042 secs]
Desired survivor size 10715136 bytes, new threshold 1 (max 1)
- age   1:   20971840 bytes,   20971840 total
: 187673K->20480K(188736K), 0.0086063 secs] 912731K->776258K(1027648K), 0.0086592 secs] [Times: user=0.06 sys=0.00, real=0.01 secs] 
Heap after GC invocations=429 (full 36):
 par new generation   total 188736K, used 20480K [0x00000000c0000000, 0x00000000cccc0000, 0x00000000cccc0000)
  eden space 167808K,   0% used [0x00000000c0000000, 0x00000000c0000000, 0x00000000ca3e0000)
  from space 20928K,  97% used [0x00000000ca3e0000, 0x00000000cb7e0140, 0x00000000cb850000)
  to   space 20928K,   0% used [0x00000000cb850000, 0x00000000cb850000, 0x00000000cccc0000)
 concurrent mark-sweep generation total 838912K, used 755778K [0x00000000cccc0000, 0x0000000100000000, 0x0000000100000000)
 Metaspace       used 3935K, capacity 4540K, committed 4864K, reserved 1056768K
  class space    used 425K, capacity 428K, committed 512K, reserved 1048576K
}
2024-07-26T01:31:19.332+0800: 10.931: Total time for which application threads were stopped: 0.0088058 seconds, Stopping threads took: 0.0000268 seconds
{Heap before GC invocations=429 (full 36):
 par new generation   total 188736K, used 187673K [0x00000000c0000000, 0x00000000cccc0000, 0x00000000cccc0000)
  eden space 167808K,  99% used [0x00000000c0000000, 0x00000000ca346440, 0x00000000ca3e0000)
  from space 20928K,  97% used [0x00000000ca3e0000, 0x00000000cb7e0140, 0x00000000cb850000)
  to   space 20928K,   0% used [0x00000000cb850000, 0x00000000cb850000, 0x00000000cccc0000)
 concurrent mark-sweep generation total 838912K, used 755778K [0x00000000cccc0000, 0x0000000100000000, 0x0000000100000000)
 Metaspace       used 3935K, capacity 4540K, committed 4864K, reserved 1056768K
  class space    used 425K, capacity 428K, committed 512K, reserved 1048576K
2024-07-26T01:31:19.346+0800: 10.946: [GC (Allocation Failure) 2024-07-26T01:31:19.346+0800: 10.946: [ParNew2024-07-26T01:31:19.351+0800: 10.950: [SoftReference, 0 refs, 0.0000471 secs]2024-07-26T01:31:19.351+0800: 10.950: [WeakReference, 0 refs, 0.0000085 secs]2024-07-26T01:31:19.351+0800: 10.950: [FinalReference, 0 refs, 0.0000075 secs]2024-07-26T01:31:19.351+0800: 10.950: [PhantomReference, 0 refs, 0.0000118 secs]2024-07-26T01:31:19.351+0800: 10.950: [JNI Weak Reference, 0.0000089 secs]
Desired survivor size 10715136 bytes, new threshold 1 (max 1)
- age   1:   11534512 bytes,   11534512 total
: 187673K->11264K(188736K), 0.0039400 secs] 943451K->767042K(1027648K), 0.0039877 secs] [Times: user=0.00 sys=0.00, real=0.01 secs] 
Heap after GC invocations=430 (full 36):
 par new generation   total 188736K, used 11264K [0x00000000c0000000, 0x00000000cccc0000, 0x00000000cccc0000)
  eden space 167808K,   0% used [0x00000000c0000000, 0x00000000c0000000, 0x00000000ca3e0000)
  from space 20928K,  53% used [0x00000000cb850000, 0x00000000cc3500b0, 0x00000000cccc0000)
  to   space 20928K,   0% used [0x00000000ca3e0000, 0x00000000ca3e0000, 0x00000000cb850000)
 concurrent mark-sweep generation total 838912K, used 755778K [0x00000000cccc0000, 0x0000000100000000, 0x0000000100000000)
 Metaspace       used 3935K, capacity 4540K, committed 4864K, reserved 1056768K
  class space    used 425K, capacity 428K, committed 512K, reserved 1048576K
}
2024-07-26T01:31:19.351+0800: 10.950: Total time for which application threads were stopped: 0.0041008 seconds, Stopping threads took: 0.0000198 seconds
{Heap before GC invocations=430 (full 36):
 par new generation   total 188736K, used 178457K [0x00000000c0000000, 0x00000000cccc0000, 0x00000000cccc0000)
  eden space 167808K,  99% used [0x00000000c0000000, 0x00000000ca346440, 0x00000000ca3e0000)
  from space 20928K,  53% used [0x00000000cb850000, 0x00000000cc3500b0, 0x00000000cccc0000)
  to   space 20928K,   0% used [0x00000000ca3e0000, 0x00000000ca3e0000, 0x00000000cb850000)
 concurrent mark-sweep generation total 838912K, used 755778K [0x00000000cccc0000, 0x0000000100000000, 0x0000000100000000)
 Metaspace       used 3935K, capacity 4540K, committed 4864K, reserved 1056768K
  class space    used 425K, capacity 428K, committed 512K, reserved 1048576K
2024-07-26T01:31:19.366+0800: 10.965: [GC (Allocation Failure) 2024-07-26T01:31:19.366+0800: 10.965: [ParNew2024-07-26T01:31:19.379+0800: 10.979: [SoftReference, 0 refs, 0.0000430 secs]2024-07-26T01:31:19.379+0800: 10.979: [WeakReference, 0 refs, 0.0000081 secs]2024-07-26T01:31:19.379+0800: 10.979: [FinalReference, 0 refs, 0.0000071 secs]2024-07-26T01:31:19.379+0800: 10.979: [PhantomReference, 0 refs, 0.0000071 secs]2024-07-26T01:31:19.379+0800: 10.979: [JNI Weak Reference, 0.0000070 secs]
Desired survivor size 10715136 bytes, new threshold 1 (max 1)
- age   1:   20971840 bytes,   20971840 total
: 178457K->20480K(188736K), 0.0144688 secs] 934235K->830531K(1027648K), 0.0145144 secs] [Times: user=0.09 sys=0.00, real=0.01 secs] 
Heap after GC invocations=431 (full 36):
 par new generation   total 188736K, used 20480K [0x00000000c0000000, 0x00000000cccc0000, 0x00000000cccc0000)
  eden space 167808K,   0% used [0x00000000c0000000, 0x00000000c0000000, 0x00000000ca3e0000)
  from space 20928K,  97% used [0x00000000ca3e0000, 0x00000000cb7e0140, 0x00000000cb850000)
  to   space 20928K,   0% used [0x00000000cb850000, 0x00000000cb850000, 0x00000000cccc0000)
 concurrent mark-sweep generation total 838912K, used 810051K [0x00000000cccc0000, 0x0000000100000000, 0x0000000100000000)
 Metaspace       used 3935K, capacity 4540K, committed 4864K, reserved 1056768K
  class space    used 425K, capacity 428K, committed 512K, reserved 1048576K
}
2024-07-26T01:31:19.379+0800: 10.979: Total time for which application threads were stopped: 0.0146553 seconds, Stopping threads took: 0.0000258 seconds
{Heap before GC invocations=431 (full 36):
 par new generation   total 188736K, used 187673K [0x00000000c0000000, 0x00000000cccc0000, 0x00000000cccc0000)
  eden space 167808K,  99% used [0x00000000c0000000, 0x00000000ca346440, 0x00000000ca3e0000)
  from space 20928K,  97% used [0x00000000ca3e0000, 0x00000000cb7e0140, 0x00000000cb850000)
  to   space 20928K,   0% used [0x00000000cb850000, 0x00000000cb850000, 0x00000000cccc0000)
 concurrent mark-sweep generation total 838912K, used 810051K [0x00000000cccc0000, 0x0000000100000000, 0x0000000100000000)
 Metaspace       used 3935K, capacity 4540K, committed 4864K, reserved 1056768K
  class space    used 425K, capacity 428K, committed 512K, reserved 1048576K
2024-07-26T01:31:19.394+0800: 10.994: [GC (Allocation Failure) 2024-07-26T01:31:19.394+0800: 10.994: [ParNew: 187673K->187673K(188736K), 0.0000144 secs]2024-07-26T01:31:19.394+0800: 10.994: [CMS2024-07-26T01:31:19.394+0800: 10.994: [CMS-concurrent-abortable-preclean: 0.009/0.330 secs] [Times: user=0.42 sys=0.02, real=0.33 secs] 
 (concurrent mode failure)2024-07-26T01:31:19.394+0800: 10.994: [SoftReference, 0 refs, 0.0000156 secs]2024-07-26T01:31:19.394+0800: 10.994: [WeakReference, 2 refs, 0.0000045 secs]2024-07-26T01:31:19.394+0800: 10.994: [FinalReference, 2 refs, 0.0000036 secs]2024-07-26T01:31:19.394+0800: 10.994: [PhantomReference, 0 refs, 0.0000033 secs]2024-07-26T01:31:19.394+0800: 10.994: [JNI Weak Reference, 0.0000039 secs]: 810051K->35872K(838912K), 0.0071754 secs] 997724K->35872K(1027648K), [Metaspace: 3935K->3935K(1056768K)], 0.0072338 secs] [Times: user=0.00 sys=0.00, real=0.01 secs] 
Heap after GC invocations=432 (full 37):
 par new generation   total 188736K, used 0K [0x00000000c0000000, 0x00000000cccc0000, 0x00000000cccc0000)
  eden space 167808K,   0% used [0x00000000c0000000, 0x00000000c0000000, 0x00000000ca3e0000)
  from space 20928K,   0% used [0x00000000ca3e0000, 0x00000000ca3e0000, 0x00000000cb850000)
  to   space 20928K,   0% used [0x00000000cb850000, 0x00000000cb850000, 0x00000000cccc0000)
 concurrent mark-sweep generation total 838912K, used 35872K [0x00000000cccc0000, 0x0000000100000000, 0x0000000100000000)
 Metaspace       used 3935K, capacity 4540K, committed 4864K, reserved 1056768K
  class space    used 425K, capacity 428K, committed 512K, reserved 1048576K
}
2024-07-26T01:31:19.401+0800: 11.001: Total time for which application threads were stopped: 0.0073421 seconds, Stopping threads took: 0.0000200 seconds
{Heap before GC invocations=432 (full 37):
 par new generation   total 188736K, used 167193K [0x00000000c0000000, 0x00000000cccc0000, 0x00000000cccc0000)
  eden space 167808K,  99% used [0x00000000c0000000, 0x00000000ca346440, 0x00000000ca3e0000)
  from space 20928K,   0% used [0x00000000ca3e0000, 0x00000000ca3e0000, 0x00000000cb850000)
  to   space 20928K,   0% used [0x00000000cb850000, 0x00000000cb850000, 0x00000000cccc0000)
 concurrent mark-sweep generation total 838912K, used 35872K [0x00000000cccc0000, 0x0000000100000000, 0x0000000100000000)
 Metaspace       used 3935K, capacity 4540K, committed 4864K, reserved 1056768K
  class space    used 425K, capacity 428K, committed 512K, reserved 1048576K
2024-07-26T01:31:19.416+0800: 11.016: [GC (Allocation Failure) 2024-07-26T01:31:19.416+0800: 11.016: [ParNew2024-07-26T01:31:19.434+0800: 11.034: [SoftReference, 0 refs, 0.0000356 secs]2024-07-26T01:31:19.434+0800: 11.034: [WeakReference, 0 refs, 0.0000041 secs]2024-07-26T01:31:19.434+0800: 11.034: [FinalReference, 0 refs, 0.0000037 secs]2024-07-26T01:31:19.434+0800: 11.034: [PhantomReference, 0 refs, 0.0000035 secs]2024-07-26T01:31:19.434+0800: 11.034: [JNI Weak Reference, 0.0000041 secs]
Desired survivor size 10715136 bytes, new threshold 1 (max 1)
- age   1:   20971840 bytes,   20971840 total
: 167193K->20480K(188736K), 0.0177905 secs] 203065K->134180K(1027648K), 0.0178316 secs] [Times: user=0.05 sys=0.00, real=0.02 secs] 
Heap after GC invocations=433 (full 37):
 par new generation   total 188736K, used 20480K [0x00000000c0000000, 0x00000000cccc0000, 0x00000000cccc0000)
  eden space 167808K,   0% used [0x00000000c0000000, 0x00000000c0000000, 0x00000000ca3e0000)
  from space 20928K,  97% used [0x00000000cb850000, 0x00000000ccc50140, 0x00000000cccc0000)
  to   space 20928K,   0% used [0x00000000ca3e0000, 0x00000000ca3e0000, 0x00000000cb850000)
 concurrent mark-sweep generation total 838912K, used 113699K [0x00000000cccc0000, 0x0000000100000000, 0x0000000100000000)
 Metaspace       used 3935K, capacity 4540K, committed 4864K, reserved 1056768K
  class space    used 425K, capacity 428K, committed 512K, reserved 1048576K
}
2024-07-26T01:31:19.434+0800: 11.034: Total time for which application threads were stopped: 0.0179493 seconds, Stopping threads took: 0.0000241 seconds
{Heap before GC invocations=433 (full 37):
 par new generation   total 188736K, used 187673K [0x00000000c0000000, 0x00000000cccc0000, 0x00000000cccc0000)
  eden space 167808K,  99% used [0x00000000c0000000, 0x00000000ca346440, 0x00000000ca3e0000)
  from space 20928K,  97% used [0x00000000cb850000, 0x00000000ccc50140, 0x00000000cccc0000)
  to   space 20928K,   0% used [0x00000000ca3e0000, 0x00000000ca3e0000, 0x00000000cb850000)
 concurrent mark-sweep generation total 838912K, used 113699K [0x00000000cccc0000, 0x0000000100000000, 0x0000000100000000)
 Metaspace       used 3935K, capacity 4540K, committed 4864K, reserved 1056768K
  class space    used 425K, capacity 428K, committed 512K, reserved 1048576K
2024-07-26T01:31:19.449+0800: 11.049: [GC (Allocation Failure) 2024-07-26T01:31:19.449+0800: 11.049: [ParNew2024-07-26T01:31:19.459+0800: 11.059: [SoftReference, 0 refs, 0.0000324 secs]2024-07-26T01:31:19.459+0800: 11.059: [WeakReference, 0 refs, 0.0000043 secs]2024-07-26T01:31:19.459+0800: 11.059: [FinalReference, 0 refs, 0.0000039 secs]2024-07-26T01:31:19.459+0800: 11.059: [PhantomReference, 0 refs, 0.0000038 secs]2024-07-26T01:31:19.459+0800: 11.059: [JNI Weak Reference, 0.0000043 secs]
Desired survivor size 10715136 bytes, new threshold 1 (max 1)
- age   1:   20971840 bytes,   20971840 total
: 187673K->20480K(188736K), 0.0105013 secs] 301373K->172068K(1027648K), 0.0105432 secs] [Times: user=0.00 sys=0.00, real=0.01 secs] 
Heap after GC invocations=434 (full 37):
 par new generation   total 188736K, used 20480K [0x00000000c0000000, 0x00000000cccc0000, 0x00000000cccc0000)
  eden space 167808K,   0% used [0x00000000c0000000, 0x00000000c0000000, 0x00000000ca3e0000)
  from space 20928K,  97% used [0x00000000ca3e0000, 0x00000000cb7e0140, 0x00000000cb850000)
  to   space 20928K,   0% used [0x00000000cb850000, 0x00000000cb850000, 0x00000000cccc0000)
 concurrent mark-sweep generation total 838912K, used 151588K [0x00000000cccc0000, 0x0000000100000000, 0x0000000100000000)
 Metaspace       used 3935K, capacity 4540K, committed 4864K, reserved 1056768K
  class space    used 425K, capacity 428K, committed 512K, reserved 1048576K
}
2024-07-26T01:31:19.459+0800: 11.059: Total time for which application threads were stopped: 0.0106597 seconds, Stopping threads took: 0.0000217 seconds
{Heap before GC invocations=434 (full 37):
 par new generation   total 188736K, used 187673K [0x00000000c0000000, 0x00000000cccc0000, 0x00000000cccc0000)
  eden space 167808K,  99% used [0x00000000c0000000, 0x00000000ca346440, 0x00000000ca3e0000)
  from space 20928K,  97% used [0x00000000ca3e0000, 0x00000000cb7e0140, 0x00000000cb850000)
  to   space 20928K,   0% used [0x00000000cb850000, 0x00000000cb850000, 0x00000000cccc0000)
 concurrent mark-sweep generation total 838912K, used 151588K [0x00000000cccc0000, 0x0000000100000000, 0x0000000100000000)
 Metaspace       used 3935K, capacity 4540K, committed 4864K, reserved 1056768K
  class space    used 425K, capacity 428K, committed 512K, reserved 1048576K
2024-07-26T01:31:19.474+0800: 11.074: [GC (Allocation Failure) 2024-07-26T01:31:19.474+0800: 11.074: [ParNew2024-07-26T01:31:19.478+0800: 11.078: [SoftReference, 0 refs, 0.0000353 secs]2024-07-26T01:31:19.478+0800: 11.078: [WeakReference, 0 refs, 0.0000073 secs]2024-07-26T01:31:19.478+0800: 11.078: [FinalReference, 0 refs, 0.0000066 secs]2024-07-26T01:31:19.478+0800: 11.078: [PhantomReference, 0 refs, 0.0000064 secs]2024-07-26T01:31:19.478+0800: 11.078: [JNI Weak Reference, 0.0000130 secs]
Desired survivor size 10715136 bytes, new threshold 1 (max 1)
- age   1:   18874656 bytes,   18874656 total
: 187673K->18432K(188736K), 0.0035140 secs] 339261K->170020K(1027648K), 0.0035538 secs] [Times: user=0.00 sys=0.00, real=0.00 secs] 
Heap after GC invocations=435 (full 37):
 par new generation   total 188736K, used 18432K [0x00000000c0000000, 0x00000000cccc0000, 0x00000000cccc0000)
  eden space 167808K,   0% used [0x00000000c0000000, 0x00000000c0000000, 0x00000000ca3e0000)
  from space 20928K,  88% used [0x00000000cb850000, 0x00000000cca50120, 0x00000000cccc0000)
  to   space 20928K,   0% used [0x00000000ca3e0000, 0x00000000ca3e0000, 0x00000000cb850000)
 concurrent mark-sweep generation total 838912K, used 151588K [0x00000000cccc0000, 0x0000000100000000, 0x0000000100000000)
 Metaspace       used 3935K, capacity 4540K, committed 4864K, reserved 1056768K
  class space    used 425K, capacity 428K, committed 512K, reserved 1048576K
}
2024-07-26T01:31:19.478+0800: 11.078: Total time for which application threads were stopped: 0.0036982 seconds, Stopping threads took: 0.0000379 seconds
{Heap before GC invocations=435 (full 37):
 par new generation   total 188736K, used 185625K [0x00000000c0000000, 0x00000000cccc0000, 0x00000000cccc0000)
  eden space 167808K,  99% used [0x00000000c0000000, 0x00000000ca346440, 0x00000000ca3e0000)
  from space 20928K,  88% used [0x00000000cb850000, 0x00000000cca50120, 0x00000000cccc0000)
  to   space 20928K,   0% used [0x00000000ca3e0000, 0x00000000ca3e0000, 0x00000000cb850000)
 concurrent mark-sweep generation total 838912K, used 151588K [0x00000000cccc0000, 0x0000000100000000, 0x0000000100000000)
 Metaspace       used 3935K, capacity 4540K, committed 4864K, reserved 1056768K
  class space    used 425K, capacity 428K, committed 512K, reserved 1048576K
2024-07-26T01:31:19.493+0800: 11.092: [GC (Allocation Failure) 2024-07-26T01:31:19.493+0800: 11.092: [ParNew2024-07-26T01:31:19.505+0800: 11.105: [SoftReference, 0 refs, 0.0000333 secs]2024-07-26T01:31:19.505+0800: 11.105: [WeakReference, 0 refs, 0.0000041 secs]2024-07-26T01:31:19.505+0800: 11.105: [FinalReference, 0 refs, 0.0000037 secs]2024-07-26T01:31:19.505+0800: 11.105: [PhantomReference, 0 refs, 0.0000034 secs]2024-07-26T01:31:19.505+0800: 11.105: [JNI Weak Reference, 0.0000042 secs]
Desired survivor size 10715136 bytes, new threshold 1 (max 1)
- age   1:   20971840 bytes,   20971840 total
: 185625K->20480K(188736K), 0.0127763 secs] 337213K->233511K(1027648K), 0.0128152 secs] [Times: user=0.05 sys=0.00, real=0.01 secs] 
Heap after GC invocations=436 (full 37):
 par new generation   total 188736K, used 20480K [0x00000000c0000000, 0x00000000cccc0000, 0x00000000cccc0000)
  eden space 167808K,   0% used [0x00000000c0000000, 0x00000000c0000000, 0x00000000ca3e0000)
  from space 20928K,  97% used [0x00000000ca3e0000, 0x00000000cb7e0140, 0x00000000cb850000)
  to   space 20928K,   0% used [0x00000000cb850000, 0x00000000cb850000, 0x00000000cccc0000)
 concurrent mark-sweep generation total 838912K, used 213031K [0x00000000cccc0000, 0x0000000100000000, 0x0000000100000000)
 Metaspace       used 3935K, capacity 4540K, committed 4864K, reserved 1056768K
  class space    used 425K, capacity 428K, committed 512K, reserved 1048576K
}
2024-07-26T01:31:19.506+0800: 11.105: Total time for which application threads were stopped: 0.0129237 seconds, Stopping threads took: 0.0000197 seconds
{Heap before GC invocations=436 (full 37):
 par new generation   total 188736K, used 187673K [0x00000000c0000000, 0x00000000cccc0000, 0x00000000cccc0000)
  eden space 167808K,  99% used [0x00000000c0000000, 0x00000000ca346440, 0x00000000ca3e0000)
  from space 20928K,  97% used [0x00000000ca3e0000, 0x00000000cb7e0140, 0x00000000cb850000)
  to   space 20928K,   0% used [0x00000000cb850000, 0x00000000cb850000, 0x00000000cccc0000)
 concurrent mark-sweep generation total 838912K, used 213031K [0x00000000cccc0000, 0x0000000100000000, 0x0000000100000000)
 Metaspace       used 3935K, capacity 4540K, committed 4864K, reserved 1056768K
  class space    used 425K, capacity 428K, committed 512K, reserved 1048576K
2024-07-26T01:31:19.520+0800: 11.120: [GC (Allocation Failure) 2024-07-26T01:31:19.520+0800: 11.120: [ParNew2024-07-26T01:31:19.529+0800: 11.129: [SoftReference, 0 refs, 0.0000375 secs]2024-07-26T01:31:19.529+0800: 11.129: [WeakReference, 0 refs, 0.0000054 secs]2024-07-26T01:31:19.529+0800: 11.129: [FinalReference, 0 refs, 0.0000079 secs]2024-07-26T01:31:19.529+0800: 11.129: [PhantomReference, 0 refs, 0.0000045 secs]2024-07-26T01:31:19.529+0800: 11.129: [JNI Weak Reference, 0.0000051 secs]
Desired survivor size 10715136 bytes, new threshold 1 (max 1)
- age   1:   20971840 bytes,   20971840 total
: 187673K->20480K(188736K), 0.0084688 secs] 400704K->255018K(1027648K), 0.0085094 secs] [Times: user=0.06 sys=0.00, real=0.01 secs] 
Heap after GC invocations=437 (full 37):
 par new generation   total 188736K, used 20480K [0x00000000c0000000, 0x00000000cccc0000, 0x00000000cccc0000)
  eden space 167808K,   0% used [0x00000000c0000000, 0x00000000c0000000, 0x00000000ca3e0000)
  from space 20928K,  97% used [0x00000000cb850000, 0x00000000ccc50140, 0x00000000cccc0000)
  to   space 20928K,   0% used [0x00000000ca3e0000, 0x00000000ca3e0000, 0x00000000cb850000)
 concurrent mark-sweep generation total 838912K, used 234537K [0x00000000cccc0000, 0x0000000100000000, 0x0000000100000000)
 Metaspace       used 3935K, capacity 4540K, committed 4864K, reserved 1056768K
  class space    used 425K, capacity 428K, committed 512K, reserved 1048576K
}
2024-07-26T01:31:19.529+0800: 11.129: Total time for which application threads were stopped: 0.0086291 seconds, Stopping threads took: 0.0000220 seconds
{Heap before GC invocations=437 (full 37):
 par new generation   total 188736K, used 187673K [0x00000000c0000000, 0x00000000cccc0000, 0x00000000cccc0000)
  eden space 167808K,  99% used [0x00000000c0000000, 0x00000000ca346440, 0x00000000ca3e0000)
  from space 20928K,  97% used [0x00000000cb850000, 0x00000000ccc50140, 0x00000000cccc0000)
  to   space 20928K,   0% used [0x00000000ca3e0000, 0x00000000ca3e0000, 0x00000000cb850000)
 concurrent mark-sweep generation total 838912K, used 234537K [0x00000000cccc0000, 0x0000000100000000, 0x0000000100000000)
 Metaspace       used 3935K, capacity 4540K, committed 4864K, reserved 1056768K
  class space    used 425K, capacity 428K, committed 512K, reserved 1048576K
2024-07-26T01:31:19.543+0800: 11.143: [GC (Allocation Failure) 2024-07-26T01:31:19.543+0800: 11.143: [ParNew2024-07-26T01:31:19.545+0800: 11.144: [SoftReference, 0 refs, 0.0000203 secs]2024-07-26T01:31:19.545+0800: 11.145: [WeakReference, 0 refs, 0.0000044 secs]2024-07-26T01:31:19.545+0800: 11.145: [FinalReference, 0 refs, 0.0000040 secs]2024-07-26T01:31:19.545+0800: 11.145: [PhantomReference, 0 refs, 0.0000039 secs]2024-07-26T01:31:19.545+0800: 11.145: [JNI Weak Reference, 0.0000040 secs]
Desired survivor size 10715136 bytes, new threshold 1 (max 1)
- age   1:    2097184 bytes,    2097184 total
: 187673K->2048K(188736K), 0.0012894 secs] 422211K->236585K(1027648K), 0.0013253 secs] [Times: user=0.00 sys=0.00, real=0.00 secs] 
Heap after GC invocations=438 (full 37):
 par new generation   total 188736K, used 2048K [0x00000000c0000000, 0x00000000cccc0000, 0x00000000cccc0000)
  eden space 167808K,   0% used [0x00000000c0000000, 0x00000000c0000000, 0x00000000ca3e0000)
  from space 20928K,   9% used [0x00000000ca3e0000, 0x00000000ca5e0020, 0x00000000cb850000)
  to   space 20928K,   0% used [0x00000000cb850000, 0x00000000cb850000, 0x00000000cccc0000)
 concurrent mark-sweep generation total 838912K, used 234537K [0x00000000cccc0000, 0x0000000100000000, 0x0000000100000000)
 Metaspace       used 3935K, capacity 4540K, committed 4864K, reserved 1056768K
  class space    used 425K, capacity 428K, committed 512K, reserved 1048576K
}
2024-07-26T01:31:19.545+0800: 11.145: Total time for which application threads were stopped: 0.0014307 seconds, Stopping threads took: 0.0000219 seconds
{Heap before GC invocations=438 (full 37):
 par new generation   total 188736K, used 169241K [0x00000000c0000000, 0x00000000cccc0000, 0x00000000cccc0000)
  eden space 167808K,  99% used [0x00000000c0000000, 0x00000000ca346440, 0x00000000ca3e0000)
  from space 20928K,   9% used [0x00000000ca3e0000, 0x00000000ca5e0020, 0x00000000cb850000)
  to   space 20928K,   0% used [0x00000000cb850000, 0x00000000cb850000, 0x00000000cccc0000)
 concurrent mark-sweep generation total 838912K, used 234537K [0x00000000cccc0000, 0x0000000100000000, 0x0000000100000000)
 Metaspace       used 3935K, capacity 4540K, committed 4864K, reserved 1056768K
  class space    used 425K, capacity 428K, committed 512K, reserved 1048576K
2024-07-26T01:31:19.560+0800: 11.159: [GC (Allocation Failure) 2024-07-26T01:31:19.560+0800: 11.159: [ParNew2024-07-26T01:31:19.572+0800: 11.171: [SoftReference, 0 refs, 0.0000348 secs]2024-07-26T01:31:19.572+0800: 11.171: [WeakReference, 0 refs, 0.0000040 secs]2024-07-26T01:31:19.572+0800: 11.171: [FinalReference, 0 refs, 0.0000036 secs]2024-07-26T01:31:19.572+0800: 11.171: [PhantomReference, 0 refs, 0.0000034 secs]2024-07-26T01:31:19.572+0800: 11.171: [JNI Weak Reference, 0.0000040 secs]
Desired survivor size 10715136 bytes, new threshold 1 (max 1)
- age   1:   20971840 bytes,   20971840 total
: 169241K->20480K(188736K), 0.0118883 secs] 403779K->300076K(1027648K), 0.0119301 secs] [Times: user=0.00 sys=0.00, real=0.01 secs] 
Heap after GC invocations=439 (full 37):
 par new generation   total 188736K, used 20480K [0x00000000c0000000, 0x00000000cccc0000, 0x00000000cccc0000)
  eden space 167808K,   0% used [0x00000000c0000000, 0x00000000c0000000, 0x00000000ca3e0000)
  from space 20928K,  97% used [0x00000000cb850000, 0x00000000ccc50140, 0x00000000cccc0000)
  to   space 20928K,   0% used [0x00000000ca3e0000, 0x00000000ca3e0000, 0x00000000cb850000)
 concurrent mark-sweep generation total 838912K, used 279596K [0x00000000cccc0000, 0x0000000100000000, 0x0000000100000000)
 Metaspace       used 3935K, capacity 4540K, committed 4864K, reserved 1056768K
  class space    used 425K, capacity 428K, committed 512K, reserved 1048576K
}
2024-07-26T01:31:19.572+0800: 11.171: Total time for which application threads were stopped: 0.0120432 seconds, Stopping threads took: 0.0000224 seconds
{Heap before GC invocations=439 (full 37):
 par new generation   total 188736K, used 187673K [0x00000000c0000000, 0x00000000cccc0000, 0x00000000cccc0000)
  eden space 167808K,  99% used [0x00000000c0000000, 0x00000000ca346440, 0x00000000ca3e0000)
  from space 20928K,  97% used [0x00000000cb850000, 0x00000000ccc50140, 0x00000000cccc0000)
  to   space 20928K,   0% used [0x00000000ca3e0000, 0x00000000ca3e0000, 0x00000000cb850000)
 concurrent mark-sweep generation total 838912K, used 279596K [0x00000000cccc0000, 0x0000000100000000, 0x0000000100000000)
 Metaspace       used 3935K, capacity 4540K, committed 4864K, reserved 1056768K
  class space    used 425K, capacity 428K, committed 512K, reserved 1048576K
2024-07-26T01:31:19.586+0800: 11.186: [GC (Allocation Failure) 2024-07-26T01:31:19.586+0800: 11.186: [ParNew2024-07-26T01:31:19.592+0800: 11.191: [SoftReference, 0 refs, 0.0000269 secs]2024-07-26T01:31:19.592+0800: 11.191: [WeakReference, 0 refs, 0.0000078 secs]2024-07-26T01:31:19.592+0800: 11.191: [FinalReference, 0 refs, 0.0000037 secs]2024-07-26T01:31:19.592+0800: 11.191: [PhantomReference, 0 refs, 0.0000036 secs]2024-07-26T01:31:19.592+0800: 11.191: [JNI Weak Reference, 0.0000040 secs]
Desired survivor size 10715136 bytes, new threshold 1 (max 1)
- age   1:   20971840 bytes,   20971840 total
: 187673K->20480K(188736K), 0.0057093 secs] 467270K->305199K(1027648K), 0.0057497 secs] [Times: user=0.00 sys=0.00, real=0.01 secs] 
Heap after GC invocations=440 (full 37):
 par new generation   total 188736K, used 20480K [0x00000000c0000000, 0x00000000cccc0000, 0x00000000cccc0000)
  eden space 167808K,   0% used [0x00000000c0000000, 0x00000000c0000000, 0x00000000ca3e0000)
  from space 20928K,  97% used [0x00000000ca3e0000, 0x00000000cb7e0140, 0x00000000cb850000)
  to   space 20928K,   0% used [0x00000000cb850000, 0x00000000cb850000, 0x00000000cccc0000)
 concurrent mark-sweep generation total 838912K, used 284718K [0x00000000cccc0000, 0x0000000100000000, 0x0000000100000000)
 Metaspace       used 3935K, capacity 4540K, committed 4864K, reserved 1056768K
  class space    used 425K, capacity 428K, committed 512K, reserved 1048576K
}
2024-07-26T01:31:19.592+0800: 11.191: Total time for which application threads were stopped: 0.0058620 seconds, Stopping threads took: 0.0000245 seconds
{Heap before GC invocations=440 (full 37):
 par new generation   total 188736K, used 187673K [0x00000000c0000000, 0x00000000cccc0000, 0x00000000cccc0000)
  eden space 167808K,  99% used [0x00000000c0000000, 0x00000000ca346440, 0x00000000ca3e0000)
  from space 20928K,  97% used [0x00000000ca3e0000, 0x00000000cb7e0140, 0x00000000cb850000)
  to   space 20928K,   0% used [0x00000000cb850000, 0x00000000cb850000, 0x00000000cccc0000)
 concurrent mark-sweep generation total 838912K, used 284718K [0x00000000cccc0000, 0x0000000100000000, 0x0000000100000000)
 Metaspace       used 3935K, capacity 4540K, committed 4864K, reserved 1056768K
  class space    used 425K, capacity 428K, committed 512K, reserved 1048576K
2024-07-26T01:31:19.607+0800: 11.206: [GC (Allocation Failure) 2024-07-26T01:31:19.607+0800: 11.206: [ParNew2024-07-26T01:31:19.621+0800: 11.220: [SoftReference, 0 refs, 0.0000374 secs]2024-07-26T01:31:19.621+0800: 11.220: [WeakReference, 0 refs, 0.0000040 secs]2024-07-26T01:31:19.621+0800: 11.220: [FinalReference, 0 refs, 0.0000038 secs]2024-07-26T01:31:19.621+0800: 11.220: [PhantomReference, 0 refs, 0.0000035 secs]2024-07-26T01:31:19.621+0800: 11.220: [JNI Weak Reference, 0.0000040 secs]
Desired survivor size 10715136 bytes, new threshold 1 (max 1)
- age   1:   20971840 bytes,   20971840 total
: 187673K->20480K(188736K), 0.0137625 secs] 472392K->373810K(1027648K), 0.0139036 secs] [Times: user=0.00 sys=0.00, real=0.01 secs] 
Heap after GC invocations=441 (full 37):
 par new generation   total 188736K, used 20480K [0x00000000c0000000, 0x00000000cccc0000, 0x00000000cccc0000)
  eden space 167808K,   0% used [0x00000000c0000000, 0x00000000c0000000, 0x00000000ca3e0000)
  from space 20928K,  97% used [0x00000000cb850000, 0x00000000ccc50140, 0x00000000cccc0000)
  to   space 20928K,   0% used [0x00000000ca3e0000, 0x00000000ca3e0000, 0x00000000cb850000)
 concurrent mark-sweep generation total 838912K, used 353329K [0x00000000cccc0000, 0x0000000100000000, 0x0000000100000000)
 Metaspace       used 3935K, capacity 4540K, committed 4864K, reserved 1056768K
  class space    used 425K, capacity 428K, committed 512K, reserved 1048576K
}
2024-07-26T01:31:19.621+0800: 11.220: Total time for which application threads were stopped: 0.0140181 seconds, Stopping threads took: 0.0000227 seconds
2024-07-26T01:31:19.621+0800: 11.220: [GC (CMS Initial Mark) [1 CMS-initial-mark: 353329K(838912K)] 378184K(1027648K), 0.0011219 secs] [Times: user=0.00 sys=0.00, real=0.00 secs] 
2024-07-26T01:31:19.622+0800: 11.222: Total time for which application threads were stopped: 0.0014743 seconds, Stopping threads took: 0.0003142 seconds
2024-07-26T01:31:19.622+0800: 11.222: [CMS-concurrent-mark-start]
2024-07-26T01:31:19.624+0800: 11.224: [CMS-concurrent-mark: 0.002/0.002 secs] [Times: user=0.00 sys=0.00, real=0.00 secs] 
2024-07-26T01:31:19.624+0800: 11.224: [CMS-concurrent-preclean-start]
2024-07-26T01:31:19.624+0800: 11.224: [Preclean SoftReferences, 0.0000056 secs]2024-07-26T01:31:19.624+0800: 11.224: [Preclean WeakReferences, 0.0000041 secs]2024-07-26T01:31:19.624+0800: 11.224: [Preclean FinalReferences, 0.0000033 secs]2024-07-26T01:31:19.624+0800: 11.224: [Preclean PhantomReferences, 0.0000033 secs]2024-07-26T01:31:19.625+0800: 11.224: [CMS-concurrent-preclean: 0.001/0.001 secs] [Times: user=0.00 sys=0.00, real=0.00 secs] 
2024-07-26T01:31:19.625+0800: 11.224: [CMS-concurrent-abortable-preclean-start]
{Heap before GC invocations=441 (full 38):
 par new generation   total 188736K, used 187673K [0x00000000c0000000, 0x00000000cccc0000, 0x00000000cccc0000)
  eden space 167808K,  99% used [0x00000000c0000000, 0x00000000ca346440, 0x00000000ca3e0000)
  from space 20928K,  97% used [0x00000000cb850000, 0x00000000ccc50140, 0x00000000cccc0000)
  to   space 20928K,   0% used [0x00000000ca3e0000, 0x00000000ca3e0000, 0x00000000cb850000)
 concurrent mark-sweep generation total 838912K, used 353329K [0x00000000cccc0000, 0x0000000100000000, 0x0000000100000000)
 Metaspace       used 3935K, capacity 4540K, committed 4864K, reserved 1056768K
  class space    used 425K, capacity 428K, committed 512K, reserved 1048576K
2024-07-26T01:31:19.637+0800: 11.237: [GC (Allocation Failure) 2024-07-26T01:31:19.638+0800: 11.237: [ParNew2024-07-26T01:31:19.646+0800: 11.245: [SoftReference, 0 refs, 0.0000343 secs]2024-07-26T01:31:19.646+0800: 11.245: [WeakReference, 0 refs, 0.0000043 secs]2024-07-26T01:31:19.646+0800: 11.245: [FinalReference, 0 refs, 0.0000038 secs]2024-07-26T01:31:19.646+0800: 11.245: [PhantomReference, 0 refs, 0.0000038 secs]2024-07-26T01:31:19.646+0800: 11.245: [JNI Weak Reference, 0.0000043 secs]
Desired survivor size 10715136 bytes, new threshold 1 (max 1)
- age   1:   20971840 bytes,   20971840 total
: 187673K->20480K(188736K), 0.0087110 secs] 541003K->402484K(1027648K), 0.0087534 secs] [Times: user=0.02 sys=0.00, real=0.01 secs] 
Heap after GC invocations=442 (full 38):
 par new generation   total 188736K, used 20480K [0x00000000c0000000, 0x00000000cccc0000, 0x00000000cccc0000)
  eden space 167808K,   0% used [0x00000000c0000000, 0x00000000c0000000, 0x00000000ca3e0000)
  from space 20928K,  97% used [0x00000000ca3e0000, 0x00000000cb7e0140, 0x00000000cb850000)
  to   space 20928K,   0% used [0x00000000cb850000, 0x00000000cb850000, 0x00000000cccc0000)
 concurrent mark-sweep generation total 838912K, used 382004K [0x00000000cccc0000, 0x0000000100000000, 0x0000000100000000)
 Metaspace       used 3935K, capacity 4540K, committed 4864K, reserved 1056768K
  class space    used 425K, capacity 428K, committed 512K, reserved 1048576K
}
2024-07-26T01:31:19.646+0800: 11.246: Total time for which application threads were stopped: 0.0088741 seconds, Stopping threads took: 0.0000260 seconds
{Heap before GC invocations=442 (full 38):
 par new generation   total 188736K, used 187673K [0x00000000c0000000, 0x00000000cccc0000, 0x00000000cccc0000)
  eden space 167808K,  99% used [0x00000000c0000000, 0x00000000ca346440, 0x00000000ca3e0000)
  from space 20928K,  97% used [0x00000000ca3e0000, 0x00000000cb7e0140, 0x00000000cb850000)
  to   space 20928K,   0% used [0x00000000cb850000, 0x00000000cb850000, 0x00000000cccc0000)
 concurrent mark-sweep generation total 838912K, used 382004K [0x00000000cccc0000, 0x0000000100000000, 0x0000000100000000)
 Metaspace       used 3935K, capacity 4540K, committed 4864K, reserved 1056768K
  class space    used 425K, capacity 428K, committed 512K, reserved 1048576K
2024-07-26T01:31:19.663+0800: 11.263: [GC (Allocation Failure) 2024-07-26T01:31:19.663+0800: 11.263: [ParNew2024-07-26T01:31:19.665+0800: 11.265: [SoftReference, 0 refs, 0.0000233 secs]2024-07-26T01:31:19.665+0800: 11.265: [WeakReference, 0 refs, 0.0000042 secs]2024-07-26T01:31:19.665+0800: 11.265: [FinalReference, 0 refs, 0.0000038 secs]2024-07-26T01:31:19.665+0800: 11.265: [PhantomReference, 0 refs, 0.0000037 secs]2024-07-26T01:31:19.665+0800: 11.265: [JNI Weak Reference, 0.0000042 secs]
Desired survivor size 10715136 bytes, new threshold 1 (max 1)
- age   1:    9437328 bytes,    9437328 total
: 187673K->9216K(188736K), 0.0020626 secs] 569677K->391220K(1027648K), 0.0021015 secs] [Times: user=0.00 sys=0.00, real=0.00 secs] 
Heap after GC invocations=443 (full 38):
 par new generation   total 188736K, used 9216K [0x00000000c0000000, 0x00000000cccc0000, 0x00000000cccc0000)
  eden space 167808K,   0% used [0x00000000c0000000, 0x00000000c0000000, 0x00000000ca3e0000)
  from space 20928K,  44% used [0x00000000cb850000, 0x00000000cc150090, 0x00000000cccc0000)
  to   space 20928K,   0% used [0x00000000ca3e0000, 0x00000000ca3e0000, 0x00000000cb850000)
 concurrent mark-sweep generation total 838912K, used 382004K [0x00000000cccc0000, 0x0000000100000000, 0x0000000100000000)
 Metaspace       used 3935K, capacity 4540K, committed 4864K, reserved 1056768K
  class space    used 425K, capacity 428K, committed 512K, reserved 1048576K
}
2024-07-26T01:31:19.665+0800: 11.265: Total time for which application threads were stopped: 0.0022130 seconds, Stopping threads took: 0.0000221 seconds
{Heap before GC invocations=443 (full 38):
 par new generation   total 188736K, used 176409K [0x00000000c0000000, 0x00000000cccc0000, 0x00000000cccc0000)
  eden space 167808K,  99% used [0x00000000c0000000, 0x00000000ca346440, 0x00000000ca3e0000)
  from space 20928K,  44% used [0x00000000cb850000, 0x00000000cc150090, 0x00000000cccc0000)
  to   space 20928K,   0% used [0x00000000ca3e0000, 0x00000000ca3e0000, 0x00000000cb850000)
 concurrent mark-sweep generation total 838912K, used 382004K [0x00000000cccc0000, 0x0000000100000000, 0x0000000100000000)
 Metaspace       used 3935K, capacity 4540K, committed 4864K, reserved 1056768K
  class space    used 425K, capacity 428K, committed 512K, reserved 1048576K
2024-07-26T01:31:19.682+0800: 11.282: [GC (Allocation Failure) 2024-07-26T01:31:19.682+0800: 11.282: [ParNew2024-07-26T01:31:19.695+0800: 11.294: [SoftReference, 0 refs, 0.0000360 secs]2024-07-26T01:31:19.695+0800: 11.294: [WeakReference, 0 refs, 0.0000041 secs]2024-07-26T01:31:19.695+0800: 11.294: [FinalReference, 0 refs, 0.0000040 secs]2024-07-26T01:31:19.695+0800: 11.294: [PhantomReference, 0 refs, 0.0000037 secs]2024-07-26T01:31:19.695+0800: 11.294: [JNI Weak Reference, 0.0000043 secs]
Desired survivor size 10715136 bytes, new threshold 1 (max 1)
- age   1:   20971840 bytes,   20971840 total
: 176409K->20480K(188736K), 0.0126838 secs] 558413K->454709K(1027648K), 0.0127850 secs] [Times: user=0.06 sys=0.00, real=0.01 secs] 
Heap after GC invocations=444 (full 38):
 par new generation   total 188736K, used 20480K [0x00000000c0000000, 0x00000000cccc0000, 0x00000000cccc0000)
  eden space 167808K,   0% used [0x00000000c0000000, 0x00000000c0000000, 0x00000000ca3e0000)
  from space 20928K,  97% used [0x00000000ca3e0000, 0x00000000cb7e0140, 0x00000000cb850000)
  to   space 20928K,   0% used [0x00000000cb850000, 0x00000000cb850000, 0x00000000cccc0000)
 concurrent mark-sweep generation total 838912K, used 434229K [0x00000000cccc0000, 0x0000000100000000, 0x0000000100000000)
 Metaspace       used 3935K, capacity 4540K, committed 4864K, reserved 1056768K
  class space    used 425K, capacity 428K, committed 512K, reserved 1048576K
}
2024-07-26T01:31:19.695+0800: 11.294: Total time for which application threads were stopped: 0.0130771 seconds, Stopping threads took: 0.0000677 seconds
{Heap before GC invocations=444 (full 38):
 par new generation   total 188736K, used 187673K [0x00000000c0000000, 0x00000000cccc0000, 0x00000000cccc0000)
  eden space 167808K,  99% used [0x00000000c0000000, 0x00000000ca346440, 0x00000000ca3e0000)
  from space 20928K,  97% used [0x00000000ca3e0000, 0x00000000cb7e0140, 0x00000000cb850000)
  to   space 20928K,   0% used [0x00000000cb850000, 0x00000000cb850000, 0x00000000cccc0000)
 concurrent mark-sweep generation total 838912K, used 434229K [0x00000000cccc0000, 0x0000000100000000, 0x0000000100000000)
 Metaspace       used 3935K, capacity 4540K, committed 4864K, reserved 1056768K
  class space    used 425K, capacity 428K, committed 512K, reserved 1048576K
2024-07-26T01:31:19.709+0800: 11.309: [GC (Allocation Failure) 2024-07-26T01:31:19.709+0800: 11.309: [ParNew2024-07-26T01:31:19.714+0800: 11.314: [SoftReference, 0 refs, 0.0000499 secs]2024-07-26T01:31:19.714+0800: 11.314: [WeakReference, 0 refs, 0.0000073 secs]2024-07-26T01:31:19.714+0800: 11.314: [FinalReference, 0 refs, 0.0000066 secs]2024-07-26T01:31:19.714+0800: 11.314: [PhantomReference, 0 refs, 0.0000065 secs]2024-07-26T01:31:19.714+0800: 11.314: [JNI Weak Reference, 0.0000068 secs]
Desired survivor size 10715136 bytes, new threshold 1 (max 1)
- age   1:   20971840 bytes,   20971840 total
: 187673K->20480K(188736K), 0.0049615 secs] 621902K->466999K(1027648K), 0.0050002 secs] [Times: user=0.00 sys=0.00, real=0.00 secs] 
Heap after GC invocations=445 (full 38):
 par new generation   total 188736K, used 20480K [0x00000000c0000000, 0x00000000cccc0000, 0x00000000cccc0000)
  eden space 167808K,   0% used [0x00000000c0000000, 0x00000000c0000000, 0x00000000ca3e0000)
  from space 20928K,  97% used [0x00000000cb850000, 0x00000000ccc50140, 0x00000000cccc0000)
  to   space 20928K,   0% used [0x00000000ca3e0000, 0x00000000ca3e0000, 0x00000000cb850000)
 concurrent mark-sweep generation total 838912K, used 446519K [0x00000000cccc0000, 0x0000000100000000, 0x0000000100000000)
 Metaspace       used 3935K, capacity 4540K, committed 4864K, reserved 1056768K
  class space    used 425K, capacity 428K, committed 512K, reserved 1048576K
}
2024-07-26T01:31:19.714+0800: 11.314: Total time for which application threads were stopped: 0.0051389 seconds, Stopping threads took: 0.0000221 seconds
{Heap before GC invocations=445 (full 38):
 par new generation   total 188736K, used 187673K [0x00000000c0000000, 0x00000000cccc0000, 0x00000000cccc0000)
  eden space 167808K,  99% used [0x00000000c0000000, 0x00000000ca346440, 0x00000000ca3e0000)
  from space 20928K,  97% used [0x00000000cb850000, 0x00000000ccc50140, 0x00000000cccc0000)
  to   space 20928K,   0% used [0x00000000ca3e0000, 0x00000000ca3e0000, 0x00000000cb850000)
 concurrent mark-sweep generation total 838912K, used 446519K [0x00000000cccc0000, 0x0000000100000000, 0x0000000100000000)
 Metaspace       used 3935K, capacity 4540K, committed 4864K, reserved 1056768K
  class space    used 425K, capacity 428K, committed 512K, reserved 1048576K
2024-07-26T01:31:19.729+0800: 11.328: [GC (Allocation Failure) 2024-07-26T01:31:19.729+0800: 11.328: [ParNew2024-07-26T01:31:19.745+0800: 11.345: [SoftReference, 0 refs, 0.0000348 secs]2024-07-26T01:31:19.745+0800: 11.345: [WeakReference, 0 refs, 0.0000041 secs]2024-07-26T01:31:19.745+0800: 11.345: [FinalReference, 0 refs, 0.0000037 secs]2024-07-26T01:31:19.745+0800: 11.345: [PhantomReference, 0 refs, 0.0000037 secs]2024-07-26T01:31:19.745+0800: 11.345: [JNI Weak Reference, 0.0000043 secs]
Desired survivor size 10715136 bytes, new threshold 1 (max 1)
- age   1:   20971840 bytes,   20971840 total
: 187673K->20480K(188736K), 0.0162822 secs] 634192K->542778K(1027648K), 0.0163246 secs] [Times: user=0.05 sys=0.02, real=0.02 secs] 
Heap after GC invocations=446 (full 38):
 par new generation   total 188736K, used 20480K [0x00000000c0000000, 0x00000000cccc0000, 0x00000000cccc0000)
  eden space 167808K,   0% used [0x00000000c0000000, 0x00000000c0000000, 0x00000000ca3e0000)
  from space 20928K,  97% used [0x00000000ca3e0000, 0x00000000cb7e0140, 0x00000000cb850000)
  to   space 20928K,   0% used [0x00000000cb850000, 0x00000000cb850000, 0x00000000cccc0000)
 concurrent mark-sweep generation total 838912K, used 522298K [0x00000000cccc0000, 0x0000000100000000, 0x0000000100000000)
 Metaspace       used 3935K, capacity 4540K, committed 4864K, reserved 1056768K
  class space    used 425K, capacity 428K, committed 512K, reserved 1048576K
}
2024-07-26T01:31:19.745+0800: 11.345: Total time for which application threads were stopped: 0.0164380 seconds, Stopping threads took: 0.0000224 seconds
{Heap before GC invocations=446 (full 38):
 par new generation   total 188736K, used 187673K [0x00000000c0000000, 0x00000000cccc0000, 0x00000000cccc0000)
  eden space 167808K,  99% used [0x00000000c0000000, 0x00000000ca346440, 0x00000000ca3e0000)
  from space 20928K,  97% used [0x00000000ca3e0000, 0x00000000cb7e0140, 0x00000000cb850000)
  to   space 20928K,   0% used [0x00000000cb850000, 0x00000000cb850000, 0x00000000cccc0000)
 concurrent mark-sweep generation total 838912K, used 522298K [0x00000000cccc0000, 0x0000000100000000, 0x0000000100000000)
 Metaspace       used 3935K, capacity 4540K, committed 4864K, reserved 1056768K
  class space    used 425K, capacity 428K, committed 512K, reserved 1048576K
2024-07-26T01:31:19.762+0800: 11.361: [GC (Allocation Failure) 2024-07-26T01:31:19.762+0800: 11.361: [ParNew2024-07-26T01:31:19.774+0800: 11.374: [SoftReference, 0 refs, 0.0000383 secs]2024-07-26T01:31:19.774+0800: 11.374: [WeakReference, 0 refs, 0.0000042 secs]2024-07-26T01:31:19.774+0800: 11.374: [FinalReference, 0 refs, 0.0000036 secs]2024-07-26T01:31:19.774+0800: 11.374: [PhantomReference, 0 refs, 0.0000081 secs]2024-07-26T01:31:19.774+0800: 11.374: [JNI Weak Reference, 0.0000043 secs]
Desired survivor size 10715136 bytes, new threshold 1 (max 1)
- age   1:   20971840 bytes,   20971840 total
: 187673K->20480K(188736K), 0.0124128 secs] 709971K->578619K(1027648K), 0.0124566 secs] [Times: user=0.00 sys=0.00, real=0.01 secs] 
Heap after GC invocations=447 (full 38):
 par new generation   total 188736K, used 20480K [0x00000000c0000000, 0x00000000cccc0000, 0x00000000cccc0000)
  eden space 167808K,   0% used [0x00000000c0000000, 0x00000000c0000000, 0x00000000ca3e0000)
  from space 20928K,  97% used [0x00000000cb850000, 0x00000000ccc50140, 0x00000000cccc0000)
  to   space 20928K,   0% used [0x00000000ca3e0000, 0x00000000ca3e0000, 0x00000000cb850000)
 concurrent mark-sweep generation total 838912K, used 558139K [0x00000000cccc0000, 0x0000000100000000, 0x0000000100000000)
 Metaspace       used 3935K, capacity 4540K, committed 4864K, reserved 1056768K
  class space    used 425K, capacity 428K, committed 512K, reserved 1048576K
}
2024-07-26T01:31:19.775+0800: 11.374: Total time for which application threads were stopped: 0.0125787 seconds, Stopping threads took: 0.0000311 seconds
{Heap before GC invocations=447 (full 38):
 par new generation   total 188736K, used 187673K [0x00000000c0000000, 0x00000000cccc0000, 0x00000000cccc0000)
  eden space 167808K,  99% used [0x00000000c0000000, 0x00000000ca346440, 0x00000000ca3e0000)
  from space 20928K,  97% used [0x00000000cb850000, 0x00000000ccc50140, 0x00000000cccc0000)
  to   space 20928K,   0% used [0x00000000ca3e0000, 0x00000000ca3e0000, 0x00000000cb850000)
 concurrent mark-sweep generation total 838912K, used 558139K [0x00000000cccc0000, 0x0000000100000000, 0x0000000100000000)
 Metaspace       used 3935K, capacity 4540K, committed 4864K, reserved 1056768K
  class space    used 425K, capacity 428K, committed 512K, reserved 1048576K
2024-07-26T01:31:19.793+0800: 11.393: [GC (Allocation Failure) 2024-07-26T01:31:19.793+0800: 11.393: [ParNew2024-07-26T01:31:19.798+0800: 11.398: [SoftReference, 0 refs, 0.0001701 secs]2024-07-26T01:31:19.798+0800: 11.398: [WeakReference, 0 refs, 0.0000089 secs]2024-07-26T01:31:19.798+0800: 11.398: [FinalReference, 0 refs, 0.0000059 secs]2024-07-26T01:31:19.798+0800: 11.398: [PhantomReference, 0 refs, 0.0000053 secs]2024-07-26T01:31:19.798+0800: 11.398: [JNI Weak Reference, 0.0000056 secs]
Desired survivor size 10715136 bytes, new threshold 1 (max 1)
- age   1:   16777472 bytes,   16777472 total
: 187673K->16384K(188736K), 0.0044438 secs] 745812K->574523K(1027648K), 0.0044891 secs] [Times: user=0.00 sys=0.02, real=0.01 secs] 
Heap after GC invocations=448 (full 38):
 par new generation   total 188736K, used 16384K [0x00000000c0000000, 0x00000000cccc0000, 0x00000000cccc0000)
  eden space 167808K,   0% used [0x00000000c0000000, 0x00000000c0000000, 0x00000000ca3e0000)
  from space 20928K,  78% used [0x00000000ca3e0000, 0x00000000cb3e0100, 0x00000000cb850000)
  to   space 20928K,   0% used [0x00000000cb850000, 0x00000000cb850000, 0x00000000cccc0000)
 concurrent mark-sweep generation total 838912K, used 558139K [0x00000000cccc0000, 0x0000000100000000, 0x0000000100000000)
 Metaspace       used 3935K, capacity 4540K, committed 4864K, reserved 1056768K
  class space    used 425K, capacity 428K, committed 512K, reserved 1048576K
}
2024-07-26T01:31:19.798+0800: 11.398: Total time for which application threads were stopped: 0.0046267 seconds, Stopping threads took: 0.0000374 seconds
{Heap before GC invocations=448 (full 38):
 par new generation   total 188736K, used 183577K [0x00000000c0000000, 0x00000000cccc0000, 0x00000000cccc0000)
  eden space 167808K,  99% used [0x00000000c0000000, 0x00000000ca346440, 0x00000000ca3e0000)
  from space 20928K,  78% used [0x00000000ca3e0000, 0x00000000cb3e0100, 0x00000000cb850000)
  to   space 20928K,   0% used [0x00000000cb850000, 0x00000000cb850000, 0x00000000cccc0000)
 concurrent mark-sweep generation total 838912K, used 558139K [0x00000000cccc0000, 0x0000000100000000, 0x0000000100000000)
 Metaspace       used 3935K, capacity 4540K, committed 4864K, reserved 1056768K
  class space    used 425K, capacity 428K, committed 512K, reserved 1048576K
2024-07-26T01:31:19.815+0800: 11.415: [GC (Allocation Failure) 2024-07-26T01:31:19.815+0800: 11.415: [ParNew2024-07-26T01:31:19.833+0800: 11.432: [SoftReference, 0 refs, 0.0000377 secs]2024-07-26T01:31:19.833+0800: 11.433: [WeakReference, 0 refs, 0.0000041 secs]2024-07-26T01:31:19.833+0800: 11.433: [FinalReference, 0 refs, 0.0000037 secs]2024-07-26T01:31:19.833+0800: 11.433: [PhantomReference, 0 refs, 0.0000034 secs]2024-07-26T01:31:19.833+0800: 11.433: [JNI Weak Reference, 0.0000042 secs]
Desired survivor size 10715136 bytes, new threshold 1 (max 1)
- age   1:   20971840 bytes,   20971840 total
: 183577K->20480K(188736K), 0.0173969 secs] 741716K->638012K(1027648K), 0.0174472 secs] [Times: user=0.08 sys=0.03, real=0.02 secs] 
Heap after GC invocations=449 (full 38):
 par new generation   total 188736K, used 20480K [0x00000000c0000000, 0x00000000cccc0000, 0x00000000cccc0000)
  eden space 167808K,   0% used [0x00000000c0000000, 0x00000000c0000000, 0x00000000ca3e0000)
  from space 20928K,  97% used [0x00000000cb850000, 0x00000000ccc50140, 0x00000000cccc0000)
  to   space 20928K,   0% used [0x00000000ca3e0000, 0x00000000ca3e0000, 0x00000000cb850000)
 concurrent mark-sweep generation total 838912K, used 617532K [0x00000000cccc0000, 0x0000000100000000, 0x0000000100000000)
 Metaspace       used 3935K, capacity 4540K, committed 4864K, reserved 1056768K
  class space    used 425K, capacity 428K, committed 512K, reserved 1048576K
}
2024-07-26T01:31:19.833+0800: 11.433: Total time for which application threads were stopped: 0.0175957 seconds, Stopping threads took: 0.0000472 seconds
{Heap before GC invocations=449 (full 38):
 par new generation   total 188736K, used 187673K [0x00000000c0000000, 0x00000000cccc0000, 0x00000000cccc0000)
  eden space 167808K,  99% used [0x00000000c0000000, 0x00000000ca346440, 0x00000000ca3e0000)
  from space 20928K,  97% used [0x00000000cb850000, 0x00000000ccc50140, 0x00000000cccc0000)
  to   space 20928K,   0% used [0x00000000ca3e0000, 0x00000000ca3e0000, 0x00000000cb850000)
 concurrent mark-sweep generation total 838912K, used 617532K [0x00000000cccc0000, 0x0000000100000000, 0x0000000100000000)
 Metaspace       used 3935K, capacity 4540K, committed 4864K, reserved 1056768K
  class space    used 425K, capacity 428K, committed 512K, reserved 1048576K
2024-07-26T01:31:19.851+0800: 11.451: [GC (Allocation Failure) 2024-07-26T01:31:19.851+0800: 11.451: [ParNew2024-07-26T01:31:19.859+0800: 11.459: [SoftReference, 0 refs, 0.0000368 secs]2024-07-26T01:31:19.859+0800: 11.459: [WeakReference, 0 refs, 0.0000045 secs]2024-07-26T01:31:19.859+0800: 11.459: [FinalReference, 0 refs, 0.0000037 secs]2024-07-26T01:31:19.859+0800: 11.459: [PhantomReference, 0 refs, 0.0000039 secs]2024-07-26T01:31:19.859+0800: 11.459: [JNI Weak Reference, 0.0000041 secs]
Desired survivor size 10715136 bytes, new threshold 1 (max 1)
- age   1:   20971840 bytes,   20971840 total
: 187673K->20480K(188736K), 0.0083729 secs] 805205K->657470K(1027648K), 0.0084153 secs] [Times: user=0.05 sys=0.00, real=0.01 secs] 
Heap after GC invocations=450 (full 38):
 par new generation   total 188736K, used 20480K [0x00000000c0000000, 0x00000000cccc0000, 0x00000000cccc0000)
  eden space 167808K,   0% used [0x00000000c0000000, 0x00000000c0000000, 0x00000000ca3e0000)
  from space 20928K,  97% used [0x00000000ca3e0000, 0x00000000cb7e0140, 0x00000000cb850000)
  to   space 20928K,   0% used [0x00000000cb850000, 0x00000000cb850000, 0x00000000cccc0000)
 concurrent mark-sweep generation total 838912K, used 636990K [0x00000000cccc0000, 0x0000000100000000, 0x0000000100000000)
 Metaspace       used 3935K, capacity 4540K, committed 4864K, reserved 1056768K
  class space    used 425K, capacity 428K, committed 512K, reserved 1048576K
}
2024-07-26T01:31:19.859+0800: 11.459: Total time for which application threads were stopped: 0.0085335 seconds, Stopping threads took: 0.0000258 seconds
{Heap before GC invocations=450 (full 38):
 par new generation   total 188736K, used 187673K [0x00000000c0000000, 0x00000000cccc0000, 0x00000000cccc0000)
  eden space 167808K,  99% used [0x00000000c0000000, 0x00000000ca346440, 0x00000000ca3e0000)
  from space 20928K,  97% used [0x00000000ca3e0000, 0x00000000cb7e0140, 0x00000000cb850000)
  to   space 20928K,   0% used [0x00000000cb850000, 0x00000000cb850000, 0x00000000cccc0000)
 concurrent mark-sweep generation total 838912K, used 636990K [0x00000000cccc0000, 0x0000000100000000, 0x0000000100000000)
 Metaspace       used 3935K, capacity 4540K, committed 4864K, reserved 1056768K
  class space    used 425K, capacity 428K, committed 512K, reserved 1048576K
2024-07-26T01:31:19.877+0800: 11.477: [GC (Allocation Failure) 2024-07-26T01:31:19.877+0800: 11.477: [ParNew2024-07-26T01:31:19.877+0800: 11.478: [SoftReference, 0 refs, 0.0000244 secs]2024-07-26T01:31:19.879+0800: 11.478: [WeakReference, 0 refs, 0.0000053 secs]2024-07-26T01:31:19.879+0800: 11.478: [FinalReference, 0 refs, 0.0000046 secs]2024-07-26T01:31:19.879+0800: 11.478: [PhantomReference, 0 refs, 0.0000075 secs]2024-07-26T01:31:19.879+0800: 11.478: [JNI Weak Reference, 0.0000047 secs]
Desired survivor size 10715136 bytes, new threshold 1 (max 1)
: 187673K->0K(188736K), 0.0008788 secs] 824663K->636990K(1027648K), 0.0009248 secs] [Times: user=0.00 sys=0.00, real=0.00 secs] 
Heap after GC invocations=451 (full 38):
 par new generation   total 188736K, used 0K [0x00000000c0000000, 0x00000000cccc0000, 0x00000000cccc0000)
  eden space 167808K,   0% used [0x00000000c0000000, 0x00000000c0000000, 0x00000000ca3e0000)
  from space 20928K,   0% used [0x00000000cb850000, 0x00000000cb850000, 0x00000000cccc0000)
  to   space 20928K,   0% used [0x00000000ca3e0000, 0x00000000ca3e0000, 0x00000000cb850000)
 concurrent mark-sweep generation total 838912K, used 636990K [0x00000000cccc0000, 0x0000000100000000, 0x0000000100000000)
 Metaspace       used 3935K, capacity 4540K, committed 4864K, reserved 1056768K
  class space    used 425K, capacity 428K, committed 512K, reserved 1048576K
}
2024-07-26T01:31:19.879+0800: 11.478: Total time for which application threads were stopped: 0.0010511 seconds, Stopping threads took: 0.0000247 seconds
{Heap before GC invocations=451 (full 38):
 par new generation   total 188736K, used 167193K [0x00000000c0000000, 0x00000000cccc0000, 0x00000000cccc0000)
  eden space 167808K,  99% used [0x00000000c0000000, 0x00000000ca346440, 0x00000000ca3e0000)
  from space 20928K,   0% used [0x00000000cb850000, 0x00000000cb850000, 0x00000000cccc0000)
  to   space 20928K,   0% used [0x00000000ca3e0000, 0x00000000ca3e0000, 0x00000000cb850000)
 concurrent mark-sweep generation total 838912K, used 636990K [0x00000000cccc0000, 0x0000000100000000, 0x0000000100000000)
 Metaspace       used 3935K, capacity 4540K, committed 4864K, reserved 1056768K
  class space    used 425K, capacity 428K, committed 512K, reserved 1048576K
2024-07-26T01:31:19.895+0800: 11.495: [GC (Allocation Failure) 2024-07-26T01:31:19.895+0800: 11.495: [ParNew2024-07-26T01:31:19.907+0800: 11.507: [SoftReference, 0 refs, 0.0000370 secs]2024-07-26T01:31:19.907+0800: 11.507: [WeakReference, 0 refs, 0.0000044 secs]2024-07-26T01:31:19.907+0800: 11.507: [FinalReference, 0 refs, 0.0000040 secs]2024-07-26T01:31:19.907+0800: 11.507: [PhantomReference, 0 refs, 0.0000037 secs]2024-07-26T01:31:19.907+0800: 11.507: [JNI Weak Reference, 0.0000046 secs]
Desired survivor size 10715136 bytes, new threshold 1 (max 1)
- age   1:   20971840 bytes,   20971840 total
: 167193K->20480K(188736K), 0.0125251 secs] 804183K->700479K(1027648K), 0.0125655 secs] [Times: user=0.02 sys=0.00, real=0.01 secs] 
Heap after GC invocations=452 (full 38):
 par new generation   total 188736K, used 20480K [0x00000000c0000000, 0x00000000cccc0000, 0x00000000cccc0000)
  eden space 167808K,   0% used [0x00000000c0000000, 0x00000000c0000000, 0x00000000ca3e0000)
  from space 20928K,  97% used [0x00000000ca3e0000, 0x00000000cb7e0140, 0x00000000cb850000)
  to   space 20928K,   0% used [0x00000000cb850000, 0x00000000cb850000, 0x00000000cccc0000)
 concurrent mark-sweep generation total 838912K, used 679999K [0x00000000cccc0000, 0x0000000100000000, 0x0000000100000000)
 Metaspace       used 3935K, capacity 4540K, committed 4864K, reserved 1056768K
  class space    used 425K, capacity 428K, committed 512K, reserved 1048576K
}
2024-07-26T01:31:19.907+0800: 11.507: Total time for which application threads were stopped: 0.0126839 seconds, Stopping threads took: 0.0000245 seconds
{Heap before GC invocations=452 (full 38):
 par new generation   total 188736K, used 187673K [0x00000000c0000000, 0x00000000cccc0000, 0x00000000cccc0000)
  eden space 167808K,  99% used [0x00000000c0000000, 0x00000000ca346440, 0x00000000ca3e0000)
  from space 20928K,  97% used [0x00000000ca3e0000, 0x00000000cb7e0140, 0x00000000cb850000)
  to   space 20928K,   0% used [0x00000000cb850000, 0x00000000cb850000, 0x00000000cccc0000)
 concurrent mark-sweep generation total 838912K, used 679999K [0x00000000cccc0000, 0x0000000100000000, 0x0000000100000000)
 Metaspace       used 3935K, capacity 4540K, committed 4864K, reserved 1056768K
  class space    used 425K, capacity 428K, committed 512K, reserved 1048576K
2024-07-26T01:31:19.926+0800: 11.525: [GC (Allocation Failure) 2024-07-26T01:31:19.926+0800: 11.525: [ParNew2024-07-26T01:31:19.931+0800: 11.530: [SoftReference, 0 refs, 0.0000405 secs]2024-07-26T01:31:19.931+0800: 11.530: [WeakReference, 0 refs, 0.0000043 secs]2024-07-26T01:31:19.931+0800: 11.530: [FinalReference, 0 refs, 0.0000042 secs]2024-07-26T01:31:19.931+0800: 11.530: [PhantomReference, 0 refs, 0.0000040 secs]2024-07-26T01:31:19.931+0800: 11.530: [JNI Weak Reference, 0.0000043 secs]
Desired survivor size 10715136 bytes, new threshold 1 (max 1)
- age   1:   20971840 bytes,   20971840 total
: 187673K->20480K(188736K), 0.0051414 secs] 867672K->703551K(1027648K), 0.0051944 secs] [Times: user=0.00 sys=0.00, real=0.00 secs] 
Heap after GC invocations=453 (full 38):
 par new generation   total 188736K, used 20480K [0x00000000c0000000, 0x00000000cccc0000, 0x00000000cccc0000)
  eden space 167808K,   0% used [0x00000000c0000000, 0x00000000c0000000, 0x00000000ca3e0000)
  from space 20928K,  97% used [0x00000000cb850000, 0x00000000ccc50140, 0x00000000cccc0000)
  to   space 20928K,   0% used [0x00000000ca3e0000, 0x00000000ca3e0000, 0x00000000cb850000)
 concurrent mark-sweep generation total 838912K, used 683071K [0x00000000cccc0000, 0x0000000100000000, 0x0000000100000000)
 Metaspace       used 3935K, capacity 4540K, committed 4864K, reserved 1056768K
  class space    used 425K, capacity 428K, committed 512K, reserved 1048576K
}
2024-07-26T01:31:19.931+0800: 11.531: Total time for which application threads were stopped: 0.0053304 seconds, Stopping threads took: 0.0000293 seconds
{Heap before GC invocations=453 (full 38):
 par new generation   total 188736K, used 187673K [0x00000000c0000000, 0x00000000cccc0000, 0x00000000cccc0000)
  eden space 167808K,  99% used [0x00000000c0000000, 0x00000000ca346440, 0x00000000ca3e0000)
  from space 20928K,  97% used [0x00000000cb850000, 0x00000000ccc50140, 0x00000000cccc0000)
  to   space 20928K,   0% used [0x00000000ca3e0000, 0x00000000ca3e0000, 0x00000000cb850000)
 concurrent mark-sweep generation total 838912K, used 683071K [0x00000000cccc0000, 0x0000000100000000, 0x0000000100000000)
 Metaspace       used 3935K, capacity 4540K, committed 4864K, reserved 1056768K
  class space    used 425K, capacity 428K, committed 512K, reserved 1048576K
2024-07-26T01:31:19.949+0800: 11.549: [GC (Allocation Failure) 2024-07-26T01:31:19.949+0800: 11.549: [ParNew2024-07-26T01:31:19.966+0800: 11.566: [SoftReference, 0 refs, 0.0000353 secs]2024-07-26T01:31:19.966+0800: 11.566: [WeakReference, 0 refs, 0.0000043 secs]2024-07-26T01:31:19.966+0800: 11.566: [FinalReference, 0 refs, 0.0000038 secs]2024-07-26T01:31:19.966+0800: 11.566: [PhantomReference, 0 refs, 0.0000039 secs]2024-07-26T01:31:19.966+0800: 11.566: [JNI Weak Reference, 0.0000044 secs]
Desired survivor size 10715136 bytes, new threshold 1 (max 1)
- age   1:   20971840 bytes,   20971840 total
: 187673K->20480K(188736K), 0.0167397 secs] 870744K->770112K(1027648K), 0.0167925 secs] [Times: user=0.11 sys=0.01, real=0.02 secs] 
Heap after GC invocations=454 (full 38):
 par new generation   total 188736K, used 20480K [0x00000000c0000000, 0x00000000cccc0000, 0x00000000cccc0000)
  eden space 167808K,   0% used [0x00000000c0000000, 0x00000000c0000000, 0x00000000ca3e0000)
  from space 20928K,  97% used [0x00000000ca3e0000, 0x00000000cb7e0140, 0x00000000cb850000)
  to   space 20928K,   0% used [0x00000000cb850000, 0x00000000cb850000, 0x00000000cccc0000)
 concurrent mark-sweep generation total 838912K, used 749632K [0x00000000cccc0000, 0x0000000100000000, 0x0000000100000000)
 Metaspace       used 3935K, capacity 4540K, committed 4864K, reserved 1056768K
  class space    used 425K, capacity 428K, committed 512K, reserved 1048576K
}
2024-07-26T01:31:19.966+0800: 11.566: Total time for which application threads were stopped: 0.0169446 seconds, Stopping threads took: 0.0000418 seconds
{Heap before GC invocations=454 (full 38):
 par new generation   total 188736K, used 187673K [0x00000000c0000000, 0x00000000cccc0000, 0x00000000cccc0000)
  eden space 167808K,  99% used [0x00000000c0000000, 0x00000000ca346440, 0x00000000ca3e0000)
  from space 20928K,  97% used [0x00000000ca3e0000, 0x00000000cb7e0140, 0x00000000cb850000)
  to   space 20928K,   0% used [0x00000000cb850000, 0x00000000cb850000, 0x00000000cccc0000)
 concurrent mark-sweep generation total 838912K, used 749632K [0x00000000cccc0000, 0x0000000100000000, 0x0000000100000000)
 Metaspace       used 3935K, capacity 4540K, committed 4864K, reserved 1056768K
  class space    used 425K, capacity 428K, committed 512K, reserved 1048576K
2024-07-26T01:31:19.988+0800: 11.587: [GC (Allocation Failure) 2024-07-26T01:31:19.988+0800: 11.587: [ParNew: 187673K->187673K(188736K), 0.0000149 secs]2024-07-26T01:31:19.988+0800: 11.587: [CMS2024-07-26T01:31:19.988+0800: 11.588: [CMS-concurrent-abortable-preclean: 0.009/0.363 secs] [Times: user=0.56 sys=0.08, real=0.36 secs] 
 (concurrent mode failure)2024-07-26T01:31:19.989+0800: 11.588: [SoftReference, 0 refs, 0.0000159 secs]2024-07-26T01:31:19.989+0800: 11.588: [WeakReference, 2 refs, 0.0000047 secs]2024-07-26T01:31:19.989+0800: 11.588: [FinalReference, 2 refs, 0.0000037 secs]2024-07-26T01:31:19.989+0800: 11.588: [PhantomReference, 0 refs, 0.0000035 secs]2024-07-26T01:31:19.989+0800: 11.588: [JNI Weak Reference, 0.0000045 secs]: 749632K->48160K(838912K), 0.0132413 secs] 937305K->48160K(1027648K), [Metaspace: 3935K->3935K(1056768K)], 0.0133380 secs] [Times: user=0.00 sys=0.00, real=0.01 secs] 
Heap after GC invocations=455 (full 39):
 par new generation   total 188736K, used 0K [0x00000000c0000000, 0x00000000cccc0000, 0x00000000cccc0000)
  eden space 167808K,   0% used [0x00000000c0000000, 0x00000000c0000000, 0x00000000ca3e0000)
  from space 20928K,   0% used [0x00000000ca3e0000, 0x00000000ca3e0000, 0x00000000cb850000)
  to   space 20928K,   0% used [0x00000000cb850000, 0x00000000cb850000, 0x00000000cccc0000)
 concurrent mark-sweep generation total 838912K, used 48160K [0x00000000cccc0000, 0x0000000100000000, 0x0000000100000000)
 Metaspace       used 3935K, capacity 4540K, committed 4864K, reserved 1056768K
  class space    used 425K, capacity 428K, committed 512K, reserved 1048576K
}
2024-07-26T01:31:20.001+0800: 11.601: Total time for which application threads were stopped: 0.0134716 seconds, Stopping threads took: 0.0000225 seconds
{Heap before GC invocations=455 (full 39):
 par new generation   total 188736K, used 167193K [0x00000000c0000000, 0x00000000cccc0000, 0x00000000cccc0000)
  eden space 167808K,  99% used [0x00000000c0000000, 0x00000000ca346440, 0x00000000ca3e0000)
  from space 20928K,   0% used [0x00000000ca3e0000, 0x00000000ca3e0000, 0x00000000cb850000)
  to   space 20928K,   0% used [0x00000000cb850000, 0x00000000cb850000, 0x00000000cccc0000)
 concurrent mark-sweep generation total 838912K, used 48160K [0x00000000cccc0000, 0x0000000100000000, 0x0000000100000000)
 Metaspace       used 3935K, capacity 4540K, committed 4864K, reserved 1056768K
  class space    used 425K, capacity 428K, committed 512K, reserved 1048576K
2024-07-26T01:31:20.020+0800: 11.620: [GC (Allocation Failure) 2024-07-26T01:31:20.020+0800: 11.620: [ParNew2024-07-26T01:31:20.023+0800: 11.622: [SoftReference, 0 refs, 0.0000403 secs]2024-07-26T01:31:20.023+0800: 11.622: [WeakReference, 0 refs, 0.0000056 secs]2024-07-26T01:31:20.023+0800: 11.622: [FinalReference, 0 refs, 0.0000046 secs]2024-07-26T01:31:20.023+0800: 11.622: [PhantomReference, 0 refs, 0.0000046 secs]2024-07-26T01:31:20.023+0800: 11.622: [JNI Weak Reference, 0.0000050 secs]
Desired survivor size 10715136 bytes, new threshold 1 (max 1)
- age   1:    7340144 bytes,    7340144 total
: 167193K->7168K(188736K), 0.0024679 secs] 215353K->55329K(1027648K), 0.0025081 secs] [Times: user=0.00 sys=0.00, real=0.00 secs] 
Heap after GC invocations=456 (full 39):
 par new generation   total 188736K, used 7168K [0x00000000c0000000, 0x00000000cccc0000, 0x00000000cccc0000)
  eden space 167808K,   0% used [0x00000000c0000000, 0x00000000c0000000, 0x00000000ca3e0000)
  from space 20928K,  34% used [0x00000000cb850000, 0x00000000cbf50070, 0x00000000cccc0000)
  to   space 20928K,   0% used [0x00000000ca3e0000, 0x00000000ca3e0000, 0x00000000cb850000)
 concurrent mark-sweep generation total 838912K, used 48160K [0x00000000cccc0000, 0x0000000100000000, 0x0000000100000000)
 Metaspace       used 3935K, capacity 4540K, committed 4864K, reserved 1056768K
  class space    used 425K, capacity 428K, committed 512K, reserved 1048576K
}
2024-07-26T01:31:20.023+0800: 11.622: Total time for which application threads were stopped: 0.0026236 seconds, Stopping threads took: 0.0000222 seconds
{Heap before GC invocations=456 (full 39):
 par new generation   total 188736K, used 174361K [0x00000000c0000000, 0x00000000cccc0000, 0x00000000cccc0000)
  eden space 167808K,  99% used [0x00000000c0000000, 0x00000000ca346440, 0x00000000ca3e0000)
  from space 20928K,  34% used [0x00000000cb850000, 0x00000000cbf50070, 0x00000000cccc0000)
  to   space 20928K,   0% used [0x00000000ca3e0000, 0x00000000ca3e0000, 0x00000000cb850000)
 concurrent mark-sweep generation total 838912K, used 48160K [0x00000000cccc0000, 0x0000000100000000, 0x0000000100000000)
 Metaspace       used 3935K, capacity 4540K, committed 4864K, reserved 1056768K
  class space    used 425K, capacity 428K, committed 512K, reserved 1048576K
2024-07-26T01:31:20.043+0800: 11.642: [GC (Allocation Failure) 2024-07-26T01:31:20.043+0800: 11.642: [ParNew2024-07-26T01:31:20.057+0800: 11.656: [SoftReference, 0 refs, 0.0000468 secs]2024-07-26T01:31:20.057+0800: 11.656: [WeakReference, 0 refs, 0.0000043 secs]2024-07-26T01:31:20.057+0800: 11.656: [FinalReference, 0 refs, 0.0000039 secs]2024-07-26T01:31:20.057+0800: 11.656: [PhantomReference, 0 refs, 0.0000039 secs]2024-07-26T01:31:20.057+0800: 11.656: [JNI Weak Reference, 0.0000048 secs]
Desired survivor size 10715136 bytes, new threshold 1 (max 1)
- age   1:   20971840 bytes,   20971840 total
: 174361K->20480K(188736K), 0.0139412 secs] 222522K->118820K(1027648K), 0.0139907 secs] [Times: user=0.08 sys=0.00, real=0.01 secs] 
Heap after GC invocations=457 (full 39):
 par new generation   total 188736K, used 20480K [0x00000000c0000000, 0x00000000cccc0000, 0x00000000cccc0000)
  eden space 167808K,   0% used [0x00000000c0000000, 0x00000000c0000000, 0x00000000ca3e0000)
  from space 20928K,  97% used [0x00000000ca3e0000, 0x00000000cb7e0140, 0x00000000cb850000)
  to   space 20928K,   0% used [0x00000000cb850000, 0x00000000cb850000, 0x00000000cccc0000)
 concurrent mark-sweep generation total 838912K, used 98339K [0x00000000cccc0000, 0x0000000100000000, 0x0000000100000000)
 Metaspace       used 3935K, capacity 4540K, committed 4864K, reserved 1056768K
  class space    used 425K, capacity 428K, committed 512K, reserved 1048576K
}
2024-07-26T01:31:20.057+0800: 11.656: Total time for which application threads were stopped: 0.0141214 seconds, Stopping threads took: 0.0000278 seconds
{Heap before GC invocations=457 (full 39):
 par new generation   total 188736K, used 187673K [0x00000000c0000000, 0x00000000cccc0000, 0x00000000cccc0000)
  eden space 167808K,  99% used [0x00000000c0000000, 0x00000000ca346440, 0x00000000ca3e0000)
  from space 20928K,  97% used [0x00000000ca3e0000, 0x00000000cb7e0140, 0x00000000cb850000)
  to   space 20928K,   0% used [0x00000000cb850000, 0x00000000cb850000, 0x00000000cccc0000)
 concurrent mark-sweep generation total 838912K, used 98339K [0x00000000cccc0000, 0x0000000100000000, 0x0000000100000000)
 Metaspace       used 3935K, capacity 4540K, committed 4864K, reserved 1056768K
  class space    used 425K, capacity 428K, committed 512K, reserved 1048576K
2024-07-26T01:31:20.074+0800: 11.673: [GC (Allocation Failure) 2024-07-26T01:31:20.074+0800: 11.673: [ParNew2024-07-26T01:31:20.080+0800: 11.679: [SoftReference, 0 refs, 0.0000307 secs]2024-07-26T01:31:20.080+0800: 11.679: [WeakReference, 0 refs, 0.0000047 secs]2024-07-26T01:31:20.080+0800: 11.679: [FinalReference, 0 refs, 0.0000045 secs]2024-07-26T01:31:20.080+0800: 11.679: [PhantomReference, 0 refs, 0.0000040 secs]2024-07-26T01:31:20.080+0800: 11.679: [JNI Weak Reference, 0.0000051 secs]
Desired survivor size 10715136 bytes, new threshold 1 (max 1)
- age   1:   20971840 bytes,   20971840 total
: 187673K->20480K(188736K), 0.0062167 secs] 286013K->129062K(1027648K), 0.0062591 secs] [Times: user=0.05 sys=0.00, real=0.01 secs] 
Heap after GC invocations=458 (full 39):
 par new generation   total 188736K, used 20480K [0x00000000c0000000, 0x00000000cccc0000, 0x00000000cccc0000)
  eden space 167808K,   0% used [0x00000000c0000000, 0x00000000c0000000, 0x00000000ca3e0000)
  from space 20928K,  97% used [0x00000000cb850000, 0x00000000ccc50140, 0x00000000cccc0000)
  to   space 20928K,   0% used [0x00000000ca3e0000, 0x00000000ca3e0000, 0x00000000cb850000)
 concurrent mark-sweep generation total 838912K, used 108581K [0x00000000cccc0000, 0x0000000100000000, 0x0000000100000000)
 Metaspace       used 3935K, capacity 4540K, committed 4864K, reserved 1056768K
  class space    used 425K, capacity 428K, committed 512K, reserved 1048576K
}
2024-07-26T01:31:20.080+0800: 11.679: Total time for which application threads were stopped: 0.0063775 seconds, Stopping threads took: 0.0000222 seconds
{Heap before GC invocations=458 (full 39):
 par new generation   total 188736K, used 187673K [0x00000000c0000000, 0x00000000cccc0000, 0x00000000cccc0000)
  eden space 167808K,  99% used [0x00000000c0000000, 0x00000000ca346440, 0x00000000ca3e0000)
  from space 20928K,  97% used [0x00000000cb850000, 0x00000000ccc50140, 0x00000000cccc0000)
  to   space 20928K,   0% used [0x00000000ca3e0000, 0x00000000ca3e0000, 0x00000000cb850000)
 concurrent mark-sweep generation total 838912K, used 108581K [0x00000000cccc0000, 0x0000000100000000, 0x0000000100000000)
 Metaspace       used 3935K, capacity 4540K, committed 4864K, reserved 1056768K
  class space    used 425K, capacity 428K, committed 512K, reserved 1048576K
2024-07-26T01:31:20.100+0800: 11.699: [GC (Allocation Failure) 2024-07-26T01:31:20.100+0800: 11.699: [ParNew2024-07-26T01:31:20.114+0800: 11.713: [SoftReference, 0 refs, 0.0000330 secs]2024-07-26T01:31:20.114+0800: 11.713: [WeakReference, 0 refs, 0.0000044 secs]2024-07-26T01:31:20.114+0800: 11.713: [FinalReference, 0 refs, 0.0000043 secs]2024-07-26T01:31:20.114+0800: 11.713: [PhantomReference, 0 refs, 0.0000038 secs]2024-07-26T01:31:20.114+0800: 11.713: [JNI Weak Reference, 0.0000043 secs]
Desired survivor size 10715136 bytes, new threshold 1 (max 1)
- age   1:   20971840 bytes,   20971840 total
: 187673K->20480K(188736K), 0.0139478 secs] 296255K->202793K(1027648K), 0.0139916 secs] [Times: user=0.09 sys=0.00, real=0.01 secs] 
Heap after GC invocations=459 (full 39):
 par new generation   total 188736K, used 20480K [0x00000000c0000000, 0x00000000cccc0000, 0x00000000cccc0000)
  eden space 167808K,   0% used [0x00000000c0000000, 0x00000000c0000000, 0x00000000ca3e0000)
  from space 20928K,  97% used [0x00000000ca3e0000, 0x00000000cb7e0140, 0x00000000cb850000)
  to   space 20928K,   0% used [0x00000000cb850000, 0x00000000cb850000, 0x00000000cccc0000)
 concurrent mark-sweep generation total 838912K, used 182313K [0x00000000cccc0000, 0x0000000100000000, 0x0000000100000000)
 Metaspace       used 3935K, capacity 4540K, committed 4864K, reserved 1056768K
  class space    used 425K, capacity 428K, committed 512K, reserved 1048576K
}
2024-07-26T01:31:20.114+0800: 11.713: Total time for which application threads were stopped: 0.0141197 seconds, Stopping threads took: 0.0000251 seconds
{Heap before GC invocations=459 (full 39):
 par new generation   total 188736K, used 187673K [0x00000000c0000000, 0x00000000cccc0000, 0x00000000cccc0000)
  eden space 167808K,  99% used [0x00000000c0000000, 0x00000000ca346440, 0x00000000ca3e0000)
  from space 20928K,  97% used [0x00000000ca3e0000, 0x00000000cb7e0140, 0x00000000cb850000)
  to   space 20928K,   0% used [0x00000000cb850000, 0x00000000cb850000, 0x00000000cccc0000)
 concurrent mark-sweep generation total 838912K, used 182313K [0x00000000cccc0000, 0x0000000100000000, 0x0000000100000000)
 Metaspace       used 3935K, capacity 4540K, committed 4864K, reserved 1056768K
  class space    used 425K, capacity 428K, committed 512K, reserved 1048576K
2024-07-26T01:31:20.128+0800: 11.727: [GC (Allocation Failure) 2024-07-26T01:31:20.128+0800: 11.727: [ParNew2024-07-26T01:31:20.136+0800: 11.735: [SoftReference, 0 refs, 0.0000336 secs]2024-07-26T01:31:20.136+0800: 11.735: [WeakReference, 0 refs, 0.0000041 secs]2024-07-26T01:31:20.136+0800: 11.735: [FinalReference, 0 refs, 0.0000038 secs]2024-07-26T01:31:20.136+0800: 11.735: [PhantomReference, 0 refs, 0.0000038 secs]2024-07-26T01:31:20.136+0800: 11.735: [JNI Weak Reference, 0.0000062 secs]
Desired survivor size 10715136 bytes, new threshold 1 (max 1)
- age   1:   20971840 bytes,   20971840 total
: 187673K->20480K(188736K), 0.0076166 secs] 369986K->236587K(1027648K), 0.0076640 secs] [Times: user=0.00 sys=0.00, real=0.01 secs] 
Heap after GC invocations=460 (full 39):
 par new generation   total 188736K, used 20480K [0x00000000c0000000, 0x00000000cccc0000, 0x00000000cccc0000)
  eden space 167808K,   0% used [0x00000000c0000000, 0x00000000c0000000, 0x00000000ca3e0000)
  from space 20928K,  97% used [0x00000000cb850000, 0x00000000ccc50140, 0x00000000cccc0000)
  to   space 20928K,   0% used [0x00000000ca3e0000, 0x00000000ca3e0000, 0x00000000cb850000)
 concurrent mark-sweep generation total 838912K, used 216107K [0x00000000cccc0000, 0x0000000100000000, 0x0000000100000000)
 Metaspace       used 3935K, capacity 4540K, committed 4864K, reserved 1056768K
  class space    used 425K, capacity 428K, committed 512K, reserved 1048576K
}
2024-07-26T01:31:20.136+0800: 11.735: Total time for which application threads were stopped: 0.0077978 seconds, Stopping threads took: 0.0000245 seconds
{Heap before GC invocations=460 (full 39):
 par new generation   total 188736K, used 187673K [0x00000000c0000000, 0x00000000cccc0000, 0x00000000cccc0000)
  eden space 167808K,  99% used [0x00000000c0000000, 0x00000000ca346440, 0x00000000ca3e0000)
  from space 20928K,  97% used [0x00000000cb850000, 0x00000000ccc50140, 0x00000000cccc0000)
  to   space 20928K,   0% used [0x00000000ca3e0000, 0x00000000ca3e0000, 0x00000000cb850000)
 concurrent mark-sweep generation total 838912K, used 216107K [0x00000000cccc0000, 0x0000000100000000, 0x0000000100000000)
 Metaspace       used 3935K, capacity 4540K, committed 4864K, reserved 1056768K
  class space    used 425K, capacity 428K, committed 512K, reserved 1048576K
2024-07-26T01:31:20.152+0800: 11.751: [GC (Allocation Failure) 2024-07-26T01:31:20.152+0800: 11.751: [ParNew2024-07-26T01:31:20.154+0800: 11.754: [SoftReference, 0 refs, 0.0000478 secs]2024-07-26T01:31:20.154+0800: 11.754: [WeakReference, 0 refs, 0.0000045 secs]2024-07-26T01:31:20.154+0800: 11.754: [FinalReference, 0 refs, 0.0000039 secs]2024-07-26T01:31:20.154+0800: 11.754: [PhantomReference, 0 refs, 0.0000079 secs]2024-07-26T01:31:20.154+0800: 11.754: [JNI Weak Reference, 0.0000224 secs]
Desired survivor size 10715136 bytes, new threshold 1 (max 1)
- age   1:   14680288 bytes,   14680288 total
: 187673K->14336K(188736K), 0.0029520 secs] 403781K->230443K(1027648K), 0.0029971 secs] [Times: user=0.08 sys=0.00, real=0.00 secs] 
Heap after GC invocations=461 (full 39):
 par new generation   total 188736K, used 14336K [0x00000000c0000000, 0x00000000cccc0000, 0x00000000cccc0000)
  eden space 167808K,   0% used [0x00000000c0000000, 0x00000000c0000000, 0x00000000ca3e0000)
  from space 20928K,  68% used [0x00000000ca3e0000, 0x00000000cb1e00e0, 0x00000000cb850000)
  to   space 20928K,   0% used [0x00000000cb850000, 0x00000000cb850000, 0x00000000cccc0000)
 concurrent mark-sweep generation total 838912K, used 216107K [0x00000000cccc0000, 0x0000000100000000, 0x0000000100000000)
 Metaspace       used 3935K, capacity 4540K, committed 4864K, reserved 1056768K
  class space    used 425K, capacity 428K, committed 512K, reserved 1048576K
}
2024-07-26T01:31:20.154+0800: 11.754: Total time for which application threads were stopped: 0.0031362 seconds, Stopping threads took: 0.0000257 seconds
{Heap before GC invocations=461 (full 39):
 par new generation   total 188736K, used 181529K [0x00000000c0000000, 0x00000000cccc0000, 0x00000000cccc0000)
  eden space 167808K,  99% used [0x00000000c0000000, 0x00000000ca346440, 0x00000000ca3e0000)
  from space 20928K,  68% used [0x00000000ca3e0000, 0x00000000cb1e00e0, 0x00000000cb850000)
  to   space 20928K,   0% used [0x00000000cb850000, 0x00000000cb850000, 0x00000000cccc0000)
 concurrent mark-sweep generation total 838912K, used 216107K [0x00000000cccc0000, 0x0000000100000000, 0x0000000100000000)
 Metaspace       used 3935K, capacity 4540K, committed 4864K, reserved 1056768K
  class space    used 425K, capacity 428K, committed 512K, reserved 1048576K
2024-07-26T01:31:20.172+0800: 11.771: [GC (Allocation Failure) 2024-07-26T01:31:20.172+0800: 11.772: [ParNew2024-07-26T01:31:20.185+0800: 11.785: [SoftReference, 0 refs, 0.0000367 secs]2024-07-26T01:31:20.185+0800: 11.785: [WeakReference, 0 refs, 0.0000043 secs]2024-07-26T01:31:20.185+0800: 11.785: [FinalReference, 0 refs, 0.0000040 secs]2024-07-26T01:31:20.185+0800: 11.785: [PhantomReference, 0 refs, 0.0000037 secs]2024-07-26T01:31:20.185+0800: 11.785: [JNI Weak Reference, 0.0000044 secs]
Desired survivor size 10715136 bytes, new threshold 1 (max 1)
- age   1:   20971840 bytes,   20971840 total
: 181529K->20480K(188736K), 0.0130901 secs] 397636K->293934K(1027648K), 0.0131330 secs] [Times: user=0.02 sys=0.00, real=0.01 secs] 
Heap after GC invocations=462 (full 39):
 par new generation   total 188736K, used 20480K [0x00000000c0000000, 0x00000000cccc0000, 0x00000000cccc0000)
  eden space 167808K,   0% used [0x00000000c0000000, 0x00000000c0000000, 0x00000000ca3e0000)
  from space 20928K,  97% used [0x00000000cb850000, 0x00000000ccc50140, 0x00000000cccc0000)
  to   space 20928K,   0% used [0x00000000ca3e0000, 0x00000000ca3e0000, 0x00000000cb850000)
 concurrent mark-sweep generation total 838912K, used 273454K [0x00000000cccc0000, 0x0000000100000000, 0x0000000100000000)
 Metaspace       used 3935K, capacity 4540K, committed 4864K, reserved 1056768K
  class space    used 425K, capacity 428K, committed 512K, reserved 1048576K
}
2024-07-26T01:31:20.185+0800: 11.785: Total time for which application threads were stopped: 0.0132605 seconds, Stopping threads took: 0.0000260 seconds
{Heap before GC invocations=462 (full 39):
 par new generation   total 188736K, used 187673K [0x00000000c0000000, 0x00000000cccc0000, 0x00000000cccc0000)
  eden space 167808K,  99% used [0x00000000c0000000, 0x00000000ca346440, 0x00000000ca3e0000)
  from space 20928K,  97% used [0x00000000cb850000, 0x00000000ccc50140, 0x00000000cccc0000)
  to   space 20928K,   0% used [0x00000000ca3e0000, 0x00000000ca3e0000, 0x00000000cb850000)
 concurrent mark-sweep generation total 838912K, used 273454K [0x00000000cccc0000, 0x0000000100000000, 0x0000000100000000)
 Metaspace       used 3935K, capacity 4540K, committed 4864K, reserved 1056768K
  class space    used 425K, capacity 428K, committed 512K, reserved 1048576K
2024-07-26T01:31:20.200+0800: 11.800: [GC (Allocation Failure) 2024-07-26T01:31:20.200+0800: 11.800: [ParNew2024-07-26T01:31:20.207+0800: 11.806: [SoftReference, 0 refs, 0.0000357 secs]2024-07-26T01:31:20.207+0800: 11.806: [WeakReference, 0 refs, 0.0000043 secs]2024-07-26T01:31:20.207+0800: 11.806: [FinalReference, 0 refs, 0.0000037 secs]2024-07-26T01:31:20.207+0800: 11.806: [PhantomReference, 0 refs, 0.0000035 secs]2024-07-26T01:31:20.207+0800: 11.806: [JNI Weak Reference, 0.0000040 secs]
Desired survivor size 10715136 bytes, new threshold 1 (max 1)
- age   1:   20971840 bytes,   20971840 total
: 187673K->20480K(188736K), 0.0068119 secs] 461127K->311345K(1027648K), 0.0068562 secs] [Times: user=0.00 sys=0.00, real=0.01 secs] 
Heap after GC invocations=463 (full 39):
 par new generation   total 188736K, used 20480K [0x00000000c0000000, 0x00000000cccc0000, 0x00000000cccc0000)
  eden space 167808K,   0% used [0x00000000c0000000, 0x00000000c0000000, 0x00000000ca3e0000)
  from space 20928K,  97% used [0x00000000ca3e0000, 0x00000000cb7e0140, 0x00000000cb850000)
  to   space 20928K,   0% used [0x00000000cb850000, 0x00000000cb850000, 0x00000000cccc0000)
 concurrent mark-sweep generation total 838912K, used 290864K [0x00000000cccc0000, 0x0000000100000000, 0x0000000100000000)
 Metaspace       used 3935K, capacity 4540K, committed 4864K, reserved 1056768K
  class space    used 425K, capacity 428K, committed 512K, reserved 1048576K
}
2024-07-26T01:31:20.207+0800: 11.806: Total time for which application threads were stopped: 0.0069682 seconds, Stopping threads took: 0.0000230 seconds
{Heap before GC invocations=463 (full 39):
 par new generation   total 188736K, used 187673K [0x00000000c0000000, 0x00000000cccc0000, 0x00000000cccc0000)
  eden space 167808K,  99% used [0x00000000c0000000, 0x00000000ca346440, 0x00000000ca3e0000)
  from space 20928K,  97% used [0x00000000ca3e0000, 0x00000000cb7e0140, 0x00000000cb850000)
  to   space 20928K,   0% used [0x00000000cb850000, 0x00000000cb850000, 0x00000000cccc0000)
 concurrent mark-sweep generation total 838912K, used 290864K [0x00000000cccc0000, 0x0000000100000000, 0x0000000100000000)
 Metaspace       used 3935K, capacity 4540K, committed 4864K, reserved 1056768K
  class space    used 425K, capacity 428K, committed 512K, reserved 1048576K
2024-07-26T01:31:20.221+0800: 11.820: [GC (Allocation Failure) 2024-07-26T01:31:20.221+0800: 11.820: [ParNew2024-07-26T01:31:20.236+0800: 11.835: [SoftReference, 0 refs, 0.0000496 secs]2024-07-26T01:31:20.236+0800: 11.835: [WeakReference, 0 refs, 0.0000075 secs]2024-07-26T01:31:20.236+0800: 11.835: [FinalReference, 0 refs, 0.0000067 secs]2024-07-26T01:31:20.236+0800: 11.835: [PhantomReference, 0 refs, 0.0000065 secs]2024-07-26T01:31:20.236+0800: 11.835: [JNI Weak Reference, 0.0000072 secs]
Desired survivor size 10715136 bytes, new threshold 1 (max 1)
- age   1:   20971840 bytes,   20971840 total
: 187673K->20480K(188736K), 0.0150768 secs] 478538K->392244K(1027648K), 0.0151136 secs] [Times: user=0.08 sys=0.00, real=0.02 secs] 
Heap after GC invocations=464 (full 39):
 par new generation   total 188736K, used 20480K [0x00000000c0000000, 0x00000000cccc0000, 0x00000000cccc0000)
  eden space 167808K,   0% used [0x00000000c0000000, 0x00000000c0000000, 0x00000000ca3e0000)
  from space 20928K,  97% used [0x00000000cb850000, 0x00000000ccc50140, 0x00000000cccc0000)
  to   space 20928K,   0% used [0x00000000ca3e0000, 0x00000000ca3e0000, 0x00000000cb850000)
 concurrent mark-sweep generation total 838912K, used 371764K [0x00000000cccc0000, 0x0000000100000000, 0x0000000100000000)
 Metaspace       used 3935K, capacity 4540K, committed 4864K, reserved 1056768K
  class space    used 425K, capacity 428K, committed 512K, reserved 1048576K
}
2024-07-26T01:31:20.236+0800: 11.835: Total time for which application threads were stopped: 0.0152403 seconds, Stopping threads took: 0.0000274 seconds
2024-07-26T01:31:20.236+0800: 11.835: [GC (CMS Initial Mark) [1 CMS-initial-mark: 371764K(838912K)] 393268K(1027648K), 0.0004222 secs] [Times: user=0.00 sys=0.00, real=0.00 secs] 
2024-07-26T01:31:20.237+0800: 11.836: Total time for which application threads were stopped: 0.0005205 seconds, Stopping threads took: 0.0000544 seconds
2024-07-26T01:31:20.237+0800: 11.836: [CMS-concurrent-mark-start]
2024-07-26T01:31:20.239+0800: 11.838: [CMS-concurrent-mark: 0.002/0.002 secs] [Times: user=0.00 sys=0.00, real=0.00 secs] 
2024-07-26T01:31:20.239+0800: 11.838: [CMS-concurrent-preclean-start]
2024-07-26T01:31:20.239+0800: 11.838: [Preclean SoftReferences, 0.0000043 secs]2024-07-26T01:31:20.239+0800: 11.838: [Preclean WeakReferences, 0.0000036 secs]2024-07-26T01:31:20.239+0800: 11.838: [Preclean FinalReferences, 0.0000030 secs]2024-07-26T01:31:20.239+0800: 11.838: [Preclean PhantomReferences, 0.0000030 secs]2024-07-26T01:31:20.240+0800: 11.839: [CMS-concurrent-preclean: 0.001/0.001 secs] [Times: user=0.00 sys=0.00, real=0.00 secs] 
2024-07-26T01:31:20.240+0800: 11.839: [CMS-concurrent-abortable-preclean-start]
{Heap before GC invocations=464 (full 40):
 par new generation   total 188736K, used 187673K [0x00000000c0000000, 0x00000000cccc0000, 0x00000000cccc0000)
  eden space 167808K,  99% used [0x00000000c0000000, 0x00000000ca346440, 0x00000000ca3e0000)
  from space 20928K,  97% used [0x00000000cb850000, 0x00000000ccc50140, 0x00000000cccc0000)
  to   space 20928K,   0% used [0x00000000ca3e0000, 0x00000000ca3e0000, 0x00000000cb850000)
 concurrent mark-sweep generation total 838912K, used 371764K [0x00000000cccc0000, 0x0000000100000000, 0x0000000100000000)
 Metaspace       used 3935K, capacity 4540K, committed 4864K, reserved 1056768K
  class space    used 425K, capacity 428K, committed 512K, reserved 1048576K
2024-07-26T01:31:20.252+0800: 11.851: [GC (Allocation Failure) 2024-07-26T01:31:20.252+0800: 11.851: [ParNew2024-07-26T01:31:20.262+0800: 11.861: [SoftReference, 0 refs, 0.0000368 secs]2024-07-26T01:31:20.262+0800: 11.861: [WeakReference, 0 refs, 0.0000045 secs]2024-07-26T01:31:20.262+0800: 11.861: [FinalReference, 0 refs, 0.0000039 secs]2024-07-26T01:31:20.262+0800: 11.861: [PhantomReference, 0 refs, 0.0000037 secs]2024-07-26T01:31:20.262+0800: 11.861: [JNI Weak Reference, 0.0000043 secs]
Desired survivor size 10715136 bytes, new threshold 1 (max 1)
- age   1:   20971840 bytes,   20971840 total
: 187673K->20480K(188736K), 0.0098721 secs] 559437K->433205K(1027648K), 0.0099046 secs] [Times: user=0.00 sys=0.00, real=0.01 secs] 
Heap after GC invocations=465 (full 40):
 par new generation   total 188736K, used 20480K [0x00000000c0000000, 0x00000000cccc0000, 0x00000000cccc0000)
  eden space 167808K,   0% used [0x00000000c0000000, 0x00000000c0000000, 0x00000000ca3e0000)
  from space 20928K,  97% used [0x00000000ca3e0000, 0x00000000cb7e0140, 0x00000000cb850000)
  to   space 20928K,   0% used [0x00000000cb850000, 0x00000000cb850000, 0x00000000cccc0000)
 concurrent mark-sweep generation total 838912K, used 412724K [0x00000000cccc0000, 0x0000000100000000, 0x0000000100000000)
 Metaspace       used 3935K, capacity 4540K, committed 4864K, reserved 1056768K
  class space    used 425K, capacity 428K, committed 512K, reserved 1048576K
}
2024-07-26T01:31:20.262+0800: 11.861: Total time for which application threads were stopped: 0.0100161 seconds, Stopping threads took: 0.0000204 seconds
{Heap before GC invocations=465 (full 40):
 par new generation   total 188736K, used 187673K [0x00000000c0000000, 0x00000000cccc0000, 0x00000000cccc0000)
  eden space 167808K,  99% used [0x00000000c0000000, 0x00000000ca346440, 0x00000000ca3e0000)
  from space 20928K,  97% used [0x00000000ca3e0000, 0x00000000cb7e0140, 0x00000000cb850000)
  to   space 20928K,   0% used [0x00000000cb850000, 0x00000000cb850000, 0x00000000cccc0000)
 concurrent mark-sweep generation total 838912K, used 412724K [0x00000000cccc0000, 0x0000000100000000, 0x0000000100000000)
 Metaspace       used 3935K, capacity 4540K, committed 4864K, reserved 1056768K
  class space    used 425K, capacity 428K, committed 512K, reserved 1048576K
2024-07-26T01:31:20.277+0800: 11.876: [GC (Allocation Failure) 2024-07-26T01:31:20.277+0800: 11.876: [ParNew2024-07-26T01:31:20.280+0800: 11.880: [SoftReference, 0 refs, 0.0000298 secs]2024-07-26T01:31:20.280+0800: 11.880: [WeakReference, 0 refs, 0.0000041 secs]2024-07-26T01:31:20.280+0800: 11.880: [FinalReference, 0 refs, 0.0000039 secs]2024-07-26T01:31:20.280+0800: 11.880: [PhantomReference, 0 refs, 0.0000037 secs]2024-07-26T01:31:20.280+0800: 11.880: [JNI Weak Reference, 0.0000045 secs]
Desired survivor size 10715136 bytes, new threshold 1 (max 1)
- age   1:   20971840 bytes,   20971840 total
: 187673K->20480K(188736K), 0.0036848 secs] 600398K->434229K(1027648K), 0.0037290 secs] [Times: user=0.03 sys=0.00, real=0.00 secs] 
Heap after GC invocations=466 (full 40):
 par new generation   total 188736K, used 20480K [0x00000000c0000000, 0x00000000cccc0000, 0x00000000cccc0000)
  eden space 167808K,   0% used [0x00000000c0000000, 0x00000000c0000000, 0x00000000ca3e0000)
  from space 20928K,  97% used [0x00000000cb850000, 0x00000000ccc50140, 0x00000000cccc0000)
  to   space 20928K,   0% used [0x00000000ca3e0000, 0x00000000ca3e0000, 0x00000000cb850000)
 concurrent mark-sweep generation total 838912K, used 413748K [0x00000000cccc0000, 0x0000000100000000, 0x0000000100000000)
 Metaspace       used 3935K, capacity 4540K, committed 4864K, reserved 1056768K
  class space    used 425K, capacity 428K, committed 512K, reserved 1048576K
}
2024-07-26T01:31:20.280+0800: 11.880: Total time for which application threads were stopped: 0.0038469 seconds, Stopping threads took: 0.0000234 seconds
{Heap before GC invocations=466 (full 40):
 par new generation   total 188736K, used 187673K [0x00000000c0000000, 0x00000000cccc0000, 0x00000000cccc0000)
  eden space 167808K,  99% used [0x00000000c0000000, 0x00000000ca346440, 0x00000000ca3e0000)
  from space 20928K,  97% used [0x00000000cb850000, 0x00000000ccc50140, 0x00000000cccc0000)
  to   space 20928K,   0% used [0x00000000ca3e0000, 0x00000000ca3e0000, 0x00000000cb850000)
 concurrent mark-sweep generation total 838912K, used 413748K [0x00000000cccc0000, 0x0000000100000000, 0x0000000100000000)
 Metaspace       used 3935K, capacity 4540K, committed 4864K, reserved 1056768K
  class space    used 425K, capacity 428K, committed 512K, reserved 1048576K
2024-07-26T01:31:20.295+0800: 11.895: [GC (Allocation Failure) 2024-07-26T01:31:20.295+0800: 11.895: [ParNew2024-07-26T01:31:20.308+0800: 11.908: [SoftReference, 0 refs, 0.0000351 secs]2024-07-26T01:31:20.308+0800: 11.908: [WeakReference, 0 refs, 0.0000043 secs]2024-07-26T01:31:20.308+0800: 11.908: [FinalReference, 0 refs, 0.0000039 secs]2024-07-26T01:31:20.308+0800: 11.908: [PhantomReference, 0 refs, 0.0000038 secs]2024-07-26T01:31:20.308+0800: 11.908: [JNI Weak Reference, 0.0000043 secs]
Desired survivor size 10715136 bytes, new threshold 1 (max 1)
- age   1:   20971840 bytes,   20971840 total
: 187673K->20480K(188736K), 0.0131683 secs] 601422K->498744K(1027648K), 0.0132069 secs] [Times: user=0.00 sys=0.00, real=0.01 secs] 
Heap after GC invocations=467 (full 40):
 par new generation   total 188736K, used 20480K [0x00000000c0000000, 0x00000000cccc0000, 0x00000000cccc0000)
  eden space 167808K,   0% used [0x00000000c0000000, 0x00000000c0000000, 0x00000000ca3e0000)
  from space 20928K,  97% used [0x00000000ca3e0000, 0x00000000cb7e0140, 0x00000000cb850000)
  to   space 20928K,   0% used [0x00000000cb850000, 0x00000000cb850000, 0x00000000cccc0000)
 concurrent mark-sweep generation total 838912K, used 478263K [0x00000000cccc0000, 0x0000000100000000, 0x0000000100000000)
 Metaspace       used 3935K, capacity 4540K, committed 4864K, reserved 1056768K
  class space    used 425K, capacity 428K, committed 512K, reserved 1048576K
}
2024-07-26T01:31:20.308+0800: 11.908: Total time for which application threads were stopped: 0.0133228 seconds, Stopping threads took: 0.0000215 seconds
{Heap before GC invocations=467 (full 40):
 par new generation   total 188736K, used 187673K [0x00000000c0000000, 0x00000000cccc0000, 0x00000000cccc0000)
  eden space 167808K,  99% used [0x00000000c0000000, 0x00000000ca346440, 0x00000000ca3e0000)
  from space 20928K,  97% used [0x00000000ca3e0000, 0x00000000cb7e0140, 0x00000000cb850000)
  to   space 20928K,   0% used [0x00000000cb850000, 0x00000000cb850000, 0x00000000cccc0000)
 concurrent mark-sweep generation total 838912K, used 478263K [0x00000000cccc0000, 0x0000000100000000, 0x0000000100000000)
 Metaspace       used 3935K, capacity 4540K, committed 4864K, reserved 1056768K
  class space    used 425K, capacity 428K, committed 512K, reserved 1048576K
2024-07-26T01:31:20.324+0800: 11.924: [GC (Allocation Failure) 2024-07-26T01:31:20.324+0800: 11.924: [ParNew2024-07-26T01:31:20.331+0800: 11.931: [SoftReference, 0 refs, 0.0000387 secs]2024-07-26T01:31:20.331+0800: 11.931: [WeakReference, 0 refs, 0.0000045 secs]2024-07-26T01:31:20.331+0800: 11.931: [FinalReference, 0 refs, 0.0000039 secs]2024-07-26T01:31:20.331+0800: 11.931: [PhantomReference, 0 refs, 0.0000037 secs]2024-07-26T01:31:20.331+0800: 11.931: [JNI Weak Reference, 0.0000047 secs]
Desired survivor size 10715136 bytes, new threshold 1 (max 1)
- age   1:   20971840 bytes,   20971840 total
: 187673K->20480K(188736K), 0.0070673 secs] 665937K->523320K(1027648K), 0.0071547 secs] [Times: user=0.00 sys=0.00, real=0.01 secs] 
Heap after GC invocations=468 (full 40):
 par new generation   total 188736K, used 20480K [0x00000000c0000000, 0x00000000cccc0000, 0x00000000cccc0000)
  eden space 167808K,   0% used [0x00000000c0000000, 0x00000000c0000000, 0x00000000ca3e0000)
  from space 20928K,  97% used [0x00000000cb850000, 0x00000000ccc50140, 0x00000000cccc0000)
  to   space 20928K,   0% used [0x00000000ca3e0000, 0x00000000ca3e0000, 0x00000000cb850000)
 concurrent mark-sweep generation total 838912K, used 502840K [0x00000000cccc0000, 0x0000000100000000, 0x0000000100000000)
 Metaspace       used 3935K, capacity 4540K, committed 4864K, reserved 1056768K
  class space    used 425K, capacity 428K, committed 512K, reserved 1048576K
}
2024-07-26T01:31:20.331+0800: 11.931: Total time for which application threads were stopped: 0.0072734 seconds, Stopping threads took: 0.0000237 seconds
{Heap before GC invocations=468 (full 40):
 par new generation   total 188736K, used 187673K [0x00000000c0000000, 0x00000000cccc0000, 0x00000000cccc0000)
  eden space 167808K,  99% used [0x00000000c0000000, 0x00000000ca346440, 0x00000000ca3e0000)
  from space 20928K,  97% used [0x00000000cb850000, 0x00000000ccc50140, 0x00000000cccc0000)
  to   space 20928K,   0% used [0x00000000ca3e0000, 0x00000000ca3e0000, 0x00000000cb850000)
 concurrent mark-sweep generation total 838912K, used 502840K [0x00000000cccc0000, 0x0000000100000000, 0x0000000100000000)
 Metaspace       used 3935K, capacity 4540K, committed 4864K, reserved 1056768K
  class space    used 425K, capacity 428K, committed 512K, reserved 1048576K
2024-07-26T01:31:20.347+0800: 11.946: [GC (Allocation Failure) 2024-07-26T01:31:20.347+0800: 11.946: [ParNew2024-07-26T01:31:20.348+0800: 11.947: [SoftReference, 0 refs, 0.0000317 secs]2024-07-26T01:31:20.348+0800: 11.947: [WeakReference, 0 refs, 0.0000045 secs]2024-07-26T01:31:20.348+0800: 11.947: [FinalReference, 0 refs, 0.0000040 secs]2024-07-26T01:31:20.348+0800: 11.947: [PhantomReference, 0 refs, 0.0000039 secs]2024-07-26T01:31:20.348+0800: 11.947: [JNI Weak Reference, 0.0000043 secs]
Desired survivor size 10715136 bytes, new threshold 1 (max 1)
- age   1:    5242960 bytes,    5242960 total
: 187673K->5120K(188736K), 0.0013896 secs] 690513K->507960K(1027648K), 0.0014249 secs] [Times: user=0.00 sys=0.00, real=0.00 secs] 
Heap after GC invocations=469 (full 40):
 par new generation   total 188736K, used 5120K [0x00000000c0000000, 0x00000000cccc0000, 0x00000000cccc0000)
  eden space 167808K,   0% used [0x00000000c0000000, 0x00000000c0000000, 0x00000000ca3e0000)
  from space 20928K,  24% used [0x00000000ca3e0000, 0x00000000ca8e0050, 0x00000000cb850000)
  to   space 20928K,   0% used [0x00000000cb850000, 0x00000000cb850000, 0x00000000cccc0000)
 concurrent mark-sweep generation total 838912K, used 502840K [0x00000000cccc0000, 0x0000000100000000, 0x0000000100000000)
 Metaspace       used 3935K, capacity 4540K, committed 4864K, reserved 1056768K
  class space    used 425K, capacity 428K, committed 512K, reserved 1048576K
}
2024-07-26T01:31:20.348+0800: 11.948: Total time for which application threads were stopped: 0.0015448 seconds, Stopping threads took: 0.0000233 seconds
{Heap before GC invocations=469 (full 40):
 par new generation   total 188736K, used 172313K [0x00000000c0000000, 0x00000000cccc0000, 0x00000000cccc0000)
  eden space 167808K,  99% used [0x00000000c0000000, 0x00000000ca346440, 0x00000000ca3e0000)
  from space 20928K,  24% used [0x00000000ca3e0000, 0x00000000ca8e0050, 0x00000000cb850000)
  to   space 20928K,   0% used [0x00000000cb850000, 0x00000000cb850000, 0x00000000cccc0000)
 concurrent mark-sweep generation total 838912K, used 502840K [0x00000000cccc0000, 0x0000000100000000, 0x0000000100000000)
 Metaspace       used 3935K, capacity 4540K, committed 4864K, reserved 1056768K
  class space    used 425K, capacity 428K, committed 512K, reserved 1048576K
2024-07-26T01:31:20.364+0800: 11.964: [GC (Allocation Failure) 2024-07-26T01:31:20.364+0800: 11.964: [ParNew2024-07-26T01:31:20.374+0800: 11.973: [SoftReference, 0 refs, 0.0000296 secs]2024-07-26T01:31:20.374+0800: 11.973: [WeakReference, 0 refs, 0.0000046 secs]2024-07-26T01:31:20.374+0800: 11.973: [FinalReference, 0 refs, 0.0000044 secs]2024-07-26T01:31:20.374+0800: 11.973: [PhantomReference, 0 refs, 0.0000044 secs]2024-07-26T01:31:20.374+0800: 11.973: [JNI Weak Reference, 0.0000045 secs]
Desired survivor size 10715136 bytes, new threshold 1 (max 1)
- age   1:   20971840 bytes,   20971840 total
: 172313K->20480K(188736K), 0.0097472 secs] 675153K->571449K(1027648K), 0.0097923 secs] [Times: user=0.02 sys=0.00, real=0.01 secs] 
Heap after GC invocations=470 (full 40):
 par new generation   total 188736K, used 20480K [0x00000000c0000000, 0x00000000cccc0000, 0x00000000cccc0000)
  eden space 167808K,   0% used [0x00000000c0000000, 0x00000000c0000000, 0x00000000ca3e0000)
  from space 20928K,  97% used [0x00000000cb850000, 0x00000000ccc50140, 0x00000000cccc0000)
  to   space 20928K,   0% used [0x00000000ca3e0000, 0x00000000ca3e0000, 0x00000000cb850000)
 concurrent mark-sweep generation total 838912K, used 550968K [0x00000000cccc0000, 0x0000000100000000, 0x0000000100000000)
 Metaspace       used 3935K, capacity 4540K, committed 4864K, reserved 1056768K
  class space    used 425K, capacity 428K, committed 512K, reserved 1048576K
}
2024-07-26T01:31:20.374+0800: 11.974: Total time for which application threads were stopped: 0.0099188 seconds, Stopping threads took: 0.0000269 seconds
{Heap before GC invocations=470 (full 40):
 par new generation   total 188736K, used 187673K [0x00000000c0000000, 0x00000000cccc0000, 0x00000000cccc0000)
  eden space 167808K,  99% used [0x00000000c0000000, 0x00000000ca346440, 0x00000000ca3e0000)
  from space 20928K,  97% used [0x00000000cb850000, 0x00000000ccc50140, 0x00000000cccc0000)
  to   space 20928K,   0% used [0x00000000ca3e0000, 0x00000000ca3e0000, 0x00000000cb850000)
 concurrent mark-sweep generation total 838912K, used 550968K [0x00000000cccc0000, 0x0000000100000000, 0x0000000100000000)
 Metaspace       used 3935K, capacity 4540K, committed 4864K, reserved 1056768K
  class space    used 425K, capacity 428K, committed 512K, reserved 1048576K
2024-07-26T01:31:20.389+0800: 11.989: [GC (Allocation Failure) 2024-07-26T01:31:20.389+0800: 11.989: [ParNew2024-07-26T01:31:20.395+0800: 11.994: [SoftReference, 0 refs, 0.0000331 secs]2024-07-26T01:31:20.395+0800: 11.994: [WeakReference, 0 refs, 0.0000051 secs]2024-07-26T01:31:20.395+0800: 11.994: [FinalReference, 0 refs, 0.0000043 secs]2024-07-26T01:31:20.395+0800: 11.994: [PhantomReference, 0 refs, 0.0000042 secs]2024-07-26T01:31:20.395+0800: 11.994: [JNI Weak Reference, 0.0000047 secs]
Desired survivor size 10715136 bytes, new threshold 1 (max 1)
- age   1:   20971840 bytes,   20971840 total
: 187673K->20480K(188736K), 0.0058117 secs] 738642K->579641K(1027648K), 0.0058663 secs] [Times: user=0.00 sys=0.00, real=0.01 secs] 
Heap after GC invocations=471 (full 40):
 par new generation   total 188736K, used 20480K [0x00000000c0000000, 0x00000000cccc0000, 0x00000000cccc0000)
  eden space 167808K,   0% used [0x00000000c0000000, 0x00000000c0000000, 0x00000000ca3e0000)
  from space 20928K,  97% used [0x00000000ca3e0000, 0x00000000cb7e0140, 0x00000000cb850000)
  to   space 20928K,   0% used [0x00000000cb850000, 0x00000000cb850000, 0x00000000cccc0000)
 concurrent mark-sweep generation total 838912K, used 559161K [0x00000000cccc0000, 0x0000000100000000, 0x0000000100000000)
 Metaspace       used 3935K, capacity 4540K, committed 4864K, reserved 1056768K
  class space    used 425K, capacity 428K, committed 512K, reserved 1048576K
}
2024-07-26T01:31:20.395+0800: 11.995: Total time for which application threads were stopped: 0.0060056 seconds, Stopping threads took: 0.0000277 seconds
{Heap before GC invocations=471 (full 40):
 par new generation   total 188736K, used 187673K [0x00000000c0000000, 0x00000000cccc0000, 0x00000000cccc0000)
  eden space 167808K,  99% used [0x00000000c0000000, 0x00000000ca346440, 0x00000000ca3e0000)
  from space 20928K,  97% used [0x00000000ca3e0000, 0x00000000cb7e0140, 0x00000000cb850000)
  to   space 20928K,   0% used [0x00000000cb850000, 0x00000000cb850000, 0x00000000cccc0000)
 concurrent mark-sweep generation total 838912K, used 559161K [0x00000000cccc0000, 0x0000000100000000, 0x0000000100000000)
 Metaspace       used 3935K, capacity 4540K, committed 4864K, reserved 1056768K
  class space    used 425K, capacity 428K, committed 512K, reserved 1048576K
2024-07-26T01:31:20.410+0800: 12.009: [GC (Allocation Failure) 2024-07-26T01:31:20.410+0800: 12.009: [ParNew2024-07-26T01:31:20.424+0800: 12.023: [SoftReference, 0 refs, 0.0000270 secs]2024-07-26T01:31:20.424+0800: 12.023: [WeakReference, 0 refs, 0.0000038 secs]2024-07-26T01:31:20.424+0800: 12.023: [FinalReference, 0 refs, 0.0000035 secs]2024-07-26T01:31:20.424+0800: 12.023: [PhantomReference, 0 refs, 0.0000034 secs]2024-07-26T01:31:20.424+0800: 12.023: [JNI Weak Reference, 0.0000042 secs]
Desired survivor size 10715136 bytes, new threshold 1 (max 1)
- age   1:   20971840 bytes,   20971840 total
: 187673K->20480K(188736K), 0.0142240 secs] 746834K->651322K(1027648K), 0.0142619 secs] [Times: user=0.06 sys=0.00, real=0.01 secs] 
Heap after GC invocations=472 (full 40):
 par new generation   total 188736K, used 20480K [0x00000000c0000000, 0x00000000cccc0000, 0x00000000cccc0000)
  eden space 167808K,   0% used [0x00000000c0000000, 0x00000000c0000000, 0x00000000ca3e0000)
  from space 20928K,  97% used [0x00000000cb850000, 0x00000000ccc50140, 0x00000000cccc0000)
  to   space 20928K,   0% used [0x00000000ca3e0000, 0x00000000ca3e0000, 0x00000000cb850000)
 concurrent mark-sweep generation total 838912K, used 630842K [0x00000000cccc0000, 0x0000000100000000, 0x0000000100000000)
 Metaspace       used 3935K, capacity 4540K, committed 4864K, reserved 1056768K
  class space    used 425K, capacity 428K, committed 512K, reserved 1048576K
}
2024-07-26T01:31:20.424+0800: 12.024: Total time for which application threads were stopped: 0.0143729 seconds, Stopping threads took: 0.0000213 seconds
{Heap before GC invocations=472 (full 40):
 par new generation   total 188736K, used 187673K [0x00000000c0000000, 0x00000000cccc0000, 0x00000000cccc0000)
  eden space 167808K,  99% used [0x00000000c0000000, 0x00000000ca346440, 0x00000000ca3e0000)
  from space 20928K,  97% used [0x00000000cb850000, 0x00000000ccc50140, 0x00000000cccc0000)
  to   space 20928K,   0% used [0x00000000ca3e0000, 0x00000000ca3e0000, 0x00000000cb850000)
 concurrent mark-sweep generation total 838912K, used 630842K [0x00000000cccc0000, 0x0000000100000000, 0x0000000100000000)
 Metaspace       used 3935K, capacity 4540K, committed 4864K, reserved 1056768K
  class space    used 425K, capacity 428K, committed 512K, reserved 1048576K
2024-07-26T01:31:20.439+0800: 12.039: [GC (Allocation Failure) 2024-07-26T01:31:20.439+0800: 12.039: [ParNew2024-07-26T01:31:20.447+0800: 12.047: [SoftReference, 0 refs, 0.0000357 secs]2024-07-26T01:31:20.447+0800: 12.047: [WeakReference, 0 refs, 0.0000045 secs]2024-07-26T01:31:20.447+0800: 12.047: [FinalReference, 0 refs, 0.0000037 secs]2024-07-26T01:31:20.447+0800: 12.047: [PhantomReference, 0 refs, 0.0000038 secs]2024-07-26T01:31:20.447+0800: 12.047: [JNI Weak Reference, 0.0000044 secs]
Desired survivor size 10715136 bytes, new threshold 1 (max 1)
- age   1:   20971840 bytes,   20971840 total
: 187673K->20480K(188736K), 0.0082351 secs] 818515K->683066K(1027648K), 0.0082818 secs] [Times: user=0.00 sys=0.00, real=0.01 secs] 
Heap after GC invocations=473 (full 40):
 par new generation   total 188736K, used 20480K [0x00000000c0000000, 0x00000000cccc0000, 0x00000000cccc0000)
  eden space 167808K,   0% used [0x00000000c0000000, 0x00000000c0000000, 0x00000000ca3e0000)
  from space 20928K,  97% used [0x00000000ca3e0000, 0x00000000cb7e0140, 0x00000000cb850000)
  to   space 20928K,   0% used [0x00000000cb850000, 0x00000000cb850000, 0x00000000cccc0000)
 concurrent mark-sweep generation total 838912K, used 662586K [0x00000000cccc0000, 0x0000000100000000, 0x0000000100000000)
 Metaspace       used 3935K, capacity 4540K, committed 4864K, reserved 1056768K
  class space    used 425K, capacity 428K, committed 512K, reserved 1048576K
}
2024-07-26T01:31:20.447+0800: 12.047: Total time for which application threads were stopped: 0.0084487 seconds, Stopping threads took: 0.0000205 seconds
{Heap before GC invocations=473 (full 40):
 par new generation   total 188736K, used 187673K [0x00000000c0000000, 0x00000000cccc0000, 0x00000000cccc0000)
  eden space 167808K,  99% used [0x00000000c0000000, 0x00000000ca346440, 0x00000000ca3e0000)
  from space 20928K,  97% used [0x00000000ca3e0000, 0x00000000cb7e0140, 0x00000000cb850000)
  to   space 20928K,   0% used [0x00000000cb850000, 0x00000000cb850000, 0x00000000cccc0000)
 concurrent mark-sweep generation total 838912K, used 662586K [0x00000000cccc0000, 0x0000000100000000, 0x0000000100000000)
 Metaspace       used 3935K, capacity 4540K, committed 4864K, reserved 1056768K
  class space    used 425K, capacity 428K, committed 512K, reserved 1048576K
2024-07-26T01:31:20.462+0800: 12.062: [GC (Allocation Failure) 2024-07-26T01:31:20.462+0800: 12.062: [ParNew2024-07-26T01:31:20.464+0800: 12.064: [SoftReference, 0 refs, 0.0000357 secs]2024-07-26T01:31:20.464+0800: 12.064: [WeakReference, 0 refs, 0.0000043 secs]2024-07-26T01:31:20.464+0800: 12.064: [FinalReference, 0 refs, 0.0000039 secs]2024-07-26T01:31:20.464+0800: 12.064: [PhantomReference, 0 refs, 0.0000037 secs]2024-07-26T01:31:20.464+0800: 12.064: [JNI Weak Reference, 0.0000044 secs]
Desired survivor size 10715136 bytes, new threshold 1 (max 1)
- age   1:   12583104 bytes,   12583104 total
: 187673K->12288K(188736K), 0.0024979 secs] 850260K->674874K(1027648K), 0.0025371 secs] [Times: user=0.00 sys=0.00, real=0.00 secs] 
Heap after GC invocations=474 (full 40):
 par new generation   total 188736K, used 12288K [0x00000000c0000000, 0x00000000cccc0000, 0x00000000cccc0000)
  eden space 167808K,   0% used [0x00000000c0000000, 0x00000000c0000000, 0x00000000ca3e0000)
  from space 20928K,  58% used [0x00000000cb850000, 0x00000000cc4500c0, 0x00000000cccc0000)
  to   space 20928K,   0% used [0x00000000ca3e0000, 0x00000000ca3e0000, 0x00000000cb850000)
 concurrent mark-sweep generation total 838912K, used 662586K [0x00000000cccc0000, 0x0000000100000000, 0x0000000100000000)
 Metaspace       used 3935K, capacity 4540K, committed 4864K, reserved 1056768K
  class space    used 425K, capacity 428K, committed 512K, reserved 1048576K
}
2024-07-26T01:31:20.465+0800: 12.064: Total time for which application threads were stopped: 0.0026556 seconds, Stopping threads took: 0.0000233 seconds
{Heap before GC invocations=474 (full 40):
 par new generation   total 188736K, used 179481K [0x00000000c0000000, 0x00000000cccc0000, 0x00000000cccc0000)
  eden space 167808K,  99% used [0x00000000c0000000, 0x00000000ca346440, 0x00000000ca3e0000)
  from space 20928K,  58% used [0x00000000cb850000, 0x00000000cc4500c0, 0x00000000cccc0000)
  to   space 20928K,   0% used [0x00000000ca3e0000, 0x00000000ca3e0000, 0x00000000cb850000)
 concurrent mark-sweep generation total 838912K, used 662586K [0x00000000cccc0000, 0x0000000100000000, 0x0000000100000000)
 Metaspace       used 3935K, capacity 4540K, committed 4864K, reserved 1056768K
  class space    used 425K, capacity 428K, committed 512K, reserved 1048576K
2024-07-26T01:31:20.480+0800: 12.080: [GC (Allocation Failure) 2024-07-26T01:31:20.480+0800: 12.080: [ParNew2024-07-26T01:31:20.492+0800: 12.092: [SoftReference, 0 refs, 0.0000345 secs]2024-07-26T01:31:20.492+0800: 12.092: [WeakReference, 0 refs, 0.0000047 secs]2024-07-26T01:31:20.492+0800: 12.092: [FinalReference, 0 refs, 0.0000042 secs]2024-07-26T01:31:20.492+0800: 12.092: [PhantomReference, 0 refs, 0.0000040 secs]2024-07-26T01:31:20.492+0800: 12.092: [JNI Weak Reference, 0.0000046 secs]
Desired survivor size 10715136 bytes, new threshold 1 (max 1)
- age   1:   20971840 bytes,   20971840 total
: 179481K->20480K(188736K), 0.0117623 secs] 842067K->738363K(1027648K), 0.0118045 secs] [Times: user=0.00 sys=0.00, real=0.01 secs] 
Heap after GC invocations=475 (full 40):
 par new generation   total 188736K, used 20480K [0x00000000c0000000, 0x00000000cccc0000, 0x00000000cccc0000)
  eden space 167808K,   0% used [0x00000000c0000000, 0x00000000c0000000, 0x00000000ca3e0000)
  from space 20928K,  97% used [0x00000000ca3e0000, 0x00000000cb7e0140, 0x00000000cb850000)
  to   space 20928K,   0% used [0x00000000cb850000, 0x00000000cb850000, 0x00000000cccc0000)
 concurrent mark-sweep generation total 838912K, used 717883K [0x00000000cccc0000, 0x0000000100000000, 0x0000000100000000)
 Metaspace       used 3935K, capacity 4540K, committed 4864K, reserved 1056768K
  class space    used 425K, capacity 428K, committed 512K, reserved 1048576K
}
2024-07-26T01:31:20.492+0800: 12.092: Total time for which application threads were stopped: 0.0119238 seconds, Stopping threads took: 0.0000230 seconds
{Heap before GC invocations=475 (full 40):
 par new generation   total 188736K, used 187673K [0x00000000c0000000, 0x00000000cccc0000, 0x00000000cccc0000)
  eden space 167808K,  99% used [0x00000000c0000000, 0x00000000ca346440, 0x00000000ca3e0000)
  from space 20928K,  97% used [0x00000000ca3e0000, 0x00000000cb7e0140, 0x00000000cb850000)
  to   space 20928K,   0% used [0x00000000cb850000, 0x00000000cb850000, 0x00000000cccc0000)
 concurrent mark-sweep generation total 838912K, used 717883K [0x00000000cccc0000, 0x0000000100000000, 0x0000000100000000)
 Metaspace       used 3935K, capacity 4540K, committed 4864K, reserved 1056768K
  class space    used 425K, capacity 428K, committed 512K, reserved 1048576K
2024-07-26T01:31:20.507+0800: 12.107: [GC (Allocation Failure) 2024-07-26T01:31:20.507+0800: 12.107: [ParNew2024-07-26T01:31:20.513+0800: 12.113: [SoftReference, 0 refs, 0.0000236 secs]2024-07-26T01:31:20.513+0800: 12.113: [WeakReference, 0 refs, 0.0000041 secs]2024-07-26T01:31:20.513+0800: 12.113: [FinalReference, 0 refs, 0.0000038 secs]2024-07-26T01:31:20.513+0800: 12.113: [PhantomReference, 0 refs, 0.0000038 secs]2024-07-26T01:31:20.513+0800: 12.113: [JNI Weak Reference, 0.0000046 secs]
Desired survivor size 10715136 bytes, new threshold 1 (max 1)
- age   1:   20971840 bytes,   20971840 total
: 187673K->20480K(188736K), 0.0058316 secs] 905556K->753724K(1027648K), 0.0058712 secs] [Times: user=0.00 sys=0.02, real=0.01 secs] 
Heap after GC invocations=476 (full 40):
 par new generation   total 188736K, used 20480K [0x00000000c0000000, 0x00000000cccc0000, 0x00000000cccc0000)
  eden space 167808K,   0% used [0x00000000c0000000, 0x00000000c0000000, 0x00000000ca3e0000)
  from space 20928K,  97% used [0x00000000cb850000, 0x00000000ccc50140, 0x00000000cccc0000)
  to   space 20928K,   0% used [0x00000000ca3e0000, 0x00000000ca3e0000, 0x00000000cb850000)
 concurrent mark-sweep generation total 838912K, used 733243K [0x00000000cccc0000, 0x0000000100000000, 0x0000000100000000)
 Metaspace       used 3935K, capacity 4540K, committed 4864K, reserved 1056768K
  class space    used 425K, capacity 428K, committed 512K, reserved 1048576K
}
2024-07-26T01:31:20.513+0800: 12.113: Total time for which application threads were stopped: 0.0059872 seconds, Stopping threads took: 0.0000228 seconds
{Heap before GC invocations=476 (full 40):
 par new generation   total 188736K, used 187673K [0x00000000c0000000, 0x00000000cccc0000, 0x00000000cccc0000)
  eden space 167808K,  99% used [0x00000000c0000000, 0x00000000ca346440, 0x00000000ca3e0000)
  from space 20928K,  97% used [0x00000000cb850000, 0x00000000ccc50140, 0x00000000cccc0000)
  to   space 20928K,   0% used [0x00000000ca3e0000, 0x00000000ca3e0000, 0x00000000cb850000)
 concurrent mark-sweep generation total 838912K, used 733243K [0x00000000cccc0000, 0x0000000100000000, 0x0000000100000000)
 Metaspace       used 3935K, capacity 4540K, committed 4864K, reserved 1056768K
  class space    used 425K, capacity 428K, committed 512K, reserved 1048576K
2024-07-26T01:31:20.527+0800: 12.127: [GC (Allocation Failure) 2024-07-26T01:31:20.527+0800: 12.127: [ParNew2024-07-26T01:31:20.543+0800: 12.142: [SoftReference, 0 refs, 0.0000583 secs]2024-07-26T01:31:20.543+0800: 12.142: [WeakReference, 0 refs, 0.0000045 secs]2024-07-26T01:31:20.543+0800: 12.142: [FinalReference, 0 refs, 0.0000038 secs]2024-07-26T01:31:20.543+0800: 12.142: [PhantomReference, 0 refs, 0.0000036 secs]2024-07-26T01:31:20.543+0800: 12.142: [JNI Weak Reference, 0.0000042 secs]
Desired survivor size 10715136 bytes, new threshold 1 (max 1)
- age   1:   20971840 bytes,   20971840 total
: 187673K->20480K(188736K), 0.0154998 secs] 920917K->832573K(1027648K), 0.0155408 secs] [Times: user=0.02 sys=0.00, real=0.02 secs] 
Heap after GC invocations=477 (full 40):
 par new generation   total 188736K, used 20480K [0x00000000c0000000, 0x00000000cccc0000, 0x00000000cccc0000)
  eden space 167808K,   0% used [0x00000000c0000000, 0x00000000c0000000, 0x00000000ca3e0000)
  from space 20928K,  97% used [0x00000000ca3e0000, 0x00000000cb7e0140, 0x00000000cb850000)
  to   space 20928K,   0% used [0x00000000cb850000, 0x00000000cb850000, 0x00000000cccc0000)
 concurrent mark-sweep generation total 838912K, used 812092K [0x00000000cccc0000, 0x0000000100000000, 0x0000000100000000)
 Metaspace       used 3935K, capacity 4540K, committed 4864K, reserved 1056768K
  class space    used 425K, capacity 428K, committed 512K, reserved 1048576K
}
2024-07-26T01:31:20.543+0800: 12.142: Total time for which application threads were stopped: 0.0156745 seconds, Stopping threads took: 0.0000287 seconds
{Heap before GC invocations=477 (full 40):
 par new generation   total 188736K, used 187673K [0x00000000c0000000, 0x00000000cccc0000, 0x00000000cccc0000)
  eden space 167808K,  99% used [0x00000000c0000000, 0x00000000ca346440, 0x00000000ca3e0000)
  from space 20928K,  97% used [0x00000000ca3e0000, 0x00000000cb7e0140, 0x00000000cb850000)
  to   space 20928K,   0% used [0x00000000cb850000, 0x00000000cb850000, 0x00000000cccc0000)
 concurrent mark-sweep generation total 838912K, used 812092K [0x00000000cccc0000, 0x0000000100000000, 0x0000000100000000)
 Metaspace       used 3935K, capacity 4540K, committed 4864K, reserved 1056768K
  class space    used 425K, capacity 428K, committed 512K, reserved 1048576K
2024-07-26T01:31:20.558+0800: 12.157: [GC (Allocation Failure) 2024-07-26T01:31:20.558+0800: 12.158: [ParNew: 187673K->187673K(188736K), 0.0000148 secs]2024-07-26T01:31:20.558+0800: 12.158: [CMS2024-07-26T01:31:20.558+0800: 12.158: [CMS-concurrent-abortable-preclean: 0.009/0.319 secs] [Times: user=0.17 sys=0.02, real=0.32 secs] 
 (concurrent mode failure)2024-07-26T01:31:20.559+0800: 12.158: [SoftReference, 0 refs, 0.0000141 secs]2024-07-26T01:31:20.559+0800: 12.158: [WeakReference, 2 refs, 0.0000043 secs]2024-07-26T01:31:20.559+0800: 12.158: [FinalReference, 2 refs, 0.0000034 secs]2024-07-26T01:31:20.559+0800: 12.158: [PhantomReference, 0 refs, 0.0000061 secs]2024-07-26T01:31:20.559+0800: 12.158: [JNI Weak Reference, 0.0000041 secs]: 812092K->60449K(838912K), 0.0107436 secs] 999766K->60449K(1027648K), [Metaspace: 3935K->3935K(1056768K)], 0.0108248 secs] [Times: user=0.00 sys=0.00, real=0.01 secs] 
Heap after GC invocations=478 (full 41):
 par new generation   total 188736K, used 0K [0x00000000c0000000, 0x00000000cccc0000, 0x00000000cccc0000)
  eden space 167808K,   0% used [0x00000000c0000000, 0x00000000c0000000, 0x00000000ca3e0000)
  from space 20928K,   0% used [0x00000000ca3e0000, 0x00000000ca3e0000, 0x00000000cb850000)
  to   space 20928K,   0% used [0x00000000cb850000, 0x00000000cb850000, 0x00000000cccc0000)
 concurrent mark-sweep generation total 838912K, used 60449K [0x00000000cccc0000, 0x0000000100000000, 0x0000000100000000)
 Metaspace       used 3935K, capacity 4540K, committed 4864K, reserved 1056768K
  class space    used 425K, capacity 428K, committed 512K, reserved 1048576K
}
2024-07-26T01:31:20.569+0800: 12.168: Total time for which application threads were stopped: 0.0109496 seconds, Stopping threads took: 0.0000244 seconds
{Heap before GC invocations=478 (full 41):
 par new generation   total 188736K, used 167193K [0x00000000c0000000, 0x00000000cccc0000, 0x00000000cccc0000)
  eden space 167808K,  99% used [0x00000000c0000000, 0x00000000ca346440, 0x00000000ca3e0000)
  from space 20928K,   0% used [0x00000000ca3e0000, 0x00000000ca3e0000, 0x00000000cb850000)
  to   space 20928K,   0% used [0x00000000cb850000, 0x00000000cb850000, 0x00000000cccc0000)
 concurrent mark-sweep generation total 838912K, used 60449K [0x00000000cccc0000, 0x0000000100000000, 0x0000000100000000)
 Metaspace       used 3935K, capacity 4540K, committed 4864K, reserved 1056768K
  class space    used 425K, capacity 428K, committed 512K, reserved 1048576K
2024-07-26T01:31:20.583+0800: 12.183: [GC (Allocation Failure) 2024-07-26T01:31:20.583+0800: 12.183: [ParNew2024-07-26T01:31:20.586+0800: 12.186: [SoftReference, 0 refs, 0.0000235 secs]2024-07-26T01:31:20.587+0800: 12.186: [WeakReference, 0 refs, 0.0000044 secs]2024-07-26T01:31:20.587+0800: 12.186: [FinalReference, 0 refs, 0.0000042 secs]2024-07-26T01:31:20.587+0800: 12.186: [PhantomReference, 0 refs, 0.0000041 secs]2024-07-26T01:31:20.587+0800: 12.186: [JNI Weak Reference, 0.0000046 secs]
Desired survivor size 10715136 bytes, new threshold 1 (max 1)
- age   1:   19923248 bytes,   19923248 total
: 167193K->19456K(188736K), 0.0033367 secs] 227642K->79905K(1027648K), 0.0033761 secs] [Times: user=0.00 sys=0.00, real=0.00 secs] 
Heap after GC invocations=479 (full 41):
 par new generation   total 188736K, used 19456K [0x00000000c0000000, 0x00000000cccc0000, 0x00000000cccc0000)
  eden space 167808K,   0% used [0x00000000c0000000, 0x00000000c0000000, 0x00000000ca3e0000)
  from space 20928K,  92% used [0x00000000cb850000, 0x00000000ccb50130, 0x00000000cccc0000)
  to   space 20928K,   0% used [0x00000000ca3e0000, 0x00000000ca3e0000, 0x00000000cb850000)
 concurrent mark-sweep generation total 838912K, used 60449K [0x00000000cccc0000, 0x0000000100000000, 0x0000000100000000)
 Metaspace       used 3935K, capacity 4540K, committed 4864K, reserved 1056768K
  class space    used 425K, capacity 428K, committed 512K, reserved 1048576K
}
2024-07-26T01:31:20.587+0800: 12.186: Total time for which application threads were stopped: 0.0035039 seconds, Stopping threads took: 0.0000230 seconds
{Heap before GC invocations=479 (full 41):
 par new generation   total 188736K, used 186649K [0x00000000c0000000, 0x00000000cccc0000, 0x00000000cccc0000)
  eden space 167808K,  99% used [0x00000000c0000000, 0x00000000ca346440, 0x00000000ca3e0000)
  from space 20928K,  92% used [0x00000000cb850000, 0x00000000ccb50130, 0x00000000cccc0000)
  to   space 20928K,   0% used [0x00000000ca3e0000, 0x00000000ca3e0000, 0x00000000cb850000)
 concurrent mark-sweep generation total 838912K, used 60449K [0x00000000cccc0000, 0x0000000100000000, 0x0000000100000000)
 Metaspace       used 3935K, capacity 4540K, committed 4864K, reserved 1056768K
  class space    used 425K, capacity 428K, committed 512K, reserved 1048576K
2024-07-26T01:31:20.602+0800: 12.202: [GC (Allocation Failure) 2024-07-26T01:31:20.602+0800: 12.202: [ParNew2024-07-26T01:31:20.615+0800: 12.214: [SoftReference, 0 refs, 0.0000326 secs]2024-07-26T01:31:20.615+0800: 12.214: [WeakReference, 0 refs, 0.0000045 secs]2024-07-26T01:31:20.615+0800: 12.214: [FinalReference, 0 refs, 0.0000038 secs]2024-07-26T01:31:20.615+0800: 12.214: [PhantomReference, 0 refs, 0.0000039 secs]2024-07-26T01:31:20.615+0800: 12.214: [JNI Weak Reference, 0.0000044 secs]
Desired survivor size 10715136 bytes, new threshold 1 (max 1)
- age   1:   20971840 bytes,   20971840 total
: 186649K->20480K(188736K), 0.0127773 secs] 247098K->143396K(1027648K), 0.0128209 secs] [Times: user=0.09 sys=0.00, real=0.01 secs] 
Heap after GC invocations=480 (full 41):
 par new generation   total 188736K, used 20480K [0x00000000c0000000, 0x00000000cccc0000, 0x00000000cccc0000)
  eden space 167808K,   0% used [0x00000000c0000000, 0x00000000c0000000, 0x00000000ca3e0000)
  from space 20928K,  97% used [0x00000000ca3e0000, 0x00000000cb7e0140, 0x00000000cb850000)
  to   space 20928K,   0% used [0x00000000cb850000, 0x00000000cb850000, 0x00000000cccc0000)
 concurrent mark-sweep generation total 838912K, used 122916K [0x00000000cccc0000, 0x0000000100000000, 0x0000000100000000)
 Metaspace       used 3935K, capacity 4540K, committed 4864K, reserved 1056768K
  class space    used 425K, capacity 428K, committed 512K, reserved 1048576K
}
2024-07-26T01:31:20.615+0800: 12.215: Total time for which application threads were stopped: 0.0129527 seconds, Stopping threads took: 0.0000275 seconds
{Heap before GC invocations=480 (full 41):
 par new generation   total 188736K, used 187673K [0x00000000c0000000, 0x00000000cccc0000, 0x00000000cccc0000)
  eden space 167808K,  99% used [0x00000000c0000000, 0x00000000ca346440, 0x00000000ca3e0000)
  from space 20928K,  97% used [0x00000000ca3e0000, 0x00000000cb7e0140, 0x00000000cb850000)
  to   space 20928K,   0% used [0x00000000cb850000, 0x00000000cb850000, 0x00000000cccc0000)
 concurrent mark-sweep generation total 838912K, used 122916K [0x00000000cccc0000, 0x0000000100000000, 0x0000000100000000)
 Metaspace       used 3935K, capacity 4540K, committed 4864K, reserved 1056768K
  class space    used 425K, capacity 428K, committed 512K, reserved 1048576K
2024-07-26T01:31:20.630+0800: 12.230: [GC (Allocation Failure) 2024-07-26T01:31:20.630+0800: 12.230: [ParNew2024-07-26T01:31:20.638+0800: 12.238: [SoftReference, 0 refs, 0.0000437 secs]2024-07-26T01:31:20.638+0800: 12.238: [WeakReference, 0 refs, 0.0000068 secs]2024-07-26T01:31:20.638+0800: 12.238: [FinalReference, 0 refs, 0.0000061 secs]2024-07-26T01:31:20.638+0800: 12.238: [PhantomReference, 0 refs, 0.0000058 secs]2024-07-26T01:31:20.638+0800: 12.238: [JNI Weak Reference, 0.0000063 secs]
Desired survivor size 10715136 bytes, new threshold 1 (max 1)
- age   1:   20971840 bytes,   20971840 total
: 187673K->20480K(188736K), 0.0076207 secs] 310589K->165926K(1027648K), 0.0076610 secs] [Times: user=0.00 sys=0.00, real=0.01 secs] 
Heap after GC invocations=481 (full 41):
 par new generation   total 188736K, used 20480K [0x00000000c0000000, 0x00000000cccc0000, 0x00000000cccc0000)
  eden space 167808K,   0% used [0x00000000c0000000, 0x00000000c0000000, 0x00000000ca3e0000)
  from space 20928K,  97% used [0x00000000cb850000, 0x00000000ccc50140, 0x00000000cccc0000)
  to   space 20928K,   0% used [0x00000000ca3e0000, 0x00000000ca3e0000, 0x00000000cb850000)
 concurrent mark-sweep generation total 838912K, used 145446K [0x00000000cccc0000, 0x0000000100000000, 0x0000000100000000)
 Metaspace       used 3935K, capacity 4540K, committed 4864K, reserved 1056768K
  class space    used 425K, capacity 428K, committed 512K, reserved 1048576K
}
2024-07-26T01:31:20.638+0800: 12.238: Total time for which application threads were stopped: 0.0077927 seconds, Stopping threads took: 0.0000220 seconds
{Heap before GC invocations=481 (full 41):
 par new generation   total 188736K, used 187673K [0x00000000c0000000, 0x00000000cccc0000, 0x00000000cccc0000)
  eden space 167808K,  99% used [0x00000000c0000000, 0x00000000ca346440, 0x00000000ca3e0000)
  from space 20928K,  97% used [0x00000000cb850000, 0x00000000ccc50140, 0x00000000cccc0000)
  to   space 20928K,   0% used [0x00000000ca3e0000, 0x00000000ca3e0000, 0x00000000cb850000)
 concurrent mark-sweep generation total 838912K, used 145446K [0x00000000cccc0000, 0x0000000100000000, 0x0000000100000000)
 Metaspace       used 3935K, capacity 4540K, committed 4864K, reserved 1056768K
  class space    used 425K, capacity 428K, committed 512K, reserved 1048576K
2024-07-26T01:31:20.654+0800: 12.254: [GC (Allocation Failure) 2024-07-26T01:31:20.654+0800: 12.254: [ParNew2024-07-26T01:31:20.655+0800: 12.255: [SoftReference, 0 refs, 0.0000426 secs]2024-07-26T01:31:20.655+0800: 12.255: [WeakReference, 0 refs, 0.0000085 secs]2024-07-26T01:31:20.655+0800: 12.255: [FinalReference, 0 refs, 0.0000075 secs]2024-07-26T01:31:20.655+0800: 12.255: [PhantomReference, 0 refs, 0.0000071 secs]2024-07-26T01:31:20.655+0800: 12.255: [JNI Weak Reference, 0.0000076 secs]
Desired survivor size 10715136 bytes, new threshold 1 (max 1)
- age   1:    3145776 bytes,    3145776 total
: 187673K->3072K(188736K), 0.0014549 secs] 333119K->148518K(1027648K), 0.0015042 secs] [Times: user=0.00 sys=0.00, real=0.00 secs] 
Heap after GC invocations=482 (full 41):
 par new generation   total 188736K, used 3072K [0x00000000c0000000, 0x00000000cccc0000, 0x00000000cccc0000)
  eden space 167808K,   0% used [0x00000000c0000000, 0x00000000c0000000, 0x00000000ca3e0000)
  from space 20928K,  14% used [0x00000000ca3e0000, 0x00000000ca6e0030, 0x00000000cb850000)
  to   space 20928K,   0% used [0x00000000cb850000, 0x00000000cb850000, 0x00000000cccc0000)
 concurrent mark-sweep generation total 838912K, used 145446K [0x00000000cccc0000, 0x0000000100000000, 0x0000000100000000)
 Metaspace       used 3935K, capacity 4540K, committed 4864K, reserved 1056768K
  class space    used 425K, capacity 428K, committed 512K, reserved 1048576K
}
2024-07-26T01:31:20.656+0800: 12.255: Total time for which application threads were stopped: 0.0016558 seconds, Stopping threads took: 0.0000279 seconds
{Heap before GC invocations=482 (full 41):
 par new generation   total 188736K, used 170265K [0x00000000c0000000, 0x00000000cccc0000, 0x00000000cccc0000)
  eden space 167808K,  99% used [0x00000000c0000000, 0x00000000ca346440, 0x00000000ca3e0000)
  from space 20928K,  14% used [0x00000000ca3e0000, 0x00000000ca6e0030, 0x00000000cb850000)
  to   space 20928K,   0% used [0x00000000cb850000, 0x00000000cb850000, 0x00000000cccc0000)
 concurrent mark-sweep generation total 838912K, used 145446K [0x00000000cccc0000, 0x0000000100000000, 0x0000000100000000)
 Metaspace       used 3935K, capacity 4540K, committed 4864K, reserved 1056768K
  class space    used 425K, capacity 428K, committed 512K, reserved 1048576K
2024-07-26T01:31:20.671+0800: 12.270: [GC (Allocation Failure) 2024-07-26T01:31:20.671+0800: 12.270: [ParNew2024-07-26T01:31:20.682+0800: 12.282: [SoftReference, 0 refs, 0.0000429 secs]2024-07-26T01:31:20.682+0800: 12.282: [WeakReference, 0 refs, 0.0000045 secs]2024-07-26T01:31:20.682+0800: 12.282: [FinalReference, 0 refs, 0.0000039 secs]2024-07-26T01:31:20.682+0800: 12.282: [PhantomReference, 0 refs, 0.0000037 secs]2024-07-26T01:31:20.682+0800: 12.282: [JNI Weak Reference, 0.0000046 secs]
Desired survivor size 10715136 bytes, new threshold 1 (max 1)
- age   1:   20971840 bytes,   20971840 total
: 170265K->20480K(188736K), 0.0115813 secs] 315711K->212009K(1027648K), 0.0116261 secs] [Times: user=0.00 sys=0.00, real=0.01 secs] 
Heap after GC invocations=483 (full 41):
 par new generation   total 188736K, used 20480K [0x00000000c0000000, 0x00000000cccc0000, 0x00000000cccc0000)
  eden space 167808K,   0% used [0x00000000c0000000, 0x00000000c0000000, 0x00000000ca3e0000)
  from space 20928K,  97% used [0x00000000cb850000, 0x00000000ccc50140, 0x00000000cccc0000)
  to   space 20928K,   0% used [0x00000000ca3e0000, 0x00000000ca3e0000, 0x00000000cb850000)
 concurrent mark-sweep generation total 838912K, used 191529K [0x00000000cccc0000, 0x0000000100000000, 0x0000000100000000)
 Metaspace       used 3935K, capacity 4540K, committed 4864K, reserved 1056768K
  class space    used 425K, capacity 428K, committed 512K, reserved 1048576K
}
2024-07-26T01:31:20.682+0800: 12.282: Total time for which application threads were stopped: 0.0117494 seconds, Stopping threads took: 0.0000242 seconds
{Heap before GC invocations=483 (full 41):
 par new generation   total 188736K, used 187673K [0x00000000c0000000, 0x00000000cccc0000, 0x00000000cccc0000)
  eden space 167808K,  99% used [0x00000000c0000000, 0x00000000ca346440, 0x00000000ca3e0000)
  from space 20928K,  97% used [0x00000000cb850000, 0x00000000ccc50140, 0x00000000cccc0000)
  to   space 20928K,   0% used [0x00000000ca3e0000, 0x00000000ca3e0000, 0x00000000cb850000)
 concurrent mark-sweep generation total 838912K, used 191529K [0x00000000cccc0000, 0x0000000100000000, 0x0000000100000000)
 Metaspace       used 3935K, capacity 4540K, committed 4864K, reserved 1056768K
  class space    used 425K, capacity 428K, committed 512K, reserved 1048576K
2024-07-26T01:31:20.697+0800: 12.297: [GC (Allocation Failure) 2024-07-26T01:31:20.697+0800: 12.297: [ParNew2024-07-26T01:31:20.703+0800: 12.303: [SoftReference, 0 refs, 0.0000322 secs]2024-07-26T01:31:20.703+0800: 12.303: [WeakReference, 0 refs, 0.0000046 secs]2024-07-26T01:31:20.703+0800: 12.303: [FinalReference, 0 refs, 0.0000040 secs]2024-07-26T01:31:20.703+0800: 12.303: [PhantomReference, 0 refs, 0.0000037 secs]2024-07-26T01:31:20.703+0800: 12.303: [JNI Weak Reference, 0.0000044 secs]
Desired survivor size 10715136 bytes, new threshold 1 (max 1)
- age   1:   20971840 bytes,   20971840 total
: 187673K->20480K(188736K), 0.0055680 secs] 379202K->218155K(1027648K), 0.0056083 secs] [Times: user=0.02 sys=0.00, real=0.01 secs] 
Heap after GC invocations=484 (full 41):
 par new generation   total 188736K, used 20480K [0x00000000c0000000, 0x00000000cccc0000, 0x00000000cccc0000)
  eden space 167808K,   0% used [0x00000000c0000000, 0x00000000c0000000, 0x00000000ca3e0000)
  from space 20928K,  97% used [0x00000000ca3e0000, 0x00000000cb7e0140, 0x00000000cb850000)
  to   space 20928K,   0% used [0x00000000cb850000, 0x00000000cb850000, 0x00000000cccc0000)
 concurrent mark-sweep generation total 838912K, used 197675K [0x00000000cccc0000, 0x0000000100000000, 0x0000000100000000)
 Metaspace       used 3935K, capacity 4540K, committed 4864K, reserved 1056768K
  class space    used 425K, capacity 428K, committed 512K, reserved 1048576K
}
2024-07-26T01:31:20.703+0800: 12.303: Total time for which application threads were stopped: 0.0057303 seconds, Stopping threads took: 0.0000231 seconds
{Heap before GC invocations=484 (full 41):
 par new generation   total 188736K, used 187673K [0x00000000c0000000, 0x00000000cccc0000, 0x00000000cccc0000)
  eden space 167808K,  99% used [0x00000000c0000000, 0x00000000ca346440, 0x00000000ca3e0000)
  from space 20928K,  97% used [0x00000000ca3e0000, 0x00000000cb7e0140, 0x00000000cb850000)
  to   space 20928K,   0% used [0x00000000cb850000, 0x00000000cb850000, 0x00000000cccc0000)
 concurrent mark-sweep generation total 838912K, used 197675K [0x00000000cccc0000, 0x0000000100000000, 0x0000000100000000)
 Metaspace       used 3935K, capacity 4540K, committed 4864K, reserved 1056768K
  class space    used 425K, capacity 428K, committed 512K, reserved 1048576K
2024-07-26T01:31:20.718+0800: 12.317: [GC (Allocation Failure) 2024-07-26T01:31:20.718+0800: 12.317: [ParNew2024-07-26T01:31:20.731+0800: 12.330: [SoftReference, 0 refs, 0.0000355 secs]2024-07-26T01:31:20.731+0800: 12.331: [WeakReference, 0 refs, 0.0000042 secs]2024-07-26T01:31:20.731+0800: 12.331: [FinalReference, 0 refs, 0.0000037 secs]2024-07-26T01:31:20.731+0800: 12.331: [PhantomReference, 0 refs, 0.0000034 secs]2024-07-26T01:31:20.731+0800: 12.331: [JNI Weak Reference, 0.0000040 secs]
Desired survivor size 10715136 bytes, new threshold 1 (max 1)
- age   1:   20971840 bytes,   20971840 total
: 187673K->20480K(188736K), 0.0130568 secs] 385348K->287790K(1027648K), 0.0131167 secs] [Times: user=0.00 sys=0.00, real=0.01 secs] 
Heap after GC invocations=485 (full 41):
 par new generation   total 188736K, used 20480K [0x00000000c0000000, 0x00000000cccc0000, 0x00000000cccc0000)
  eden space 167808K,   0% used [0x00000000c0000000, 0x00000000c0000000, 0x00000000ca3e0000)
  from space 20928K,  97% used [0x00000000cb850000, 0x00000000ccc50140, 0x00000000cccc0000)
  to   space 20928K,   0% used [0x00000000ca3e0000, 0x00000000ca3e0000, 0x00000000cb850000)
 concurrent mark-sweep generation total 838912K, used 267310K [0x00000000cccc0000, 0x0000000100000000, 0x0000000100000000)
 Metaspace       used 3935K, capacity 4540K, committed 4864K, reserved 1056768K
  class space    used 425K, capacity 428K, committed 512K, reserved 1048576K
}
2024-07-26T01:31:20.731+0800: 12.331: Total time for which application threads were stopped: 0.0132420 seconds, Stopping threads took: 0.0000233 seconds
{Heap before GC invocations=485 (full 41):
 par new generation   total 188736K, used 187673K [0x00000000c0000000, 0x00000000cccc0000, 0x00000000cccc0000)
  eden space 167808K,  99% used [0x00000000c0000000, 0x00000000ca346440, 0x00000000ca3e0000)
  from space 20928K,  97% used [0x00000000cb850000, 0x00000000ccc50140, 0x00000000cccc0000)
  to   space 20928K,   0% used [0x00000000ca3e0000, 0x00000000ca3e0000, 0x00000000cb850000)
 concurrent mark-sweep generation total 838912K, used 267310K [0x00000000cccc0000, 0x0000000100000000, 0x0000000100000000)
 Metaspace       used 3935K, capacity 4540K, committed 4864K, reserved 1056768K
  class space    used 425K, capacity 428K, committed 512K, reserved 1048576K
2024-07-26T01:31:20.745+0800: 12.345: [GC (Allocation Failure) 2024-07-26T01:31:20.745+0800: 12.345: [ParNew2024-07-26T01:31:20.754+0800: 12.353: [SoftReference, 0 refs, 0.0000336 secs]2024-07-26T01:31:20.754+0800: 12.353: [WeakReference, 0 refs, 0.0000041 secs]2024-07-26T01:31:20.754+0800: 12.353: [FinalReference, 0 refs, 0.0000037 secs]2024-07-26T01:31:20.754+0800: 12.353: [PhantomReference, 0 refs, 0.0000069 secs]2024-07-26T01:31:20.754+0800: 12.353: [JNI Weak Reference, 0.0000038 secs]
Desired survivor size 10715136 bytes, new threshold 1 (max 1)
- age   1:   20971840 bytes,   20971840 total
: 187673K->20480K(188736K), 0.0082927 secs] 454983K->317489K(1027648K), 0.0083334 secs] [Times: user=0.02 sys=0.00, real=0.01 secs] 
Heap after GC invocations=486 (full 41):
 par new generation   total 188736K, used 20480K [0x00000000c0000000, 0x00000000cccc0000, 0x00000000cccc0000)
  eden space 167808K,   0% used [0x00000000c0000000, 0x00000000c0000000, 0x00000000ca3e0000)
  from space 20928K,  97% used [0x00000000ca3e0000, 0x00000000cb7e0140, 0x00000000cb850000)
  to   space 20928K,   0% used [0x00000000cb850000, 0x00000000cb850000, 0x00000000cccc0000)
 concurrent mark-sweep generation total 838912K, used 297009K [0x00000000cccc0000, 0x0000000100000000, 0x0000000100000000)
 Metaspace       used 3935K, capacity 4540K, committed 4864K, reserved 1056768K
  class space    used 425K, capacity 428K, committed 512K, reserved 1048576K
}
2024-07-26T01:31:20.754+0800: 12.354: Total time for which application threads were stopped: 0.0084441 seconds, Stopping threads took: 0.0000218 seconds
{Heap before GC invocations=486 (full 41):
 par new generation   total 188736K, used 187673K [0x00000000c0000000, 0x00000000cccc0000, 0x00000000cccc0000)
  eden space 167808K,  99% used [0x00000000c0000000, 0x00000000ca346440, 0x00000000ca3e0000)
  from space 20928K,  97% used [0x00000000ca3e0000, 0x00000000cb7e0140, 0x00000000cb850000)
  to   space 20928K,   0% used [0x00000000cb850000, 0x00000000cb850000, 0x00000000cccc0000)
 concurrent mark-sweep generation total 838912K, used 297009K [0x00000000cccc0000, 0x0000000100000000, 0x0000000100000000)
 Metaspace       used 3935K, capacity 4540K, committed 4864K, reserved 1056768K
  class space    used 425K, capacity 428K, committed 512K, reserved 1048576K
2024-07-26T01:31:20.768+0800: 12.368: [GC (Allocation Failure) 2024-07-26T01:31:20.768+0800: 12.368: [ParNew2024-07-26T01:31:20.771+0800: 12.370: [SoftReference, 0 refs, 0.0000196 secs]2024-07-26T01:31:20.771+0800: 12.370: [WeakReference, 0 refs, 0.0000043 secs]2024-07-26T01:31:20.771+0800: 12.370: [FinalReference, 0 refs, 0.0000040 secs]2024-07-26T01:31:20.771+0800: 12.370: [PhantomReference, 0 refs, 0.0000039 secs]2024-07-26T01:31:20.771+0800: 12.370: [JNI Weak Reference, 0.0000044 secs]
Desired survivor size 10715136 bytes, new threshold 1 (max 1)
- age   1:   10485920 bytes,   10485920 total
: 187673K->10240K(188736K), 0.0019940 secs] 484682K->307249K(1027648K), 0.0020280 secs] [Times: user=0.00 sys=0.00, real=0.00 secs] 
Heap after GC invocations=487 (full 41):
 par new generation   total 188736K, used 10240K [0x00000000c0000000, 0x00000000cccc0000, 0x00000000cccc0000)
  eden space 167808K,   0% used [0x00000000c0000000, 0x00000000c0000000, 0x00000000ca3e0000)
  from space 20928K,  48% used [0x00000000cb850000, 0x00000000cc2500a0, 0x00000000cccc0000)
  to   space 20928K,   0% used [0x00000000ca3e0000, 0x00000000ca3e0000, 0x00000000cb850000)
 concurrent mark-sweep generation total 838912K, used 297009K [0x00000000cccc0000, 0x0000000100000000, 0x0000000100000000)
 Metaspace       used 3935K, capacity 4540K, committed 4864K, reserved 1056768K
  class space    used 425K, capacity 428K, committed 512K, reserved 1048576K
}
2024-07-26T01:31:20.771+0800: 12.370: Total time for which application threads were stopped: 0.0021408 seconds, Stopping threads took: 0.0000259 seconds
{Heap before GC invocations=487 (full 41):
 par new generation   total 188736K, used 177433K [0x00000000c0000000, 0x00000000cccc0000, 0x00000000cccc0000)
  eden space 167808K,  99% used [0x00000000c0000000, 0x00000000ca346440, 0x00000000ca3e0000)
  from space 20928K,  48% used [0x00000000cb850000, 0x00000000cc2500a0, 0x00000000cccc0000)
  to   space 20928K,   0% used [0x00000000ca3e0000, 0x00000000ca3e0000, 0x00000000cb850000)
 concurrent mark-sweep generation total 838912K, used 297009K [0x00000000cccc0000, 0x0000000100000000, 0x0000000100000000)
 Metaspace       used 3935K, capacity 4540K, committed 4864K, reserved 1056768K
  class space    used 425K, capacity 428K, committed 512K, reserved 1048576K
2024-07-26T01:31:20.787+0800: 12.387: [GC (Allocation Failure) 2024-07-26T01:31:20.788+0800: 12.387: [ParNew2024-07-26T01:31:20.803+0800: 12.403: [SoftReference, 0 refs, 0.0000363 secs]2024-07-26T01:31:20.803+0800: 12.403: [WeakReference, 0 refs, 0.0000045 secs]2024-07-26T01:31:20.803+0800: 12.403: [FinalReference, 0 refs, 0.0000038 secs]2024-07-26T01:31:20.803+0800: 12.403: [PhantomReference, 0 refs, 0.0000039 secs]2024-07-26T01:31:20.803+0800: 12.403: [JNI Weak Reference, 0.0000047 secs]
Desired survivor size 10715136 bytes, new threshold 1 (max 1)
- age   1:   20971840 bytes,   20971840 total
: 177433K->20480K(188736K), 0.0156963 secs] 474442K->370738K(1027648K), 0.0157364 secs] [Times: user=0.08 sys=0.02, real=0.02 secs] 
Heap after GC invocations=488 (full 41):
 par new generation   total 188736K, used 20480K [0x00000000c0000000, 0x00000000cccc0000, 0x00000000cccc0000)
  eden space 167808K,   0% used [0x00000000c0000000, 0x00000000c0000000, 0x00000000ca3e0000)
  from space 20928K,  97% used [0x00000000ca3e0000, 0x00000000cb7e0140, 0x00000000cb850000)
  to   space 20928K,   0% used [0x00000000cb850000, 0x00000000cb850000, 0x00000000cccc0000)
 concurrent mark-sweep generation total 838912K, used 350257K [0x00000000cccc0000, 0x0000000100000000, 0x0000000100000000)
 Metaspace       used 3935K, capacity 4540K, committed 4864K, reserved 1056768K
  class space    used 425K, capacity 428K, committed 512K, reserved 1048576K
}
2024-07-26T01:31:20.803+0800: 12.403: Total time for which application threads were stopped: 0.0158587 seconds, Stopping threads took: 0.0000199 seconds
2024-07-26T01:31:20.803+0800: 12.403: [GC (CMS Initial Mark) [1 CMS-initial-mark: 350257K(838912K)] 371762K(1027648K), 0.0001482 secs] [Times: user=0.00 sys=0.00, real=0.00 secs] 
2024-07-26T01:31:20.804+0800: 12.403: Total time for which application threads were stopped: 0.0002437 seconds, Stopping threads took: 0.0000478 seconds
2024-07-26T01:31:20.804+0800: 12.403: [CMS-concurrent-mark-start]
2024-07-26T01:31:20.806+0800: 12.405: [CMS-concurrent-mark: 0.002/0.002 secs] [Times: user=0.00 sys=0.00, real=0.00 secs] 
2024-07-26T01:31:20.806+0800: 12.405: [CMS-concurrent-preclean-start]
2024-07-26T01:31:20.806+0800: 12.405: [Preclean SoftReferences, 0.0000065 secs]2024-07-26T01:31:20.806+0800: 12.405: [Preclean WeakReferences, 0.0000041 secs]2024-07-26T01:31:20.806+0800: 12.405: [Preclean FinalReferences, 0.0000033 secs]2024-07-26T01:31:20.806+0800: 12.405: [Preclean PhantomReferences, 0.0000030 secs]2024-07-26T01:31:20.807+0800: 12.406: [CMS-concurrent-preclean: 0.001/0.001 secs] [Times: user=0.00 sys=0.00, real=0.00 secs] 
2024-07-26T01:31:20.807+0800: 12.406: [CMS-concurrent-abortable-preclean-start]
{Heap before GC invocations=488 (full 42):
 par new generation   total 188736K, used 187673K [0x00000000c0000000, 0x00000000cccc0000, 0x00000000cccc0000)
  eden space 167808K,  99% used [0x00000000c0000000, 0x00000000ca346440, 0x00000000ca3e0000)
  from space 20928K,  97% used [0x00000000ca3e0000, 0x00000000cb7e0140, 0x00000000cb850000)
  to   space 20928K,   0% used [0x00000000cb850000, 0x00000000cb850000, 0x00000000cccc0000)
 concurrent mark-sweep generation total 838912K, used 350257K [0x00000000cccc0000, 0x0000000100000000, 0x0000000100000000)
 Metaspace       used 3935K, capacity 4540K, committed 4864K, reserved 1056768K
  class space    used 425K, capacity 428K, committed 512K, reserved 1048576K
2024-07-26T01:31:20.822+0800: 12.422: [GC (Allocation Failure) 2024-07-26T01:31:20.823+0800: 12.422: [ParNew2024-07-26T01:31:20.828+0800: 12.427: [SoftReference, 0 refs, 0.0000260 secs]2024-07-26T01:31:20.828+0800: 12.427: [WeakReference, 0 refs, 0.0000044 secs]2024-07-26T01:31:20.828+0800: 12.427: [FinalReference, 0 refs, 0.0000054 secs]2024-07-26T01:31:20.828+0800: 12.427: [PhantomReference, 0 refs, 0.0000038 secs]2024-07-26T01:31:20.828+0800: 12.427: [JNI Weak Reference, 0.0000043 secs]
Desired survivor size 10715136 bytes, new threshold 1 (max 1)
- age   1:   20971840 bytes,   20971840 total
: 187673K->20480K(188736K), 0.0053768 secs] 537931K->384052K(1027648K), 0.0054182 secs] [Times: user=0.08 sys=0.00, real=0.01 secs] 
Heap after GC invocations=489 (full 42):
 par new generation   total 188736K, used 20480K [0x00000000c0000000, 0x00000000cccc0000, 0x00000000cccc0000)
  eden space 167808K,   0% used [0x00000000c0000000, 0x00000000c0000000, 0x00000000ca3e0000)
  from space 20928K,  97% used [0x00000000cb850000, 0x00000000ccc50140, 0x00000000cccc0000)
  to   space 20928K,   0% used [0x00000000ca3e0000, 0x00000000ca3e0000, 0x00000000cb850000)
 concurrent mark-sweep generation total 838912K, used 363572K [0x00000000cccc0000, 0x0000000100000000, 0x0000000100000000)
 Metaspace       used 3935K, capacity 4540K, committed 4864K, reserved 1056768K
  class space    used 425K, capacity 428K, committed 512K, reserved 1048576K
}
2024-07-26T01:31:20.828+0800: 12.427: Total time for which application threads were stopped: 0.0055374 seconds, Stopping threads took: 0.0000246 seconds
{Heap before GC invocations=489 (full 42):
 par new generation   total 188736K, used 187673K [0x00000000c0000000, 0x00000000cccc0000, 0x00000000cccc0000)
  eden space 167808K,  99% used [0x00000000c0000000, 0x00000000ca346440, 0x00000000ca3e0000)
  from space 20928K,  97% used [0x00000000cb850000, 0x00000000ccc50140, 0x00000000cccc0000)
  to   space 20928K,   0% used [0x00000000ca3e0000, 0x00000000ca3e0000, 0x00000000cb850000)
 concurrent mark-sweep generation total 838912K, used 363572K [0x00000000cccc0000, 0x0000000100000000, 0x0000000100000000)
 Metaspace       used 3935K, capacity 4540K, committed 4864K, reserved 1056768K
  class space    used 425K, capacity 428K, committed 512K, reserved 1048576K
2024-07-26T01:31:20.846+0800: 12.446: [GC (Allocation Failure) 2024-07-26T01:31:20.846+0800: 12.446: [ParNew2024-07-26T01:31:20.862+0800: 12.461: [SoftReference, 0 refs, 0.0000351 secs]2024-07-26T01:31:20.862+0800: 12.461: [WeakReference, 0 refs, 0.0000047 secs]2024-07-26T01:31:20.862+0800: 12.461: [FinalReference, 0 refs, 0.0000038 secs]2024-07-26T01:31:20.862+0800: 12.461: [PhantomReference, 0 refs, 0.0000038 secs]2024-07-26T01:31:20.862+0800: 12.461: [JNI Weak Reference, 0.0000043 secs]
Desired survivor size 10715136 bytes, new threshold 1 (max 1)
- age   1:   20971840 bytes,   20971840 total
: 187673K->20480K(188736K), 0.0158211 secs] 551245K->460855K(1027648K), 0.0158682 secs] [Times: user=0.11 sys=0.00, real=0.02 secs] 
Heap after GC invocations=490 (full 42):
 par new generation   total 188736K, used 20480K [0x00000000c0000000, 0x00000000cccc0000, 0x00000000cccc0000)
  eden space 167808K,   0% used [0x00000000c0000000, 0x00000000c0000000, 0x00000000ca3e0000)
  from space 20928K,  97% used [0x00000000ca3e0000, 0x00000000cb7e0140, 0x00000000cb850000)
  to   space 20928K,   0% used [0x00000000cb850000, 0x00000000cb850000, 0x00000000cccc0000)
 concurrent mark-sweep generation total 838912K, used 440375K [0x00000000cccc0000, 0x0000000100000000, 0x0000000100000000)
 Metaspace       used 3935K, capacity 4540K, committed 4864K, reserved 1056768K
  class space    used 425K, capacity 428K, committed 512K, reserved 1048576K
}
2024-07-26T01:31:20.862+0800: 12.462: Total time for which application threads were stopped: 0.0159920 seconds, Stopping threads took: 0.0000245 seconds
{Heap before GC invocations=490 (full 42):
 par new generation   total 188736K, used 187673K [0x00000000c0000000, 0x00000000cccc0000, 0x00000000cccc0000)
  eden space 167808K,  99% used [0x00000000c0000000, 0x00000000ca346440, 0x00000000ca3e0000)
  from space 20928K,  97% used [0x00000000ca3e0000, 0x00000000cb7e0140, 0x00000000cb850000)
  to   space 20928K,   0% used [0x00000000cb850000, 0x00000000cb850000, 0x00000000cccc0000)
 concurrent mark-sweep generation total 838912K, used 440375K [0x00000000cccc0000, 0x0000000100000000, 0x0000000100000000)
 Metaspace       used 3935K, capacity 4540K, committed 4864K, reserved 1056768K
  class space    used 425K, capacity 428K, committed 512K, reserved 1048576K
2024-07-26T01:31:20.879+0800: 12.478: [GC (Allocation Failure) 2024-07-26T01:31:20.879+0800: 12.478: [ParNew2024-07-26T01:31:20.887+0800: 12.486: [SoftReference, 0 refs, 0.0000320 secs]2024-07-26T01:31:20.887+0800: 12.486: [WeakReference, 0 refs, 0.0000045 secs]2024-07-26T01:31:20.887+0800: 12.486: [FinalReference, 0 refs, 0.0000039 secs]2024-07-26T01:31:20.887+0800: 12.486: [PhantomReference, 0 refs, 0.0000037 secs]2024-07-26T01:31:20.887+0800: 12.486: [JNI Weak Reference, 0.0000042 secs]
Desired survivor size 10715136 bytes, new threshold 1 (max 1)
- age   1:   20971840 bytes,   20971840 total
: 187673K->20480K(188736K), 0.0083473 secs] 628048K->497722K(1027648K), 0.0083832 secs] [Times: user=0.00 sys=0.00, real=0.01 secs] 
Heap after GC invocations=491 (full 42):
 par new generation   total 188736K, used 20480K [0x00000000c0000000, 0x00000000cccc0000, 0x00000000cccc0000)
  eden space 167808K,   0% used [0x00000000c0000000, 0x00000000c0000000, 0x00000000ca3e0000)
  from space 20928K,  97% used [0x00000000cb850000, 0x00000000ccc50140, 0x00000000cccc0000)
  to   space 20928K,   0% used [0x00000000ca3e0000, 0x00000000ca3e0000, 0x00000000cb850000)
 concurrent mark-sweep generation total 838912K, used 477241K [0x00000000cccc0000, 0x0000000100000000, 0x0000000100000000)
 Metaspace       used 3935K, capacity 4540K, committed 4864K, reserved 1056768K
  class space    used 425K, capacity 428K, committed 512K, reserved 1048576K
}
2024-07-26T01:31:20.887+0800: 12.486: Total time for which application threads were stopped: 0.0084944 seconds, Stopping threads took: 0.0000193 seconds
{Heap before GC invocations=491 (full 42):
 par new generation   total 188736K, used 187673K [0x00000000c0000000, 0x00000000cccc0000, 0x00000000cccc0000)
  eden space 167808K,  99% used [0x00000000c0000000, 0x00000000ca346440, 0x00000000ca3e0000)
  from space 20928K,  97% used [0x00000000cb850000, 0x00000000ccc50140, 0x00000000cccc0000)
  to   space 20928K,   0% used [0x00000000ca3e0000, 0x00000000ca3e0000, 0x00000000cb850000)
 concurrent mark-sweep generation total 838912K, used 477241K [0x00000000cccc0000, 0x0000000100000000, 0x0000000100000000)
 Metaspace       used 3935K, capacity 4540K, committed 4864K, reserved 1056768K
  class space    used 425K, capacity 428K, committed 512K, reserved 1048576K
2024-07-26T01:31:20.902+0800: 12.502: [GC (Allocation Failure) 2024-07-26T01:31:20.902+0800: 12.502: [ParNew2024-07-26T01:31:20.905+0800: 12.505: [SoftReference, 0 refs, 0.0000396 secs]2024-07-26T01:31:20.905+0800: 12.505: [WeakReference, 0 refs, 0.0000044 secs]2024-07-26T01:31:20.905+0800: 12.505: [FinalReference, 0 refs, 0.0000039 secs]2024-07-26T01:31:20.905+0800: 12.505: [PhantomReference, 0 refs, 0.0000039 secs]2024-07-26T01:31:20.905+0800: 12.505: [JNI Weak Reference, 0.0000047 secs]
Desired survivor size 10715136 bytes, new threshold 1 (max 1)
- age   1:   17826064 bytes,   17826064 total
: 187673K->17408K(188736K), 0.0032440 secs] 664915K->494650K(1027648K), 0.0032813 secs] [Times: user=0.00 sys=0.00, real=0.00 secs] 
Heap after GC invocations=492 (full 42):
 par new generation   total 188736K, used 17408K [0x00000000c0000000, 0x00000000cccc0000, 0x00000000cccc0000)
  eden space 167808K,   0% used [0x00000000c0000000, 0x00000000c0000000, 0x00000000ca3e0000)
  from space 20928K,  83% used [0x00000000ca3e0000, 0x00000000cb4e0110, 0x00000000cb850000)
  to   space 20928K,   0% used [0x00000000cb850000, 0x00000000cb850000, 0x00000000cccc0000)
 concurrent mark-sweep generation total 838912K, used 477241K [0x00000000cccc0000, 0x0000000100000000, 0x0000000100000000)
 Metaspace       used 3935K, capacity 4540K, committed 4864K, reserved 1056768K
  class space    used 425K, capacity 428K, committed 512K, reserved 1048576K
}
2024-07-26T01:31:20.905+0800: 12.505: Total time for which application threads were stopped: 0.0033917 seconds, Stopping threads took: 0.0000182 seconds
{Heap before GC invocations=492 (full 42):
 par new generation   total 188736K, used 184601K [0x00000000c0000000, 0x00000000cccc0000, 0x00000000cccc0000)
  eden space 167808K,  99% used [0x00000000c0000000, 0x00000000ca346440, 0x00000000ca3e0000)
  from space 20928K,  83% used [0x00000000ca3e0000, 0x00000000cb4e0110, 0x00000000cb850000)
  to   space 20928K,   0% used [0x00000000cb850000, 0x00000000cb850000, 0x00000000cccc0000)
 concurrent mark-sweep generation total 838912K, used 477241K [0x00000000cccc0000, 0x0000000100000000, 0x0000000100000000)
 Metaspace       used 3935K, capacity 4540K, committed 4864K, reserved 1056768K
  class space    used 425K, capacity 428K, committed 512K, reserved 1048576K
2024-07-26T01:31:20.920+0800: 12.520: [GC (Allocation Failure) 2024-07-26T01:31:20.920+0800: 12.520: [ParNew2024-07-26T01:31:20.931+0800: 12.531: [SoftReference, 0 refs, 0.0000359 secs]2024-07-26T01:31:20.931+0800: 12.531: [WeakReference, 0 refs, 0.0000043 secs]2024-07-26T01:31:20.931+0800: 12.531: [FinalReference, 0 refs, 0.0000038 secs]2024-07-26T01:31:20.931+0800: 12.531: [PhantomReference, 0 refs, 0.0000035 secs]2024-07-26T01:31:20.931+0800: 12.531: [JNI Weak Reference, 0.0000039 secs]
Desired survivor size 10715136 bytes, new threshold 1 (max 1)
- age   1:   20971840 bytes,   20971840 total
: 184601K->20480K(188736K), 0.0114003 secs] 661843K->558139K(1027648K), 0.0114336 secs] [Times: user=0.00 sys=0.00, real=0.01 secs] 
Heap after GC invocations=493 (full 42):
 par new generation   total 188736K, used 20480K [0x00000000c0000000, 0x00000000cccc0000, 0x00000000cccc0000)
  eden space 167808K,   0% used [0x00000000c0000000, 0x00000000c0000000, 0x00000000ca3e0000)
  from space 20928K,  97% used [0x00000000cb850000, 0x00000000ccc50140, 0x00000000cccc0000)
  to   space 20928K,   0% used [0x00000000ca3e0000, 0x00000000ca3e0000, 0x00000000cb850000)
 concurrent mark-sweep generation total 838912K, used 537658K [0x00000000cccc0000, 0x0000000100000000, 0x0000000100000000)
 Metaspace       used 3935K, capacity 4540K, committed 4864K, reserved 1056768K
  class space    used 425K, capacity 428K, committed 512K, reserved 1048576K
}
2024-07-26T01:31:20.931+0800: 12.531: Total time for which application threads were stopped: 0.0115438 seconds, Stopping threads took: 0.0000252 seconds
{Heap before GC invocations=493 (full 42):
 par new generation   total 188736K, used 187673K [0x00000000c0000000, 0x00000000cccc0000, 0x00000000cccc0000)
  eden space 167808K,  99% used [0x00000000c0000000, 0x00000000ca346440, 0x00000000ca3e0000)
  from space 20928K,  97% used [0x00000000cb850000, 0x00000000ccc50140, 0x00000000cccc0000)
  to   space 20928K,   0% used [0x00000000ca3e0000, 0x00000000ca3e0000, 0x00000000cb850000)
 concurrent mark-sweep generation total 838912K, used 537658K [0x00000000cccc0000, 0x0000000100000000, 0x0000000100000000)
 Metaspace       used 3935K, capacity 4540K, committed 4864K, reserved 1056768K
  class space    used 425K, capacity 428K, committed 512K, reserved 1048576K
2024-07-26T01:31:20.946+0800: 12.546: [GC (Allocation Failure) 2024-07-26T01:31:20.946+0800: 12.546: [ParNew2024-07-26T01:31:20.954+0800: 12.553: [SoftReference, 0 refs, 0.0000334 secs]2024-07-26T01:31:20.954+0800: 12.553: [WeakReference, 0 refs, 0.0000043 secs]2024-07-26T01:31:20.954+0800: 12.553: [FinalReference, 0 refs, 0.0000036 secs]2024-07-26T01:31:20.954+0800: 12.553: [PhantomReference, 0 refs, 0.0000036 secs]2024-07-26T01:31:20.954+0800: 12.553: [JNI Weak Reference, 0.0000040 secs]
Desired survivor size 10715136 bytes, new threshold 1 (max 1)
- age   1:   20971840 bytes,   20971840 total
: 187673K->20480K(188736K), 0.0070687 secs] 725332K->578619K(1027648K), 0.0071139 secs] [Times: user=0.11 sys=0.00, real=0.01 secs] 
Heap after GC invocations=494 (full 42):
 par new generation   total 188736K, used 20480K [0x00000000c0000000, 0x00000000cccc0000, 0x00000000cccc0000)
  eden space 167808K,   0% used [0x00000000c0000000, 0x00000000c0000000, 0x00000000ca3e0000)
  from space 20928K,  97% used [0x00000000ca3e0000, 0x00000000cb7e0140, 0x00000000cb850000)
  to   space 20928K,   0% used [0x00000000cb850000, 0x00000000cb850000, 0x00000000cccc0000)
 concurrent mark-sweep generation total 838912K, used 558139K [0x00000000cccc0000, 0x0000000100000000, 0x0000000100000000)
 Metaspace       used 3935K, capacity 4540K, committed 4864K, reserved 1056768K
  class space    used 425K, capacity 428K, committed 512K, reserved 1048576K
}
2024-07-26T01:31:20.954+0800: 12.553: Total time for which application threads were stopped: 0.0072293 seconds, Stopping threads took: 0.0000237 seconds
{Heap before GC invocations=494 (full 42):
 par new generation   total 188736K, used 187673K [0x00000000c0000000, 0x00000000cccc0000, 0x00000000cccc0000)
  eden space 167808K,  99% used [0x00000000c0000000, 0x00000000ca346440, 0x00000000ca3e0000)
  from space 20928K,  97% used [0x00000000ca3e0000, 0x00000000cb7e0140, 0x00000000cb850000)
  to   space 20928K,   0% used [0x00000000cb850000, 0x00000000cb850000, 0x00000000cccc0000)
 concurrent mark-sweep generation total 838912K, used 558139K [0x00000000cccc0000, 0x0000000100000000, 0x0000000100000000)
 Metaspace       used 3935K, capacity 4540K, committed 4864K, reserved 1056768K
  class space    used 425K, capacity 428K, committed 512K, reserved 1048576K
2024-07-26T01:31:20.968+0800: 12.568: [GC (Allocation Failure) 2024-07-26T01:31:20.968+0800: 12.568: [ParNew2024-07-26T01:31:20.969+0800: 12.568: [SoftReference, 0 refs, 0.0000236 secs]2024-07-26T01:31:20.969+0800: 12.568: [WeakReference, 0 refs, 0.0000052 secs]2024-07-26T01:31:20.969+0800: 12.568: [FinalReference, 0 refs, 0.0000048 secs]2024-07-26T01:31:20.969+0800: 12.568: [PhantomReference, 0 refs, 0.0000046 secs]2024-07-26T01:31:20.969+0800: 12.568: [JNI Weak Reference, 0.0000049 secs]
Desired survivor size 10715136 bytes, new threshold 1 (max 1)
- age   1:    1048592 bytes,    1048592 total
: 187673K->1024K(188736K), 0.0009164 secs] 745812K->559163K(1027648K), 0.0009925 secs] [Times: user=0.00 sys=0.00, real=0.00 secs] 
Heap after GC invocations=495 (full 42):
 par new generation   total 188736K, used 1024K [0x00000000c0000000, 0x00000000cccc0000, 0x00000000cccc0000)
  eden space 167808K,   0% used [0x00000000c0000000, 0x00000000c0000000, 0x00000000ca3e0000)
  from space 20928K,   4% used [0x00000000cb850000, 0x00000000cb950010, 0x00000000cccc0000)
  to   space 20928K,   0% used [0x00000000ca3e0000, 0x00000000ca3e0000, 0x00000000cb850000)
 concurrent mark-sweep generation total 838912K, used 558139K [0x00000000cccc0000, 0x0000000100000000, 0x0000000100000000)
 Metaspace       used 3935K, capacity 4540K, committed 4864K, reserved 1056768K
  class space    used 425K, capacity 428K, committed 512K, reserved 1048576K
}
2024-07-26T01:31:20.969+0800: 12.569: Total time for which application threads were stopped: 0.0011284 seconds, Stopping threads took: 0.0000286 seconds
{Heap before GC invocations=495 (full 42):
 par new generation   total 188736K, used 168217K [0x00000000c0000000, 0x00000000cccc0000, 0x00000000cccc0000)
  eden space 167808K,  99% used [0x00000000c0000000, 0x00000000ca346440, 0x00000000ca3e0000)
  from space 20928K,   4% used [0x00000000cb850000, 0x00000000cb950010, 0x00000000cccc0000)
  to   space 20928K,   0% used [0x00000000ca3e0000, 0x00000000ca3e0000, 0x00000000cb850000)
 concurrent mark-sweep generation total 838912K, used 558139K [0x00000000cccc0000, 0x0000000100000000, 0x0000000100000000)
 Metaspace       used 3935K, capacity 4540K, committed 4864K, reserved 1056768K
  class space    used 425K, capacity 428K, committed 512K, reserved 1048576K
2024-07-26T01:31:20.983+0800: 12.583: [GC (Allocation Failure) 2024-07-26T01:31:20.983+0800: 12.583: [ParNew2024-07-26T01:31:20.995+0800: 12.594: [SoftReference, 0 refs, 0.0000374 secs]2024-07-26T01:31:20.995+0800: 12.594: [WeakReference, 0 refs, 0.0000044 secs]2024-07-26T01:31:20.995+0800: 12.594: [FinalReference, 0 refs, 0.0000037 secs]2024-07-26T01:31:20.995+0800: 12.594: [PhantomReference, 0 refs, 0.0000036 secs]2024-07-26T01:31:20.995+0800: 12.594: [JNI Weak Reference, 0.0000042 secs]
Desired survivor size 10715136 bytes, new threshold 1 (max 1)
- age   1:   20971840 bytes,   20971840 total
: 168217K->20480K(188736K), 0.0116797 secs] 726356K->622652K(1027648K), 0.0117190 secs] [Times: user=0.00 sys=0.00, real=0.01 secs] 
Heap after GC invocations=496 (full 42):
 par new generation   total 188736K, used 20480K [0x00000000c0000000, 0x00000000cccc0000, 0x00000000cccc0000)
  eden space 167808K,   0% used [0x00000000c0000000, 0x00000000c0000000, 0x00000000ca3e0000)
  from space 20928K,  97% used [0x00000000ca3e0000, 0x00000000cb7e0140, 0x00000000cb850000)
  to   space 20928K,   0% used [0x00000000cb850000, 0x00000000cb850000, 0x00000000cccc0000)
 concurrent mark-sweep generation total 838912K, used 602171K [0x00000000cccc0000, 0x0000000100000000, 0x0000000100000000)
 Metaspace       used 3935K, capacity 4540K, committed 4864K, reserved 1056768K
  class space    used 425K, capacity 428K, committed 512K, reserved 1048576K
}
2024-07-26T01:31:20.995+0800: 12.594: Total time for which application threads were stopped: 0.0118465 seconds, Stopping threads took: 0.0000291 seconds
{Heap before GC invocations=496 (full 42):
 par new generation   total 188736K, used 187673K [0x00000000c0000000, 0x00000000cccc0000, 0x00000000cccc0000)
  eden space 167808K,  99% used [0x00000000c0000000, 0x00000000ca346440, 0x00000000ca3e0000)
  from space 20928K,  97% used [0x00000000ca3e0000, 0x00000000cb7e0140, 0x00000000cb850000)
  to   space 20928K,   0% used [0x00000000cb850000, 0x00000000cb850000, 0x00000000cccc0000)
 concurrent mark-sweep generation total 838912K, used 602171K [0x00000000cccc0000, 0x0000000100000000, 0x0000000100000000)
 Metaspace       used 3935K, capacity 4540K, committed 4864K, reserved 1056768K
  class space    used 425K, capacity 428K, committed 512K, reserved 1048576K
2024-07-26T01:31:21.010+0800: 12.609: [GC (Allocation Failure) 2024-07-26T01:31:21.010+0800: 12.609: [ParNew2024-07-26T01:31:21.015+0800: 12.614: [SoftReference, 0 refs, 0.0000330 secs]2024-07-26T01:31:21.015+0800: 12.614: [WeakReference, 0 refs, 0.0000045 secs]2024-07-26T01:31:21.015+0800: 12.614: [FinalReference, 0 refs, 0.0000082 secs]2024-07-26T01:31:21.015+0800: 12.614: [PhantomReference, 0 refs, 0.0000038 secs]2024-07-26T01:31:21.015+0800: 12.614: [JNI Weak Reference, 0.0000044 secs]
Desired survivor size 10715136 bytes, new threshold 1 (max 1)
- age   1:   20971840 bytes,   20971840 total
: 187673K->20480K(188736K), 0.0042285 secs] 789845K->626750K(1027648K), 0.0042779 secs] [Times: user=0.06 sys=0.00, real=0.01 secs] 
Heap after GC invocations=497 (full 42):
 par new generation   total 188736K, used 20480K [0x00000000c0000000, 0x00000000cccc0000, 0x00000000cccc0000)
  eden space 167808K,   0% used [0x00000000c0000000, 0x00000000c0000000, 0x00000000ca3e0000)
  from space 20928K,  97% used [0x00000000cb850000, 0x00000000ccc50140, 0x00000000cccc0000)
  to   space 20928K,   0% used [0x00000000ca3e0000, 0x00000000ca3e0000, 0x00000000cb850000)
 concurrent mark-sweep generation total 838912K, used 606269K [0x00000000cccc0000, 0x0000000100000000, 0x0000000100000000)
 Metaspace       used 3935K, capacity 4540K, committed 4864K, reserved 1056768K
  class space    used 425K, capacity 428K, committed 512K, reserved 1048576K
}
2024-07-26T01:31:21.015+0800: 12.614: Total time for which application threads were stopped: 0.0044010 seconds, Stopping threads took: 0.0000251 seconds
{Heap before GC invocations=497 (full 42):
 par new generation   total 188736K, used 187673K [0x00000000c0000000, 0x00000000cccc0000, 0x00000000cccc0000)
  eden space 167808K,  99% used [0x00000000c0000000, 0x00000000ca346440, 0x00000000ca3e0000)
  from space 20928K,  97% used [0x00000000cb850000, 0x00000000ccc50140, 0x00000000cccc0000)
  to   space 20928K,   0% used [0x00000000ca3e0000, 0x00000000ca3e0000, 0x00000000cb850000)
 concurrent mark-sweep generation total 838912K, used 606269K [0x00000000cccc0000, 0x0000000100000000, 0x0000000100000000)
 Metaspace       used 3935K, capacity 4540K, committed 4864K, reserved 1056768K
  class space    used 425K, capacity 428K, committed 512K, reserved 1048576K
2024-07-26T01:31:21.031+0800: 12.631: [GC (Allocation Failure) 2024-07-26T01:31:21.031+0800: 12.631: [ParNew2024-07-26T01:31:21.044+0800: 12.644: [SoftReference, 0 refs, 0.0000510 secs]2024-07-26T01:31:21.044+0800: 12.644: [WeakReference, 0 refs, 0.0000046 secs]2024-07-26T01:31:21.044+0800: 12.644: [FinalReference, 0 refs, 0.0000038 secs]2024-07-26T01:31:21.044+0800: 12.644: [PhantomReference, 0 refs, 0.0000037 secs]2024-07-26T01:31:21.044+0800: 12.644: [JNI Weak Reference, 0.0000044 secs]
Desired survivor size 10715136 bytes, new threshold 1 (max 1)
- age   1:   20971840 bytes,   20971840 total
: 187673K->20480K(188736K), 0.0129623 secs] 793943K->694335K(1027648K), 0.0130032 secs] [Times: user=0.02 sys=0.00, real=0.01 secs] 
Heap after GC invocations=498 (full 42):
 par new generation   total 188736K, used 20480K [0x00000000c0000000, 0x00000000cccc0000, 0x00000000cccc0000)
  eden space 167808K,   0% used [0x00000000c0000000, 0x00000000c0000000, 0x00000000ca3e0000)
  from space 20928K,  97% used [0x00000000ca3e0000, 0x00000000cb7e0140, 0x00000000cb850000)
  to   space 20928K,   0% used [0x00000000cb850000, 0x00000000cb850000, 0x00000000cccc0000)
 concurrent mark-sweep generation total 838912K, used 673854K [0x00000000cccc0000, 0x0000000100000000, 0x0000000100000000)
 Metaspace       used 3935K, capacity 4540K, committed 4864K, reserved 1056768K
  class space    used 425K, capacity 428K, committed 512K, reserved 1048576K
}
2024-07-26T01:31:21.044+0800: 12.644: Total time for which application threads were stopped: 0.0131335 seconds, Stopping threads took: 0.0000289 seconds
{Heap before GC invocations=498 (full 42):
 par new generation   total 188736K, used 187673K [0x00000000c0000000, 0x00000000cccc0000, 0x00000000cccc0000)
  eden space 167808K,  99% used [0x00000000c0000000, 0x00000000ca346440, 0x00000000ca3e0000)
  from space 20928K,  97% used [0x00000000ca3e0000, 0x00000000cb7e0140, 0x00000000cb850000)
  to   space 20928K,   0% used [0x00000000cb850000, 0x00000000cb850000, 0x00000000cccc0000)
 concurrent mark-sweep generation total 838912K, used 673854K [0x00000000cccc0000, 0x0000000100000000, 0x0000000100000000)
 Metaspace       used 3935K, capacity 4540K, committed 4864K, reserved 1056768K
  class space    used 425K, capacity 428K, committed 512K, reserved 1048576K
2024-07-26T01:31:21.059+0800: 12.659: [GC (Allocation Failure) 2024-07-26T01:31:21.059+0800: 12.659: [ParNew2024-07-26T01:31:21.068+0800: 12.668: [SoftReference, 0 refs, 0.0000371 secs]2024-07-26T01:31:21.068+0800: 12.668: [WeakReference, 0 refs, 0.0000044 secs]2024-07-26T01:31:21.068+0800: 12.668: [FinalReference, 0 refs, 0.0000039 secs]2024-07-26T01:31:21.068+0800: 12.668: [PhantomReference, 0 refs, 0.0000038 secs]2024-07-26T01:31:21.068+0800: 12.668: [JNI Weak Reference, 0.0000046 secs]
Desired survivor size 10715136 bytes, new threshold 1 (max 1)
- age   1:   20971840 bytes,   20971840 total
: 187673K->20480K(188736K), 0.0088326 secs] 861528K->721983K(1027648K), 0.0088763 secs] [Times: user=0.00 sys=0.00, real=0.01 secs] 
Heap after GC invocations=499 (full 42):
 par new generation   total 188736K, used 20480K [0x00000000c0000000, 0x00000000cccc0000, 0x00000000cccc0000)
  eden space 167808K,   0% used [0x00000000c0000000, 0x00000000c0000000, 0x00000000ca3e0000)
  from space 20928K,  97% used [0x00000000cb850000, 0x00000000ccc50140, 0x00000000cccc0000)
  to   space 20928K,   0% used [0x00000000ca3e0000, 0x00000000ca3e0000, 0x00000000cb850000)
 concurrent mark-sweep generation total 838912K, used 701503K [0x00000000cccc0000, 0x0000000100000000, 0x0000000100000000)
 Metaspace       used 3935K, capacity 4540K, committed 4864K, reserved 1056768K
  class space    used 425K, capacity 428K, committed 512K, reserved 1048576K
}
2024-07-26T01:31:21.068+0800: 12.668: Total time for which application threads were stopped: 0.0089975 seconds, Stopping threads took: 0.0000259 seconds
{Heap before GC invocations=499 (full 42):
 par new generation   total 188736K, used 187673K [0x00000000c0000000, 0x00000000cccc0000, 0x00000000cccc0000)
  eden space 167808K,  99% used [0x00000000c0000000, 0x00000000ca346440, 0x00000000ca3e0000)
  from space 20928K,  97% used [0x00000000cb850000, 0x00000000ccc50140, 0x00000000cccc0000)
  to   space 20928K,   0% used [0x00000000ca3e0000, 0x00000000ca3e0000, 0x00000000cb850000)
 concurrent mark-sweep generation total 838912K, used 701503K [0x00000000cccc0000, 0x0000000100000000, 0x0000000100000000)
 Metaspace       used 3935K, capacity 4540K, committed 4864K, reserved 1056768K
  class space    used 425K, capacity 428K, committed 512K, reserved 1048576K
2024-07-26T01:31:21.085+0800: 12.684: [GC (Allocation Failure) 2024-07-26T01:31:21.085+0800: 12.684: [ParNew2024-07-26T01:31:21.087+0800: 12.687: [SoftReference, 0 refs, 0.0000239 secs]2024-07-26T01:31:21.087+0800: 12.687: [WeakReference, 0 refs, 0.0000046 secs]2024-07-26T01:31:21.087+0800: 12.687: [FinalReference, 0 refs, 0.0000045 secs]2024-07-26T01:31:21.087+0800: 12.687: [PhantomReference, 0 refs, 0.0000044 secs]2024-07-26T01:31:21.087+0800: 12.687: [JNI Weak Reference, 0.0000048 secs]
Desired survivor size 10715136 bytes, new threshold 1 (max 1)
- age   1:    8388736 bytes,    8388736 total
: 187673K->8192K(188736K), 0.0025629 secs] 889176K->709695K(1027648K), 0.0026069 secs] [Times: user=0.00 sys=0.00, real=0.00 secs] 
Heap after GC invocations=500 (full 42):
 par new generation   total 188736K, used 8192K [0x00000000c0000000, 0x00000000cccc0000, 0x00000000cccc0000)
  eden space 167808K,   0% used [0x00000000c0000000, 0x00000000c0000000, 0x00000000ca3e0000)
  from space 20928K,  39% used [0x00000000ca3e0000, 0x00000000cabe0080, 0x00000000cb850000)
  to   space 20928K,   0% used [0x00000000cb850000, 0x00000000cb850000, 0x00000000cccc0000)
 concurrent mark-sweep generation total 838912K, used 701503K [0x00000000cccc0000, 0x0000000100000000, 0x0000000100000000)
 Metaspace       used 3935K, capacity 4540K, committed 4864K, reserved 1056768K
  class space    used 425K, capacity 428K, committed 512K, reserved 1048576K
}
2024-07-26T01:31:21.087+0800: 12.687: Total time for which application threads were stopped: 0.0027199 seconds, Stopping threads took: 0.0000261 seconds
{Heap before GC invocations=500 (full 42):
 par new generation   total 188736K, used 175385K [0x00000000c0000000, 0x00000000cccc0000, 0x00000000cccc0000)
  eden space 167808K,  99% used [0x00000000c0000000, 0x00000000ca346440, 0x00000000ca3e0000)
  from space 20928K,  39% used [0x00000000ca3e0000, 0x00000000cabe0080, 0x00000000cb850000)
  to   space 20928K,   0% used [0x00000000cb850000, 0x00000000cb850000, 0x00000000cccc0000)
 concurrent mark-sweep generation total 838912K, used 701503K [0x00000000cccc0000, 0x0000000100000000, 0x0000000100000000)
 Metaspace       used 3935K, capacity 4540K, committed 4864K, reserved 1056768K
  class space    used 425K, capacity 428K, committed 512K, reserved 1048576K
2024-07-26T01:31:21.103+0800: 12.703: [GC (Allocation Failure) 2024-07-26T01:31:21.103+0800: 12.703: [ParNew2024-07-26T01:31:21.114+0800: 12.714: [SoftReference, 0 refs, 0.0000355 secs]2024-07-26T01:31:21.114+0800: 12.714: [WeakReference, 0 refs, 0.0000045 secs]2024-07-26T01:31:21.114+0800: 12.714: [FinalReference, 0 refs, 0.0000040 secs]2024-07-26T01:31:21.114+0800: 12.714: [PhantomReference, 0 refs, 0.0000037 secs]2024-07-26T01:31:21.114+0800: 12.714: [JNI Weak Reference, 0.0000044 secs]
Desired survivor size 10715136 bytes, new threshold 1 (max 1)
- age   1:   20971840 bytes,   20971840 total
: 175385K->20480K(188736K), 0.0110744 secs] 876888K->773186K(1027648K), 0.0111167 secs] [Times: user=0.09 sys=0.00, real=0.01 secs] 
Heap after GC invocations=501 (full 42):
 par new generation   total 188736K, used 20480K [0x00000000c0000000, 0x00000000cccc0000, 0x00000000cccc0000)
  eden space 167808K,   0% used [0x00000000c0000000, 0x00000000c0000000, 0x00000000ca3e0000)
  from space 20928K,  97% used [0x00000000cb850000, 0x00000000ccc50140, 0x00000000cccc0000)
  to   space 20928K,   0% used [0x00000000ca3e0000, 0x00000000ca3e0000, 0x00000000cb850000)
 concurrent mark-sweep generation total 838912K, used 752706K [0x00000000cccc0000, 0x0000000100000000, 0x0000000100000000)
 Metaspace       used 3935K, capacity 4540K, committed 4864K, reserved 1056768K
  class space    used 425K, capacity 428K, committed 512K, reserved 1048576K
}
2024-07-26T01:31:21.114+0800: 12.714: Total time for which application threads were stopped: 0.0112346 seconds, Stopping threads took: 0.0000233 seconds
{Heap before GC invocations=501 (full 42):
 par new generation   total 188736K, used 187673K [0x00000000c0000000, 0x00000000cccc0000, 0x00000000cccc0000)
  eden space 167808K,  99% used [0x00000000c0000000, 0x00000000ca346440, 0x00000000ca3e0000)
  from space 20928K,  97% used [0x00000000cb850000, 0x00000000ccc50140, 0x00000000cccc0000)
  to   space 20928K,   0% used [0x00000000ca3e0000, 0x00000000ca3e0000, 0x00000000cb850000)
 concurrent mark-sweep generation total 838912K, used 752706K [0x00000000cccc0000, 0x0000000100000000, 0x0000000100000000)
 Metaspace       used 3935K, capacity 4540K, committed 4864K, reserved 1056768K
  class space    used 425K, capacity 428K, committed 512K, reserved 1048576K
2024-07-26T01:31:21.128+0800: 12.728: [GC (Allocation Failure) 2024-07-26T01:31:21.128+0800: 12.728: [ParNew2024-07-26T01:31:21.134+0800: 12.733: [SoftReference, 0 refs, 0.0000273 secs]2024-07-26T01:31:21.134+0800: 12.733: [WeakReference, 0 refs, 0.0000044 secs]2024-07-26T01:31:21.134+0800: 12.733: [FinalReference, 0 refs, 0.0000041 secs]2024-07-26T01:31:21.134+0800: 12.733: [PhantomReference, 0 refs, 0.0000039 secs]2024-07-26T01:31:21.134+0800: 12.733: [JNI Weak Reference, 0.0000042 secs]
Desired survivor size 10715136 bytes, new threshold 1 (max 1)
- age   1:   20971840 bytes,   20971840 total
: 187673K->20480K(188736K), 0.0054276 secs] 940379K->784450K(1027648K), 0.0054587 secs] [Times: user=0.00 sys=0.00, real=0.01 secs] 
Heap after GC invocations=502 (full 42):
 par new generation   total 188736K, used 20480K [0x00000000c0000000, 0x00000000cccc0000, 0x00000000cccc0000)
  eden space 167808K,   0% used [0x00000000c0000000, 0x00000000c0000000, 0x00000000ca3e0000)
  from space 20928K,  97% used [0x00000000ca3e0000, 0x00000000cb7e0140, 0x00000000cb850000)
  to   space 20928K,   0% used [0x00000000cb850000, 0x00000000cb850000, 0x00000000cccc0000)
 concurrent mark-sweep generation total 838912K, used 763970K [0x00000000cccc0000, 0x0000000100000000, 0x0000000100000000)
 Metaspace       used 3935K, capacity 4540K, committed 4864K, reserved 1056768K
  class space    used 425K, capacity 428K, committed 512K, reserved 1048576K
}
2024-07-26T01:31:21.134+0800: 12.733: Total time for which application threads were stopped: 0.0055707 seconds, Stopping threads took: 0.0000205 seconds
{Heap before GC invocations=502 (full 42):
 par new generation   total 188736K, used 187673K [0x00000000c0000000, 0x00000000cccc0000, 0x00000000cccc0000)
  eden space 167808K,  99% used [0x00000000c0000000, 0x00000000ca346440, 0x00000000ca3e0000)
  from space 20928K,  97% used [0x00000000ca3e0000, 0x00000000cb7e0140, 0x00000000cb850000)
  to   space 20928K,   0% used [0x00000000cb850000, 0x00000000cb850000, 0x00000000cccc0000)
 concurrent mark-sweep generation total 838912K, used 763970K [0x00000000cccc0000, 0x0000000100000000, 0x0000000100000000)
 Metaspace       used 3935K, capacity 4540K, committed 4864K, reserved 1056768K
  class space    used 425K, capacity 428K, committed 512K, reserved 1048576K
2024-07-26T01:31:21.148+0800: 12.748: [GC (Allocation Failure) 2024-07-26T01:31:21.148+0800: 12.748: [ParNew2024-07-26T01:31:21.166+0800: 12.766: [SoftReference, 0 refs, 0.0000428 secs]2024-07-26T01:31:21.166+0800: 12.766: [WeakReference, 0 refs, 0.0000064 secs]2024-07-26T01:31:21.166+0800: 12.766: [FinalReference, 0 refs, 0.0000057 secs]2024-07-26T01:31:21.166+0800: 12.766: [PhantomReference, 0 refs, 0.0000053 secs]2024-07-26T01:31:21.166+0800: 12.766: [JNI Weak Reference, 0.0000060 secs]
Desired survivor size 10715136 bytes, new threshold 1 (max 1)
- age   1:   20971840 bytes,   20971840 total
: 187673K->20480K(188736K), 0.0179802 secs] 951643K->859205K(1027648K), 0.0180224 secs] [Times: user=0.14 sys=0.00, real=0.02 secs] 
Heap after GC invocations=503 (full 42):
 par new generation   total 188736K, used 20480K [0x00000000c0000000, 0x00000000cccc0000, 0x00000000cccc0000)
  eden space 167808K,   0% used [0x00000000c0000000, 0x00000000c0000000, 0x00000000ca3e0000)
  from space 20928K,  97% used [0x00000000cb850000, 0x00000000ccc50140, 0x00000000cccc0000)
  to   space 20928K,   0% used [0x00000000ca3e0000, 0x00000000ca3e0000, 0x00000000cb850000)
 concurrent mark-sweep generation total 838912K, used 838725K [0x00000000cccc0000, 0x0000000100000000, 0x0000000100000000)
 Metaspace       used 3935K, capacity 4540K, committed 4864K, reserved 1056768K
  class space    used 425K, capacity 428K, committed 512K, reserved 1048576K
}
2024-07-26T01:31:21.166+0800: 12.766: Total time for which application threads were stopped: 0.0181567 seconds, Stopping threads took: 0.0000262 seconds
2024-07-26T01:31:21.166+0800: 12.766: [CMS-concurrent-abortable-preclean: 0.009/0.360 secs] [Times: user=0.66 sys=0.00, real=0.36 secs] 
2024-07-26T01:31:21.167+0800: 12.766: [GC (CMS Final Remark) [YG occupancy: 24854 K (188736 K)]{Heap before GC invocations=503 (full 42):
 par new generation   total 188736K, used 24854K [0x00000000c0000000, 0x00000000cccc0000, 0x00000000cccc0000)
  eden space 167808K,   2% used [0x00000000c0000000, 0x00000000c0445a50, 0x00000000ca3e0000)
  from space 20928K,  97% used [0x00000000cb850000, 0x00000000ccc50140, 0x00000000cccc0000)
  to   space 20928K,   0% used [0x00000000ca3e0000, 0x00000000ca3e0000, 0x00000000cb850000)
 concurrent mark-sweep generation total 838912K, used 838725K [0x00000000cccc0000, 0x0000000100000000, 0x0000000100000000)
 Metaspace       used 3935K, capacity 4540K, committed 4864K, reserved 1056768K
  class space    used 425K, capacity 428K, committed 512K, reserved 1048576K
2024-07-26T01:31:21.167+0800: 12.766: [GC (CMS Final Remark) 2024-07-26T01:31:21.167+0800: 12.766: [ParNew: 24854K->24854K(188736K), 0.0000129 secs] 863580K->863580K(1027648K), 0.0000326 secs] [Times: user=0.00 sys=0.00, real=0.00 secs] 
Heap after GC invocations=504 (full 42):
 par new generation   total 188736K, used 24854K [0x00000000c0000000, 0x00000000cccc0000, 0x00000000cccc0000)
  eden space 167808K,   2% used [0x00000000c0000000, 0x00000000c0445a50, 0x00000000ca3e0000)
  from space 20928K,  97% used [0x00000000cb850000, 0x00000000ccc50140, 0x00000000cccc0000)
  to   space 20928K,   0% used [0x00000000ca3e0000, 0x00000000ca3e0000, 0x00000000cb850000)
 concurrent mark-sweep generation total 838912K, used 838725K [0x00000000cccc0000, 0x0000000100000000, 0x0000000100000000)
 Metaspace       used 3935K, capacity 4540K, committed 4864K, reserved 1056768K
  class space    used 425K, capacity 428K, committed 512K, reserved 1048576K
}
2024-07-26T01:31:21.167+0800: 12.766: [Rescan (parallel) , 0.0006082 secs]2024-07-26T01:31:21.167+0800: 12.767: [weak refs processing2024-07-26T01:31:21.167+0800: 12.767: [SoftReference, 0 refs, 0.0000049 secs]2024-07-26T01:31:21.167+0800: 12.767: [WeakReference, 0 refs, 0.0000036 secs]2024-07-26T01:31:21.167+0800: 12.767: [FinalReference, 0 refs, 0.0000033 secs]2024-07-26T01:31:21.167+0800: 12.767: [PhantomReference, 0 refs, 0.0000033 secs]2024-07-26T01:31:21.167+0800: 12.767: [JNI Weak Reference, 0.0000035 secs], 0.0000426 secs]2024-07-26T01:31:21.167+0800: 12.767: [class unloading, 0.0003211 secs]2024-07-26T01:31:21.168+0800: 12.767: [scrub symbol table, 0.0003424 secs]2024-07-26T01:31:21.168+0800: 12.768: [scrub string table, 0.0000902 secs][1 CMS-remark: 838725K(838912K)] 863580K(1027648K), 0.0015478 secs] [Times: user=0.00 sys=0.00, real=0.00 secs] 
2024-07-26T01:31:21.168+0800: 12.768: Total time for which application threads were stopped: 0.0016527 seconds, Stopping threads took: 0.0000633 seconds
2024-07-26T01:31:21.168+0800: 12.768: [CMS-concurrent-sweep-start]
2024-07-26T01:31:21.169+0800: 12.768: [CMS-concurrent-sweep: 0.001/0.001 secs] [Times: user=0.00 sys=0.00, real=0.00 secs] 
2024-07-26T01:31:21.169+0800: 12.768: [CMS-concurrent-reset-start]
2024-07-26T01:31:21.170+0800: 12.770: [CMS-concurrent-reset: 0.001/0.001 secs] [Times: user=0.00 sys=0.00, real=0.00 secs] 
{Heap before GC invocations=504 (full 42):
 par new generation   total 188736K, used 187951K [0x00000000c0000000, 0x00000000cccc0000, 0x00000000cccc0000)
  eden space 167808K,  99% used [0x00000000c0000000, 0x00000000ca38be50, 0x00000000ca3e0000)
  from space 20928K,  97% used [0x00000000cb850000, 0x00000000ccc50140, 0x00000000cccc0000)
  to   space 20928K,   0% used [0x00000000ca3e0000, 0x00000000ca3e0000, 0x00000000cb850000)
 concurrent mark-sweep generation total 838912K, used 542785K [0x00000000cccc0000, 0x0000000100000000, 0x0000000100000000)
 Metaspace       used 3935K, capacity 4540K, committed 4864K, reserved 1056768K
  class space    used 425K, capacity 428K, committed 512K, reserved 1048576K
2024-07-26T01:31:21.185+0800: 12.784: [GC (Allocation Failure) 2024-07-26T01:31:21.185+0800: 12.784: [ParNew2024-07-26T01:31:21.197+0800: 12.797: [SoftReference, 0 refs, 0.0000650 secs]2024-07-26T01:31:21.198+0800: 12.797: [WeakReference, 0 refs, 0.0000044 secs]2024-07-26T01:31:21.198+0800: 12.797: [FinalReference, 0 refs, 0.0000037 secs]2024-07-26T01:31:21.198+0800: 12.797: [PhantomReference, 0 refs, 0.0000037 secs]2024-07-26T01:31:21.198+0800: 12.797: [JNI Weak Reference, 0.0000044 secs]
Desired survivor size 10715136 bytes, new threshold 1 (max 1)
- age   1:   20971840 bytes,   20971840 total
: 187951K->20480K(188736K), 0.0122875 secs] 730736K->597059K(1027648K), 0.0123235 secs] [Times: user=0.00 sys=0.00, real=0.01 secs] 
Heap after GC invocations=505 (full 42):
 par new generation   total 188736K, used 20480K [0x00000000c0000000, 0x00000000cccc0000, 0x00000000cccc0000)
  eden space 167808K,   0% used [0x00000000c0000000, 0x00000000c0000000, 0x00000000ca3e0000)
  from space 20928K,  97% used [0x00000000ca3e0000, 0x00000000cb7e0140, 0x00000000cb850000)
  to   space 20928K,   0% used [0x00000000cb850000, 0x00000000cb850000, 0x00000000cccc0000)
 concurrent mark-sweep generation total 838912K, used 576579K [0x00000000cccc0000, 0x0000000100000000, 0x0000000100000000)
 Metaspace       used 3935K, capacity 4540K, committed 4864K, reserved 1056768K
  class space    used 425K, capacity 428K, committed 512K, reserved 1048576K
}
2024-07-26T01:31:21.198+0800: 12.797: Total time for which application threads were stopped: 0.0124540 seconds, Stopping threads took: 0.0000269 seconds
2024-07-26T01:31:21.198+0800: 12.797: [GC (CMS Initial Mark) [1 CMS-initial-mark: 576579K(838912K)] 598083K(1027648K), 0.0005656 secs] [Times: user=0.00 sys=0.00, real=0.00 secs] 
2024-07-26T01:31:21.198+0800: 12.798: Total time for which application threads were stopped: 0.0006961 seconds, Stopping threads took: 0.0001024 seconds
2024-07-26T01:31:21.198+0800: 12.798: [CMS-concurrent-mark-start]
2024-07-26T01:31:21.201+0800: 12.800: [CMS-concurrent-mark: 0.002/0.002 secs] [Times: user=0.05 sys=0.00, real=0.00 secs] 
2024-07-26T01:31:21.201+0800: 12.800: [CMS-concurrent-preclean-start]
2024-07-26T01:31:21.201+0800: 12.800: [Preclean SoftReferences, 0.0000053 secs]2024-07-26T01:31:21.201+0800: 12.800: [Preclean WeakReferences, 0.0000038 secs]2024-07-26T01:31:21.201+0800: 12.800: [Preclean FinalReferences, 0.0000031 secs]2024-07-26T01:31:21.201+0800: 12.800: [Preclean PhantomReferences, 0.0000031 secs]2024-07-26T01:31:21.202+0800: 12.801: [CMS-concurrent-preclean: 0.001/0.001 secs] [Times: user=0.00 sys=0.00, real=0.00 secs] 
2024-07-26T01:31:21.202+0800: 12.801: [CMS-concurrent-abortable-preclean-start]
{Heap before GC invocations=505 (full 43):
 par new generation   total 188736K, used 187635K [0x00000000c0000000, 0x00000000cccc0000, 0x00000000cccc0000)
  eden space 167808K,  99% used [0x00000000c0000000, 0x00000000ca33ccd0, 0x00000000ca3e0000)
  from space 20928K,  97% used [0x00000000ca3e0000, 0x00000000cb7e0140, 0x00000000cb850000)
  to   space 20928K,   0% used [0x00000000cb850000, 0x00000000cb850000, 0x00000000cccc0000)
 concurrent mark-sweep generation total 838912K, used 576579K [0x00000000cccc0000, 0x0000000100000000, 0x0000000100000000)
 Metaspace       used 3935K, capacity 4540K, committed 4864K, reserved 1056768K
  class space    used 425K, capacity 428K, committed 512K, reserved 1048576K
2024-07-26T01:31:21.214+0800: 12.813: [GC (Allocation Failure) 2024-07-26T01:31:21.214+0800: 12.813: [ParNew2024-07-26T01:31:21.217+0800: 12.816: [SoftReference, 0 refs, 0.0000277 secs]2024-07-26T01:31:21.217+0800: 12.816: [WeakReference, 0 refs, 0.0000041 secs]2024-07-26T01:31:21.217+0800: 12.816: [FinalReference, 0 refs, 0.0000037 secs]2024-07-26T01:31:21.217+0800: 12.816: [PhantomReference, 0 refs, 0.0000036 secs]2024-07-26T01:31:21.217+0800: 12.816: [JNI Weak Reference, 0.0000045 secs]
Desired survivor size 10715136 bytes, new threshold 1 (max 1)
- age   1:   14680288 bytes,   14680288 total
: 187635K->14336K(188736K), 0.0034485 secs] 764215K->590915K(1027648K), 0.0034839 secs] [Times: user=0.08 sys=0.02, real=0.00 secs] 
Heap after GC invocations=506 (full 43):
 par new generation   total 188736K, used 14336K [0x00000000c0000000, 0x00000000cccc0000, 0x00000000cccc0000)
  eden space 167808K,   0% used [0x00000000c0000000, 0x00000000c0000000, 0x00000000ca3e0000)
  from space 20928K,  68% used [0x00000000cb850000, 0x00000000cc6500e0, 0x00000000cccc0000)
  to   space 20928K,   0% used [0x00000000ca3e0000, 0x00000000ca3e0000, 0x00000000cb850000)
 concurrent mark-sweep generation total 838912K, used 576579K [0x00000000cccc0000, 0x0000000100000000, 0x0000000100000000)
 Metaspace       used 3935K, capacity 4540K, committed 4864K, reserved 1056768K
  class space    used 425K, capacity 428K, committed 512K, reserved 1048576K
}
2024-07-26T01:31:21.218+0800: 12.817: Total time for which application threads were stopped: 0.0035975 seconds, Stopping threads took: 0.0000279 seconds
{Heap before GC invocations=506 (full 43):
 par new generation   total 188736K, used 181504K [0x00000000c0000000, 0x00000000cccc0000, 0x00000000cccc0000)
  eden space 167808K,  99% used [0x00000000c0000000, 0x00000000ca3402e0, 0x00000000ca3e0000)
  from space 20928K,  68% used [0x00000000cb850000, 0x00000000cc6500e0, 0x00000000cccc0000)
  to   space 20928K,   0% used [0x00000000ca3e0000, 0x00000000ca3e0000, 0x00000000cb850000)
 concurrent mark-sweep generation total 838912K, used 576579K [0x00000000cccc0000, 0x0000000100000000, 0x0000000100000000)
 Metaspace       used 3935K, capacity 4540K, committed 4864K, reserved 1056768K
  class space    used 425K, capacity 428K, committed 512K, reserved 1048576K
2024-07-26T01:31:21.232+0800: 12.832: [GC (Allocation Failure) 2024-07-26T01:31:21.232+0800: 12.832: [ParNew2024-07-26T01:31:21.244+0800: 12.844: [SoftReference, 0 refs, 0.0000334 secs]2024-07-26T01:31:21.244+0800: 12.844: [WeakReference, 0 refs, 0.0000042 secs]2024-07-26T01:31:21.244+0800: 12.844: [FinalReference, 0 refs, 0.0000038 secs]2024-07-26T01:31:21.244+0800: 12.844: [PhantomReference, 0 refs, 0.0000038 secs]2024-07-26T01:31:21.244+0800: 12.844: [JNI Weak Reference, 0.0000042 secs]
Desired survivor size 10715136 bytes, new threshold 1 (max 1)
- age   1:   20971840 bytes,   20971840 total
: 181504K->20480K(188736K), 0.0123467 secs] 758084K->654404K(1027648K), 0.0123812 secs] [Times: user=0.00 sys=0.00, real=0.01 secs] 
Heap after GC invocations=507 (full 43):
 par new generation   total 188736K, used 20480K [0x00000000c0000000, 0x00000000cccc0000, 0x00000000cccc0000)
  eden space 167808K,   0% used [0x00000000c0000000, 0x00000000c0000000, 0x00000000ca3e0000)
  from space 20928K,  97% used [0x00000000ca3e0000, 0x00000000cb7e0140, 0x00000000cb850000)
  to   space 20928K,   0% used [0x00000000cb850000, 0x00000000cb850000, 0x00000000cccc0000)
 concurrent mark-sweep generation total 838912K, used 633924K [0x00000000cccc0000, 0x0000000100000000, 0x0000000100000000)
 Metaspace       used 3935K, capacity 4540K, committed 4864K, reserved 1056768K
  class space    used 425K, capacity 428K, committed 512K, reserved 1048576K
}
2024-07-26T01:31:21.244+0800: 12.844: Total time for which application threads were stopped: 0.0124999 seconds, Stopping threads took: 0.0000205 seconds
{Heap before GC invocations=507 (full 43):
 par new generation   total 188736K, used 187657K [0x00000000c0000000, 0x00000000cccc0000, 0x00000000cccc0000)
  eden space 167808K,  99% used [0x00000000c0000000, 0x00000000ca3425a8, 0x00000000ca3e0000)
  from space 20928K,  97% used [0x00000000ca3e0000, 0x00000000cb7e0140, 0x00000000cb850000)
  to   space 20928K,   0% used [0x00000000cb850000, 0x00000000cb850000, 0x00000000cccc0000)
 concurrent mark-sweep generation total 838912K, used 633924K [0x00000000cccc0000, 0x0000000100000000, 0x0000000100000000)
 Metaspace       used 3935K, capacity 4540K, committed 4864K, reserved 1056768K
  class space    used 425K, capacity 428K, committed 512K, reserved 1048576K
2024-07-26T01:31:21.259+0800: 12.858: [GC (Allocation Failure) 2024-07-26T01:31:21.259+0800: 12.859: [ParNew2024-07-26T01:31:21.265+0800: 12.865: [SoftReference, 0 refs, 0.0000332 secs]2024-07-26T01:31:21.265+0800: 12.865: [WeakReference, 0 refs, 0.0000048 secs]2024-07-26T01:31:21.265+0800: 12.865: [FinalReference, 0 refs, 0.0000043 secs]2024-07-26T01:31:21.265+0800: 12.865: [PhantomReference, 0 refs, 0.0000040 secs]2024-07-26T01:31:21.265+0800: 12.865: [JNI Weak Reference, 0.0000047 secs]
Desired survivor size 10715136 bytes, new threshold 1 (max 1)
- age   1:   20971840 bytes,   20971840 total
: 187657K->20480K(188736K), 0.0066216 secs] 821582K->671813K(1027648K), 0.0066615 secs] [Times: user=0.06 sys=0.00, real=0.01 secs] 
Heap after GC invocations=508 (full 43):
 par new generation   total 188736K, used 20480K [0x00000000c0000000, 0x00000000cccc0000, 0x00000000cccc0000)
  eden space 167808K,   0% used [0x00000000c0000000, 0x00000000c0000000, 0x00000000ca3e0000)
  from space 20928K,  97% used [0x00000000cb850000, 0x00000000ccc50140, 0x00000000cccc0000)
  to   space 20928K,   0% used [0x00000000ca3e0000, 0x00000000ca3e0000, 0x00000000cb850000)
 concurrent mark-sweep generation total 838912K, used 651332K [0x00000000cccc0000, 0x0000000100000000, 0x0000000100000000)
 Metaspace       used 3935K, capacity 4540K, committed 4864K, reserved 1056768K
  class space    used 425K, capacity 428K, committed 512K, reserved 1048576K
}
2024-07-26T01:31:21.265+0800: 12.865: Total time for which application threads were stopped: 0.0067811 seconds, Stopping threads took: 0.0000236 seconds
{Heap before GC invocations=508 (full 43):
 par new generation   total 188736K, used 187663K [0x00000000c0000000, 0x00000000cccc0000, 0x00000000cccc0000)
  eden space 167808K,  99% used [0x00000000c0000000, 0x00000000ca343c00, 0x00000000ca3e0000)
  from space 20928K,  97% used [0x00000000cb850000, 0x00000000ccc50140, 0x00000000cccc0000)
  to   space 20928K,   0% used [0x00000000ca3e0000, 0x00000000ca3e0000, 0x00000000cb850000)
 concurrent mark-sweep generation total 838912K, used 651332K [0x00000000cccc0000, 0x0000000100000000, 0x0000000100000000)
 Metaspace       used 3935K, capacity 4540K, committed 4864K, reserved 1056768K
  class space    used 425K, capacity 428K, committed 512K, reserved 1048576K
2024-07-26T01:31:21.281+0800: 12.880: [GC (Allocation Failure) 2024-07-26T01:31:21.281+0800: 12.880: [ParNew2024-07-26T01:31:21.296+0800: 12.895: [SoftReference, 0 refs, 0.0000345 secs]2024-07-26T01:31:21.296+0800: 12.895: [WeakReference, 0 refs, 0.0000045 secs]2024-07-26T01:31:21.296+0800: 12.895: [FinalReference, 0 refs, 0.0000039 secs]2024-07-26T01:31:21.296+0800: 12.895: [PhantomReference, 0 refs, 0.0000037 secs]2024-07-26T01:31:21.296+0800: 12.895: [JNI Weak Reference, 0.0000046 secs]
Desired survivor size 10715136 bytes, new threshold 1 (max 1)
- age   1:   20971840 bytes,   20971840 total
: 187663K->20480K(188736K), 0.0153080 secs] 838996K->752710K(1027648K), 0.0153487 secs] [Times: user=0.08 sys=0.00, real=0.02 secs] 
Heap after GC invocations=509 (full 43):
 par new generation   total 188736K, used 20480K [0x00000000c0000000, 0x00000000cccc0000, 0x00000000cccc0000)
  eden space 167808K,   0% used [0x00000000c0000000, 0x00000000c0000000, 0x00000000ca3e0000)
  from space 20928K,  97% used [0x00000000ca3e0000, 0x00000000cb7e0140, 0x00000000cb850000)
  to   space 20928K,   0% used [0x00000000cb850000, 0x00000000cb850000, 0x00000000cccc0000)
 concurrent mark-sweep generation total 838912K, used 732229K [0x00000000cccc0000, 0x0000000100000000, 0x0000000100000000)
 Metaspace       used 3935K, capacity 4540K, committed 4864K, reserved 1056768K
  class space    used 425K, capacity 428K, committed 512K, reserved 1048576K
}
2024-07-26T01:31:21.296+0800: 12.895: Total time for which application threads were stopped: 0.0154624 seconds, Stopping threads took: 0.0000196 seconds
{Heap before GC invocations=509 (full 43):
 par new generation   total 188736K, used 187666K [0x00000000c0000000, 0x00000000cccc0000, 0x00000000cccc0000)
  eden space 167808K,  99% used [0x00000000c0000000, 0x00000000ca344a60, 0x00000000ca3e0000)
  from space 20928K,  97% used [0x00000000ca3e0000, 0x00000000cb7e0140, 0x00000000cb850000)
  to   space 20928K,   0% used [0x00000000cb850000, 0x00000000cb850000, 0x00000000cccc0000)
 concurrent mark-sweep generation total 838912K, used 732229K [0x00000000cccc0000, 0x0000000100000000, 0x0000000100000000)
 Metaspace       used 3935K, capacity 4540K, committed 4864K, reserved 1056768K
  class space    used 425K, capacity 428K, committed 512K, reserved 1048576K
2024-07-26T01:31:21.311+0800: 12.910: [GC (Allocation Failure) 2024-07-26T01:31:21.311+0800: 12.910: [ParNew: 187666K->187666K(188736K), 0.0000153 secs]2024-07-26T01:31:21.311+0800: 12.910: [CMS2024-07-26T01:31:21.311+0800: 12.910: [CMS-concurrent-abortable-preclean: 0.003/0.110 secs] [Times: user=0.22 sys=0.02, real=0.11 secs] 
 (concurrent mode failure)2024-07-26T01:31:21.312+0800: 12.911: [SoftReference, 0 refs, 0.0000140 secs]2024-07-26T01:31:21.312+0800: 12.911: [WeakReference, 2 refs, 0.0000044 secs]2024-07-26T01:31:21.312+0800: 12.911: [FinalReference, 2 refs, 0.0000110 secs]2024-07-26T01:31:21.312+0800: 12.911: [PhantomReference, 0 refs, 0.0000036 secs]2024-07-26T01:31:21.312+0800: 12.911: [JNI Weak Reference, 0.0000046 secs]: 732229K->62497K(838912K), 0.0105646 secs] 919896K->62497K(1027648K), [Metaspace: 3935K->3935K(1056768K)], 0.0106394 secs] [Times: user=0.00 sys=0.00, real=0.01 secs] 
Heap after GC invocations=510 (full 44):
 par new generation   total 188736K, used 0K [0x00000000c0000000, 0x00000000cccc0000, 0x00000000cccc0000)
  eden space 167808K,   0% used [0x00000000c0000000, 0x00000000c0000000, 0x00000000ca3e0000)
  from space 20928K,   0% used [0x00000000ca3e0000, 0x00000000ca3e0000, 0x00000000cb850000)
  to   space 20928K,   0% used [0x00000000cb850000, 0x00000000cb850000, 0x00000000cccc0000)
 concurrent mark-sweep generation total 838912K, used 62497K [0x00000000cccc0000, 0x0000000100000000, 0x0000000100000000)
 Metaspace       used 3935K, capacity 4540K, committed 4864K, reserved 1056768K
  class space    used 425K, capacity 428K, committed 512K, reserved 1048576K
}
2024-07-26T01:31:21.322+0800: 12.921: Total time for which application threads were stopped: 0.0107660 seconds, Stopping threads took: 0.0000263 seconds
{Heap before GC invocations=510 (full 44):
 par new generation   total 188736K, used 167188K [0x00000000c0000000, 0x00000000cccc0000, 0x00000000cccc0000)
  eden space 167808K,  99% used [0x00000000c0000000, 0x00000000ca3453a0, 0x00000000ca3e0000)
  from space 20928K,   0% used [0x00000000ca3e0000, 0x00000000ca3e0000, 0x00000000cb850000)
  to   space 20928K,   0% used [0x00000000cb850000, 0x00000000cb850000, 0x00000000cccc0000)
 concurrent mark-sweep generation total 838912K, used 62497K [0x00000000cccc0000, 0x0000000100000000, 0x0000000100000000)
 Metaspace       used 3935K, capacity 4540K, committed 4864K, reserved 1056768K
  class space    used 425K, capacity 428K, committed 512K, reserved 1048576K
2024-07-26T01:31:21.336+0800: 12.936: [GC (Allocation Failure) 2024-07-26T01:31:21.336+0800: 12.936: [ParNew2024-07-26T01:31:21.341+0800: 12.941: [SoftReference, 0 refs, 0.0000411 secs]2024-07-26T01:31:21.342+0800: 12.941: [WeakReference, 0 refs, 0.0000067 secs]2024-07-26T01:31:21.342+0800: 12.941: [FinalReference, 0 refs, 0.0000057 secs]2024-07-26T01:31:21.342+0800: 12.941: [PhantomReference, 0 refs, 0.0000058 secs]2024-07-26T01:31:21.342+0800: 12.941: [JNI Weak Reference, 0.0000065 secs]
Desired survivor size 10715136 bytes, new threshold 1 (max 1)
- age   1:   20971840 bytes,   20971840 total
: 167188K->20480K(188736K), 0.0051093 secs] 229686K->84003K(1027648K), 0.0051591 secs] [Times: user=0.03 sys=0.00, real=0.01 secs] 
Heap after GC invocations=511 (full 44):
 par new generation   total 188736K, used 20480K [0x00000000c0000000, 0x00000000cccc0000, 0x00000000cccc0000)
  eden space 167808K,   0% used [0x00000000c0000000, 0x00000000c0000000, 0x00000000ca3e0000)
  from space 20928K,  97% used [0x00000000cb850000, 0x00000000ccc50140, 0x00000000cccc0000)
  to   space 20928K,   0% used [0x00000000ca3e0000, 0x00000000ca3e0000, 0x00000000cb850000)
 concurrent mark-sweep generation total 838912K, used 63523K [0x00000000cccc0000, 0x0000000100000000, 0x0000000100000000)
 Metaspace       used 3935K, capacity 4540K, committed 4864K, reserved 1056768K
  class space    used 425K, capacity 428K, committed 512K, reserved 1048576K
}
2024-07-26T01:31:21.342+0800: 12.941: Total time for which application threads were stopped: 0.0053052 seconds, Stopping threads took: 0.0000349 seconds
{Heap before GC invocations=511 (full 44):
 par new generation   total 188736K, used 187670K [0x00000000c0000000, 0x00000000cccc0000, 0x00000000cccc0000)
  eden space 167808K,  99% used [0x00000000c0000000, 0x00000000ca345990, 0x00000000ca3e0000)
  from space 20928K,  97% used [0x00000000cb850000, 0x00000000ccc50140, 0x00000000cccc0000)
  to   space 20928K,   0% used [0x00000000ca3e0000, 0x00000000ca3e0000, 0x00000000cb850000)
 concurrent mark-sweep generation total 838912K, used 63523K [0x00000000cccc0000, 0x0000000100000000, 0x0000000100000000)
 Metaspace       used 3935K, capacity 4540K, committed 4864K, reserved 1056768K
  class space    used 425K, capacity 428K, committed 512K, reserved 1048576K
2024-07-26T01:31:21.356+0800: 12.955: [GC (Allocation Failure) 2024-07-26T01:31:21.356+0800: 12.955: [ParNew2024-07-26T01:31:21.370+0800: 12.969: [SoftReference, 0 refs, 0.0000359 secs]2024-07-26T01:31:21.370+0800: 12.969: [WeakReference, 0 refs, 0.0000043 secs]2024-07-26T01:31:21.370+0800: 12.969: [FinalReference, 0 refs, 0.0000036 secs]2024-07-26T01:31:21.370+0800: 12.969: [PhantomReference, 0 refs, 0.0000035 secs]2024-07-26T01:31:21.370+0800: 12.969: [JNI Weak Reference, 0.0000041 secs]
Desired survivor size 10715136 bytes, new threshold 1 (max 1)
- age   1:   20971840 bytes,   20971840 total
: 187670K->20480K(188736K), 0.0141337 secs] 251193K->148518K(1027648K), 0.0141723 secs] [Times: user=0.00 sys=0.00, real=0.01 secs] 
Heap after GC invocations=512 (full 44):
 par new generation   total 188736K, used 20480K [0x00000000c0000000, 0x00000000cccc0000, 0x00000000cccc0000)
  eden space 167808K,   0% used [0x00000000c0000000, 0x00000000c0000000, 0x00000000ca3e0000)
  from space 20928K,  97% used [0x00000000ca3e0000, 0x00000000cb7e0140, 0x00000000cb850000)
  to   space 20928K,   0% used [0x00000000cb850000, 0x00000000cb850000, 0x00000000cccc0000)
 concurrent mark-sweep generation total 838912K, used 128038K [0x00000000cccc0000, 0x0000000100000000, 0x0000000100000000)
 Metaspace       used 3935K, capacity 4540K, committed 4864K, reserved 1056768K
  class space    used 425K, capacity 428K, committed 512K, reserved 1048576K
}
2024-07-26T01:31:21.370+0800: 12.969: Total time for which application threads were stopped: 0.0142852 seconds, Stopping threads took: 0.0000245 seconds
{Heap before GC invocations=512 (full 44):
 par new generation   total 188736K, used 187671K [0x00000000c0000000, 0x00000000cccc0000, 0x00000000cccc0000)
  eden space 167808K,  99% used [0x00000000c0000000, 0x00000000ca345d60, 0x00000000ca3e0000)
  from space 20928K,  97% used [0x00000000ca3e0000, 0x00000000cb7e0140, 0x00000000cb850000)
  to   space 20928K,   0% used [0x00000000cb850000, 0x00000000cb850000, 0x00000000cccc0000)
 concurrent mark-sweep generation total 838912K, used 128038K [0x00000000cccc0000, 0x0000000100000000, 0x0000000100000000)
 Metaspace       used 3935K, capacity 4540K, committed 4864K, reserved 1056768K
  class space    used 425K, capacity 428K, committed 512K, reserved 1048576K
2024-07-26T01:31:21.385+0800: 12.984: [GC (Allocation Failure) 2024-07-26T01:31:21.385+0800: 12.984: [ParNew2024-07-26T01:31:21.392+0800: 12.992: [SoftReference, 0 refs, 0.0000420 secs]2024-07-26T01:31:21.392+0800: 12.992: [WeakReference, 0 refs, 0.0000040 secs]2024-07-26T01:31:21.392+0800: 12.992: [FinalReference, 0 refs, 0.0000040 secs]2024-07-26T01:31:21.392+0800: 12.992: [PhantomReference, 0 refs, 0.0000036 secs]2024-07-26T01:31:21.392+0800: 12.992: [JNI Weak Reference, 0.0000043 secs]
Desired survivor size 10715136 bytes, new threshold 1 (max 1)
- age   1:   20971840 bytes,   20971840 total
: 187671K->20480K(188736K), 0.0081530 secs] 315709K->173094K(1027648K), 0.0081886 secs] [Times: user=0.06 sys=0.00, real=0.01 secs] 
Heap after GC invocations=513 (full 44):
 par new generation   total 188736K, used 20480K [0x00000000c0000000, 0x00000000cccc0000, 0x00000000cccc0000)
  eden space 167808K,   0% used [0x00000000c0000000, 0x00000000c0000000, 0x00000000ca3e0000)
  from space 20928K,  97% used [0x00000000cb850000, 0x00000000ccc50140, 0x00000000cccc0000)
  to   space 20928K,   0% used [0x00000000ca3e0000, 0x00000000ca3e0000, 0x00000000cb850000)
 concurrent mark-sweep generation total 838912K, used 152614K [0x00000000cccc0000, 0x0000000100000000, 0x0000000100000000)
 Metaspace       used 3935K, capacity 4540K, committed 4864K, reserved 1056768K
  class space    used 425K, capacity 428K, committed 512K, reserved 1048576K
}
2024-07-26T01:31:21.392+0800: 12.992: Total time for which application threads were stopped: 0.0083138 seconds, Stopping threads took: 0.0000333 seconds
{Heap before GC invocations=513 (full 44):
 par new generation   total 188736K, used 187672K [0x00000000c0000000, 0x00000000cccc0000, 0x00000000cccc0000)
  eden space 167808K,  99% used [0x00000000c0000000, 0x00000000ca345fd8, 0x00000000ca3e0000)
  from space 20928K,  97% used [0x00000000cb850000, 0x00000000ccc50140, 0x00000000cccc0000)
  to   space 20928K,   0% used [0x00000000ca3e0000, 0x00000000ca3e0000, 0x00000000cb850000)
 concurrent mark-sweep generation total 838912K, used 152614K [0x00000000cccc0000, 0x0000000100000000, 0x0000000100000000)
 Metaspace       used 3935K, capacity 4540K, committed 4864K, reserved 1056768K
  class space    used 425K, capacity 428K, committed 512K, reserved 1048576K
2024-07-26T01:31:21.411+0800: 13.011: [GC (Allocation Failure) 2024-07-26T01:31:21.411+0800: 13.011: [ParNew2024-07-26T01:31:21.413+0800: 13.013: [SoftReference, 0 refs, 0.0000329 secs]2024-07-26T01:31:21.413+0800: 13.013: [WeakReference, 0 refs, 0.0000042 secs]2024-07-26T01:31:21.413+0800: 13.013: [FinalReference, 0 refs, 0.0000042 secs]2024-07-26T01:31:21.413+0800: 13.013: [PhantomReference, 0 refs, 0.0000037 secs]2024-07-26T01:31:21.413+0800: 13.013: [JNI Weak Reference, 0.0000046 secs]
Desired survivor size 10715136 bytes, new threshold 1 (max 1)
- age   1:    5242960 bytes,    5242960 total
: 187672K->5120K(188736K), 0.0018318 secs] 340286K->157734K(1027648K), 0.0018724 secs] [Times: user=0.00 sys=0.00, real=0.00 secs] 
Heap after GC invocations=514 (full 44):
 par new generation   total 188736K, used 5120K [0x00000000c0000000, 0x00000000cccc0000, 0x00000000cccc0000)
  eden space 167808K,   0% used [0x00000000c0000000, 0x00000000c0000000, 0x00000000ca3e0000)
  from space 20928K,  24% used [0x00000000ca3e0000, 0x00000000ca8e0050, 0x00000000cb850000)
  to   space 20928K,   0% used [0x00000000cb850000, 0x00000000cb850000, 0x00000000cccc0000)
 concurrent mark-sweep generation total 838912K, used 152614K [0x00000000cccc0000, 0x0000000100000000, 0x0000000100000000)
 Metaspace       used 3935K, capacity 4540K, committed 4864K, reserved 1056768K
  class space    used 425K, capacity 428K, committed 512K, reserved 1048576K
}
2024-07-26T01:31:21.413+0800: 13.013: Total time for which application threads were stopped: 0.0019976 seconds, Stopping threads took: 0.0000308 seconds
{Heap before GC invocations=514 (full 44):
 par new generation   total 188736K, used 172312K [0x00000000c0000000, 0x00000000cccc0000, 0x00000000cccc0000)
  eden space 167808K,  99% used [0x00000000c0000000, 0x00000000ca346168, 0x00000000ca3e0000)
  from space 20928K,  24% used [0x00000000ca3e0000, 0x00000000ca8e0050, 0x00000000cb850000)
  to   space 20928K,   0% used [0x00000000cb850000, 0x00000000cb850000, 0x00000000cccc0000)
 concurrent mark-sweep generation total 838912K, used 152614K [0x00000000cccc0000, 0x0000000100000000, 0x0000000100000000)
 Metaspace       used 3935K, capacity 4540K, committed 4864K, reserved 1056768K
  class space    used 425K, capacity 428K, committed 512K, reserved 1048576K
2024-07-26T01:31:21.435+0800: 13.034: [GC (Allocation Failure) 2024-07-26T01:31:21.435+0800: 13.034: [ParNew2024-07-26T01:31:21.448+0800: 13.048: [SoftReference, 0 refs, 0.0000415 secs]2024-07-26T01:31:21.448+0800: 13.048: [WeakReference, 0 refs, 0.0000045 secs]2024-07-26T01:31:21.448+0800: 13.048: [FinalReference, 0 refs, 0.0000041 secs]2024-07-26T01:31:21.448+0800: 13.048: [PhantomReference, 0 refs, 0.0000039 secs]2024-07-26T01:31:21.448+0800: 13.048: [JNI Weak Reference, 0.0000042 secs]
Desired survivor size 10715136 bytes, new threshold 1 (max 1)
- age   1:   20971840 bytes,   20971840 total
: 172312K->20480K(188736K), 0.0139911 secs] 324927K->221225K(1027648K), 0.0140675 secs] [Times: user=0.00 sys=0.00, real=0.01 secs] 
Heap after GC invocations=515 (full 44):
 par new generation   total 188736K, used 20480K [0x00000000c0000000, 0x00000000cccc0000, 0x00000000cccc0000)
  eden space 167808K,   0% used [0x00000000c0000000, 0x00000000c0000000, 0x00000000ca3e0000)
  from space 20928K,  97% used [0x00000000cb850000, 0x00000000ccc50140, 0x00000000cccc0000)
  to   space 20928K,   0% used [0x00000000ca3e0000, 0x00000000ca3e0000, 0x00000000cb850000)
 concurrent mark-sweep generation total 838912K, used 200745K [0x00000000cccc0000, 0x0000000100000000, 0x0000000100000000)
 Metaspace       used 3935K, capacity 4540K, committed 4864K, reserved 1056768K
  class space    used 425K, capacity 428K, committed 512K, reserved 1048576K
}
2024-07-26T01:31:21.448+0800: 13.048: Total time for which application threads were stopped: 0.0142334 seconds, Stopping threads took: 0.0000509 seconds
{Heap before GC invocations=515 (full 44):
 par new generation   total 188736K, used 187672K [0x00000000c0000000, 0x00000000cccc0000, 0x00000000cccc0000)
  eden space 167808K,  99% used [0x00000000c0000000, 0x00000000ca346270, 0x00000000ca3e0000)
  from space 20928K,  97% used [0x00000000cb850000, 0x00000000ccc50140, 0x00000000cccc0000)
  to   space 20928K,   0% used [0x00000000ca3e0000, 0x00000000ca3e0000, 0x00000000cb850000)
 concurrent mark-sweep generation total 838912K, used 200745K [0x00000000cccc0000, 0x0000000100000000, 0x0000000100000000)
 Metaspace       used 3935K, capacity 4540K, committed 4864K, reserved 1056768K
  class space    used 425K, capacity 428K, committed 512K, reserved 1048576K
2024-07-26T01:31:21.470+0800: 13.070: [GC (Allocation Failure) 2024-07-26T01:31:21.470+0800: 13.070: [ParNew2024-07-26T01:31:21.476+0800: 13.075: [SoftReference, 0 refs, 0.0000344 secs]2024-07-26T01:31:21.476+0800: 13.075: [WeakReference, 0 refs, 0.0000045 secs]2024-07-26T01:31:21.476+0800: 13.075: [FinalReference, 0 refs, 0.0000038 secs]2024-07-26T01:31:21.476+0800: 13.075: [PhantomReference, 0 refs, 0.0000039 secs]2024-07-26T01:31:21.476+0800: 13.075: [JNI Weak Reference, 0.0000046 secs]
Desired survivor size 10715136 bytes, new threshold 1 (max 1)
- age   1:   20971840 bytes,   20971840 total
: 187672K->20480K(188736K), 0.0057349 secs] 388418K->229419K(1027648K), 0.0057887 secs] [Times: user=0.00 sys=0.00, real=0.01 secs] 
Heap after GC invocations=516 (full 44):
 par new generation   total 188736K, used 20480K [0x00000000c0000000, 0x00000000cccc0000, 0x00000000cccc0000)
  eden space 167808K,   0% used [0x00000000c0000000, 0x00000000c0000000, 0x00000000ca3e0000)
  from space 20928K,  97% used [0x00000000ca3e0000, 0x00000000cb7e0140, 0x00000000cb850000)
  to   space 20928K,   0% used [0x00000000cb850000, 0x00000000cb850000, 0x00000000cccc0000)
 concurrent mark-sweep generation total 838912K, used 208939K [0x00000000cccc0000, 0x0000000100000000, 0x0000000100000000)
 Metaspace       used 3935K, capacity 4540K, committed 4864K, reserved 1056768K
  class space    used 425K, capacity 428K, committed 512K, reserved 1048576K
}
2024-07-26T01:31:21.476+0800: 13.075: Total time for which application threads were stopped: 0.0059264 seconds, Stopping threads took: 0.0000265 seconds
{Heap before GC invocations=516 (full 44):
 par new generation   total 188736K, used 187673K [0x00000000c0000000, 0x00000000cccc0000, 0x00000000cccc0000)
  eden space 167808K,  99% used [0x00000000c0000000, 0x00000000ca346318, 0x00000000ca3e0000)
  from space 20928K,  97% used [0x00000000ca3e0000, 0x00000000cb7e0140, 0x00000000cb850000)
  to   space 20928K,   0% used [0x00000000cb850000, 0x00000000cb850000, 0x00000000cccc0000)
 concurrent mark-sweep generation total 838912K, used 208939K [0x00000000cccc0000, 0x0000000100000000, 0x0000000100000000)
 Metaspace       used 3935K, capacity 4540K, committed 4864K, reserved 1056768K
  class space    used 425K, capacity 428K, committed 512K, reserved 1048576K
2024-07-26T01:31:21.493+0800: 13.093: [GC (Allocation Failure) 2024-07-26T01:31:21.493+0800: 13.093: [ParNew2024-07-26T01:31:21.509+0800: 13.109: [SoftReference, 0 refs, 0.0000394 secs]2024-07-26T01:31:21.509+0800: 13.109: [WeakReference, 0 refs, 0.0000044 secs]2024-07-26T01:31:21.509+0800: 13.109: [FinalReference, 0 refs, 0.0000081 secs]2024-07-26T01:31:21.509+0800: 13.109: [PhantomReference, 0 refs, 0.0000042 secs]2024-07-26T01:31:21.509+0800: 13.109: [JNI Weak Reference, 0.0000043 secs]
Desired survivor size 10715136 bytes, new threshold 1 (max 1)
- age   1:   20971840 bytes,   20971840 total
: 187673K->20480K(188736K), 0.0160863 secs] 396612K->301103K(1027648K), 0.0161311 secs] [Times: user=0.08 sys=0.02, real=0.02 secs] 
Heap after GC invocations=517 (full 44):
 par new generation   total 188736K, used 20480K [0x00000000c0000000, 0x00000000cccc0000, 0x00000000cccc0000)
  eden space 167808K,   0% used [0x00000000c0000000, 0x00000000c0000000, 0x00000000ca3e0000)
  from space 20928K,  97% used [0x00000000cb850000, 0x00000000ccc50140, 0x00000000cccc0000)
  to   space 20928K,   0% used [0x00000000ca3e0000, 0x00000000ca3e0000, 0x00000000cb850000)
 concurrent mark-sweep generation total 838912K, used 280622K [0x00000000cccc0000, 0x0000000100000000, 0x0000000100000000)
 Metaspace       used 3935K, capacity 4540K, committed 4864K, reserved 1056768K
  class space    used 425K, capacity 428K, committed 512K, reserved 1048576K
}
2024-07-26T01:31:21.509+0800: 13.109: Total time for which application threads were stopped: 0.0162762 seconds, Stopping threads took: 0.0000310 seconds
{Heap before GC invocations=517 (full 44):
 par new generation   total 188736K, used 187673K [0x00000000c0000000, 0x00000000cccc0000, 0x00000000cccc0000)
  eden space 167808K,  99% used [0x00000000c0000000, 0x00000000ca346380, 0x00000000ca3e0000)
  from space 20928K,  97% used [0x00000000cb850000, 0x00000000ccc50140, 0x00000000cccc0000)
  to   space 20928K,   0% used [0x00000000ca3e0000, 0x00000000ca3e0000, 0x00000000cb850000)
 concurrent mark-sweep generation total 838912K, used 280622K [0x00000000cccc0000, 0x0000000100000000, 0x0000000100000000)
 Metaspace       used 3935K, capacity 4540K, committed 4864K, reserved 1056768K
  class space    used 425K, capacity 428K, committed 512K, reserved 1048576K
2024-07-26T01:31:21.531+0800: 13.131: [GC (Allocation Failure) 2024-07-26T01:31:21.531+0800: 13.131: [ParNew2024-07-26T01:31:21.541+0800: 13.141: [SoftReference, 0 refs, 0.0000373 secs]2024-07-26T01:31:21.541+0800: 13.141: [WeakReference, 0 refs, 0.0000045 secs]2024-07-26T01:31:21.541+0800: 13.141: [FinalReference, 0 refs, 0.0000040 secs]2024-07-26T01:31:21.541+0800: 13.141: [PhantomReference, 0 refs, 0.0000037 secs]2024-07-26T01:31:21.541+0800: 13.141: [JNI Weak Reference, 0.0000044 secs]
Desired survivor size 10715136 bytes, new threshold 1 (max 1)
- age   1:   20971840 bytes,   20971840 total
: 187673K->20480K(188736K), 0.0095301 secs] 468295K->332847K(1027648K), 0.0095655 secs] [Times: user=0.00 sys=0.00, real=0.01 secs] 
Heap after GC invocations=518 (full 44):
 par new generation   total 188736K, used 20480K [0x00000000c0000000, 0x00000000cccc0000, 0x00000000cccc0000)
  eden space 167808K,   0% used [0x00000000c0000000, 0x00000000c0000000, 0x00000000ca3e0000)
  from space 20928K,  97% used [0x00000000ca3e0000, 0x00000000cb7e0140, 0x00000000cb850000)
  to   space 20928K,   0% used [0x00000000cb850000, 0x00000000cb850000, 0x00000000cccc0000)
 concurrent mark-sweep generation total 838912K, used 312367K [0x00000000cccc0000, 0x0000000100000000, 0x0000000100000000)
 Metaspace       used 3935K, capacity 4540K, committed 4864K, reserved 1056768K
  class space    used 425K, capacity 428K, committed 512K, reserved 1048576K
}
2024-07-26T01:31:21.541+0800: 13.141: Total time for which application threads were stopped: 0.0096830 seconds, Stopping threads took: 0.0000224 seconds
{Heap before GC invocations=518 (full 44):
 par new generation   total 188736K, used 187673K [0x00000000c0000000, 0x00000000cccc0000, 0x00000000cccc0000)
  eden space 167808K,  99% used [0x00000000c0000000, 0x00000000ca3463c8, 0x00000000ca3e0000)
  from space 20928K,  97% used [0x00000000ca3e0000, 0x00000000cb7e0140, 0x00000000cb850000)
  to   space 20928K,   0% used [0x00000000cb850000, 0x00000000cb850000, 0x00000000cccc0000)
 concurrent mark-sweep generation total 838912K, used 312367K [0x00000000cccc0000, 0x0000000100000000, 0x0000000100000000)
 Metaspace       used 3935K, capacity 4540K, committed 4864K, reserved 1056768K
  class space    used 425K, capacity 428K, committed 512K, reserved 1048576K
2024-07-26T01:31:21.556+0800: 13.156: [GC (Allocation Failure) 2024-07-26T01:31:21.556+0800: 13.156: [ParNew2024-07-26T01:31:21.559+0800: 13.159: [SoftReference, 0 refs, 0.0000355 secs]2024-07-26T01:31:21.559+0800: 13.159: [WeakReference, 0 refs, 0.0000043 secs]2024-07-26T01:31:21.559+0800: 13.159: [FinalReference, 0 refs, 0.0000038 secs]2024-07-26T01:31:21.559+0800: 13.159: [PhantomReference, 0 refs, 0.0000036 secs]2024-07-26T01:31:21.559+0800: 13.159: [JNI Weak Reference, 0.0000045 secs]
Desired survivor size 10715136 bytes, new threshold 1 (max 1)
- age   1:   12583104 bytes,   12583104 total
: 187673K->12288K(188736K), 0.0026129 secs] 500040K->324655K(1027648K), 0.0026567 secs] [Times: user=0.02 sys=0.00, real=0.00 secs] 
Heap after GC invocations=519 (full 44):
 par new generation   total 188736K, used 12288K [0x00000000c0000000, 0x00000000cccc0000, 0x00000000cccc0000)
  eden space 167808K,   0% used [0x00000000c0000000, 0x00000000c0000000, 0x00000000ca3e0000)
  from space 20928K,  58% used [0x00000000cb850000, 0x00000000cc4500c0, 0x00000000cccc0000)
  to   space 20928K,   0% used [0x00000000ca3e0000, 0x00000000ca3e0000, 0x00000000cb850000)
 concurrent mark-sweep generation total 838912K, used 312367K [0x00000000cccc0000, 0x0000000100000000, 0x0000000100000000)
 Metaspace       used 3935K, capacity 4540K, committed 4864K, reserved 1056768K
  class space    used 425K, capacity 428K, committed 512K, reserved 1048576K
}
2024-07-26T01:31:21.559+0800: 13.159: Total time for which application threads were stopped: 0.0027760 seconds, Stopping threads took: 0.0000207 seconds
{Heap before GC invocations=519 (full 44):
 par new generation   total 188736K, used 179481K [0x00000000c0000000, 0x00000000cccc0000, 0x00000000cccc0000)
  eden space 167808K,  99% used [0x00000000c0000000, 0x00000000ca3463f0, 0x00000000ca3e0000)
  from space 20928K,  58% used [0x00000000cb850000, 0x00000000cc4500c0, 0x00000000cccc0000)
  to   space 20928K,   0% used [0x00000000ca3e0000, 0x00000000ca3e0000, 0x00000000cb850000)
 concurrent mark-sweep generation total 838912K, used 312367K [0x00000000cccc0000, 0x0000000100000000, 0x0000000100000000)
 Metaspace       used 3935K, capacity 4540K, committed 4864K, reserved 1056768K
  class space    used 425K, capacity 428K, committed 512K, reserved 1048576K
2024-07-26T01:31:21.574+0800: 13.173: [GC (Allocation Failure) 2024-07-26T01:31:21.574+0800: 13.173: [ParNew2024-07-26T01:31:21.585+0800: 13.185: [SoftReference, 0 refs, 0.0000371 secs]2024-07-26T01:31:21.585+0800: 13.185: [WeakReference, 0 refs, 0.0000048 secs]2024-07-26T01:31:21.585+0800: 13.185: [FinalReference, 0 refs, 0.0000042 secs]2024-07-26T01:31:21.585+0800: 13.185: [PhantomReference, 0 refs, 0.0000041 secs]2024-07-26T01:31:21.585+0800: 13.185: [JNI Weak Reference, 0.0000054 secs]
Desired survivor size 10715136 bytes, new threshold 1 (max 1)
- age   1:   20971840 bytes,   20971840 total
: 179481K->20480K(188736K), 0.0117445 secs] 491848K->388144K(1027648K), 0.0117880 secs] [Times: user=0.08 sys=0.00, real=0.01 secs] 
Heap after GC invocations=520 (full 44):
 par new generation   total 188736K, used 20480K [0x00000000c0000000, 0x00000000cccc0000, 0x00000000cccc0000)
  eden space 167808K,   0% used [0x00000000c0000000, 0x00000000c0000000, 0x00000000ca3e0000)
  from space 20928K,  97% used [0x00000000ca3e0000, 0x00000000cb7e0140, 0x00000000cb850000)
  to   space 20928K,   0% used [0x00000000cb850000, 0x00000000cb850000, 0x00000000cccc0000)
 concurrent mark-sweep generation total 838912K, used 367664K [0x00000000cccc0000, 0x0000000100000000, 0x0000000100000000)
 Metaspace       used 3935K, capacity 4540K, committed 4864K, reserved 1056768K
  class space    used 425K, capacity 428K, committed 512K, reserved 1048576K
}
2024-07-26T01:31:21.585+0800: 13.185: Total time for which application threads were stopped: 0.0119393 seconds, Stopping threads took: 0.0000236 seconds
2024-07-26T01:31:21.585+0800: 13.185: [GC (CMS Initial Mark) [1 CMS-initial-mark: 367664K(838912K)] 392518K(1027648K), 0.0004499 secs] [Times: user=0.00 sys=0.00, real=0.00 secs] 
2024-07-26T01:31:21.587+0800: 13.186: Total time for which application threads were stopped: 0.0007337 seconds, Stopping threads took: 0.0002476 seconds
2024-07-26T01:31:21.587+0800: 13.186: [CMS-concurrent-mark-start]
2024-07-26T01:31:21.588+0800: 13.187: [CMS-concurrent-mark: 0.001/0.001 secs] [Times: user=0.00 sys=0.00, real=0.00 secs] 
2024-07-26T01:31:21.588+0800: 13.187: [CMS-concurrent-preclean-start]
2024-07-26T01:31:21.588+0800: 13.187: [Preclean SoftReferences, 0.0000042 secs]2024-07-26T01:31:21.588+0800: 13.187: [Preclean WeakReferences, 0.0000036 secs]2024-07-26T01:31:21.588+0800: 13.187: [Preclean FinalReferences, 0.0000030 secs]2024-07-26T01:31:21.588+0800: 13.187: [Preclean PhantomReferences, 0.0000029 secs]2024-07-26T01:31:21.589+0800: 13.188: [CMS-concurrent-preclean: 0.001/0.001 secs] [Times: user=0.00 sys=0.00, real=0.00 secs] 
2024-07-26T01:31:21.589+0800: 13.188: [CMS-concurrent-abortable-preclean-start]
{Heap before GC invocations=520 (full 45):
 par new generation   total 188736K, used 187673K [0x00000000c0000000, 0x00000000cccc0000, 0x00000000cccc0000)
  eden space 167808K,  99% used [0x00000000c0000000, 0x00000000ca346410, 0x00000000ca3e0000)
  from space 20928K,  97% used [0x00000000ca3e0000, 0x00000000cb7e0140, 0x00000000cb850000)
  to   space 20928K,   0% used [0x00000000cb850000, 0x00000000cb850000, 0x00000000cccc0000)
 concurrent mark-sweep generation total 838912K, used 367664K [0x00000000cccc0000, 0x0000000100000000, 0x0000000100000000)
 Metaspace       used 3935K, capacity 4540K, committed 4864K, reserved 1056768K
  class space    used 425K, capacity 428K, committed 512K, reserved 1048576K
2024-07-26T01:31:21.601+0800: 13.201: [GC (Allocation Failure) 2024-07-26T01:31:21.601+0800: 13.201: [ParNew2024-07-26T01:31:21.608+0800: 13.208: [SoftReference, 0 refs, 0.0000362 secs]2024-07-26T01:31:21.608+0800: 13.208: [WeakReference, 0 refs, 0.0000045 secs]2024-07-26T01:31:21.608+0800: 13.208: [FinalReference, 0 refs, 0.0000039 secs]2024-07-26T01:31:21.608+0800: 13.208: [PhantomReference, 0 refs, 0.0000038 secs]2024-07-26T01:31:21.608+0800: 13.208: [JNI Weak Reference, 0.0000045 secs]
Desired survivor size 10715136 bytes, new threshold 1 (max 1)
- age   1:   20971840 bytes,   20971840 total
: 187673K->20480K(188736K), 0.0069301 secs] 555337K->403504K(1027648K), 0.0069727 secs] [Times: user=0.06 sys=0.03, real=0.01 secs] 
Heap after GC invocations=521 (full 45):
 par new generation   total 188736K, used 20480K [0x00000000c0000000, 0x00000000cccc0000, 0x00000000cccc0000)
  eden space 167808K,   0% used [0x00000000c0000000, 0x00000000c0000000, 0x00000000ca3e0000)
  from space 20928K,  97% used [0x00000000cb850000, 0x00000000ccc50140, 0x00000000cccc0000)
  to   space 20928K,   0% used [0x00000000ca3e0000, 0x00000000ca3e0000, 0x00000000cb850000)
 concurrent mark-sweep generation total 838912K, used 383024K [0x00000000cccc0000, 0x0000000100000000, 0x0000000100000000)
 Metaspace       used 3935K, capacity 4540K, committed 4864K, reserved 1056768K
  class space    used 425K, capacity 428K, committed 512K, reserved 1048576K
}
2024-07-26T01:31:21.608+0800: 13.208: Total time for which application threads were stopped: 0.0070959 seconds, Stopping threads took: 0.0000240 seconds
{Heap before GC invocations=521 (full 45):
 par new generation   total 188736K, used 187673K [0x00000000c0000000, 0x00000000cccc0000, 0x00000000cccc0000)
  eden space 167808K,  99% used [0x00000000c0000000, 0x00000000ca346420, 0x00000000ca3e0000)
  from space 20928K,  97% used [0x00000000cb850000, 0x00000000ccc50140, 0x00000000cccc0000)
  to   space 20928K,   0% used [0x00000000ca3e0000, 0x00000000ca3e0000, 0x00000000cb850000)
 concurrent mark-sweep generation total 838912K, used 383024K [0x00000000cccc0000, 0x0000000100000000, 0x0000000100000000)
 Metaspace       used 3935K, capacity 4540K, committed 4864K, reserved 1056768K
  class space    used 425K, capacity 428K, committed 512K, reserved 1048576K
2024-07-26T01:31:21.624+0800: 13.224: [GC (Allocation Failure) 2024-07-26T01:31:21.624+0800: 13.224: [ParNew2024-07-26T01:31:21.640+0800: 13.240: [SoftReference, 0 refs, 0.0000283 secs]2024-07-26T01:31:21.640+0800: 13.240: [WeakReference, 0 refs, 0.0000042 secs]2024-07-26T01:31:21.640+0800: 13.240: [FinalReference, 0 refs, 0.0000038 secs]2024-07-26T01:31:21.640+0800: 13.240: [PhantomReference, 0 refs, 0.0000037 secs]2024-07-26T01:31:21.640+0800: 13.240: [JNI Weak Reference, 0.0000043 secs]
Desired survivor size 10715136 bytes, new threshold 1 (max 1)
- age   1:   20971840 bytes,   20971840 total
: 187673K->20480K(188736K), 0.0160128 secs] 570697K->482353K(1027648K), 0.0160807 secs] [Times: user=0.05 sys=0.00, real=0.02 secs] 
Heap after GC invocations=522 (full 45):
 par new generation   total 188736K, used 20480K [0x00000000c0000000, 0x00000000cccc0000, 0x00000000cccc0000)
  eden space 167808K,   0% used [0x00000000c0000000, 0x00000000c0000000, 0x00000000ca3e0000)
  from space 20928K,  97% used [0x00000000ca3e0000, 0x00000000cb7e0140, 0x00000000cb850000)
  to   space 20928K,   0% used [0x00000000cb850000, 0x00000000cb850000, 0x00000000cccc0000)
 concurrent mark-sweep generation total 838912K, used 461873K [0x00000000cccc0000, 0x0000000100000000, 0x0000000100000000)
 Metaspace       used 3935K, capacity 4540K, committed 4864K, reserved 1056768K
  class space    used 425K, capacity 428K, committed 512K, reserved 1048576K
}
2024-07-26T01:31:21.640+0800: 13.240: Total time for which application threads were stopped: 0.0161929 seconds, Stopping threads took: 0.0000236 seconds
{Heap before GC invocations=522 (full 45):
 par new generation   total 188736K, used 187673K [0x00000000c0000000, 0x00000000cccc0000, 0x00000000cccc0000)
  eden space 167808K,  99% used [0x00000000c0000000, 0x00000000ca346430, 0x00000000ca3e0000)
  from space 20928K,  97% used [0x00000000ca3e0000, 0x00000000cb7e0140, 0x00000000cb850000)
  to   space 20928K,   0% used [0x00000000cb850000, 0x00000000cb850000, 0x00000000cccc0000)
 concurrent mark-sweep generation total 838912K, used 461873K [0x00000000cccc0000, 0x0000000100000000, 0x0000000100000000)
 Metaspace       used 3935K, capacity 4540K, committed 4864K, reserved 1056768K
  class space    used 425K, capacity 428K, committed 512K, reserved 1048576K
2024-07-26T01:31:21.655+0800: 13.255: [GC (Allocation Failure) 2024-07-26T01:31:21.655+0800: 13.255: [ParNew2024-07-26T01:31:21.666+0800: 13.266: [SoftReference, 0 refs, 0.0000318 secs]2024-07-26T01:31:21.666+0800: 13.266: [WeakReference, 0 refs, 0.0000045 secs]2024-07-26T01:31:21.666+0800: 13.266: [FinalReference, 0 refs, 0.0000038 secs]2024-07-26T01:31:21.666+0800: 13.266: [PhantomReference, 0 refs, 0.0000037 secs]2024-07-26T01:31:21.666+0800: 13.266: [JNI Weak Reference, 0.0000041 secs]
Desired survivor size 10715136 bytes, new threshold 1 (max 1)
- age   1:   20971840 bytes,   20971840 total
: 187673K->20480K(188736K), 0.0106970 secs] 649546K->521268K(1027648K), 0.0107333 secs] [Times: user=0.00 sys=0.00, real=0.01 secs] 
Heap after GC invocations=523 (full 45):
 par new generation   total 188736K, used 20480K [0x00000000c0000000, 0x00000000cccc0000, 0x00000000cccc0000)
  eden space 167808K,   0% used [0x00000000c0000000, 0x00000000c0000000, 0x00000000ca3e0000)
  from space 20928K,  97% used [0x00000000cb850000, 0x00000000ccc50140, 0x00000000cccc0000)
  to   space 20928K,   0% used [0x00000000ca3e0000, 0x00000000ca3e0000, 0x00000000cb850000)
 concurrent mark-sweep generation total 838912K, used 500788K [0x00000000cccc0000, 0x0000000100000000, 0x0000000100000000)
 Metaspace       used 3935K, capacity 4540K, committed 4864K, reserved 1056768K
  class space    used 425K, capacity 428K, committed 512K, reserved 1048576K
}
2024-07-26T01:31:21.666+0800: 13.266: Total time for which application threads were stopped: 0.0108535 seconds, Stopping threads took: 0.0000223 seconds
{Heap before GC invocations=523 (full 45):
 par new generation   total 188736K, used 187673K [0x00000000c0000000, 0x00000000cccc0000, 0x00000000cccc0000)
  eden space 167808K,  99% used [0x00000000c0000000, 0x00000000ca346438, 0x00000000ca3e0000)
  from space 20928K,  97% used [0x00000000cb850000, 0x00000000ccc50140, 0x00000000cccc0000)
  to   space 20928K,   0% used [0x00000000ca3e0000, 0x00000000ca3e0000, 0x00000000cb850000)
 concurrent mark-sweep generation total 838912K, used 500788K [0x00000000cccc0000, 0x0000000100000000, 0x0000000100000000)
 Metaspace       used 3935K, capacity 4540K, committed 4864K, reserved 1056768K
  class space    used 425K, capacity 428K, committed 512K, reserved 1048576K
2024-07-26T01:31:21.689+0800: 13.288: [GC (Allocation Failure) 2024-07-26T01:31:21.689+0800: 13.288: [ParNew2024-07-26T01:31:21.694+0800: 13.293: [SoftReference, 0 refs, 0.0000397 secs]2024-07-26T01:31:21.694+0800: 13.293: [WeakReference, 0 refs, 0.0000079 secs]2024-07-26T01:31:21.694+0800: 13.293: [FinalReference, 0 refs, 0.0000073 secs]2024-07-26T01:31:21.694+0800: 13.293: [PhantomReference, 0 refs, 0.0000069 secs]2024-07-26T01:31:21.694+0800: 13.293: [JNI Weak Reference, 0.0000068 secs]
Desired survivor size 10715136 bytes, new threshold 1 (max 1)
- age   1:   19923248 bytes,   19923248 total
: 187673K->19456K(188736K), 0.0046744 secs] 688461K->520244K(1027648K), 0.0047295 secs] [Times: user=0.00 sys=0.00, real=0.01 secs] 
Heap after GC invocations=524 (full 45):
 par new generation   total 188736K, used 19456K [0x00000000c0000000, 0x00000000cccc0000, 0x00000000cccc0000)
  eden space 167808K,   0% used [0x00000000c0000000, 0x00000000c0000000, 0x00000000ca3e0000)
  from space 20928K,  92% used [0x00000000ca3e0000, 0x00000000cb6e0130, 0x00000000cb850000)
  to   space 20928K,   0% used [0x00000000cb850000, 0x00000000cb850000, 0x00000000cccc0000)
 concurrent mark-sweep generation total 838912K, used 500788K [0x00000000cccc0000, 0x0000000100000000, 0x0000000100000000)
 Metaspace       used 3935K, capacity 4540K, committed 4864K, reserved 1056768K
  class space    used 425K, capacity 428K, committed 512K, reserved 1048576K
}
2024-07-26T01:31:21.694+0800: 13.293: Total time for which application threads were stopped: 0.0048765 seconds, Stopping threads took: 0.0000289 seconds
{Heap before GC invocations=524 (full 45):
 par new generation   total 188736K, used 186649K [0x00000000c0000000, 0x00000000cccc0000, 0x00000000cccc0000)
  eden space 167808K,  99% used [0x00000000c0000000, 0x00000000ca346438, 0x00000000ca3e0000)
  from space 20928K,  92% used [0x00000000ca3e0000, 0x00000000cb6e0130, 0x00000000cb850000)
  to   space 20928K,   0% used [0x00000000cb850000, 0x00000000cb850000, 0x00000000cccc0000)
 concurrent mark-sweep generation total 838912K, used 500788K [0x00000000cccc0000, 0x0000000100000000, 0x0000000100000000)
 Metaspace       used 3935K, capacity 4540K, committed 4864K, reserved 1056768K
  class space    used 425K, capacity 428K, committed 512K, reserved 1048576K
2024-07-26T01:31:21.730+0800: 13.329: [GC (Allocation Failure) 2024-07-26T01:31:21.730+0800: 13.329: [ParNew2024-07-26T01:31:21.746+0800: 13.345: [SoftReference, 0 refs, 0.0000359 secs]2024-07-26T01:31:21.746+0800: 13.345: [WeakReference, 0 refs, 0.0000047 secs]2024-07-26T01:31:21.746+0800: 13.345: [FinalReference, 0 refs, 0.0000040 secs]2024-07-26T01:31:21.746+0800: 13.345: [PhantomReference, 0 refs, 0.0000039 secs]2024-07-26T01:31:21.746+0800: 13.345: [JNI Weak Reference, 0.0000046 secs]
Desired survivor size 10715136 bytes, new threshold 1 (max 1)
- age   1:   20971840 bytes,   20971840 total
: 186649K->20480K(188736K), 0.0161245 secs] 687437K->583735K(1027648K), 0.0161627 secs] [Times: user=0.09 sys=0.00, real=0.02 secs] 
Heap after GC invocations=525 (full 45):
 par new generation   total 188736K, used 20480K [0x00000000c0000000, 0x00000000cccc0000, 0x00000000cccc0000)
  eden space 167808K,   0% used [0x00000000c0000000, 0x00000000c0000000, 0x00000000ca3e0000)
  from space 20928K,  97% used [0x00000000cb850000, 0x00000000ccc50140, 0x00000000cccc0000)
  to   space 20928K,   0% used [0x00000000ca3e0000, 0x00000000ca3e0000, 0x00000000cb850000)
 concurrent mark-sweep generation total 838912K, used 563255K [0x00000000cccc0000, 0x0000000100000000, 0x0000000100000000)
 Metaspace       used 3935K, capacity 4540K, committed 4864K, reserved 1056768K
  class space    used 425K, capacity 428K, committed 512K, reserved 1048576K
}
2024-07-26T01:31:21.746+0800: 13.345: Total time for which application threads were stopped: 0.0162923 seconds, Stopping threads took: 0.0000275 seconds
{Heap before GC invocations=525 (full 45):
 par new generation   total 188736K, used 187673K [0x00000000c0000000, 0x00000000cccc0000, 0x00000000cccc0000)
  eden space 167808K,  99% used [0x00000000c0000000, 0x00000000ca346440, 0x00000000ca3e0000)
  from space 20928K,  97% used [0x00000000cb850000, 0x00000000ccc50140, 0x00000000cccc0000)
  to   space 20928K,   0% used [0x00000000ca3e0000, 0x00000000ca3e0000, 0x00000000cb850000)
 concurrent mark-sweep generation total 838912K, used 563255K [0x00000000cccc0000, 0x0000000100000000, 0x0000000100000000)
 Metaspace       used 3935K, capacity 4540K, committed 4864K, reserved 1056768K
  class space    used 425K, capacity 428K, committed 512K, reserved 1048576K
2024-07-26T01:31:21.766+0800: 13.366: [GC (Allocation Failure) 2024-07-26T01:31:21.766+0800: 13.366: [ParNew2024-07-26T01:31:21.772+0800: 13.372: [SoftReference, 0 refs, 0.0000227 secs]2024-07-26T01:31:21.772+0800: 13.372: [WeakReference, 0 refs, 0.0000043 secs]2024-07-26T01:31:21.772+0800: 13.372: [FinalReference, 0 refs, 0.0000038 secs]2024-07-26T01:31:21.772+0800: 13.372: [PhantomReference, 0 refs, 0.0000037 secs]2024-07-26T01:31:21.772+0800: 13.372: [JNI Weak Reference, 0.0000042 secs]
Desired survivor size 10715136 bytes, new threshold 1 (max 1)
- age   1:   20971840 bytes,   20971840 total
: 187673K->20480K(188736K), 0.0066700 secs] 750928K->606263K(1027648K), 0.0067513 secs] [Times: user=0.00 sys=0.00, real=0.01 secs] 
Heap after GC invocations=526 (full 45):
 par new generation   total 188736K, used 20480K [0x00000000c0000000, 0x00000000cccc0000, 0x00000000cccc0000)
  eden space 167808K,   0% used [0x00000000c0000000, 0x00000000c0000000, 0x00000000ca3e0000)
  from space 20928K,  97% used [0x00000000ca3e0000, 0x00000000cb7e0140, 0x00000000cb850000)
  to   space 20928K,   0% used [0x00000000cb850000, 0x00000000cb850000, 0x00000000cccc0000)
 concurrent mark-sweep generation total 838912K, used 585783K [0x00000000cccc0000, 0x0000000100000000, 0x0000000100000000)
 Metaspace       used 3935K, capacity 4540K, committed 4864K, reserved 1056768K
  class space    used 425K, capacity 428K, committed 512K, reserved 1048576K
}
2024-07-26T01:31:21.772+0800: 13.372: Total time for which application threads were stopped: 0.0070144 seconds, Stopping threads took: 0.0000763 seconds
{Heap before GC invocations=526 (full 45):
 par new generation   total 188736K, used 187673K [0x00000000c0000000, 0x00000000cccc0000, 0x00000000cccc0000)
  eden space 167808K,  99% used [0x00000000c0000000, 0x00000000ca346440, 0x00000000ca3e0000)
  from space 20928K,  97% used [0x00000000ca3e0000, 0x00000000cb7e0140, 0x00000000cb850000)
  to   space 20928K,   0% used [0x00000000cb850000, 0x00000000cb850000, 0x00000000cccc0000)
 concurrent mark-sweep generation total 838912K, used 585783K [0x00000000cccc0000, 0x0000000100000000, 0x0000000100000000)
 Metaspace       used 3935K, capacity 4540K, committed 4864K, reserved 1056768K
  class space    used 425K, capacity 428K, committed 512K, reserved 1048576K
2024-07-26T01:31:21.788+0800: 13.388: [GC (Allocation Failure) 2024-07-26T01:31:21.788+0800: 13.388: [ParNew2024-07-26T01:31:21.790+0800: 13.389: [SoftReference, 0 refs, 0.0000320 secs]2024-07-26T01:31:21.790+0800: 13.389: [WeakReference, 0 refs, 0.0000045 secs]2024-07-26T01:31:21.790+0800: 13.389: [FinalReference, 0 refs, 0.0000041 secs]2024-07-26T01:31:21.790+0800: 13.389: [PhantomReference, 0 refs, 0.0000039 secs]2024-07-26T01:31:21.790+0800: 13.389: [JNI Weak Reference, 0.0000064 secs]
Desired survivor size 10715136 bytes, new threshold 1 (max 1)
- age   1:    3145776 bytes,    3145776 total
: 187673K->3072K(188736K), 0.0014931 secs] 773456K->588855K(1027648K), 0.0015276 secs] [Times: user=0.00 sys=0.00, real=0.00 secs] 
Heap after GC invocations=527 (full 45):
 par new generation   total 188736K, used 3072K [0x00000000c0000000, 0x00000000cccc0000, 0x00000000cccc0000)
  eden space 167808K,   0% used [0x00000000c0000000, 0x00000000c0000000, 0x00000000ca3e0000)
  from space 20928K,  14% used [0x00000000cb850000, 0x00000000cbb50030, 0x00000000cccc0000)
  to   space 20928K,   0% used [0x00000000ca3e0000, 0x00000000ca3e0000, 0x00000000cb850000)
 concurrent mark-sweep generation total 838912K, used 585783K [0x00000000cccc0000, 0x0000000100000000, 0x0000000100000000)
 Metaspace       used 3935K, capacity 4540K, committed 4864K, reserved 1056768K
  class space    used 425K, capacity 428K, committed 512K, reserved 1048576K
}
2024-07-26T01:31:21.790+0800: 13.389: Total time for which application threads were stopped: 0.0016436 seconds, Stopping threads took: 0.0000221 seconds
{Heap before GC invocations=527 (full 45):
 par new generation   total 188736K, used 170265K [0x00000000c0000000, 0x00000000cccc0000, 0x00000000cccc0000)
  eden space 167808K,  99% used [0x00000000c0000000, 0x00000000ca346440, 0x00000000ca3e0000)
  from space 20928K,  14% used [0x00000000cb850000, 0x00000000cbb50030, 0x00000000cccc0000)
  to   space 20928K,   0% used [0x00000000ca3e0000, 0x00000000ca3e0000, 0x00000000cb850000)
 concurrent mark-sweep generation total 838912K, used 585783K [0x00000000cccc0000, 0x0000000100000000, 0x0000000100000000)
 Metaspace       used 3935K, capacity 4540K, committed 4864K, reserved 1056768K
  class space    used 425K, capacity 428K, committed 512K, reserved 1048576K
2024-07-26T01:31:21.807+0800: 13.407: [GC (Allocation Failure) 2024-07-26T01:31:21.807+0800: 13.407: [ParNew2024-07-26T01:31:21.818+0800: 13.417: [SoftReference, 0 refs, 0.0000333 secs]2024-07-26T01:31:21.818+0800: 13.417: [WeakReference, 0 refs, 0.0000209 secs]2024-07-26T01:31:21.818+0800: 13.417: [FinalReference, 0 refs, 0.0000059 secs]2024-07-26T01:31:21.818+0800: 13.417: [PhantomReference, 0 refs, 0.0000041 secs]2024-07-26T01:31:21.818+0800: 13.417: [JNI Weak Reference, 0.0000047 secs]
Desired survivor size 10715136 bytes, new threshold 1 (max 1)
- age   1:   20971840 bytes,   20971840 total
: 170265K->20480K(188736K), 0.0105460 secs] 756048K->652344K(1027648K), 0.0105866 secs] [Times: user=0.11 sys=0.00, real=0.01 secs] 
Heap after GC invocations=528 (full 45):
 par new generation   total 188736K, used 20480K [0x00000000c0000000, 0x00000000cccc0000, 0x00000000cccc0000)
  eden space 167808K,   0% used [0x00000000c0000000, 0x00000000c0000000, 0x00000000ca3e0000)
  from space 20928K,  97% used [0x00000000ca3e0000, 0x00000000cb7e0140, 0x00000000cb850000)
  to   space 20928K,   0% used [0x00000000cb850000, 0x00000000cb850000, 0x00000000cccc0000)
 concurrent mark-sweep generation total 838912K, used 631864K [0x00000000cccc0000, 0x0000000100000000, 0x0000000100000000)
 Metaspace       used 3935K, capacity 4540K, committed 4864K, reserved 1056768K
  class space    used 425K, capacity 428K, committed 512K, reserved 1048576K
}
2024-07-26T01:31:21.818+0800: 13.417: Total time for which application threads were stopped: 0.0107057 seconds, Stopping threads took: 0.0000230 seconds
{Heap before GC invocations=528 (full 45):
 par new generation   total 188736K, used 187673K [0x00000000c0000000, 0x00000000cccc0000, 0x00000000cccc0000)
  eden space 167808K,  99% used [0x00000000c0000000, 0x00000000ca346440, 0x00000000ca3e0000)
  from space 20928K,  97% used [0x00000000ca3e0000, 0x00000000cb7e0140, 0x00000000cb850000)
  to   space 20928K,   0% used [0x00000000cb850000, 0x00000000cb850000, 0x00000000cccc0000)
 concurrent mark-sweep generation total 838912K, used 631864K [0x00000000cccc0000, 0x0000000100000000, 0x0000000100000000)
 Metaspace       used 3935K, capacity 4540K, committed 4864K, reserved 1056768K
  class space    used 425K, capacity 428K, committed 512K, reserved 1048576K
2024-07-26T01:31:21.837+0800: 13.437: [GC (Allocation Failure) 2024-07-26T01:31:21.837+0800: 13.437: [ParNew2024-07-26T01:31:21.844+0800: 13.443: [SoftReference, 0 refs, 0.0000486 secs]2024-07-26T01:31:21.844+0800: 13.443: [WeakReference, 0 refs, 0.0000090 secs]2024-07-26T01:31:21.844+0800: 13.443: [FinalReference, 0 refs, 0.0000079 secs]2024-07-26T01:31:21.844+0800: 13.443: [PhantomReference, 0 refs, 0.0000076 secs]2024-07-26T01:31:21.844+0800: 13.443: [JNI Weak Reference, 0.0000079 secs]
Desired survivor size 10715136 bytes, new threshold 1 (max 1)
- age   1:   20971840 bytes,   20971840 total
: 187673K->20480K(188736K), 0.0064062 secs] 819537K->658488K(1027648K), 0.0064513 secs] [Times: user=0.06 sys=0.02, real=0.01 secs] 
Heap after GC invocations=529 (full 45):
 par new generation   total 188736K, used 20480K [0x00000000c0000000, 0x00000000cccc0000, 0x00000000cccc0000)
  eden space 167808K,   0% used [0x00000000c0000000, 0x00000000c0000000, 0x00000000ca3e0000)
  from space 20928K,  97% used [0x00000000cb850000, 0x00000000ccc50140, 0x00000000cccc0000)
  to   space 20928K,   0% used [0x00000000ca3e0000, 0x00000000ca3e0000, 0x00000000cb850000)
 concurrent mark-sweep generation total 838912K, used 638008K [0x00000000cccc0000, 0x0000000100000000, 0x0000000100000000)
 Metaspace       used 3935K, capacity 4540K, committed 4864K, reserved 1056768K
  class space    used 425K, capacity 428K, committed 512K, reserved 1048576K
}
2024-07-26T01:31:21.844+0800: 13.443: Total time for which application threads were stopped: 0.0065967 seconds, Stopping threads took: 0.0000265 seconds
{Heap before GC invocations=529 (full 45):
 par new generation   total 188736K, used 187673K [0x00000000c0000000, 0x00000000cccc0000, 0x00000000cccc0000)
  eden space 167808K,  99% used [0x00000000c0000000, 0x00000000ca346440, 0x00000000ca3e0000)
  from space 20928K,  97% used [0x00000000cb850000, 0x00000000ccc50140, 0x00000000cccc0000)
  to   space 20928K,   0% used [0x00000000ca3e0000, 0x00000000ca3e0000, 0x00000000cb850000)
 concurrent mark-sweep generation total 838912K, used 638008K [0x00000000cccc0000, 0x0000000100000000, 0x0000000100000000)
 Metaspace       used 3935K, capacity 4540K, committed 4864K, reserved 1056768K
  class space    used 425K, capacity 428K, committed 512K, reserved 1048576K
2024-07-26T01:31:21.865+0800: 13.464: [GC (Allocation Failure) 2024-07-26T01:31:21.865+0800: 13.464: [ParNew2024-07-26T01:31:21.882+0800: 13.482: [SoftReference, 0 refs, 0.0000386 secs]2024-07-26T01:31:21.882+0800: 13.482: [WeakReference, 0 refs, 0.0000044 secs]2024-07-26T01:31:21.882+0800: 13.482: [FinalReference, 0 refs, 0.0000039 secs]2024-07-26T01:31:21.882+0800: 13.482: [PhantomReference, 0 refs, 0.0000037 secs]2024-07-26T01:31:21.882+0800: 13.482: [JNI Weak Reference, 0.0000046 secs]
Desired survivor size 10715136 bytes, new threshold 1 (max 1)
- age   1:   20971840 bytes,   20971840 total
: 187673K->20480K(188736K), 0.0171583 secs] 825681K->728121K(1027648K), 0.0172080 secs] [Times: user=0.13 sys=0.00, real=0.02 secs] 
Heap after GC invocations=530 (full 45):
 par new generation   total 188736K, used 20480K [0x00000000c0000000, 0x00000000cccc0000, 0x00000000cccc0000)
  eden space 167808K,   0% used [0x00000000c0000000, 0x00000000c0000000, 0x00000000ca3e0000)
  from space 20928K,  97% used [0x00000000ca3e0000, 0x00000000cb7e0140, 0x00000000cb850000)
  to   space 20928K,   0% used [0x00000000cb850000, 0x00000000cb850000, 0x00000000cccc0000)
 concurrent mark-sweep generation total 838912K, used 707641K [0x00000000cccc0000, 0x0000000100000000, 0x0000000100000000)
 Metaspace       used 3935K, capacity 4540K, committed 4864K, reserved 1056768K
  class space    used 425K, capacity 428K, committed 512K, reserved 1048576K
}
2024-07-26T01:31:21.882+0800: 13.482: Total time for which application threads were stopped: 0.0173466 seconds, Stopping threads took: 0.0000337 seconds
{Heap before GC invocations=530 (full 45):
 par new generation   total 188736K, used 187673K [0x00000000c0000000, 0x00000000cccc0000, 0x00000000cccc0000)
  eden space 167808K,  99% used [0x00000000c0000000, 0x00000000ca346440, 0x00000000ca3e0000)
  from space 20928K,  97% used [0x00000000ca3e0000, 0x00000000cb7e0140, 0x00000000cb850000)
  to   space 20928K,   0% used [0x00000000cb850000, 0x00000000cb850000, 0x00000000cccc0000)
 concurrent mark-sweep generation total 838912K, used 707641K [0x00000000cccc0000, 0x0000000100000000, 0x0000000100000000)
 Metaspace       used 3935K, capacity 4540K, committed 4864K, reserved 1056768K
  class space    used 425K, capacity 428K, committed 512K, reserved 1048576K
2024-07-26T01:31:21.904+0800: 13.503: [GC (Allocation Failure) 2024-07-26T01:31:21.904+0800: 13.503: [ParNew2024-07-26T01:31:21.913+0800: 13.512: [SoftReference, 0 refs, 0.0000361 secs]2024-07-26T01:31:21.913+0800: 13.512: [WeakReference, 0 refs, 0.0000046 secs]2024-07-26T01:31:21.913+0800: 13.512: [FinalReference, 0 refs, 0.0000040 secs]2024-07-26T01:31:21.913+0800: 13.512: [PhantomReference, 0 refs, 0.0000036 secs]2024-07-26T01:31:21.913+0800: 13.512: [JNI Weak Reference, 0.0000046 secs]
Desired survivor size 10715136 bytes, new threshold 1 (max 1)
- age   1:   20971840 bytes,   20971840 total
: 187673K->20480K(188736K), 0.0090122 secs] 895314K->757818K(1027648K), 0.0091008 secs] [Times: user=0.00 sys=0.00, real=0.01 secs] 
Heap after GC invocations=531 (full 45):
 par new generation   total 188736K, used 20480K [0x00000000c0000000, 0x00000000cccc0000, 0x00000000cccc0000)
  eden space 167808K,   0% used [0x00000000c0000000, 0x00000000c0000000, 0x00000000ca3e0000)
  from space 20928K,  97% used [0x00000000cb850000, 0x00000000ccc50140, 0x00000000cccc0000)
  to   space 20928K,   0% used [0x00000000ca3e0000, 0x00000000ca3e0000, 0x00000000cb850000)
 concurrent mark-sweep generation total 838912K, used 737337K [0x00000000cccc0000, 0x0000000100000000, 0x0000000100000000)
 Metaspace       used 3935K, capacity 4540K, committed 4864K, reserved 1056768K
  class space    used 425K, capacity 428K, committed 512K, reserved 1048576K
}
2024-07-26T01:31:21.913+0800: 13.513: Total time for which application threads were stopped: 0.0092855 seconds, Stopping threads took: 0.0000570 seconds
{Heap before GC invocations=531 (full 45):
 par new generation   total 188736K, used 187673K [0x00000000c0000000, 0x00000000cccc0000, 0x00000000cccc0000)
  eden space 167808K,  99% used [0x00000000c0000000, 0x00000000ca346440, 0x00000000ca3e0000)
  from space 20928K,  97% used [0x00000000cb850000, 0x00000000ccc50140, 0x00000000cccc0000)
  to   space 20928K,   0% used [0x00000000ca3e0000, 0x00000000ca3e0000, 0x00000000cb850000)
 concurrent mark-sweep generation total 838912K, used 737337K [0x00000000cccc0000, 0x0000000100000000, 0x0000000100000000)
 Metaspace       used 3935K, capacity 4540K, committed 4864K, reserved 1056768K
  class space    used 425K, capacity 428K, committed 512K, reserved 1048576K
2024-07-26T01:31:21.932+0800: 13.531: [GC (Allocation Failure) 2024-07-26T01:31:21.932+0800: 13.531: [ParNew2024-07-26T01:31:21.934+0800: 13.534: [SoftReference, 0 refs, 0.0000465 secs]2024-07-26T01:31:21.934+0800: 13.534: [WeakReference, 0 refs, 0.0000043 secs]2024-07-26T01:31:21.934+0800: 13.534: [FinalReference, 0 refs, 0.0000038 secs]2024-07-26T01:31:21.934+0800: 13.534: [PhantomReference, 0 refs, 0.0000037 secs]2024-07-26T01:31:21.934+0800: 13.534: [JNI Weak Reference, 0.0000049 secs]
Desired survivor size 10715136 bytes, new threshold 1 (max 1)
- age   1:   10485920 bytes,   10485920 total
: 187673K->10240K(188736K), 0.0023442 secs] 925011K->747577K(1027648K), 0.0023908 secs] [Times: user=0.02 sys=0.00, real=0.00 secs] 
Heap after GC invocations=532 (full 45):
 par new generation   total 188736K, used 10240K [0x00000000c0000000, 0x00000000cccc0000, 0x00000000cccc0000)
  eden space 167808K,   0% used [0x00000000c0000000, 0x00000000c0000000, 0x00000000ca3e0000)
  from space 20928K,  48% used [0x00000000ca3e0000, 0x00000000cade00a0, 0x00000000cb850000)
  to   space 20928K,   0% used [0x00000000cb850000, 0x00000000cb850000, 0x00000000cccc0000)
 concurrent mark-sweep generation total 838912K, used 737337K [0x00000000cccc0000, 0x0000000100000000, 0x0000000100000000)
 Metaspace       used 3935K, capacity 4540K, committed 4864K, reserved 1056768K
  class space    used 425K, capacity 428K, committed 512K, reserved 1048576K
}
2024-07-26T01:31:21.934+0800: 13.534: Total time for which application threads were stopped: 0.0025201 seconds, Stopping threads took: 0.0000242 seconds
{Heap before GC invocations=532 (full 45):
 par new generation   total 188736K, used 177433K [0x00000000c0000000, 0x00000000cccc0000, 0x00000000cccc0000)
  eden space 167808K,  99% used [0x00000000c0000000, 0x00000000ca346440, 0x00000000ca3e0000)
  from space 20928K,  48% used [0x00000000ca3e0000, 0x00000000cade00a0, 0x00000000cb850000)
  to   space 20928K,   0% used [0x00000000cb850000, 0x00000000cb850000, 0x00000000cccc0000)
 concurrent mark-sweep generation total 838912K, used 737337K [0x00000000cccc0000, 0x0000000100000000, 0x0000000100000000)
 Metaspace       used 3935K, capacity 4540K, committed 4864K, reserved 1056768K
  class space    used 425K, capacity 428K, committed 512K, reserved 1048576K
2024-07-26T01:31:21.955+0800: 13.554: [GC (Allocation Failure) 2024-07-26T01:31:21.955+0800: 13.554: [ParNew2024-07-26T01:31:21.967+0800: 13.566: [SoftReference, 0 refs, 0.0000661 secs]2024-07-26T01:31:21.967+0800: 13.566: [WeakReference, 0 refs, 0.0000078 secs]2024-07-26T01:31:21.967+0800: 13.566: [FinalReference, 0 refs, 0.0000069 secs]2024-07-26T01:31:21.967+0800: 13.566: [PhantomReference, 0 refs, 0.0000067 secs]2024-07-26T01:31:21.967+0800: 13.566: [JNI Weak Reference, 0.0000114 secs]
Desired survivor size 10715136 bytes, new threshold 1 (max 1)
- age   1:   20971840 bytes,   20971840 total
: 177433K->20480K(188736K), 0.0119291 secs] 914770K->811066K(1027648K), 0.0119805 secs] [Times: user=0.01 sys=0.00, real=0.01 secs] 
Heap after GC invocations=533 (full 45):
 par new generation   total 188736K, used 20480K [0x00000000c0000000, 0x00000000cccc0000, 0x00000000cccc0000)
  eden space 167808K,   0% used [0x00000000c0000000, 0x00000000c0000000, 0x00000000ca3e0000)
  from space 20928K,  97% used [0x00000000cb850000, 0x00000000ccc50140, 0x00000000cccc0000)
  to   space 20928K,   0% used [0x00000000ca3e0000, 0x00000000ca3e0000, 0x00000000cb850000)
 concurrent mark-sweep generation total 838912K, used 790586K [0x00000000cccc0000, 0x0000000100000000, 0x0000000100000000)
 Metaspace       used 3935K, capacity 4540K, committed 4864K, reserved 1056768K
  class space    used 425K, capacity 428K, committed 512K, reserved 1048576K
}
2024-07-26T01:31:21.967+0800: 13.566: Total time for which application threads were stopped: 0.0121236 seconds, Stopping threads took: 0.0000222 seconds
{Heap before GC invocations=533 (full 45):
 par new generation   total 188736K, used 187673K [0x00000000c0000000, 0x00000000cccc0000, 0x00000000cccc0000)
  eden space 167808K,  99% used [0x00000000c0000000, 0x00000000ca346440, 0x00000000ca3e0000)
  from space 20928K,  97% used [0x00000000cb850000, 0x00000000ccc50140, 0x00000000cccc0000)
  to   space 20928K,   0% used [0x00000000ca3e0000, 0x00000000ca3e0000, 0x00000000cb850000)
 concurrent mark-sweep generation total 838912K, used 790586K [0x00000000cccc0000, 0x0000000100000000, 0x0000000100000000)
 Metaspace       used 3935K, capacity 4540K, committed 4864K, reserved 1056768K
  class space    used 425K, capacity 428K, committed 512K, reserved 1048576K
2024-07-26T01:31:21.982+0800: 13.582: [GC (Allocation Failure) 2024-07-26T01:31:21.982+0800: 13.582: [ParNew: 187673K->187673K(188736K), 0.0000155 secs]2024-07-26T01:31:21.982+0800: 13.582: [CMS2024-07-26T01:31:21.982+0800: 13.582: [CMS-concurrent-abortable-preclean: 0.009/0.394 secs] [Times: user=0.61 sys=0.05, real=0.39 secs] 
 (concurrent mode failure)2024-07-26T01:31:21.983+0800: 13.583: [SoftReference, 0 refs, 0.0000160 secs]2024-07-26T01:31:21.983+0800: 13.583: [WeakReference, 2 refs, 0.0000084 secs]2024-07-26T01:31:21.983+0800: 13.583: [FinalReference, 2 refs, 0.0000041 secs]2024-07-26T01:31:21.983+0800: 13.583: [PhantomReference, 0 refs, 0.0000038 secs]2024-07-26T01:31:21.983+0800: 13.583: [JNI Weak Reference, 0.0000046 secs]: 790586K->34848K(838912K), 0.0074303 secs] 978259K->34848K(1027648K), [Metaspace: 3935K->3935K(1056768K)], 0.0075076 secs] [Times: user=0.00 sys=0.00, real=0.01 secs] 
Heap after GC invocations=534 (full 46):
 par new generation   total 188736K, used 0K [0x00000000c0000000, 0x00000000cccc0000, 0x00000000cccc0000)
  eden space 167808K,   0% used [0x00000000c0000000, 0x00000000c0000000, 0x00000000ca3e0000)
  from space 20928K,   0% used [0x00000000cb850000, 0x00000000cb850000, 0x00000000cccc0000)
  to   space 20928K,   0% used [0x00000000ca3e0000, 0x00000000ca3e0000, 0x00000000cb850000)
 concurrent mark-sweep generation total 838912K, used 34848K [0x00000000cccc0000, 0x0000000100000000, 0x0000000100000000)
 Metaspace       used 3935K, capacity 4540K, committed 4864K, reserved 1056768K
  class space    used 425K, capacity 428K, committed 512K, reserved 1048576K
}
2024-07-26T01:31:21.990+0800: 13.590: Total time for which application threads were stopped: 0.0076303 seconds, Stopping threads took: 0.0000262 seconds
{Heap before GC invocations=534 (full 46):
 par new generation   total 188736K, used 167193K [0x00000000c0000000, 0x00000000cccc0000, 0x00000000cccc0000)
  eden space 167808K,  99% used [0x00000000c0000000, 0x00000000ca346440, 0x00000000ca3e0000)
  from space 20928K,   0% used [0x00000000cb850000, 0x00000000cb850000, 0x00000000cccc0000)
  to   space 20928K,   0% used [0x00000000ca3e0000, 0x00000000ca3e0000, 0x00000000cb850000)
 concurrent mark-sweep generation total 838912K, used 34848K [0x00000000cccc0000, 0x0000000100000000, 0x0000000100000000)
 Metaspace       used 3935K, capacity 4540K, committed 4864K, reserved 1056768K
  class space    used 425K, capacity 428K, committed 512K, reserved 1048576K
2024-07-26T01:31:22.005+0800: 13.604: [GC (Allocation Failure) 2024-07-26T01:31:22.005+0800: 13.604: [ParNew2024-07-26T01:31:22.019+0800: 13.619: [SoftReference, 0 refs, 0.0000305 secs]2024-07-26T01:31:22.019+0800: 13.619: [WeakReference, 0 refs, 0.0000044 secs]2024-07-26T01:31:22.019+0800: 13.619: [FinalReference, 0 refs, 0.0000040 secs]2024-07-26T01:31:22.019+0800: 13.619: [PhantomReference, 0 refs, 0.0000052 secs]2024-07-26T01:31:22.019+0800: 13.619: [JNI Weak Reference, 0.0000043 secs]
Desired survivor size 10715136 bytes, new threshold 1 (max 1)
- age   1:   20971840 bytes,   20971840 total
: 167193K->20480K(188736K), 0.0145869 secs] 202041K->132132K(1027648K), 0.0146240 secs] [Times: user=0.08 sys=0.00, real=0.01 secs] 
Heap after GC invocations=535 (full 46):
 par new generation   total 188736K, used 20480K [0x00000000c0000000, 0x00000000cccc0000, 0x00000000cccc0000)
  eden space 167808K,   0% used [0x00000000c0000000, 0x00000000c0000000, 0x00000000ca3e0000)
  from space 20928K,  97% used [0x00000000ca3e0000, 0x00000000cb7e0140, 0x00000000cb850000)
  to   space 20928K,   0% used [0x00000000cb850000, 0x00000000cb850000, 0x00000000cccc0000)
 concurrent mark-sweep generation total 838912K, used 111651K [0x00000000cccc0000, 0x0000000100000000, 0x0000000100000000)
 Metaspace       used 3935K, capacity 4540K, committed 4864K, reserved 1056768K
  class space    used 425K, capacity 428K, committed 512K, reserved 1048576K
}
2024-07-26T01:31:22.019+0800: 13.619: Total time for which application threads were stopped: 0.0147408 seconds, Stopping threads took: 0.0000225 seconds
{Heap before GC invocations=535 (full 46):
 par new generation   total 188736K, used 187673K [0x00000000c0000000, 0x00000000cccc0000, 0x00000000cccc0000)
  eden space 167808K,  99% used [0x00000000c0000000, 0x00000000ca346440, 0x00000000ca3e0000)
  from space 20928K,  97% used [0x00000000ca3e0000, 0x00000000cb7e0140, 0x00000000cb850000)
  to   space 20928K,   0% used [0x00000000cb850000, 0x00000000cb850000, 0x00000000cccc0000)
 concurrent mark-sweep generation total 838912K, used 111651K [0x00000000cccc0000, 0x0000000100000000, 0x0000000100000000)
 Metaspace       used 3935K, capacity 4540K, committed 4864K, reserved 1056768K
  class space    used 425K, capacity 428K, committed 512K, reserved 1048576K
2024-07-26T01:31:22.034+0800: 13.634: [GC (Allocation Failure) 2024-07-26T01:31:22.034+0800: 13.634: [ParNew2024-07-26T01:31:22.043+0800: 13.642: [SoftReference, 0 refs, 0.0000366 secs]2024-07-26T01:31:22.043+0800: 13.643: [WeakReference, 0 refs, 0.0000046 secs]2024-07-26T01:31:22.043+0800: 13.643: [FinalReference, 0 refs, 0.0000040 secs]2024-07-26T01:31:22.043+0800: 13.643: [PhantomReference, 0 refs, 0.0000039 secs]2024-07-26T01:31:22.043+0800: 13.643: [JNI Weak Reference, 0.0000048 secs]
Desired survivor size 10715136 bytes, new threshold 1 (max 1)
- age   1:   20971840 bytes,   20971840 total
: 187673K->20480K(188736K), 0.0084237 secs] 299325K->168998K(1027648K), 0.0084655 secs] [Times: user=0.02 sys=0.00, real=0.01 secs] 
Heap after GC invocations=536 (full 46):
 par new generation   total 188736K, used 20480K [0x00000000c0000000, 0x00000000cccc0000, 0x00000000cccc0000)
  eden space 167808K,   0% used [0x00000000c0000000, 0x00000000c0000000, 0x00000000ca3e0000)
  from space 20928K,  97% used [0x00000000cb850000, 0x00000000ccc50140, 0x00000000cccc0000)
  to   space 20928K,   0% used [0x00000000ca3e0000, 0x00000000ca3e0000, 0x00000000cb850000)
 concurrent mark-sweep generation total 838912K, used 148518K [0x00000000cccc0000, 0x0000000100000000, 0x0000000100000000)
 Metaspace       used 3935K, capacity 4540K, committed 4864K, reserved 1056768K
  class space    used 425K, capacity 428K, committed 512K, reserved 1048576K
}
2024-07-26T01:31:22.043+0800: 13.643: Total time for which application threads were stopped: 0.0085847 seconds, Stopping threads took: 0.0000234 seconds
{Heap before GC invocations=536 (full 46):
 par new generation   total 188736K, used 187673K [0x00000000c0000000, 0x00000000cccc0000, 0x00000000cccc0000)
  eden space 167808K,  99% used [0x00000000c0000000, 0x00000000ca346440, 0x00000000ca3e0000)
  from space 20928K,  97% used [0x00000000cb850000, 0x00000000ccc50140, 0x00000000cccc0000)
  to   space 20928K,   0% used [0x00000000ca3e0000, 0x00000000ca3e0000, 0x00000000cb850000)
 concurrent mark-sweep generation total 838912K, used 148518K [0x00000000cccc0000, 0x0000000100000000, 0x0000000100000000)
 Metaspace       used 3935K, capacity 4540K, committed 4864K, reserved 1056768K
  class space    used 425K, capacity 428K, committed 512K, reserved 1048576K
2024-07-26T01:31:22.059+0800: 13.659: [GC (Allocation Failure) 2024-07-26T01:31:22.059+0800: 13.659: [ParNew2024-07-26T01:31:22.062+0800: 13.662: [SoftReference, 0 refs, 0.0000321 secs]2024-07-26T01:31:22.062+0800: 13.662: [WeakReference, 0 refs, 0.0000044 secs]2024-07-26T01:31:22.062+0800: 13.662: [FinalReference, 0 refs, 0.0000039 secs]2024-07-26T01:31:22.062+0800: 13.662: [PhantomReference, 0 refs, 0.0000037 secs]2024-07-26T01:31:22.062+0800: 13.662: [JNI Weak Reference, 0.0000042 secs]
Desired survivor size 10715136 bytes, new threshold 1 (max 1)
- age   1:   17826064 bytes,   17826064 total
: 187673K->17408K(188736K), 0.0034424 secs] 336191K->165926K(1027648K), 0.0034841 secs] [Times: user=0.00 sys=0.00, real=0.00 secs] 
Heap after GC invocations=537 (full 46):
 par new generation   total 188736K, used 17408K [0x00000000c0000000, 0x00000000cccc0000, 0x00000000cccc0000)
  eden space 167808K,   0% used [0x00000000c0000000, 0x00000000c0000000, 0x00000000ca3e0000)
  from space 20928K,  83% used [0x00000000ca3e0000, 0x00000000cb4e0110, 0x00000000cb850000)
  to   space 20928K,   0% used [0x00000000cb850000, 0x00000000cb850000, 0x00000000cccc0000)
 concurrent mark-sweep generation total 838912K, used 148518K [0x00000000cccc0000, 0x0000000100000000, 0x0000000100000000)
 Metaspace       used 3935K, capacity 4540K, committed 4864K, reserved 1056768K
  class space    used 425K, capacity 428K, committed 512K, reserved 1048576K
}
2024-07-26T01:31:22.063+0800: 13.662: Total time for which application threads were stopped: 0.0036062 seconds, Stopping threads took: 0.0000245 seconds
{Heap before GC invocations=537 (full 46):
 par new generation   total 188736K, used 184601K [0x00000000c0000000, 0x00000000cccc0000, 0x00000000cccc0000)
  eden space 167808K,  99% used [0x00000000c0000000, 0x00000000ca346440, 0x00000000ca3e0000)
  from space 20928K,  83% used [0x00000000ca3e0000, 0x00000000cb4e0110, 0x00000000cb850000)
  to   space 20928K,   0% used [0x00000000cb850000, 0x00000000cb850000, 0x00000000cccc0000)
 concurrent mark-sweep generation total 838912K, used 148518K [0x00000000cccc0000, 0x0000000100000000, 0x0000000100000000)
 Metaspace       used 3935K, capacity 4540K, committed 4864K, reserved 1056768K
  class space    used 425K, capacity 428K, committed 512K, reserved 1048576K
2024-07-26T01:31:22.078+0800: 13.677: [GC (Allocation Failure) 2024-07-26T01:31:22.078+0800: 13.677: [ParNew2024-07-26T01:31:22.093+0800: 13.693: [SoftReference, 0 refs, 0.0000293 secs]2024-07-26T01:31:22.093+0800: 13.693: [WeakReference, 0 refs, 0.0000041 secs]2024-07-26T01:31:22.093+0800: 13.693: [FinalReference, 0 refs, 0.0000036 secs]2024-07-26T01:31:22.093+0800: 13.693: [PhantomReference, 0 refs, 0.0000035 secs]2024-07-26T01:31:22.093+0800: 13.693: [JNI Weak Reference, 0.0000041 secs]
Desired survivor size 10715136 bytes, new threshold 1 (max 1)
- age   1:   20971840 bytes,   20971840 total
: 184601K->20480K(188736K), 0.0155689 secs] 333119K->229417K(1027648K), 0.0156258 secs] [Times: user=0.06 sys=0.00, real=0.01 secs] 
Heap after GC invocations=538 (full 46):
 par new generation   total 188736K, used 20480K [0x00000000c0000000, 0x00000000cccc0000, 0x00000000cccc0000)
  eden space 167808K,   0% used [0x00000000c0000000, 0x00000000c0000000, 0x00000000ca3e0000)
  from space 20928K,  97% used [0x00000000cb850000, 0x00000000ccc50140, 0x00000000cccc0000)
  to   space 20928K,   0% used [0x00000000ca3e0000, 0x00000000ca3e0000, 0x00000000cb850000)
 concurrent mark-sweep generation total 838912K, used 208937K [0x00000000cccc0000, 0x0000000100000000, 0x0000000100000000)
 Metaspace       used 3935K, capacity 4540K, committed 4864K, reserved 1056768K
  class space    used 425K, capacity 428K, committed 512K, reserved 1048576K
}
2024-07-26T01:31:22.093+0800: 13.693: Total time for which application threads were stopped: 0.0157406 seconds, Stopping threads took: 0.0000237 seconds
{Heap before GC invocations=538 (full 46):
 par new generation   total 188736K, used 187673K [0x00000000c0000000, 0x00000000cccc0000, 0x00000000cccc0000)
  eden space 167808K,  99% used [0x00000000c0000000, 0x00000000ca346440, 0x00000000ca3e0000)
  from space 20928K,  97% used [0x00000000cb850000, 0x00000000ccc50140, 0x00000000cccc0000)
  to   space 20928K,   0% used [0x00000000ca3e0000, 0x00000000ca3e0000, 0x00000000cb850000)
 concurrent mark-sweep generation total 838912K, used 208937K [0x00000000cccc0000, 0x0000000100000000, 0x0000000100000000)
 Metaspace       used 3935K, capacity 4540K, committed 4864K, reserved 1056768K
  class space    used 425K, capacity 428K, committed 512K, reserved 1048576K
2024-07-26T01:31:22.110+0800: 13.710: [GC (Allocation Failure) 2024-07-26T01:31:22.110+0800: 13.710: [ParNew2024-07-26T01:31:22.119+0800: 13.718: [SoftReference, 0 refs, 0.0000380 secs]2024-07-26T01:31:22.119+0800: 13.718: [WeakReference, 0 refs, 0.0000047 secs]2024-07-26T01:31:22.119+0800: 13.718: [FinalReference, 0 refs, 0.0000038 secs]2024-07-26T01:31:22.119+0800: 13.718: [PhantomReference, 0 refs, 0.0000037 secs]2024-07-26T01:31:22.119+0800: 13.718: [JNI Weak Reference, 0.0000045 secs]
Desired survivor size 10715136 bytes, new threshold 1 (max 1)
- age   1:   20971840 bytes,   20971840 total
: 187673K->20480K(188736K), 0.0084039 secs] 396610K->249898K(1027648K), 0.0084465 secs] [Times: user=0.00 sys=0.00, real=0.01 secs] 
Heap after GC invocations=539 (full 46):
 par new generation   total 188736K, used 20480K [0x00000000c0000000, 0x00000000cccc0000, 0x00000000cccc0000)
  eden space 167808K,   0% used [0x00000000c0000000, 0x00000000c0000000, 0x00000000ca3e0000)
  from space 20928K,  97% used [0x00000000ca3e0000, 0x00000000cb7e0140, 0x00000000cb850000)
  to   space 20928K,   0% used [0x00000000cb850000, 0x00000000cb850000, 0x00000000cccc0000)
 concurrent mark-sweep generation total 838912K, used 229417K [0x00000000cccc0000, 0x0000000100000000, 0x0000000100000000)
 Metaspace       used 3935K, capacity 4540K, committed 4864K, reserved 1056768K
  class space    used 425K, capacity 428K, committed 512K, reserved 1048576K
}
2024-07-26T01:31:22.119+0800: 13.718: Total time for which application threads were stopped: 0.0085687 seconds, Stopping threads took: 0.0000239 seconds
{Heap before GC invocations=539 (full 46):
 par new generation   total 188736K, used 187673K [0x00000000c0000000, 0x00000000cccc0000, 0x00000000cccc0000)
  eden space 167808K,  99% used [0x00000000c0000000, 0x00000000ca346440, 0x00000000ca3e0000)
  from space 20928K,  97% used [0x00000000ca3e0000, 0x00000000cb7e0140, 0x00000000cb850000)
  to   space 20928K,   0% used [0x00000000cb850000, 0x00000000cb850000, 0x00000000cccc0000)
 concurrent mark-sweep generation total 838912K, used 229417K [0x00000000cccc0000, 0x0000000100000000, 0x0000000100000000)
 Metaspace       used 3935K, capacity 4540K, committed 4864K, reserved 1056768K
  class space    used 425K, capacity 428K, committed 512K, reserved 1048576K
2024-07-26T01:31:22.150+0800: 13.750: [GC (Allocation Failure) 2024-07-26T01:31:22.151+0800: 13.750: [ParNew2024-07-26T01:31:22.158+0800: 13.757: [SoftReference, 0 refs, 0.0000761 secs]2024-07-26T01:31:22.158+0800: 13.757: [WeakReference, 0 refs, 0.0000109 secs]2024-07-26T01:31:22.158+0800: 13.757: [FinalReference, 0 refs, 0.0000091 secs]2024-07-26T01:31:22.158+0800: 13.757: [PhantomReference, 0 refs, 0.0000136 secs]2024-07-26T01:31:22.158+0800: 13.757: [JNI Weak Reference, 0.0000086 secs]
Desired survivor size 10715136 bytes, new threshold 1 (max 1)
- age   1:    1048592 bytes,    1048592 total
: 187673K->1024K(188736K), 0.0074200 secs] 417091K->230441K(1027648K), 0.0075003 secs] [Times: user=0.00 sys=0.00, real=0.01 secs] 
Heap after GC invocations=540 (full 46):
 par new generation   total 188736K, used 1024K [0x00000000c0000000, 0x00000000cccc0000, 0x00000000cccc0000)
  eden space 167808K,   0% used [0x00000000c0000000, 0x00000000c0000000, 0x00000000ca3e0000)
  from space 20928K,   4% used [0x00000000cb850000, 0x00000000cb950010, 0x00000000cccc0000)
  to   space 20928K,   0% used [0x00000000ca3e0000, 0x00000000ca3e0000, 0x00000000cb850000)
 concurrent mark-sweep generation total 838912K, used 229417K [0x00000000cccc0000, 0x0000000100000000, 0x0000000100000000)
 Metaspace       used 3935K, capacity 4540K, committed 4864K, reserved 1056768K
  class space    used 425K, capacity 428K, committed 512K, reserved 1048576K
}
2024-07-26T01:31:22.158+0800: 13.757: Total time for which application threads were stopped: 0.0077007 seconds, Stopping threads took: 0.0000432 seconds
{Heap before GC invocations=540 (full 46):
 par new generation   total 188736K, used 168217K [0x00000000c0000000, 0x00000000cccc0000, 0x00000000cccc0000)
  eden space 167808K,  99% used [0x00000000c0000000, 0x00000000ca346440, 0x00000000ca3e0000)
  from space 20928K,   4% used [0x00000000cb850000, 0x00000000cb950010, 0x00000000cccc0000)
  to   space 20928K,   0% used [0x00000000ca3e0000, 0x00000000ca3e0000, 0x00000000cb850000)
 concurrent mark-sweep generation total 838912K, used 229417K [0x00000000cccc0000, 0x0000000100000000, 0x0000000100000000)
 Metaspace       used 3935K, capacity 4540K, committed 4864K, reserved 1056768K
  class space    used 425K, capacity 428K, committed 512K, reserved 1048576K
2024-07-26T01:31:22.180+0800: 13.780: [GC (Allocation Failure) 2024-07-26T01:31:22.180+0800: 13.780: [ParNew2024-07-26T01:31:22.193+0800: 13.793: [SoftReference, 0 refs, 0.0000338 secs]2024-07-26T01:31:22.193+0800: 13.793: [WeakReference, 0 refs, 0.0000045 secs]2024-07-26T01:31:22.193+0800: 13.793: [FinalReference, 0 refs, 0.0000040 secs]2024-07-26T01:31:22.193+0800: 13.793: [PhantomReference, 0 refs, 0.0000075 secs]2024-07-26T01:31:22.193+0800: 13.793: [JNI Weak Reference, 0.0000043 secs]
Desired survivor size 10715136 bytes, new threshold 1 (max 1)
- age   1:   20971840 bytes,   20971840 total
: 168217K->20480K(188736K), 0.0136149 secs] 397634K->293930K(1027648K), 0.0136566 secs] [Times: user=0.11 sys=0.00, real=0.01 secs] 
Heap after GC invocations=541 (full 46):
 par new generation   total 188736K, used 20480K [0x00000000c0000000, 0x00000000cccc0000, 0x00000000cccc0000)
  eden space 167808K,   0% used [0x00000000c0000000, 0x00000000c0000000, 0x00000000ca3e0000)
  from space 20928K,  97% used [0x00000000ca3e0000, 0x00000000cb7e0140, 0x00000000cb850000)
  to   space 20928K,   0% used [0x00000000cb850000, 0x00000000cb850000, 0x00000000cccc0000)
 concurrent mark-sweep generation total 838912K, used 273450K [0x00000000cccc0000, 0x0000000100000000, 0x0000000100000000)
 Metaspace       used 3935K, capacity 4540K, committed 4864K, reserved 1056768K
  class space    used 425K, capacity 428K, committed 512K, reserved 1048576K
}
2024-07-26T01:31:22.193+0800: 13.793: Total time for which application threads were stopped: 0.0137813 seconds, Stopping threads took: 0.0000296 seconds
{Heap before GC invocations=541 (full 46):
 par new generation   total 188736K, used 187673K [0x00000000c0000000, 0x00000000cccc0000, 0x00000000cccc0000)
  eden space 167808K,  99% used [0x00000000c0000000, 0x00000000ca346440, 0x00000000ca3e0000)
  from space 20928K,  97% used [0x00000000ca3e0000, 0x00000000cb7e0140, 0x00000000cb850000)
  to   space 20928K,   0% used [0x00000000cb850000, 0x00000000cb850000, 0x00000000cccc0000)
 concurrent mark-sweep generation total 838912K, used 273450K [0x00000000cccc0000, 0x0000000100000000, 0x0000000100000000)
 Metaspace       used 3935K, capacity 4540K, committed 4864K, reserved 1056768K
  class space    used 425K, capacity 428K, committed 512K, reserved 1048576K
2024-07-26T01:31:22.210+0800: 13.810: [GC (Allocation Failure) 2024-07-26T01:31:22.210+0800: 13.810: [ParNew2024-07-26T01:31:22.215+0800: 13.814: [SoftReference, 0 refs, 0.0000415 secs]2024-07-26T01:31:22.215+0800: 13.814: [WeakReference, 0 refs, 0.0000043 secs]2024-07-26T01:31:22.215+0800: 13.814: [FinalReference, 0 refs, 0.0000039 secs]2024-07-26T01:31:22.215+0800: 13.814: [PhantomReference, 0 refs, 0.0000038 secs]2024-07-26T01:31:22.215+0800: 13.814: [JNI Weak Reference, 0.0000043 secs]
Desired survivor size 10715136 bytes, new threshold 1 (max 1)
- age   1:   20971840 bytes,   20971840 total
: 187673K->20480K(188736K), 0.0044193 secs] 461123K->298028K(1027648K), 0.0044600 secs] [Times: user=0.02 sys=0.00, real=0.00 secs] 
Heap after GC invocations=542 (full 46):
 par new generation   total 188736K, used 20480K [0x00000000c0000000, 0x00000000cccc0000, 0x00000000cccc0000)
  eden space 167808K,   0% used [0x00000000c0000000, 0x00000000c0000000, 0x00000000ca3e0000)
  from space 20928K,  97% used [0x00000000cb850000, 0x00000000ccc50140, 0x00000000cccc0000)
  to   space 20928K,   0% used [0x00000000ca3e0000, 0x00000000ca3e0000, 0x00000000cb850000)
 concurrent mark-sweep generation total 838912K, used 277548K [0x00000000cccc0000, 0x0000000100000000, 0x0000000100000000)
 Metaspace       used 3935K, capacity 4540K, committed 4864K, reserved 1056768K
  class space    used 425K, capacity 428K, committed 512K, reserved 1048576K
}
2024-07-26T01:31:22.215+0800: 13.814: Total time for which application threads were stopped: 0.0045796 seconds, Stopping threads took: 0.0000237 seconds
{Heap before GC invocations=542 (full 46):
 par new generation   total 188736K, used 187673K [0x00000000c0000000, 0x00000000cccc0000, 0x00000000cccc0000)
  eden space 167808K,  99% used [0x00000000c0000000, 0x00000000ca346440, 0x00000000ca3e0000)
  from space 20928K,  97% used [0x00000000cb850000, 0x00000000ccc50140, 0x00000000cccc0000)
  to   space 20928K,   0% used [0x00000000ca3e0000, 0x00000000ca3e0000, 0x00000000cb850000)
 concurrent mark-sweep generation total 838912K, used 277548K [0x00000000cccc0000, 0x0000000100000000, 0x0000000100000000)
 Metaspace       used 3935K, capacity 4540K, committed 4864K, reserved 1056768K
  class space    used 425K, capacity 428K, committed 512K, reserved 1048576K
2024-07-26T01:31:22.233+0800: 13.833: [GC (Allocation Failure) 2024-07-26T01:31:22.233+0800: 13.833: [ParNew2024-07-26T01:31:22.247+0800: 13.847: [SoftReference, 0 refs, 0.0000324 secs]2024-07-26T01:31:22.247+0800: 13.847: [WeakReference, 0 refs, 0.0000045 secs]2024-07-26T01:31:22.247+0800: 13.847: [FinalReference, 0 refs, 0.0000038 secs]2024-07-26T01:31:22.247+0800: 13.847: [PhantomReference, 0 refs, 0.0000037 secs]2024-07-26T01:31:22.247+0800: 13.847: [JNI Weak Reference, 0.0000043 secs]
Desired survivor size 10715136 bytes, new threshold 1 (max 1)
- age   1:   20971840 bytes,   20971840 total
: 187673K->20480K(188736K), 0.0144233 secs] 465221K->365616K(1027648K), 0.0144757 secs] [Times: user=0.02 sys=0.00, real=0.01 secs] 
Heap after GC invocations=543 (full 46):
 par new generation   total 188736K, used 20480K [0x00000000c0000000, 0x00000000cccc0000, 0x00000000cccc0000)
  eden space 167808K,   0% used [0x00000000c0000000, 0x00000000c0000000, 0x00000000ca3e0000)
  from space 20928K,  97% used [0x00000000ca3e0000, 0x00000000cb7e0140, 0x00000000cb850000)
  to   space 20928K,   0% used [0x00000000cb850000, 0x00000000cb850000, 0x00000000cccc0000)
 concurrent mark-sweep generation total 838912K, used 345135K [0x00000000cccc0000, 0x0000000100000000, 0x0000000100000000)
 Metaspace       used 3935K, capacity 4540K, committed 4864K, reserved 1056768K
  class space    used 425K, capacity 428K, committed 512K, reserved 1048576K
}
2024-07-26T01:31:22.247+0800: 13.847: Total time for which application threads were stopped: 0.0146078 seconds, Stopping threads took: 0.0000301 seconds
2024-07-26T01:31:22.248+0800: 13.847: [GC (CMS Initial Mark) [1 CMS-initial-mark: 345135K(838912K)] 366640K(1027648K), 0.0001824 secs] [Times: user=0.00 sys=0.00, real=0.00 secs] 
2024-07-26T01:31:22.248+0800: 13.847: Total time for which application threads were stopped: 0.0002777 seconds, Stopping threads took: 0.0000574 seconds
2024-07-26T01:31:22.248+0800: 13.847: [CMS-concurrent-mark-start]
2024-07-26T01:31:22.250+0800: 13.849: [CMS-concurrent-mark: 0.002/0.002 secs] [Times: user=0.00 sys=0.00, real=0.00 secs] 
2024-07-26T01:31:22.250+0800: 13.850: [CMS-concurrent-preclean-start]
2024-07-26T01:31:22.250+0800: 13.850: [Preclean SoftReferences, 0.0000085 secs]2024-07-26T01:31:22.250+0800: 13.850: [Preclean WeakReferences, 0.0000037 secs]2024-07-26T01:31:22.250+0800: 13.850: [Preclean FinalReferences, 0.0000030 secs]2024-07-26T01:31:22.250+0800: 13.850: [Preclean PhantomReferences, 0.0000029 secs]2024-07-26T01:31:22.250+0800: 13.850: [CMS-concurrent-preclean: 0.001/0.001 secs] [Times: user=0.00 sys=0.00, real=0.00 secs] 
2024-07-26T01:31:22.250+0800: 13.850: [CMS-concurrent-abortable-preclean-start]
{Heap before GC invocations=543 (full 47):
 par new generation   total 188736K, used 187673K [0x00000000c0000000, 0x00000000cccc0000, 0x00000000cccc0000)
  eden space 167808K,  99% used [0x00000000c0000000, 0x00000000ca346440, 0x00000000ca3e0000)
  from space 20928K,  97% used [0x00000000ca3e0000, 0x00000000cb7e0140, 0x00000000cb850000)
  to   space 20928K,   0% used [0x00000000cb850000, 0x00000000cb850000, 0x00000000cccc0000)
 concurrent mark-sweep generation total 838912K, used 345135K [0x00000000cccc0000, 0x0000000100000000, 0x0000000100000000)
 Metaspace       used 3935K, capacity 4540K, committed 4864K, reserved 1056768K
  class space    used 425K, capacity 428K, committed 512K, reserved 1048576K
2024-07-26T01:31:22.264+0800: 13.863: [GC (Allocation Failure) 2024-07-26T01:31:22.264+0800: 13.863: [ParNew2024-07-26T01:31:22.272+0800: 13.871: [SoftReference, 0 refs, 0.0000347 secs]2024-07-26T01:31:22.272+0800: 13.871: [WeakReference, 0 refs, 0.0000045 secs]2024-07-26T01:31:22.272+0800: 13.871: [FinalReference, 0 refs, 0.0000039 secs]2024-07-26T01:31:22.272+0800: 13.871: [PhantomReference, 0 refs, 0.0000038 secs]2024-07-26T01:31:22.272+0800: 13.871: [JNI Weak Reference, 0.0000069 secs]
Desired survivor size 10715136 bytes, new threshold 1 (max 1)
- age   1:   20971840 bytes,   20971840 total
: 187673K->20480K(188736K), 0.0081213 secs] 532809K->393266K(1027648K), 0.0081607 secs] [Times: user=0.00 sys=0.00, real=0.01 secs] 
Heap after GC invocations=544 (full 47):
 par new generation   total 188736K, used 20480K [0x00000000c0000000, 0x00000000cccc0000, 0x00000000cccc0000)
  eden space 167808K,   0% used [0x00000000c0000000, 0x00000000c0000000, 0x00000000ca3e0000)
  from space 20928K,  97% used [0x00000000cb850000, 0x00000000ccc50140, 0x00000000cccc0000)
  to   space 20928K,   0% used [0x00000000ca3e0000, 0x00000000ca3e0000, 0x00000000cb850000)
 concurrent mark-sweep generation total 838912K, used 372786K [0x00000000cccc0000, 0x0000000100000000, 0x0000000100000000)
 Metaspace       used 3935K, capacity 4540K, committed 4864K, reserved 1056768K
  class space    used 425K, capacity 428K, committed 512K, reserved 1048576K
}
2024-07-26T01:31:22.272+0800: 13.872: Total time for which application threads were stopped: 0.0082785 seconds, Stopping threads took: 0.0000226 seconds
{Heap before GC invocations=544 (full 47):
 par new generation   total 188736K, used 187673K [0x00000000c0000000, 0x00000000cccc0000, 0x00000000cccc0000)
  eden space 167808K,  99% used [0x00000000c0000000, 0x00000000ca346440, 0x00000000ca3e0000)
  from space 20928K,  97% used [0x00000000cb850000, 0x00000000ccc50140, 0x00000000cccc0000)
  to   space 20928K,   0% used [0x00000000ca3e0000, 0x00000000ca3e0000, 0x00000000cb850000)
 concurrent mark-sweep generation total 838912K, used 372786K [0x00000000cccc0000, 0x0000000100000000, 0x0000000100000000)
 Metaspace       used 3935K, capacity 4540K, committed 4864K, reserved 1056768K
  class space    used 425K, capacity 428K, committed 512K, reserved 1048576K
2024-07-26T01:31:22.287+0800: 13.886: [GC (Allocation Failure) 2024-07-26T01:31:22.287+0800: 13.887: [ParNew2024-07-26T01:31:22.289+0800: 13.888: [SoftReference, 0 refs, 0.0000738 secs]2024-07-26T01:31:22.289+0800: 13.888: [WeakReference, 0 refs, 0.0000084 secs]2024-07-26T01:31:22.289+0800: 13.888: [FinalReference, 0 refs, 0.0000075 secs]2024-07-26T01:31:22.289+0800: 13.888: [PhantomReference, 0 refs, 0.0000071 secs]2024-07-26T01:31:22.289+0800: 13.888: [JNI Weak Reference, 0.0000068 secs]
Desired survivor size 10715136 bytes, new threshold 1 (max 1)
- age   1:    8388736 bytes,    8388736 total
: 187673K->8192K(188736K), 0.0018830 secs] 560459K->380978K(1027648K), 0.0019342 secs] [Times: user=0.00 sys=0.00, real=0.00 secs] 
Heap after GC invocations=545 (full 47):
 par new generation   total 188736K, used 8192K [0x00000000c0000000, 0x00000000cccc0000, 0x00000000cccc0000)
  eden space 167808K,   0% used [0x00000000c0000000, 0x00000000c0000000, 0x00000000ca3e0000)
  from space 20928K,  39% used [0x00000000ca3e0000, 0x00000000cabe0080, 0x00000000cb850000)
  to   space 20928K,   0% used [0x00000000cb850000, 0x00000000cb850000, 0x00000000cccc0000)
 concurrent mark-sweep generation total 838912K, used 372786K [0x00000000cccc0000, 0x0000000100000000, 0x0000000100000000)
 Metaspace       used 3935K, capacity 4540K, committed 4864K, reserved 1056768K
  class space    used 425K, capacity 428K, committed 512K, reserved 1048576K
}
2024-07-26T01:31:22.289+0800: 13.888: Total time for which application threads were stopped: 0.0020757 seconds, Stopping threads took: 0.0000258 seconds
{Heap before GC invocations=545 (full 47):
 par new generation   total 188736K, used 175385K [0x00000000c0000000, 0x00000000cccc0000, 0x00000000cccc0000)
  eden space 167808K,  99% used [0x00000000c0000000, 0x00000000ca346440, 0x00000000ca3e0000)
  from space 20928K,  39% used [0x00000000ca3e0000, 0x00000000cabe0080, 0x00000000cb850000)
  to   space 20928K,   0% used [0x00000000cb850000, 0x00000000cb850000, 0x00000000cccc0000)
 concurrent mark-sweep generation total 838912K, used 372786K [0x00000000cccc0000, 0x0000000100000000, 0x0000000100000000)
 Metaspace       used 3935K, capacity 4540K, committed 4864K, reserved 1056768K
  class space    used 425K, capacity 428K, committed 512K, reserved 1048576K
2024-07-26T01:31:22.303+0800: 13.902: [GC (Allocation Failure) 2024-07-26T01:31:22.303+0800: 13.903: [ParNew2024-07-26T01:31:22.313+0800: 13.913: [SoftReference, 0 refs, 0.0000328 secs]2024-07-26T01:31:22.313+0800: 13.913: [WeakReference, 0 refs, 0.0000048 secs]2024-07-26T01:31:22.313+0800: 13.913: [FinalReference, 0 refs, 0.0000041 secs]2024-07-26T01:31:22.313+0800: 13.913: [PhantomReference, 0 refs, 0.0000041 secs]2024-07-26T01:31:22.313+0800: 13.913: [JNI Weak Reference, 0.0000045 secs]
Desired survivor size 10715136 bytes, new threshold 1 (max 1)
- age   1:   20971840 bytes,   20971840 total
: 175385K->20480K(188736K), 0.0103610 secs] 548171K->444467K(1027648K), 0.0104004 secs] [Times: user=0.06 sys=0.00, real=0.01 secs] 
Heap after GC invocations=546 (full 47):
 par new generation   total 188736K, used 20480K [0x00000000c0000000, 0x00000000cccc0000, 0x00000000cccc0000)
  eden space 167808K,   0% used [0x00000000c0000000, 0x00000000c0000000, 0x00000000ca3e0000)
  from space 20928K,  97% used [0x00000000cb850000, 0x00000000ccc50140, 0x00000000cccc0000)
  to   space 20928K,   0% used [0x00000000ca3e0000, 0x00000000ca3e0000, 0x00000000cb850000)
 concurrent mark-sweep generation total 838912K, used 423986K [0x00000000cccc0000, 0x0000000100000000, 0x0000000100000000)
 Metaspace       used 3935K, capacity 4540K, committed 4864K, reserved 1056768K
  class space    used 425K, capacity 428K, committed 512K, reserved 1048576K
}
2024-07-26T01:31:22.313+0800: 13.913: Total time for which application threads were stopped: 0.0105106 seconds, Stopping threads took: 0.0000210 seconds
{Heap before GC invocations=546 (full 47):
 par new generation   total 188736K, used 187673K [0x00000000c0000000, 0x00000000cccc0000, 0x00000000cccc0000)
  eden space 167808K,  99% used [0x00000000c0000000, 0x00000000ca346440, 0x00000000ca3e0000)
  from space 20928K,  97% used [0x00000000cb850000, 0x00000000ccc50140, 0x00000000cccc0000)
  to   space 20928K,   0% used [0x00000000ca3e0000, 0x00000000ca3e0000, 0x00000000cb850000)
 concurrent mark-sweep generation total 838912K, used 423986K [0x00000000cccc0000, 0x0000000100000000, 0x0000000100000000)
 Metaspace       used 3935K, capacity 4540K, committed 4864K, reserved 1056768K
  class space    used 425K, capacity 428K, committed 512K, reserved 1048576K
2024-07-26T01:31:22.328+0800: 13.928: [GC (Allocation Failure) 2024-07-26T01:31:22.328+0800: 13.928: [ParNew2024-07-26T01:31:22.333+0800: 13.933: [SoftReference, 0 refs, 0.0000372 secs]2024-07-26T01:31:22.333+0800: 13.933: [WeakReference, 0 refs, 0.0000046 secs]2024-07-26T01:31:22.333+0800: 13.933: [FinalReference, 0 refs, 0.0000041 secs]2024-07-26T01:31:22.333+0800: 13.933: [PhantomReference, 0 refs, 0.0000037 secs]2024-07-26T01:31:22.333+0800: 13.933: [JNI Weak Reference, 0.0000044 secs]
Desired survivor size 10715136 bytes, new threshold 1 (max 1)
- age   1:   20971840 bytes,   20971840 total
: 187673K->20480K(188736K), 0.0048956 secs] 611660K->455731K(1027648K), 0.0049348 secs] [Times: user=0.00 sys=0.00, real=0.00 secs] 
Heap after GC invocations=547 (full 47):
 par new generation   total 188736K, used 20480K [0x00000000c0000000, 0x00000000cccc0000, 0x00000000cccc0000)
  eden space 167808K,   0% used [0x00000000c0000000, 0x00000000c0000000, 0x00000000ca3e0000)
  from space 20928K,  97% used [0x00000000ca3e0000, 0x00000000cb7e0140, 0x00000000cb850000)
  to   space 20928K,   0% used [0x00000000cb850000, 0x00000000cb850000, 0x00000000cccc0000)
 concurrent mark-sweep generation total 838912K, used 435251K [0x00000000cccc0000, 0x0000000100000000, 0x0000000100000000)
 Metaspace       used 3935K, capacity 4540K, committed 4864K, reserved 1056768K
  class space    used 425K, capacity 428K, committed 512K, reserved 1048576K
}
2024-07-26T01:31:22.333+0800: 13.933: Total time for which application threads were stopped: 0.0050521 seconds, Stopping threads took: 0.0000237 seconds
{Heap before GC invocations=547 (full 47):
 par new generation   total 188736K, used 187673K [0x00000000c0000000, 0x00000000cccc0000, 0x00000000cccc0000)
  eden space 167808K,  99% used [0x00000000c0000000, 0x00000000ca346440, 0x00000000ca3e0000)
  from space 20928K,  97% used [0x00000000ca3e0000, 0x00000000cb7e0140, 0x00000000cb850000)
  to   space 20928K,   0% used [0x00000000cb850000, 0x00000000cb850000, 0x00000000cccc0000)
 concurrent mark-sweep generation total 838912K, used 435251K [0x00000000cccc0000, 0x0000000100000000, 0x0000000100000000)
 Metaspace       used 3935K, capacity 4540K, committed 4864K, reserved 1056768K
  class space    used 425K, capacity 428K, committed 512K, reserved 1048576K
2024-07-26T01:31:22.349+0800: 13.948: [GC (Allocation Failure) 2024-07-26T01:31:22.349+0800: 13.948: [ParNew2024-07-26T01:31:22.363+0800: 13.963: [SoftReference, 0 refs, 0.0000467 secs]2024-07-26T01:31:22.363+0800: 13.963: [WeakReference, 0 refs, 0.0000043 secs]2024-07-26T01:31:22.363+0800: 13.963: [FinalReference, 0 refs, 0.0000039 secs]2024-07-26T01:31:22.363+0800: 13.963: [PhantomReference, 0 refs, 0.0000038 secs]2024-07-26T01:31:22.363+0800: 13.963: [JNI Weak Reference, 0.0000051 secs]
Desired survivor size 10715136 bytes, new threshold 1 (max 1)
- age   1:   20971840 bytes,   20971840 total
: 187673K->20480K(188736K), 0.0150978 secs] 622924K->530484K(1027648K), 0.0151439 secs] [Times: user=0.00 sys=0.00, real=0.02 secs] 
Heap after GC invocations=548 (full 47):
 par new generation   total 188736K, used 20480K [0x00000000c0000000, 0x00000000cccc0000, 0x00000000cccc0000)
  eden space 167808K,   0% used [0x00000000c0000000, 0x00000000c0000000, 0x00000000ca3e0000)
  from space 20928K,  97% used [0x00000000cb850000, 0x00000000ccc50140, 0x00000000cccc0000)
  to   space 20928K,   0% used [0x00000000ca3e0000, 0x00000000ca3e0000, 0x00000000cb850000)
 concurrent mark-sweep generation total 838912K, used 510004K [0x00000000cccc0000, 0x0000000100000000, 0x0000000100000000)
 Metaspace       used 3935K, capacity 4540K, committed 4864K, reserved 1056768K
  class space    used 425K, capacity 428K, committed 512K, reserved 1048576K
}
2024-07-26T01:31:22.364+0800: 13.963: Total time for which application threads were stopped: 0.0152856 seconds, Stopping threads took: 0.0000248 seconds
{Heap before GC invocations=548 (full 47):
 par new generation   total 188736K, used 187673K [0x00000000c0000000, 0x00000000cccc0000, 0x00000000cccc0000)
  eden space 167808K,  99% used [0x00000000c0000000, 0x00000000ca346440, 0x00000000ca3e0000)
  from space 20928K,  97% used [0x00000000cb850000, 0x00000000ccc50140, 0x00000000cccc0000)
  to   space 20928K,   0% used [0x00000000ca3e0000, 0x00000000ca3e0000, 0x00000000cb850000)
 concurrent mark-sweep generation total 838912K, used 510004K [0x00000000cccc0000, 0x0000000100000000, 0x0000000100000000)
 Metaspace       used 3935K, capacity 4540K, committed 4864K, reserved 1056768K
  class space    used 425K, capacity 428K, committed 512K, reserved 1048576K
2024-07-26T01:31:22.379+0800: 13.978: [GC (Allocation Failure) 2024-07-26T01:31:22.379+0800: 13.979: [ParNew2024-07-26T01:31:22.388+0800: 13.987: [SoftReference, 0 refs, 0.0000301 secs]2024-07-26T01:31:22.388+0800: 13.987: [WeakReference, 0 refs, 0.0000046 secs]2024-07-26T01:31:22.388+0800: 13.987: [FinalReference, 0 refs, 0.0000039 secs]2024-07-26T01:31:22.388+0800: 13.987: [PhantomReference, 0 refs, 0.0000036 secs]2024-07-26T01:31:22.388+0800: 13.987: [JNI Weak Reference, 0.0000043 secs]
Desired survivor size 10715136 bytes, new threshold 1 (max 1)
- age   1:   20971840 bytes,   20971840 total
: 187673K->20480K(188736K), 0.0089869 secs] 697677K->565301K(1027648K), 0.0090373 secs] [Times: user=0.00 sys=0.00, real=0.01 secs] 
Heap after GC invocations=549 (full 47):
 par new generation   total 188736K, used 20480K [0x00000000c0000000, 0x00000000cccc0000, 0x00000000cccc0000)
  eden space 167808K,   0% used [0x00000000c0000000, 0x00000000c0000000, 0x00000000ca3e0000)
  from space 20928K,  97% used [0x00000000ca3e0000, 0x00000000cb7e0140, 0x00000000cb850000)
  to   space 20928K,   0% used [0x00000000cb850000, 0x00000000cb850000, 0x00000000cccc0000)
 concurrent mark-sweep generation total 838912K, used 544820K [0x00000000cccc0000, 0x0000000100000000, 0x0000000100000000)
 Metaspace       used 3935K, capacity 4540K, committed 4864K, reserved 1056768K
  class space    used 425K, capacity 428K, committed 512K, reserved 1048576K
}
2024-07-26T01:31:22.388+0800: 13.988: Total time for which application threads were stopped: 0.0091565 seconds, Stopping threads took: 0.0000285 seconds
{Heap before GC invocations=549 (full 47):
 par new generation   total 188736K, used 187673K [0x00000000c0000000, 0x00000000cccc0000, 0x00000000cccc0000)
  eden space 167808K,  99% used [0x00000000c0000000, 0x00000000ca346440, 0x00000000ca3e0000)
  from space 20928K,  97% used [0x00000000ca3e0000, 0x00000000cb7e0140, 0x00000000cb850000)
  to   space 20928K,   0% used [0x00000000cb850000, 0x00000000cb850000, 0x00000000cccc0000)
 concurrent mark-sweep generation total 838912K, used 544820K [0x00000000cccc0000, 0x0000000100000000, 0x0000000100000000)
 Metaspace       used 3935K, capacity 4540K, committed 4864K, reserved 1056768K
  class space    used 425K, capacity 428K, committed 512K, reserved 1048576K
2024-07-26T01:31:22.402+0800: 14.002: [GC (Allocation Failure) 2024-07-26T01:31:22.403+0800: 14.002: [ParNew2024-07-26T01:31:22.406+0800: 14.006: [SoftReference, 0 refs, 0.0000351 secs]2024-07-26T01:31:22.406+0800: 14.006: [WeakReference, 0 refs, 0.0000045 secs]2024-07-26T01:31:22.406+0800: 14.006: [FinalReference, 0 refs, 0.0000039 secs]2024-07-26T01:31:22.406+0800: 14.006: [PhantomReference, 0 refs, 0.0000038 secs]2024-07-26T01:31:22.406+0800: 14.006: [JNI Weak Reference, 0.0000044 secs]
Desired survivor size 10715136 bytes, new threshold 1 (max 1)
- age   1:   15728880 bytes,   15728880 total
: 187673K->15360K(188736K), 0.0038405 secs] 732494K->560181K(1027648K), 0.0039432 secs] [Times: user=0.00 sys=0.00, real=0.01 secs] 
Heap after GC invocations=550 (full 47):
 par new generation   total 188736K, used 15360K [0x00000000c0000000, 0x00000000cccc0000, 0x00000000cccc0000)
  eden space 167808K,   0% used [0x00000000c0000000, 0x00000000c0000000, 0x00000000ca3e0000)
  from space 20928K,  73% used [0x00000000cb850000, 0x00000000cc7500f0, 0x00000000cccc0000)
  to   space 20928K,   0% used [0x00000000ca3e0000, 0x00000000ca3e0000, 0x00000000cb850000)
 concurrent mark-sweep generation total 838912K, used 544820K [0x00000000cccc0000, 0x0000000100000000, 0x0000000100000000)
 Metaspace       used 3935K, capacity 4540K, committed 4864K, reserved 1056768K
  class space    used 425K, capacity 428K, committed 512K, reserved 1048576K
}
2024-07-26T01:31:22.407+0800: 14.006: Total time for which application threads were stopped: 0.0040588 seconds, Stopping threads took: 0.0000256 seconds
{Heap before GC invocations=550 (full 47):
 par new generation   total 188736K, used 182553K [0x00000000c0000000, 0x00000000cccc0000, 0x00000000cccc0000)
  eden space 167808K,  99% used [0x00000000c0000000, 0x00000000ca346440, 0x00000000ca3e0000)
  from space 20928K,  73% used [0x00000000cb850000, 0x00000000cc7500f0, 0x00000000cccc0000)
  to   space 20928K,   0% used [0x00000000ca3e0000, 0x00000000ca3e0000, 0x00000000cb850000)
 concurrent mark-sweep generation total 838912K, used 544820K [0x00000000cccc0000, 0x0000000100000000, 0x0000000100000000)
 Metaspace       used 3935K, capacity 4540K, committed 4864K, reserved 1056768K
  class space    used 425K, capacity 428K, committed 512K, reserved 1048576K
2024-07-26T01:31:22.421+0800: 14.020: [GC (Allocation Failure) 2024-07-26T01:31:22.421+0800: 14.020: [ParNew2024-07-26T01:31:22.434+0800: 14.033: [SoftReference, 0 refs, 0.0000331 secs]2024-07-26T01:31:22.434+0800: 14.033: [WeakReference, 0 refs, 0.0000045 secs]2024-07-26T01:31:22.434+0800: 14.033: [FinalReference, 0 refs, 0.0000040 secs]2024-07-26T01:31:22.434+0800: 14.033: [PhantomReference, 0 refs, 0.0000038 secs]2024-07-26T01:31:22.434+0800: 14.033: [JNI Weak Reference, 0.0000045 secs]
Desired survivor size 10715136 bytes, new threshold 1 (max 1)
- age   1:   20971840 bytes,   20971840 total
: 182553K->20480K(188736K), 0.0130521 secs] 727374K->623669K(1027648K), 0.0130933 secs] [Times: user=0.00 sys=0.00, real=0.01 secs] 
Heap after GC invocations=551 (full 47):
 par new generation   total 188736K, used 20480K [0x00000000c0000000, 0x00000000cccc0000, 0x00000000cccc0000)
  eden space 167808K,   0% used [0x00000000c0000000, 0x00000000c0000000, 0x00000000ca3e0000)
  from space 20928K,  97% used [0x00000000ca3e0000, 0x00000000cb7e0140, 0x00000000cb850000)
  to   space 20928K,   0% used [0x00000000cb850000, 0x00000000cb850000, 0x00000000cccc0000)
 concurrent mark-sweep generation total 838912K, used 603189K [0x00000000cccc0000, 0x0000000100000000, 0x0000000100000000)
 Metaspace       used 3935K, capacity 4540K, committed 4864K, reserved 1056768K
  class space    used 425K, capacity 428K, committed 512K, reserved 1048576K
}
2024-07-26T01:31:22.434+0800: 14.033: Total time for which application threads were stopped: 0.0132097 seconds, Stopping threads took: 0.0000213 seconds
{Heap before GC invocations=551 (full 47):
 par new generation   total 188736K, used 187673K [0x00000000c0000000, 0x00000000cccc0000, 0x00000000cccc0000)
  eden space 167808K,  99% used [0x00000000c0000000, 0x00000000ca346440, 0x00000000ca3e0000)
  from space 20928K,  97% used [0x00000000ca3e0000, 0x00000000cb7e0140, 0x00000000cb850000)
  to   space 20928K,   0% used [0x00000000cb850000, 0x00000000cb850000, 0x00000000cccc0000)
 concurrent mark-sweep generation total 838912K, used 603189K [0x00000000cccc0000, 0x0000000100000000, 0x0000000100000000)
 Metaspace       used 3935K, capacity 4540K, committed 4864K, reserved 1056768K
  class space    used 425K, capacity 428K, committed 512K, reserved 1048576K
2024-07-26T01:31:22.450+0800: 14.049: [GC (Allocation Failure) 2024-07-26T01:31:22.450+0800: 14.050: [ParNew2024-07-26T01:31:22.458+0800: 14.057: [SoftReference, 0 refs, 0.0000703 secs]2024-07-26T01:31:22.458+0800: 14.058: [WeakReference, 0 refs, 0.0000090 secs]2024-07-26T01:31:22.458+0800: 14.058: [FinalReference, 0 refs, 0.0000079 secs]2024-07-26T01:31:22.458+0800: 14.058: [PhantomReference, 0 refs, 0.0000075 secs]2024-07-26T01:31:22.459+0800: 14.058: [JNI Weak Reference, 0.0000089 secs]
Desired survivor size 10715136 bytes, new threshold 1 (max 1)
- age   1:   20971840 bytes,   20971840 total
: 187673K->20480K(188736K), 0.0080769 secs] 790863K->642104K(1027648K), 0.0081461 secs] [Times: user=0.00 sys=0.00, real=0.01 secs] 
Heap after GC invocations=552 (full 47):
 par new generation   total 188736K, used 20480K [0x00000000c0000000, 0x00000000cccc0000, 0x00000000cccc0000)
  eden space 167808K,   0% used [0x00000000c0000000, 0x00000000c0000000, 0x00000000ca3e0000)
  from space 20928K,  97% used [0x00000000cb850000, 0x00000000ccc50140, 0x00000000cccc0000)
  to   space 20928K,   0% used [0x00000000ca3e0000, 0x00000000ca3e0000, 0x00000000cb850000)
 concurrent mark-sweep generation total 838912K, used 621624K [0x00000000cccc0000, 0x0000000100000000, 0x0000000100000000)
 Metaspace       used 3935K, capacity 4540K, committed 4864K, reserved 1056768K
  class space    used 425K, capacity 428K, committed 512K, reserved 1048576K
}
2024-07-26T01:31:22.459+0800: 14.058: Total time for which application threads were stopped: 0.0083222 seconds, Stopping threads took: 0.0000291 seconds
{Heap before GC invocations=552 (full 47):
 par new generation   total 188736K, used 187673K [0x00000000c0000000, 0x00000000cccc0000, 0x00000000cccc0000)
  eden space 167808K,  99% used [0x00000000c0000000, 0x00000000ca346440, 0x00000000ca3e0000)
  from space 20928K,  97% used [0x00000000cb850000, 0x00000000ccc50140, 0x00000000cccc0000)
  to   space 20928K,   0% used [0x00000000ca3e0000, 0x00000000ca3e0000, 0x00000000cb850000)
 concurrent mark-sweep generation total 838912K, used 621624K [0x00000000cccc0000, 0x0000000100000000, 0x0000000100000000)
 Metaspace       used 3935K, capacity 4540K, committed 4864K, reserved 1056768K
  class space    used 425K, capacity 428K, committed 512K, reserved 1048576K
2024-07-26T01:31:22.475+0800: 14.075: [GC (Allocation Failure) 2024-07-26T01:31:22.475+0800: 14.075: [ParNew2024-07-26T01:31:22.493+0800: 14.093: [SoftReference, 0 refs, 0.0000410 secs]2024-07-26T01:31:22.493+0800: 14.093: [WeakReference, 0 refs, 0.0000079 secs]2024-07-26T01:31:22.493+0800: 14.093: [FinalReference, 0 refs, 0.0000072 secs]2024-07-26T01:31:22.493+0800: 14.093: [PhantomReference, 0 refs, 0.0000068 secs]2024-07-26T01:31:22.493+0800: 14.093: [JNI Weak Reference, 0.0000072 secs]
Desired survivor size 10715136 bytes, new threshold 1 (max 1)
- age   1:   20971840 bytes,   20971840 total
: 187673K->20480K(188736K), 0.0176206 secs] 809297K->724025K(1027648K), 0.0176762 secs] [Times: user=0.05 sys=0.00, real=0.02 secs] 
Heap after GC invocations=553 (full 47):
 par new generation   total 188736K, used 20480K [0x00000000c0000000, 0x00000000cccc0000, 0x00000000cccc0000)
  eden space 167808K,   0% used [0x00000000c0000000, 0x00000000c0000000, 0x00000000ca3e0000)
  from space 20928K,  97% used [0x00000000ca3e0000, 0x00000000cb7e0140, 0x00000000cb850000)
  to   space 20928K,   0% used [0x00000000cb850000, 0x00000000cb850000, 0x00000000cccc0000)
 concurrent mark-sweep generation total 838912K, used 703545K [0x00000000cccc0000, 0x0000000100000000, 0x0000000100000000)
 Metaspace       used 3935K, capacity 4540K, committed 4864K, reserved 1056768K
  class space    used 425K, capacity 428K, committed 512K, reserved 1048576K
}
2024-07-26T01:31:22.493+0800: 14.093: Total time for which application threads were stopped: 0.0178132 seconds, Stopping threads took: 0.0000232 seconds
{Heap before GC invocations=553 (full 47):
 par new generation   total 188736K, used 187673K [0x00000000c0000000, 0x00000000cccc0000, 0x00000000cccc0000)
  eden space 167808K,  99% used [0x00000000c0000000, 0x00000000ca346440, 0x00000000ca3e0000)
  from space 20928K,  97% used [0x00000000ca3e0000, 0x00000000cb7e0140, 0x00000000cb850000)
  to   space 20928K,   0% used [0x00000000cb850000, 0x00000000cb850000, 0x00000000cccc0000)
 concurrent mark-sweep generation total 838912K, used 703545K [0x00000000cccc0000, 0x0000000100000000, 0x0000000100000000)
 Metaspace       used 3935K, capacity 4540K, committed 4864K, reserved 1056768K
  class space    used 425K, capacity 428K, committed 512K, reserved 1048576K
2024-07-26T01:31:22.509+0800: 14.108: [GC (Allocation Failure) 2024-07-26T01:31:22.509+0800: 14.108: [ParNew2024-07-26T01:31:22.519+0800: 14.118: [SoftReference, 0 refs, 0.0000357 secs]2024-07-26T01:31:22.519+0800: 14.119: [WeakReference, 0 refs, 0.0000046 secs]2024-07-26T01:31:22.519+0800: 14.119: [FinalReference, 0 refs, 0.0000039 secs]2024-07-26T01:31:22.519+0800: 14.119: [PhantomReference, 0 refs, 0.0000039 secs]2024-07-26T01:31:22.519+0800: 14.119: [JNI Weak Reference, 0.0000063 secs]
Desired survivor size 10715136 bytes, new threshold 1 (max 1)
- age   1:   20971840 bytes,   20971840 total
: 187673K->20480K(188736K), 0.0100715 secs] 891218K->766010K(1027648K), 0.0101163 secs] [Times: user=0.05 sys=0.00, real=0.01 secs] 
Heap after GC invocations=554 (full 47):
 par new generation   total 188736K, used 20480K [0x00000000c0000000, 0x00000000cccc0000, 0x00000000cccc0000)
  eden space 167808K,   0% used [0x00000000c0000000, 0x00000000c0000000, 0x00000000ca3e0000)
  from space 20928K,  97% used [0x00000000cb850000, 0x00000000ccc50140, 0x00000000cccc0000)
  to   space 20928K,   0% used [0x00000000ca3e0000, 0x00000000ca3e0000, 0x00000000cb850000)
 concurrent mark-sweep generation total 838912K, used 745529K [0x00000000cccc0000, 0x0000000100000000, 0x0000000100000000)
 Metaspace       used 3935K, capacity 4540K, committed 4864K, reserved 1056768K
  class space    used 425K, capacity 428K, committed 512K, reserved 1048576K
}
2024-07-26T01:31:22.519+0800: 14.119: Total time for which application threads were stopped: 0.0102421 seconds, Stopping threads took: 0.0000281 seconds
{Heap before GC invocations=554 (full 47):
 par new generation   total 188736K, used 187673K [0x00000000c0000000, 0x00000000cccc0000, 0x00000000cccc0000)
  eden space 167808K,  99% used [0x00000000c0000000, 0x00000000ca346440, 0x00000000ca3e0000)
  from space 20928K,  97% used [0x00000000cb850000, 0x00000000ccc50140, 0x00000000cccc0000)
  to   space 20928K,   0% used [0x00000000ca3e0000, 0x00000000ca3e0000, 0x00000000cb850000)
 concurrent mark-sweep generation total 838912K, used 745529K [0x00000000cccc0000, 0x0000000100000000, 0x0000000100000000)
 Metaspace       used 3935K, capacity 4540K, committed 4864K, reserved 1056768K
  class space    used 425K, capacity 428K, committed 512K, reserved 1048576K
2024-07-26T01:31:22.534+0800: 14.134: [GC (Allocation Failure) 2024-07-26T01:31:22.534+0800: 14.134: [ParNew2024-07-26T01:31:22.539+0800: 14.139: [SoftReference, 0 refs, 0.0000323 secs]2024-07-26T01:31:22.539+0800: 14.139: [WeakReference, 0 refs, 0.0000045 secs]2024-07-26T01:31:22.539+0800: 14.139: [FinalReference, 0 refs, 0.0000039 secs]2024-07-26T01:31:22.539+0800: 14.139: [PhantomReference, 0 refs, 0.0000039 secs]2024-07-26T01:31:22.539+0800: 14.139: [JNI Weak Reference, 0.0000044 secs]
Desired survivor size 10715136 bytes, new threshold 1 (max 1)
- age   1:   20971840 bytes,   20971840 total
: 187673K->20480K(188736K), 0.0049787 secs] 933203K->768058K(1027648K), 0.0050225 secs] [Times: user=0.00 sys=0.00, real=0.01 secs] 
Heap after GC invocations=555 (full 47):
 par new generation   total 188736K, used 20480K [0x00000000c0000000, 0x00000000cccc0000, 0x00000000cccc0000)
  eden space 167808K,   0% used [0x00000000c0000000, 0x00000000c0000000, 0x00000000ca3e0000)
  from space 20928K,  97% used [0x00000000ca3e0000, 0x00000000cb7e0140, 0x00000000cb850000)
  to   space 20928K,   0% used [0x00000000cb850000, 0x00000000cb850000, 0x00000000cccc0000)
 concurrent mark-sweep generation total 838912K, used 747577K [0x00000000cccc0000, 0x0000000100000000, 0x0000000100000000)
 Metaspace       used 3935K, capacity 4540K, committed 4864K, reserved 1056768K
  class space    used 425K, capacity 428K, committed 512K, reserved 1048576K
}
2024-07-26T01:31:22.539+0800: 14.139: Total time for which application threads were stopped: 0.0051407 seconds, Stopping threads took: 0.0000238 seconds
{Heap before GC invocations=555 (full 47):
 par new generation   total 188736K, used 187673K [0x00000000c0000000, 0x00000000cccc0000, 0x00000000cccc0000)
  eden space 167808K,  99% used [0x00000000c0000000, 0x00000000ca346440, 0x00000000ca3e0000)
  from space 20928K,  97% used [0x00000000ca3e0000, 0x00000000cb7e0140, 0x00000000cb850000)
  to   space 20928K,   0% used [0x00000000cb850000, 0x00000000cb850000, 0x00000000cccc0000)
 concurrent mark-sweep generation total 838912K, used 747577K [0x00000000cccc0000, 0x0000000100000000, 0x0000000100000000)
 Metaspace       used 3935K, capacity 4540K, committed 4864K, reserved 1056768K
  class space    used 425K, capacity 428K, committed 512K, reserved 1048576K
2024-07-26T01:31:22.553+0800: 14.153: [GC (Allocation Failure) 2024-07-26T01:31:22.553+0800: 14.153: [ParNew2024-07-26T01:31:22.566+0800: 14.166: [SoftReference, 0 refs, 0.0000345 secs]2024-07-26T01:31:22.566+0800: 14.166: [WeakReference, 0 refs, 0.0000041 secs]2024-07-26T01:31:22.566+0800: 14.166: [FinalReference, 0 refs, 0.0000039 secs]2024-07-26T01:31:22.566+0800: 14.166: [PhantomReference, 0 refs, 0.0000037 secs]2024-07-26T01:31:22.567+0800: 14.166: [JNI Weak Reference, 0.0000045 secs]
Desired survivor size 10715136 bytes, new threshold 1 (max 1)
- age   1:   20971840 bytes,   20971840 total
: 187673K->20480K(188736K), 0.0132825 secs] 935251K->833595K(1027648K), 0.0133215 secs] [Times: user=0.03 sys=0.00, real=0.01 secs] 
Heap after GC invocations=556 (full 47):
 par new generation   total 188736K, used 20480K [0x00000000c0000000, 0x00000000cccc0000, 0x00000000cccc0000)
  eden space 167808K,   0% used [0x00000000c0000000, 0x00000000c0000000, 0x00000000ca3e0000)
  from space 20928K,  97% used [0x00000000cb850000, 0x00000000ccc50140, 0x00000000cccc0000)
  to   space 20928K,   0% used [0x00000000ca3e0000, 0x00000000ca3e0000, 0x00000000cb850000)
 concurrent mark-sweep generation total 838912K, used 813114K [0x00000000cccc0000, 0x0000000100000000, 0x0000000100000000)
 Metaspace       used 3935K, capacity 4540K, committed 4864K, reserved 1056768K
  class space    used 425K, capacity 428K, committed 512K, reserved 1048576K
}
2024-07-26T01:31:22.567+0800: 14.166: Total time for which application threads were stopped: 0.0134403 seconds, Stopping threads took: 0.0000218 seconds
{Heap before GC invocations=556 (full 47):
 par new generation   total 188736K, used 187673K [0x00000000c0000000, 0x00000000cccc0000, 0x00000000cccc0000)
  eden space 167808K,  99% used [0x00000000c0000000, 0x00000000ca346440, 0x00000000ca3e0000)
  from space 20928K,  97% used [0x00000000cb850000, 0x00000000ccc50140, 0x00000000cccc0000)
  to   space 20928K,   0% used [0x00000000ca3e0000, 0x00000000ca3e0000, 0x00000000cb850000)
 concurrent mark-sweep generation total 838912K, used 813114K [0x00000000cccc0000, 0x0000000100000000, 0x0000000100000000)
 Metaspace       used 3935K, capacity 4540K, committed 4864K, reserved 1056768K
  class space    used 425K, capacity 428K, committed 512K, reserved 1048576K
2024-07-26T01:31:22.582+0800: 14.182: [GC (Allocation Failure) 2024-07-26T01:31:22.582+0800: 14.182: [ParNew: 187673K->187673K(188736K), 0.0000162 secs]2024-07-26T01:31:22.582+0800: 14.182: [CMS2024-07-26T01:31:22.582+0800: 14.182: [CMS-concurrent-abortable-preclean: 0.009/0.332 secs] [Times: user=0.23 sys=0.00, real=0.33 secs] 
 (concurrent mode failure)2024-07-26T01:31:22.583+0800: 14.182: [SoftReference, 0 refs, 0.0000099 secs]2024-07-26T01:31:22.583+0800: 14.182: [WeakReference, 2 refs, 0.0000045 secs]2024-07-26T01:31:22.583+0800: 14.182: [FinalReference, 2 refs, 0.0000038 secs]2024-07-26T01:31:22.583+0800: 14.182: [PhantomReference, 0 refs, 0.0000038 secs]2024-07-26T01:31:22.583+0800: 14.182: [JNI Weak Reference, 0.0000043 secs]: 813114K->47136K(838912K), 0.0096243 secs] 1000788K->47136K(1027648K), [Metaspace: 3935K->3935K(1056768K)], 0.0097278 secs] [Times: user=0.00 sys=0.00, real=0.01 secs] 
Heap after GC invocations=557 (full 48):
 par new generation   total 188736K, used 0K [0x00000000c0000000, 0x00000000cccc0000, 0x00000000cccc0000)
  eden space 167808K,   0% used [0x00000000c0000000, 0x00000000c0000000, 0x00000000ca3e0000)
  from space 20928K,   0% used [0x00000000cb850000, 0x00000000cb850000, 0x00000000cccc0000)
  to   space 20928K,   0% used [0x00000000ca3e0000, 0x00000000ca3e0000, 0x00000000cb850000)
 concurrent mark-sweep generation total 838912K, used 47136K [0x00000000cccc0000, 0x0000000100000000, 0x0000000100000000)
 Metaspace       used 3935K, capacity 4540K, committed 4864K, reserved 1056768K
  class space    used 425K, capacity 428K, committed 512K, reserved 1048576K
}
2024-07-26T01:31:22.591+0800: 14.191: Total time for which application threads were stopped: 0.0098648 seconds, Stopping threads took: 0.0000247 seconds
{Heap before GC invocations=557 (full 48):
 par new generation   total 188736K, used 167193K [0x00000000c0000000, 0x00000000cccc0000, 0x00000000cccc0000)
  eden space 167808K,  99% used [0x00000000c0000000, 0x00000000ca346440, 0x00000000ca3e0000)
  from space 20928K,   0% used [0x00000000cb850000, 0x00000000cb850000, 0x00000000cccc0000)
  to   space 20928K,   0% used [0x00000000ca3e0000, 0x00000000ca3e0000, 0x00000000cb850000)
 concurrent mark-sweep generation total 838912K, used 47136K [0x00000000cccc0000, 0x0000000100000000, 0x0000000100000000)
 Metaspace       used 3935K, capacity 4540K, committed 4864K, reserved 1056768K
  class space    used 425K, capacity 428K, committed 512K, reserved 1048576K
2024-07-26T01:31:22.607+0800: 14.207: [GC (Allocation Failure) 2024-07-26T01:31:22.607+0800: 14.207: [ParNew2024-07-26T01:31:22.609+0800: 14.209: [SoftReference, 0 refs, 0.0000298 secs]2024-07-26T01:31:22.609+0800: 14.209: [WeakReference, 0 refs, 0.0000046 secs]2024-07-26T01:31:22.609+0800: 14.209: [FinalReference, 0 refs, 0.0000041 secs]2024-07-26T01:31:22.609+0800: 14.209: [PhantomReference, 0 refs, 0.0000075 secs]2024-07-26T01:31:22.609+0800: 14.209: [JNI Weak Reference, 0.0000042 secs]
Desired survivor size 10715136 bytes, new threshold 1 (max 1)
- age   1:    6291552 bytes,    6291552 total
: 167193K->6144K(188736K), 0.0017319 secs] 214329K->53281K(1027648K), 0.0017672 secs] [Times: user=0.00 sys=0.00, real=0.00 secs] 
Heap after GC invocations=558 (full 48):
 par new generation   total 188736K, used 6144K [0x00000000c0000000, 0x00000000cccc0000, 0x00000000cccc0000)
  eden space 167808K,   0% used [0x00000000c0000000, 0x00000000c0000000, 0x00000000ca3e0000)
  from space 20928K,  29% used [0x00000000ca3e0000, 0x00000000ca9e0060, 0x00000000cb850000)
  to   space 20928K,   0% used [0x00000000cb850000, 0x00000000cb850000, 0x00000000cccc0000)
 concurrent mark-sweep generation total 838912K, used 47136K [0x00000000cccc0000, 0x0000000100000000, 0x0000000100000000)
 Metaspace       used 3935K, capacity 4540K, committed 4864K, reserved 1056768K
  class space    used 425K, capacity 428K, committed 512K, reserved 1048576K
}
2024-07-26T01:31:22.609+0800: 14.209: Total time for which application threads were stopped: 0.0018795 seconds, Stopping threads took: 0.0000216 seconds
{Heap before GC invocations=558 (full 48):
 par new generation   total 188736K, used 173337K [0x00000000c0000000, 0x00000000cccc0000, 0x00000000cccc0000)
  eden space 167808K,  99% used [0x00000000c0000000, 0x00000000ca346440, 0x00000000ca3e0000)
  from space 20928K,  29% used [0x00000000ca3e0000, 0x00000000ca9e0060, 0x00000000cb850000)
  to   space 20928K,   0% used [0x00000000cb850000, 0x00000000cb850000, 0x00000000cccc0000)
 concurrent mark-sweep generation total 838912K, used 47136K [0x00000000cccc0000, 0x0000000100000000, 0x0000000100000000)
 Metaspace       used 3935K, capacity 4540K, committed 4864K, reserved 1056768K
  class space    used 425K, capacity 428K, committed 512K, reserved 1048576K
2024-07-26T01:31:22.624+0800: 14.224: [GC (Allocation Failure) 2024-07-26T01:31:22.624+0800: 14.224: [ParNew2024-07-26T01:31:22.636+0800: 14.236: [SoftReference, 0 refs, 0.0000275 secs]2024-07-26T01:31:22.636+0800: 14.236: [WeakReference, 0 refs, 0.0000044 secs]2024-07-26T01:31:22.636+0800: 14.236: [FinalReference, 0 refs, 0.0000040 secs]2024-07-26T01:31:22.636+0800: 14.236: [PhantomReference, 0 refs, 0.0000039 secs]2024-07-26T01:31:22.636+0800: 14.236: [JNI Weak Reference, 0.0000044 secs]
Desired survivor size 10715136 bytes, new threshold 1 (max 1)
- age   1:   20971840 bytes,   20971840 total
: 173337K->20480K(188736K), 0.0114448 secs] 220474K->116772K(1027648K), 0.0114822 secs] [Times: user=0.00 sys=0.00, real=0.01 secs] 
Heap after GC invocations=559 (full 48):
 par new generation   total 188736K, used 20480K [0x00000000c0000000, 0x00000000cccc0000, 0x00000000cccc0000)
  eden space 167808K,   0% used [0x00000000c0000000, 0x00000000c0000000, 0x00000000ca3e0000)
  from space 20928K,  97% used [0x00000000cb850000, 0x00000000ccc50140, 0x00000000cccc0000)
  to   space 20928K,   0% used [0x00000000ca3e0000, 0x00000000ca3e0000, 0x00000000cb850000)
 concurrent mark-sweep generation total 838912K, used 96291K [0x00000000cccc0000, 0x0000000100000000, 0x0000000100000000)
 Metaspace       used 3935K, capacity 4540K, committed 4864K, reserved 1056768K
  class space    used 425K, capacity 428K, committed 512K, reserved 1048576K
}
2024-07-26T01:31:22.636+0800: 14.236: Total time for which application threads were stopped: 0.0115930 seconds, Stopping threads took: 0.0000216 seconds
{Heap before GC invocations=559 (full 48):
 par new generation   total 188736K, used 187673K [0x00000000c0000000, 0x00000000cccc0000, 0x00000000cccc0000)
  eden space 167808K,  99% used [0x00000000c0000000, 0x00000000ca346440, 0x00000000ca3e0000)
  from space 20928K,  97% used [0x00000000cb850000, 0x00000000ccc50140, 0x00000000cccc0000)
  to   space 20928K,   0% used [0x00000000ca3e0000, 0x00000000ca3e0000, 0x00000000cb850000)
 concurrent mark-sweep generation total 838912K, used 96291K [0x00000000cccc0000, 0x0000000100000000, 0x0000000100000000)
 Metaspace       used 3935K, capacity 4540K, committed 4864K, reserved 1056768K
  class space    used 425K, capacity 428K, committed 512K, reserved 1048576K
2024-07-26T01:31:22.651+0800: 14.251: [GC (Allocation Failure) 2024-07-26T01:31:22.651+0800: 14.251: [ParNew2024-07-26T01:31:22.656+0800: 14.256: [SoftReference, 0 refs, 0.0000390 secs]2024-07-26T01:31:22.656+0800: 14.256: [WeakReference, 0 refs, 0.0000044 secs]2024-07-26T01:31:22.656+0800: 14.256: [FinalReference, 0 refs, 0.0000039 secs]2024-07-26T01:31:22.656+0800: 14.256: [PhantomReference, 0 refs, 0.0000039 secs]2024-07-26T01:31:22.656+0800: 14.256: [JNI Weak Reference, 0.0000049 secs]
Desired survivor size 10715136 bytes, new threshold 1 (max 1)
- age   1:   20971840 bytes,   20971840 total
: 187673K->20480K(188736K), 0.0053093 secs] 283965K->125988K(1027648K), 0.0053513 secs] [Times: user=0.02 sys=0.00, real=0.00 secs] 
Heap after GC invocations=560 (full 48):
 par new generation   total 188736K, used 20480K [0x00000000c0000000, 0x00000000cccc0000, 0x00000000cccc0000)
  eden space 167808K,   0% used [0x00000000c0000000, 0x00000000c0000000, 0x00000000ca3e0000)
  from space 20928K,  97% used [0x00000000ca3e0000, 0x00000000cb7e0140, 0x00000000cb850000)
  to   space 20928K,   0% used [0x00000000cb850000, 0x00000000cb850000, 0x00000000cccc0000)
 concurrent mark-sweep generation total 838912K, used 105507K [0x00000000cccc0000, 0x0000000100000000, 0x0000000100000000)
 Metaspace       used 3935K, capacity 4540K, committed 4864K, reserved 1056768K
  class space    used 425K, capacity 428K, committed 512K, reserved 1048576K
}
2024-07-26T01:31:22.656+0800: 14.256: Total time for which application threads were stopped: 0.0054703 seconds, Stopping threads took: 0.0000235 seconds
{Heap before GC invocations=560 (full 48):
 par new generation   total 188736K, used 187673K [0x00000000c0000000, 0x00000000cccc0000, 0x00000000cccc0000)
  eden space 167808K,  99% used [0x00000000c0000000, 0x00000000ca346440, 0x00000000ca3e0000)
  from space 20928K,  97% used [0x00000000ca3e0000, 0x00000000cb7e0140, 0x00000000cb850000)
  to   space 20928K,   0% used [0x00000000cb850000, 0x00000000cb850000, 0x00000000cccc0000)
 concurrent mark-sweep generation total 838912K, used 105507K [0x00000000cccc0000, 0x0000000100000000, 0x0000000100000000)
 Metaspace       used 3935K, capacity 4540K, committed 4864K, reserved 1056768K
  class space    used 425K, capacity 428K, committed 512K, reserved 1048576K
2024-07-26T01:31:22.673+0800: 14.273: [GC (Allocation Failure) 2024-07-26T01:31:22.673+0800: 14.273: [ParNew2024-07-26T01:31:22.691+0800: 14.290: [SoftReference, 0 refs, 0.0000355 secs]2024-07-26T01:31:22.691+0800: 14.290: [WeakReference, 0 refs, 0.0000045 secs]2024-07-26T01:31:22.691+0800: 14.290: [FinalReference, 0 refs, 0.0000038 secs]2024-07-26T01:31:22.691+0800: 14.290: [PhantomReference, 0 refs, 0.0000037 secs]2024-07-26T01:31:22.691+0800: 14.290: [JNI Weak Reference, 0.0000042 secs]
Desired survivor size 10715136 bytes, new threshold 1 (max 1)
- age   1:   20971840 bytes,   20971840 total
: 187673K->20480K(188736K), 0.0177227 secs] 293181K->198695K(1027648K), 0.0177698 secs] [Times: user=0.03 sys=0.00, real=0.02 secs] 
Heap after GC invocations=561 (full 48):
 par new generation   total 188736K, used 20480K [0x00000000c0000000, 0x00000000cccc0000, 0x00000000cccc0000)
  eden space 167808K,   0% used [0x00000000c0000000, 0x00000000c0000000, 0x00000000ca3e0000)
  from space 20928K,  97% used [0x00000000cb850000, 0x00000000ccc50140, 0x00000000cccc0000)
  to   space 20928K,   0% used [0x00000000ca3e0000, 0x00000000ca3e0000, 0x00000000cb850000)
 concurrent mark-sweep generation total 838912K, used 178215K [0x00000000cccc0000, 0x0000000100000000, 0x0000000100000000)
 Metaspace       used 3935K, capacity 4540K, committed 4864K, reserved 1056768K
  class space    used 425K, capacity 428K, committed 512K, reserved 1048576K
}
2024-07-26T01:31:22.691+0800: 14.290: Total time for which application threads were stopped: 0.0178998 seconds, Stopping threads took: 0.0000244 seconds
{Heap before GC invocations=561 (full 48):
 par new generation   total 188736K, used 187673K [0x00000000c0000000, 0x00000000cccc0000, 0x00000000cccc0000)
  eden space 167808K,  99% used [0x00000000c0000000, 0x00000000ca346440, 0x00000000ca3e0000)
  from space 20928K,  97% used [0x00000000cb850000, 0x00000000ccc50140, 0x00000000cccc0000)
  to   space 20928K,   0% used [0x00000000ca3e0000, 0x00000000ca3e0000, 0x00000000cb850000)
 concurrent mark-sweep generation total 838912K, used 178215K [0x00000000cccc0000, 0x0000000100000000, 0x0000000100000000)
 Metaspace       used 3935K, capacity 4540K, committed 4864K, reserved 1056768K
  class space    used 425K, capacity 428K, committed 512K, reserved 1048576K
2024-07-26T01:31:22.708+0800: 14.308: [GC (Allocation Failure) 2024-07-26T01:31:22.708+0800: 14.308: [ParNew2024-07-26T01:31:22.718+0800: 14.318: [SoftReference, 0 refs, 0.0000333 secs]2024-07-26T01:31:22.718+0800: 14.318: [WeakReference, 0 refs, 0.0000045 secs]2024-07-26T01:31:22.718+0800: 14.318: [FinalReference, 0 refs, 0.0000041 secs]2024-07-26T01:31:22.718+0800: 14.318: [PhantomReference, 0 refs, 0.0000037 secs]2024-07-26T01:31:22.718+0800: 14.318: [JNI Weak Reference, 0.0000044 secs]
Desired survivor size 10715136 bytes, new threshold 1 (max 1)
- age   1:   20971840 bytes,   20971840 total
: 187673K->20480K(188736K), 0.0103717 secs] 365888K->231465K(1027648K), 0.0104211 secs] [Times: user=0.00 sys=0.00, real=0.01 secs] 
Heap after GC invocations=562 (full 48):
 par new generation   total 188736K, used 20480K [0x00000000c0000000, 0x00000000cccc0000, 0x00000000cccc0000)
  eden space 167808K,   0% used [0x00000000c0000000, 0x00000000c0000000, 0x00000000ca3e0000)
  from space 20928K,  97% used [0x00000000ca3e0000, 0x00000000cb7e0140, 0x00000000cb850000)
  to   space 20928K,   0% used [0x00000000cb850000, 0x00000000cb850000, 0x00000000cccc0000)
 concurrent mark-sweep generation total 838912K, used 210985K [0x00000000cccc0000, 0x0000000100000000, 0x0000000100000000)
 Metaspace       used 3935K, capacity 4540K, committed 4864K, reserved 1056768K
  class space    used 425K, capacity 428K, committed 512K, reserved 1048576K
}
2024-07-26T01:31:22.718+0800: 14.318: Total time for which application threads were stopped: 0.0105363 seconds, Stopping threads took: 0.0000209 seconds
{Heap before GC invocations=562 (full 48):
 par new generation   total 188736K, used 187673K [0x00000000c0000000, 0x00000000cccc0000, 0x00000000cccc0000)
  eden space 167808K,  99% used [0x00000000c0000000, 0x00000000ca346440, 0x00000000ca3e0000)
  from space 20928K,  97% used [0x00000000ca3e0000, 0x00000000cb7e0140, 0x00000000cb850000)
  to   space 20928K,   0% used [0x00000000cb850000, 0x00000000cb850000, 0x00000000cccc0000)
 concurrent mark-sweep generation total 838912K, used 210985K [0x00000000cccc0000, 0x0000000100000000, 0x0000000100000000)
 Metaspace       used 3935K, capacity 4540K, committed 4864K, reserved 1056768K
  class space    used 425K, capacity 428K, committed 512K, reserved 1048576K
2024-07-26T01:31:22.735+0800: 14.335: [GC (Allocation Failure) 2024-07-26T01:31:22.735+0800: 14.335: [ParNew2024-07-26T01:31:22.739+0800: 14.339: [SoftReference, 0 refs, 0.0000639 secs]2024-07-26T01:31:22.739+0800: 14.339: [WeakReference, 0 refs, 0.0000045 secs]2024-07-26T01:31:22.739+0800: 14.339: [FinalReference, 0 refs, 0.0000039 secs]2024-07-26T01:31:22.739+0800: 14.339: [PhantomReference, 0 refs, 0.0000039 secs]2024-07-26T01:31:22.739+0800: 14.339: [JNI Weak Reference, 0.0000047 secs]
Desired survivor size 10715136 bytes, new threshold 1 (max 1)
- age   1:   13631696 bytes,   13631696 total
: 187673K->13312K(188736K), 0.0035084 secs] 398658K->224297K(1027648K), 0.0035517 secs] [Times: user=0.00 sys=0.00, real=0.00 secs] 
Heap after GC invocations=563 (full 48):
 par new generation   total 188736K, used 13312K [0x00000000c0000000, 0x00000000cccc0000, 0x00000000cccc0000)
  eden space 167808K,   0% used [0x00000000c0000000, 0x00000000c0000000, 0x00000000ca3e0000)
  from space 20928K,  63% used [0x00000000cb850000, 0x00000000cc5500d0, 0x00000000cccc0000)
  to   space 20928K,   0% used [0x00000000ca3e0000, 0x00000000ca3e0000, 0x00000000cb850000)
 concurrent mark-sweep generation total 838912K, used 210985K [0x00000000cccc0000, 0x0000000100000000, 0x0000000100000000)
 Metaspace       used 3935K, capacity 4540K, committed 4864K, reserved 1056768K
  class space    used 425K, capacity 428K, committed 512K, reserved 1048576K
}
2024-07-26T01:31:22.739+0800: 14.339: Total time for which application threads were stopped: 0.0036717 seconds, Stopping threads took: 0.0000232 seconds
{Heap before GC invocations=563 (full 48):
 par new generation   total 188736K, used 180505K [0x00000000c0000000, 0x00000000cccc0000, 0x00000000cccc0000)
  eden space 167808K,  99% used [0x00000000c0000000, 0x00000000ca346440, 0x00000000ca3e0000)
  from space 20928K,  63% used [0x00000000cb850000, 0x00000000cc5500d0, 0x00000000cccc0000)
  to   space 20928K,   0% used [0x00000000ca3e0000, 0x00000000ca3e0000, 0x00000000cb850000)
 concurrent mark-sweep generation total 838912K, used 210985K [0x00000000cccc0000, 0x0000000100000000, 0x0000000100000000)
 Metaspace       used 3935K, capacity 4540K, committed 4864K, reserved 1056768K
  class space    used 425K, capacity 428K, committed 512K, reserved 1048576K
2024-07-26T01:31:22.755+0800: 14.355: [GC (Allocation Failure) 2024-07-26T01:31:22.755+0800: 14.355: [ParNew2024-07-26T01:31:22.767+0800: 14.367: [SoftReference, 0 refs, 0.0000377 secs]2024-07-26T01:31:22.767+0800: 14.367: [WeakReference, 0 refs, 0.0000044 secs]2024-07-26T01:31:22.767+0800: 14.367: [FinalReference, 0 refs, 0.0000039 secs]2024-07-26T01:31:22.767+0800: 14.367: [PhantomReference, 0 refs, 0.0000037 secs]2024-07-26T01:31:22.767+0800: 14.367: [JNI Weak Reference, 0.0000042 secs]
Desired survivor size 10715136 bytes, new threshold 1 (max 1)
- age   1:   20971840 bytes,   20971840 total
: 180505K->20480K(188736K), 0.0120735 secs] 391490K->287788K(1027648K), 0.0121182 secs] [Times: user=0.05 sys=0.00, real=0.01 secs] 
Heap after GC invocations=564 (full 48):
 par new generation   total 188736K, used 20480K [0x00000000c0000000, 0x00000000cccc0000, 0x00000000cccc0000)
  eden space 167808K,   0% used [0x00000000c0000000, 0x00000000c0000000, 0x00000000ca3e0000)
  from space 20928K,  97% used [0x00000000ca3e0000, 0x00000000cb7e0140, 0x00000000cb850000)
  to   space 20928K,   0% used [0x00000000cb850000, 0x00000000cb850000, 0x00000000cccc0000)
 concurrent mark-sweep generation total 838912K, used 267308K [0x00000000cccc0000, 0x0000000100000000, 0x0000000100000000)
 Metaspace       used 3935K, capacity 4540K, committed 4864K, reserved 1056768K
  class space    used 425K, capacity 428K, committed 512K, reserved 1048576K
}
2024-07-26T01:31:22.767+0800: 14.367: Total time for which application threads were stopped: 0.0122443 seconds, Stopping threads took: 0.0000236 seconds
{Heap before GC invocations=564 (full 48):
 par new generation   total 188736K, used 187673K [0x00000000c0000000, 0x00000000cccc0000, 0x00000000cccc0000)
  eden space 167808K,  99% used [0x00000000c0000000, 0x00000000ca346440, 0x00000000ca3e0000)
  from space 20928K,  97% used [0x00000000ca3e0000, 0x00000000cb7e0140, 0x00000000cb850000)
  to   space 20928K,   0% used [0x00000000cb850000, 0x00000000cb850000, 0x00000000cccc0000)
 concurrent mark-sweep generation total 838912K, used 267308K [0x00000000cccc0000, 0x0000000100000000, 0x0000000100000000)
 Metaspace       used 3935K, capacity 4540K, committed 4864K, reserved 1056768K
  class space    used 425K, capacity 428K, committed 512K, reserved 1048576K
2024-07-26T01:31:22.783+0800: 14.382: [GC (Allocation Failure) 2024-07-26T01:31:22.783+0800: 14.382: [ParNew2024-07-26T01:31:22.789+0800: 14.389: [SoftReference, 0 refs, 0.0000287 secs]2024-07-26T01:31:22.789+0800: 14.389: [WeakReference, 0 refs, 0.0000045 secs]2024-07-26T01:31:22.789+0800: 14.389: [FinalReference, 0 refs, 0.0000039 secs]2024-07-26T01:31:22.789+0800: 14.389: [PhantomReference, 0 refs, 0.0000036 secs]2024-07-26T01:31:22.789+0800: 14.389: [JNI Weak Reference, 0.0000072 secs]
Desired survivor size 10715136 bytes, new threshold 1 (max 1)
- age   1:   20971840 bytes,   20971840 total
: 187673K->20480K(188736K), 0.0061792 secs] 454981K->304175K(1027648K), 0.0062167 secs] [Times: user=0.00 sys=0.00, real=0.01 secs] 
Heap after GC invocations=565 (full 48):
 par new generation   total 188736K, used 20480K [0x00000000c0000000, 0x00000000cccc0000, 0x00000000cccc0000)
  eden space 167808K,   0% used [0x00000000c0000000, 0x00000000c0000000, 0x00000000ca3e0000)
  from space 20928K,  97% used [0x00000000cb850000, 0x00000000ccc50140, 0x00000000cccc0000)
  to   space 20928K,   0% used [0x00000000ca3e0000, 0x00000000ca3e0000, 0x00000000cb850000)
 concurrent mark-sweep generation total 838912K, used 283694K [0x00000000cccc0000, 0x0000000100000000, 0x0000000100000000)
 Metaspace       used 3935K, capacity 4540K, committed 4864K, reserved 1056768K
  class space    used 425K, capacity 428K, committed 512K, reserved 1048576K
}
2024-07-26T01:31:22.789+0800: 14.389: Total time for which application threads were stopped: 0.0063348 seconds, Stopping threads took: 0.0000247 seconds
{Heap before GC invocations=565 (full 48):
 par new generation   total 188736K, used 187673K [0x00000000c0000000, 0x00000000cccc0000, 0x00000000cccc0000)
  eden space 167808K,  99% used [0x00000000c0000000, 0x00000000ca346440, 0x00000000ca3e0000)
  from space 20928K,  97% used [0x00000000cb850000, 0x00000000ccc50140, 0x00000000cccc0000)
  to   space 20928K,   0% used [0x00000000ca3e0000, 0x00000000ca3e0000, 0x00000000cb850000)
 concurrent mark-sweep generation total 838912K, used 283694K [0x00000000cccc0000, 0x0000000100000000, 0x0000000100000000)
 Metaspace       used 3935K, capacity 4540K, committed 4864K, reserved 1056768K
  class space    used 425K, capacity 428K, committed 512K, reserved 1048576K
2024-07-26T01:31:22.804+0800: 14.404: [GC (Allocation Failure) 2024-07-26T01:31:22.804+0800: 14.404: [ParNew2024-07-26T01:31:22.820+0800: 14.420: [SoftReference, 0 refs, 0.0000324 secs]2024-07-26T01:31:22.820+0800: 14.420: [WeakReference, 0 refs, 0.0000040 secs]2024-07-26T01:31:22.820+0800: 14.420: [FinalReference, 0 refs, 0.0000037 secs]2024-07-26T01:31:22.820+0800: 14.420: [PhantomReference, 0 refs, 0.0000035 secs]2024-07-26T01:31:22.820+0800: 14.420: [JNI Weak Reference, 0.0000040 secs]
Desired survivor size 10715136 bytes, new threshold 1 (max 1)
- age   1:   20971840 bytes,   20971840 total
: 187673K->20480K(188736K), 0.0162127 secs] 471368K->384050K(1027648K), 0.0162565 secs] [Times: user=0.02 sys=0.00, real=0.02 secs] 
Heap after GC invocations=566 (full 48):
 par new generation   total 188736K, used 20480K [0x00000000c0000000, 0x00000000cccc0000, 0x00000000cccc0000)
  eden space 167808K,   0% used [0x00000000c0000000, 0x00000000c0000000, 0x00000000ca3e0000)
  from space 20928K,  97% used [0x00000000ca3e0000, 0x00000000cb7e0140, 0x00000000cb850000)
  to   space 20928K,   0% used [0x00000000cb850000, 0x00000000cb850000, 0x00000000cccc0000)
 concurrent mark-sweep generation total 838912K, used 363570K [0x00000000cccc0000, 0x0000000100000000, 0x0000000100000000)
 Metaspace       used 3935K, capacity 4540K, committed 4864K, reserved 1056768K
  class space    used 425K, capacity 428K, committed 512K, reserved 1048576K
}
2024-07-26T01:31:22.820+0800: 14.420: Total time for which application threads were stopped: 0.0163795 seconds, Stopping threads took: 0.0000256 seconds
2024-07-26T01:31:22.821+0800: 14.421: [GC (CMS Initial Mark) [1 CMS-initial-mark: 363570K(838912K)] 388424K(1027648K), 0.0005637 secs] [Times: user=0.00 sys=0.00, real=0.00 secs] 
2024-07-26T01:31:22.821+0800: 14.421: Total time for which application threads were stopped: 0.0007594 seconds, Stopping threads took: 0.0001373 seconds
2024-07-26T01:31:22.821+0800: 14.421: [CMS-concurrent-mark-start]
2024-07-26T01:31:22.823+0800: 14.423: [CMS-concurrent-mark: 0.002/0.002 secs] [Times: user=0.00 sys=0.00, real=0.00 secs] 
2024-07-26T01:31:22.823+0800: 14.423: [CMS-concurrent-preclean-start]
2024-07-26T01:31:22.823+0800: 14.423: [Preclean SoftReferences, 0.0000221 secs]2024-07-26T01:31:22.823+0800: 14.423: [Preclean WeakReferences, 0.0000085 secs]2024-07-26T01:31:22.823+0800: 14.423: [Preclean FinalReferences, 0.0000040 secs]2024-07-26T01:31:22.823+0800: 14.423: [Preclean PhantomReferences, 0.0000037 secs]2024-07-26T01:31:22.824+0800: 14.424: [CMS-concurrent-preclean: 0.001/0.001 secs] [Times: user=0.02 sys=0.00, real=0.00 secs] 
2024-07-26T01:31:22.824+0800: 14.424: [CMS-concurrent-abortable-preclean-start]
{Heap before GC invocations=566 (full 49):
 par new generation   total 188736K, used 187673K [0x00000000c0000000, 0x00000000cccc0000, 0x00000000cccc0000)
  eden space 167808K,  99% used [0x00000000c0000000, 0x00000000ca346440, 0x00000000ca3e0000)
  from space 20928K,  97% used [0x00000000ca3e0000, 0x00000000cb7e0140, 0x00000000cb850000)
  to   space 20928K,   0% used [0x00000000cb850000, 0x00000000cb850000, 0x00000000cccc0000)
 concurrent mark-sweep generation total 838912K, used 363570K [0x00000000cccc0000, 0x0000000100000000, 0x0000000100000000)
 Metaspace       used 3935K, capacity 4540K, committed 4864K, reserved 1056768K
  class space    used 425K, capacity 428K, committed 512K, reserved 1048576K
2024-07-26T01:31:22.837+0800: 14.437: [GC (Allocation Failure) 2024-07-26T01:31:22.837+0800: 14.437: [ParNew2024-07-26T01:31:22.847+0800: 14.447: [SoftReference, 0 refs, 0.0000354 secs]2024-07-26T01:31:22.847+0800: 14.447: [WeakReference, 0 refs, 0.0000045 secs]2024-07-26T01:31:22.848+0800: 14.447: [FinalReference, 0 refs, 0.0000051 secs]2024-07-26T01:31:22.848+0800: 14.447: [PhantomReference, 0 refs, 0.0000039 secs]2024-07-26T01:31:22.848+0800: 14.447: [JNI Weak Reference, 0.0000041 secs]
Desired survivor size 10715136 bytes, new threshold 1 (max 1)
- age   1:   20971840 bytes,   20971840 total
: 187673K->20480K(188736K), 0.0100111 secs] 551243K->423988K(1027648K), 0.0100518 secs] [Times: user=0.09 sys=0.00, real=0.01 secs] 
Heap after GC invocations=567 (full 49):
 par new generation   total 188736K, used 20480K [0x00000000c0000000, 0x00000000cccc0000, 0x00000000cccc0000)
  eden space 167808K,   0% used [0x00000000c0000000, 0x00000000c0000000, 0x00000000ca3e0000)
  from space 20928K,  97% used [0x00000000cb850000, 0x00000000ccc50140, 0x00000000cccc0000)
  to   space 20928K,   0% used [0x00000000ca3e0000, 0x00000000ca3e0000, 0x00000000cb850000)
 concurrent mark-sweep generation total 838912K, used 403508K [0x00000000cccc0000, 0x0000000100000000, 0x0000000100000000)
 Metaspace       used 3935K, capacity 4540K, committed 4864K, reserved 1056768K
  class space    used 425K, capacity 428K, committed 512K, reserved 1048576K
}
2024-07-26T01:31:22.848+0800: 14.447: Total time for which application threads were stopped: 0.0101699 seconds, Stopping threads took: 0.0000232 seconds
{Heap before GC invocations=567 (full 49):
 par new generation   total 188736K, used 187673K [0x00000000c0000000, 0x00000000cccc0000, 0x00000000cccc0000)
  eden space 167808K,  99% used [0x00000000c0000000, 0x00000000ca346440, 0x00000000ca3e0000)
  from space 20928K,  97% used [0x00000000cb850000, 0x00000000ccc50140, 0x00000000cccc0000)
  to   space 20928K,   0% used [0x00000000ca3e0000, 0x00000000ca3e0000, 0x00000000cb850000)
 concurrent mark-sweep generation total 838912K, used 403508K [0x00000000cccc0000, 0x0000000100000000, 0x0000000100000000)
 Metaspace       used 3935K, capacity 4540K, committed 4864K, reserved 1056768K
  class space    used 425K, capacity 428K, committed 512K, reserved 1048576K
2024-07-26T01:31:22.863+0800: 14.462: [GC (Allocation Failure) 2024-07-26T01:31:22.863+0800: 14.462: [ParNew2024-07-26T01:31:22.866+0800: 14.466: [SoftReference, 0 refs, 0.0000319 secs]2024-07-26T01:31:22.866+0800: 14.466: [WeakReference, 0 refs, 0.0000046 secs]2024-07-26T01:31:22.866+0800: 14.466: [FinalReference, 0 refs, 0.0000039 secs]2024-07-26T01:31:22.866+0800: 14.466: [PhantomReference, 0 refs, 0.0000038 secs]2024-07-26T01:31:22.866+0800: 14.466: [JNI Weak Reference, 0.0000045 secs]
Desired survivor size 10715136 bytes, new threshold 1 (max 1)
- age   1:   20971840 bytes,   20971840 total
: 187673K->20480K(188736K), 0.0033934 secs] 591182K->423988K(1027648K), 0.0034340 secs] [Times: user=0.00 sys=0.00, real=0.00 secs] 
Heap after GC invocations=568 (full 49):
 par new generation   total 188736K, used 20480K [0x00000000c0000000, 0x00000000cccc0000, 0x00000000cccc0000)
  eden space 167808K,   0% used [0x00000000c0000000, 0x00000000c0000000, 0x00000000ca3e0000)
  from space 20928K,  97% used [0x00000000ca3e0000, 0x00000000cb7e0140, 0x00000000cb850000)
  to   space 20928K,   0% used [0x00000000cb850000, 0x00000000cb850000, 0x00000000cccc0000)
 concurrent mark-sweep generation total 838912K, used 403508K [0x00000000cccc0000, 0x0000000100000000, 0x0000000100000000)
 Metaspace       used 3935K, capacity 4540K, committed 4864K, reserved 1056768K
  class space    used 425K, capacity 428K, committed 512K, reserved 1048576K
}
2024-07-26T01:31:22.866+0800: 14.466: Total time for which application threads were stopped: 0.0035549 seconds, Stopping threads took: 0.0000282 seconds
{Heap before GC invocations=568 (full 49):
 par new generation   total 188736K, used 187673K [0x00000000c0000000, 0x00000000cccc0000, 0x00000000cccc0000)
  eden space 167808K,  99% used [0x00000000c0000000, 0x00000000ca346440, 0x00000000ca3e0000)
  from space 20928K,  97% used [0x00000000ca3e0000, 0x00000000cb7e0140, 0x00000000cb850000)
  to   space 20928K,   0% used [0x00000000cb850000, 0x00000000cb850000, 0x00000000cccc0000)
 concurrent mark-sweep generation total 838912K, used 403508K [0x00000000cccc0000, 0x0000000100000000, 0x0000000100000000)
 Metaspace       used 3935K, capacity 4540K, committed 4864K, reserved 1056768K
  class space    used 425K, capacity 428K, committed 512K, reserved 1048576K
2024-07-26T01:31:22.881+0800: 14.481: [GC (Allocation Failure) 2024-07-26T01:31:22.881+0800: 14.481: [ParNew2024-07-26T01:31:22.895+0800: 14.494: [SoftReference, 0 refs, 0.0000358 secs]2024-07-26T01:31:22.895+0800: 14.494: [WeakReference, 0 refs, 0.0000042 secs]2024-07-26T01:31:22.895+0800: 14.494: [FinalReference, 0 refs, 0.0000036 secs]2024-07-26T01:31:22.895+0800: 14.494: [PhantomReference, 0 refs, 0.0000036 secs]2024-07-26T01:31:22.895+0800: 14.494: [JNI Weak Reference, 0.0000041 secs]
Desired survivor size 10715136 bytes, new threshold 1 (max 1)
- age   1:   20971840 bytes,   20971840 total
: 187673K->20480K(188736K), 0.0133104 secs] 591182K->487477K(1027648K), 0.0133499 secs] [Times: user=0.05 sys=0.00, real=0.01 secs] 
Heap after GC invocations=569 (full 49):
 par new generation   total 188736K, used 20480K [0x00000000c0000000, 0x00000000cccc0000, 0x00000000cccc0000)
  eden space 167808K,   0% used [0x00000000c0000000, 0x00000000c0000000, 0x00000000ca3e0000)
  from space 20928K,  97% used [0x00000000cb850000, 0x00000000ccc50140, 0x00000000cccc0000)
  to   space 20928K,   0% used [0x00000000ca3e0000, 0x00000000ca3e0000, 0x00000000cb850000)
 concurrent mark-sweep generation total 838912K, used 466997K [0x00000000cccc0000, 0x0000000100000000, 0x0000000100000000)
 Metaspace       used 3935K, capacity 4540K, committed 4864K, reserved 1056768K
  class space    used 425K, capacity 428K, committed 512K, reserved 1048576K
}
2024-07-26T01:31:22.895+0800: 14.494: Total time for which application threads were stopped: 0.0134688 seconds, Stopping threads took: 0.0000257 seconds
{Heap before GC invocations=569 (full 49):
 par new generation   total 188736K, used 187673K [0x00000000c0000000, 0x00000000cccc0000, 0x00000000cccc0000)
  eden space 167808K,  99% used [0x00000000c0000000, 0x00000000ca346440, 0x00000000ca3e0000)
  from space 20928K,  97% used [0x00000000cb850000, 0x00000000ccc50140, 0x00000000cccc0000)
  to   space 20928K,   0% used [0x00000000ca3e0000, 0x00000000ca3e0000, 0x00000000cb850000)
 concurrent mark-sweep generation total 838912K, used 466997K [0x00000000cccc0000, 0x0000000100000000, 0x0000000100000000)
 Metaspace       used 3935K, capacity 4540K, committed 4864K, reserved 1056768K
  class space    used 425K, capacity 428K, committed 512K, reserved 1048576K
2024-07-26T01:31:22.911+0800: 14.511: [GC (Allocation Failure) 2024-07-26T01:31:22.911+0800: 14.511: [ParNew2024-07-26T01:31:22.918+0800: 14.518: [SoftReference, 0 refs, 0.0000307 secs]2024-07-26T01:31:22.918+0800: 14.518: [WeakReference, 0 refs, 0.0000045 secs]2024-07-26T01:31:22.918+0800: 14.518: [FinalReference, 0 refs, 0.0000038 secs]2024-07-26T01:31:22.918+0800: 14.518: [PhantomReference, 0 refs, 0.0000037 secs]2024-07-26T01:31:22.918+0800: 14.518: [JNI Weak Reference, 0.0000047 secs]
Desired survivor size 10715136 bytes, new threshold 1 (max 1)
- age   1:   20971840 bytes,   20971840 total
: 187673K->20480K(188736K), 0.0074405 secs] 654671K->511030K(1027648K), 0.0074959 secs] [Times: user=0.05 sys=0.00, real=0.01 secs] 
Heap after GC invocations=570 (full 49):
 par new generation   total 188736K, used 20480K [0x00000000c0000000, 0x00000000cccc0000, 0x00000000cccc0000)
  eden space 167808K,   0% used [0x00000000c0000000, 0x00000000c0000000, 0x00000000ca3e0000)
  from space 20928K,  97% used [0x00000000ca3e0000, 0x00000000cb7e0140, 0x00000000cb850000)
  to   space 20928K,   0% used [0x00000000cb850000, 0x00000000cb850000, 0x00000000cccc0000)
 concurrent mark-sweep generation total 838912K, used 490550K [0x00000000cccc0000, 0x0000000100000000, 0x0000000100000000)
 Metaspace       used 3935K, capacity 4540K, committed 4864K, reserved 1056768K
  class space    used 425K, capacity 428K, committed 512K, reserved 1048576K
}
2024-07-26T01:31:22.918+0800: 14.518: Total time for which application threads were stopped: 0.0076337 seconds, Stopping threads took: 0.0000351 seconds
{Heap before GC invocations=570 (full 49):
 par new generation   total 188736K, used 187673K [0x00000000c0000000, 0x00000000cccc0000, 0x00000000cccc0000)
  eden space 167808K,  99% used [0x00000000c0000000, 0x00000000ca346440, 0x00000000ca3e0000)
  from space 20928K,  97% used [0x00000000ca3e0000, 0x00000000cb7e0140, 0x00000000cb850000)
  to   space 20928K,   0% used [0x00000000cb850000, 0x00000000cb850000, 0x00000000cccc0000)
 concurrent mark-sweep generation total 838912K, used 490550K [0x00000000cccc0000, 0x0000000100000000, 0x0000000100000000)
 Metaspace       used 3935K, capacity 4540K, committed 4864K, reserved 1056768K
  class space    used 425K, capacity 428K, committed 512K, reserved 1048576K
2024-07-26T01:31:22.935+0800: 14.534: [GC (Allocation Failure) 2024-07-26T01:31:22.935+0800: 14.534: [ParNew2024-07-26T01:31:22.937+0800: 14.536: [SoftReference, 0 refs, 0.0000449 secs]2024-07-26T01:31:22.937+0800: 14.536: [WeakReference, 0 refs, 0.0000057 secs]2024-07-26T01:31:22.937+0800: 14.536: [FinalReference, 0 refs, 0.0000042 secs]2024-07-26T01:31:22.937+0800: 14.536: [PhantomReference, 0 refs, 0.0000039 secs]2024-07-26T01:31:22.937+0800: 14.536: [JNI Weak Reference, 0.0000045 secs]
Desired survivor size 10715136 bytes, new threshold 1 (max 1)
- age   1:    4194368 bytes,    4194368 total
: 187673K->4096K(188736K), 0.0014027 secs] 678223K->494646K(1027648K), 0.0014420 secs] [Times: user=0.00 sys=0.00, real=0.00 secs] 
Heap after GC invocations=571 (full 49):
 par new generation   total 188736K, used 4096K [0x00000000c0000000, 0x00000000cccc0000, 0x00000000cccc0000)
  eden space 167808K,   0% used [0x00000000c0000000, 0x00000000c0000000, 0x00000000ca3e0000)
  from space 20928K,  19% used [0x00000000cb850000, 0x00000000cbc50040, 0x00000000cccc0000)
  to   space 20928K,   0% used [0x00000000ca3e0000, 0x00000000ca3e0000, 0x00000000cb850000)
 concurrent mark-sweep generation total 838912K, used 490550K [0x00000000cccc0000, 0x0000000100000000, 0x0000000100000000)
 Metaspace       used 3935K, capacity 4540K, committed 4864K, reserved 1056768K
  class space    used 425K, capacity 428K, committed 512K, reserved 1048576K
}
2024-07-26T01:31:22.937+0800: 14.536: Total time for which application threads were stopped: 0.0015668 seconds, Stopping threads took: 0.0000259 seconds
{Heap before GC invocations=571 (full 49):
 par new generation   total 188736K, used 171289K [0x00000000c0000000, 0x00000000cccc0000, 0x00000000cccc0000)
  eden space 167808K,  99% used [0x00000000c0000000, 0x00000000ca346440, 0x00000000ca3e0000)
  from space 20928K,  19% used [0x00000000cb850000, 0x00000000cbc50040, 0x00000000cccc0000)
  to   space 20928K,   0% used [0x00000000ca3e0000, 0x00000000ca3e0000, 0x00000000cb850000)
 concurrent mark-sweep generation total 838912K, used 490550K [0x00000000cccc0000, 0x0000000100000000, 0x0000000100000000)
 Metaspace       used 3935K, capacity 4540K, committed 4864K, reserved 1056768K
  class space    used 425K, capacity 428K, committed 512K, reserved 1048576K
2024-07-26T01:31:22.954+0800: 14.553: [GC (Allocation Failure) 2024-07-26T01:31:22.954+0800: 14.553: [ParNew2024-07-26T01:31:22.968+0800: 14.567: [SoftReference, 0 refs, 0.0000586 secs]2024-07-26T01:31:22.968+0800: 14.567: [WeakReference, 0 refs, 0.0000070 secs]2024-07-26T01:31:22.968+0800: 14.567: [FinalReference, 0 refs, 0.0000064 secs]2024-07-26T01:31:22.968+0800: 14.567: [PhantomReference, 0 refs, 0.0000057 secs]2024-07-26T01:31:22.968+0800: 14.567: [JNI Weak Reference, 0.0000063 secs]
Desired survivor size 10715136 bytes, new threshold 1 (max 1)
- age   1:   20971840 bytes,   20971840 total
: 171289K->20480K(188736K), 0.0139597 secs] 661839K->558137K(1027648K), 0.0140061 secs] [Times: user=0.02 sys=0.01, real=0.01 secs] 
Heap after GC invocations=572 (full 49):
 par new generation   total 188736K, used 20480K [0x00000000c0000000, 0x00000000cccc0000, 0x00000000cccc0000)
  eden space 167808K,   0% used [0x00000000c0000000, 0x00000000c0000000, 0x00000000ca3e0000)
  from space 20928K,  97% used [0x00000000ca3e0000, 0x00000000cb7e0140, 0x00000000cb850000)
  to   space 20928K,   0% used [0x00000000cb850000, 0x00000000cb850000, 0x00000000cccc0000)
 concurrent mark-sweep generation total 838912K, used 537656K [0x00000000cccc0000, 0x0000000100000000, 0x0000000100000000)
 Metaspace       used 3935K, capacity 4540K, committed 4864K, reserved 1056768K
  class space    used 425K, capacity 428K, committed 512K, reserved 1048576K
}
2024-07-26T01:31:22.968+0800: 14.567: Total time for which application threads were stopped: 0.0141738 seconds, Stopping threads took: 0.0000447 seconds
{Heap before GC invocations=572 (full 49):
 par new generation   total 188736K, used 187673K [0x00000000c0000000, 0x00000000cccc0000, 0x00000000cccc0000)
  eden space 167808K,  99% used [0x00000000c0000000, 0x00000000ca346440, 0x00000000ca3e0000)
  from space 20928K,  97% used [0x00000000ca3e0000, 0x00000000cb7e0140, 0x00000000cb850000)
  to   space 20928K,   0% used [0x00000000cb850000, 0x00000000cb850000, 0x00000000cccc0000)
 concurrent mark-sweep generation total 838912K, used 537656K [0x00000000cccc0000, 0x0000000100000000, 0x0000000100000000)
 Metaspace       used 3935K, capacity 4540K, committed 4864K, reserved 1056768K
  class space    used 425K, capacity 428K, committed 512K, reserved 1048576K
2024-07-26T01:31:22.983+0800: 14.583: [GC (Allocation Failure) 2024-07-26T01:31:22.983+0800: 14.583: [ParNew2024-07-26T01:31:22.988+0800: 14.588: [SoftReference, 0 refs, 0.0000317 secs]2024-07-26T01:31:22.988+0800: 14.588: [WeakReference, 0 refs, 0.0000042 secs]2024-07-26T01:31:22.988+0800: 14.588: [FinalReference, 0 refs, 0.0000039 secs]2024-07-26T01:31:22.988+0800: 14.588: [PhantomReference, 0 refs, 0.0000038 secs]2024-07-26T01:31:22.988+0800: 14.588: [JNI Weak Reference, 0.0000045 secs]
Desired survivor size 10715136 bytes, new threshold 1 (max 1)
- age   1:   20971840 bytes,   20971840 total
: 187673K->20480K(188736K), 0.0046754 secs] 725330K->565307K(1027648K), 0.0047107 secs] [Times: user=0.00 sys=0.00, real=0.00 secs] 
Heap after GC invocations=573 (full 49):
 par new generation   total 188736K, used 20480K [0x00000000c0000000, 0x00000000cccc0000, 0x00000000cccc0000)
  eden space 167808K,   0% used [0x00000000c0000000, 0x00000000c0000000, 0x00000000ca3e0000)
  from space 20928K,  97% used [0x00000000cb850000, 0x00000000ccc50140, 0x00000000cccc0000)
  to   space 20928K,   0% used [0x00000000ca3e0000, 0x00000000ca3e0000, 0x00000000cb850000)
 concurrent mark-sweep generation total 838912K, used 544826K [0x00000000cccc0000, 0x0000000100000000, 0x0000000100000000)
 Metaspace       used 3935K, capacity 4540K, committed 4864K, reserved 1056768K
  class space    used 425K, capacity 428K, committed 512K, reserved 1048576K
}
2024-07-26T01:31:22.988+0800: 14.588: Total time for which application threads were stopped: 0.0048273 seconds, Stopping threads took: 0.0000223 seconds
{Heap before GC invocations=573 (full 49):
 par new generation   total 188736K, used 187673K [0x00000000c0000000, 0x00000000cccc0000, 0x00000000cccc0000)
  eden space 167808K,  99% used [0x00000000c0000000, 0x00000000ca346440, 0x00000000ca3e0000)
  from space 20928K,  97% used [0x00000000cb850000, 0x00000000ccc50140, 0x00000000cccc0000)
  to   space 20928K,   0% used [0x00000000ca3e0000, 0x00000000ca3e0000, 0x00000000cb850000)
 concurrent mark-sweep generation total 838912K, used 544826K [0x00000000cccc0000, 0x0000000100000000, 0x0000000100000000)
 Metaspace       used 3935K, capacity 4540K, committed 4864K, reserved 1056768K
  class space    used 425K, capacity 428K, committed 512K, reserved 1048576K
2024-07-26T01:31:23.004+0800: 14.603: [GC (Allocation Failure) 2024-07-26T01:31:23.004+0800: 14.603: [ParNew2024-07-26T01:31:23.018+0800: 14.617: [SoftReference, 0 refs, 0.0000380 secs]2024-07-26T01:31:23.018+0800: 14.617: [WeakReference, 0 refs, 0.0000045 secs]2024-07-26T01:31:23.018+0800: 14.617: [FinalReference, 0 refs, 0.0000041 secs]2024-07-26T01:31:23.018+0800: 14.617: [PhantomReference, 0 refs, 0.0000036 secs]2024-07-26T01:31:23.018+0800: 14.617: [JNI Weak Reference, 0.0000047 secs]
Desired survivor size 10715136 bytes, new threshold 1 (max 1)
- age   1:   20971840 bytes,   20971840 total
: 187673K->20480K(188736K), 0.0139926 secs] 732500K->635964K(1027648K), 0.0140403 secs] [Times: user=0.05 sys=0.00, real=0.01 secs] 
Heap after GC invocations=574 (full 49):
 par new generation   total 188736K, used 20480K [0x00000000c0000000, 0x00000000cccc0000, 0x00000000cccc0000)
  eden space 167808K,   0% used [0x00000000c0000000, 0x00000000c0000000, 0x00000000ca3e0000)
  from space 20928K,  97% used [0x00000000ca3e0000, 0x00000000cb7e0140, 0x00000000cb850000)
  to   space 20928K,   0% used [0x00000000cb850000, 0x00000000cb850000, 0x00000000cccc0000)
 concurrent mark-sweep generation total 838912K, used 615484K [0x00000000cccc0000, 0x0000000100000000, 0x0000000100000000)
 Metaspace       used 3935K, capacity 4540K, committed 4864K, reserved 1056768K
  class space    used 425K, capacity 428K, committed 512K, reserved 1048576K
}
2024-07-26T01:31:23.018+0800: 14.617: Total time for which application threads were stopped: 0.0141781 seconds, Stopping threads took: 0.0000333 seconds
{Heap before GC invocations=574 (full 49):
 par new generation   total 188736K, used 187673K [0x00000000c0000000, 0x00000000cccc0000, 0x00000000cccc0000)
  eden space 167808K,  99% used [0x00000000c0000000, 0x00000000ca346440, 0x00000000ca3e0000)
  from space 20928K,  97% used [0x00000000ca3e0000, 0x00000000cb7e0140, 0x00000000cb850000)
  to   space 20928K,   0% used [0x00000000cb850000, 0x00000000cb850000, 0x00000000cccc0000)
 concurrent mark-sweep generation total 838912K, used 615484K [0x00000000cccc0000, 0x0000000100000000, 0x0000000100000000)
 Metaspace       used 3935K, capacity 4540K, committed 4864K, reserved 1056768K
  class space    used 425K, capacity 428K, committed 512K, reserved 1048576K
2024-07-26T01:31:23.033+0800: 14.632: [GC (Allocation Failure) 2024-07-26T01:31:23.033+0800: 14.632: [ParNew2024-07-26T01:31:23.041+0800: 14.641: [SoftReference, 0 refs, 0.0000268 secs]2024-07-26T01:31:23.041+0800: 14.641: [WeakReference, 0 refs, 0.0000044 secs]2024-07-26T01:31:23.041+0800: 14.641: [FinalReference, 0 refs, 0.0000039 secs]2024-07-26T01:31:23.041+0800: 14.641: [PhantomReference, 0 refs, 0.0000037 secs]2024-07-26T01:31:23.041+0800: 14.641: [JNI Weak Reference, 0.0000046 secs]
Desired survivor size 10715136 bytes, new threshold 1 (max 1)
- age   1:   20971840 bytes,   20971840 total
: 187673K->20480K(188736K), 0.0082382 secs] 803157K->666684K(1027648K), 0.0082840 secs] [Times: user=0.00 sys=0.00, real=0.01 secs] 
Heap after GC invocations=575 (full 49):
 par new generation   total 188736K, used 20480K [0x00000000c0000000, 0x00000000cccc0000, 0x00000000cccc0000)
  eden space 167808K,   0% used [0x00000000c0000000, 0x00000000c0000000, 0x00000000ca3e0000)
  from space 20928K,  97% used [0x00000000cb850000, 0x00000000ccc50140, 0x00000000cccc0000)
  to   space 20928K,   0% used [0x00000000ca3e0000, 0x00000000ca3e0000, 0x00000000cb850000)
 concurrent mark-sweep generation total 838912K, used 646204K [0x00000000cccc0000, 0x0000000100000000, 0x0000000100000000)
 Metaspace       used 3935K, capacity 4540K, committed 4864K, reserved 1056768K
  class space    used 425K, capacity 428K, committed 512K, reserved 1048576K
}
2024-07-26T01:31:23.041+0800: 14.641: Total time for which application threads were stopped: 0.0084098 seconds, Stopping threads took: 0.0000274 seconds
{Heap before GC invocations=575 (full 49):
 par new generation   total 188736K, used 187673K [0x00000000c0000000, 0x00000000cccc0000, 0x00000000cccc0000)
  eden space 167808K,  99% used [0x00000000c0000000, 0x00000000ca346440, 0x00000000ca3e0000)
  from space 20928K,  97% used [0x00000000cb850000, 0x00000000ccc50140, 0x00000000cccc0000)
  to   space 20928K,   0% used [0x00000000ca3e0000, 0x00000000ca3e0000, 0x00000000cb850000)
 concurrent mark-sweep generation total 838912K, used 646204K [0x00000000cccc0000, 0x0000000100000000, 0x0000000100000000)
 Metaspace       used 3935K, capacity 4540K, committed 4864K, reserved 1056768K
  class space    used 425K, capacity 428K, committed 512K, reserved 1048576K
2024-07-26T01:31:23.056+0800: 14.655: [GC (Allocation Failure) 2024-07-26T01:31:23.056+0800: 14.655: [ParNew2024-07-26T01:31:23.059+0800: 14.659: [SoftReference, 0 refs, 0.0000343 secs]2024-07-26T01:31:23.059+0800: 14.659: [WeakReference, 0 refs, 0.0000046 secs]2024-07-26T01:31:23.059+0800: 14.659: [FinalReference, 0 refs, 0.0000041 secs]2024-07-26T01:31:23.059+0800: 14.659: [PhantomReference, 0 refs, 0.0000039 secs]2024-07-26T01:31:23.059+0800: 14.659: [JNI Weak Reference, 0.0000047 secs]
Desired survivor size 10715136 bytes, new threshold 1 (max 1)
- age   1:   11534512 bytes,   11534512 total
: 187673K->11264K(188736K), 0.0031949 secs] 833877K->657468K(1027648K), 0.0032345 secs] [Times: user=0.02 sys=0.00, real=0.00 secs] 
Heap after GC invocations=576 (full 49):
 par new generation   total 188736K, used 11264K [0x00000000c0000000, 0x00000000cccc0000, 0x00000000cccc0000)
  eden space 167808K,   0% used [0x00000000c0000000, 0x00000000c0000000, 0x00000000ca3e0000)
  from space 20928K,  53% used [0x00000000ca3e0000, 0x00000000caee00b0, 0x00000000cb850000)
  to   space 20928K,   0% used [0x00000000cb850000, 0x00000000cb850000, 0x00000000cccc0000)
 concurrent mark-sweep generation total 838912K, used 646204K [0x00000000cccc0000, 0x0000000100000000, 0x0000000100000000)
 Metaspace       used 3935K, capacity 4540K, committed 4864K, reserved 1056768K
  class space    used 425K, capacity 428K, committed 512K, reserved 1048576K
}
2024-07-26T01:31:23.059+0800: 14.659: Total time for which application threads were stopped: 0.0033524 seconds, Stopping threads took: 0.0000219 seconds
{Heap before GC invocations=576 (full 49):
 par new generation   total 188736K, used 178457K [0x00000000c0000000, 0x00000000cccc0000, 0x00000000cccc0000)
  eden space 167808K,  99% used [0x00000000c0000000, 0x00000000ca346440, 0x00000000ca3e0000)
  from space 20928K,  53% used [0x00000000ca3e0000, 0x00000000caee00b0, 0x00000000cb850000)
  to   space 20928K,   0% used [0x00000000cb850000, 0x00000000cb850000, 0x00000000cccc0000)
 concurrent mark-sweep generation total 838912K, used 646204K [0x00000000cccc0000, 0x0000000100000000, 0x0000000100000000)
 Metaspace       used 3935K, capacity 4540K, committed 4864K, reserved 1056768K
  class space    used 425K, capacity 428K, committed 512K, reserved 1048576K
2024-07-26T01:31:23.073+0800: 14.673: [GC (Allocation Failure) 2024-07-26T01:31:23.073+0800: 14.673: [ParNew2024-07-26T01:31:23.086+0800: 14.685: [SoftReference, 0 refs, 0.0000331 secs]2024-07-26T01:31:23.086+0800: 14.686: [WeakReference, 0 refs, 0.0000049 secs]2024-07-26T01:31:23.086+0800: 14.686: [FinalReference, 0 refs, 0.0000053 secs]2024-07-26T01:31:23.086+0800: 14.686: [PhantomReference, 0 refs, 0.0000040 secs]2024-07-26T01:31:23.086+0800: 14.686: [JNI Weak Reference, 0.0000045 secs]
Desired survivor size 10715136 bytes, new threshold 1 (max 1)
- age   1:   20971840 bytes,   20971840 total
: 178457K->20480K(188736K), 0.0123780 secs] 824661K->720957K(1027648K), 0.0124549 secs] [Times: user=0.01 sys=0.00, real=0.01 secs] 
Heap after GC invocations=577 (full 49):
 par new generation   total 188736K, used 20480K [0x00000000c0000000, 0x00000000cccc0000, 0x00000000cccc0000)
  eden space 167808K,   0% used [0x00000000c0000000, 0x00000000c0000000, 0x00000000ca3e0000)
  from space 20928K,  97% used [0x00000000cb850000, 0x00000000ccc50140, 0x00000000cccc0000)
  to   space 20928K,   0% used [0x00000000ca3e0000, 0x00000000ca3e0000, 0x00000000cb850000)
 concurrent mark-sweep generation total 838912K, used 700477K [0x00000000cccc0000, 0x0000000100000000, 0x0000000100000000)
 Metaspace       used 3935K, capacity 4540K, committed 4864K, reserved 1056768K
  class space    used 425K, capacity 428K, committed 512K, reserved 1048576K
}
2024-07-26T01:31:23.086+0800: 14.686: Total time for which application threads were stopped: 0.0125696 seconds, Stopping threads took: 0.0000235 seconds
{Heap before GC invocations=577 (full 49):
 par new generation   total 188736K, used 187673K [0x00000000c0000000, 0x00000000cccc0000, 0x00000000cccc0000)
  eden space 167808K,  99% used [0x00000000c0000000, 0x00000000ca346440, 0x00000000ca3e0000)
  from space 20928K,  97% used [0x00000000cb850000, 0x00000000ccc50140, 0x00000000cccc0000)
  to   space 20928K,   0% used [0x00000000ca3e0000, 0x00000000ca3e0000, 0x00000000cb850000)
 concurrent mark-sweep generation total 838912K, used 700477K [0x00000000cccc0000, 0x0000000100000000, 0x0000000100000000)
 Metaspace       used 3935K, capacity 4540K, committed 4864K, reserved 1056768K
  class space    used 425K, capacity 428K, committed 512K, reserved 1048576K
2024-07-26T01:31:23.101+0800: 14.701: [GC (Allocation Failure) 2024-07-26T01:31:23.101+0800: 14.701: [ParNew2024-07-26T01:31:23.107+0800: 14.707: [SoftReference, 0 refs, 0.0000296 secs]2024-07-26T01:31:23.107+0800: 14.707: [WeakReference, 0 refs, 0.0000046 secs]2024-07-26T01:31:23.107+0800: 14.707: [FinalReference, 0 refs, 0.0000041 secs]2024-07-26T01:31:23.107+0800: 14.707: [PhantomReference, 0 refs, 0.0000039 secs]2024-07-26T01:31:23.107+0800: 14.707: [JNI Weak Reference, 0.0000042 secs]
Desired survivor size 10715136 bytes, new threshold 1 (max 1)
- age   1:   20971840 bytes,   20971840 total
: 187673K->20480K(188736K), 0.0061202 secs] 888150K->735293K(1027648K), 0.0061586 secs] [Times: user=0.05 sys=0.00, real=0.01 secs] 
Heap after GC invocations=578 (full 49):
 par new generation   total 188736K, used 20480K [0x00000000c0000000, 0x00000000cccc0000, 0x00000000cccc0000)
  eden space 167808K,   0% used [0x00000000c0000000, 0x00000000c0000000, 0x00000000ca3e0000)
  from space 20928K,  97% used [0x00000000ca3e0000, 0x00000000cb7e0140, 0x00000000cb850000)
  to   space 20928K,   0% used [0x00000000cb850000, 0x00000000cb850000, 0x00000000cccc0000)
 concurrent mark-sweep generation total 838912K, used 714813K [0x00000000cccc0000, 0x0000000100000000, 0x0000000100000000)
 Metaspace       used 3935K, capacity 4540K, committed 4864K, reserved 1056768K
  class space    used 425K, capacity 428K, committed 512K, reserved 1048576K
}
2024-07-26T01:31:23.107+0800: 14.707: Total time for which application threads were stopped: 0.0062770 seconds, Stopping threads took: 0.0000229 seconds
{Heap before GC invocations=578 (full 49):
 par new generation   total 188736K, used 187673K [0x00000000c0000000, 0x00000000cccc0000, 0x00000000cccc0000)
  eden space 167808K,  99% used [0x00000000c0000000, 0x00000000ca346440, 0x00000000ca3e0000)
  from space 20928K,  97% used [0x00000000ca3e0000, 0x00000000cb7e0140, 0x00000000cb850000)
  to   space 20928K,   0% used [0x00000000cb850000, 0x00000000cb850000, 0x00000000cccc0000)
 concurrent mark-sweep generation total 838912K, used 714813K [0x00000000cccc0000, 0x0000000100000000, 0x0000000100000000)
 Metaspace       used 3935K, capacity 4540K, committed 4864K, reserved 1056768K
  class space    used 425K, capacity 428K, committed 512K, reserved 1048576K
2024-07-26T01:31:23.123+0800: 14.722: [GC (Allocation Failure) 2024-07-26T01:31:23.123+0800: 14.722: [ParNew2024-07-26T01:31:23.140+0800: 14.739: [SoftReference, 0 refs, 0.0000356 secs]2024-07-26T01:31:23.140+0800: 14.739: [WeakReference, 0 refs, 0.0000045 secs]2024-07-26T01:31:23.140+0800: 14.739: [FinalReference, 0 refs, 0.0000038 secs]2024-07-26T01:31:23.140+0800: 14.739: [PhantomReference, 0 refs, 0.0000038 secs]2024-07-26T01:31:23.140+0800: 14.739: [JNI Weak Reference, 0.0000042 secs]
Desired survivor size 10715136 bytes, new threshold 1 (max 1)
- age   1:   20971840 bytes,   20971840 total
: 187673K->20480K(188736K), 0.0165876 secs] 902486K->813121K(1027648K), 0.0166289 secs] [Times: user=0.08 sys=0.02, real=0.02 secs] 
Heap after GC invocations=579 (full 49):
 par new generation   total 188736K, used 20480K [0x00000000c0000000, 0x00000000cccc0000, 0x00000000cccc0000)
  eden space 167808K,   0% used [0x00000000c0000000, 0x00000000c0000000, 0x00000000ca3e0000)
  from space 20928K,  97% used [0x00000000cb850000, 0x00000000ccc50140, 0x00000000cccc0000)
  to   space 20928K,   0% used [0x00000000ca3e0000, 0x00000000ca3e0000, 0x00000000cb850000)
 concurrent mark-sweep generation total 838912K, used 792640K [0x00000000cccc0000, 0x0000000100000000, 0x0000000100000000)
 Metaspace       used 3935K, capacity 4540K, committed 4864K, reserved 1056768K
  class space    used 425K, capacity 428K, committed 512K, reserved 1048576K
}
2024-07-26T01:31:23.140+0800: 14.739: Total time for which application threads were stopped: 0.0167395 seconds, Stopping threads took: 0.0000240 seconds
{Heap before GC invocations=579 (full 49):
 par new generation   total 188736K, used 187673K [0x00000000c0000000, 0x00000000cccc0000, 0x00000000cccc0000)
  eden space 167808K,  99% used [0x00000000c0000000, 0x00000000ca346440, 0x00000000ca3e0000)
  from space 20928K,  97% used [0x00000000cb850000, 0x00000000ccc50140, 0x00000000cccc0000)
  to   space 20928K,   0% used [0x00000000ca3e0000, 0x00000000ca3e0000, 0x00000000cb850000)
 concurrent mark-sweep generation total 838912K, used 792640K [0x00000000cccc0000, 0x0000000100000000, 0x0000000100000000)
 Metaspace       used 3935K, capacity 4540K, committed 4864K, reserved 1056768K
  class space    used 425K, capacity 428K, committed 512K, reserved 1048576K
2024-07-26T01:31:23.154+0800: 14.754: [GC (Allocation Failure) 2024-07-26T01:31:23.154+0800: 14.754: [ParNew: 187673K->187673K(188736K), 0.0000205 secs]2024-07-26T01:31:23.154+0800: 14.754: [CMS2024-07-26T01:31:23.154+0800: 14.754: [CMS-concurrent-abortable-preclean: 0.008/0.330 secs] [Times: user=0.44 sys=0.03, real=0.33 secs] 
 (concurrent mode failure)2024-07-26T01:31:23.154+0800: 14.754: [SoftReference, 0 refs, 0.0000127 secs]2024-07-26T01:31:23.154+0800: 14.754: [WeakReference, 2 refs, 0.0000041 secs]2024-07-26T01:31:23.154+0800: 14.754: [FinalReference, 2 refs, 0.0000035 secs]2024-07-26T01:31:23.154+0800: 14.754: [PhantomReference, 0 refs, 0.0000034 secs]2024-07-26T01:31:23.154+0800: 14.754: [JNI Weak Reference, 0.0000045 secs]: 792640K->59425K(838912K), 0.0157118 secs] 980314K->59425K(1027648K), [Metaspace: 3935K->3935K(1056768K)], 0.0159075 secs] [Times: user=0.00 sys=0.00, real=0.02 secs] 
Heap after GC invocations=580 (full 50):
 par new generation   total 188736K, used 0K [0x00000000c0000000, 0x00000000cccc0000, 0x00000000cccc0000)
  eden space 167808K,   0% used [0x00000000c0000000, 0x00000000c0000000, 0x00000000ca3e0000)
  from space 20928K,   0% used [0x00000000cb850000, 0x00000000cb850000, 0x00000000cccc0000)
  to   space 20928K,   0% used [0x00000000ca3e0000, 0x00000000ca3e0000, 0x00000000cb850000)
 concurrent mark-sweep generation total 838912K, used 59425K [0x00000000cccc0000, 0x0000000100000000, 0x0000000100000000)
 Metaspace       used 3935K, capacity 4540K, committed 4864K, reserved 1056768K
  class space    used 425K, capacity 428K, committed 512K, reserved 1048576K
}
2024-07-26T01:31:23.170+0800: 14.770: Total time for which application threads were stopped: 0.0161447 seconds, Stopping threads took: 0.0000248 seconds
{Heap before GC invocations=580 (full 50):
 par new generation   total 188736K, used 167193K [0x00000000c0000000, 0x00000000cccc0000, 0x00000000cccc0000)
  eden space 167808K,  99% used [0x00000000c0000000, 0x00000000ca346440, 0x00000000ca3e0000)
  from space 20928K,   0% used [0x00000000cb850000, 0x00000000cb850000, 0x00000000cccc0000)
  to   space 20928K,   0% used [0x00000000ca3e0000, 0x00000000ca3e0000, 0x00000000cb850000)
 concurrent mark-sweep generation total 838912K, used 59425K [0x00000000cccc0000, 0x0000000100000000, 0x0000000100000000)
 Metaspace       used 3935K, capacity 4540K, committed 4864K, reserved 1056768K
  class space    used 425K, capacity 428K, committed 512K, reserved 1048576K
2024-07-26T01:31:23.196+0800: 14.795: [GC (Allocation Failure) 2024-07-26T01:31:23.196+0800: 14.795: [ParNew2024-07-26T01:31:23.200+0800: 14.799: [SoftReference, 0 refs, 0.0000317 secs]2024-07-26T01:31:23.200+0800: 14.799: [WeakReference, 0 refs, 0.0000043 secs]2024-07-26T01:31:23.200+0800: 14.799: [FinalReference, 0 refs, 0.0000038 secs]2024-07-26T01:31:23.200+0800: 14.799: [PhantomReference, 0 refs, 0.0000038 secs]2024-07-26T01:31:23.200+0800: 14.799: [JNI Weak Reference, 0.0000044 secs]
Desired survivor size 10715136 bytes, new threshold 1 (max 1)
- age   1:   18874656 bytes,   18874656 total
: 167193K->18432K(188736K), 0.0042651 secs] 226618K->77857K(1027648K), 0.0043100 secs] [Times: user=0.03 sys=0.00, real=0.00 secs] 
Heap after GC invocations=581 (full 50):
 par new generation   total 188736K, used 18432K [0x00000000c0000000, 0x00000000cccc0000, 0x00000000cccc0000)
  eden space 167808K,   0% used [0x00000000c0000000, 0x00000000c0000000, 0x00000000ca3e0000)
  from space 20928K,  88% used [0x00000000ca3e0000, 0x00000000cb5e0120, 0x00000000cb850000)
  to   space 20928K,   0% used [0x00000000cb850000, 0x00000000cb850000, 0x00000000cccc0000)
 concurrent mark-sweep generation total 838912K, used 59425K [0x00000000cccc0000, 0x0000000100000000, 0x0000000100000000)
 Metaspace       used 3935K, capacity 4540K, committed 4864K, reserved 1056768K
  class space    used 425K, capacity 428K, committed 512K, reserved 1048576K
}
2024-07-26T01:31:23.200+0800: 14.800: Total time for which application threads were stopped: 0.0044303 seconds, Stopping threads took: 0.0000281 seconds
{Heap before GC invocations=581 (full 50):
 par new generation   total 188736K, used 185625K [0x00000000c0000000, 0x00000000cccc0000, 0x00000000cccc0000)
  eden space 167808K,  99% used [0x00000000c0000000, 0x00000000ca346440, 0x00000000ca3e0000)
  from space 20928K,  88% used [0x00000000ca3e0000, 0x00000000cb5e0120, 0x00000000cb850000)
  to   space 20928K,   0% used [0x00000000cb850000, 0x00000000cb850000, 0x00000000cccc0000)
 concurrent mark-sweep generation total 838912K, used 59425K [0x00000000cccc0000, 0x0000000100000000, 0x0000000100000000)
 Metaspace       used 3935K, capacity 4540K, committed 4864K, reserved 1056768K
  class space    used 425K, capacity 428K, committed 512K, reserved 1048576K
2024-07-26T01:31:23.217+0800: 14.816: [GC (Allocation Failure) 2024-07-26T01:31:23.217+0800: 14.816: [ParNew2024-07-26T01:31:23.229+0800: 14.828: [SoftReference, 0 refs, 0.0000281 secs]2024-07-26T01:31:23.229+0800: 14.828: [WeakReference, 0 refs, 0.0000043 secs]2024-07-26T01:31:23.229+0800: 14.828: [FinalReference, 0 refs, 0.0000037 secs]2024-07-26T01:31:23.229+0800: 14.828: [PhantomReference, 0 refs, 0.0000037 secs]2024-07-26T01:31:23.229+0800: 14.828: [JNI Weak Reference, 0.0000043 secs]
Desired survivor size 10715136 bytes, new threshold 1 (max 1)
- age   1:   20971840 bytes,   20971840 total
: 185625K->20480K(188736K), 0.0119837 secs] 245050K->141348K(1027648K), 0.0120441 secs] [Times: user=0.02 sys=0.00, real=0.01 secs] 
Heap after GC invocations=582 (full 50):
 par new generation   total 188736K, used 20480K [0x00000000c0000000, 0x00000000cccc0000, 0x00000000cccc0000)
  eden space 167808K,   0% used [0x00000000c0000000, 0x00000000c0000000, 0x00000000ca3e0000)
  from space 20928K,  97% used [0x00000000cb850000, 0x00000000ccc50140, 0x00000000cccc0000)
  to   space 20928K,   0% used [0x00000000ca3e0000, 0x00000000ca3e0000, 0x00000000cb850000)
 concurrent mark-sweep generation total 838912K, used 120868K [0x00000000cccc0000, 0x0000000100000000, 0x0000000100000000)
 Metaspace       used 3935K, capacity 4540K, committed 4864K, reserved 1056768K
  class space    used 425K, capacity 428K, committed 512K, reserved 1048576K
}
2024-07-26T01:31:23.229+0800: 14.828: Total time for which application threads were stopped: 0.0121805 seconds, Stopping threads took: 0.0000324 seconds
{Heap before GC invocations=582 (full 50):
 par new generation   total 188736K, used 187673K [0x00000000c0000000, 0x00000000cccc0000, 0x00000000cccc0000)
  eden space 167808K,  99% used [0x00000000c0000000, 0x00000000ca346440, 0x00000000ca3e0000)
  from space 20928K,  97% used [0x00000000cb850000, 0x00000000ccc50140, 0x00000000cccc0000)
  to   space 20928K,   0% used [0x00000000ca3e0000, 0x00000000ca3e0000, 0x00000000cb850000)
 concurrent mark-sweep generation total 838912K, used 120868K [0x00000000cccc0000, 0x0000000100000000, 0x0000000100000000)
 Metaspace       used 3935K, capacity 4540K, committed 4864K, reserved 1056768K
  class space    used 425K, capacity 428K, committed 512K, reserved 1048576K
2024-07-26T01:31:23.244+0800: 14.844: [GC (Allocation Failure) 2024-07-26T01:31:23.244+0800: 14.844: [ParNew2024-07-26T01:31:23.251+0800: 14.851: [SoftReference, 0 refs, 0.0000324 secs]2024-07-26T01:31:23.251+0800: 14.851: [WeakReference, 0 refs, 0.0000043 secs]2024-07-26T01:31:23.251+0800: 14.851: [FinalReference, 0 refs, 0.0000038 secs]2024-07-26T01:31:23.251+0800: 14.851: [PhantomReference, 0 refs, 0.0000035 secs]2024-07-26T01:31:23.251+0800: 14.851: [JNI Weak Reference, 0.0000040 secs]
Desired survivor size 10715136 bytes, new threshold 1 (max 1)
- age   1:   20971840 bytes,   20971840 total
: 187673K->20480K(188736K), 0.0072157 secs] 308541K->162854K(1027648K), 0.0072515 secs] [Times: user=0.02 sys=0.00, real=0.01 secs] 
Heap after GC invocations=583 (full 50):
 par new generation   total 188736K, used 20480K [0x00000000c0000000, 0x00000000cccc0000, 0x00000000cccc0000)
  eden space 167808K,   0% used [0x00000000c0000000, 0x00000000c0000000, 0x00000000ca3e0000)
  from space 20928K,  97% used [0x00000000ca3e0000, 0x00000000cb7e0140, 0x00000000cb850000)
  to   space 20928K,   0% used [0x00000000cb850000, 0x00000000cb850000, 0x00000000cccc0000)
 concurrent mark-sweep generation total 838912K, used 142374K [0x00000000cccc0000, 0x0000000100000000, 0x0000000100000000)
 Metaspace       used 3935K, capacity 4540K, committed 4864K, reserved 1056768K
  class space    used 425K, capacity 428K, committed 512K, reserved 1048576K
}
2024-07-26T01:31:23.252+0800: 14.851: Total time for which application threads were stopped: 0.0073636 seconds, Stopping threads took: 0.0000221 seconds
{Heap before GC invocations=583 (full 50):
 par new generation   total 188736K, used 187673K [0x00000000c0000000, 0x00000000cccc0000, 0x00000000cccc0000)
  eden space 167808K,  99% used [0x00000000c0000000, 0x00000000ca346440, 0x00000000ca3e0000)
  from space 20928K,  97% used [0x00000000ca3e0000, 0x00000000cb7e0140, 0x00000000cb850000)
  to   space 20928K,   0% used [0x00000000cb850000, 0x00000000cb850000, 0x00000000cccc0000)
 concurrent mark-sweep generation total 838912K, used 142374K [0x00000000cccc0000, 0x0000000100000000, 0x0000000100000000)
 Metaspace       used 3935K, capacity 4540K, committed 4864K, reserved 1056768K
  class space    used 425K, capacity 428K, committed 512K, reserved 1048576K
2024-07-26T01:31:23.266+0800: 14.866: [GC (Allocation Failure) 2024-07-26T01:31:23.266+0800: 14.866: [ParNew2024-07-26T01:31:23.268+0800: 14.867: [SoftReference, 0 refs, 0.0000348 secs]2024-07-26T01:31:23.268+0800: 14.867: [WeakReference, 0 refs, 0.0000078 secs]2024-07-26T01:31:23.268+0800: 14.867: [FinalReference, 0 refs, 0.0000071 secs]2024-07-26T01:31:23.268+0800: 14.867: [PhantomReference, 0 refs, 0.0000068 secs]2024-07-26T01:31:23.268+0800: 14.867: [JNI Weak Reference, 0.0000070 secs]
Desired survivor size 10715136 bytes, new threshold 1 (max 1)
- age   1:    2097184 bytes,    2097184 total
: 187673K->2048K(188736K), 0.0016015 secs] 330047K->144422K(1027648K), 0.0016428 secs] [Times: user=0.00 sys=0.00, real=0.00 secs] 
Heap after GC invocations=584 (full 50):
 par new generation   total 188736K, used 2048K [0x00000000c0000000, 0x00000000cccc0000, 0x00000000cccc0000)
  eden space 167808K,   0% used [0x00000000c0000000, 0x00000000c0000000, 0x00000000ca3e0000)
  from space 20928K,   9% used [0x00000000cb850000, 0x00000000cba50020, 0x00000000cccc0000)
  to   space 20928K,   0% used [0x00000000ca3e0000, 0x00000000ca3e0000, 0x00000000cb850000)
 concurrent mark-sweep generation total 838912K, used 142374K [0x00000000cccc0000, 0x0000000100000000, 0x0000000100000000)
 Metaspace       used 3935K, capacity 4540K, committed 4864K, reserved 1056768K
  class space    used 425K, capacity 428K, committed 512K, reserved 1048576K
}
2024-07-26T01:31:23.268+0800: 14.868: Total time for which application threads were stopped: 0.0017725 seconds, Stopping threads took: 0.0000233 seconds
{Heap before GC invocations=584 (full 50):
 par new generation   total 188736K, used 169241K [0x00000000c0000000, 0x00000000cccc0000, 0x00000000cccc0000)
  eden space 167808K,  99% used [0x00000000c0000000, 0x00000000ca346440, 0x00000000ca3e0000)
  from space 20928K,   9% used [0x00000000cb850000, 0x00000000cba50020, 0x00000000cccc0000)
  to   space 20928K,   0% used [0x00000000ca3e0000, 0x00000000ca3e0000, 0x00000000cb850000)
 concurrent mark-sweep generation total 838912K, used 142374K [0x00000000cccc0000, 0x0000000100000000, 0x0000000100000000)
 Metaspace       used 3935K, capacity 4540K, committed 4864K, reserved 1056768K
  class space    used 425K, capacity 428K, committed 512K, reserved 1048576K
2024-07-26T01:31:23.283+0800: 14.882: [GC (Allocation Failure) 2024-07-26T01:31:23.283+0800: 14.882: [ParNew2024-07-26T01:31:23.293+0800: 14.893: [SoftReference, 0 refs, 0.0000340 secs]2024-07-26T01:31:23.293+0800: 14.893: [WeakReference, 0 refs, 0.0000045 secs]2024-07-26T01:31:23.293+0800: 14.893: [FinalReference, 0 refs, 0.0000041 secs]2024-07-26T01:31:23.293+0800: 14.893: [PhantomReference, 0 refs, 0.0000038 secs]2024-07-26T01:31:23.293+0800: 14.893: [JNI Weak Reference, 0.0000051 secs]
Desired survivor size 10715136 bytes, new threshold 1 (max 1)
- age   1:   20971840 bytes,   20971840 total
: 169241K->20480K(188736K), 0.0103260 secs] 311615K->207913K(1027648K), 0.0103786 secs] [Times: user=0.02 sys=0.00, real=0.01 secs] 
Heap after GC invocations=585 (full 50):
 par new generation   total 188736K, used 20480K [0x00000000c0000000, 0x00000000cccc0000, 0x00000000cccc0000)
  eden space 167808K,   0% used [0x00000000c0000000, 0x00000000c0000000, 0x00000000ca3e0000)
  from space 20928K,  97% used [0x00000000ca3e0000, 0x00000000cb7e0140, 0x00000000cb850000)
  to   space 20928K,   0% used [0x00000000cb850000, 0x00000000cb850000, 0x00000000cccc0000)
 concurrent mark-sweep generation total 838912K, used 187433K [0x00000000cccc0000, 0x0000000100000000, 0x0000000100000000)
 Metaspace       used 3935K, capacity 4540K, committed 4864K, reserved 1056768K
  class space    used 425K, capacity 428K, committed 512K, reserved 1048576K
}
2024-07-26T01:31:23.293+0800: 14.893: Total time for which application threads were stopped: 0.0105029 seconds, Stopping threads took: 0.0000229 seconds
{Heap before GC invocations=585 (full 50):
 par new generation   total 188736K, used 187673K [0x00000000c0000000, 0x00000000cccc0000, 0x00000000cccc0000)
  eden space 167808K,  99% used [0x00000000c0000000, 0x00000000ca346440, 0x00000000ca3e0000)
  from space 20928K,  97% used [0x00000000ca3e0000, 0x00000000cb7e0140, 0x00000000cb850000)
  to   space 20928K,   0% used [0x00000000cb850000, 0x00000000cb850000, 0x00000000cccc0000)
 concurrent mark-sweep generation total 838912K, used 187433K [0x00000000cccc0000, 0x0000000100000000, 0x0000000100000000)
 Metaspace       used 3935K, capacity 4540K, committed 4864K, reserved 1056768K
  class space    used 425K, capacity 428K, committed 512K, reserved 1048576K
2024-07-26T01:31:23.308+0800: 14.908: [GC (Allocation Failure) 2024-07-26T01:31:23.308+0800: 14.908: [ParNew2024-07-26T01:31:23.313+0800: 14.913: [SoftReference, 0 refs, 0.0000339 secs]2024-07-26T01:31:23.313+0800: 14.913: [WeakReference, 0 refs, 0.0000044 secs]2024-07-26T01:31:23.313+0800: 14.913: [FinalReference, 0 refs, 0.0000040 secs]2024-07-26T01:31:23.313+0800: 14.913: [PhantomReference, 0 refs, 0.0000038 secs]2024-07-26T01:31:23.313+0800: 14.913: [JNI Weak Reference, 0.0000044 secs]
Desired survivor size 10715136 bytes, new threshold 1 (max 1)
- age   1:   20971840 bytes,   20971840 total
: 187673K->20480K(188736K), 0.0050551 secs] 375106K->213035K(1027648K), 0.0050921 secs] [Times: user=0.01 sys=0.02, real=0.00 secs] 
Heap after GC invocations=586 (full 50):
 par new generation   total 188736K, used 20480K [0x00000000c0000000, 0x00000000cccc0000, 0x00000000cccc0000)
  eden space 167808K,   0% used [0x00000000c0000000, 0x00000000c0000000, 0x00000000ca3e0000)
  from space 20928K,  97% used [0x00000000cb850000, 0x00000000ccc50140, 0x00000000cccc0000)
  to   space 20928K,   0% used [0x00000000ca3e0000, 0x00000000ca3e0000, 0x00000000cb850000)
 concurrent mark-sweep generation total 838912K, used 192555K [0x00000000cccc0000, 0x0000000100000000, 0x0000000100000000)
 Metaspace       used 3935K, capacity 4540K, committed 4864K, reserved 1056768K
  class space    used 425K, capacity 428K, committed 512K, reserved 1048576K
}
2024-07-26T01:31:23.313+0800: 14.913: Total time for which application threads were stopped: 0.0052056 seconds, Stopping threads took: 0.0000191 seconds
{Heap before GC invocations=586 (full 50):
 par new generation   total 188736K, used 187673K [0x00000000c0000000, 0x00000000cccc0000, 0x00000000cccc0000)
  eden space 167808K,  99% used [0x00000000c0000000, 0x00000000ca346440, 0x00000000ca3e0000)
  from space 20928K,  97% used [0x00000000cb850000, 0x00000000ccc50140, 0x00000000cccc0000)
  to   space 20928K,   0% used [0x00000000ca3e0000, 0x00000000ca3e0000, 0x00000000cb850000)
 concurrent mark-sweep generation total 838912K, used 192555K [0x00000000cccc0000, 0x0000000100000000, 0x0000000100000000)
 Metaspace       used 3935K, capacity 4540K, committed 4864K, reserved 1056768K
  class space    used 425K, capacity 428K, committed 512K, reserved 1048576K
2024-07-26T01:31:23.328+0800: 14.928: [GC (Allocation Failure) 2024-07-26T01:31:23.328+0800: 14.928: [ParNew2024-07-26T01:31:23.343+0800: 14.942: [SoftReference, 0 refs, 0.0000441 secs]2024-07-26T01:31:23.343+0800: 14.942: [WeakReference, 0 refs, 0.0000044 secs]2024-07-26T01:31:23.343+0800: 14.942: [FinalReference, 0 refs, 0.0000041 secs]2024-07-26T01:31:23.343+0800: 14.942: [PhantomReference, 0 refs, 0.0000038 secs]2024-07-26T01:31:23.343+0800: 14.942: [JNI Weak Reference, 0.0000045 secs]
Desired survivor size 10715136 bytes, new threshold 1 (max 1)
- age   1:   20971840 bytes,   20971840 total
: 187673K->20480K(188736K), 0.0142943 secs] 380228K->281644K(1027648K), 0.0143352 secs] [Times: user=0.02 sys=0.00, real=0.01 secs] 
Heap after GC invocations=587 (full 50):
 par new generation   total 188736K, used 20480K [0x00000000c0000000, 0x00000000cccc0000, 0x00000000cccc0000)
  eden space 167808K,   0% used [0x00000000c0000000, 0x00000000c0000000, 0x00000000ca3e0000)
  from space 20928K,  97% used [0x00000000ca3e0000, 0x00000000cb7e0140, 0x00000000cb850000)
  to   space 20928K,   0% used [0x00000000cb850000, 0x00000000cb850000, 0x00000000cccc0000)
 concurrent mark-sweep generation total 838912K, used 261164K [0x00000000cccc0000, 0x0000000100000000, 0x0000000100000000)
 Metaspace       used 3935K, capacity 4540K, committed 4864K, reserved 1056768K
  class space    used 425K, capacity 428K, committed 512K, reserved 1048576K
}
2024-07-26T01:31:23.343+0800: 14.942: Total time for which application threads were stopped: 0.0144494 seconds, Stopping threads took: 0.0000233 seconds
{Heap before GC invocations=587 (full 50):
 par new generation   total 188736K, used 187673K [0x00000000c0000000, 0x00000000cccc0000, 0x00000000cccc0000)
  eden space 167808K,  99% used [0x00000000c0000000, 0x00000000ca346440, 0x00000000ca3e0000)
  from space 20928K,  97% used [0x00000000ca3e0000, 0x00000000cb7e0140, 0x00000000cb850000)
  to   space 20928K,   0% used [0x00000000cb850000, 0x00000000cb850000, 0x00000000cccc0000)
 concurrent mark-sweep generation total 838912K, used 261164K [0x00000000cccc0000, 0x0000000100000000, 0x0000000100000000)
 Metaspace       used 3935K, capacity 4540K, committed 4864K, reserved 1056768K
  class space    used 425K, capacity 428K, committed 512K, reserved 1048576K
2024-07-26T01:31:23.358+0800: 14.958: [GC (Allocation Failure) 2024-07-26T01:31:23.358+0800: 14.958: [ParNew2024-07-26T01:31:23.366+0800: 14.966: [SoftReference, 0 refs, 0.0000338 secs]2024-07-26T01:31:23.366+0800: 14.966: [WeakReference, 0 refs, 0.0000054 secs]2024-07-26T01:31:23.366+0800: 14.966: [FinalReference, 0 refs, 0.0000037 secs]2024-07-26T01:31:23.366+0800: 14.966: [PhantomReference, 0 refs, 0.0000037 secs]2024-07-26T01:31:23.366+0800: 14.966: [JNI Weak Reference, 0.0000043 secs]
Desired survivor size 10715136 bytes, new threshold 1 (max 1)
- age   1:   20971840 bytes,   20971840 total
: 187673K->20480K(188736K), 0.0081523 secs] 448837K->310319K(1027648K), 0.0081964 secs] [Times: user=0.00 sys=0.00, real=0.01 secs] 
Heap after GC invocations=588 (full 50):
 par new generation   total 188736K, used 20480K [0x00000000c0000000, 0x00000000cccc0000, 0x00000000cccc0000)
  eden space 167808K,   0% used [0x00000000c0000000, 0x00000000c0000000, 0x00000000ca3e0000)
  from space 20928K,  97% used [0x00000000cb850000, 0x00000000ccc50140, 0x00000000cccc0000)
  to   space 20928K,   0% used [0x00000000ca3e0000, 0x00000000ca3e0000, 0x00000000cb850000)
 concurrent mark-sweep generation total 838912K, used 289838K [0x00000000cccc0000, 0x0000000100000000, 0x0000000100000000)
 Metaspace       used 3935K, capacity 4540K, committed 4864K, reserved 1056768K
  class space    used 425K, capacity 428K, committed 512K, reserved 1048576K
}
2024-07-26T01:31:23.367+0800: 14.966: Total time for which application threads were stopped: 0.0083147 seconds, Stopping threads took: 0.0000242 seconds
{Heap before GC invocations=588 (full 50):
 par new generation   total 188736K, used 187673K [0x00000000c0000000, 0x00000000cccc0000, 0x00000000cccc0000)
  eden space 167808K,  99% used [0x00000000c0000000, 0x00000000ca346440, 0x00000000ca3e0000)
  from space 20928K,  97% used [0x00000000cb850000, 0x00000000ccc50140, 0x00000000cccc0000)
  to   space 20928K,   0% used [0x00000000ca3e0000, 0x00000000ca3e0000, 0x00000000cb850000)
 concurrent mark-sweep generation total 838912K, used 289838K [0x00000000cccc0000, 0x0000000100000000, 0x0000000100000000)
 Metaspace       used 3935K, capacity 4540K, committed 4864K, reserved 1056768K
  class space    used 425K, capacity 428K, committed 512K, reserved 1048576K
2024-07-26T01:31:23.381+0800: 14.981: [GC (Allocation Failure) 2024-07-26T01:31:23.381+0800: 14.981: [ParNew2024-07-26T01:31:23.384+0800: 14.983: [SoftReference, 0 refs, 0.0000481 secs]2024-07-26T01:31:23.384+0800: 14.983: [WeakReference, 0 refs, 0.0000083 secs]2024-07-26T01:31:23.384+0800: 14.983: [FinalReference, 0 refs, 0.0000076 secs]2024-07-26T01:31:23.384+0800: 14.983: [PhantomReference, 0 refs, 0.0000072 secs]2024-07-26T01:31:23.384+0800: 14.983: [JNI Weak Reference, 0.0000071 secs]
Desired survivor size 10715136 bytes, new threshold 1 (max 1)
- age   1:    9437328 bytes,    9437328 total
: 187673K->9216K(188736K), 0.0023034 secs] 477512K->299054K(1027648K), 0.0023560 secs] [Times: user=0.00 sys=0.00, real=0.00 secs] 
Heap after GC invocations=589 (full 50):
 par new generation   total 188736K, used 9216K [0x00000000c0000000, 0x00000000cccc0000, 0x00000000cccc0000)
  eden space 167808K,   0% used [0x00000000c0000000, 0x00000000c0000000, 0x00000000ca3e0000)
  from space 20928K,  44% used [0x00000000ca3e0000, 0x00000000cace0090, 0x00000000cb850000)
  to   space 20928K,   0% used [0x00000000cb850000, 0x00000000cb850000, 0x00000000cccc0000)
 concurrent mark-sweep generation total 838912K, used 289838K [0x00000000cccc0000, 0x0000000100000000, 0x0000000100000000)
 Metaspace       used 3935K, capacity 4540K, committed 4864K, reserved 1056768K
  class space    used 425K, capacity 428K, committed 512K, reserved 1048576K
}
2024-07-26T01:31:23.384+0800: 14.983: Total time for which application threads were stopped: 0.0025043 seconds, Stopping threads took: 0.0000243 seconds
{Heap before GC invocations=589 (full 50):
 par new generation   total 188736K, used 176409K [0x00000000c0000000, 0x00000000cccc0000, 0x00000000cccc0000)
  eden space 167808K,  99% used [0x00000000c0000000, 0x00000000ca346440, 0x00000000ca3e0000)
  from space 20928K,  44% used [0x00000000ca3e0000, 0x00000000cace0090, 0x00000000cb850000)
  to   space 20928K,   0% used [0x00000000cb850000, 0x00000000cb850000, 0x00000000cccc0000)
 concurrent mark-sweep generation total 838912K, used 289838K [0x00000000cccc0000, 0x0000000100000000, 0x0000000100000000)
 Metaspace       used 3935K, capacity 4540K, committed 4864K, reserved 1056768K
  class space    used 425K, capacity 428K, committed 512K, reserved 1048576K
2024-07-26T01:31:23.397+0800: 14.997: [GC (Allocation Failure) 2024-07-26T01:31:23.397+0800: 14.997: [ParNew2024-07-26T01:31:23.408+0800: 15.008: [SoftReference, 0 refs, 0.0000503 secs]2024-07-26T01:31:23.408+0800: 15.008: [WeakReference, 0 refs, 0.0000170 secs]2024-07-26T01:31:23.409+0800: 15.008: [FinalReference, 0 refs, 0.0000038 secs]2024-07-26T01:31:23.409+0800: 15.008: [PhantomReference, 0 refs, 0.0000039 secs]2024-07-26T01:31:23.409+0800: 15.008: [JNI Weak Reference, 0.0000043 secs]
Desired survivor size 10715136 bytes, new threshold 1 (max 1)
- age   1:   20971840 bytes,   20971840 total
: 176409K->20480K(188736K), 0.0112827 secs] 466248K->362543K(1027648K), 0.0113208 secs] [Times: user=0.03 sys=0.00, real=0.01 secs] 
Heap after GC invocations=590 (full 50):
 par new generation   total 188736K, used 20480K [0x00000000c0000000, 0x00000000cccc0000, 0x00000000cccc0000)
  eden space 167808K,   0% used [0x00000000c0000000, 0x00000000c0000000, 0x00000000ca3e0000)
  from space 20928K,  97% used [0x00000000cb850000, 0x00000000ccc50140, 0x00000000cccc0000)
  to   space 20928K,   0% used [0x00000000ca3e0000, 0x00000000ca3e0000, 0x00000000cb850000)
 concurrent mark-sweep generation total 838912K, used 342063K [0x00000000cccc0000, 0x0000000100000000, 0x0000000100000000)
 Metaspace       used 3935K, capacity 4540K, committed 4864K, reserved 1056768K
  class space    used 425K, capacity 428K, committed 512K, reserved 1048576K
}
2024-07-26T01:31:23.409+0800: 15.009: Total time for which application threads were stopped: 0.0114365 seconds, Stopping threads took: 0.0000251 seconds
2024-07-26T01:31:23.409+0800: 15.009: [GC (CMS Initial Mark) [1 CMS-initial-mark: 342063K(838912K)] 366918K(1027648K), 0.0006785 secs] [Times: user=0.00 sys=0.00, real=0.00 secs] 
2024-07-26T01:31:23.410+0800: 15.010: Total time for which application threads were stopped: 0.0008731 seconds, Stopping threads took: 0.0001537 seconds
2024-07-26T01:31:23.410+0800: 15.010: [CMS-concurrent-mark-start]
2024-07-26T01:31:23.412+0800: 15.012: [CMS-concurrent-mark: 0.002/0.002 secs] [Times: user=0.00 sys=0.00, real=0.00 secs] 
2024-07-26T01:31:23.412+0800: 15.012: [CMS-concurrent-preclean-start]
2024-07-26T01:31:23.412+0800: 15.012: [Preclean SoftReferences, 0.0000040 secs]2024-07-26T01:31:23.412+0800: 15.012: [Preclean WeakReferences, 0.0000074 secs]2024-07-26T01:31:23.412+0800: 15.012: [Preclean FinalReferences, 0.0000031 secs]2024-07-26T01:31:23.412+0800: 15.012: [Preclean PhantomReferences, 0.0000032 secs]2024-07-26T01:31:23.412+0800: 15.012: [CMS-concurrent-preclean: 0.001/0.001 secs] [Times: user=0.00 sys=0.00, real=0.00 secs] 
2024-07-26T01:31:23.412+0800: 15.012: [CMS-concurrent-abortable-preclean-start]
{Heap before GC invocations=590 (full 51):
 par new generation   total 188736K, used 187673K [0x00000000c0000000, 0x00000000cccc0000, 0x00000000cccc0000)
  eden space 167808K,  99% used [0x00000000c0000000, 0x00000000ca346440, 0x00000000ca3e0000)
  from space 20928K,  97% used [0x00000000cb850000, 0x00000000ccc50140, 0x00000000cccc0000)
  to   space 20928K,   0% used [0x00000000ca3e0000, 0x00000000ca3e0000, 0x00000000cb850000)
 concurrent mark-sweep generation total 838912K, used 342063K [0x00000000cccc0000, 0x0000000100000000, 0x0000000100000000)
 Metaspace       used 3935K, capacity 4540K, committed 4864K, reserved 1056768K
  class space    used 425K, capacity 428K, committed 512K, reserved 1048576K
2024-07-26T01:31:23.425+0800: 15.025: [GC (Allocation Failure) 2024-07-26T01:31:23.425+0800: 15.025: [ParNew2024-07-26T01:31:23.431+0800: 15.031: [SoftReference, 0 refs, 0.0000870 secs]2024-07-26T01:31:23.432+0800: 15.031: [WeakReference, 0 refs, 0.0000095 secs]2024-07-26T01:31:23.432+0800: 15.031: [FinalReference, 0 refs, 0.0000086 secs]2024-07-26T01:31:23.432+0800: 15.031: [PhantomReference, 0 refs, 0.0000079 secs]2024-07-26T01:31:23.432+0800: 15.031: [JNI Weak Reference, 0.0000082 secs]
Desired survivor size 10715136 bytes, new threshold 1 (max 1)
- age   1:   20971840 bytes,   20971840 total
: 187673K->20480K(188736K), 0.0059001 secs] 529737K->374832K(1027648K), 0.0059478 secs] [Times: user=0.00 sys=0.00, real=0.01 secs] 
Heap after GC invocations=591 (full 51):
 par new generation   total 188736K, used 20480K [0x00000000c0000000, 0x00000000cccc0000, 0x00000000cccc0000)
  eden space 167808K,   0% used [0x00000000c0000000, 0x00000000c0000000, 0x00000000ca3e0000)
  from space 20928K,  97% used [0x00000000ca3e0000, 0x00000000cb7e0140, 0x00000000cb850000)
  to   space 20928K,   0% used [0x00000000cb850000, 0x00000000cb850000, 0x00000000cccc0000)
 concurrent mark-sweep generation total 838912K, used 354351K [0x00000000cccc0000, 0x0000000100000000, 0x0000000100000000)
 Metaspace       used 3935K, capacity 4540K, committed 4864K, reserved 1056768K
  class space    used 425K, capacity 428K, committed 512K, reserved 1048576K
}
2024-07-26T01:31:23.432+0800: 15.031: Total time for which application threads were stopped: 0.0060998 seconds, Stopping threads took: 0.0000240 seconds
{Heap before GC invocations=591 (full 51):
 par new generation   total 188736K, used 187673K [0x00000000c0000000, 0x00000000cccc0000, 0x00000000cccc0000)
  eden space 167808K,  99% used [0x00000000c0000000, 0x00000000ca346440, 0x00000000ca3e0000)
  from space 20928K,  97% used [0x00000000ca3e0000, 0x00000000cb7e0140, 0x00000000cb850000)
  to   space 20928K,   0% used [0x00000000cb850000, 0x00000000cb850000, 0x00000000cccc0000)
 concurrent mark-sweep generation total 838912K, used 354351K [0x00000000cccc0000, 0x0000000100000000, 0x0000000100000000)
 Metaspace       used 3935K, capacity 4540K, committed 4864K, reserved 1056768K
  class space    used 425K, capacity 428K, committed 512K, reserved 1048576K
2024-07-26T01:31:23.448+0800: 15.047: [GC (Allocation Failure) 2024-07-26T01:31:23.448+0800: 15.047: [ParNew2024-07-26T01:31:23.462+0800: 15.062: [SoftReference, 0 refs, 0.0000327 secs]2024-07-26T01:31:23.462+0800: 15.062: [WeakReference, 0 refs, 0.0000044 secs]2024-07-26T01:31:23.463+0800: 15.062: [FinalReference, 0 refs, 0.0000039 secs]2024-07-26T01:31:23.463+0800: 15.062: [PhantomReference, 0 refs, 0.0000037 secs]2024-07-26T01:31:23.463+0800: 15.062: [JNI Weak Reference, 0.0000042 secs]
Desired survivor size 10715136 bytes, new threshold 1 (max 1)
- age   1:   20971840 bytes,   20971840 total
: 187673K->20480K(188736K), 0.0148308 secs] 542025K->450609K(1027648K), 0.0149093 secs] [Times: user=0.02 sys=0.00, real=0.02 secs] 
Heap after GC invocations=592 (full 51):
 par new generation   total 188736K, used 20480K [0x00000000c0000000, 0x00000000cccc0000, 0x00000000cccc0000)
  eden space 167808K,   0% used [0x00000000c0000000, 0x00000000c0000000, 0x00000000ca3e0000)
  from space 20928K,  97% used [0x00000000cb850000, 0x00000000ccc50140, 0x00000000cccc0000)
  to   space 20928K,   0% used [0x00000000ca3e0000, 0x00000000ca3e0000, 0x00000000cb850000)
 concurrent mark-sweep generation total 838912K, used 430128K [0x00000000cccc0000, 0x0000000100000000, 0x0000000100000000)
 Metaspace       used 3935K, capacity 4540K, committed 4864K, reserved 1056768K
  class space    used 425K, capacity 428K, committed 512K, reserved 1048576K
}
2024-07-26T01:31:23.463+0800: 15.062: Total time for which application threads were stopped: 0.0150661 seconds, Stopping threads took: 0.0000309 seconds
{Heap before GC invocations=592 (full 51):
 par new generation   total 188736K, used 187673K [0x00000000c0000000, 0x00000000cccc0000, 0x00000000cccc0000)
  eden space 167808K,  99% used [0x00000000c0000000, 0x00000000ca346440, 0x00000000ca3e0000)
  from space 20928K,  97% used [0x00000000cb850000, 0x00000000ccc50140, 0x00000000cccc0000)
  to   space 20928K,   0% used [0x00000000ca3e0000, 0x00000000ca3e0000, 0x00000000cb850000)
 concurrent mark-sweep generation total 838912K, used 430128K [0x00000000cccc0000, 0x0000000100000000, 0x0000000100000000)
 Metaspace       used 3935K, capacity 4540K, committed 4864K, reserved 1056768K
  class space    used 425K, capacity 428K, committed 512K, reserved 1048576K
2024-07-26T01:31:23.478+0800: 15.077: [GC (Allocation Failure) 2024-07-26T01:31:23.478+0800: 15.077: [ParNew2024-07-26T01:31:23.488+0800: 15.087: [SoftReference, 0 refs, 0.0000338 secs]2024-07-26T01:31:23.488+0800: 15.087: [WeakReference, 0 refs, 0.0000045 secs]2024-07-26T01:31:23.488+0800: 15.087: [FinalReference, 0 refs, 0.0000040 secs]2024-07-26T01:31:23.488+0800: 15.087: [PhantomReference, 0 refs, 0.0000038 secs]2024-07-26T01:31:23.488+0800: 15.087: [JNI Weak Reference, 0.0000042 secs]
Desired survivor size 10715136 bytes, new threshold 1 (max 1)
- age   1:   20971840 bytes,   20971840 total
: 187673K->20480K(188736K), 0.0098510 secs] 617802K->486451K(1027648K), 0.0099205 secs] [Times: user=0.06 sys=0.00, real=0.01 secs] 
Heap after GC invocations=593 (full 51):
 par new generation   total 188736K, used 20480K [0x00000000c0000000, 0x00000000cccc0000, 0x00000000cccc0000)
  eden space 167808K,   0% used [0x00000000c0000000, 0x00000000c0000000, 0x00000000ca3e0000)
  from space 20928K,  97% used [0x00000000ca3e0000, 0x00000000cb7e0140, 0x00000000cb850000)
  to   space 20928K,   0% used [0x00000000cb850000, 0x00000000cb850000, 0x00000000cccc0000)
 concurrent mark-sweep generation total 838912K, used 465971K [0x00000000cccc0000, 0x0000000100000000, 0x0000000100000000)
 Metaspace       used 3935K, capacity 4540K, committed 4864K, reserved 1056768K
  class space    used 425K, capacity 428K, committed 512K, reserved 1048576K
}
2024-07-26T01:31:23.488+0800: 15.087: Total time for which application threads were stopped: 0.0102340 seconds, Stopping threads took: 0.0000227 seconds
{Heap before GC invocations=593 (full 51):
 par new generation   total 188736K, used 187673K [0x00000000c0000000, 0x00000000cccc0000, 0x00000000cccc0000)
  eden space 167808K,  99% used [0x00000000c0000000, 0x00000000ca346440, 0x00000000ca3e0000)
  from space 20928K,  97% used [0x00000000ca3e0000, 0x00000000cb7e0140, 0x00000000cb850000)
  to   space 20928K,   0% used [0x00000000cb850000, 0x00000000cb850000, 0x00000000cccc0000)
 concurrent mark-sweep generation total 838912K, used 465971K [0x00000000cccc0000, 0x0000000100000000, 0x0000000100000000)
 Metaspace       used 3935K, capacity 4540K, committed 4864K, reserved 1056768K
  class space    used 425K, capacity 428K, committed 512K, reserved 1048576K
2024-07-26T01:31:23.503+0800: 15.103: [GC (Allocation Failure) 2024-07-26T01:31:23.503+0800: 15.103: [ParNew2024-07-26T01:31:23.507+0800: 15.106: [SoftReference, 0 refs, 0.0000304 secs]2024-07-26T01:31:23.507+0800: 15.106: [WeakReference, 0 refs, 0.0000048 secs]2024-07-26T01:31:23.507+0800: 15.106: [FinalReference, 0 refs, 0.0000055 secs]2024-07-26T01:31:23.507+0800: 15.106: [PhantomReference, 0 refs, 0.0000040 secs]2024-07-26T01:31:23.507+0800: 15.106: [JNI Weak Reference, 0.0000044 secs]
Desired survivor size 10715136 bytes, new threshold 1 (max 1)
- age   1:   16777472 bytes,   16777472 total
: 187673K->16384K(188736K), 0.0034605 secs] 653644K->482355K(1027648K), 0.0035063 secs] [Times: user=0.00 sys=0.00, real=0.00 secs] 
Heap after GC invocations=594 (full 51):
 par new generation   total 188736K, used 16384K [0x00000000c0000000, 0x00000000cccc0000, 0x00000000cccc0000)
  eden space 167808K,   0% used [0x00000000c0000000, 0x00000000c0000000, 0x00000000ca3e0000)
  from space 20928K,  78% used [0x00000000cb850000, 0x00000000cc850100, 0x00000000cccc0000)
  to   space 20928K,   0% used [0x00000000ca3e0000, 0x00000000ca3e0000, 0x00000000cb850000)
 concurrent mark-sweep generation total 838912K, used 465971K [0x00000000cccc0000, 0x0000000100000000, 0x0000000100000000)
 Metaspace       used 3935K, capacity 4540K, committed 4864K, reserved 1056768K
  class space    used 425K, capacity 428K, committed 512K, reserved 1048576K
}
2024-07-26T01:31:23.507+0800: 15.106: Total time for which application threads were stopped: 0.0036277 seconds, Stopping threads took: 0.0000270 seconds
{Heap before GC invocations=594 (full 51):
 par new generation   total 188736K, used 183577K [0x00000000c0000000, 0x00000000cccc0000, 0x00000000cccc0000)
  eden space 167808K,  99% used [0x00000000c0000000, 0x00000000ca346440, 0x00000000ca3e0000)
  from space 20928K,  78% used [0x00000000cb850000, 0x00000000cc850100, 0x00000000cccc0000)
  to   space 20928K,   0% used [0x00000000ca3e0000, 0x00000000ca3e0000, 0x00000000cb850000)
 concurrent mark-sweep generation total 838912K, used 465971K [0x00000000cccc0000, 0x0000000100000000, 0x0000000100000000)
 Metaspace       used 3935K, capacity 4540K, committed 4864K, reserved 1056768K
  class space    used 425K, capacity 428K, committed 512K, reserved 1048576K
2024-07-26T01:31:23.522+0800: 15.121: [GC (Allocation Failure) 2024-07-26T01:31:23.522+0800: 15.121: [ParNew2024-07-26T01:31:23.535+0800: 15.134: [SoftReference, 0 refs, 0.0000348 secs]2024-07-26T01:31:23.535+0800: 15.134: [WeakReference, 0 refs, 0.0000041 secs]2024-07-26T01:31:23.535+0800: 15.134: [FinalReference, 0 refs, 0.0000036 secs]2024-07-26T01:31:23.535+0800: 15.134: [PhantomReference, 0 refs, 0.0000035 secs]2024-07-26T01:31:23.535+0800: 15.134: [JNI Weak Reference, 0.0000041 secs]
Desired survivor size 10715136 bytes, new threshold 1 (max 1)
- age   1:   20971840 bytes,   20971840 total
: 183577K->20480K(188736K), 0.0128651 secs] 649548K->545846K(1027648K), 0.0129028 secs] [Times: user=0.03 sys=0.00, real=0.01 secs] 
Heap after GC invocations=595 (full 51):
 par new generation   total 188736K, used 20480K [0x00000000c0000000, 0x00000000cccc0000, 0x00000000cccc0000)
  eden space 167808K,   0% used [0x00000000c0000000, 0x00000000c0000000, 0x00000000ca3e0000)
  from space 20928K,  97% used [0x00000000ca3e0000, 0x00000000cb7e0140, 0x00000000cb850000)
  to   space 20928K,   0% used [0x00000000cb850000, 0x00000000cb850000, 0x00000000cccc0000)
 concurrent mark-sweep generation total 838912K, used 525366K [0x00000000cccc0000, 0x0000000100000000, 0x0000000100000000)
 Metaspace       used 3935K, capacity 4540K, committed 4864K, reserved 1056768K
  class space    used 425K, capacity 428K, committed 512K, reserved 1048576K
}
2024-07-26T01:31:23.535+0800: 15.134: Total time for which application threads were stopped: 0.0130248 seconds, Stopping threads took: 0.0000249 seconds
{Heap before GC invocations=595 (full 51):
 par new generation   total 188736K, used 187673K [0x00000000c0000000, 0x00000000cccc0000, 0x00000000cccc0000)
  eden space 167808K,  99% used [0x00000000c0000000, 0x00000000ca346440, 0x00000000ca3e0000)
  from space 20928K,  97% used [0x00000000ca3e0000, 0x00000000cb7e0140, 0x00000000cb850000)
  to   space 20928K,   0% used [0x00000000cb850000, 0x00000000cb850000, 0x00000000cccc0000)
 concurrent mark-sweep generation total 838912K, used 525366K [0x00000000cccc0000, 0x0000000100000000, 0x0000000100000000)
 Metaspace       used 3935K, capacity 4540K, committed 4864K, reserved 1056768K
  class space    used 425K, capacity 428K, committed 512K, reserved 1048576K
2024-07-26T01:31:23.550+0800: 15.150: [GC (Allocation Failure) 2024-07-26T01:31:23.551+0800: 15.150: [ParNew2024-07-26T01:31:23.557+0800: 15.156: [SoftReference, 0 refs, 0.0000320 secs]2024-07-26T01:31:23.557+0800: 15.157: [WeakReference, 0 refs, 0.0000045 secs]2024-07-26T01:31:23.557+0800: 15.157: [FinalReference, 0 refs, 0.0000040 secs]2024-07-26T01:31:23.557+0800: 15.157: [PhantomReference, 0 refs, 0.0000041 secs]2024-07-26T01:31:23.557+0800: 15.157: [JNI Weak Reference, 0.0000045 secs]
Desired survivor size 10715136 bytes, new threshold 1 (max 1)
- age   1:   20971840 bytes,   20971840 total
: 187673K->20480K(188736K), 0.0069119 secs] 713039K->565305K(1027648K), 0.0069686 secs] [Times: user=0.00 sys=0.00, real=0.01 secs] 
Heap after GC invocations=596 (full 51):
 par new generation   total 188736K, used 20480K [0x00000000c0000000, 0x00000000cccc0000, 0x00000000cccc0000)
  eden space 167808K,   0% used [0x00000000c0000000, 0x00000000c0000000, 0x00000000ca3e0000)
  from space 20928K,  97% used [0x00000000cb850000, 0x00000000ccc50140, 0x00000000cccc0000)
  to   space 20928K,   0% used [0x00000000ca3e0000, 0x00000000ca3e0000, 0x00000000cb850000)
 concurrent mark-sweep generation total 838912K, used 544824K [0x00000000cccc0000, 0x0000000100000000, 0x0000000100000000)
 Metaspace       used 3935K, capacity 4540K, committed 4864K, reserved 1056768K
  class space    used 425K, capacity 428K, committed 512K, reserved 1048576K
}
2024-07-26T01:31:23.558+0800: 15.157: Total time for which application threads were stopped: 0.0071026 seconds, Stopping threads took: 0.0000330 seconds
{Heap before GC invocations=596 (full 51):
 par new generation   total 188736K, used 187673K [0x00000000c0000000, 0x00000000cccc0000, 0x00000000cccc0000)
  eden space 167808K,  99% used [0x00000000c0000000, 0x00000000ca346440, 0x00000000ca3e0000)
  from space 20928K,  97% used [0x00000000cb850000, 0x00000000ccc50140, 0x00000000cccc0000)
  to   space 20928K,   0% used [0x00000000ca3e0000, 0x00000000ca3e0000, 0x00000000cb850000)
 concurrent mark-sweep generation total 838912K, used 544824K [0x00000000cccc0000, 0x0000000100000000, 0x0000000100000000)
 Metaspace       used 3935K, capacity 4540K, committed 4864K, reserved 1056768K
  class space    used 425K, capacity 428K, committed 512K, reserved 1048576K
2024-07-26T01:31:23.572+0800: 15.171: [GC (Allocation Failure) 2024-07-26T01:31:23.572+0800: 15.171: [ParNew2024-07-26T01:31:23.573+0800: 15.172: [SoftReference, 0 refs, 0.0000303 secs]2024-07-26T01:31:23.573+0800: 15.172: [WeakReference, 0 refs, 0.0000044 secs]2024-07-26T01:31:23.573+0800: 15.172: [FinalReference, 0 refs, 0.0000040 secs]2024-07-26T01:31:23.573+0800: 15.172: [PhantomReference, 0 refs, 0.0000040 secs]2024-07-26T01:31:23.573+0800: 15.172: [JNI Weak Reference, 0.0000043 secs]
Desired survivor size 10715136 bytes, new threshold 1 (max 1)
: 187673K->0K(188736K), 0.0011412 secs] 732498K->544824K(1027648K), 0.0011801 secs] [Times: user=0.00 sys=0.00, real=0.00 secs] 
Heap after GC invocations=597 (full 51):
 par new generation   total 188736K, used 0K [0x00000000c0000000, 0x00000000cccc0000, 0x00000000cccc0000)
  eden space 167808K,   0% used [0x00000000c0000000, 0x00000000c0000000, 0x00000000ca3e0000)
  from space 20928K,   0% used [0x00000000ca3e0000, 0x00000000ca3e0000, 0x00000000cb850000)
  to   space 20928K,   0% used [0x00000000cb850000, 0x00000000cb850000, 0x00000000cccc0000)
 concurrent mark-sweep generation total 838912K, used 544824K [0x00000000cccc0000, 0x0000000100000000, 0x0000000100000000)
 Metaspace       used 3935K, capacity 4540K, committed 4864K, reserved 1056768K
  class space    used 425K, capacity 428K, committed 512K, reserved 1048576K
}
2024-07-26T01:31:23.573+0800: 15.173: Total time for which application threads were stopped: 0.0013008 seconds, Stopping threads took: 0.0000292 seconds
{Heap before GC invocations=597 (full 51):
 par new generation   total 188736K, used 167193K [0x00000000c0000000, 0x00000000cccc0000, 0x00000000cccc0000)
  eden space 167808K,  99% used [0x00000000c0000000, 0x00000000ca346440, 0x00000000ca3e0000)
  from space 20928K,   0% used [0x00000000ca3e0000, 0x00000000ca3e0000, 0x00000000cb850000)
  to   space 20928K,   0% used [0x00000000cb850000, 0x00000000cb850000, 0x00000000cccc0000)
 concurrent mark-sweep generation total 838912K, used 544824K [0x00000000cccc0000, 0x0000000100000000, 0x0000000100000000)
 Metaspace       used 3935K, capacity 4540K, committed 4864K, reserved 1056768K
  class space    used 425K, capacity 428K, committed 512K, reserved 1048576K
2024-07-26T01:31:23.588+0800: 15.187: [GC (Allocation Failure) 2024-07-26T01:31:23.588+0800: 15.187: [ParNew2024-07-26T01:31:23.599+0800: 15.198: [SoftReference, 0 refs, 0.0000401 secs]2024-07-26T01:31:23.599+0800: 15.198: [WeakReference, 0 refs, 0.0000046 secs]2024-07-26T01:31:23.599+0800: 15.198: [FinalReference, 0 refs, 0.0000040 secs]2024-07-26T01:31:23.599+0800: 15.198: [PhantomReference, 0 refs, 0.0000039 secs]2024-07-26T01:31:23.599+0800: 15.198: [JNI Weak Reference, 0.0000044 secs]
Desired survivor size 10715136 bytes, new threshold 1 (max 1)
- age   1:   20971840 bytes,   20971840 total
: 167193K->20480K(188736K), 0.0109897 secs] 712017K->608313K(1027648K), 0.0110898 secs] [Times: user=0.05 sys=0.02, real=0.01 secs] 
Heap after GC invocations=598 (full 51):
 par new generation   total 188736K, used 20480K [0x00000000c0000000, 0x00000000cccc0000, 0x00000000cccc0000)
  eden space 167808K,   0% used [0x00000000c0000000, 0x00000000c0000000, 0x00000000ca3e0000)
  from space 20928K,  97% used [0x00000000cb850000, 0x00000000ccc50140, 0x00000000cccc0000)
  to   space 20928K,   0% used [0x00000000ca3e0000, 0x00000000ca3e0000, 0x00000000cb850000)
 concurrent mark-sweep generation total 838912K, used 587833K [0x00000000cccc0000, 0x0000000100000000, 0x0000000100000000)
 Metaspace       used 3935K, capacity 4540K, committed 4864K, reserved 1056768K
  class space    used 425K, capacity 428K, committed 512K, reserved 1048576K
}
2024-07-26T01:31:23.599+0800: 15.198: Total time for which application threads were stopped: 0.0112424 seconds, Stopping threads took: 0.0000253 seconds
{Heap before GC invocations=598 (full 51):
 par new generation   total 188736K, used 187673K [0x00000000c0000000, 0x00000000cccc0000, 0x00000000cccc0000)
  eden space 167808K,  99% used [0x00000000c0000000, 0x00000000ca346440, 0x00000000ca3e0000)
  from space 20928K,  97% used [0x00000000cb850000, 0x00000000ccc50140, 0x00000000cccc0000)
  to   space 20928K,   0% used [0x00000000ca3e0000, 0x00000000ca3e0000, 0x00000000cb850000)
 concurrent mark-sweep generation total 838912K, used 587833K [0x00000000cccc0000, 0x0000000100000000, 0x0000000100000000)
 Metaspace       used 3935K, capacity 4540K, committed 4864K, reserved 1056768K
  class space    used 425K, capacity 428K, committed 512K, reserved 1048576K
2024-07-26T01:31:23.615+0800: 15.214: [GC (Allocation Failure) 2024-07-26T01:31:23.615+0800: 15.214: [ParNew2024-07-26T01:31:23.621+0800: 15.220: [SoftReference, 0 refs, 0.0000311 secs]2024-07-26T01:31:23.621+0800: 15.220: [WeakReference, 0 refs, 0.0000043 secs]2024-07-26T01:31:23.621+0800: 15.220: [FinalReference, 0 refs, 0.0000040 secs]2024-07-26T01:31:23.621+0800: 15.220: [PhantomReference, 0 refs, 0.0000037 secs]2024-07-26T01:31:23.621+0800: 15.220: [JNI Weak Reference, 0.0000041 secs]
Desired survivor size 10715136 bytes, new threshold 1 (max 1)
- age   1:   20971840 bytes,   20971840 total
: 187673K->20480K(188736K), 0.0055552 secs] 775506K->611385K(1027648K), 0.0055980 secs] [Times: user=0.00 sys=0.00, real=0.01 secs] 
Heap after GC invocations=599 (full 51):
 par new generation   total 188736K, used 20480K [0x00000000c0000000, 0x00000000cccc0000, 0x00000000cccc0000)
  eden space 167808K,   0% used [0x00000000c0000000, 0x00000000c0000000, 0x00000000ca3e0000)
  from space 20928K,  97% used [0x00000000ca3e0000, 0x00000000cb7e0140, 0x00000000cb850000)
  to   space 20928K,   0% used [0x00000000cb850000, 0x00000000cb850000, 0x00000000cccc0000)
 concurrent mark-sweep generation total 838912K, used 590905K [0x00000000cccc0000, 0x0000000100000000, 0x0000000100000000)
 Metaspace       used 3935K, capacity 4540K, committed 4864K, reserved 1056768K
  class space    used 425K, capacity 428K, committed 512K, reserved 1048576K
}
2024-07-26T01:31:23.621+0800: 15.220: Total time for which application threads were stopped: 0.0057130 seconds, Stopping threads took: 0.0000218 seconds
{Heap before GC invocations=599 (full 51):
 par new generation   total 188736K, used 187673K [0x00000000c0000000, 0x00000000cccc0000, 0x00000000cccc0000)
  eden space 167808K,  99% used [0x00000000c0000000, 0x00000000ca346440, 0x00000000ca3e0000)
  from space 20928K,  97% used [0x00000000ca3e0000, 0x00000000cb7e0140, 0x00000000cb850000)
  to   space 20928K,   0% used [0x00000000cb850000, 0x00000000cb850000, 0x00000000cccc0000)
 concurrent mark-sweep generation total 838912K, used 590905K [0x00000000cccc0000, 0x0000000100000000, 0x0000000100000000)
 Metaspace       used 3935K, capacity 4540K, committed 4864K, reserved 1056768K
  class space    used 425K, capacity 428K, committed 512K, reserved 1048576K
2024-07-26T01:31:23.635+0800: 15.235: [GC (Allocation Failure) 2024-07-26T01:31:23.635+0800: 15.235: [ParNew2024-07-26T01:31:23.648+0800: 15.247: [SoftReference, 0 refs, 0.0000667 secs]2024-07-26T01:31:23.648+0800: 15.247: [WeakReference, 0 refs, 0.0000043 secs]2024-07-26T01:31:23.648+0800: 15.247: [FinalReference, 0 refs, 0.0000037 secs]2024-07-26T01:31:23.648+0800: 15.247: [PhantomReference, 0 refs, 0.0000035 secs]2024-07-26T01:31:23.648+0800: 15.247: [JNI Weak Reference, 0.0000045 secs]
Desired survivor size 10715136 bytes, new threshold 1 (max 1)
- age   1:   20971840 bytes,   20971840 total
: 187673K->20480K(188736K), 0.0124559 secs] 778578K->677946K(1027648K), 0.0124943 secs] [Times: user=0.03 sys=0.00, real=0.01 secs] 
Heap after GC invocations=600 (full 51):
 par new generation   total 188736K, used 20480K [0x00000000c0000000, 0x00000000cccc0000, 0x00000000cccc0000)
  eden space 167808K,   0% used [0x00000000c0000000, 0x00000000c0000000, 0x00000000ca3e0000)
  from space 20928K,  97% used [0x00000000cb850000, 0x00000000ccc50140, 0x00000000cccc0000)
  to   space 20928K,   0% used [0x00000000ca3e0000, 0x00000000ca3e0000, 0x00000000cb850000)
 concurrent mark-sweep generation total 838912K, used 657466K [0x00000000cccc0000, 0x0000000100000000, 0x0000000100000000)
 Metaspace       used 3935K, capacity 4540K, committed 4864K, reserved 1056768K
  class space    used 425K, capacity 428K, committed 512K, reserved 1048576K
}
2024-07-26T01:31:23.648+0800: 15.247: Total time for which application threads were stopped: 0.0126198 seconds, Stopping threads took: 0.0000237 seconds
{Heap before GC invocations=600 (full 51):
 par new generation   total 188736K, used 187673K [0x00000000c0000000, 0x00000000cccc0000, 0x00000000cccc0000)
  eden space 167808K,  99% used [0x00000000c0000000, 0x00000000ca346440, 0x00000000ca3e0000)
  from space 20928K,  97% used [0x00000000cb850000, 0x00000000ccc50140, 0x00000000cccc0000)
  to   space 20928K,   0% used [0x00000000ca3e0000, 0x00000000ca3e0000, 0x00000000cb850000)
 concurrent mark-sweep generation total 838912K, used 657466K [0x00000000cccc0000, 0x0000000100000000, 0x0000000100000000)
 Metaspace       used 3935K, capacity 4540K, committed 4864K, reserved 1056768K
  class space    used 425K, capacity 428K, committed 512K, reserved 1048576K
2024-07-26T01:31:23.663+0800: 15.263: [GC (Allocation Failure) 2024-07-26T01:31:23.664+0800: 15.264: [ParNew2024-07-26T01:31:23.673+0800: 15.273: [SoftReference, 0 refs, 0.0000434 secs]2024-07-26T01:31:23.673+0800: 15.273: [WeakReference, 0 refs, 0.0000111 secs]2024-07-26T01:31:23.673+0800: 15.273: [FinalReference, 0 refs, 0.0000072 secs]2024-07-26T01:31:23.673+0800: 15.273: [PhantomReference, 0 refs, 0.0000067 secs]2024-07-26T01:31:23.673+0800: 15.273: [JNI Weak Reference, 0.0000064 secs]
Desired survivor size 10715136 bytes, new threshold 1 (max 1)
- age   1:   20971840 bytes,   20971840 total
: 187673K->20480K(188736K), 0.0091652 secs] 845139K->704571K(1027648K), 0.0092094 secs] [Times: user=0.06 sys=0.00, real=0.01 secs] 
Heap after GC invocations=601 (full 51):
 par new generation   total 188736K, used 20480K [0x00000000c0000000, 0x00000000cccc0000, 0x00000000cccc0000)
  eden space 167808K,   0% used [0x00000000c0000000, 0x00000000c0000000, 0x00000000ca3e0000)
  from space 20928K,  97% used [0x00000000ca3e0000, 0x00000000cb7e0140, 0x00000000cb850000)
  to   space 20928K,   0% used [0x00000000cb850000, 0x00000000cb850000, 0x00000000cccc0000)
 concurrent mark-sweep generation total 838912K, used 684091K [0x00000000cccc0000, 0x0000000100000000, 0x0000000100000000)
 Metaspace       used 3935K, capacity 4540K, committed 4864K, reserved 1056768K
  class space    used 425K, capacity 428K, committed 512K, reserved 1048576K
}
2024-07-26T01:31:23.673+0800: 15.273: Total time for which application threads were stopped: 0.0093450 seconds, Stopping threads took: 0.0000266 seconds
{Heap before GC invocations=601 (full 51):
 par new generation   total 188736K, used 187673K [0x00000000c0000000, 0x00000000cccc0000, 0x00000000cccc0000)
  eden space 167808K,  99% used [0x00000000c0000000, 0x00000000ca346440, 0x00000000ca3e0000)
  from space 20928K,  97% used [0x00000000ca3e0000, 0x00000000cb7e0140, 0x00000000cb850000)
  to   space 20928K,   0% used [0x00000000cb850000, 0x00000000cb850000, 0x00000000cccc0000)
 concurrent mark-sweep generation total 838912K, used 684091K [0x00000000cccc0000, 0x0000000100000000, 0x0000000100000000)
 Metaspace       used 3935K, capacity 4540K, committed 4864K, reserved 1056768K
  class space    used 425K, capacity 428K, committed 512K, reserved 1048576K
2024-07-26T01:31:23.691+0800: 15.290: [GC (Allocation Failure) 2024-07-26T01:31:23.691+0800: 15.290: [ParNew2024-07-26T01:31:23.692+0800: 15.292: [SoftReference, 0 refs, 0.0000331 secs]2024-07-26T01:31:23.693+0800: 15.292: [WeakReference, 0 refs, 0.0000044 secs]2024-07-26T01:31:23.693+0800: 15.292: [FinalReference, 0 refs, 0.0000040 secs]2024-07-26T01:31:23.693+0800: 15.292: [PhantomReference, 0 refs, 0.0000037 secs]2024-07-26T01:31:23.693+0800: 15.292: [JNI Weak Reference, 0.0000043 secs]
Desired survivor size 10715136 bytes, new threshold 1 (max 1)
- age   1:    7340144 bytes,    7340144 total
: 187673K->7168K(188736K), 0.0016521 secs] 871764K->691259K(1027648K), 0.0016932 secs] [Times: user=0.00 sys=0.00, real=0.00 secs] 
Heap after GC invocations=602 (full 51):
 par new generation   total 188736K, used 7168K [0x00000000c0000000, 0x00000000cccc0000, 0x00000000cccc0000)
  eden space 167808K,   0% used [0x00000000c0000000, 0x00000000c0000000, 0x00000000ca3e0000)
  from space 20928K,  34% used [0x00000000cb850000, 0x00000000cbf50070, 0x00000000cccc0000)
  to   space 20928K,   0% used [0x00000000ca3e0000, 0x00000000ca3e0000, 0x00000000cb850000)
 concurrent mark-sweep generation total 838912K, used 684091K [0x00000000cccc0000, 0x0000000100000000, 0x0000000100000000)
 Metaspace       used 3935K, capacity 4540K, committed 4864K, reserved 1056768K
  class space    used 425K, capacity 428K, committed 512K, reserved 1048576K
}
2024-07-26T01:31:23.693+0800: 15.292: Total time for which application threads were stopped: 0.0018079 seconds, Stopping threads took: 0.0000220 seconds
{Heap before GC invocations=602 (full 51):
 par new generation   total 188736K, used 174361K [0x00000000c0000000, 0x00000000cccc0000, 0x00000000cccc0000)
  eden space 167808K,  99% used [0x00000000c0000000, 0x00000000ca346440, 0x00000000ca3e0000)
  from space 20928K,  34% used [0x00000000cb850000, 0x00000000cbf50070, 0x00000000cccc0000)
  to   space 20928K,   0% used [0x00000000ca3e0000, 0x00000000ca3e0000, 0x00000000cb850000)
 concurrent mark-sweep generation total 838912K, used 684091K [0x00000000cccc0000, 0x0000000100000000, 0x0000000100000000)
 Metaspace       used 3935K, capacity 4540K, committed 4864K, reserved 1056768K
  class space    used 425K, capacity 428K, committed 512K, reserved 1048576K
2024-07-26T01:31:23.708+0800: 15.307: [GC (Allocation Failure) 2024-07-26T01:31:23.708+0800: 15.307: [ParNew2024-07-26T01:31:23.720+0800: 15.319: [SoftReference, 0 refs, 0.0000358 secs]2024-07-26T01:31:23.720+0800: 15.319: [WeakReference, 0 refs, 0.0000042 secs]2024-07-26T01:31:23.720+0800: 15.319: [FinalReference, 0 refs, 0.0000038 secs]2024-07-26T01:31:23.720+0800: 15.319: [PhantomReference, 0 refs, 0.0000039 secs]2024-07-26T01:31:23.720+0800: 15.319: [JNI Weak Reference, 0.0000048 secs]
Desired survivor size 10715136 bytes, new threshold 1 (max 1)
- age   1:   20971840 bytes,   20971840 total
: 174361K->20480K(188736K), 0.0122091 secs] 858452K->754748K(1027648K), 0.0122522 secs] [Times: user=0.02 sys=0.00, real=0.01 secs] 
Heap after GC invocations=603 (full 51):
 par new generation   total 188736K, used 20480K [0x00000000c0000000, 0x00000000cccc0000, 0x00000000cccc0000)
  eden space 167808K,   0% used [0x00000000c0000000, 0x00000000c0000000, 0x00000000ca3e0000)
  from space 20928K,  97% used [0x00000000ca3e0000, 0x00000000cb7e0140, 0x00000000cb850000)
  to   space 20928K,   0% used [0x00000000cb850000, 0x00000000cb850000, 0x00000000cccc0000)
 concurrent mark-sweep generation total 838912K, used 734267K [0x00000000cccc0000, 0x0000000100000000, 0x0000000100000000)
 Metaspace       used 3935K, capacity 4540K, committed 4864K, reserved 1056768K
  class space    used 425K, capacity 428K, committed 512K, reserved 1048576K
}
2024-07-26T01:31:23.720+0800: 15.319: Total time for which application threads were stopped: 0.0123698 seconds, Stopping threads took: 0.0000238 seconds
{Heap before GC invocations=603 (full 51):
 par new generation   total 188736K, used 187673K [0x00000000c0000000, 0x00000000cccc0000, 0x00000000cccc0000)
  eden space 167808K,  99% used [0x00000000c0000000, 0x00000000ca346440, 0x00000000ca3e0000)
  from space 20928K,  97% used [0x00000000ca3e0000, 0x00000000cb7e0140, 0x00000000cb850000)
  to   space 20928K,   0% used [0x00000000cb850000, 0x00000000cb850000, 0x00000000cccc0000)
 concurrent mark-sweep generation total 838912K, used 734267K [0x00000000cccc0000, 0x0000000100000000, 0x0000000100000000)
 Metaspace       used 3935K, capacity 4540K, committed 4864K, reserved 1056768K
  class space    used 425K, capacity 428K, committed 512K, reserved 1048576K
2024-07-26T01:31:23.735+0800: 15.335: [GC (Allocation Failure) 2024-07-26T01:31:23.735+0800: 15.335: [ParNew2024-07-26T01:31:23.741+0800: 15.340: [SoftReference, 0 refs, 0.0000343 secs]2024-07-26T01:31:23.741+0800: 15.340: [WeakReference, 0 refs, 0.0000043 secs]2024-07-26T01:31:23.741+0800: 15.340: [FinalReference, 0 refs, 0.0000040 secs]2024-07-26T01:31:23.741+0800: 15.340: [PhantomReference, 0 refs, 0.0000040 secs]2024-07-26T01:31:23.741+0800: 15.340: [JNI Weak Reference, 0.0000043 secs]
Desired survivor size 10715136 bytes, new threshold 1 (max 1)
- age   1:   20971840 bytes,   20971840 total
: 187673K->20480K(188736K), 0.0056766 secs] 921941K->764988K(1027648K), 0.0057200 secs] [Times: user=0.00 sys=0.00, real=0.01 secs] 
Heap after GC invocations=604 (full 51):
 par new generation   total 188736K, used 20480K [0x00000000c0000000, 0x00000000cccc0000, 0x00000000cccc0000)
  eden space 167808K,   0% used [0x00000000c0000000, 0x00000000c0000000, 0x00000000ca3e0000)
  from space 20928K,  97% used [0x00000000cb850000, 0x00000000ccc50140, 0x00000000cccc0000)
  to   space 20928K,   0% used [0x00000000ca3e0000, 0x00000000ca3e0000, 0x00000000cb850000)
 concurrent mark-sweep generation total 838912K, used 744507K [0x00000000cccc0000, 0x0000000100000000, 0x0000000100000000)
 Metaspace       used 3935K, capacity 4540K, committed 4864K, reserved 1056768K
  class space    used 425K, capacity 428K, committed 512K, reserved 1048576K
}
2024-07-26T01:31:23.741+0800: 15.341: Total time for which application threads were stopped: 0.0058523 seconds, Stopping threads took: 0.0000286 seconds
{Heap before GC invocations=604 (full 51):
 par new generation   total 188736K, used 187673K [0x00000000c0000000, 0x00000000cccc0000, 0x00000000cccc0000)
  eden space 167808K,  99% used [0x00000000c0000000, 0x00000000ca346440, 0x00000000ca3e0000)
  from space 20928K,  97% used [0x00000000cb850000, 0x00000000ccc50140, 0x00000000cccc0000)
  to   space 20928K,   0% used [0x00000000ca3e0000, 0x00000000ca3e0000, 0x00000000cb850000)
 concurrent mark-sweep generation total 838912K, used 744507K [0x00000000cccc0000, 0x0000000100000000, 0x0000000100000000)
 Metaspace       used 3935K, capacity 4540K, committed 4864K, reserved 1056768K
  class space    used 425K, capacity 428K, committed 512K, reserved 1048576K
2024-07-26T01:31:23.756+0800: 15.355: [GC (Allocation Failure) 2024-07-26T01:31:23.756+0800: 15.355: [ParNew2024-07-26T01:31:23.771+0800: 15.370: [SoftReference, 0 refs, 0.0000324 secs]2024-07-26T01:31:23.771+0800: 15.370: [WeakReference, 0 refs, 0.0000037 secs]2024-07-26T01:31:23.771+0800: 15.370: [FinalReference, 0 refs, 0.0000034 secs]2024-07-26T01:31:23.771+0800: 15.370: [PhantomReference, 0 refs, 0.0000034 secs]2024-07-26T01:31:23.771+0800: 15.370: [JNI Weak Reference, 0.0000040 secs]
Desired survivor size 10715136 bytes, new threshold 1 (max 1)
- age   1:   20971840 bytes,   20971840 total
: 187673K->20480K(188736K), 0.0150060 secs] 932181K->838719K(1027648K), 0.0150792 secs] [Times: user=0.02 sys=0.00, real=0.01 secs] 
Heap after GC invocations=605 (full 51):
 par new generation   total 188736K, used 20480K [0x00000000c0000000, 0x00000000cccc0000, 0x00000000cccc0000)
  eden space 167808K,   0% used [0x00000000c0000000, 0x00000000c0000000, 0x00000000ca3e0000)
  from space 20928K,  97% used [0x00000000ca3e0000, 0x00000000cb7e0140, 0x00000000cb850000)
  to   space 20928K,   0% used [0x00000000cb850000, 0x00000000cb850000, 0x00000000cccc0000)
 concurrent mark-sweep generation total 838912K, used 818239K [0x00000000cccc0000, 0x0000000100000000, 0x0000000100000000)
 Metaspace       used 3935K, capacity 4540K, committed 4864K, reserved 1056768K
  class space    used 425K, capacity 428K, committed 512K, reserved 1048576K
}
2024-07-26T01:31:23.771+0800: 15.370: Total time for which application threads were stopped: 0.0151913 seconds, Stopping threads took: 0.0000232 seconds
2024-07-26T01:31:23.771+0800: 15.370: [CMS-concurrent-abortable-preclean: 0.009/0.358 secs] [Times: user=0.30 sys=0.02, real=0.36 secs] 
2024-07-26T01:31:23.771+0800: 15.371: [GC (CMS Final Remark) [YG occupancy: 24854 K (188736 K)]{Heap before GC invocations=605 (full 51):
 par new generation   total 188736K, used 24854K [0x00000000c0000000, 0x00000000cccc0000, 0x00000000cccc0000)
  eden space 167808K,   2% used [0x00000000c0000000, 0x00000000c0445a50, 0x00000000ca3e0000)
  from space 20928K,  97% used [0x00000000ca3e0000, 0x00000000cb7e0140, 0x00000000cb850000)
  to   space 20928K,   0% used [0x00000000cb850000, 0x00000000cb850000, 0x00000000cccc0000)
 concurrent mark-sweep generation total 838912K, used 818239K [0x00000000cccc0000, 0x0000000100000000, 0x0000000100000000)
 Metaspace       used 3935K, capacity 4540K, committed 4864K, reserved 1056768K
  class space    used 425K, capacity 428K, committed 512K, reserved 1048576K
2024-07-26T01:31:23.771+0800: 15.371: [GC (CMS Final Remark) 2024-07-26T01:31:23.771+0800: 15.371: [ParNew: 24854K->24854K(188736K), 0.0000069 secs] 843093K->843093K(1027648K), 0.0000171 secs] [Times: user=0.00 sys=0.00, real=0.00 secs] 
Heap after GC invocations=606 (full 51):
 par new generation   total 188736K, used 24854K [0x00000000c0000000, 0x00000000cccc0000, 0x00000000cccc0000)
  eden space 167808K,   2% used [0x00000000c0000000, 0x00000000c0445a50, 0x00000000ca3e0000)
  from space 20928K,  97% used [0x00000000ca3e0000, 0x00000000cb7e0140, 0x00000000cb850000)
  to   space 20928K,   0% used [0x00000000cb850000, 0x00000000cb850000, 0x00000000cccc0000)
 concurrent mark-sweep generation total 838912K, used 818239K [0x00000000cccc0000, 0x0000000100000000, 0x0000000100000000)
 Metaspace       used 3935K, capacity 4540K, committed 4864K, reserved 1056768K
  class space    used 425K, capacity 428K, committed 512K, reserved 1048576K
}
2024-07-26T01:31:23.771+0800: 15.371: [Rescan (parallel) , 0.0008263 secs]2024-07-26T01:31:23.772+0800: 15.371: [weak refs processing2024-07-26T01:31:23.772+0800: 15.371: [SoftReference, 0 refs, 0.0000038 secs]2024-07-26T01:31:23.772+0800: 15.371: [WeakReference, 0 refs, 0.0000034 secs]2024-07-26T01:31:23.772+0800: 15.371: [FinalReference, 0 refs, 0.0000033 secs]2024-07-26T01:31:23.772+0800: 15.372: [PhantomReference, 0 refs, 0.0000032 secs]2024-07-26T01:31:23.772+0800: 15.372: [JNI Weak Reference, 0.0000032 secs], 0.0000312 secs]2024-07-26T01:31:23.772+0800: 15.372: [class unloading, 0.0002071 secs]2024-07-26T01:31:23.773+0800: 15.372: [scrub symbol table, 0.0004084 secs]2024-07-26T01:31:23.773+0800: 15.372: [scrub string table, 0.0000914 secs][1 CMS-remark: 818239K(838912K)] 843093K(1027648K), 0.0016440 secs] [Times: user=0.00 sys=0.00, real=0.00 secs] 
2024-07-26T01:31:23.773+0800: 15.372: Total time for which application threads were stopped: 0.0017755 seconds, Stopping threads took: 0.0001031 seconds
2024-07-26T01:31:23.773+0800: 15.372: [CMS-concurrent-sweep-start]
2024-07-26T01:31:23.774+0800: 15.373: [CMS-concurrent-sweep: 0.000/0.000 secs] [Times: user=0.00 sys=0.00, real=0.00 secs] 
2024-07-26T01:31:23.774+0800: 15.373: [CMS-concurrent-reset-start]
2024-07-26T01:31:23.775+0800: 15.375: [CMS-concurrent-reset: 0.002/0.002 secs] [Times: user=0.00 sys=0.00, real=0.00 secs] 
{Heap before GC invocations=606 (full 51):
 par new generation   total 188736K, used 187951K [0x00000000c0000000, 0x00000000cccc0000, 0x00000000cccc0000)
  eden space 167808K,  99% used [0x00000000c0000000, 0x00000000ca38be50, 0x00000000ca3e0000)
  from space 20928K,  97% used [0x00000000ca3e0000, 0x00000000cb7e0140, 0x00000000cb850000)
  to   space 20928K,   0% used [0x00000000cb850000, 0x00000000cb850000, 0x00000000cccc0000)
 concurrent mark-sweep generation total 838912K, used 529466K [0x00000000cccc0000, 0x0000000100000000, 0x0000000100000000)
 Metaspace       used 3935K, capacity 4540K, committed 4864K, reserved 1056768K
  class space    used 425K, capacity 428K, committed 512K, reserved 1048576K
2024-07-26T01:31:23.788+0800: 15.388: [GC (Allocation Failure) 2024-07-26T01:31:23.788+0800: 15.388: [ParNew2024-07-26T01:31:23.797+0800: 15.397: [SoftReference, 0 refs, 0.0000331 secs]2024-07-26T01:31:23.797+0800: 15.397: [WeakReference, 0 refs, 0.0000044 secs]2024-07-26T01:31:23.797+0800: 15.397: [FinalReference, 0 refs, 0.0000038 secs]2024-07-26T01:31:23.797+0800: 15.397: [PhantomReference, 0 refs, 0.0000037 secs]2024-07-26T01:31:23.797+0800: 15.397: [JNI Weak Reference, 0.0000049 secs]
Desired survivor size 10715136 bytes, new threshold 1 (max 1)
- age   1:   20971840 bytes,   20971840 total
: 187951K->20480K(188736K), 0.0087461 secs] 717418K->582715K(1027648K), 0.0087878 secs] [Times: user=0.02 sys=0.00, real=0.01 secs] 
Heap after GC invocations=607 (full 51):
 par new generation   total 188736K, used 20480K [0x00000000c0000000, 0x00000000cccc0000, 0x00000000cccc0000)
  eden space 167808K,   0% used [0x00000000c0000000, 0x00000000c0000000, 0x00000000ca3e0000)
  from space 20928K,  97% used [0x00000000cb850000, 0x00000000ccc50140, 0x00000000cccc0000)
  to   space 20928K,   0% used [0x00000000ca3e0000, 0x00000000ca3e0000, 0x00000000cb850000)
 concurrent mark-sweep generation total 838912K, used 562235K [0x00000000cccc0000, 0x0000000100000000, 0x0000000100000000)
 Metaspace       used 3935K, capacity 4540K, committed 4864K, reserved 1056768K
  class space    used 425K, capacity 428K, committed 512K, reserved 1048576K
}
2024-07-26T01:31:23.797+0800: 15.397: Total time for which application threads were stopped: 0.0089104 seconds, Stopping threads took: 0.0000283 seconds
2024-07-26T01:31:23.797+0800: 15.397: [GC (CMS Initial Mark) [1 CMS-initial-mark: 562235K(838912K)] 583739K(1027648K), 0.0009099 secs] [Times: user=0.00 sys=0.00, real=0.00 secs] 
2024-07-26T01:31:23.799+0800: 15.398: Total time for which application threads were stopped: 0.0010338 seconds, Stopping threads took: 0.0000851 seconds
2024-07-26T01:31:23.799+0800: 15.398: [CMS-concurrent-mark-start]
2024-07-26T01:31:23.800+0800: 15.399: [CMS-concurrent-mark: 0.001/0.001 secs] [Times: user=0.00 sys=0.00, real=0.00 secs] 
2024-07-26T01:31:23.800+0800: 15.399: [CMS-concurrent-preclean-start]
2024-07-26T01:31:23.800+0800: 15.399: [Preclean SoftReferences, 0.0000049 secs]2024-07-26T01:31:23.800+0800: 15.399: [Preclean WeakReferences, 0.0000037 secs]2024-07-26T01:31:23.800+0800: 15.399: [Preclean FinalReferences, 0.0000030 secs]2024-07-26T01:31:23.800+0800: 15.399: [Preclean PhantomReferences, 0.0000031 secs]2024-07-26T01:31:23.801+0800: 15.400: [CMS-concurrent-preclean: 0.001/0.001 secs] [Times: user=0.00 sys=0.00, real=0.00 secs] 
2024-07-26T01:31:23.801+0800: 15.400: [CMS-concurrent-abortable-preclean-start]
{Heap before GC invocations=607 (full 52):
 par new generation   total 188736K, used 187635K [0x00000000c0000000, 0x00000000cccc0000, 0x00000000cccc0000)
  eden space 167808K,  99% used [0x00000000c0000000, 0x00000000ca33ccd0, 0x00000000ca3e0000)
  from space 20928K,  97% used [0x00000000cb850000, 0x00000000ccc50140, 0x00000000cccc0000)
  to   space 20928K,   0% used [0x00000000ca3e0000, 0x00000000ca3e0000, 0x00000000cb850000)
 concurrent mark-sweep generation total 838912K, used 562235K [0x00000000cccc0000, 0x0000000100000000, 0x0000000100000000)
 Metaspace       used 3935K, capacity 4540K, committed 4864K, reserved 1056768K
  class space    used 425K, capacity 428K, committed 512K, reserved 1048576K
2024-07-26T01:31:23.814+0800: 15.414: [GC (Allocation Failure) 2024-07-26T01:31:23.814+0800: 15.414: [ParNew2024-07-26T01:31:23.817+0800: 15.416: [SoftReference, 0 refs, 0.0000366 secs]2024-07-26T01:31:23.817+0800: 15.416: [WeakReference, 0 refs, 0.0000044 secs]2024-07-26T01:31:23.817+0800: 15.416: [FinalReference, 0 refs, 0.0000037 secs]2024-07-26T01:31:23.817+0800: 15.416: [PhantomReference, 0 refs, 0.0000039 secs]2024-07-26T01:31:23.817+0800: 15.416: [JNI Weak Reference, 0.0000046 secs]
Desired survivor size 10715136 bytes, new threshold 1 (max 1)
- age   1:   13631696 bytes,   13631696 total
: 187635K->13312K(188736K), 0.0027915 secs] 749870K->575547K(1027648K), 0.0028316 secs] [Times: user=0.00 sys=0.00, real=0.00 secs] 
Heap after GC invocations=608 (full 52):
 par new generation   total 188736K, used 13312K [0x00000000c0000000, 0x00000000cccc0000, 0x00000000cccc0000)
  eden space 167808K,   0% used [0x00000000c0000000, 0x00000000c0000000, 0x00000000ca3e0000)
  from space 20928K,  63% used [0x00000000ca3e0000, 0x00000000cb0e00d0, 0x00000000cb850000)
  to   space 20928K,   0% used [0x00000000cb850000, 0x00000000cb850000, 0x00000000cccc0000)
 concurrent mark-sweep generation total 838912K, used 562235K [0x00000000cccc0000, 0x0000000100000000, 0x0000000100000000)
 Metaspace       used 3935K, capacity 4540K, committed 4864K, reserved 1056768K
  class space    used 425K, capacity 428K, committed 512K, reserved 1048576K
}
2024-07-26T01:31:23.817+0800: 15.416: Total time for which application threads were stopped: 0.0029454 seconds, Stopping threads took: 0.0000214 seconds
{Heap before GC invocations=608 (full 52):
 par new generation   total 188736K, used 180480K [0x00000000c0000000, 0x00000000cccc0000, 0x00000000cccc0000)
  eden space 167808K,  99% used [0x00000000c0000000, 0x00000000ca3402e0, 0x00000000ca3e0000)
  from space 20928K,  63% used [0x00000000ca3e0000, 0x00000000cb0e00d0, 0x00000000cb850000)
  to   space 20928K,   0% used [0x00000000cb850000, 0x00000000cb850000, 0x00000000cccc0000)
 concurrent mark-sweep generation total 838912K, used 562235K [0x00000000cccc0000, 0x0000000100000000, 0x0000000100000000)
 Metaspace       used 3935K, capacity 4540K, committed 4864K, reserved 1056768K
  class space    used 425K, capacity 428K, committed 512K, reserved 1048576K
2024-07-26T01:31:23.833+0800: 15.432: [GC (Allocation Failure) 2024-07-26T01:31:23.833+0800: 15.432: [ParNew2024-07-26T01:31:23.845+0800: 15.444: [SoftReference, 0 refs, 0.0000437 secs]2024-07-26T01:31:23.845+0800: 15.444: [WeakReference, 0 refs, 0.0000077 secs]2024-07-26T01:31:23.845+0800: 15.444: [FinalReference, 0 refs, 0.0000068 secs]2024-07-26T01:31:23.845+0800: 15.444: [PhantomReference, 0 refs, 0.0000064 secs]2024-07-26T01:31:23.845+0800: 15.444: [JNI Weak Reference, 0.0000066 secs]
Desired survivor size 10715136 bytes, new threshold 1 (max 1)
- age   1:   20971840 bytes,   20971840 total
: 180480K->20480K(188736K), 0.0117865 secs] 742716K->639036K(1027648K), 0.0118364 secs] [Times: user=0.05 sys=0.00, real=0.01 secs] 
Heap after GC invocations=609 (full 52):
 par new generation   total 188736K, used 20480K [0x00000000c0000000, 0x00000000cccc0000, 0x00000000cccc0000)
  eden space 167808K,   0% used [0x00000000c0000000, 0x00000000c0000000, 0x00000000ca3e0000)
  from space 20928K,  97% used [0x00000000cb850000, 0x00000000ccc50140, 0x00000000cccc0000)
  to   space 20928K,   0% used [0x00000000ca3e0000, 0x00000000ca3e0000, 0x00000000cb850000)
 concurrent mark-sweep generation total 838912K, used 618556K [0x00000000cccc0000, 0x0000000100000000, 0x0000000100000000)
 Metaspace       used 3935K, capacity 4540K, committed 4864K, reserved 1056768K
  class space    used 425K, capacity 428K, committed 512K, reserved 1048576K
}
2024-07-26T01:31:23.845+0800: 15.444: Total time for which application threads were stopped: 0.0119755 seconds, Stopping threads took: 0.0000267 seconds
{Heap before GC invocations=609 (full 52):
 par new generation   total 188736K, used 187657K [0x00000000c0000000, 0x00000000cccc0000, 0x00000000cccc0000)
  eden space 167808K,  99% used [0x00000000c0000000, 0x00000000ca3425a8, 0x00000000ca3e0000)
  from space 20928K,  97% used [0x00000000cb850000, 0x00000000ccc50140, 0x00000000cccc0000)
  to   space 20928K,   0% used [0x00000000ca3e0000, 0x00000000ca3e0000, 0x00000000cb850000)
 concurrent mark-sweep generation total 838912K, used 618556K [0x00000000cccc0000, 0x0000000100000000, 0x0000000100000000)
 Metaspace       used 3935K, capacity 4540K, committed 4864K, reserved 1056768K
  class space    used 425K, capacity 428K, committed 512K, reserved 1048576K
2024-07-26T01:31:23.860+0800: 15.459: [GC (Allocation Failure) 2024-07-26T01:31:23.860+0800: 15.460: [ParNew2024-07-26T01:31:23.867+0800: 15.466: [SoftReference, 0 refs, 0.0000672 secs]2024-07-26T01:31:23.867+0800: 15.466: [WeakReference, 0 refs, 0.0000082 secs]2024-07-26T01:31:23.867+0800: 15.466: [FinalReference, 0 refs, 0.0000074 secs]2024-07-26T01:31:23.867+0800: 15.466: [PhantomReference, 0 refs, 0.0000069 secs]2024-07-26T01:31:23.867+0800: 15.466: [JNI Weak Reference, 0.0000073 secs]
Desired survivor size 10715136 bytes, new threshold 1 (max 1)
- age   1:   20971840 bytes,   20971840 total
: 187657K->20480K(188736K), 0.0063433 secs] 806213K->655420K(1027648K), 0.0063865 secs] [Times: user=0.00 sys=0.00, real=0.01 secs] 
Heap after GC invocations=610 (full 52):
 par new generation   total 188736K, used 20480K [0x00000000c0000000, 0x00000000cccc0000, 0x00000000cccc0000)
  eden space 167808K,   0% used [0x00000000c0000000, 0x00000000c0000000, 0x00000000ca3e0000)
  from space 20928K,  97% used [0x00000000ca3e0000, 0x00000000cb7e0140, 0x00000000cb850000)
  to   space 20928K,   0% used [0x00000000cb850000, 0x00000000cb850000, 0x00000000cccc0000)
 concurrent mark-sweep generation total 838912K, used 634940K [0x00000000cccc0000, 0x0000000100000000, 0x0000000100000000)
 Metaspace       used 3935K, capacity 4540K, committed 4864K, reserved 1056768K
  class space    used 425K, capacity 428K, committed 512K, reserved 1048576K
}
2024-07-26T01:31:23.867+0800: 15.466: Total time for which application threads were stopped: 0.0065164 seconds, Stopping threads took: 0.0000240 seconds
{Heap before GC invocations=610 (full 52):
 par new generation   total 188736K, used 187663K [0x00000000c0000000, 0x00000000cccc0000, 0x00000000cccc0000)
  eden space 167808K,  99% used [0x00000000c0000000, 0x00000000ca343c00, 0x00000000ca3e0000)
  from space 20928K,  97% used [0x00000000ca3e0000, 0x00000000cb7e0140, 0x00000000cb850000)
  to   space 20928K,   0% used [0x00000000cb850000, 0x00000000cb850000, 0x00000000cccc0000)
 concurrent mark-sweep generation total 838912K, used 634940K [0x00000000cccc0000, 0x0000000100000000, 0x0000000100000000)
 Metaspace       used 3935K, capacity 4540K, committed 4864K, reserved 1056768K
  class space    used 425K, capacity 428K, committed 512K, reserved 1048576K
2024-07-26T01:31:23.881+0800: 15.480: [GC (Allocation Failure) 2024-07-26T01:31:23.881+0800: 15.480: [ParNew2024-07-26T01:31:23.895+0800: 15.495: [SoftReference, 0 refs, 0.0000636 secs]2024-07-26T01:31:23.896+0800: 15.495: [WeakReference, 0 refs, 0.0000045 secs]2024-07-26T01:31:23.896+0800: 15.495: [FinalReference, 0 refs, 0.0000039 secs]2024-07-26T01:31:23.896+0800: 15.495: [PhantomReference, 0 refs, 0.0000037 secs]2024-07-26T01:31:23.896+0800: 15.495: [JNI Weak Reference, 0.0000043 secs]
Desired survivor size 10715136 bytes, new threshold 1 (max 1)
- age   1:   20971840 bytes,   20971840 total
: 187663K->20480K(188736K), 0.0147866 secs] 822603K->735293K(1027648K), 0.0148289 secs] [Times: user=0.02 sys=0.00, real=0.01 secs] 
Heap after GC invocations=611 (full 52):
 par new generation   total 188736K, used 20480K [0x00000000c0000000, 0x00000000cccc0000, 0x00000000cccc0000)
  eden space 167808K,   0% used [0x00000000c0000000, 0x00000000c0000000, 0x00000000ca3e0000)
  from space 20928K,  97% used [0x00000000cb850000, 0x00000000ccc50140, 0x00000000cccc0000)
  to   space 20928K,   0% used [0x00000000ca3e0000, 0x00000000ca3e0000, 0x00000000cb850000)
 concurrent mark-sweep generation total 838912K, used 714813K [0x00000000cccc0000, 0x0000000100000000, 0x0000000100000000)
 Metaspace       used 3935K, capacity 4540K, committed 4864K, reserved 1056768K
  class space    used 425K, capacity 428K, committed 512K, reserved 1048576K
}
2024-07-26T01:31:23.896+0800: 15.495: Total time for which application threads were stopped: 0.0149598 seconds, Stopping threads took: 0.0000259 seconds
{Heap before GC invocations=611 (full 52):
 par new generation   total 188736K, used 187666K [0x00000000c0000000, 0x00000000cccc0000, 0x00000000cccc0000)
  eden space 167808K,  99% used [0x00000000c0000000, 0x00000000ca344a60, 0x00000000ca3e0000)
  from space 20928K,  97% used [0x00000000cb850000, 0x00000000ccc50140, 0x00000000cccc0000)
  to   space 20928K,   0% used [0x00000000ca3e0000, 0x00000000ca3e0000, 0x00000000cb850000)
 concurrent mark-sweep generation total 838912K, used 714813K [0x00000000cccc0000, 0x0000000100000000, 0x0000000100000000)
 Metaspace       used 3935K, capacity 4540K, committed 4864K, reserved 1056768K
  class space    used 425K, capacity 428K, committed 512K, reserved 1048576K
2024-07-26T01:31:23.911+0800: 15.510: [GC (Allocation Failure) 2024-07-26T01:31:23.911+0800: 15.510: [ParNew2024-07-26T01:31:23.920+0800: 15.520: [SoftReference, 0 refs, 0.0000294 secs]2024-07-26T01:31:23.920+0800: 15.520: [WeakReference, 0 refs, 0.0000045 secs]2024-07-26T01:31:23.921+0800: 15.520: [FinalReference, 0 refs, 0.0000041 secs]2024-07-26T01:31:23.921+0800: 15.520: [PhantomReference, 0 refs, 0.0000038 secs]2024-07-26T01:31:23.921+0800: 15.520: [JNI Weak Reference, 0.0000042 secs]
Desired survivor size 10715136 bytes, new threshold 1 (max 1)
- age   1:   20971840 bytes,   20971840 total
: 187666K->20480K(188736K), 0.0096425 secs] 902480K->775230K(1027648K), 0.0096815 secs] [Times: user=0.02 sys=0.00, real=0.01 secs] 
Heap after GC invocations=612 (full 52):
 par new generation   total 188736K, used 20480K [0x00000000c0000000, 0x00000000cccc0000, 0x00000000cccc0000)
  eden space 167808K,   0% used [0x00000000c0000000, 0x00000000c0000000, 0x00000000ca3e0000)
  from space 20928K,  97% used [0x00000000ca3e0000, 0x00000000cb7e0140, 0x00000000cb850000)
  to   space 20928K,   0% used [0x00000000cb850000, 0x00000000cb850000, 0x00000000cccc0000)
 concurrent mark-sweep generation total 838912K, used 754750K [0x00000000cccc0000, 0x0000000100000000, 0x0000000100000000)
 Metaspace       used 3935K, capacity 4540K, committed 4864K, reserved 1056768K
  class space    used 425K, capacity 428K, committed 512K, reserved 1048576K
}
2024-07-26T01:31:23.921+0800: 15.520: Total time for which application threads were stopped: 0.0098007 seconds, Stopping threads took: 0.0000257 seconds
{Heap before GC invocations=612 (full 52):
 par new generation   total 188736K, used 187669K [0x00000000c0000000, 0x00000000cccc0000, 0x00000000cccc0000)
  eden space 167808K,  99% used [0x00000000c0000000, 0x00000000ca3453a0, 0x00000000ca3e0000)
  from space 20928K,  97% used [0x00000000ca3e0000, 0x00000000cb7e0140, 0x00000000cb850000)
  to   space 20928K,   0% used [0x00000000cb850000, 0x00000000cb850000, 0x00000000cccc0000)
 concurrent mark-sweep generation total 838912K, used 754750K [0x00000000cccc0000, 0x0000000100000000, 0x0000000100000000)
 Metaspace       used 3935K, capacity 4540K, committed 4864K, reserved 1056768K
  class space    used 425K, capacity 428K, committed 512K, reserved 1048576K
2024-07-26T01:31:23.936+0800: 15.535: [GC (Allocation Failure) 2024-07-26T01:31:23.936+0800: 15.535: [ParNew: 187669K->187669K(188736K), 0.0000183 secs]2024-07-26T01:31:23.936+0800: 15.535: [CMS2024-07-26T01:31:23.936+0800: 15.535: [CMS-concurrent-abortable-preclean: 0.004/0.135 secs] [Times: user=0.08 sys=0.00, real=0.13 secs] 
 (concurrent mode failure)2024-07-26T01:31:23.936+0800: 15.536: [SoftReference, 0 refs, 0.0000103 secs]2024-07-26T01:31:23.936+0800: 15.536: [WeakReference, 2 refs, 0.0000040 secs]2024-07-26T01:31:23.936+0800: 15.536: [FinalReference, 2 refs, 0.0000034 secs]2024-07-26T01:31:23.936+0800: 15.536: [PhantomReference, 0 refs, 0.0000033 secs]2024-07-26T01:31:23.936+0800: 15.536: [JNI Weak Reference, 0.0000039 secs]: 754750K->21536K(838912K), 0.0059361 secs] 942419K->21536K(1027648K), [Metaspace: 3935K->3935K(1056768K)], 0.0060243 secs] [Times: user=0.00 sys=0.00, real=0.01 secs] 
Heap after GC invocations=613 (full 53):
 par new generation   total 188736K, used 0K [0x00000000c0000000, 0x00000000cccc0000, 0x00000000cccc0000)
  eden space 167808K,   0% used [0x00000000c0000000, 0x00000000c0000000, 0x00000000ca3e0000)
  from space 20928K,   0% used [0x00000000ca3e0000, 0x00000000ca3e0000, 0x00000000cb850000)
  to   space 20928K,   0% used [0x00000000cb850000, 0x00000000cb850000, 0x00000000cccc0000)
 concurrent mark-sweep generation total 838912K, used 21536K [0x00000000cccc0000, 0x0000000100000000, 0x0000000100000000)
 Metaspace       used 3935K, capacity 4540K, committed 4864K, reserved 1056768K
  class space    used 425K, capacity 428K, committed 512K, reserved 1048576K
}
2024-07-26T01:31:23.942+0800: 15.541: Total time for which application threads were stopped: 0.0061596 seconds, Stopping threads took: 0.0000257 seconds
{Heap before GC invocations=613 (full 53):
 par new generation   total 188736K, used 167190K [0x00000000c0000000, 0x00000000cccc0000, 0x00000000cccc0000)
  eden space 167808K,  99% used [0x00000000c0000000, 0x00000000ca345990, 0x00000000ca3e0000)
  from space 20928K,   0% used [0x00000000ca3e0000, 0x00000000ca3e0000, 0x00000000cb850000)
  to   space 20928K,   0% used [0x00000000cb850000, 0x00000000cb850000, 0x00000000cccc0000)
 concurrent mark-sweep generation total 838912K, used 21536K [0x00000000cccc0000, 0x0000000100000000, 0x0000000100000000)
 Metaspace       used 3935K, capacity 4540K, committed 4864K, reserved 1056768K
  class space    used 425K, capacity 428K, committed 512K, reserved 1048576K
2024-07-26T01:31:23.957+0800: 15.556: [GC (Allocation Failure) 2024-07-26T01:31:23.957+0800: 15.556: [ParNew2024-07-26T01:31:23.973+0800: 15.572: [SoftReference, 0 refs, 0.0000420 secs]2024-07-26T01:31:23.973+0800: 15.572: [WeakReference, 0 refs, 0.0000052 secs]2024-07-26T01:31:23.973+0800: 15.572: [FinalReference, 0 refs, 0.0000047 secs]2024-07-26T01:31:23.973+0800: 15.572: [PhantomReference, 0 refs, 0.0000076 secs]2024-07-26T01:31:23.973+0800: 15.572: [JNI Weak Reference, 0.0000051 secs]
Desired survivor size 10715136 bytes, new threshold 1 (max 1)
- age   1:   20971840 bytes,   20971840 total
: 167190K->20480K(188736K), 0.0159004 secs] 188726K->105507K(1027648K), 0.0159421 secs] [Times: user=0.06 sys=0.00, real=0.02 secs] 
Heap after GC invocations=614 (full 53):
 par new generation   total 188736K, used 20480K [0x00000000c0000000, 0x00000000cccc0000, 0x00000000cccc0000)
  eden space 167808K,   0% used [0x00000000c0000000, 0x00000000c0000000, 0x00000000ca3e0000)
  from space 20928K,  97% used [0x00000000cb850000, 0x00000000ccc50140, 0x00000000cccc0000)
  to   space 20928K,   0% used [0x00000000ca3e0000, 0x00000000ca3e0000, 0x00000000cb850000)
 concurrent mark-sweep generation total 838912K, used 85027K [0x00000000cccc0000, 0x0000000100000000, 0x0000000100000000)
 Metaspace       used 3935K, capacity 4540K, committed 4864K, reserved 1056768K
  class space    used 425K, capacity 428K, committed 512K, reserved 1048576K
}
2024-07-26T01:31:23.973+0800: 15.572: Total time for which application threads were stopped: 0.0160724 seconds, Stopping threads took: 0.0000234 seconds
{Heap before GC invocations=614 (full 53):
 par new generation   total 188736K, used 187671K [0x00000000c0000000, 0x00000000cccc0000, 0x00000000cccc0000)
  eden space 167808K,  99% used [0x00000000c0000000, 0x00000000ca345d60, 0x00000000ca3e0000)
  from space 20928K,  97% used [0x00000000cb850000, 0x00000000ccc50140, 0x00000000cccc0000)
  to   space 20928K,   0% used [0x00000000ca3e0000, 0x00000000ca3e0000, 0x00000000cb850000)
 concurrent mark-sweep generation total 838912K, used 85027K [0x00000000cccc0000, 0x0000000100000000, 0x0000000100000000)
 Metaspace       used 3935K, capacity 4540K, committed 4864K, reserved 1056768K
  class space    used 425K, capacity 428K, committed 512K, reserved 1048576K
2024-07-26T01:31:23.988+0800: 15.588: [GC (Allocation Failure) 2024-07-26T01:31:23.988+0800: 15.588: [ParNew2024-07-26T01:31:23.996+0800: 15.595: [SoftReference, 0 refs, 0.0000380 secs]2024-07-26T01:31:23.996+0800: 15.595: [WeakReference, 0 refs, 0.0000044 secs]2024-07-26T01:31:23.996+0800: 15.595: [FinalReference, 0 refs, 0.0000039 secs]2024-07-26T01:31:23.996+0800: 15.596: [PhantomReference, 0 refs, 0.0000037 secs]2024-07-26T01:31:23.996+0800: 15.596: [JNI Weak Reference, 0.0000043 secs]
Desired survivor size 10715136 bytes, new threshold 1 (max 1)
- age   1:   20971840 bytes,   20971840 total
: 187671K->20480K(188736K), 0.0079376 secs] 272699K->129062K(1027648K), 0.0079769 secs] [Times: user=0.00 sys=0.00, real=0.01 secs] 
Heap after GC invocations=615 (full 53):
 par new generation   total 188736K, used 20480K [0x00000000c0000000, 0x00000000cccc0000, 0x00000000cccc0000)
  eden space 167808K,   0% used [0x00000000c0000000, 0x00000000c0000000, 0x00000000ca3e0000)
  from space 20928K,  97% used [0x00000000ca3e0000, 0x00000000cb7e0140, 0x00000000cb850000)
  to   space 20928K,   0% used [0x00000000cb850000, 0x00000000cb850000, 0x00000000cccc0000)
 concurrent mark-sweep generation total 838912K, used 108581K [0x00000000cccc0000, 0x0000000100000000, 0x0000000100000000)
 Metaspace       used 3935K, capacity 4540K, committed 4864K, reserved 1056768K
  class space    used 425K, capacity 428K, committed 512K, reserved 1048576K
}
2024-07-26T01:31:23.996+0800: 15.596: Total time for which application threads were stopped: 0.0080964 seconds, Stopping threads took: 0.0000225 seconds
{Heap before GC invocations=615 (full 53):
 par new generation   total 188736K, used 187672K [0x00000000c0000000, 0x00000000cccc0000, 0x00000000cccc0000)
  eden space 167808K,  99% used [0x00000000c0000000, 0x00000000ca345fd8, 0x00000000ca3e0000)
  from space 20928K,  97% used [0x00000000ca3e0000, 0x00000000cb7e0140, 0x00000000cb850000)
  to   space 20928K,   0% used [0x00000000cb850000, 0x00000000cb850000, 0x00000000cccc0000)
 concurrent mark-sweep generation total 838912K, used 108581K [0x00000000cccc0000, 0x0000000100000000, 0x0000000100000000)
 Metaspace       used 3935K, capacity 4540K, committed 4864K, reserved 1056768K
  class space    used 425K, capacity 428K, committed 512K, reserved 1048576K
2024-07-26T01:31:24.011+0800: 15.611: [GC (Allocation Failure) 2024-07-26T01:31:24.011+0800: 15.611: [ParNew2024-07-26T01:31:24.013+0800: 15.612: [SoftReference, 0 refs, 0.0000410 secs]2024-07-26T01:31:24.013+0800: 15.612: [WeakReference, 0 refs, 0.0000085 secs]2024-07-26T01:31:24.013+0800: 15.613: [FinalReference, 0 refs, 0.0000075 secs]2024-07-26T01:31:24.013+0800: 15.613: [PhantomReference, 0 refs, 0.0000076 secs]2024-07-26T01:31:24.013+0800: 15.613: [JNI Weak Reference, 0.0000077 secs]
Desired survivor size 10715136 bytes, new threshold 1 (max 1)
- age   1:    4194368 bytes,    4194368 total
: 187672K->4096K(188736K), 0.0017044 secs] 296254K->112678K(1027648K), 0.0017493 secs] [Times: user=0.02 sys=0.00, real=0.00 secs] 
Heap after GC invocations=616 (full 53):
 par new generation   total 188736K, used 4096K [0x00000000c0000000, 0x00000000cccc0000, 0x00000000cccc0000)
  eden space 167808K,   0% used [0x00000000c0000000, 0x00000000c0000000, 0x00000000ca3e0000)
  from space 20928K,  19% used [0x00000000cb850000, 0x00000000cbc50040, 0x00000000cccc0000)
  to   space 20928K,   0% used [0x00000000ca3e0000, 0x00000000ca3e0000, 0x00000000cb850000)
 concurrent mark-sweep generation total 838912K, used 108581K [0x00000000cccc0000, 0x0000000100000000, 0x0000000100000000)
 Metaspace       used 3935K, capacity 4540K, committed 4864K, reserved 1056768K
  class space    used 425K, capacity 428K, committed 512K, reserved 1048576K
}
2024-07-26T01:31:24.013+0800: 15.613: Total time for which application threads were stopped: 0.0018853 seconds, Stopping threads took: 0.0000222 seconds
{Heap before GC invocations=616 (full 53):
 par new generation   total 188736K, used 171288K [0x00000000c0000000, 0x00000000cccc0000, 0x00000000cccc0000)
  eden space 167808K,  99% used [0x00000000c0000000, 0x00000000ca346168, 0x00000000ca3e0000)
  from space 20928K,  19% used [0x00000000cb850000, 0x00000000cbc50040, 0x00000000cccc0000)
  to   space 20928K,   0% used [0x00000000ca3e0000, 0x00000000ca3e0000, 0x00000000cb850000)
 concurrent mark-sweep generation total 838912K, used 108581K [0x00000000cccc0000, 0x0000000100000000, 0x0000000100000000)
 Metaspace       used 3935K, capacity 4540K, committed 4864K, reserved 1056768K
  class space    used 425K, capacity 428K, committed 512K, reserved 1048576K
2024-07-26T01:31:24.028+0800: 15.628: [GC (Allocation Failure) 2024-07-26T01:31:24.028+0800: 15.628: [ParNew2024-07-26T01:31:24.040+0800: 15.639: [SoftReference, 0 refs, 0.0000355 secs]2024-07-26T01:31:24.040+0800: 15.639: [WeakReference, 0 refs, 0.0000045 secs]2024-07-26T01:31:24.040+0800: 15.639: [FinalReference, 0 refs, 0.0000037 secs]2024-07-26T01:31:24.040+0800: 15.639: [PhantomReference, 0 refs, 0.0000039 secs]2024-07-26T01:31:24.040+0800: 15.639: [JNI Weak Reference, 0.0000042 secs]
Desired survivor size 10715136 bytes, new threshold 1 (max 1)
- age   1:   20971840 bytes,   20971840 total
: 171288K->20480K(188736K), 0.0112038 secs] 279870K->176169K(1027648K), 0.0112443 secs] [Times: user=0.00 sys=0.00, real=0.01 secs] 
Heap after GC invocations=617 (full 53):
 par new generation   total 188736K, used 20480K [0x00000000c0000000, 0x00000000cccc0000, 0x00000000cccc0000)
  eden space 167808K,   0% used [0x00000000c0000000, 0x00000000c0000000, 0x00000000ca3e0000)
  from space 20928K,  97% used [0x00000000ca3e0000, 0x00000000cb7e0140, 0x00000000cb850000)
  to   space 20928K,   0% used [0x00000000cb850000, 0x00000000cb850000, 0x00000000cccc0000)
 concurrent mark-sweep generation total 838912K, used 155688K [0x00000000cccc0000, 0x0000000100000000, 0x0000000100000000)
 Metaspace       used 3935K, capacity 4540K, committed 4864K, reserved 1056768K
  class space    used 425K, capacity 428K, committed 512K, reserved 1048576K
}
2024-07-26T01:31:24.040+0800: 15.639: Total time for which application threads were stopped: 0.0113731 seconds, Stopping threads took: 0.0000240 seconds
{Heap before GC invocations=617 (full 53):
 par new generation   total 188736K, used 187672K [0x00000000c0000000, 0x00000000cccc0000, 0x00000000cccc0000)
  eden space 167808K,  99% used [0x00000000c0000000, 0x00000000ca346270, 0x00000000ca3e0000)
  from space 20928K,  97% used [0x00000000ca3e0000, 0x00000000cb7e0140, 0x00000000cb850000)
  to   space 20928K,   0% used [0x00000000cb850000, 0x00000000cb850000, 0x00000000cccc0000)
 concurrent mark-sweep generation total 838912K, used 155688K [0x00000000cccc0000, 0x0000000100000000, 0x0000000100000000)
 Metaspace       used 3935K, capacity 4540K, committed 4864K, reserved 1056768K
  class space    used 425K, capacity 428K, committed 512K, reserved 1048576K
2024-07-26T01:31:24.054+0800: 15.654: [GC (Allocation Failure) 2024-07-26T01:31:24.054+0800: 15.654: [ParNew2024-07-26T01:31:24.061+0800: 15.660: [SoftReference, 0 refs, 0.0000375 secs]2024-07-26T01:31:24.061+0800: 15.660: [WeakReference, 0 refs, 0.0000049 secs]2024-07-26T01:31:24.061+0800: 15.660: [FinalReference, 0 refs, 0.0000045 secs]2024-07-26T01:31:24.061+0800: 15.660: [PhantomReference, 0 refs, 0.0000050 secs]2024-07-26T01:31:24.061+0800: 15.660: [JNI Weak Reference, 0.0000044 secs]
Desired survivor size 10715136 bytes, new threshold 1 (max 1)
- age   1:   20971840 bytes,   20971840 total
: 187672K->20480K(188736K), 0.0062271 secs] 343361K->183337K(1027648K), 0.0062690 secs] [Times: user=0.01 sys=0.00, real=0.01 secs] 
Heap after GC invocations=618 (full 53):
 par new generation   total 188736K, used 20480K [0x00000000c0000000, 0x00000000cccc0000, 0x00000000cccc0000)
  eden space 167808K,   0% used [0x00000000c0000000, 0x00000000c0000000, 0x00000000ca3e0000)
  from space 20928K,  97% used [0x00000000cb850000, 0x00000000ccc50140, 0x00000000cccc0000)
  to   space 20928K,   0% used [0x00000000ca3e0000, 0x00000000ca3e0000, 0x00000000cb850000)
 concurrent mark-sweep generation total 838912K, used 162856K [0x00000000cccc0000, 0x0000000100000000, 0x0000000100000000)
 Metaspace       used 3935K, capacity 4540K, committed 4864K, reserved 1056768K
  class space    used 425K, capacity 428K, committed 512K, reserved 1048576K
}
2024-07-26T01:31:24.061+0800: 15.660: Total time for which application threads were stopped: 0.0063904 seconds, Stopping threads took: 0.0000234 seconds
{Heap before GC invocations=618 (full 53):
 par new generation   total 188736K, used 187673K [0x00000000c0000000, 0x00000000cccc0000, 0x00000000cccc0000)
  eden space 167808K,  99% used [0x00000000c0000000, 0x00000000ca346318, 0x00000000ca3e0000)
  from space 20928K,  97% used [0x00000000cb850000, 0x00000000ccc50140, 0x00000000cccc0000)
  to   space 20928K,   0% used [0x00000000ca3e0000, 0x00000000ca3e0000, 0x00000000cb850000)
 concurrent mark-sweep generation total 838912K, used 162856K [0x00000000cccc0000, 0x0000000100000000, 0x0000000100000000)
 Metaspace       used 3935K, capacity 4540K, committed 4864K, reserved 1056768K
  class space    used 425K, capacity 428K, committed 512K, reserved 1048576K
2024-07-26T01:31:24.078+0800: 15.677: [GC (Allocation Failure) 2024-07-26T01:31:24.078+0800: 15.677: [ParNew2024-07-26T01:31:24.095+0800: 15.695: [SoftReference, 0 refs, 0.0000395 secs]2024-07-26T01:31:24.095+0800: 15.695: [WeakReference, 0 refs, 0.0000042 secs]2024-07-26T01:31:24.095+0800: 15.695: [FinalReference, 0 refs, 0.0000036 secs]2024-07-26T01:31:24.095+0800: 15.695: [PhantomReference, 0 refs, 0.0000034 secs]2024-07-26T01:31:24.095+0800: 15.695: [JNI Weak Reference, 0.0000044 secs]
Desired survivor size 10715136 bytes, new threshold 1 (max 1)
- age   1:   20971840 bytes,   20971840 total
: 187673K->20480K(188736K), 0.0177005 secs] 350529K->253994K(1027648K), 0.0177409 secs] [Times: user=0.05 sys=0.00, real=0.02 secs] 
Heap after GC invocations=619 (full 53):
 par new generation   total 188736K, used 20480K [0x00000000c0000000, 0x00000000cccc0000, 0x00000000cccc0000)
  eden space 167808K,   0% used [0x00000000c0000000, 0x00000000c0000000, 0x00000000ca3e0000)
  from space 20928K,  97% used [0x00000000ca3e0000, 0x00000000cb7e0140, 0x00000000cb850000)
  to   space 20928K,   0% used [0x00000000cb850000, 0x00000000cb850000, 0x00000000cccc0000)
 concurrent mark-sweep generation total 838912K, used 233513K [0x00000000cccc0000, 0x0000000100000000, 0x0000000100000000)
 Metaspace       used 3935K, capacity 4540K, committed 4864K, reserved 1056768K
  class space    used 425K, capacity 428K, committed 512K, reserved 1048576K
}
2024-07-26T01:31:24.095+0800: 15.695: Total time for which application threads were stopped: 0.0178540 seconds, Stopping threads took: 0.0000260 seconds
{Heap before GC invocations=619 (full 53):
 par new generation   total 188736K, used 187673K [0x00000000c0000000, 0x00000000cccc0000, 0x00000000cccc0000)
  eden space 167808K,  99% used [0x00000000c0000000, 0x00000000ca346380, 0x00000000ca3e0000)
  from space 20928K,  97% used [0x00000000ca3e0000, 0x00000000cb7e0140, 0x00000000cb850000)
  to   space 20928K,   0% used [0x00000000cb850000, 0x00000000cb850000, 0x00000000cccc0000)
 concurrent mark-sweep generation total 838912K, used 233513K [0x00000000cccc0000, 0x0000000100000000, 0x0000000100000000)
 Metaspace       used 3935K, capacity 4540K, committed 4864K, reserved 1056768K
  class space    used 425K, capacity 428K, committed 512K, reserved 1048576K
2024-07-26T01:31:24.118+0800: 15.718: [GC (Allocation Failure) 2024-07-26T01:31:24.118+0800: 15.718: [ParNew2024-07-26T01:31:24.130+0800: 15.730: [SoftReference, 0 refs, 0.0000387 secs]2024-07-26T01:31:24.130+0800: 15.730: [WeakReference, 0 refs, 0.0000046 secs]2024-07-26T01:31:24.130+0800: 15.730: [FinalReference, 0 refs, 0.0000040 secs]2024-07-26T01:31:24.130+0800: 15.730: [PhantomReference, 0 refs, 0.0000037 secs]2024-07-26T01:31:24.130+0800: 15.730: [JNI Weak Reference, 0.0000046 secs]
Desired survivor size 10715136 bytes, new threshold 1 (max 1)
- age   1:   20971840 bytes,   20971840 total
: 187673K->20480K(188736K), 0.0125554 secs] 421187K->284716K(1027648K), 0.0126067 secs] [Times: user=0.05 sys=0.00, real=0.01 secs] 
Heap after GC invocations=620 (full 53):
 par new generation   total 188736K, used 20480K [0x00000000c0000000, 0x00000000cccc0000, 0x00000000cccc0000)
  eden space 167808K,   0% used [0x00000000c0000000, 0x00000000c0000000, 0x00000000ca3e0000)
  from space 20928K,  97% used [0x00000000cb850000, 0x00000000ccc50140, 0x00000000cccc0000)
  to   space 20928K,   0% used [0x00000000ca3e0000, 0x00000000ca3e0000, 0x00000000cb850000)
 concurrent mark-sweep generation total 838912K, used 264236K [0x00000000cccc0000, 0x0000000100000000, 0x0000000100000000)
 Metaspace       used 3935K, capacity 4540K, committed 4864K, reserved 1056768K
  class space    used 425K, capacity 428K, committed 512K, reserved 1048576K
}
2024-07-26T01:31:24.131+0800: 15.730: Total time for which application threads were stopped: 0.0127626 seconds, Stopping threads took: 0.0000470 seconds
{Heap before GC invocations=620 (full 53):
 par new generation   total 188736K, used 187673K [0x00000000c0000000, 0x00000000cccc0000, 0x00000000cccc0000)
  eden space 167808K,  99% used [0x00000000c0000000, 0x00000000ca3463c8, 0x00000000ca3e0000)
  from space 20928K,  97% used [0x00000000cb850000, 0x00000000ccc50140, 0x00000000cccc0000)
  to   space 20928K,   0% used [0x00000000ca3e0000, 0x00000000ca3e0000, 0x00000000cb850000)
 concurrent mark-sweep generation total 838912K, used 264236K [0x00000000cccc0000, 0x0000000100000000, 0x0000000100000000)
 Metaspace       used 3935K, capacity 4540K, committed 4864K, reserved 1056768K
  class space    used 425K, capacity 428K, committed 512K, reserved 1048576K
2024-07-26T01:31:24.150+0800: 15.750: [GC (Allocation Failure) 2024-07-26T01:31:24.150+0800: 15.750: [ParNew2024-07-26T01:31:24.154+0800: 15.754: [SoftReference, 0 refs, 0.0000408 secs]2024-07-26T01:31:24.154+0800: 15.754: [WeakReference, 0 refs, 0.0000045 secs]2024-07-26T01:31:24.154+0800: 15.754: [FinalReference, 0 refs, 0.0000040 secs]2024-07-26T01:31:24.154+0800: 15.754: [PhantomReference, 0 refs, 0.0000038 secs]2024-07-26T01:31:24.154+0800: 15.754: [JNI Weak Reference, 0.0000073 secs]
Desired survivor size 10715136 bytes, new threshold 1 (max 1)
- age   1:   11534512 bytes,   11534512 total
: 187673K->11264K(188736K), 0.0039860 secs] 451909K->275500K(1027648K), 0.0040384 secs] [Times: user=0.05 sys=0.00, real=0.00 secs] 
Heap after GC invocations=621 (full 53):
 par new generation   total 188736K, used 11264K [0x00000000c0000000, 0x00000000cccc0000, 0x00000000cccc0000)
  eden space 167808K,   0% used [0x00000000c0000000, 0x00000000c0000000, 0x00000000ca3e0000)
  from space 20928K,  53% used [0x00000000ca3e0000, 0x00000000caee00b0, 0x00000000cb850000)
  to   space 20928K,   0% used [0x00000000cb850000, 0x00000000cb850000, 0x00000000cccc0000)
 concurrent mark-sweep generation total 838912K, used 264236K [0x00000000cccc0000, 0x0000000100000000, 0x0000000100000000)
 Metaspace       used 3935K, capacity 4540K, committed 4864K, reserved 1056768K
  class space    used 425K, capacity 428K, committed 512K, reserved 1048576K
}
2024-07-26T01:31:24.154+0800: 15.754: Total time for which application threads were stopped: 0.0041966 seconds, Stopping threads took: 0.0000432 seconds
{Heap before GC invocations=621 (full 53):
 par new generation   total 188736K, used 178457K [0x00000000c0000000, 0x00000000cccc0000, 0x00000000cccc0000)
  eden space 167808K,  99% used [0x00000000c0000000, 0x00000000ca3463f0, 0x00000000ca3e0000)
  from space 20928K,  53% used [0x00000000ca3e0000, 0x00000000caee00b0, 0x00000000cb850000)
  to   space 20928K,   0% used [0x00000000cb850000, 0x00000000cb850000, 0x00000000cccc0000)
 concurrent mark-sweep generation total 838912K, used 264236K [0x00000000cccc0000, 0x0000000100000000, 0x0000000100000000)
 Metaspace       used 3935K, capacity 4540K, committed 4864K, reserved 1056768K
  class space    used 425K, capacity 428K, committed 512K, reserved 1048576K
2024-07-26T01:31:24.177+0800: 15.777: [GC (Allocation Failure) 2024-07-26T01:31:24.177+0800: 15.777: [ParNew2024-07-26T01:31:24.197+0800: 15.796: [SoftReference, 0 refs, 0.0000302 secs]2024-07-26T01:31:24.197+0800: 15.796: [WeakReference, 0 refs, 0.0000043 secs]2024-07-26T01:31:24.197+0800: 15.796: [FinalReference, 0 refs, 0.0000040 secs]2024-07-26T01:31:24.197+0800: 15.796: [PhantomReference, 0 refs, 0.0000038 secs]2024-07-26T01:31:24.197+0800: 15.796: [JNI Weak Reference, 0.0000048 secs]
Desired survivor size 10715136 bytes, new threshold 1 (max 1)
- age   1:   20971840 bytes,   20971840 total
: 178457K->20480K(188736K), 0.0197250 secs] 442693K->338991K(1027648K), 0.0197806 secs] [Times: user=0.16 sys=0.00, real=0.02 secs] 
Heap after GC invocations=622 (full 53):
 par new generation   total 188736K, used 20480K [0x00000000c0000000, 0x00000000cccc0000, 0x00000000cccc0000)
  eden space 167808K,   0% used [0x00000000c0000000, 0x00000000c0000000, 0x00000000ca3e0000)
  from space 20928K,  97% used [0x00000000cb850000, 0x00000000ccc50140, 0x00000000cccc0000)
  to   space 20928K,   0% used [0x00000000ca3e0000, 0x00000000ca3e0000, 0x00000000cb850000)
 concurrent mark-sweep generation total 838912K, used 318511K [0x00000000cccc0000, 0x0000000100000000, 0x0000000100000000)
 Metaspace       used 3935K, capacity 4540K, committed 4864K, reserved 1056768K
  class space    used 425K, capacity 428K, committed 512K, reserved 1048576K
}
2024-07-26T01:31:24.197+0800: 15.797: Total time for which application threads were stopped: 0.0199194 seconds, Stopping threads took: 0.0000388 seconds
{Heap before GC invocations=622 (full 53):
 par new generation   total 188736K, used 187673K [0x00000000c0000000, 0x00000000cccc0000, 0x00000000cccc0000)
  eden space 167808K,  99% used [0x00000000c0000000, 0x00000000ca346410, 0x00000000ca3e0000)
  from space 20928K,  97% used [0x00000000cb850000, 0x00000000ccc50140, 0x00000000cccc0000)
  to   space 20928K,   0% used [0x00000000ca3e0000, 0x00000000ca3e0000, 0x00000000cb850000)
 concurrent mark-sweep generation total 838912K, used 318511K [0x00000000cccc0000, 0x0000000100000000, 0x0000000100000000)
 Metaspace       used 3935K, capacity 4540K, committed 4864K, reserved 1056768K
  class space    used 425K, capacity 428K, committed 512K, reserved 1048576K
2024-07-26T01:31:24.215+0800: 15.814: [GC (Allocation Failure) 2024-07-26T01:31:24.215+0800: 15.814: [ParNew2024-07-26T01:31:24.222+0800: 15.822: [SoftReference, 0 refs, 0.0000362 secs]2024-07-26T01:31:24.222+0800: 15.822: [WeakReference, 0 refs, 0.0000044 secs]2024-07-26T01:31:24.222+0800: 15.822: [FinalReference, 0 refs, 0.0000038 secs]2024-07-26T01:31:24.222+0800: 15.822: [PhantomReference, 0 refs, 0.0000037 secs]2024-07-26T01:31:24.222+0800: 15.822: [JNI Weak Reference, 0.0000043 secs]
Desired survivor size 10715136 bytes, new threshold 1 (max 1)
- age   1:   20971840 bytes,   20971840 total
: 187673K->20480K(188736K), 0.0077957 secs] 506184K->353327K(1027648K), 0.0078400 secs] [Times: user=0.08 sys=0.02, real=0.01 secs] 
Heap after GC invocations=623 (full 53):
 par new generation   total 188736K, used 20480K [0x00000000c0000000, 0x00000000cccc0000, 0x00000000cccc0000)
  eden space 167808K,   0% used [0x00000000c0000000, 0x00000000c0000000, 0x00000000ca3e0000)
  from space 20928K,  97% used [0x00000000ca3e0000, 0x00000000cb7e0140, 0x00000000cb850000)
  to   space 20928K,   0% used [0x00000000cb850000, 0x00000000cb850000, 0x00000000cccc0000)
 concurrent mark-sweep generation total 838912K, used 332847K [0x00000000cccc0000, 0x0000000100000000, 0x0000000100000000)
 Metaspace       used 3935K, capacity 4540K, committed 4864K, reserved 1056768K
  class space    used 425K, capacity 428K, committed 512K, reserved 1048576K
}
2024-07-26T01:31:24.222+0800: 15.822: Total time for which application threads were stopped: 0.0079632 seconds, Stopping threads took: 0.0000265 seconds
{Heap before GC invocations=623 (full 53):
 par new generation   total 188736K, used 187673K [0x00000000c0000000, 0x00000000cccc0000, 0x00000000cccc0000)
  eden space 167808K,  99% used [0x00000000c0000000, 0x00000000ca346420, 0x00000000ca3e0000)
  from space 20928K,  97% used [0x00000000ca3e0000, 0x00000000cb7e0140, 0x00000000cb850000)
  to   space 20928K,   0% used [0x00000000cb850000, 0x00000000cb850000, 0x00000000cccc0000)
 concurrent mark-sweep generation total 838912K, used 332847K [0x00000000cccc0000, 0x0000000100000000, 0x0000000100000000)
 Metaspace       used 3935K, capacity 4540K, committed 4864K, reserved 1056768K
  class space    used 425K, capacity 428K, committed 512K, reserved 1048576K
2024-07-26T01:31:24.242+0800: 15.842: [GC (Allocation Failure) 2024-07-26T01:31:24.242+0800: 15.842: [ParNew2024-07-26T01:31:24.263+0800: 15.863: [SoftReference, 0 refs, 0.0000417 secs]2024-07-26T01:31:24.263+0800: 15.863: [WeakReference, 0 refs, 0.0000045 secs]2024-07-26T01:31:24.263+0800: 15.863: [FinalReference, 0 refs, 0.0000038 secs]2024-07-26T01:31:24.263+0800: 15.863: [PhantomReference, 0 refs, 0.0000037 secs]2024-07-26T01:31:24.263+0800: 15.863: [JNI Weak Reference, 0.0000048 secs]
Desired survivor size 10715136 bytes, new threshold 1 (max 1)
- age   1:   20971840 bytes,   20971840 total
: 187673K->20480K(188736K), 0.0217105 secs] 520520K->431155K(1027648K), 0.0217598 secs] [Times: user=0.11 sys=0.03, real=0.02 secs] 
Heap after GC invocations=624 (full 53):
 par new generation   total 188736K, used 20480K [0x00000000c0000000, 0x00000000cccc0000, 0x00000000cccc0000)
  eden space 167808K,   0% used [0x00000000c0000000, 0x00000000c0000000, 0x00000000ca3e0000)
  from space 20928K,  97% used [0x00000000cb850000, 0x00000000ccc50140, 0x00000000cccc0000)
  to   space 20928K,   0% used [0x00000000ca3e0000, 0x00000000ca3e0000, 0x00000000cb850000)
 concurrent mark-sweep generation total 838912K, used 410674K [0x00000000cccc0000, 0x0000000100000000, 0x0000000100000000)
 Metaspace       used 3935K, capacity 4540K, committed 4864K, reserved 1056768K
  class space    used 425K, capacity 428K, committed 512K, reserved 1048576K
}
2024-07-26T01:31:24.264+0800: 15.863: Total time for which application threads were stopped: 0.0218795 seconds, Stopping threads took: 0.0000257 seconds
2024-07-26T01:31:24.264+0800: 15.864: [GC (CMS Initial Mark) [1 CMS-initial-mark: 410674K(838912K)] 432179K(1027648K), 0.0002841 secs] [Times: user=0.00 sys=0.00, real=0.00 secs] 
2024-07-26T01:31:24.264+0800: 15.864: Total time for which application threads were stopped: 0.0003718 seconds, Stopping threads took: 0.0000435 seconds
2024-07-26T01:31:24.264+0800: 15.864: [CMS-concurrent-mark-start]
2024-07-26T01:31:24.266+0800: 15.866: [CMS-concurrent-mark: 0.002/0.002 secs] [Times: user=0.00 sys=0.00, real=0.00 secs] 
2024-07-26T01:31:24.266+0800: 15.866: [CMS-concurrent-preclean-start]
2024-07-26T01:31:24.266+0800: 15.866: [Preclean SoftReferences, 0.0000058 secs]2024-07-26T01:31:24.266+0800: 15.866: [Preclean WeakReferences, 0.0000038 secs]2024-07-26T01:31:24.266+0800: 15.866: [Preclean FinalReferences, 0.0000031 secs]2024-07-26T01:31:24.266+0800: 15.866: [Preclean PhantomReferences, 0.0000030 secs]2024-07-26T01:31:24.266+0800: 15.866: [CMS-concurrent-preclean: 0.001/0.001 secs] [Times: user=0.00 sys=0.00, real=0.00 secs] 
2024-07-26T01:31:24.266+0800: 15.866: [CMS-concurrent-abortable-preclean-start]
{Heap before GC invocations=624 (full 54):
 par new generation   total 188736K, used 187673K [0x00000000c0000000, 0x00000000cccc0000, 0x00000000cccc0000)
  eden space 167808K,  99% used [0x00000000c0000000, 0x00000000ca346430, 0x00000000ca3e0000)
  from space 20928K,  97% used [0x00000000cb850000, 0x00000000ccc50140, 0x00000000cccc0000)
  to   space 20928K,   0% used [0x00000000ca3e0000, 0x00000000ca3e0000, 0x00000000cb850000)
 concurrent mark-sweep generation total 838912K, used 410674K [0x00000000cccc0000, 0x0000000100000000, 0x0000000100000000)
 Metaspace       used 3935K, capacity 4540K, committed 4864K, reserved 1056768K
  class space    used 425K, capacity 428K, committed 512K, reserved 1048576K
2024-07-26T01:31:24.282+0800: 15.882: [GC (Allocation Failure) 2024-07-26T01:31:24.282+0800: 15.882: [ParNew2024-07-26T01:31:24.294+0800: 15.894: [SoftReference, 0 refs, 0.0000361 secs]2024-07-26T01:31:24.294+0800: 15.894: [WeakReference, 0 refs, 0.0000043 secs]2024-07-26T01:31:24.295+0800: 15.894: [FinalReference, 0 refs, 0.0000038 secs]2024-07-26T01:31:24.295+0800: 15.894: [PhantomReference, 0 refs, 0.0000037 secs]2024-07-26T01:31:24.295+0800: 15.894: [JNI Weak Reference, 0.0000043 secs]
Desired survivor size 10715136 bytes, new threshold 1 (max 1)
- age   1:   20971840 bytes,   20971840 total
: 187673K->20480K(188736K), 0.0116504 secs] 598348K->469043K(1027648K), 0.0116943 secs] [Times: user=0.02 sys=0.00, real=0.01 secs] 
Heap after GC invocations=625 (full 54):
 par new generation   total 188736K, used 20480K [0x00000000c0000000, 0x00000000cccc0000, 0x00000000cccc0000)
  eden space 167808K,   0% used [0x00000000c0000000, 0x00000000c0000000, 0x00000000ca3e0000)
  from space 20928K,  97% used [0x00000000ca3e0000, 0x00000000cb7e0140, 0x00000000cb850000)
  to   space 20928K,   0% used [0x00000000cb850000, 0x00000000cb850000, 0x00000000cccc0000)
 concurrent mark-sweep generation total 838912K, used 448563K [0x00000000cccc0000, 0x0000000100000000, 0x0000000100000000)
 Metaspace       used 3935K, capacity 4540K, committed 4864K, reserved 1056768K
  class space    used 425K, capacity 428K, committed 512K, reserved 1048576K
}
2024-07-26T01:31:24.295+0800: 15.894: Total time for which application threads were stopped: 0.0118219 seconds, Stopping threads took: 0.0000285 seconds
{Heap before GC invocations=625 (full 54):
 par new generation   total 188736K, used 187673K [0x00000000c0000000, 0x00000000cccc0000, 0x00000000cccc0000)
  eden space 167808K,  99% used [0x00000000c0000000, 0x00000000ca346438, 0x00000000ca3e0000)
  from space 20928K,  97% used [0x00000000ca3e0000, 0x00000000cb7e0140, 0x00000000cb850000)
  to   space 20928K,   0% used [0x00000000cb850000, 0x00000000cb850000, 0x00000000cccc0000)
 concurrent mark-sweep generation total 838912K, used 448563K [0x00000000cccc0000, 0x0000000100000000, 0x0000000100000000)
 Metaspace       used 3935K, capacity 4540K, committed 4864K, reserved 1056768K
  class space    used 425K, capacity 428K, committed 512K, reserved 1048576K
2024-07-26T01:31:24.313+0800: 15.913: [GC (Allocation Failure) 2024-07-26T01:31:24.313+0800: 15.913: [ParNew2024-07-26T01:31:24.318+0800: 15.917: [SoftReference, 0 refs, 0.0000365 secs]2024-07-26T01:31:24.318+0800: 15.917: [WeakReference, 0 refs, 0.0000041 secs]2024-07-26T01:31:24.318+0800: 15.917: [FinalReference, 0 refs, 0.0000038 secs]2024-07-26T01:31:24.318+0800: 15.917: [PhantomReference, 0 refs, 0.0000037 secs]2024-07-26T01:31:24.318+0800: 15.917: [JNI Weak Reference, 0.0000056 secs]
Desired survivor size 10715136 bytes, new threshold 1 (max 1)
- age   1:   18874656 bytes,   18874656 total
: 187673K->18432K(188736K), 0.0041765 secs] 636236K->466995K(1027648K), 0.0042323 secs] [Times: user=0.00 sys=0.00, real=0.01 secs] 
Heap after GC invocations=626 (full 54):
 par new generation   total 188736K, used 18432K [0x00000000c0000000, 0x00000000cccc0000, 0x00000000cccc0000)
  eden space 167808K,   0% used [0x00000000c0000000, 0x00000000c0000000, 0x00000000ca3e0000)
  from space 20928K,  88% used [0x00000000cb850000, 0x00000000cca50120, 0x00000000cccc0000)
  to   space 20928K,   0% used [0x00000000ca3e0000, 0x00000000ca3e0000, 0x00000000cb850000)
 concurrent mark-sweep generation total 838912K, used 448563K [0x00000000cccc0000, 0x0000000100000000, 0x0000000100000000)
 Metaspace       used 3935K, capacity 4540K, committed 4864K, reserved 1056768K
  class space    used 425K, capacity 428K, committed 512K, reserved 1048576K
}
2024-07-26T01:31:24.318+0800: 15.917: Total time for which application threads were stopped: 0.0043585 seconds, Stopping threads took: 0.0000290 seconds
{Heap before GC invocations=626 (full 54):
 par new generation   total 188736K, used 185625K [0x00000000c0000000, 0x00000000cccc0000, 0x00000000cccc0000)
  eden space 167808K,  99% used [0x00000000c0000000, 0x00000000ca346438, 0x00000000ca3e0000)
  from space 20928K,  88% used [0x00000000cb850000, 0x00000000cca50120, 0x00000000cccc0000)
  to   space 20928K,   0% used [0x00000000ca3e0000, 0x00000000ca3e0000, 0x00000000cb850000)
 concurrent mark-sweep generation total 838912K, used 448563K [0x00000000cccc0000, 0x0000000100000000, 0x0000000100000000)
 Metaspace       used 3935K, capacity 4540K, committed 4864K, reserved 1056768K
  class space    used 425K, capacity 428K, committed 512K, reserved 1048576K
2024-07-26T01:31:24.336+0800: 15.935: [GC (Allocation Failure) 2024-07-26T01:31:24.336+0800: 15.935: [ParNew2024-07-26T01:31:24.352+0800: 15.951: [SoftReference, 0 refs, 0.0000368 secs]2024-07-26T01:31:24.352+0800: 15.951: [WeakReference, 0 refs, 0.0000045 secs]2024-07-26T01:31:24.352+0800: 15.951: [FinalReference, 0 refs, 0.0000037 secs]2024-07-26T01:31:24.352+0800: 15.951: [PhantomReference, 0 refs, 0.0000038 secs]2024-07-26T01:31:24.352+0800: 15.951: [JNI Weak Reference, 0.0000046 secs]
Desired survivor size 10715136 bytes, new threshold 1 (max 1)
- age   1:   20971840 bytes,   20971840 total
: 185625K->20480K(188736K), 0.0159449 secs] 634188K->530486K(1027648K), 0.0159863 secs] [Times: user=0.11 sys=0.00, real=0.02 secs] 
Heap after GC invocations=627 (full 54):
 par new generation   total 188736K, used 20480K [0x00000000c0000000, 0x00000000cccc0000, 0x00000000cccc0000)
  eden space 167808K,   0% used [0x00000000c0000000, 0x00000000c0000000, 0x00000000ca3e0000)
  from space 20928K,  97% used [0x00000000ca3e0000, 0x00000000cb7e0140, 0x00000000cb850000)
  to   space 20928K,   0% used [0x00000000cb850000, 0x00000000cb850000, 0x00000000cccc0000)
 concurrent mark-sweep generation total 838912K, used 510006K [0x00000000cccc0000, 0x0000000100000000, 0x0000000100000000)
 Metaspace       used 3935K, capacity 4540K, committed 4864K, reserved 1056768K
  class space    used 425K, capacity 428K, committed 512K, reserved 1048576K
}
2024-07-26T01:31:24.352+0800: 15.951: Total time for which application threads were stopped: 0.0161008 seconds, Stopping threads took: 0.0000241 seconds
{Heap before GC invocations=627 (full 54):
 par new generation   total 188736K, used 187673K [0x00000000c0000000, 0x00000000cccc0000, 0x00000000cccc0000)
  eden space 167808K,  99% used [0x00000000c0000000, 0x00000000ca346440, 0x00000000ca3e0000)
  from space 20928K,  97% used [0x00000000ca3e0000, 0x00000000cb7e0140, 0x00000000cb850000)
  to   space 20928K,   0% used [0x00000000cb850000, 0x00000000cb850000, 0x00000000cccc0000)
 concurrent mark-sweep generation total 838912K, used 510006K [0x00000000cccc0000, 0x0000000100000000, 0x0000000100000000)
 Metaspace       used 3935K, capacity 4540K, committed 4864K, reserved 1056768K
  class space    used 425K, capacity 428K, committed 512K, reserved 1048576K
2024-07-26T01:31:24.368+0800: 15.967: [GC (Allocation Failure) 2024-07-26T01:31:24.368+0800: 15.967: [ParNew2024-07-26T01:31:24.375+0800: 15.974: [SoftReference, 0 refs, 0.0000349 secs]2024-07-26T01:31:24.375+0800: 15.974: [WeakReference, 0 refs, 0.0000045 secs]2024-07-26T01:31:24.375+0800: 15.974: [FinalReference, 0 refs, 0.0000038 secs]2024-07-26T01:31:24.375+0800: 15.974: [PhantomReference, 0 refs, 0.0000038 secs]2024-07-26T01:31:24.375+0800: 15.974: [JNI Weak Reference, 0.0000048 secs]
Desired survivor size 10715136 bytes, new threshold 1 (max 1)
- age   1:   20971840 bytes,   20971840 total
: 187673K->20480K(188736K), 0.0070784 secs] 697679K->551990K(1027648K), 0.0071202 secs] [Times: user=0.03 sys=0.00, real=0.01 secs] 
Heap after GC invocations=628 (full 54):
 par new generation   total 188736K, used 20480K [0x00000000c0000000, 0x00000000cccc0000, 0x00000000cccc0000)
  eden space 167808K,   0% used [0x00000000c0000000, 0x00000000c0000000, 0x00000000ca3e0000)
  from space 20928K,  97% used [0x00000000cb850000, 0x00000000ccc50140, 0x00000000cccc0000)
  to   space 20928K,   0% used [0x00000000ca3e0000, 0x00000000ca3e0000, 0x00000000cb850000)
 concurrent mark-sweep generation total 838912K, used 531510K [0x00000000cccc0000, 0x0000000100000000, 0x0000000100000000)
 Metaspace       used 3935K, capacity 4540K, committed 4864K, reserved 1056768K
  class space    used 425K, capacity 428K, committed 512K, reserved 1048576K
}
2024-07-26T01:31:24.375+0800: 15.974: Total time for which application threads were stopped: 0.0072393 seconds, Stopping threads took: 0.0000249 seconds
{Heap before GC invocations=628 (full 54):
 par new generation   total 188736K, used 187673K [0x00000000c0000000, 0x00000000cccc0000, 0x00000000cccc0000)
  eden space 167808K,  99% used [0x00000000c0000000, 0x00000000ca346440, 0x00000000ca3e0000)
  from space 20928K,  97% used [0x00000000cb850000, 0x00000000ccc50140, 0x00000000cccc0000)
  to   space 20928K,   0% used [0x00000000ca3e0000, 0x00000000ca3e0000, 0x00000000cb850000)
 concurrent mark-sweep generation total 838912K, used 531510K [0x00000000cccc0000, 0x0000000100000000, 0x0000000100000000)
 Metaspace       used 3935K, capacity 4540K, committed 4864K, reserved 1056768K
  class space    used 425K, capacity 428K, committed 512K, reserved 1048576K
2024-07-26T01:31:24.391+0800: 15.990: [GC (Allocation Failure) 2024-07-26T01:31:24.391+0800: 15.990: [ParNew2024-07-26T01:31:24.392+0800: 15.992: [SoftReference, 0 refs, 0.0000560 secs]2024-07-26T01:31:24.392+0800: 15.992: [WeakReference, 0 refs, 0.0000131 secs]2024-07-26T01:31:24.392+0800: 15.992: [FinalReference, 0 refs, 0.0000111 secs]2024-07-26T01:31:24.392+0800: 15.992: [PhantomReference, 0 refs, 0.0000108 secs]2024-07-26T01:31:24.392+0800: 15.992: [JNI Weak Reference, 0.0000100 secs]
Desired survivor size 10715136 bytes, new threshold 1 (max 1)
- age   1:    2097184 bytes,    2097184 total
: 187673K->2048K(188736K), 0.0014828 secs] 719184K->533558K(1027648K), 0.0015411 secs] [Times: user=0.00 sys=0.00, real=0.00 secs] 
Heap after GC invocations=629 (full 54):
 par new generation   total 188736K, used 2048K [0x00000000c0000000, 0x00000000cccc0000, 0x00000000cccc0000)
  eden space 167808K,   0% used [0x00000000c0000000, 0x00000000c0000000, 0x00000000ca3e0000)
  from space 20928K,   9% used [0x00000000ca3e0000, 0x00000000ca5e0020, 0x00000000cb850000)
  to   space 20928K,   0% used [0x00000000cb850000, 0x00000000cb850000, 0x00000000cccc0000)
 concurrent mark-sweep generation total 838912K, used 531510K [0x00000000cccc0000, 0x0000000100000000, 0x0000000100000000)
 Metaspace       used 3935K, capacity 4540K, committed 4864K, reserved 1056768K
  class space    used 425K, capacity 428K, committed 512K, reserved 1048576K
}
2024-07-26T01:31:24.392+0800: 15.992: Total time for which application threads were stopped: 0.0017387 seconds, Stopping threads took: 0.0000360 seconds
{Heap before GC invocations=629 (full 54):
 par new generation   total 188736K, used 169241K [0x00000000c0000000, 0x00000000cccc0000, 0x00000000cccc0000)
  eden space 167808K,  99% used [0x00000000c0000000, 0x00000000ca346440, 0x00000000ca3e0000)
  from space 20928K,   9% used [0x00000000ca3e0000, 0x00000000ca5e0020, 0x00000000cb850000)
  to   space 20928K,   0% used [0x00000000cb850000, 0x00000000cb850000, 0x00000000cccc0000)
 concurrent mark-sweep generation total 838912K, used 531510K [0x00000000cccc0000, 0x0000000100000000, 0x0000000100000000)
 Metaspace       used 3935K, capacity 4540K, committed 4864K, reserved 1056768K
  class space    used 425K, capacity 428K, committed 512K, reserved 1048576K
2024-07-26T01:31:24.408+0800: 16.007: [GC (Allocation Failure) 2024-07-26T01:31:24.408+0800: 16.007: [ParNew2024-07-26T01:31:24.419+0800: 16.018: [SoftReference, 0 refs, 0.0000336 secs]2024-07-26T01:31:24.419+0800: 16.018: [WeakReference, 0 refs, 0.0000049 secs]2024-07-26T01:31:24.419+0800: 16.018: [FinalReference, 0 refs, 0.0000043 secs]2024-07-26T01:31:24.419+0800: 16.018: [PhantomReference, 0 refs, 0.0000041 secs]2024-07-26T01:31:24.419+0800: 16.018: [JNI Weak Reference, 0.0000048 secs]
Desired survivor size 10715136 bytes, new threshold 1 (max 1)
- age   1:   20971840 bytes,   20971840 total
: 169241K->20480K(188736K), 0.0107136 secs] 700751K->597049K(1027648K), 0.0107605 secs] [Times: user=0.00 sys=0.00, real=0.01 secs] 
Heap after GC invocations=630 (full 54):
 par new generation   total 188736K, used 20480K [0x00000000c0000000, 0x00000000cccc0000, 0x00000000cccc0000)
  eden space 167808K,   0% used [0x00000000c0000000, 0x00000000c0000000, 0x00000000ca3e0000)
  from space 20928K,  97% used [0x00000000cb850000, 0x00000000ccc50140, 0x00000000cccc0000)
  to   space 20928K,   0% used [0x00000000ca3e0000, 0x00000000ca3e0000, 0x00000000cb850000)
 concurrent mark-sweep generation total 838912K, used 576569K [0x00000000cccc0000, 0x0000000100000000, 0x0000000100000000)
 Metaspace       used 3935K, capacity 4540K, committed 4864K, reserved 1056768K
  class space    used 425K, capacity 428K, committed 512K, reserved 1048576K
}
2024-07-26T01:31:24.419+0800: 16.018: Total time for which application threads were stopped: 0.0108850 seconds, Stopping threads took: 0.0000239 seconds
{Heap before GC invocations=630 (full 54):
 par new generation   total 188736K, used 187673K [0x00000000c0000000, 0x00000000cccc0000, 0x00000000cccc0000)
  eden space 167808K,  99% used [0x00000000c0000000, 0x00000000ca346440, 0x00000000ca3e0000)
  from space 20928K,  97% used [0x00000000cb850000, 0x00000000ccc50140, 0x00000000cccc0000)
  to   space 20928K,   0% used [0x00000000ca3e0000, 0x00000000ca3e0000, 0x00000000cb850000)
 concurrent mark-sweep generation total 838912K, used 576569K [0x00000000cccc0000, 0x0000000100000000, 0x0000000100000000)
 Metaspace       used 3935K, capacity 4540K, committed 4864K, reserved 1056768K
  class space    used 425K, capacity 428K, committed 512K, reserved 1048576K
2024-07-26T01:31:24.433+0800: 16.033: [GC (Allocation Failure) 2024-07-26T01:31:24.433+0800: 16.033: [ParNew2024-07-26T01:31:24.438+0800: 16.037: [SoftReference, 0 refs, 0.0000353 secs]2024-07-26T01:31:24.438+0800: 16.038: [WeakReference, 0 refs, 0.0000046 secs]2024-07-26T01:31:24.438+0800: 16.038: [FinalReference, 0 refs, 0.0000039 secs]2024-07-26T01:31:24.438+0800: 16.038: [PhantomReference, 0 refs, 0.0000039 secs]2024-07-26T01:31:24.438+0800: 16.038: [JNI Weak Reference, 0.0000045 secs]
Desired survivor size 10715136 bytes, new threshold 1 (max 1)
- age   1:   20971840 bytes,   20971840 total
: 187673K->20480K(188736K), 0.0045933 secs] 764242K->602169K(1027648K), 0.0046751 secs] [Times: user=0.01 sys=0.00, real=0.00 secs] 
Heap after GC invocations=631 (full 54):
 par new generation   total 188736K, used 20480K [0x00000000c0000000, 0x00000000cccc0000, 0x00000000cccc0000)
  eden space 167808K,   0% used [0x00000000c0000000, 0x00000000c0000000, 0x00000000ca3e0000)
  from space 20928K,  97% used [0x00000000ca3e0000, 0x00000000cb7e0140, 0x00000000cb850000)
  to   space 20928K,   0% used [0x00000000cb850000, 0x00000000cb850000, 0x00000000cccc0000)
 concurrent mark-sweep generation total 838912K, used 581689K [0x00000000cccc0000, 0x0000000100000000, 0x0000000100000000)
 Metaspace       used 3935K, capacity 4540K, committed 4864K, reserved 1056768K
  class space    used 425K, capacity 428K, committed 512K, reserved 1048576K
}
2024-07-26T01:31:24.438+0800: 16.038: Total time for which application threads were stopped: 0.0048067 seconds, Stopping threads took: 0.0000247 seconds
{Heap before GC invocations=631 (full 54):
 par new generation   total 188736K, used 187673K [0x00000000c0000000, 0x00000000cccc0000, 0x00000000cccc0000)
  eden space 167808K,  99% used [0x00000000c0000000, 0x00000000ca346440, 0x00000000ca3e0000)
  from space 20928K,  97% used [0x00000000ca3e0000, 0x00000000cb7e0140, 0x00000000cb850000)
  to   space 20928K,   0% used [0x00000000cb850000, 0x00000000cb850000, 0x00000000cccc0000)
 concurrent mark-sweep generation total 838912K, used 581689K [0x00000000cccc0000, 0x0000000100000000, 0x0000000100000000)
 Metaspace       used 3935K, capacity 4540K, committed 4864K, reserved 1056768K
  class space    used 425K, capacity 428K, committed 512K, reserved 1048576K
2024-07-26T01:31:24.452+0800: 16.052: [GC (Allocation Failure) 2024-07-26T01:31:24.452+0800: 16.052: [ParNew2024-07-26T01:31:24.467+0800: 16.066: [SoftReference, 0 refs, 0.0000366 secs]2024-07-26T01:31:24.467+0800: 16.066: [WeakReference, 0 refs, 0.0000046 secs]2024-07-26T01:31:24.467+0800: 16.066: [FinalReference, 0 refs, 0.0000042 secs]2024-07-26T01:31:24.467+0800: 16.066: [PhantomReference, 0 refs, 0.0000041 secs]2024-07-26T01:31:24.467+0800: 16.066: [JNI Weak Reference, 0.0000046 secs]
Desired survivor size 10715136 bytes, new threshold 1 (max 1)
- age   1:   20971840 bytes,   20971840 total
: 187673K->20480K(188736K), 0.0140027 secs] 769362K->670778K(1027648K), 0.0140421 secs] [Times: user=0.03 sys=0.00, real=0.02 secs] 
Heap after GC invocations=632 (full 54):
 par new generation   total 188736K, used 20480K [0x00000000c0000000, 0x00000000cccc0000, 0x00000000cccc0000)
  eden space 167808K,   0% used [0x00000000c0000000, 0x00000000c0000000, 0x00000000ca3e0000)
  from space 20928K,  97% used [0x00000000cb850000, 0x00000000ccc50140, 0x00000000cccc0000)
  to   space 20928K,   0% used [0x00000000ca3e0000, 0x00000000ca3e0000, 0x00000000cb850000)
 concurrent mark-sweep generation total 838912K, used 650298K [0x00000000cccc0000, 0x0000000100000000, 0x0000000100000000)
 Metaspace       used 3935K, capacity 4540K, committed 4864K, reserved 1056768K
  class space    used 425K, capacity 428K, committed 512K, reserved 1048576K
}
2024-07-26T01:31:24.467+0800: 16.066: Total time for which application threads were stopped: 0.0141628 seconds, Stopping threads took: 0.0000254 seconds
{Heap before GC invocations=632 (full 54):
 par new generation   total 188736K, used 187673K [0x00000000c0000000, 0x00000000cccc0000, 0x00000000cccc0000)
  eden space 167808K,  99% used [0x00000000c0000000, 0x00000000ca346440, 0x00000000ca3e0000)
  from space 20928K,  97% used [0x00000000cb850000, 0x00000000ccc50140, 0x00000000cccc0000)
  to   space 20928K,   0% used [0x00000000ca3e0000, 0x00000000ca3e0000, 0x00000000cb850000)
 concurrent mark-sweep generation total 838912K, used 650298K [0x00000000cccc0000, 0x0000000100000000, 0x0000000100000000)
 Metaspace       used 3935K, capacity 4540K, committed 4864K, reserved 1056768K
  class space    used 425K, capacity 428K, committed 512K, reserved 1048576K
2024-07-26T01:31:24.482+0800: 16.081: [GC (Allocation Failure) 2024-07-26T01:31:24.482+0800: 16.081: [ParNew2024-07-26T01:31:24.490+0800: 16.089: [SoftReference, 0 refs, 0.0000346 secs]2024-07-26T01:31:24.490+0800: 16.089: [WeakReference, 0 refs, 0.0000043 secs]2024-07-26T01:31:24.490+0800: 16.089: [FinalReference, 0 refs, 0.0000037 secs]2024-07-26T01:31:24.490+0800: 16.089: [PhantomReference, 0 refs, 0.0000036 secs]2024-07-26T01:31:24.490+0800: 16.089: [JNI Weak Reference, 0.0000040 secs]
Desired survivor size 10715136 bytes, new threshold 1 (max 1)
- age   1:   20971840 bytes,   20971840 total
: 187673K->20480K(188736K), 0.0080117 secs] 837971K->699453K(1027648K), 0.0080536 secs] [Times: user=0.00 sys=0.00, real=0.01 secs] 
Heap after GC invocations=633 (full 54):
 par new generation   total 188736K, used 20480K [0x00000000c0000000, 0x00000000cccc0000, 0x00000000cccc0000)
  eden space 167808K,   0% used [0x00000000c0000000, 0x00000000c0000000, 0x00000000ca3e0000)
  from space 20928K,  97% used [0x00000000ca3e0000, 0x00000000cb7e0140, 0x00000000cb850000)
  to   space 20928K,   0% used [0x00000000cb850000, 0x00000000cb850000, 0x00000000cccc0000)
 concurrent mark-sweep generation total 838912K, used 678972K [0x00000000cccc0000, 0x0000000100000000, 0x0000000100000000)
 Metaspace       used 3935K, capacity 4540K, committed 4864K, reserved 1056768K
  class space    used 425K, capacity 428K, committed 512K, reserved 1048576K
}
2024-07-26T01:31:24.490+0800: 16.089: Total time for which application threads were stopped: 0.0081683 seconds, Stopping threads took: 0.0000228 seconds
{Heap before GC invocations=633 (full 54):
 par new generation   total 188736K, used 187673K [0x00000000c0000000, 0x00000000cccc0000, 0x00000000cccc0000)
  eden space 167808K,  99% used [0x00000000c0000000, 0x00000000ca346440, 0x00000000ca3e0000)
  from space 20928K,  97% used [0x00000000ca3e0000, 0x00000000cb7e0140, 0x00000000cb850000)
  to   space 20928K,   0% used [0x00000000cb850000, 0x00000000cb850000, 0x00000000cccc0000)
 concurrent mark-sweep generation total 838912K, used 678972K [0x00000000cccc0000, 0x0000000100000000, 0x0000000100000000)
 Metaspace       used 3935K, capacity 4540K, committed 4864K, reserved 1056768K
  class space    used 425K, capacity 428K, committed 512K, reserved 1048576K
2024-07-26T01:31:24.505+0800: 16.104: [GC (Allocation Failure) 2024-07-26T01:31:24.505+0800: 16.105: [ParNew2024-07-26T01:31:24.508+0800: 16.107: [SoftReference, 0 refs, 0.0000232 secs]2024-07-26T01:31:24.508+0800: 16.107: [WeakReference, 0 refs, 0.0000057 secs]2024-07-26T01:31:24.508+0800: 16.107: [FinalReference, 0 refs, 0.0000052 secs]2024-07-26T01:31:24.508+0800: 16.107: [PhantomReference, 0 refs, 0.0000049 secs]2024-07-26T01:31:24.508+0800: 16.107: [JNI Weak Reference, 0.0000051 secs]
Desired survivor size 10715136 bytes, new threshold 1 (max 1)
- age   1:    9437328 bytes,    9437328 total
: 187673K->9216K(188736K), 0.0023215 secs] 866646K->688189K(1027648K), 0.0023613 secs] [Times: user=0.00 sys=0.00, real=0.00 secs] 
Heap after GC invocations=634 (full 54):
 par new generation   total 188736K, used 9216K [0x00000000c0000000, 0x00000000cccc0000, 0x00000000cccc0000)
  eden space 167808K,   0% used [0x00000000c0000000, 0x00000000c0000000, 0x00000000ca3e0000)
  from space 20928K,  44% used [0x00000000cb850000, 0x00000000cc150090, 0x00000000cccc0000)
  to   space 20928K,   0% used [0x00000000ca3e0000, 0x00000000ca3e0000, 0x00000000cb850000)
 concurrent mark-sweep generation total 838912K, used 678972K [0x00000000cccc0000, 0x0000000100000000, 0x0000000100000000)
 Metaspace       used 3935K, capacity 4540K, committed 4864K, reserved 1056768K
  class space    used 425K, capacity 428K, committed 512K, reserved 1048576K
}
2024-07-26T01:31:24.508+0800: 16.107: Total time for which application threads were stopped: 0.0024811 seconds, Stopping threads took: 0.0000220 seconds
{Heap before GC invocations=634 (full 54):
 par new generation   total 188736K, used 176409K [0x00000000c0000000, 0x00000000cccc0000, 0x00000000cccc0000)
  eden space 167808K,  99% used [0x00000000c0000000, 0x00000000ca346440, 0x00000000ca3e0000)
  from space 20928K,  44% used [0x00000000cb850000, 0x00000000cc150090, 0x00000000cccc0000)
  to   space 20928K,   0% used [0x00000000ca3e0000, 0x00000000ca3e0000, 0x00000000cb850000)
 concurrent mark-sweep generation total 838912K, used 678972K [0x00000000cccc0000, 0x0000000100000000, 0x0000000100000000)
 Metaspace       used 3935K, capacity 4540K, committed 4864K, reserved 1056768K
  class space    used 425K, capacity 428K, committed 512K, reserved 1048576K
2024-07-26T01:31:24.523+0800: 16.122: [GC (Allocation Failure) 2024-07-26T01:31:24.523+0800: 16.122: [ParNew2024-07-26T01:31:24.535+0800: 16.134: [SoftReference, 0 refs, 0.0000312 secs]2024-07-26T01:31:24.535+0800: 16.134: [WeakReference, 0 refs, 0.0000043 secs]2024-07-26T01:31:24.535+0800: 16.134: [FinalReference, 0 refs, 0.0000039 secs]2024-07-26T01:31:24.535+0800: 16.134: [PhantomReference, 0 refs, 0.0000037 secs]2024-07-26T01:31:24.535+0800: 16.134: [JNI Weak Reference, 0.0000044 secs]
Desired survivor size 10715136 bytes, new threshold 1 (max 1)
- age   1:   20971840 bytes,   20971840 total
: 176409K->20480K(188736K), 0.0121317 secs] 855382K->751678K(1027648K), 0.0121698 secs] [Times: user=0.00 sys=0.00, real=0.01 secs] 
Heap after GC invocations=635 (full 54):
 par new generation   total 188736K, used 20480K [0x00000000c0000000, 0x00000000cccc0000, 0x00000000cccc0000)
  eden space 167808K,   0% used [0x00000000c0000000, 0x00000000c0000000, 0x00000000ca3e0000)
  from space 20928K,  97% used [0x00000000ca3e0000, 0x00000000cb7e0140, 0x00000000cb850000)
  to   space 20928K,   0% used [0x00000000cb850000, 0x00000000cb850000, 0x00000000cccc0000)
 concurrent mark-sweep generation total 838912K, used 731197K [0x00000000cccc0000, 0x0000000100000000, 0x0000000100000000)
 Metaspace       used 3935K, capacity 4540K, committed 4864K, reserved 1056768K
  class space    used 425K, capacity 428K, committed 512K, reserved 1048576K
}
2024-07-26T01:31:24.535+0800: 16.134: Total time for which application threads were stopped: 0.0122827 seconds, Stopping threads took: 0.0000250 seconds
{Heap before GC invocations=635 (full 54):
 par new generation   total 188736K, used 187673K [0x00000000c0000000, 0x00000000cccc0000, 0x00000000cccc0000)
  eden space 167808K,  99% used [0x00000000c0000000, 0x00000000ca346440, 0x00000000ca3e0000)
  from space 20928K,  97% used [0x00000000ca3e0000, 0x00000000cb7e0140, 0x00000000cb850000)
  to   space 20928K,   0% used [0x00000000cb850000, 0x00000000cb850000, 0x00000000cccc0000)
 concurrent mark-sweep generation total 838912K, used 731197K [0x00000000cccc0000, 0x0000000100000000, 0x0000000100000000)
 Metaspace       used 3935K, capacity 4540K, committed 4864K, reserved 1056768K
  class space    used 425K, capacity 428K, committed 512K, reserved 1048576K
2024-07-26T01:31:24.551+0800: 16.150: [GC (Allocation Failure) 2024-07-26T01:31:24.551+0800: 16.150: [ParNew2024-07-26T01:31:24.556+0800: 16.155: [SoftReference, 0 refs, 0.0000297 secs]2024-07-26T01:31:24.556+0800: 16.155: [WeakReference, 0 refs, 0.0000045 secs]2024-07-26T01:31:24.556+0800: 16.155: [FinalReference, 0 refs, 0.0000040 secs]2024-07-26T01:31:24.556+0800: 16.155: [PhantomReference, 0 refs, 0.0000037 secs]2024-07-26T01:31:24.556+0800: 16.155: [JNI Weak Reference, 0.0000046 secs]
Desired survivor size 10715136 bytes, new threshold 1 (max 1)
- age   1:   20971840 bytes,   20971840 total
: 187673K->20480K(188736K), 0.0056913 secs] 918871K->763966K(1027648K), 0.0057406 secs] [Times: user=0.00 sys=0.00, real=0.00 secs] 
Heap after GC invocations=636 (full 54):
 par new generation   total 188736K, used 20480K [0x00000000c0000000, 0x00000000cccc0000, 0x00000000cccc0000)
  eden space 167808K,   0% used [0x00000000c0000000, 0x00000000c0000000, 0x00000000ca3e0000)
  from space 20928K,  97% used [0x00000000cb850000, 0x00000000ccc50140, 0x00000000cccc0000)
  to   space 20928K,   0% used [0x00000000ca3e0000, 0x00000000ca3e0000, 0x00000000cb850000)
 concurrent mark-sweep generation total 838912K, used 743485K [0x00000000cccc0000, 0x0000000100000000, 0x0000000100000000)
 Metaspace       used 3935K, capacity 4540K, committed 4864K, reserved 1056768K
  class space    used 425K, capacity 428K, committed 512K, reserved 1048576K
}
2024-07-26T01:31:24.556+0800: 16.156: Total time for which application threads were stopped: 0.0059407 seconds, Stopping threads took: 0.0000916 seconds
{Heap before GC invocations=636 (full 54):
 par new generation   total 188736K, used 187673K [0x00000000c0000000, 0x00000000cccc0000, 0x00000000cccc0000)
  eden space 167808K,  99% used [0x00000000c0000000, 0x00000000ca346440, 0x00000000ca3e0000)
  from space 20928K,  97% used [0x00000000cb850000, 0x00000000ccc50140, 0x00000000cccc0000)
  to   space 20928K,   0% used [0x00000000ca3e0000, 0x00000000ca3e0000, 0x00000000cb850000)
 concurrent mark-sweep generation total 838912K, used 743485K [0x00000000cccc0000, 0x0000000100000000, 0x0000000100000000)
 Metaspace       used 3935K, capacity 4540K, committed 4864K, reserved 1056768K
  class space    used 425K, capacity 428K, committed 512K, reserved 1048576K
2024-07-26T01:31:24.572+0800: 16.171: [GC (Allocation Failure) 2024-07-26T01:31:24.572+0800: 16.171: [ParNew2024-07-26T01:31:24.587+0800: 16.186: [SoftReference, 0 refs, 0.0000329 secs]2024-07-26T01:31:24.587+0800: 16.186: [WeakReference, 0 refs, 0.0000044 secs]2024-07-26T01:31:24.587+0800: 16.186: [FinalReference, 0 refs, 0.0000041 secs]2024-07-26T01:31:24.587+0800: 16.186: [PhantomReference, 0 refs, 0.0000039 secs]2024-07-26T01:31:24.587+0800: 16.186: [JNI Weak Reference, 0.0000045 secs]
Desired survivor size 10715136 bytes, new threshold 1 (max 1)
- age   1:   20971840 bytes,   20971840 total
: 187673K->20480K(188736K), 0.0155725 secs] 931159K->839743K(1027648K), 0.0156133 secs] [Times: user=0.05 sys=0.00, real=0.01 secs] 
Heap after GC invocations=637 (full 54):
 par new generation   total 188736K, used 20480K [0x00000000c0000000, 0x00000000cccc0000, 0x00000000cccc0000)
  eden space 167808K,   0% used [0x00000000c0000000, 0x00000000c0000000, 0x00000000ca3e0000)
  from space 20928K,  97% used [0x00000000ca3e0000, 0x00000000cb7e0140, 0x00000000cb850000)
  to   space 20928K,   0% used [0x00000000cb850000, 0x00000000cb850000, 0x00000000cccc0000)
 concurrent mark-sweep generation total 838912K, used 819263K [0x00000000cccc0000, 0x0000000100000000, 0x0000000100000000)
 Metaspace       used 3935K, capacity 4540K, committed 4864K, reserved 1056768K
  class space    used 425K, capacity 428K, committed 512K, reserved 1048576K
}
2024-07-26T01:31:24.587+0800: 16.187: Total time for which application threads were stopped: 0.0157272 seconds, Stopping threads took: 0.0000220 seconds
2024-07-26T01:31:24.587+0800: 16.187: [CMS-concurrent-abortable-preclean: 0.008/0.320 secs] [Times: user=0.30 sys=0.00, real=0.32 secs] 
2024-07-26T01:31:24.587+0800: 16.187: [GC (CMS Final Remark) [YG occupancy: 24854 K (188736 K)]{Heap before GC invocations=637 (full 54):
 par new generation   total 188736K, used 24854K [0x00000000c0000000, 0x00000000cccc0000, 0x00000000cccc0000)
  eden space 167808K,   2% used [0x00000000c0000000, 0x00000000c0445a50, 0x00000000ca3e0000)
  from space 20928K,  97% used [0x00000000ca3e0000, 0x00000000cb7e0140, 0x00000000cb850000)
  to   space 20928K,   0% used [0x00000000cb850000, 0x00000000cb850000, 0x00000000cccc0000)
 concurrent mark-sweep generation total 838912K, used 819263K [0x00000000cccc0000, 0x0000000100000000, 0x0000000100000000)
 Metaspace       used 3935K, capacity 4540K, committed 4864K, reserved 1056768K
  class space    used 425K, capacity 428K, committed 512K, reserved 1048576K
2024-07-26T01:31:24.587+0800: 16.187: [GC (CMS Final Remark) 2024-07-26T01:31:24.587+0800: 16.187: [ParNew: 24854K->24854K(188736K), 0.0000086 secs] 844118K->844118K(1027648K), 0.0000214 secs] [Times: user=0.00 sys=0.00, real=0.00 secs] 
Heap after GC invocations=638 (full 54):
 par new generation   total 188736K, used 24854K [0x00000000c0000000, 0x00000000cccc0000, 0x00000000cccc0000)
  eden space 167808K,   2% used [0x00000000c0000000, 0x00000000c0445a50, 0x00000000ca3e0000)
  from space 20928K,  97% used [0x00000000ca3e0000, 0x00000000cb7e0140, 0x00000000cb850000)
  to   space 20928K,   0% used [0x00000000cb850000, 0x00000000cb850000, 0x00000000cccc0000)
 concurrent mark-sweep generation total 838912K, used 819263K [0x00000000cccc0000, 0x0000000100000000, 0x0000000100000000)
 Metaspace       used 3935K, capacity 4540K, committed 4864K, reserved 1056768K
  class space    used 425K, capacity 428K, committed 512K, reserved 1048576K
}
2024-07-26T01:31:24.587+0800: 16.187: [Rescan (parallel) , 0.0007508 secs]2024-07-26T01:31:24.588+0800: 16.188: [weak refs processing2024-07-26T01:31:24.588+0800: 16.188: [SoftReference, 0 refs, 0.0000050 secs]2024-07-26T01:31:24.588+0800: 16.188: [WeakReference, 0 refs, 0.0000036 secs]2024-07-26T01:31:24.588+0800: 16.188: [FinalReference, 0 refs, 0.0000034 secs]2024-07-26T01:31:24.588+0800: 16.188: [PhantomReference, 0 refs, 0.0000033 secs]2024-07-26T01:31:24.588+0800: 16.188: [JNI Weak Reference, 0.0000034 secs], 0.0000357 secs]2024-07-26T01:31:24.588+0800: 16.188: [class unloading, 0.0002097 secs]2024-07-26T01:31:24.588+0800: 16.188: [scrub symbol table, 0.0003111 secs]2024-07-26T01:31:24.589+0800: 16.188: [scrub string table, 0.0000834 secs][1 CMS-remark: 819263K(838912K)] 844118K(1027648K), 0.0014985 secs] [Times: user=0.00 sys=0.00, real=0.00 secs] 
2024-07-26T01:31:24.589+0800: 16.188: Total time for which application threads were stopped: 0.0016338 seconds, Stopping threads took: 0.0001048 seconds
2024-07-26T01:31:24.589+0800: 16.188: [CMS-concurrent-sweep-start]
2024-07-26T01:31:24.589+0800: 16.189: [CMS-concurrent-sweep: 0.000/0.000 secs] [Times: user=0.00 sys=0.00, real=0.00 secs] 
2024-07-26T01:31:24.589+0800: 16.189: [CMS-concurrent-reset-start]
2024-07-26T01:31:24.591+0800: 16.190: [CMS-concurrent-reset: 0.001/0.001 secs] [Times: user=0.02 sys=0.00, real=0.00 secs] 
{Heap before GC invocations=638 (full 54):
 par new generation   total 188736K, used 187951K [0x00000000c0000000, 0x00000000cccc0000, 0x00000000cccc0000)
  eden space 167808K,  99% used [0x00000000c0000000, 0x00000000ca38be50, 0x00000000ca3e0000)
  from space 20928K,  97% used [0x00000000ca3e0000, 0x00000000cb7e0140, 0x00000000cb850000)
  to   space 20928K,   0% used [0x00000000cb850000, 0x00000000cb850000, 0x00000000cccc0000)
 concurrent mark-sweep generation total 838912K, used 487482K [0x00000000cccc0000, 0x0000000100000000, 0x0000000100000000)
 Metaspace       used 3935K, capacity 4540K, committed 4864K, reserved 1056768K
  class space    used 425K, capacity 428K, committed 512K, reserved 1048576K
2024-07-26T01:31:24.606+0800: 16.205: [GC (Allocation Failure) 2024-07-26T01:31:24.606+0800: 16.205: [ParNew2024-07-26T01:31:24.615+0800: 16.214: [SoftReference, 0 refs, 0.0000323 secs]2024-07-26T01:31:24.615+0800: 16.214: [WeakReference, 0 refs, 0.0000044 secs]2024-07-26T01:31:24.615+0800: 16.214: [FinalReference, 0 refs, 0.0000039 secs]2024-07-26T01:31:24.615+0800: 16.214: [PhantomReference, 0 refs, 0.0000037 secs]2024-07-26T01:31:24.615+0800: 16.214: [JNI Weak Reference, 0.0000042 secs]
Desired survivor size 10715136 bytes, new threshold 1 (max 1)
- age   1:   20971840 bytes,   20971840 total
: 187951K->20480K(188736K), 0.0091964 secs] 675433K->542778K(1027648K), 0.0092370 secs] [Times: user=0.02 sys=0.00, real=0.01 secs] 
Heap after GC invocations=639 (full 54):
 par new generation   total 188736K, used 20480K [0x00000000c0000000, 0x00000000cccc0000, 0x00000000cccc0000)
  eden space 167808K,   0% used [0x00000000c0000000, 0x00000000c0000000, 0x00000000ca3e0000)
  from space 20928K,  97% used [0x00000000cb850000, 0x00000000ccc50140, 0x00000000cccc0000)
  to   space 20928K,   0% used [0x00000000ca3e0000, 0x00000000ca3e0000, 0x00000000cb850000)
 concurrent mark-sweep generation total 838912K, used 522298K [0x00000000cccc0000, 0x0000000100000000, 0x0000000100000000)
 Metaspace       used 3935K, capacity 4540K, committed 4864K, reserved 1056768K
  class space    used 425K, capacity 428K, committed 512K, reserved 1048576K
}
2024-07-26T01:31:24.615+0800: 16.215: Total time for which application threads were stopped: 0.0094099 seconds, Stopping threads took: 0.0000290 seconds
2024-07-26T01:31:24.615+0800: 16.215: [GC (CMS Initial Mark) [1 CMS-initial-mark: 522298K(838912K)] 543802K(1027648K), 0.0001297 secs] [Times: user=0.00 sys=0.00, real=0.00 secs] 
2024-07-26T01:31:24.615+0800: 16.215: Total time for which application threads were stopped: 0.0002085 seconds, Stopping threads took: 0.0000347 seconds
2024-07-26T01:31:24.615+0800: 16.215: [CMS-concurrent-mark-start]
2024-07-26T01:31:24.618+0800: 16.217: [CMS-concurrent-mark: 0.002/0.002 secs] [Times: user=0.00 sys=0.00, real=0.00 secs] 
2024-07-26T01:31:24.618+0800: 16.217: [CMS-concurrent-preclean-start]
2024-07-26T01:31:24.618+0800: 16.217: [Preclean SoftReferences, 0.0000065 secs]2024-07-26T01:31:24.618+0800: 16.217: [Preclean WeakReferences, 0.0000039 secs]2024-07-26T01:31:24.618+0800: 16.217: [Preclean FinalReferences, 0.0000030 secs]2024-07-26T01:31:24.618+0800: 16.217: [Preclean PhantomReferences, 0.0000032 secs]2024-07-26T01:31:24.619+0800: 16.218: [CMS-concurrent-preclean: 0.001/0.001 secs] [Times: user=0.00 sys=0.00, real=0.00 secs] 
2024-07-26T01:31:24.619+0800: 16.218: [CMS-concurrent-abortable-preclean-start]
{Heap before GC invocations=639 (full 55):
 par new generation   total 188736K, used 187635K [0x00000000c0000000, 0x00000000cccc0000, 0x00000000cccc0000)
  eden space 167808K,  99% used [0x00000000c0000000, 0x00000000ca33ccd0, 0x00000000ca3e0000)
  from space 20928K,  97% used [0x00000000cb850000, 0x00000000ccc50140, 0x00000000cccc0000)
  to   space 20928K,   0% used [0x00000000ca3e0000, 0x00000000ca3e0000, 0x00000000cb850000)
 concurrent mark-sweep generation total 838912K, used 522298K [0x00000000cccc0000, 0x0000000100000000, 0x0000000100000000)
 Metaspace       used 3935K, capacity 4540K, committed 4864K, reserved 1056768K
  class space    used 425K, capacity 428K, committed 512K, reserved 1048576K
2024-07-26T01:31:24.632+0800: 16.232: [GC (Allocation Failure) 2024-07-26T01:31:24.632+0800: 16.232: [ParNew2024-07-26T01:31:24.635+0800: 16.235: [SoftReference, 0 refs, 0.0000457 secs]2024-07-26T01:31:24.635+0800: 16.235: [WeakReference, 0 refs, 0.0000075 secs]2024-07-26T01:31:24.635+0800: 16.235: [FinalReference, 0 refs, 0.0000070 secs]2024-07-26T01:31:24.635+0800: 16.235: [PhantomReference, 0 refs, 0.0000066 secs]2024-07-26T01:31:24.635+0800: 16.235: [JNI Weak Reference, 0.0000069 secs]
Desired survivor size 10715136 bytes, new threshold 1 (max 1)
- age   1:   15728880 bytes,   15728880 total
: 187635K->15360K(188736K), 0.0030158 secs] 709934K->537658K(1027648K), 0.0030589 secs] [Times: user=0.00 sys=0.00, real=0.00 secs] 
Heap after GC invocations=640 (full 55):
 par new generation   total 188736K, used 15360K [0x00000000c0000000, 0x00000000cccc0000, 0x00000000cccc0000)
  eden space 167808K,   0% used [0x00000000c0000000, 0x00000000c0000000, 0x00000000ca3e0000)
  from space 20928K,  73% used [0x00000000ca3e0000, 0x00000000cb2e00f0, 0x00000000cb850000)
  to   space 20928K,   0% used [0x00000000cb850000, 0x00000000cb850000, 0x00000000cccc0000)
 concurrent mark-sweep generation total 838912K, used 522298K [0x00000000cccc0000, 0x0000000100000000, 0x0000000100000000)
 Metaspace       used 3935K, capacity 4540K, committed 4864K, reserved 1056768K
  class space    used 425K, capacity 428K, committed 512K, reserved 1048576K
}
2024-07-26T01:31:24.635+0800: 16.235: Total time for which application threads were stopped: 0.0031963 seconds, Stopping threads took: 0.0000272 seconds
{Heap before GC invocations=640 (full 55):
 par new generation   total 188736K, used 182528K [0x00000000c0000000, 0x00000000cccc0000, 0x00000000cccc0000)
  eden space 167808K,  99% used [0x00000000c0000000, 0x00000000ca3402e0, 0x00000000ca3e0000)
  from space 20928K,  73% used [0x00000000ca3e0000, 0x00000000cb2e00f0, 0x00000000cb850000)
  to   space 20928K,   0% used [0x00000000cb850000, 0x00000000cb850000, 0x00000000cccc0000)
 concurrent mark-sweep generation total 838912K, used 522298K [0x00000000cccc0000, 0x0000000100000000, 0x0000000100000000)
 Metaspace       used 3935K, capacity 4540K, committed 4864K, reserved 1056768K
  class space    used 425K, capacity 428K, committed 512K, reserved 1048576K
2024-07-26T01:31:24.652+0800: 16.251: [GC (Allocation Failure) 2024-07-26T01:31:24.652+0800: 16.251: [ParNew2024-07-26T01:31:24.664+0800: 16.264: [SoftReference, 0 refs, 0.0000690 secs]2024-07-26T01:31:24.664+0800: 16.264: [WeakReference, 0 refs, 0.0000063 secs]2024-07-26T01:31:24.664+0800: 16.264: [FinalReference, 0 refs, 0.0000041 secs]2024-07-26T01:31:24.664+0800: 16.264: [PhantomReference, 0 refs, 0.0000039 secs]2024-07-26T01:31:24.664+0800: 16.264: [JNI Weak Reference, 0.0000046 secs]
Desired survivor size 10715136 bytes, new threshold 1 (max 1)
- age   1:   20971840 bytes,   20971840 total
: 182528K->20480K(188736K), 0.0127446 secs] 704827K->601147K(1027648K), 0.0127867 secs] [Times: user=0.05 sys=0.00, real=0.01 secs] 
Heap after GC invocations=641 (full 55):
 par new generation   total 188736K, used 20480K [0x00000000c0000000, 0x00000000cccc0000, 0x00000000cccc0000)
  eden space 167808K,   0% used [0x00000000c0000000, 0x00000000c0000000, 0x00000000ca3e0000)
  from space 20928K,  97% used [0x00000000cb850000, 0x00000000ccc50140, 0x00000000cccc0000)
  to   space 20928K,   0% used [0x00000000ca3e0000, 0x00000000ca3e0000, 0x00000000cb850000)
 concurrent mark-sweep generation total 838912K, used 580667K [0x00000000cccc0000, 0x0000000100000000, 0x0000000100000000)
 Metaspace       used 3935K, capacity 4540K, committed 4864K, reserved 1056768K
  class space    used 425K, capacity 428K, committed 512K, reserved 1048576K
}
2024-07-26T01:31:24.665+0800: 16.264: Total time for which application threads were stopped: 0.0129049 seconds, Stopping threads took: 0.0000216 seconds
{Heap before GC invocations=641 (full 55):
 par new generation   total 188736K, used 187657K [0x00000000c0000000, 0x00000000cccc0000, 0x00000000cccc0000)
  eden space 167808K,  99% used [0x00000000c0000000, 0x00000000ca3425a8, 0x00000000ca3e0000)
  from space 20928K,  97% used [0x00000000cb850000, 0x00000000ccc50140, 0x00000000cccc0000)
  to   space 20928K,   0% used [0x00000000ca3e0000, 0x00000000ca3e0000, 0x00000000cb850000)
 concurrent mark-sweep generation total 838912K, used 580667K [0x00000000cccc0000, 0x0000000100000000, 0x0000000100000000)
 Metaspace       used 3935K, capacity 4540K, committed 4864K, reserved 1056768K
  class space    used 425K, capacity 428K, committed 512K, reserved 1048576K
2024-07-26T01:31:24.683+0800: 16.283: [GC (Allocation Failure) 2024-07-26T01:31:24.683+0800: 16.283: [ParNew2024-07-26T01:31:24.690+0800: 16.290: [SoftReference, 0 refs, 0.0000341 secs]2024-07-26T01:31:24.690+0800: 16.290: [WeakReference, 0 refs, 0.0000045 secs]2024-07-26T01:31:24.690+0800: 16.290: [FinalReference, 0 refs, 0.0000040 secs]2024-07-26T01:31:24.690+0800: 16.290: [PhantomReference, 0 refs, 0.0000037 secs]2024-07-26T01:31:24.690+0800: 16.290: [JNI Weak Reference, 0.0000044 secs]
Desired survivor size 10715136 bytes, new threshold 1 (max 1)
- age   1:   20971840 bytes,   20971840 total
: 187657K->20480K(188736K), 0.0074219 secs] 768325K->619580K(1027648K), 0.0074590 secs] [Times: user=0.01 sys=0.00, real=0.01 secs] 
Heap after GC invocations=642 (full 55):
 par new generation   total 188736K, used 20480K [0x00000000c0000000, 0x00000000cccc0000, 0x00000000cccc0000)
  eden space 167808K,   0% used [0x00000000c0000000, 0x00000000c0000000, 0x00000000ca3e0000)
  from space 20928K,  97% used [0x00000000ca3e0000, 0x00000000cb7e0140, 0x00000000cb850000)
  to   space 20928K,   0% used [0x00000000cb850000, 0x00000000cb850000, 0x00000000cccc0000)
 concurrent mark-sweep generation total 838912K, used 599099K [0x00000000cccc0000, 0x0000000100000000, 0x0000000100000000)
 Metaspace       used 3935K, capacity 4540K, committed 4864K, reserved 1056768K
  class space    used 425K, capacity 428K, committed 512K, reserved 1048576K
}
2024-07-26T01:31:24.690+0800: 16.290: Total time for which application threads were stopped: 0.0075740 seconds, Stopping threads took: 0.0000222 seconds
{Heap before GC invocations=642 (full 55):
 par new generation   total 188736K, used 187663K [0x00000000c0000000, 0x00000000cccc0000, 0x00000000cccc0000)
  eden space 167808K,  99% used [0x00000000c0000000, 0x00000000ca343c00, 0x00000000ca3e0000)
  from space 20928K,  97% used [0x00000000ca3e0000, 0x00000000cb7e0140, 0x00000000cb850000)
  to   space 20928K,   0% used [0x00000000cb850000, 0x00000000cb850000, 0x00000000cccc0000)
 concurrent mark-sweep generation total 838912K, used 599099K [0x00000000cccc0000, 0x0000000100000000, 0x0000000100000000)
 Metaspace       used 3935K, capacity 4540K, committed 4864K, reserved 1056768K
  class space    used 425K, capacity 428K, committed 512K, reserved 1048576K
2024-07-26T01:31:24.705+0800: 16.305: [GC (Allocation Failure) 2024-07-26T01:31:24.705+0800: 16.305: [ParNew2024-07-26T01:31:24.720+0800: 16.320: [SoftReference, 0 refs, 0.0000418 secs]2024-07-26T01:31:24.721+0800: 16.320: [WeakReference, 0 refs, 0.0000045 secs]2024-07-26T01:31:24.721+0800: 16.320: [FinalReference, 0 refs, 0.0000041 secs]2024-07-26T01:31:24.721+0800: 16.320: [PhantomReference, 0 refs, 0.0000038 secs]2024-07-26T01:31:24.721+0800: 16.320: [JNI Weak Reference, 0.0000045 secs]
Desired survivor size 10715136 bytes, new threshold 1 (max 1)
- age   1:   20971840 bytes,   20971840 total
: 187663K->20480K(188736K), 0.0156046 secs] 786763K->701501K(1027648K), 0.0156472 secs] [Times: user=0.02 sys=0.00, real=0.02 secs] 
Heap after GC invocations=643 (full 55):
 par new generation   total 188736K, used 20480K [0x00000000c0000000, 0x00000000cccc0000, 0x00000000cccc0000)
  eden space 167808K,   0% used [0x00000000c0000000, 0x00000000c0000000, 0x00000000ca3e0000)
  from space 20928K,  97% used [0x00000000cb850000, 0x00000000ccc50140, 0x00000000cccc0000)
  to   space 20928K,   0% used [0x00000000ca3e0000, 0x00000000ca3e0000, 0x00000000cb850000)
 concurrent mark-sweep generation total 838912K, used 681021K [0x00000000cccc0000, 0x0000000100000000, 0x0000000100000000)
 Metaspace       used 3935K, capacity 4540K, committed 4864K, reserved 1056768K
  class space    used 425K, capacity 428K, committed 512K, reserved 1048576K
}
2024-07-26T01:31:24.721+0800: 16.320: Total time for which application threads were stopped: 0.0157706 seconds, Stopping threads took: 0.0000239 seconds
{Heap before GC invocations=643 (full 55):
 par new generation   total 188736K, used 187666K [0x00000000c0000000, 0x00000000cccc0000, 0x00000000cccc0000)
  eden space 167808K,  99% used [0x00000000c0000000, 0x00000000ca344a60, 0x00000000ca3e0000)
  from space 20928K,  97% used [0x00000000cb850000, 0x00000000ccc50140, 0x00000000cccc0000)
  to   space 20928K,   0% used [0x00000000ca3e0000, 0x00000000ca3e0000, 0x00000000cb850000)
 concurrent mark-sweep generation total 838912K, used 681021K [0x00000000cccc0000, 0x0000000100000000, 0x0000000100000000)
 Metaspace       used 3935K, capacity 4540K, committed 4864K, reserved 1056768K
  class space    used 425K, capacity 428K, committed 512K, reserved 1048576K
2024-07-26T01:31:24.736+0800: 16.336: [GC (Allocation Failure) 2024-07-26T01:31:24.736+0800: 16.336: [ParNew2024-07-26T01:31:24.746+0800: 16.346: [SoftReference, 0 refs, 0.0000313 secs]2024-07-26T01:31:24.746+0800: 16.346: [WeakReference, 0 refs, 0.0000050 secs]2024-07-26T01:31:24.746+0800: 16.346: [FinalReference, 0 refs, 0.0000037 secs]2024-07-26T01:31:24.746+0800: 16.346: [PhantomReference, 0 refs, 0.0000037 secs]2024-07-26T01:31:24.746+0800: 16.346: [JNI Weak Reference, 0.0000043 secs]
Desired survivor size 10715136 bytes, new threshold 1 (max 1)
- age   1:   20971840 bytes,   20971840 total
: 187666K->20480K(188736K), 0.0103669 secs] 868687K->743485K(1027648K), 0.0104061 secs] [Times: user=0.00 sys=0.00, real=0.01 secs] 
Heap after GC invocations=644 (full 55):
 par new generation   total 188736K, used 20480K [0x00000000c0000000, 0x00000000cccc0000, 0x00000000cccc0000)
  eden space 167808K,   0% used [0x00000000c0000000, 0x00000000c0000000, 0x00000000ca3e0000)
  from space 20928K,  97% used [0x00000000ca3e0000, 0x00000000cb7e0140, 0x00000000cb850000)
  to   space 20928K,   0% used [0x00000000cb850000, 0x00000000cb850000, 0x00000000cccc0000)
 concurrent mark-sweep generation total 838912K, used 723005K [0x00000000cccc0000, 0x0000000100000000, 0x0000000100000000)
 Metaspace       used 3935K, capacity 4540K, committed 4864K, reserved 1056768K
  class space    used 425K, capacity 428K, committed 512K, reserved 1048576K
}
2024-07-26T01:31:24.746+0800: 16.346: Total time for which application threads were stopped: 0.0105185 seconds, Stopping threads took: 0.0000218 seconds
{Heap before GC invocations=644 (full 55):
 par new generation   total 188736K, used 187669K [0x00000000c0000000, 0x00000000cccc0000, 0x00000000cccc0000)
  eden space 167808K,  99% used [0x00000000c0000000, 0x00000000ca3453a0, 0x00000000ca3e0000)
  from space 20928K,  97% used [0x00000000ca3e0000, 0x00000000cb7e0140, 0x00000000cb850000)
  to   space 20928K,   0% used [0x00000000cb850000, 0x00000000cb850000, 0x00000000cccc0000)
 concurrent mark-sweep generation total 838912K, used 723005K [0x00000000cccc0000, 0x0000000100000000, 0x0000000100000000)
 Metaspace       used 3935K, capacity 4540K, committed 4864K, reserved 1056768K
  class space    used 425K, capacity 428K, committed 512K, reserved 1048576K
2024-07-26T01:31:24.761+0800: 16.360: [GC (Allocation Failure) 2024-07-26T01:31:24.761+0800: 16.360: [ParNew2024-07-26T01:31:24.765+0800: 16.364: [SoftReference, 0 refs, 0.0000463 secs]2024-07-26T01:31:24.765+0800: 16.365: [WeakReference, 0 refs, 0.0000046 secs]2024-07-26T01:31:24.765+0800: 16.365: [FinalReference, 0 refs, 0.0000038 secs]2024-07-26T01:31:24.765+0800: 16.365: [PhantomReference, 0 refs, 0.0000037 secs]2024-07-26T01:31:24.765+0800: 16.365: [JNI Weak Reference, 0.0000048 secs]
Desired survivor size 10715136 bytes, new threshold 1 (max 1)
- age   1:   20971840 bytes,   20971840 total
: 187669K->20480K(188736K), 0.0042504 secs] 910674K->745533K(1027648K), 0.0042942 secs] [Times: user=0.00 sys=0.00, real=0.00 secs] 
Heap after GC invocations=645 (full 55):
 par new generation   total 188736K, used 20480K [0x00000000c0000000, 0x00000000cccc0000, 0x00000000cccc0000)
  eden space 167808K,   0% used [0x00000000c0000000, 0x00000000c0000000, 0x00000000ca3e0000)
  from space 20928K,  97% used [0x00000000cb850000, 0x00000000ccc50140, 0x00000000cccc0000)
  to   space 20928K,   0% used [0x00000000ca3e0000, 0x00000000ca3e0000, 0x00000000cb850000)
 concurrent mark-sweep generation total 838912K, used 725053K [0x00000000cccc0000, 0x0000000100000000, 0x0000000100000000)
 Metaspace       used 3935K, capacity 4540K, committed 4864K, reserved 1056768K
  class space    used 425K, capacity 428K, committed 512K, reserved 1048576K
}
2024-07-26T01:31:24.765+0800: 16.365: Total time for which application threads were stopped: 0.0044270 seconds, Stopping threads took: 0.0000225 seconds
{Heap before GC invocations=645 (full 55):
 par new generation   total 188736K, used 187670K [0x00000000c0000000, 0x00000000cccc0000, 0x00000000cccc0000)
  eden space 167808K,  99% used [0x00000000c0000000, 0x00000000ca345990, 0x00000000ca3e0000)
  from space 20928K,  97% used [0x00000000cb850000, 0x00000000ccc50140, 0x00000000cccc0000)
  to   space 20928K,   0% used [0x00000000ca3e0000, 0x00000000ca3e0000, 0x00000000cb850000)
 concurrent mark-sweep generation total 838912K, used 725053K [0x00000000cccc0000, 0x0000000100000000, 0x0000000100000000)
 Metaspace       used 3935K, capacity 4540K, committed 4864K, reserved 1056768K
  class space    used 425K, capacity 428K, committed 512K, reserved 1048576K
2024-07-26T01:31:24.780+0800: 16.380: [GC (Allocation Failure) 2024-07-26T01:31:24.780+0800: 16.380: [ParNew2024-07-26T01:31:24.794+0800: 16.394: [SoftReference, 0 refs, 0.0000460 secs]2024-07-26T01:31:24.794+0800: 16.394: [WeakReference, 0 refs, 0.0000044 secs]2024-07-26T01:31:24.794+0800: 16.394: [FinalReference, 0 refs, 0.0000069 secs]2024-07-26T01:31:24.794+0800: 16.394: [PhantomReference, 0 refs, 0.0000038 secs]2024-07-26T01:31:24.794+0800: 16.394: [JNI Weak Reference, 0.0000052 secs]
Desired survivor size 10715136 bytes, new threshold 1 (max 1)
- age   1:   20971840 bytes,   20971840 total
: 187670K->20480K(188736K), 0.0140446 secs] 912724K->811070K(1027648K), 0.0140822 secs] [Times: user=0.01 sys=0.00, real=0.01 secs] 
Heap after GC invocations=646 (full 55):
 par new generation   total 188736K, used 20480K [0x00000000c0000000, 0x00000000cccc0000, 0x00000000cccc0000)
  eden space 167808K,   0% used [0x00000000c0000000, 0x00000000c0000000, 0x00000000ca3e0000)
  from space 20928K,  97% used [0x00000000ca3e0000, 0x00000000cb7e0140, 0x00000000cb850000)
  to   space 20928K,   0% used [0x00000000cb850000, 0x00000000cb850000, 0x00000000cccc0000)
 concurrent mark-sweep generation total 838912K, used 790590K [0x00000000cccc0000, 0x0000000100000000, 0x0000000100000000)
 Metaspace       used 3935K, capacity 4540K, committed 4864K, reserved 1056768K
  class space    used 425K, capacity 428K, committed 512K, reserved 1048576K
}
2024-07-26T01:31:24.794+0800: 16.394: Total time for which application threads were stopped: 0.0141988 seconds, Stopping threads took: 0.0000256 seconds
{Heap before GC invocations=646 (full 55):
 par new generation   total 188736K, used 187671K [0x00000000c0000000, 0x00000000cccc0000, 0x00000000cccc0000)
  eden space 167808K,  99% used [0x00000000c0000000, 0x00000000ca345d60, 0x00000000ca3e0000)
  from space 20928K,  97% used [0x00000000ca3e0000, 0x00000000cb7e0140, 0x00000000cb850000)
  to   space 20928K,   0% used [0x00000000cb850000, 0x00000000cb850000, 0x00000000cccc0000)
 concurrent mark-sweep generation total 838912K, used 790590K [0x00000000cccc0000, 0x0000000100000000, 0x0000000100000000)
 Metaspace       used 3935K, capacity 4540K, committed 4864K, reserved 1056768K
  class space    used 425K, capacity 428K, committed 512K, reserved 1048576K
2024-07-26T01:31:24.809+0800: 16.409: [GC (Allocation Failure) 2024-07-26T01:31:24.809+0800: 16.409: [ParNew: 187671K->187671K(188736K), 0.0000167 secs]2024-07-26T01:31:24.809+0800: 16.409: [CMS2024-07-26T01:31:24.809+0800: 16.409: [CMS-concurrent-abortable-preclean: 0.005/0.191 secs] [Times: user=0.11 sys=0.02, real=0.19 secs] 
 (concurrent mode failure)2024-07-26T01:31:24.810+0800: 16.410: [SoftReference, 0 refs, 0.0000134 secs]2024-07-26T01:31:24.810+0800: 16.410: [WeakReference, 2 refs, 0.0000043 secs]2024-07-26T01:31:24.810+0800: 16.410: [FinalReference, 2 refs, 0.0000034 secs]2024-07-26T01:31:24.810+0800: 16.410: [PhantomReference, 0 refs, 0.0000033 secs]2024-07-26T01:31:24.810+0800: 16.410: [JNI Weak Reference, 0.0000039 secs]: 790590K->47136K(838912K), 0.0088397 secs] 978262K->47136K(1027648K), [Metaspace: 3935K->3935K(1056768K)], 0.0089244 secs] [Times: user=0.00 sys=0.00, real=0.01 secs] 
Heap after GC invocations=647 (full 56):
 par new generation   total 188736K, used 0K [0x00000000c0000000, 0x00000000cccc0000, 0x00000000cccc0000)
  eden space 167808K,   0% used [0x00000000c0000000, 0x00000000c0000000, 0x00000000ca3e0000)
  from space 20928K,   0% used [0x00000000ca3e0000, 0x00000000ca3e0000, 0x00000000cb850000)
  to   space 20928K,   0% used [0x00000000cb850000, 0x00000000cb850000, 0x00000000cccc0000)
 concurrent mark-sweep generation total 838912K, used 47136K [0x00000000cccc0000, 0x0000000100000000, 0x0000000100000000)
 Metaspace       used 3935K, capacity 4540K, committed 4864K, reserved 1056768K
  class space    used 425K, capacity 428K, committed 512K, reserved 1048576K
}
2024-07-26T01:31:24.818+0800: 16.418: Total time for which application threads were stopped: 0.0090564 seconds, Stopping threads took: 0.0000228 seconds
{Heap before GC invocations=647 (full 56):
 par new generation   total 188736K, used 167191K [0x00000000c0000000, 0x00000000cccc0000, 0x00000000cccc0000)
  eden space 167808K,  99% used [0x00000000c0000000, 0x00000000ca345fd8, 0x00000000ca3e0000)
  from space 20928K,   0% used [0x00000000ca3e0000, 0x00000000ca3e0000, 0x00000000cb850000)
  to   space 20928K,   0% used [0x00000000cb850000, 0x00000000cb850000, 0x00000000cccc0000)
 concurrent mark-sweep generation total 838912K, used 47136K [0x00000000cccc0000, 0x0000000100000000, 0x0000000100000000)
 Metaspace       used 3935K, capacity 4540K, committed 4864K, reserved 1056768K
  class space    used 425K, capacity 428K, committed 512K, reserved 1048576K
2024-07-26T01:31:24.833+0800: 16.433: [GC (Allocation Failure) 2024-07-26T01:31:24.833+0800: 16.433: [ParNew2024-07-26T01:31:24.835+0800: 16.434: [SoftReference, 0 refs, 0.0000235 secs]2024-07-26T01:31:24.835+0800: 16.434: [WeakReference, 0 refs, 0.0000045 secs]2024-07-26T01:31:24.835+0800: 16.434: [FinalReference, 0 refs, 0.0000041 secs]2024-07-26T01:31:24.835+0800: 16.434: [PhantomReference, 0 refs, 0.0000041 secs]2024-07-26T01:31:24.835+0800: 16.434: [JNI Weak Reference, 0.0000047 secs]
Desired survivor size 10715136 bytes, new threshold 1 (max 1)
- age   1:    6291552 bytes,    6291552 total
: 167191K->6144K(188736K), 0.0014200 secs] 214328K->53281K(1027648K), 0.0014601 secs] [Times: user=0.00 sys=0.00, real=0.00 secs] 
Heap after GC invocations=648 (full 56):
 par new generation   total 188736K, used 6144K [0x00000000c0000000, 0x00000000cccc0000, 0x00000000cccc0000)
  eden space 167808K,   0% used [0x00000000c0000000, 0x00000000c0000000, 0x00000000ca3e0000)
  from space 20928K,  29% used [0x00000000cb850000, 0x00000000cbe50060, 0x00000000cccc0000)
  to   space 20928K,   0% used [0x00000000ca3e0000, 0x00000000ca3e0000, 0x00000000cb850000)
 concurrent mark-sweep generation total 838912K, used 47136K [0x00000000cccc0000, 0x0000000100000000, 0x0000000100000000)
 Metaspace       used 3935K, capacity 4540K, committed 4864K, reserved 1056768K
  class space    used 425K, capacity 428K, committed 512K, reserved 1048576K
}
2024-07-26T01:31:24.835+0800: 16.434: Total time for which application threads were stopped: 0.0015765 seconds, Stopping threads took: 0.0000245 seconds
{Heap before GC invocations=648 (full 56):
 par new generation   total 188736K, used 173336K [0x00000000c0000000, 0x00000000cccc0000, 0x00000000cccc0000)
  eden space 167808K,  99% used [0x00000000c0000000, 0x00000000ca346168, 0x00000000ca3e0000)
  from space 20928K,  29% used [0x00000000cb850000, 0x00000000cbe50060, 0x00000000cccc0000)
  to   space 20928K,   0% used [0x00000000ca3e0000, 0x00000000ca3e0000, 0x00000000cb850000)
 concurrent mark-sweep generation total 838912K, used 47136K [0x00000000cccc0000, 0x0000000100000000, 0x0000000100000000)
 Metaspace       used 3935K, capacity 4540K, committed 4864K, reserved 1056768K
  class space    used 425K, capacity 428K, committed 512K, reserved 1048576K
2024-07-26T01:31:24.850+0800: 16.450: [GC (Allocation Failure) 2024-07-26T01:31:24.850+0800: 16.450: [ParNew2024-07-26T01:31:24.862+0800: 16.462: [SoftReference, 0 refs, 0.0000349 secs]2024-07-26T01:31:24.862+0800: 16.462: [WeakReference, 0 refs, 0.0000044 secs]2024-07-26T01:31:24.862+0800: 16.462: [FinalReference, 0 refs, 0.0000039 secs]2024-07-26T01:31:24.862+0800: 16.462: [PhantomReference, 0 refs, 0.0000038 secs]2024-07-26T01:31:24.862+0800: 16.462: [JNI Weak Reference, 0.0000048 secs]
Desired survivor size 10715136 bytes, new threshold 1 (max 1)
- age   1:   20971840 bytes,   20971840 total
: 173336K->20480K(188736K), 0.0117465 secs] 220473K->116772K(1027648K), 0.0117864 secs] [Times: user=0.05 sys=0.00, real=0.01 secs] 
Heap after GC invocations=649 (full 56):
 par new generation   total 188736K, used 20480K [0x00000000c0000000, 0x00000000cccc0000, 0x00000000cccc0000)
  eden space 167808K,   0% used [0x00000000c0000000, 0x00000000c0000000, 0x00000000ca3e0000)
  from space 20928K,  97% used [0x00000000ca3e0000, 0x00000000cb7e0140, 0x00000000cb850000)
  to   space 20928K,   0% used [0x00000000cb850000, 0x00000000cb850000, 0x00000000cccc0000)
 concurrent mark-sweep generation total 838912K, used 96291K [0x00000000cccc0000, 0x0000000100000000, 0x0000000100000000)
 Metaspace       used 3935K, capacity 4540K, committed 4864K, reserved 1056768K
  class space    used 425K, capacity 428K, committed 512K, reserved 1048576K
}
2024-07-26T01:31:24.862+0800: 16.462: Total time for which application threads were stopped: 0.0119041 seconds, Stopping threads took: 0.0000230 seconds
{Heap before GC invocations=649 (full 56):
 par new generation   total 188736K, used 187672K [0x00000000c0000000, 0x00000000cccc0000, 0x00000000cccc0000)
  eden space 167808K,  99% used [0x00000000c0000000, 0x00000000ca346270, 0x00000000ca3e0000)
  from space 20928K,  97% used [0x00000000ca3e0000, 0x00000000cb7e0140, 0x00000000cb850000)
  to   space 20928K,   0% used [0x00000000cb850000, 0x00000000cb850000, 0x00000000cccc0000)
 concurrent mark-sweep generation total 838912K, used 96291K [0x00000000cccc0000, 0x0000000100000000, 0x0000000100000000)
 Metaspace       used 3935K, capacity 4540K, committed 4864K, reserved 1056768K
  class space    used 425K, capacity 428K, committed 512K, reserved 1048576K
2024-07-26T01:31:24.878+0800: 16.477: [GC (Allocation Failure) 2024-07-26T01:31:24.878+0800: 16.477: [ParNew2024-07-26T01:31:24.883+0800: 16.482: [SoftReference, 0 refs, 0.0000368 secs]2024-07-26T01:31:24.883+0800: 16.482: [WeakReference, 0 refs, 0.0000043 secs]2024-07-26T01:31:24.883+0800: 16.482: [FinalReference, 0 refs, 0.0000038 secs]2024-07-26T01:31:24.883+0800: 16.482: [PhantomReference, 0 refs, 0.0000038 secs]2024-07-26T01:31:24.883+0800: 16.482: [JNI Weak Reference, 0.0000042 secs]
Desired survivor size 10715136 bytes, new threshold 1 (max 1)
- age   1:   20971840 bytes,   20971840 total
: 187672K->20480K(188736K), 0.0049873 secs] 283964K->125990K(1027648K), 0.0050302 secs] [Times: user=0.00 sys=0.00, real=0.00 secs] 
Heap after GC invocations=650 (full 56):
 par new generation   total 188736K, used 20480K [0x00000000c0000000, 0x00000000cccc0000, 0x00000000cccc0000)
  eden space 167808K,   0% used [0x00000000c0000000, 0x00000000c0000000, 0x00000000ca3e0000)
  from space 20928K,  97% used [0x00000000cb850000, 0x00000000ccc50140, 0x00000000cccc0000)
  to   space 20928K,   0% used [0x00000000ca3e0000, 0x00000000ca3e0000, 0x00000000cb850000)
 concurrent mark-sweep generation total 838912K, used 105509K [0x00000000cccc0000, 0x0000000100000000, 0x0000000100000000)
 Metaspace       used 3935K, capacity 4540K, committed 4864K, reserved 1056768K
  class space    used 425K, capacity 428K, committed 512K, reserved 1048576K
}
2024-07-26T01:31:24.883+0800: 16.482: Total time for which application threads were stopped: 0.0051458 seconds, Stopping threads took: 0.0000225 seconds
{Heap before GC invocations=650 (full 56):
 par new generation   total 188736K, used 187673K [0x00000000c0000000, 0x00000000cccc0000, 0x00000000cccc0000)
  eden space 167808K,  99% used [0x00000000c0000000, 0x00000000ca346318, 0x00000000ca3e0000)
  from space 20928K,  97% used [0x00000000cb850000, 0x00000000ccc50140, 0x00000000cccc0000)
  to   space 20928K,   0% used [0x00000000ca3e0000, 0x00000000ca3e0000, 0x00000000cb850000)
 concurrent mark-sweep generation total 838912K, used 105509K [0x00000000cccc0000, 0x0000000100000000, 0x0000000100000000)
 Metaspace       used 3935K, capacity 4540K, committed 4864K, reserved 1056768K
  class space    used 425K, capacity 428K, committed 512K, reserved 1048576K
2024-07-26T01:31:24.899+0800: 16.498: [GC (Allocation Failure) 2024-07-26T01:31:24.899+0800: 16.498: [ParNew2024-07-26T01:31:24.915+0800: 16.514: [SoftReference, 0 refs, 0.0000377 secs]2024-07-26T01:31:24.915+0800: 16.514: [WeakReference, 0 refs, 0.0000044 secs]2024-07-26T01:31:24.915+0800: 16.514: [FinalReference, 0 refs, 0.0000040 secs]2024-07-26T01:31:24.915+0800: 16.514: [PhantomReference, 0 refs, 0.0000038 secs]2024-07-26T01:31:24.915+0800: 16.514: [JNI Weak Reference, 0.0000046 secs]
Desired survivor size 10715136 bytes, new threshold 1 (max 1)
- age   1:   20971840 bytes,   20971840 total
: 187673K->20480K(188736K), 0.0157760 secs] 293182K->198697K(1027648K), 0.0158182 secs] [Times: user=0.02 sys=0.00, real=0.02 secs] 
Heap after GC invocations=651 (full 56):
 par new generation   total 188736K, used 20480K [0x00000000c0000000, 0x00000000cccc0000, 0x00000000cccc0000)
  eden space 167808K,   0% used [0x00000000c0000000, 0x00000000c0000000, 0x00000000ca3e0000)
  from space 20928K,  97% used [0x00000000ca3e0000, 0x00000000cb7e0140, 0x00000000cb850000)
  to   space 20928K,   0% used [0x00000000cb850000, 0x00000000cb850000, 0x00000000cccc0000)
 concurrent mark-sweep generation total 838912K, used 178217K [0x00000000cccc0000, 0x0000000100000000, 0x0000000100000000)
 Metaspace       used 3935K, capacity 4540K, committed 4864K, reserved 1056768K
  class space    used 425K, capacity 428K, committed 512K, reserved 1048576K
}
2024-07-26T01:31:24.915+0800: 16.514: Total time for which application threads were stopped: 0.0159458 seconds, Stopping threads took: 0.0000302 seconds
{Heap before GC invocations=651 (full 56):
 par new generation   total 188736K, used 187673K [0x00000000c0000000, 0x00000000cccc0000, 0x00000000cccc0000)
  eden space 167808K,  99% used [0x00000000c0000000, 0x00000000ca346380, 0x00000000ca3e0000)
  from space 20928K,  97% used [0x00000000ca3e0000, 0x00000000cb7e0140, 0x00000000cb850000)
  to   space 20928K,   0% used [0x00000000cb850000, 0x00000000cb850000, 0x00000000cccc0000)
 concurrent mark-sweep generation total 838912K, used 178217K [0x00000000cccc0000, 0x0000000100000000, 0x0000000100000000)
 Metaspace       used 3935K, capacity 4540K, committed 4864K, reserved 1056768K
  class space    used 425K, capacity 428K, committed 512K, reserved 1048576K
2024-07-26T01:31:24.930+0800: 16.529: [GC (Allocation Failure) 2024-07-26T01:31:24.930+0800: 16.529: [ParNew2024-07-26T01:31:24.938+0800: 16.538: [SoftReference, 0 refs, 0.0000314 secs]2024-07-26T01:31:24.938+0800: 16.538: [WeakReference, 0 refs, 0.0000046 secs]2024-07-26T01:31:24.938+0800: 16.538: [FinalReference, 0 refs, 0.0000039 secs]2024-07-26T01:31:24.938+0800: 16.538: [PhantomReference, 0 refs, 0.0000037 secs]2024-07-26T01:31:24.938+0800: 16.538: [JNI Weak Reference, 0.0000044 secs]
Desired survivor size 10715136 bytes, new threshold 1 (max 1)
- age   1:   20971840 bytes,   20971840 total
: 187673K->20480K(188736K), 0.0087828 secs] 365890K->231467K(1027648K), 0.0088252 secs] [Times: user=0.05 sys=0.00, real=0.01 secs] 
Heap after GC invocations=652 (full 56):
 par new generation   total 188736K, used 20480K [0x00000000c0000000, 0x00000000cccc0000, 0x00000000cccc0000)
  eden space 167808K,   0% used [0x00000000c0000000, 0x00000000c0000000, 0x00000000ca3e0000)
  from space 20928K,  97% used [0x00000000cb850000, 0x00000000ccc50140, 0x00000000cccc0000)
  to   space 20928K,   0% used [0x00000000ca3e0000, 0x00000000ca3e0000, 0x00000000cb850000)
 concurrent mark-sweep generation total 838912K, used 210987K [0x00000000cccc0000, 0x0000000100000000, 0x0000000100000000)
 Metaspace       used 3935K, capacity 4540K, committed 4864K, reserved 1056768K
  class space    used 425K, capacity 428K, committed 512K, reserved 1048576K
}
2024-07-26T01:31:24.938+0800: 16.538: Total time for which application threads were stopped: 0.0089460 seconds, Stopping threads took: 0.0000241 seconds
{Heap before GC invocations=652 (full 56):
 par new generation   total 188736K, used 187673K [0x00000000c0000000, 0x00000000cccc0000, 0x00000000cccc0000)
  eden space 167808K,  99% used [0x00000000c0000000, 0x00000000ca3463c8, 0x00000000ca3e0000)
  from space 20928K,  97% used [0x00000000cb850000, 0x00000000ccc50140, 0x00000000cccc0000)
  to   space 20928K,   0% used [0x00000000ca3e0000, 0x00000000ca3e0000, 0x00000000cb850000)
 concurrent mark-sweep generation total 838912K, used 210987K [0x00000000cccc0000, 0x0000000100000000, 0x0000000100000000)
 Metaspace       used 3935K, capacity 4540K, committed 4864K, reserved 1056768K
  class space    used 425K, capacity 428K, committed 512K, reserved 1048576K
2024-07-26T01:31:24.952+0800: 16.552: [GC (Allocation Failure) 2024-07-26T01:31:24.952+0800: 16.552: [ParNew2024-07-26T01:31:24.956+0800: 16.555: [SoftReference, 0 refs, 0.0000336 secs]2024-07-26T01:31:24.956+0800: 16.555: [WeakReference, 0 refs, 0.0000076 secs]2024-07-26T01:31:24.956+0800: 16.555: [FinalReference, 0 refs, 0.0000039 secs]2024-07-26T01:31:24.956+0800: 16.555: [PhantomReference, 0 refs, 0.0000038 secs]2024-07-26T01:31:24.956+0800: 16.555: [JNI Weak Reference, 0.0000043 secs]
Desired survivor size 10715136 bytes, new threshold 1 (max 1)
- age   1:   13631696 bytes,   13631696 total
: 187673K->13312K(188736K), 0.0025971 secs] 398660K->224299K(1027648K), 0.0026309 secs] [Times: user=0.00 sys=0.00, real=0.00 secs] 
Heap after GC invocations=653 (full 56):
 par new generation   total 188736K, used 13312K [0x00000000c0000000, 0x00000000cccc0000, 0x00000000cccc0000)
  eden space 167808K,   0% used [0x00000000c0000000, 0x00000000c0000000, 0x00000000ca3e0000)
  from space 20928K,  63% used [0x00000000ca3e0000, 0x00000000cb0e00d0, 0x00000000cb850000)
  to   space 20928K,   0% used [0x00000000cb850000, 0x00000000cb850000, 0x00000000cccc0000)
 concurrent mark-sweep generation total 838912K, used 210987K [0x00000000cccc0000, 0x0000000100000000, 0x0000000100000000)
 Metaspace       used 3935K, capacity 4540K, committed 4864K, reserved 1056768K
  class space    used 425K, capacity 428K, committed 512K, reserved 1048576K
}
2024-07-26T01:31:24.956+0800: 16.555: Total time for which application threads were stopped: 0.0027417 seconds, Stopping threads took: 0.0000186 seconds
{Heap before GC invocations=653 (full 56):
 par new generation   total 188736K, used 180505K [0x00000000c0000000, 0x00000000cccc0000, 0x00000000cccc0000)
  eden space 167808K,  99% used [0x00000000c0000000, 0x00000000ca3463f0, 0x00000000ca3e0000)
  from space 20928K,  63% used [0x00000000ca3e0000, 0x00000000cb0e00d0, 0x00000000cb850000)
  to   space 20928K,   0% used [0x00000000cb850000, 0x00000000cb850000, 0x00000000cccc0000)
 concurrent mark-sweep generation total 838912K, used 210987K [0x00000000cccc0000, 0x0000000100000000, 0x0000000100000000)
 Metaspace       used 3935K, capacity 4540K, committed 4864K, reserved 1056768K
  class space    used 425K, capacity 428K, committed 512K, reserved 1048576K
2024-07-26T01:31:24.971+0800: 16.570: [GC (Allocation Failure) 2024-07-26T01:31:24.971+0800: 16.570: [ParNew2024-07-26T01:31:24.983+0800: 16.582: [SoftReference, 0 refs, 0.0000361 secs]2024-07-26T01:31:24.983+0800: 16.582: [WeakReference, 0 refs, 0.0000047 secs]2024-07-26T01:31:24.983+0800: 16.582: [FinalReference, 0 refs, 0.0000041 secs]2024-07-26T01:31:24.983+0800: 16.582: [PhantomReference, 0 refs, 0.0000041 secs]2024-07-26T01:31:24.983+0800: 16.582: [JNI Weak Reference, 0.0000045 secs]
Desired survivor size 10715136 bytes, new threshold 1 (max 1)
- age   1:   20971840 bytes,   20971840 total
: 180505K->20480K(188736K), 0.0119995 secs] 391492K->287788K(1027648K), 0.0120399 secs] [Times: user=0.01 sys=0.00, real=0.01 secs] 
Heap after GC invocations=654 (full 56):
 par new generation   total 188736K, used 20480K [0x00000000c0000000, 0x00000000cccc0000, 0x00000000cccc0000)
  eden space 167808K,   0% used [0x00000000c0000000, 0x00000000c0000000, 0x00000000ca3e0000)
  from space 20928K,  97% used [0x00000000cb850000, 0x00000000ccc50140, 0x00000000cccc0000)
  to   space 20928K,   0% used [0x00000000ca3e0000, 0x00000000ca3e0000, 0x00000000cb850000)
 concurrent mark-sweep generation total 838912K, used 267308K [0x00000000cccc0000, 0x0000000100000000, 0x0000000100000000)
 Metaspace       used 3935K, capacity 4540K, committed 4864K, reserved 1056768K
  class space    used 425K, capacity 428K, committed 512K, reserved 1048576K
}
2024-07-26T01:31:24.983+0800: 16.582: Total time for which application threads were stopped: 0.0121692 seconds, Stopping threads took: 0.0000282 seconds
{Heap before GC invocations=654 (full 56):
 par new generation   total 188736K, used 187673K [0x00000000c0000000, 0x00000000cccc0000, 0x00000000cccc0000)
  eden space 167808K,  99% used [0x00000000c0000000, 0x00000000ca346410, 0x00000000ca3e0000)
  from space 20928K,  97% used [0x00000000cb850000, 0x00000000ccc50140, 0x00000000cccc0000)
  to   space 20928K,   0% used [0x00000000ca3e0000, 0x00000000ca3e0000, 0x00000000cb850000)
 concurrent mark-sweep generation total 838912K, used 267308K [0x00000000cccc0000, 0x0000000100000000, 0x0000000100000000)
 Metaspace       used 3935K, capacity 4540K, committed 4864K, reserved 1056768K
  class space    used 425K, capacity 428K, committed 512K, reserved 1048576K
2024-07-26T01:31:24.997+0800: 16.596: [GC (Allocation Failure) 2024-07-26T01:31:24.997+0800: 16.596: [ParNew2024-07-26T01:31:25.003+0800: 16.602: [SoftReference, 0 refs, 0.0000245 secs]2024-07-26T01:31:25.003+0800: 16.602: [WeakReference, 0 refs, 0.0000044 secs]2024-07-26T01:31:25.003+0800: 16.602: [FinalReference, 0 refs, 0.0000040 secs]2024-07-26T01:31:25.003+0800: 16.602: [PhantomReference, 0 refs, 0.0000037 secs]2024-07-26T01:31:25.003+0800: 16.602: [JNI Weak Reference, 0.0000042 secs]
Desired survivor size 10715136 bytes, new threshold 1 (max 1)
- age   1:   20971840 bytes,   20971840 total
: 187673K->20480K(188736K), 0.0060425 secs] 454981K->304175K(1027648K), 0.0060757 secs] [Times: user=0.00 sys=0.00, real=0.01 secs] 
Heap after GC invocations=655 (full 56):
 par new generation   total 188736K, used 20480K [0x00000000c0000000, 0x00000000cccc0000, 0x00000000cccc0000)
  eden space 167808K,   0% used [0x00000000c0000000, 0x00000000c0000000, 0x00000000ca3e0000)
  from space 20928K,  97% used [0x00000000ca3e0000, 0x00000000cb7e0140, 0x00000000cb850000)
  to   space 20928K,   0% used [0x00000000cb850000, 0x00000000cb850000, 0x00000000cccc0000)
 concurrent mark-sweep generation total 838912K, used 283694K [0x00000000cccc0000, 0x0000000100000000, 0x0000000100000000)
 Metaspace       used 3935K, capacity 4540K, committed 4864K, reserved 1056768K
  class space    used 425K, capacity 428K, committed 512K, reserved 1048576K
}
2024-07-26T01:31:25.003+0800: 16.602: Total time for which application threads were stopped: 0.0061783 seconds, Stopping threads took: 0.0000188 seconds
{Heap before GC invocations=655 (full 56):
 par new generation   total 188736K, used 187673K [0x00000000c0000000, 0x00000000cccc0000, 0x00000000cccc0000)
  eden space 167808K,  99% used [0x00000000c0000000, 0x00000000ca346420, 0x00000000ca3e0000)
  from space 20928K,  97% used [0x00000000ca3e0000, 0x00000000cb7e0140, 0x00000000cb850000)
  to   space 20928K,   0% used [0x00000000cb850000, 0x00000000cb850000, 0x00000000cccc0000)
 concurrent mark-sweep generation total 838912K, used 283694K [0x00000000cccc0000, 0x0000000100000000, 0x0000000100000000)
 Metaspace       used 3935K, capacity 4540K, committed 4864K, reserved 1056768K
  class space    used 425K, capacity 428K, committed 512K, reserved 1048576K
2024-07-26T01:31:25.017+0800: 16.617: [GC (Allocation Failure) 2024-07-26T01:31:25.017+0800: 16.617: [ParNew2024-07-26T01:31:25.031+0800: 16.631: [SoftReference, 0 refs, 0.0000405 secs]2024-07-26T01:31:25.031+0800: 16.631: [WeakReference, 0 refs, 0.0000043 secs]2024-07-26T01:31:25.031+0800: 16.631: [FinalReference, 0 refs, 0.0000039 secs]2024-07-26T01:31:25.031+0800: 16.631: [PhantomReference, 0 refs, 0.0000037 secs]2024-07-26T01:31:25.031+0800: 16.631: [JNI Weak Reference, 0.0000047 secs]
Desired survivor size 10715136 bytes, new threshold 1 (max 1)
- age   1:   20971840 bytes,   20971840 total
: 187673K->20480K(188736K), 0.0138677 secs] 471368K->384050K(1027648K), 0.0139120 secs] [Times: user=0.03 sys=0.00, real=0.01 secs] 
Heap after GC invocations=656 (full 56):
 par new generation   total 188736K, used 20480K [0x00000000c0000000, 0x00000000cccc0000, 0x00000000cccc0000)
  eden space 167808K,   0% used [0x00000000c0000000, 0x00000000c0000000, 0x00000000ca3e0000)
  from space 20928K,  97% used [0x00000000cb850000, 0x00000000ccc50140, 0x00000000cccc0000)
  to   space 20928K,   0% used [0x00000000ca3e0000, 0x00000000ca3e0000, 0x00000000cb850000)
 concurrent mark-sweep generation total 838912K, used 363570K [0x00000000cccc0000, 0x0000000100000000, 0x0000000100000000)
 Metaspace       used 3935K, capacity 4540K, committed 4864K, reserved 1056768K
  class space    used 425K, capacity 428K, committed 512K, reserved 1048576K
}
2024-07-26T01:31:25.031+0800: 16.631: Total time for which application threads were stopped: 0.0140456 seconds, Stopping threads took: 0.0000248 seconds
2024-07-26T01:31:25.032+0800: 16.631: [GC (CMS Initial Mark) [1 CMS-initial-mark: 363570K(838912K)] 388424K(1027648K), 0.0006210 secs] [Times: user=0.00 sys=0.00, real=0.00 secs] 
2024-07-26T01:31:25.032+0800: 16.632: Total time for which application threads were stopped: 0.0008295 seconds, Stopping threads took: 0.0001580 seconds
2024-07-26T01:31:25.032+0800: 16.632: [CMS-concurrent-mark-start]
2024-07-26T01:31:25.034+0800: 16.634: [CMS-concurrent-mark: 0.002/0.002 secs] [Times: user=0.00 sys=0.00, real=0.00 secs] 
2024-07-26T01:31:25.034+0800: 16.634: [CMS-concurrent-preclean-start]
2024-07-26T01:31:25.034+0800: 16.634: [Preclean SoftReferences, 0.0000042 secs]2024-07-26T01:31:25.034+0800: 16.634: [Preclean WeakReferences, 0.0000036 secs]2024-07-26T01:31:25.034+0800: 16.634: [Preclean FinalReferences, 0.0000052 secs]2024-07-26T01:31:25.034+0800: 16.634: [Preclean PhantomReferences, 0.0000031 secs]2024-07-26T01:31:25.034+0800: 16.634: [CMS-concurrent-preclean: 0.001/0.001 secs] [Times: user=0.00 sys=0.00, real=0.00 secs] 
2024-07-26T01:31:25.034+0800: 16.634: [CMS-concurrent-abortable-preclean-start]
{Heap before GC invocations=656 (full 57):
 par new generation   total 188736K, used 187673K [0x00000000c0000000, 0x00000000cccc0000, 0x00000000cccc0000)
  eden space 167808K,  99% used [0x00000000c0000000, 0x00000000ca346430, 0x00000000ca3e0000)
  from space 20928K,  97% used [0x00000000cb850000, 0x00000000ccc50140, 0x00000000cccc0000)
  to   space 20928K,   0% used [0x00000000ca3e0000, 0x00000000ca3e0000, 0x00000000cb850000)
 concurrent mark-sweep generation total 838912K, used 363570K [0x00000000cccc0000, 0x0000000100000000, 0x0000000100000000)
 Metaspace       used 3935K, capacity 4540K, committed 4864K, reserved 1056768K
  class space    used 425K, capacity 428K, committed 512K, reserved 1048576K
2024-07-26T01:31:25.048+0800: 16.647: [GC (Allocation Failure) 2024-07-26T01:31:25.048+0800: 16.647: [ParNew2024-07-26T01:31:25.057+0800: 16.656: [SoftReference, 0 refs, 0.0000336 secs]2024-07-26T01:31:25.057+0800: 16.656: [WeakReference, 0 refs, 0.0000041 secs]2024-07-26T01:31:25.057+0800: 16.656: [FinalReference, 0 refs, 0.0000037 secs]2024-07-26T01:31:25.057+0800: 16.656: [PhantomReference, 0 refs, 0.0000162 secs]2024-07-26T01:31:25.057+0800: 16.656: [JNI Weak Reference, 0.0000044 secs]
Desired survivor size 10715136 bytes, new threshold 1 (max 1)
- age   1:   20971840 bytes,   20971840 total
: 187673K->20480K(188736K), 0.0090830 secs] 551243K->423986K(1027648K), 0.0091224 secs] [Times: user=0.00 sys=0.00, real=0.01 secs] 
Heap after GC invocations=657 (full 57):
 par new generation   total 188736K, used 20480K [0x00000000c0000000, 0x00000000cccc0000, 0x00000000cccc0000)
  eden space 167808K,   0% used [0x00000000c0000000, 0x00000000c0000000, 0x00000000ca3e0000)
  from space 20928K,  97% used [0x00000000ca3e0000, 0x00000000cb7e0140, 0x00000000cb850000)
  to   space 20928K,   0% used [0x00000000cb850000, 0x00000000cb850000, 0x00000000cccc0000)
 concurrent mark-sweep generation total 838912K, used 403506K [0x00000000cccc0000, 0x0000000100000000, 0x0000000100000000)
 Metaspace       used 3935K, capacity 4540K, committed 4864K, reserved 1056768K
  class space    used 425K, capacity 428K, committed 512K, reserved 1048576K
}
2024-07-26T01:31:25.057+0800: 16.656: Total time for which application threads were stopped: 0.0092468 seconds, Stopping threads took: 0.0000251 seconds
{Heap before GC invocations=657 (full 57):
 par new generation   total 188736K, used 187673K [0x00000000c0000000, 0x00000000cccc0000, 0x00000000cccc0000)
  eden space 167808K,  99% used [0x00000000c0000000, 0x00000000ca346438, 0x00000000ca3e0000)
  from space 20928K,  97% used [0x00000000ca3e0000, 0x00000000cb7e0140, 0x00000000cb850000)
  to   space 20928K,   0% used [0x00000000cb850000, 0x00000000cb850000, 0x00000000cccc0000)
 concurrent mark-sweep generation total 838912K, used 403506K [0x00000000cccc0000, 0x0000000100000000, 0x0000000100000000)
 Metaspace       used 3935K, capacity 4540K, committed 4864K, reserved 1056768K
  class space    used 425K, capacity 428K, committed 512K, reserved 1048576K
2024-07-26T01:31:25.072+0800: 16.671: [GC (Allocation Failure) 2024-07-26T01:31:25.072+0800: 16.672: [ParNew2024-07-26T01:31:25.077+0800: 16.676: [SoftReference, 0 refs, 0.0000460 secs]2024-07-26T01:31:25.077+0800: 16.676: [WeakReference, 0 refs, 0.0000048 secs]2024-07-26T01:31:25.077+0800: 16.676: [FinalReference, 0 refs, 0.0000043 secs]2024-07-26T01:31:25.077+0800: 16.676: [PhantomReference, 0 refs, 0.0000040 secs]2024-07-26T01:31:25.077+0800: 16.676: [JNI Weak Reference, 0.0000052 secs]
Desired survivor size 10715136 bytes, new threshold 1 (max 1)
- age   1:   20971840 bytes,   20971840 total
: 187673K->20480K(188736K), 0.0044364 secs] 591180K->423986K(1027648K), 0.0045400 secs] [Times: user=0.02 sys=0.00, real=0.00 secs] 
Heap after GC invocations=658 (full 57):
 par new generation   total 188736K, used 20480K [0x00000000c0000000, 0x00000000cccc0000, 0x00000000cccc0000)
  eden space 167808K,   0% used [0x00000000c0000000, 0x00000000c0000000, 0x00000000ca3e0000)
  from space 20928K,  97% used [0x00000000cb850000, 0x00000000ccc50140, 0x00000000cccc0000)
  to   space 20928K,   0% used [0x00000000ca3e0000, 0x00000000ca3e0000, 0x00000000cb850000)
 concurrent mark-sweep generation total 838912K, used 403506K [0x00000000cccc0000, 0x0000000100000000, 0x0000000100000000)
 Metaspace       used 3935K, capacity 4540K, committed 4864K, reserved 1056768K
  class space    used 425K, capacity 428K, committed 512K, reserved 1048576K
}
2024-07-26T01:31:25.077+0800: 16.676: Total time for which application threads were stopped: 0.0046582 seconds, Stopping threads took: 0.0000229 seconds
{Heap before GC invocations=658 (full 57):
 par new generation   total 188736K, used 187673K [0x00000000c0000000, 0x00000000cccc0000, 0x00000000cccc0000)
  eden space 167808K,  99% used [0x00000000c0000000, 0x00000000ca346438, 0x00000000ca3e0000)
  from space 20928K,  97% used [0x00000000cb850000, 0x00000000ccc50140, 0x00000000cccc0000)
  to   space 20928K,   0% used [0x00000000ca3e0000, 0x00000000ca3e0000, 0x00000000cb850000)
 concurrent mark-sweep generation total 838912K, used 403506K [0x00000000cccc0000, 0x0000000100000000, 0x0000000100000000)
 Metaspace       used 3935K, capacity 4540K, committed 4864K, reserved 1056768K
  class space    used 425K, capacity 428K, committed 512K, reserved 1048576K
2024-07-26T01:31:25.091+0800: 16.690: [GC (Allocation Failure) 2024-07-26T01:31:25.091+0800: 16.690: [ParNew2024-07-26T01:31:25.104+0800: 16.704: [SoftReference, 0 refs, 0.0000333 secs]2024-07-26T01:31:25.104+0800: 16.704: [WeakReference, 0 refs, 0.0000041 secs]2024-07-26T01:31:25.104+0800: 16.704: [FinalReference, 0 refs, 0.0000036 secs]2024-07-26T01:31:25.104+0800: 16.704: [PhantomReference, 0 refs, 0.0000035 secs]2024-07-26T01:31:25.104+0800: 16.704: [JNI Weak Reference, 0.0000040 secs]
Desired survivor size 10715136 bytes, new threshold 1 (max 1)
- age   1:   20971840 bytes,   20971840 total
: 187673K->20480K(188736K), 0.0134421 secs] 591180K->487475K(1027648K), 0.0134779 secs] [Times: user=0.00 sys=0.00, real=0.01 secs] 
Heap after GC invocations=659 (full 57):
 par new generation   total 188736K, used 20480K [0x00000000c0000000, 0x00000000cccc0000, 0x00000000cccc0000)
  eden space 167808K,   0% used [0x00000000c0000000, 0x00000000c0000000, 0x00000000ca3e0000)
  from space 20928K,  97% used [0x00000000ca3e0000, 0x00000000cb7e0140, 0x00000000cb850000)
  to   space 20928K,   0% used [0x00000000cb850000, 0x00000000cb850000, 0x00000000cccc0000)
 concurrent mark-sweep generation total 838912K, used 466995K [0x00000000cccc0000, 0x0000000100000000, 0x0000000100000000)
 Metaspace       used 3935K, capacity 4540K, committed 4864K, reserved 1056768K
  class space    used 425K, capacity 428K, committed 512K, reserved 1048576K
}
2024-07-26T01:31:25.104+0800: 16.704: Total time for which application threads were stopped: 0.0135858 seconds, Stopping threads took: 0.0000223 seconds
{Heap before GC invocations=659 (full 57):
 par new generation   total 188736K, used 187673K [0x00000000c0000000, 0x00000000cccc0000, 0x00000000cccc0000)
  eden space 167808K,  99% used [0x00000000c0000000, 0x00000000ca346440, 0x00000000ca3e0000)
  from space 20928K,  97% used [0x00000000ca3e0000, 0x00000000cb7e0140, 0x00000000cb850000)
  to   space 20928K,   0% used [0x00000000cb850000, 0x00000000cb850000, 0x00000000cccc0000)
 concurrent mark-sweep generation total 838912K, used 466995K [0x00000000cccc0000, 0x0000000100000000, 0x0000000100000000)
 Metaspace       used 3935K, capacity 4540K, committed 4864K, reserved 1056768K
  class space    used 425K, capacity 428K, committed 512K, reserved 1048576K
2024-07-26T01:31:25.120+0800: 16.719: [GC (Allocation Failure) 2024-07-26T01:31:25.120+0800: 16.719: [ParNew2024-07-26T01:31:25.128+0800: 16.727: [SoftReference, 0 refs, 0.0000319 secs]2024-07-26T01:31:25.128+0800: 16.727: [WeakReference, 0 refs, 0.0000045 secs]2024-07-26T01:31:25.128+0800: 16.727: [FinalReference, 0 refs, 0.0000038 secs]2024-07-26T01:31:25.128+0800: 16.727: [PhantomReference, 0 refs, 0.0000037 secs]2024-07-26T01:31:25.128+0800: 16.727: [JNI Weak Reference, 0.0000044 secs]
Desired survivor size 10715136 bytes, new threshold 1 (max 1)
- age   1:   20971840 bytes,   20971840 total
: 187673K->20480K(188736K), 0.0074759 secs] 654668K->511028K(1027648K), 0.0075195 secs] [Times: user=0.08 sys=0.00, real=0.01 secs] 
Heap after GC invocations=660 (full 57):
 par new generation   total 188736K, used 20480K [0x00000000c0000000, 0x00000000cccc0000, 0x00000000cccc0000)
  eden space 167808K,   0% used [0x00000000c0000000, 0x00000000c0000000, 0x00000000ca3e0000)
  from space 20928K,  97% used [0x00000000cb850000, 0x00000000ccc50140, 0x00000000cccc0000)
  to   space 20928K,   0% used [0x00000000ca3e0000, 0x00000000ca3e0000, 0x00000000cb850000)
 concurrent mark-sweep generation total 838912K, used 490547K [0x00000000cccc0000, 0x0000000100000000, 0x0000000100000000)
 Metaspace       used 3935K, capacity 4540K, committed 4864K, reserved 1056768K
  class space    used 425K, capacity 428K, committed 512K, reserved 1048576K
}
2024-07-26T01:31:25.128+0800: 16.727: Total time for which application threads were stopped: 0.0076482 seconds, Stopping threads took: 0.0000324 seconds
{Heap before GC invocations=660 (full 57):
 par new generation   total 188736K, used 187673K [0x00000000c0000000, 0x00000000cccc0000, 0x00000000cccc0000)
  eden space 167808K,  99% used [0x00000000c0000000, 0x00000000ca346440, 0x00000000ca3e0000)
  from space 20928K,  97% used [0x00000000cb850000, 0x00000000ccc50140, 0x00000000cccc0000)
  to   space 20928K,   0% used [0x00000000ca3e0000, 0x00000000ca3e0000, 0x00000000cb850000)
 concurrent mark-sweep generation total 838912K, used 490547K [0x00000000cccc0000, 0x0000000100000000, 0x0000000100000000)
 Metaspace       used 3935K, capacity 4540K, committed 4864K, reserved 1056768K
  class space    used 425K, capacity 428K, committed 512K, reserved 1048576K
2024-07-26T01:31:25.142+0800: 16.741: [GC (Allocation Failure) 2024-07-26T01:31:25.142+0800: 16.741: [ParNew2024-07-26T01:31:25.144+0800: 16.743: [SoftReference, 0 refs, 0.0000144 secs]2024-07-26T01:31:25.144+0800: 16.743: [WeakReference, 0 refs, 0.0000040 secs]2024-07-26T01:31:25.144+0800: 16.743: [FinalReference, 0 refs, 0.0000041 secs]2024-07-26T01:31:25.144+0800: 16.743: [PhantomReference, 0 refs, 0.0000039 secs]2024-07-26T01:31:25.144+0800: 16.743: [JNI Weak Reference, 0.0000042 secs]
Desired survivor size 10715136 bytes, new threshold 1 (max 1)
- age   1:    4194368 bytes,    4194368 total
: 187673K->4096K(188736K), 0.0016835 secs] 678221K->494644K(1027648K), 0.0017156 secs] [Times: user=0.00 sys=0.00, real=0.00 secs] 
Heap after GC invocations=661 (full 57):
 par new generation   total 188736K, used 4096K [0x00000000c0000000, 0x00000000cccc0000, 0x00000000cccc0000)
  eden space 167808K,   0% used [0x00000000c0000000, 0x00000000c0000000, 0x00000000ca3e0000)
  from space 20928K,  19% used [0x00000000ca3e0000, 0x00000000ca7e0040, 0x00000000cb850000)
  to   space 20928K,   0% used [0x00000000cb850000, 0x00000000cb850000, 0x00000000cccc0000)
 concurrent mark-sweep generation total 838912K, used 490547K [0x00000000cccc0000, 0x0000000100000000, 0x0000000100000000)
 Metaspace       used 3935K, capacity 4540K, committed 4864K, reserved 1056768K
  class space    used 425K, capacity 428K, committed 512K, reserved 1048576K
}
2024-07-26T01:31:25.144+0800: 16.743: Total time for which application threads were stopped: 0.0018208 seconds, Stopping threads took: 0.0000246 seconds
{Heap before GC invocations=661 (full 57):
 par new generation   total 188736K, used 171289K [0x00000000c0000000, 0x00000000cccc0000, 0x00000000cccc0000)
  eden space 167808K,  99% used [0x00000000c0000000, 0x00000000ca346440, 0x00000000ca3e0000)
  from space 20928K,  19% used [0x00000000ca3e0000, 0x00000000ca7e0040, 0x00000000cb850000)
  to   space 20928K,   0% used [0x00000000cb850000, 0x00000000cb850000, 0x00000000cccc0000)
 concurrent mark-sweep generation total 838912K, used 490547K [0x00000000cccc0000, 0x0000000100000000, 0x0000000100000000)
 Metaspace       used 3935K, capacity 4540K, committed 4864K, reserved 1056768K
  class space    used 425K, capacity 428K, committed 512K, reserved 1048576K
2024-07-26T01:31:25.158+0800: 16.758: [GC (Allocation Failure) 2024-07-26T01:31:25.158+0800: 16.758: [ParNew2024-07-26T01:31:25.170+0800: 16.769: [SoftReference, 0 refs, 0.0000362 secs]2024-07-26T01:31:25.170+0800: 16.769: [WeakReference, 0 refs, 0.0000064 secs]2024-07-26T01:31:25.170+0800: 16.769: [FinalReference, 0 refs, 0.0000040 secs]2024-07-26T01:31:25.170+0800: 16.769: [PhantomReference, 0 refs, 0.0000038 secs]2024-07-26T01:31:25.170+0800: 16.769: [JNI Weak Reference, 0.0000043 secs]
Desired survivor size 10715136 bytes, new threshold 1 (max 1)
- age   1:   20971840 bytes,   20971840 total
: 171289K->20480K(188736K), 0.0113435 secs] 661837K->558135K(1027648K), 0.0113844 secs] [Times: user=0.02 sys=0.00, real=0.01 secs] 
Heap after GC invocations=662 (full 57):
 par new generation   total 188736K, used 20480K [0x00000000c0000000, 0x00000000cccc0000, 0x00000000cccc0000)
  eden space 167808K,   0% used [0x00000000c0000000, 0x00000000c0000000, 0x00000000ca3e0000)
  from space 20928K,  97% used [0x00000000cb850000, 0x00000000ccc50140, 0x00000000cccc0000)
  to   space 20928K,   0% used [0x00000000ca3e0000, 0x00000000ca3e0000, 0x00000000cb850000)
 concurrent mark-sweep generation total 838912K, used 537654K [0x00000000cccc0000, 0x0000000100000000, 0x0000000100000000)
 Metaspace       used 3935K, capacity 4540K, committed 4864K, reserved 1056768K
  class space    used 425K, capacity 428K, committed 512K, reserved 1048576K
}
2024-07-26T01:31:25.170+0800: 16.769: Total time for which application threads were stopped: 0.0115043 seconds, Stopping threads took: 0.0000257 seconds
{Heap before GC invocations=662 (full 57):
 par new generation   total 188736K, used 187673K [0x00000000c0000000, 0x00000000cccc0000, 0x00000000cccc0000)
  eden space 167808K,  99% used [0x00000000c0000000, 0x00000000ca346440, 0x00000000ca3e0000)
  from space 20928K,  97% used [0x00000000cb850000, 0x00000000ccc50140, 0x00000000cccc0000)
  to   space 20928K,   0% used [0x00000000ca3e0000, 0x00000000ca3e0000, 0x00000000cb850000)
 concurrent mark-sweep generation total 838912K, used 537654K [0x00000000cccc0000, 0x0000000100000000, 0x0000000100000000)
 Metaspace       used 3935K, capacity 4540K, committed 4864K, reserved 1056768K
  class space    used 425K, capacity 428K, committed 512K, reserved 1048576K
2024-07-26T01:31:25.188+0800: 16.788: [GC (Allocation Failure) 2024-07-26T01:31:25.188+0800: 16.788: [ParNew2024-07-26T01:31:25.194+0800: 16.793: [SoftReference, 0 refs, 0.0000337 secs]2024-07-26T01:31:25.194+0800: 16.793: [WeakReference, 0 refs, 0.0000042 secs]2024-07-26T01:31:25.194+0800: 16.793: [FinalReference, 0 refs, 0.0000038 secs]2024-07-26T01:31:25.194+0800: 16.793: [PhantomReference, 0 refs, 0.0000084 secs]2024-07-26T01:31:25.194+0800: 16.793: [JNI Weak Reference, 0.0000042 secs]
Desired survivor size 10715136 bytes, new threshold 1 (max 1)
- age   1:   20971840 bytes,   20971840 total
: 187673K->20480K(188736K), 0.0052132 secs] 725328K->565303K(1027648K), 0.0052881 secs] [Times: user=0.00 sys=0.00, real=0.01 secs] 
Heap after GC invocations=663 (full 57):
 par new generation   total 188736K, used 20480K [0x00000000c0000000, 0x00000000cccc0000, 0x00000000cccc0000)
  eden space 167808K,   0% used [0x00000000c0000000, 0x00000000c0000000, 0x00000000ca3e0000)
  from space 20928K,  97% used [0x00000000ca3e0000, 0x00000000cb7e0140, 0x00000000cb850000)
  to   space 20928K,   0% used [0x00000000cb850000, 0x00000000cb850000, 0x00000000cccc0000)
 concurrent mark-sweep generation total 838912K, used 544822K [0x00000000cccc0000, 0x0000000100000000, 0x0000000100000000)
 Metaspace       used 3935K, capacity 4540K, committed 4864K, reserved 1056768K
  class space    used 425K, capacity 428K, committed 512K, reserved 1048576K
}
2024-07-26T01:31:25.194+0800: 16.793: Total time for which application threads were stopped: 0.0054427 seconds, Stopping threads took: 0.0000249 seconds
{Heap before GC invocations=663 (full 57):
 par new generation   total 188736K, used 187673K [0x00000000c0000000, 0x00000000cccc0000, 0x00000000cccc0000)
  eden space 167808K,  99% used [0x00000000c0000000, 0x00000000ca346440, 0x00000000ca3e0000)
  from space 20928K,  97% used [0x00000000ca3e0000, 0x00000000cb7e0140, 0x00000000cb850000)
  to   space 20928K,   0% used [0x00000000cb850000, 0x00000000cb850000, 0x00000000cccc0000)
 concurrent mark-sweep generation total 838912K, used 544822K [0x00000000cccc0000, 0x0000000100000000, 0x0000000100000000)
 Metaspace       used 3935K, capacity 4540K, committed 4864K, reserved 1056768K
  class space    used 425K, capacity 428K, committed 512K, reserved 1048576K
2024-07-26T01:31:25.210+0800: 16.810: [GC (Allocation Failure) 2024-07-26T01:31:25.210+0800: 16.810: [ParNew2024-07-26T01:31:25.231+0800: 16.831: [SoftReference, 0 refs, 0.0000541 secs]2024-07-26T01:31:25.231+0800: 16.831: [WeakReference, 0 refs, 0.0000061 secs]2024-07-26T01:31:25.231+0800: 16.831: [FinalReference, 0 refs, 0.0000058 secs]2024-07-26T01:31:25.231+0800: 16.831: [PhantomReference, 0 refs, 0.0000042 secs]2024-07-26T01:31:25.231+0800: 16.831: [JNI Weak Reference, 0.0000057 secs]
Desired survivor size 10715136 bytes, new threshold 1 (max 1)
- age   1:   20971840 bytes,   20971840 total
: 187673K->20480K(188736K), 0.0216140 secs] 732496K->635962K(1027648K), 0.0216558 secs] [Times: user=0.05 sys=0.00, real=0.02 secs] 
Heap after GC invocations=664 (full 57):
 par new generation   total 188736K, used 20480K [0x00000000c0000000, 0x00000000cccc0000, 0x00000000cccc0000)
  eden space 167808K,   0% used [0x00000000c0000000, 0x00000000c0000000, 0x00000000ca3e0000)
  from space 20928K,  97% used [0x00000000cb850000, 0x00000000ccc50140, 0x00000000cccc0000)
  to   space 20928K,   0% used [0x00000000ca3e0000, 0x00000000ca3e0000, 0x00000000cb850000)
 concurrent mark-sweep generation total 838912K, used 615481K [0x00000000cccc0000, 0x0000000100000000, 0x0000000100000000)
 Metaspace       used 3935K, capacity 4540K, committed 4864K, reserved 1056768K
  class space    used 425K, capacity 428K, committed 512K, reserved 1048576K
}
2024-07-26T01:31:25.232+0800: 16.831: Total time for which application threads were stopped: 0.0217935 seconds, Stopping threads took: 0.0000315 seconds
{Heap before GC invocations=664 (full 57):
 par new generation   total 188736K, used 187673K [0x00000000c0000000, 0x00000000cccc0000, 0x00000000cccc0000)
  eden space 167808K,  99% used [0x00000000c0000000, 0x00000000ca346440, 0x00000000ca3e0000)
  from space 20928K,  97% used [0x00000000cb850000, 0x00000000ccc50140, 0x00000000cccc0000)
  to   space 20928K,   0% used [0x00000000ca3e0000, 0x00000000ca3e0000, 0x00000000cb850000)
 concurrent mark-sweep generation total 838912K, used 615481K [0x00000000cccc0000, 0x0000000100000000, 0x0000000100000000)
 Metaspace       used 3935K, capacity 4540K, committed 4864K, reserved 1056768K
  class space    used 425K, capacity 428K, committed 512K, reserved 1048576K
2024-07-26T01:31:25.267+0800: 16.867: [GC (Allocation Failure) 2024-07-26T01:31:25.267+0800: 16.867: [ParNew2024-07-26T01:31:25.280+0800: 16.879: [SoftReference, 0 refs, 0.0000663 secs]2024-07-26T01:31:25.280+0800: 16.879: [WeakReference, 0 refs, 0.0000091 secs]2024-07-26T01:31:25.280+0800: 16.879: [FinalReference, 0 refs, 0.0000141 secs]2024-07-26T01:31:25.280+0800: 16.879: [PhantomReference, 0 refs, 0.0000077 secs]2024-07-26T01:31:25.280+0800: 16.879: [JNI Weak Reference, 0.0000272 secs]
Desired survivor size 10715136 bytes, new threshold 1 (max 1)
- age   1:   20971840 bytes,   20971840 total
: 187673K->20480K(188736K), 0.0129042 secs] 803155K->666682K(1027648K), 0.0129570 secs] [Times: user=0.05 sys=0.01, real=0.01 secs] 
Heap after GC invocations=665 (full 57):
 par new generation   total 188736K, used 20480K [0x00000000c0000000, 0x00000000cccc0000, 0x00000000cccc0000)
  eden space 167808K,   0% used [0x00000000c0000000, 0x00000000c0000000, 0x00000000ca3e0000)
  from space 20928K,  97% used [0x00000000ca3e0000, 0x00000000cb7e0140, 0x00000000cb850000)
  to   space 20928K,   0% used [0x00000000cb850000, 0x00000000cb850000, 0x00000000cccc0000)
 concurrent mark-sweep generation total 838912K, used 646202K [0x00000000cccc0000, 0x0000000100000000, 0x0000000100000000)
 Metaspace       used 3935K, capacity 4540K, committed 4864K, reserved 1056768K
  class space    used 425K, capacity 428K, committed 512K, reserved 1048576K
}
2024-07-26T01:31:25.280+0800: 16.880: Total time for which application threads were stopped: 0.0131657 seconds, Stopping threads took: 0.0000457 seconds
{Heap before GC invocations=665 (full 57):
 par new generation   total 188736K, used 187673K [0x00000000c0000000, 0x00000000cccc0000, 0x00000000cccc0000)
  eden space 167808K,  99% used [0x00000000c0000000, 0x00000000ca346440, 0x00000000ca3e0000)
  from space 20928K,  97% used [0x00000000ca3e0000, 0x00000000cb7e0140, 0x00000000cb850000)
  to   space 20928K,   0% used [0x00000000cb850000, 0x00000000cb850000, 0x00000000cccc0000)
 concurrent mark-sweep generation total 838912K, used 646202K [0x00000000cccc0000, 0x0000000100000000, 0x0000000100000000)
 Metaspace       used 3935K, capacity 4540K, committed 4864K, reserved 1056768K
  class space    used 425K, capacity 428K, committed 512K, reserved 1048576K
2024-07-26T01:31:25.313+0800: 16.913: [GC (Allocation Failure) 2024-07-26T01:31:25.313+0800: 16.913: [ParNew2024-07-26T01:31:25.316+0800: 16.916: [SoftReference, 0 refs, 0.0000489 secs]2024-07-26T01:31:25.316+0800: 16.916: [WeakReference, 0 refs, 0.0000077 secs]2024-07-26T01:31:25.316+0800: 16.916: [FinalReference, 0 refs, 0.0000063 secs]2024-07-26T01:31:25.316+0800: 16.916: [PhantomReference, 0 refs, 0.0000069 secs]2024-07-26T01:31:25.316+0800: 16.916: [JNI Weak Reference, 0.0000071 secs]
Desired survivor size 10715136 bytes, new threshold 1 (max 1)
- age   1:   11534512 bytes,   11534512 total
: 187673K->11264K(188736K), 0.0031386 secs] 833875K->657466K(1027648K), 0.0031890 secs] [Times: user=0.02 sys=0.00, real=0.00 secs] 
Heap after GC invocations=666 (full 57):
 par new generation   total 188736K, used 11264K [0x00000000c0000000, 0x00000000cccc0000, 0x00000000cccc0000)
  eden space 167808K,   0% used [0x00000000c0000000, 0x00000000c0000000, 0x00000000ca3e0000)
  from space 20928K,  53% used [0x00000000cb850000, 0x00000000cc3500b0, 0x00000000cccc0000)
  to   space 20928K,   0% used [0x00000000ca3e0000, 0x00000000ca3e0000, 0x00000000cb850000)
 concurrent mark-sweep generation total 838912K, used 646202K [0x00000000cccc0000, 0x0000000100000000, 0x0000000100000000)
 Metaspace       used 3935K, capacity 4540K, committed 4864K, reserved 1056768K
  class space    used 425K, capacity 428K, committed 512K, reserved 1048576K
}
2024-07-26T01:31:25.316+0800: 16.916: Total time for which application threads were stopped: 0.0033512 seconds, Stopping threads took: 0.0000289 seconds
{Heap before GC invocations=666 (full 57):
 par new generation   total 188736K, used 178457K [0x00000000c0000000, 0x00000000cccc0000, 0x00000000cccc0000)
  eden space 167808K,  99% used [0x00000000c0000000, 0x00000000ca346440, 0x00000000ca3e0000)
  from space 20928K,  53% used [0x00000000cb850000, 0x00000000cc3500b0, 0x00000000cccc0000)
  to   space 20928K,   0% used [0x00000000ca3e0000, 0x00000000ca3e0000, 0x00000000cb850000)
 concurrent mark-sweep generation total 838912K, used 646202K [0x00000000cccc0000, 0x0000000100000000, 0x0000000100000000)
 Metaspace       used 3935K, capacity 4540K, committed 4864K, reserved 1056768K
  class space    used 425K, capacity 428K, committed 512K, reserved 1048576K
2024-07-26T01:31:25.341+0800: 16.941: [GC (Allocation Failure) 2024-07-26T01:31:25.341+0800: 16.941: [ParNew2024-07-26T01:31:25.357+0800: 16.957: [SoftReference, 0 refs, 0.0000419 secs]2024-07-26T01:31:25.357+0800: 16.957: [WeakReference, 0 refs, 0.0000045 secs]2024-07-26T01:31:25.357+0800: 16.957: [FinalReference, 0 refs, 0.0000039 secs]2024-07-26T01:31:25.357+0800: 16.957: [PhantomReference, 0 refs, 0.0000038 secs]2024-07-26T01:31:25.357+0800: 16.957: [JNI Weak Reference, 0.0000044 secs]
Desired survivor size 10715136 bytes, new threshold 1 (max 1)
- age   1:   20971840 bytes,   20971840 total
: 178457K->20480K(188736K), 0.0159805 secs] 824659K->720955K(1027648K), 0.0160378 secs] [Times: user=0.02 sys=0.00, real=0.02 secs] 
Heap after GC invocations=667 (full 57):
 par new generation   total 188736K, used 20480K [0x00000000c0000000, 0x00000000cccc0000, 0x00000000cccc0000)
  eden space 167808K,   0% used [0x00000000c0000000, 0x00000000c0000000, 0x00000000ca3e0000)
  from space 20928K,  97% used [0x00000000ca3e0000, 0x00000000cb7e0140, 0x00000000cb850000)
  to   space 20928K,   0% used [0x00000000cb850000, 0x00000000cb850000, 0x00000000cccc0000)
 concurrent mark-sweep generation total 838912K, used 700475K [0x00000000cccc0000, 0x0000000100000000, 0x0000000100000000)
 Metaspace       used 3935K, capacity 4540K, committed 4864K, reserved 1056768K
  class space    used 425K, capacity 428K, committed 512K, reserved 1048576K
}
2024-07-26T01:31:25.357+0800: 16.957: Total time for which application threads were stopped: 0.0161723 seconds, Stopping threads took: 0.0000281 seconds
{Heap before GC invocations=667 (full 57):
 par new generation   total 188736K, used 187673K [0x00000000c0000000, 0x00000000cccc0000, 0x00000000cccc0000)
  eden space 167808K,  99% used [0x00000000c0000000, 0x00000000ca346440, 0x00000000ca3e0000)
  from space 20928K,  97% used [0x00000000ca3e0000, 0x00000000cb7e0140, 0x00000000cb850000)
  to   space 20928K,   0% used [0x00000000cb850000, 0x00000000cb850000, 0x00000000cccc0000)
 concurrent mark-sweep generation total 838912K, used 700475K [0x00000000cccc0000, 0x0000000100000000, 0x0000000100000000)
 Metaspace       used 3935K, capacity 4540K, committed 4864K, reserved 1056768K
  class space    used 425K, capacity 428K, committed 512K, reserved 1048576K
2024-07-26T01:31:25.374+0800: 16.974: [GC (Allocation Failure) 2024-07-26T01:31:25.374+0800: 16.974: [ParNew2024-07-26T01:31:25.381+0800: 16.981: [SoftReference, 0 refs, 0.0000351 secs]2024-07-26T01:31:25.381+0800: 16.981: [WeakReference, 0 refs, 0.0000045 secs]2024-07-26T01:31:25.381+0800: 16.981: [FinalReference, 0 refs, 0.0000040 secs]2024-07-26T01:31:25.381+0800: 16.981: [PhantomReference, 0 refs, 0.0000037 secs]2024-07-26T01:31:25.381+0800: 16.981: [JNI Weak Reference, 0.0000043 secs]
Desired survivor size 10715136 bytes, new threshold 1 (max 1)
- age   1:   20971840 bytes,   20971840 total
: 187673K->20480K(188736K), 0.0064593 secs] 888148K->735291K(1027648K), 0.0065006 secs] [Times: user=0.00 sys=0.00, real=0.01 secs] 
Heap after GC invocations=668 (full 57):
 par new generation   total 188736K, used 20480K [0x00000000c0000000, 0x00000000cccc0000, 0x00000000cccc0000)
  eden space 167808K,   0% used [0x00000000c0000000, 0x00000000c0000000, 0x00000000ca3e0000)
  from space 20928K,  97% used [0x00000000cb850000, 0x00000000ccc50140, 0x00000000cccc0000)
  to   space 20928K,   0% used [0x00000000ca3e0000, 0x00000000ca3e0000, 0x00000000cb850000)
 concurrent mark-sweep generation total 838912K, used 714811K [0x00000000cccc0000, 0x0000000100000000, 0x0000000100000000)
 Metaspace       used 3935K, capacity 4540K, committed 4864K, reserved 1056768K
  class space    used 425K, capacity 428K, committed 512K, reserved 1048576K
}
2024-07-26T01:31:25.381+0800: 16.981: Total time for which application threads were stopped: 0.0066196 seconds, Stopping threads took: 0.0000244 seconds
{Heap before GC invocations=668 (full 57):
 par new generation   total 188736K, used 187673K [0x00000000c0000000, 0x00000000cccc0000, 0x00000000cccc0000)
  eden space 167808K,  99% used [0x00000000c0000000, 0x00000000ca346440, 0x00000000ca3e0000)
  from space 20928K,  97% used [0x00000000cb850000, 0x00000000ccc50140, 0x00000000cccc0000)
  to   space 20928K,   0% used [0x00000000ca3e0000, 0x00000000ca3e0000, 0x00000000cb850000)
 concurrent mark-sweep generation total 838912K, used 714811K [0x00000000cccc0000, 0x0000000100000000, 0x0000000100000000)
 Metaspace       used 3935K, capacity 4540K, committed 4864K, reserved 1056768K
  class space    used 425K, capacity 428K, committed 512K, reserved 1048576K
2024-07-26T01:31:25.406+0800: 17.005: [GC (Allocation Failure) 2024-07-26T01:31:25.406+0800: 17.005: [ParNew2024-07-26T01:31:25.423+0800: 17.022: [SoftReference, 0 refs, 0.0000389 secs]2024-07-26T01:31:25.423+0800: 17.022: [WeakReference, 0 refs, 0.0000045 secs]2024-07-26T01:31:25.423+0800: 17.022: [FinalReference, 0 refs, 0.0000042 secs]2024-07-26T01:31:25.423+0800: 17.022: [PhantomReference, 0 refs, 0.0000037 secs]2024-07-26T01:31:25.423+0800: 17.022: [JNI Weak Reference, 0.0000044 secs]
Desired survivor size 10715136 bytes, new threshold 1 (max 1)
- age   1:   20971840 bytes,   20971840 total
: 187673K->20480K(188736K), 0.0172798 secs] 902484K->813119K(1027648K), 0.0173261 secs] [Times: user=0.05 sys=0.02, real=0.02 secs] 
Heap after GC invocations=669 (full 57):
 par new generation   total 188736K, used 20480K [0x00000000c0000000, 0x00000000cccc0000, 0x00000000cccc0000)
  eden space 167808K,   0% used [0x00000000c0000000, 0x00000000c0000000, 0x00000000ca3e0000)
  from space 20928K,  97% used [0x00000000ca3e0000, 0x00000000cb7e0140, 0x00000000cb850000)
  to   space 20928K,   0% used [0x00000000cb850000, 0x00000000cb850000, 0x00000000cccc0000)
 concurrent mark-sweep generation total 838912K, used 792638K [0x00000000cccc0000, 0x0000000100000000, 0x0000000100000000)
 Metaspace       used 3935K, capacity 4540K, committed 4864K, reserved 1056768K
  class space    used 425K, capacity 428K, committed 512K, reserved 1048576K
}
2024-07-26T01:31:25.423+0800: 17.022: Total time for which application threads were stopped: 0.0174585 seconds, Stopping threads took: 0.0000301 seconds
{Heap before GC invocations=669 (full 57):
 par new generation   total 188736K, used 187673K [0x00000000c0000000, 0x00000000cccc0000, 0x00000000cccc0000)
  eden space 167808K,  99% used [0x00000000c0000000, 0x00000000ca346440, 0x00000000ca3e0000)
  from space 20928K,  97% used [0x00000000ca3e0000, 0x00000000cb7e0140, 0x00000000cb850000)
  to   space 20928K,   0% used [0x00000000cb850000, 0x00000000cb850000, 0x00000000cccc0000)
 concurrent mark-sweep generation total 838912K, used 792638K [0x00000000cccc0000, 0x0000000100000000, 0x0000000100000000)
 Metaspace       used 3935K, capacity 4540K, committed 4864K, reserved 1056768K
  class space    used 425K, capacity 428K, committed 512K, reserved 1048576K
2024-07-26T01:31:25.442+0800: 17.041: [GC (Allocation Failure) 2024-07-26T01:31:25.442+0800: 17.041: [ParNew: 187673K->187673K(188736K), 0.0000139 secs]2024-07-26T01:31:25.442+0800: 17.041: [CMS2024-07-26T01:31:25.442+0800: 17.042: [CMS-concurrent-abortable-preclean: 0.010/0.407 secs] [Times: user=0.34 sys=0.03, real=0.41 secs] 
 (concurrent mode failure)2024-07-26T01:31:25.442+0800: 17.042: [SoftReference, 0 refs, 0.0000162 secs]2024-07-26T01:31:25.442+0800: 17.042: [WeakReference, 2 refs, 0.0000042 secs]2024-07-26T01:31:25.442+0800: 17.042: [FinalReference, 2 refs, 0.0000033 secs]2024-07-26T01:31:25.442+0800: 17.042: [PhantomReference, 0 refs, 0.0000033 secs]2024-07-26T01:31:25.442+0800: 17.042: [JNI Weak Reference, 0.0000038 secs]: 792638K->59425K(838912K), 0.0145353 secs] 980312K->59425K(1027648K), [Metaspace: 3935K->3935K(1056768K)], 0.0146185 secs] [Times: user=0.02 sys=0.00, real=0.01 secs] 
Heap after GC invocations=670 (full 58):
 par new generation   total 188736K, used 0K [0x00000000c0000000, 0x00000000cccc0000, 0x00000000cccc0000)
  eden space 167808K,   0% used [0x00000000c0000000, 0x00000000c0000000, 0x00000000ca3e0000)
  from space 20928K,   0% used [0x00000000ca3e0000, 0x00000000ca3e0000, 0x00000000cb850000)
  to   space 20928K,   0% used [0x00000000cb850000, 0x00000000cb850000, 0x00000000cccc0000)
 concurrent mark-sweep generation total 838912K, used 59425K [0x00000000cccc0000, 0x0000000100000000, 0x0000000100000000)
 Metaspace       used 3935K, capacity 4540K, committed 4864K, reserved 1056768K
  class space    used 425K, capacity 428K, committed 512K, reserved 1048576K
}
2024-07-26T01:31:25.456+0800: 17.056: Total time for which application threads were stopped: 0.0147395 seconds, Stopping threads took: 0.0000241 seconds
{Heap before GC invocations=670 (full 58):
 par new generation   total 188736K, used 167193K [0x00000000c0000000, 0x00000000cccc0000, 0x00000000cccc0000)
  eden space 167808K,  99% used [0x00000000c0000000, 0x00000000ca346440, 0x00000000ca3e0000)
  from space 20928K,   0% used [0x00000000ca3e0000, 0x00000000ca3e0000, 0x00000000cb850000)
  to   space 20928K,   0% used [0x00000000cb850000, 0x00000000cb850000, 0x00000000cccc0000)
 concurrent mark-sweep generation total 838912K, used 59425K [0x00000000cccc0000, 0x0000000100000000, 0x0000000100000000)
 Metaspace       used 3935K, capacity 4540K, committed 4864K, reserved 1056768K
  class space    used 425K, capacity 428K, committed 512K, reserved 1048576K
2024-07-26T01:31:25.472+0800: 17.072: [GC (Allocation Failure) 2024-07-26T01:31:25.472+0800: 17.072: [ParNew2024-07-26T01:31:25.476+0800: 17.076: [SoftReference, 0 refs, 0.0000403 secs]2024-07-26T01:31:25.476+0800: 17.076: [WeakReference, 0 refs, 0.0000060 secs]2024-07-26T01:31:25.476+0800: 17.076: [FinalReference, 0 refs, 0.0000052 secs]2024-07-26T01:31:25.476+0800: 17.076: [PhantomReference, 0 refs, 0.0000050 secs]2024-07-26T01:31:25.476+0800: 17.076: [JNI Weak Reference, 0.0000057 secs]
Desired survivor size 10715136 bytes, new threshold 1 (max 1)
- age   1:   18874656 bytes,   18874656 total
: 167193K->18432K(188736K), 0.0039908 secs] 226618K->77857K(1027648K), 0.0040484 secs] [Times: user=0.00 sys=0.00, real=0.00 secs] 
Heap after GC invocations=671 (full 58):
 par new generation   total 188736K, used 18432K [0x00000000c0000000, 0x00000000cccc0000, 0x00000000cccc0000)
  eden space 167808K,   0% used [0x00000000c0000000, 0x00000000c0000000, 0x00000000ca3e0000)
  from space 20928K,  88% used [0x00000000cb850000, 0x00000000cca50120, 0x00000000cccc0000)
  to   space 20928K,   0% used [0x00000000ca3e0000, 0x00000000ca3e0000, 0x00000000cb850000)
 concurrent mark-sweep generation total 838912K, used 59425K [0x00000000cccc0000, 0x0000000100000000, 0x0000000100000000)
 Metaspace       used 3935K, capacity 4540K, committed 4864K, reserved 1056768K
  class space    used 425K, capacity 428K, committed 512K, reserved 1048576K
}
2024-07-26T01:31:25.476+0800: 17.076: Total time for which application threads were stopped: 0.0041954 seconds, Stopping threads took: 0.0000346 seconds
{Heap before GC invocations=671 (full 58):
 par new generation   total 188736K, used 185618K [0x00000000c0000000, 0x00000000cccc0000, 0x00000000cccc0000)
  eden space 167808K,  99% used [0x00000000c0000000, 0x00000000ca344778, 0x00000000ca3e0000)
  from space 20928K,  88% used [0x00000000cb850000, 0x00000000cca50120, 0x00000000cccc0000)
  to   space 20928K,   0% used [0x00000000ca3e0000, 0x00000000ca3e0000, 0x00000000cb850000)
 concurrent mark-sweep generation total 838912K, used 59425K [0x00000000cccc0000, 0x0000000100000000, 0x0000000100000000)
 Metaspace       used 3935K, capacity 4540K, committed 4864K, reserved 1056768K
  class space    used 425K, capacity 428K, committed 512K, reserved 1048576K
2024-07-26T01:31:25.493+0800: 17.092: [GC (Allocation Failure) 2024-07-26T01:31:25.493+0800: 17.092: [ParNew2024-07-26T01:31:25.508+0800: 17.107: [SoftReference, 0 refs, 0.0000318 secs]2024-07-26T01:31:25.508+0800: 17.107: [WeakReference, 0 refs, 0.0000043 secs]2024-07-26T01:31:25.508+0800: 17.107: [FinalReference, 0 refs, 0.0000038 secs]2024-07-26T01:31:25.508+0800: 17.107: [PhantomReference, 0 refs, 0.0000040 secs]2024-07-26T01:31:25.508+0800: 17.107: [JNI Weak Reference, 0.0000048 secs]
Desired survivor size 10715136 bytes, new threshold 1 (max 1)
- age   1:   20971840 bytes,   20971840 total
: 185618K->20480K(188736K), 0.0148585 secs] 245043K->141348K(1027648K), 0.0148994 secs] [Times: user=0.05 sys=0.00, real=0.01 secs] 
Heap after GC invocations=672 (full 58):
 par new generation   total 188736K, used 20480K [0x00000000c0000000, 0x00000000cccc0000, 0x00000000cccc0000)
  eden space 167808K,   0% used [0x00000000c0000000, 0x00000000c0000000, 0x00000000ca3e0000)
  from space 20928K,  97% used [0x00000000ca3e0000, 0x00000000cb7e0140, 0x00000000cb850000)
  to   space 20928K,   0% used [0x00000000cb850000, 0x00000000cb850000, 0x00000000cccc0000)
 concurrent mark-sweep generation total 838912K, used 120868K [0x00000000cccc0000, 0x0000000100000000, 0x0000000100000000)
 Metaspace       used 3935K, capacity 4540K, committed 4864K, reserved 1056768K
  class space    used 425K, capacity 428K, committed 512K, reserved 1048576K
}
2024-07-26T01:31:25.508+0800: 17.107: Total time for which application threads were stopped: 0.0150108 seconds, Stopping threads took: 0.0000222 seconds
{Heap before GC invocations=672 (full 58):
 par new generation   total 188736K, used 187668K [0x00000000c0000000, 0x00000000cccc0000, 0x00000000cccc0000)
  eden space 167808K,  99% used [0x00000000c0000000, 0x00000000ca3451c0, 0x00000000ca3e0000)
  from space 20928K,  97% used [0x00000000ca3e0000, 0x00000000cb7e0140, 0x00000000cb850000)
  to   space 20928K,   0% used [0x00000000cb850000, 0x00000000cb850000, 0x00000000cccc0000)
 concurrent mark-sweep generation total 838912K, used 120868K [0x00000000cccc0000, 0x0000000100000000, 0x0000000100000000)
 Metaspace       used 3935K, capacity 4540K, committed 4864K, reserved 1056768K
  class space    used 425K, capacity 428K, committed 512K, reserved 1048576K
2024-07-26T01:31:25.527+0800: 17.127: [GC (Allocation Failure) 2024-07-26T01:31:25.527+0800: 17.127: [ParNew2024-07-26T01:31:25.534+0800: 17.134: [SoftReference, 0 refs, 0.0000443 secs]2024-07-26T01:31:25.534+0800: 17.134: [WeakReference, 0 refs, 0.0000078 secs]2024-07-26T01:31:25.534+0800: 17.134: [FinalReference, 0 refs, 0.0000070 secs]2024-07-26T01:31:25.534+0800: 17.134: [PhantomReference, 0 refs, 0.0000072 secs]2024-07-26T01:31:25.534+0800: 17.134: [JNI Weak Reference, 0.0000076 secs]
Desired survivor size 10715136 bytes, new threshold 1 (max 1)
- age   1:   20971840 bytes,   20971840 total
: 187668K->20480K(188736K), 0.0073628 secs] 308536K->162854K(1027648K), 0.0074337 secs] [Times: user=0.00 sys=0.00, real=0.01 secs] 
Heap after GC invocations=673 (full 58):
 par new generation   total 188736K, used 20480K [0x00000000c0000000, 0x00000000cccc0000, 0x00000000cccc0000)
  eden space 167808K,   0% used [0x00000000c0000000, 0x00000000c0000000, 0x00000000ca3e0000)
  from space 20928K,  97% used [0x00000000cb850000, 0x00000000ccc50140, 0x00000000cccc0000)
  to   space 20928K,   0% used [0x00000000ca3e0000, 0x00000000ca3e0000, 0x00000000cb850000)
 concurrent mark-sweep generation total 838912K, used 142374K [0x00000000cccc0000, 0x0000000100000000, 0x0000000100000000)
 Metaspace       used 3935K, capacity 4540K, committed 4864K, reserved 1056768K
  class space    used 425K, capacity 428K, committed 512K, reserved 1048576K
}
2024-07-26T01:31:25.534+0800: 17.134: Total time for which application threads were stopped: 0.0076452 seconds, Stopping threads took: 0.0000460 seconds
{Heap before GC invocations=673 (full 58):
 par new generation   total 188736K, used 187670K [0x00000000c0000000, 0x00000000cccc0000, 0x00000000cccc0000)
  eden space 167808K,  99% used [0x00000000c0000000, 0x00000000ca345860, 0x00000000ca3e0000)
  from space 20928K,  97% used [0x00000000cb850000, 0x00000000ccc50140, 0x00000000cccc0000)
  to   space 20928K,   0% used [0x00000000ca3e0000, 0x00000000ca3e0000, 0x00000000cb850000)
 concurrent mark-sweep generation total 838912K, used 142374K [0x00000000cccc0000, 0x0000000100000000, 0x0000000100000000)
 Metaspace       used 3935K, capacity 4540K, committed 4864K, reserved 1056768K
  class space    used 425K, capacity 428K, committed 512K, reserved 1048576K
2024-07-26T01:31:25.551+0800: 17.151: [GC (Allocation Failure) 2024-07-26T01:31:25.551+0800: 17.151: [ParNew2024-07-26T01:31:25.552+0800: 17.152: [SoftReference, 0 refs, 0.0000367 secs]2024-07-26T01:31:25.552+0800: 17.152: [WeakReference, 0 refs, 0.0000047 secs]2024-07-26T01:31:25.552+0800: 17.152: [FinalReference, 0 refs, 0.0000039 secs]2024-07-26T01:31:25.552+0800: 17.152: [PhantomReference, 0 refs, 0.0000038 secs]2024-07-26T01:31:25.552+0800: 17.152: [JNI Weak Reference, 0.0000044 secs]
Desired survivor size 10715136 bytes, new threshold 1 (max 1)
- age   1:    2097184 bytes,    2097184 total
: 187670K->2048K(188736K), 0.0012272 secs] 330044K->144422K(1027648K), 0.0012709 secs] [Times: user=0.00 sys=0.00, real=0.00 secs] 
Heap after GC invocations=674 (full 58):
 par new generation   total 188736K, used 2048K [0x00000000c0000000, 0x00000000cccc0000, 0x00000000cccc0000)
  eden space 167808K,   0% used [0x00000000c0000000, 0x00000000c0000000, 0x00000000ca3e0000)
  from space 20928K,   9% used [0x00000000ca3e0000, 0x00000000ca5e0020, 0x00000000cb850000)
  to   space 20928K,   0% used [0x00000000cb850000, 0x00000000cb850000, 0x00000000cccc0000)
 concurrent mark-sweep generation total 838912K, used 142374K [0x00000000cccc0000, 0x0000000100000000, 0x0000000100000000)
 Metaspace       used 3935K, capacity 4540K, committed 4864K, reserved 1056768K
  class space    used 425K, capacity 428K, committed 512K, reserved 1048576K
}
2024-07-26T01:31:25.553+0800: 17.152: Total time for which application threads were stopped: 0.0013937 seconds, Stopping threads took: 0.0000259 seconds
{Heap before GC invocations=674 (full 58):
 par new generation   total 188736K, used 169239K [0x00000000c0000000, 0x00000000cccc0000, 0x00000000cccc0000)
  eden space 167808K,  99% used [0x00000000c0000000, 0x00000000ca345ca0, 0x00000000ca3e0000)
  from space 20928K,   9% used [0x00000000ca3e0000, 0x00000000ca5e0020, 0x00000000cb850000)
  to   space 20928K,   0% used [0x00000000cb850000, 0x00000000cb850000, 0x00000000cccc0000)
 concurrent mark-sweep generation total 838912K, used 142374K [0x00000000cccc0000, 0x0000000100000000, 0x0000000100000000)
 Metaspace       used 3935K, capacity 4540K, committed 4864K, reserved 1056768K
  class space    used 425K, capacity 428K, committed 512K, reserved 1048576K
2024-07-26T01:31:25.568+0800: 17.168: [GC (Allocation Failure) 2024-07-26T01:31:25.568+0800: 17.168: [ParNew2024-07-26T01:31:25.582+0800: 17.182: [SoftReference, 0 refs, 0.0000547 secs]2024-07-26T01:31:25.582+0800: 17.182: [WeakReference, 0 refs, 0.0000082 secs]2024-07-26T01:31:25.582+0800: 17.182: [FinalReference, 0 refs, 0.0000073 secs]2024-07-26T01:31:25.582+0800: 17.182: [PhantomReference, 0 refs, 0.0000067 secs]2024-07-26T01:31:25.582+0800: 17.182: [JNI Weak Reference, 0.0000067 secs]
Desired survivor size 10715136 bytes, new threshold 1 (max 1)
- age   1:   20971840 bytes,   20971840 total
: 169239K->20480K(188736K), 0.0135975 secs] 311613K->207913K(1027648K), 0.0136554 secs] [Times: user=0.06 sys=0.00, real=0.01 secs] 
Heap after GC invocations=675 (full 58):
 par new generation   total 188736K, used 20480K [0x00000000c0000000, 0x00000000cccc0000, 0x00000000cccc0000)
  eden space 167808K,   0% used [0x00000000c0000000, 0x00000000c0000000, 0x00000000ca3e0000)
  from space 20928K,  97% used [0x00000000cb850000, 0x00000000ccc50140, 0x00000000cccc0000)
  to   space 20928K,   0% used [0x00000000ca3e0000, 0x00000000ca3e0000, 0x00000000cb850000)
 concurrent mark-sweep generation total 838912K, used 187433K [0x00000000cccc0000, 0x0000000100000000, 0x0000000100000000)
 Metaspace       used 3935K, capacity 4540K, committed 4864K, reserved 1056768K
  class space    used 425K, capacity 428K, committed 512K, reserved 1048576K
}
2024-07-26T01:31:25.582+0800: 17.182: Total time for which application threads were stopped: 0.0138625 seconds, Stopping threads took: 0.0000536 seconds
{Heap before GC invocations=675 (full 58):
 par new generation   total 188736K, used 187672K [0x00000000c0000000, 0x00000000cccc0000, 0x00000000cccc0000)
  eden space 167808K,  99% used [0x00000000c0000000, 0x00000000ca345f58, 0x00000000ca3e0000)
  from space 20928K,  97% used [0x00000000cb850000, 0x00000000ccc50140, 0x00000000cccc0000)
  to   space 20928K,   0% used [0x00000000ca3e0000, 0x00000000ca3e0000, 0x00000000cb850000)
 concurrent mark-sweep generation total 838912K, used 187433K [0x00000000cccc0000, 0x0000000100000000, 0x0000000100000000)
 Metaspace       used 3935K, capacity 4540K, committed 4864K, reserved 1056768K
  class space    used 425K, capacity 428K, committed 512K, reserved 1048576K
2024-07-26T01:31:25.598+0800: 17.198: [GC (Allocation Failure) 2024-07-26T01:31:25.599+0800: 17.198: [ParNew2024-07-26T01:31:25.602+0800: 17.201: [SoftReference, 0 refs, 0.0000257 secs]2024-07-26T01:31:25.602+0800: 17.201: [WeakReference, 0 refs, 0.0000045 secs]2024-07-26T01:31:25.602+0800: 17.201: [FinalReference, 0 refs, 0.0000039 secs]2024-07-26T01:31:25.602+0800: 17.201: [PhantomReference, 0 refs, 0.0000037 secs]2024-07-26T01:31:25.602+0800: 17.201: [JNI Weak Reference, 0.0000044 secs]
Desired survivor size 10715136 bytes, new threshold 1 (max 1)
- age   1:   20971840 bytes,   20971840 total
: 187672K->20480K(188736K), 0.0038479 secs] 375105K->213035K(1027648K), 0.0038963 secs] [Times: user=0.00 sys=0.00, real=0.00 secs] 
Heap after GC invocations=676 (full 58):
 par new generation   total 188736K, used 20480K [0x00000000c0000000, 0x00000000cccc0000, 0x00000000cccc0000)
  eden space 167808K,   0% used [0x00000000c0000000, 0x00000000c0000000, 0x00000000ca3e0000)
  from space 20928K,  97% used [0x00000000ca3e0000, 0x00000000cb7e0140, 0x00000000cb850000)
  to   space 20928K,   0% used [0x00000000cb850000, 0x00000000cb850000, 0x00000000cccc0000)
 concurrent mark-sweep generation total 838912K, used 192555K [0x00000000cccc0000, 0x0000000100000000, 0x0000000100000000)
 Metaspace       used 3935K, capacity 4540K, committed 4864K, reserved 1056768K
  class space    used 425K, capacity 428K, committed 512K, reserved 1048576K
}
2024-07-26T01:31:25.602+0800: 17.201: Total time for which application threads were stopped: 0.0040172 seconds, Stopping threads took: 0.0000243 seconds
{Heap before GC invocations=676 (full 58):
 par new generation   total 188736K, used 187672K [0x00000000c0000000, 0x00000000cccc0000, 0x00000000cccc0000)
  eden space 167808K,  99% used [0x00000000c0000000, 0x00000000ca346118, 0x00000000ca3e0000)
  from space 20928K,  97% used [0x00000000ca3e0000, 0x00000000cb7e0140, 0x00000000cb850000)
  to   space 20928K,   0% used [0x00000000cb850000, 0x00000000cb850000, 0x00000000cccc0000)
 concurrent mark-sweep generation total 838912K, used 192555K [0x00000000cccc0000, 0x0000000100000000, 0x0000000100000000)
 Metaspace       used 3935K, capacity 4540K, committed 4864K, reserved 1056768K
  class space    used 425K, capacity 428K, committed 512K, reserved 1048576K
2024-07-26T01:31:25.616+0800: 17.216: [GC (Allocation Failure) 2024-07-26T01:31:25.616+0800: 17.216: [ParNew2024-07-26T01:31:25.630+0800: 17.230: [SoftReference, 0 refs, 0.0001161 secs]2024-07-26T01:31:25.631+0800: 17.230: [WeakReference, 0 refs, 0.0000097 secs]2024-07-26T01:31:25.631+0800: 17.230: [FinalReference, 0 refs, 0.0000131 secs]2024-07-26T01:31:25.631+0800: 17.230: [PhantomReference, 0 refs, 0.0000075 secs]2024-07-26T01:31:25.631+0800: 17.230: [JNI Weak Reference, 0.0000072 secs]
Desired survivor size 10715136 bytes, new threshold 1 (max 1)
- age   1:   20971840 bytes,   20971840 total
: 187672K->20480K(188736K), 0.0141134 secs] 380227K->281644K(1027648K), 0.0141542 secs] [Times: user=0.06 sys=0.02, real=0.02 secs] 
Heap after GC invocations=677 (full 58):
 par new generation   total 188736K, used 20480K [0x00000000c0000000, 0x00000000cccc0000, 0x00000000cccc0000)
  eden space 167808K,   0% used [0x00000000c0000000, 0x00000000c0000000, 0x00000000ca3e0000)
  from space 20928K,  97% used [0x00000000cb850000, 0x00000000ccc50140, 0x00000000cccc0000)
  to   space 20928K,   0% used [0x00000000ca3e0000, 0x00000000ca3e0000, 0x00000000cb850000)
 concurrent mark-sweep generation total 838912K, used 261164K [0x00000000cccc0000, 0x0000000100000000, 0x0000000100000000)
 Metaspace       used 3935K, capacity 4540K, committed 4864K, reserved 1056768K
  class space    used 425K, capacity 428K, committed 512K, reserved 1048576K
}
2024-07-26T01:31:25.631+0800: 17.230: Total time for which application threads were stopped: 0.0142820 seconds, Stopping threads took: 0.0000210 seconds
{Heap before GC invocations=677 (full 58):
 par new generation   total 188736K, used 187672K [0x00000000c0000000, 0x00000000cccc0000, 0x00000000cccc0000)
  eden space 167808K,  99% used [0x00000000c0000000, 0x00000000ca346238, 0x00000000ca3e0000)
  from space 20928K,  97% used [0x00000000cb850000, 0x00000000ccc50140, 0x00000000cccc0000)
  to   space 20928K,   0% used [0x00000000ca3e0000, 0x00000000ca3e0000, 0x00000000cb850000)
 concurrent mark-sweep generation total 838912K, used 261164K [0x00000000cccc0000, 0x0000000100000000, 0x0000000100000000)
 Metaspace       used 3935K, capacity 4540K, committed 4864K, reserved 1056768K
  class space    used 425K, capacity 428K, committed 512K, reserved 1048576K
2024-07-26T01:31:25.646+0800: 17.246: [GC (Allocation Failure) 2024-07-26T01:31:25.646+0800: 17.246: [ParNew2024-07-26T01:31:25.655+0800: 17.254: [SoftReference, 0 refs, 0.0000366 secs]2024-07-26T01:31:25.655+0800: 17.254: [WeakReference, 0 refs, 0.0000043 secs]2024-07-26T01:31:25.655+0800: 17.254: [FinalReference, 0 refs, 0.0000039 secs]2024-07-26T01:31:25.655+0800: 17.254: [PhantomReference, 0 refs, 0.0000037 secs]2024-07-26T01:31:25.655+0800: 17.254: [JNI Weak Reference, 0.0000044 secs]
Desired survivor size 10715136 bytes, new threshold 1 (max 1)
- age   1:   20971840 bytes,   20971840 total
: 187672K->20480K(188736K), 0.0084979 secs] 448837K->310317K(1027648K), 0.0085433 secs] [Times: user=0.02 sys=0.00, real=0.01 secs] 
Heap after GC invocations=678 (full 58):
 par new generation   total 188736K, used 20480K [0x00000000c0000000, 0x00000000cccc0000, 0x00000000cccc0000)
  eden space 167808K,   0% used [0x00000000c0000000, 0x00000000c0000000, 0x00000000ca3e0000)
  from space 20928K,  97% used [0x00000000ca3e0000, 0x00000000cb7e0140, 0x00000000cb850000)
  to   space 20928K,   0% used [0x00000000cb850000, 0x00000000cb850000, 0x00000000cccc0000)
 concurrent mark-sweep generation total 838912K, used 289836K [0x00000000cccc0000, 0x0000000100000000, 0x0000000100000000)
 Metaspace       used 3935K, capacity 4540K, committed 4864K, reserved 1056768K
  class space    used 425K, capacity 428K, committed 512K, reserved 1048576K
}
2024-07-26T01:31:25.655+0800: 17.254: Total time for which application threads were stopped: 0.0086761 seconds, Stopping threads took: 0.0000355 seconds
{Heap before GC invocations=678 (full 58):
 par new generation   total 188736K, used 187673K [0x00000000c0000000, 0x00000000cccc0000, 0x00000000cccc0000)
  eden space 167808K,  99% used [0x00000000c0000000, 0x00000000ca3462f8, 0x00000000ca3e0000)
  from space 20928K,  97% used [0x00000000ca3e0000, 0x00000000cb7e0140, 0x00000000cb850000)
  to   space 20928K,   0% used [0x00000000cb850000, 0x00000000cb850000, 0x00000000cccc0000)
 concurrent mark-sweep generation total 838912K, used 289836K [0x00000000cccc0000, 0x0000000100000000, 0x0000000100000000)
 Metaspace       used 3935K, capacity 4540K, committed 4864K, reserved 1056768K
  class space    used 425K, capacity 428K, committed 512K, reserved 1048576K
2024-07-26T01:31:25.671+0800: 17.270: [GC (Allocation Failure) 2024-07-26T01:31:25.671+0800: 17.270: [ParNew2024-07-26T01:31:25.680+0800: 17.280: [SoftReference, 0 refs, 0.0000531 secs]2024-07-26T01:31:25.680+0800: 17.280: [WeakReference, 0 refs, 0.0000059 secs]2024-07-26T01:31:25.680+0800: 17.280: [FinalReference, 0 refs, 0.0000043 secs]2024-07-26T01:31:25.680+0800: 17.280: [PhantomReference, 0 refs, 0.0000041 secs]2024-07-26T01:31:25.680+0800: 17.280: [JNI Weak Reference, 0.0000051 secs]
Desired survivor size 10715136 bytes, new threshold 1 (max 1)
- age   1:    9437328 bytes,    9437328 total
: 187673K->9216K(188736K), 0.0094233 secs] 477509K->299052K(1027648K), 0.0095052 secs] [Times: user=0.00 sys=0.00, real=0.01 secs] 
Heap after GC invocations=679 (full 58):
 par new generation   total 188736K, used 9216K [0x00000000c0000000, 0x00000000cccc0000, 0x00000000cccc0000)
  eden space 167808K,   0% used [0x00000000c0000000, 0x00000000c0000000, 0x00000000ca3e0000)
  from space 20928K,  44% used [0x00000000cb850000, 0x00000000cc150090, 0x00000000cccc0000)
  to   space 20928K,   0% used [0x00000000ca3e0000, 0x00000000ca3e0000, 0x00000000cb850000)
 concurrent mark-sweep generation total 838912K, used 289836K [0x00000000cccc0000, 0x0000000100000000, 0x0000000100000000)
 Metaspace       used 3935K, capacity 4540K, committed 4864K, reserved 1056768K
  class space    used 425K, capacity 428K, committed 512K, reserved 1048576K
}
2024-07-26T01:31:25.680+0800: 17.280: Total time for which application threads were stopped: 0.0099494 seconds, Stopping threads took: 0.0000585 seconds
{Heap before GC invocations=679 (full 58):
 par new generation   total 188736K, used 176408K [0x00000000c0000000, 0x00000000cccc0000, 0x00000000cccc0000)
  eden space 167808K,  99% used [0x00000000c0000000, 0x00000000ca346368, 0x00000000ca3e0000)
  from space 20928K,  44% used [0x00000000cb850000, 0x00000000cc150090, 0x00000000cccc0000)
  to   space 20928K,   0% used [0x00000000ca3e0000, 0x00000000ca3e0000, 0x00000000cb850000)
 concurrent mark-sweep generation total 838912K, used 289836K [0x00000000cccc0000, 0x0000000100000000, 0x0000000100000000)
 Metaspace       used 3935K, capacity 4540K, committed 4864K, reserved 1056768K
  class space    used 425K, capacity 428K, committed 512K, reserved 1048576K
2024-07-26T01:31:25.696+0800: 17.296: [GC (Allocation Failure) 2024-07-26T01:31:25.696+0800: 17.296: [ParNew2024-07-26T01:31:25.709+0800: 17.309: [SoftReference, 0 refs, 0.0000385 secs]2024-07-26T01:31:25.709+0800: 17.309: [WeakReference, 0 refs, 0.0000044 secs]2024-07-26T01:31:25.709+0800: 17.309: [FinalReference, 0 refs, 0.0000040 secs]2024-07-26T01:31:25.709+0800: 17.309: [PhantomReference, 0 refs, 0.0000039 secs]2024-07-26T01:31:25.709+0800: 17.309: [JNI Weak Reference, 0.0000045 secs]
Desired survivor size 10715136 bytes, new threshold 1 (max 1)
- age   1:   20971840 bytes,   20971840 total
: 176408K->20480K(188736K), 0.0129894 secs] 466245K->362543K(1027648K), 0.0130281 secs] [Times: user=0.06 sys=0.03, real=0.01 secs] 
Heap after GC invocations=680 (full 58):
 par new generation   total 188736K, used 20480K [0x00000000c0000000, 0x00000000cccc0000, 0x00000000cccc0000)
  eden space 167808K,   0% used [0x00000000c0000000, 0x00000000c0000000, 0x00000000ca3e0000)
  from space 20928K,  97% used [0x00000000ca3e0000, 0x00000000cb7e0140, 0x00000000cb850000)
  to   space 20928K,   0% used [0x00000000cb850000, 0x00000000cb850000, 0x00000000cccc0000)
 concurrent mark-sweep generation total 838912K, used 342063K [0x00000000cccc0000, 0x0000000100000000, 0x0000000100000000)
 Metaspace       used 3935K, capacity 4540K, committed 4864K, reserved 1056768K
  class space    used 425K, capacity 428K, committed 512K, reserved 1048576K
}
2024-07-26T01:31:25.709+0800: 17.309: Total time for which application threads were stopped: 0.0131458 seconds, Stopping threads took: 0.0000249 seconds
2024-07-26T01:31:25.709+0800: 17.309: [GC (CMS Initial Mark) [1 CMS-initial-mark: 342063K(838912K)] 363567K(1027648K), 0.0001830 secs] [Times: user=0.00 sys=0.00, real=0.00 secs] 
2024-07-26T01:31:25.710+0800: 17.309: Total time for which application threads were stopped: 0.0002846 seconds, Stopping threads took: 0.0000678 seconds
2024-07-26T01:31:25.710+0800: 17.309: [CMS-concurrent-mark-start]
2024-07-26T01:31:25.712+0800: 17.311: [CMS-concurrent-mark: 0.002/0.002 secs] [Times: user=0.00 sys=0.00, real=0.00 secs] 
2024-07-26T01:31:25.712+0800: 17.312: [CMS-concurrent-preclean-start]
2024-07-26T01:31:25.712+0800: 17.312: [Preclean SoftReferences, 0.0000073 secs]2024-07-26T01:31:25.712+0800: 17.312: [Preclean WeakReferences, 0.0000049 secs]2024-07-26T01:31:25.712+0800: 17.312: [Preclean FinalReferences, 0.0000031 secs]2024-07-26T01:31:25.712+0800: 17.312: [Preclean PhantomReferences, 0.0000030 secs]2024-07-26T01:31:25.713+0800: 17.312: [CMS-concurrent-preclean: 0.001/0.001 secs] [Times: user=0.00 sys=0.00, real=0.00 secs] 
2024-07-26T01:31:25.713+0800: 17.312: [CMS-concurrent-abortable-preclean-start]
{Heap before GC invocations=680 (full 59):
 par new generation   total 188736K, used 187673K [0x00000000c0000000, 0x00000000cccc0000, 0x00000000cccc0000)
  eden space 167808K,  99% used [0x00000000c0000000, 0x00000000ca3463b8, 0x00000000ca3e0000)
  from space 20928K,  97% used [0x00000000ca3e0000, 0x00000000cb7e0140, 0x00000000cb850000)
  to   space 20928K,   0% used [0x00000000cb850000, 0x00000000cb850000, 0x00000000cccc0000)
 concurrent mark-sweep generation total 838912K, used 342063K [0x00000000cccc0000, 0x0000000100000000, 0x0000000100000000)
 Metaspace       used 3935K, capacity 4540K, committed 4864K, reserved 1056768K
  class space    used 425K, capacity 428K, committed 512K, reserved 1048576K
2024-07-26T01:31:25.726+0800: 17.326: [GC (Allocation Failure) 2024-07-26T01:31:25.726+0800: 17.326: [ParNew2024-07-26T01:31:25.731+0800: 17.331: [SoftReference, 0 refs, 0.0000388 secs]2024-07-26T01:31:25.731+0800: 17.331: [WeakReference, 0 refs, 0.0000046 secs]2024-07-26T01:31:25.731+0800: 17.331: [FinalReference, 0 refs, 0.0000038 secs]2024-07-26T01:31:25.731+0800: 17.331: [PhantomReference, 0 refs, 0.0000037 secs]2024-07-26T01:31:25.731+0800: 17.331: [JNI Weak Reference, 0.0000043 secs]
Desired survivor size 10715136 bytes, new threshold 1 (max 1)
- age   1:   20971840 bytes,   20971840 total
: 187673K->20480K(188736K), 0.0054383 secs] 529736K->374834K(1027648K), 0.0054759 secs] [Times: user=0.01 sys=0.00, real=0.00 secs] 
Heap after GC invocations=681 (full 59):
 par new generation   total 188736K, used 20480K [0x00000000c0000000, 0x00000000cccc0000, 0x00000000cccc0000)
  eden space 167808K,   0% used [0x00000000c0000000, 0x00000000c0000000, 0x00000000ca3e0000)
  from space 20928K,  97% used [0x00000000cb850000, 0x00000000ccc50140, 0x00000000cccc0000)
  to   space 20928K,   0% used [0x00000000ca3e0000, 0x00000000ca3e0000, 0x00000000cb850000)
 concurrent mark-sweep generation total 838912K, used 354353K [0x00000000cccc0000, 0x0000000100000000, 0x0000000100000000)
 Metaspace       used 3935K, capacity 4540K, committed 4864K, reserved 1056768K
  class space    used 425K, capacity 428K, committed 512K, reserved 1048576K
}
2024-07-26T01:31:25.731+0800: 17.331: Total time for which application threads were stopped: 0.0055897 seconds, Stopping threads took: 0.0000205 seconds
{Heap before GC invocations=681 (full 59):
 par new generation   total 188736K, used 187673K [0x00000000c0000000, 0x00000000cccc0000, 0x00000000cccc0000)
  eden space 167808K,  99% used [0x00000000c0000000, 0x00000000ca3463e8, 0x00000000ca3e0000)
  from space 20928K,  97% used [0x00000000cb850000, 0x00000000ccc50140, 0x00000000cccc0000)
  to   space 20928K,   0% used [0x00000000ca3e0000, 0x00000000ca3e0000, 0x00000000cb850000)
 concurrent mark-sweep generation total 838912K, used 354353K [0x00000000cccc0000, 0x0000000100000000, 0x0000000100000000)
 Metaspace       used 3935K, capacity 4540K, committed 4864K, reserved 1056768K
  class space    used 425K, capacity 428K, committed 512K, reserved 1048576K
2024-07-26T01:31:25.746+0800: 17.345: [GC (Allocation Failure) 2024-07-26T01:31:25.746+0800: 17.345: [ParNew2024-07-26T01:31:25.760+0800: 17.360: [SoftReference, 0 refs, 0.0000359 secs]2024-07-26T01:31:25.760+0800: 17.360: [WeakReference, 0 refs, 0.0000041 secs]2024-07-26T01:31:25.760+0800: 17.360: [FinalReference, 0 refs, 0.0000038 secs]2024-07-26T01:31:25.760+0800: 17.360: [PhantomReference, 0 refs, 0.0000037 secs]2024-07-26T01:31:25.760+0800: 17.360: [JNI Weak Reference, 0.0000043 secs]
Desired survivor size 10715136 bytes, new threshold 1 (max 1)
- age   1:   20971840 bytes,   20971840 total
: 187673K->20480K(188736K), 0.0146874 secs] 542027K->450611K(1027648K), 0.0147277 secs] [Times: user=0.00 sys=0.00, real=0.01 secs] 
Heap after GC invocations=682 (full 59):
 par new generation   total 188736K, used 20480K [0x00000000c0000000, 0x00000000cccc0000, 0x00000000cccc0000)
  eden space 167808K,   0% used [0x00000000c0000000, 0x00000000c0000000, 0x00000000ca3e0000)
  from space 20928K,  97% used [0x00000000ca3e0000, 0x00000000cb7e0140, 0x00000000cb850000)
  to   space 20928K,   0% used [0x00000000cb850000, 0x00000000cb850000, 0x00000000cccc0000)
 concurrent mark-sweep generation total 838912K, used 430131K [0x00000000cccc0000, 0x0000000100000000, 0x0000000100000000)
 Metaspace       used 3935K, capacity 4540K, committed 4864K, reserved 1056768K
  class space    used 425K, capacity 428K, committed 512K, reserved 1048576K
}
2024-07-26T01:31:25.760+0800: 17.360: Total time for which application threads were stopped: 0.0148488 seconds, Stopping threads took: 0.0000231 seconds
{Heap before GC invocations=682 (full 59):
 par new generation   total 188736K, used 187673K [0x00000000c0000000, 0x00000000cccc0000, 0x00000000cccc0000)
  eden space 167808K,  99% used [0x00000000c0000000, 0x00000000ca346408, 0x00000000ca3e0000)
  from space 20928K,  97% used [0x00000000ca3e0000, 0x00000000cb7e0140, 0x00000000cb850000)
  to   space 20928K,   0% used [0x00000000cb850000, 0x00000000cb850000, 0x00000000cccc0000)
 concurrent mark-sweep generation total 838912K, used 430131K [0x00000000cccc0000, 0x0000000100000000, 0x0000000100000000)
 Metaspace       used 3935K, capacity 4540K, committed 4864K, reserved 1056768K
  class space    used 425K, capacity 428K, committed 512K, reserved 1048576K
2024-07-26T01:31:25.774+0800: 17.374: [GC (Allocation Failure) 2024-07-26T01:31:25.774+0800: 17.374: [ParNew2024-07-26T01:31:25.784+0800: 17.384: [SoftReference, 0 refs, 0.0000379 secs]2024-07-26T01:31:25.784+0800: 17.384: [WeakReference, 0 refs, 0.0000042 secs]2024-07-26T01:31:25.784+0800: 17.384: [FinalReference, 0 refs, 0.0000038 secs]2024-07-26T01:31:25.784+0800: 17.384: [PhantomReference, 0 refs, 0.0000038 secs]2024-07-26T01:31:25.784+0800: 17.384: [JNI Weak Reference, 0.0000044 secs]
Desired survivor size 10715136 bytes, new threshold 1 (max 1)
- age   1:   20971840 bytes,   20971840 total
: 187673K->20480K(188736K), 0.0097588 secs] 617804K->486451K(1027648K), 0.0097972 secs] [Times: user=0.09 sys=0.00, real=0.01 secs] 
Heap after GC invocations=683 (full 59):
 par new generation   total 188736K, used 20480K [0x00000000c0000000, 0x00000000cccc0000, 0x00000000cccc0000)
  eden space 167808K,   0% used [0x00000000c0000000, 0x00000000c0000000, 0x00000000ca3e0000)
  from space 20928K,  97% used [0x00000000cb850000, 0x00000000ccc50140, 0x00000000cccc0000)
  to   space 20928K,   0% used [0x00000000ca3e0000, 0x00000000ca3e0000, 0x00000000cb850000)
 concurrent mark-sweep generation total 838912K, used 465971K [0x00000000cccc0000, 0x0000000100000000, 0x0000000100000000)
 Metaspace       used 3935K, capacity 4540K, committed 4864K, reserved 1056768K
  class space    used 425K, capacity 428K, committed 512K, reserved 1048576K
}
2024-07-26T01:31:25.784+0800: 17.384: Total time for which application threads were stopped: 0.0099174 seconds, Stopping threads took: 0.0000208 seconds
{Heap before GC invocations=683 (full 59):
 par new generation   total 188736K, used 187673K [0x00000000c0000000, 0x00000000cccc0000, 0x00000000cccc0000)
  eden space 167808K,  99% used [0x00000000c0000000, 0x00000000ca346420, 0x00000000ca3e0000)
  from space 20928K,  97% used [0x00000000cb850000, 0x00000000ccc50140, 0x00000000cccc0000)
  to   space 20928K,   0% used [0x00000000ca3e0000, 0x00000000ca3e0000, 0x00000000cb850000)
 concurrent mark-sweep generation total 838912K, used 465971K [0x00000000cccc0000, 0x0000000100000000, 0x0000000100000000)
 Metaspace       used 3935K, capacity 4540K, committed 4864K, reserved 1056768K
  class space    used 425K, capacity 428K, committed 512K, reserved 1048576K
2024-07-26T01:31:25.800+0800: 17.400: [GC (Allocation Failure) 2024-07-26T01:31:25.800+0800: 17.400: [ParNew2024-07-26T01:31:25.803+0800: 17.402: [SoftReference, 0 refs, 0.0000257 secs]2024-07-26T01:31:25.803+0800: 17.403: [WeakReference, 0 refs, 0.0000048 secs]2024-07-26T01:31:25.803+0800: 17.403: [FinalReference, 0 refs, 0.0000042 secs]2024-07-26T01:31:25.803+0800: 17.403: [PhantomReference, 0 refs, 0.0000042 secs]2024-07-26T01:31:25.803+0800: 17.403: [JNI Weak Reference, 0.0000047 secs]
Desired survivor size 10715136 bytes, new threshold 1 (max 1)
- age   1:   16777472 bytes,   16777472 total
: 187673K->16384K(188736K), 0.0028315 secs] 653644K->482355K(1027648K), 0.0028786 secs] [Times: user=0.00 sys=0.00, real=0.00 secs] 
Heap after GC invocations=684 (full 59):
 par new generation   total 188736K, used 16384K [0x00000000c0000000, 0x00000000cccc0000, 0x00000000cccc0000)
  eden space 167808K,   0% used [0x00000000c0000000, 0x00000000c0000000, 0x00000000ca3e0000)
  from space 20928K,  78% used [0x00000000ca3e0000, 0x00000000cb3e0100, 0x00000000cb850000)
  to   space 20928K,   0% used [0x00000000cb850000, 0x00000000cb850000, 0x00000000cccc0000)
 concurrent mark-sweep generation total 838912K, used 465971K [0x00000000cccc0000, 0x0000000100000000, 0x0000000100000000)
 Metaspace       used 3935K, capacity 4540K, committed 4864K, reserved 1056768K
  class space    used 425K, capacity 428K, committed 512K, reserved 1048576K
}
2024-07-26T01:31:25.803+0800: 17.403: Total time for which application threads were stopped: 0.0030127 seconds, Stopping threads took: 0.0000330 seconds
{Heap before GC invocations=684 (full 59):
 par new generation   total 188736K, used 183577K [0x00000000c0000000, 0x00000000cccc0000, 0x00000000cccc0000)
  eden space 167808K,  99% used [0x00000000c0000000, 0x00000000ca346428, 0x00000000ca3e0000)
  from space 20928K,  78% used [0x00000000ca3e0000, 0x00000000cb3e0100, 0x00000000cb850000)
  to   space 20928K,   0% used [0x00000000cb850000, 0x00000000cb850000, 0x00000000cccc0000)
 concurrent mark-sweep generation total 838912K, used 465971K [0x00000000cccc0000, 0x0000000100000000, 0x0000000100000000)
 Metaspace       used 3935K, capacity 4540K, committed 4864K, reserved 1056768K
  class space    used 425K, capacity 428K, committed 512K, reserved 1048576K
2024-07-26T01:31:25.818+0800: 17.418: [GC (Allocation Failure) 2024-07-26T01:31:25.818+0800: 17.418: [ParNew2024-07-26T01:31:25.830+0800: 17.430: [SoftReference, 0 refs, 0.0000338 secs]2024-07-26T01:31:25.830+0800: 17.430: [WeakReference, 0 refs, 0.0000046 secs]2024-07-26T01:31:25.830+0800: 17.430: [FinalReference, 0 refs, 0.0000040 secs]2024-07-26T01:31:25.830+0800: 17.430: [PhantomReference, 0 refs, 0.0000038 secs]2024-07-26T01:31:25.830+0800: 17.430: [JNI Weak Reference, 0.0000046 secs]
Desired survivor size 10715136 bytes, new threshold 1 (max 1)
- age   1:   20971840 bytes,   20971840 total
: 183577K->20480K(188736K), 0.0121565 secs] 649548K->545844K(1027648K), 0.0121954 secs] [Times: user=0.05 sys=0.00, real=0.01 secs] 
Heap after GC invocations=685 (full 59):
 par new generation   total 188736K, used 20480K [0x00000000c0000000, 0x00000000cccc0000, 0x00000000cccc0000)
  eden space 167808K,   0% used [0x00000000c0000000, 0x00000000c0000000, 0x00000000ca3e0000)
  from space 20928K,  97% used [0x00000000cb850000, 0x00000000ccc50140, 0x00000000cccc0000)
  to   space 20928K,   0% used [0x00000000ca3e0000, 0x00000000ca3e0000, 0x00000000cb850000)
 concurrent mark-sweep generation total 838912K, used 525364K [0x00000000cccc0000, 0x0000000100000000, 0x0000000100000000)
 Metaspace       used 3935K, capacity 4540K, committed 4864K, reserved 1056768K
  class space    used 425K, capacity 428K, committed 512K, reserved 1048576K
}
2024-07-26T01:31:25.830+0800: 17.430: Total time for which application threads were stopped: 0.0124626 seconds, Stopping threads took: 0.0000251 seconds
{Heap before GC invocations=685 (full 59):
 par new generation   total 188736K, used 187673K [0x00000000c0000000, 0x00000000cccc0000, 0x00000000cccc0000)
  eden space 167808K,  99% used [0x00000000c0000000, 0x00000000ca346430, 0x00000000ca3e0000)
  from space 20928K,  97% used [0x00000000cb850000, 0x00000000ccc50140, 0x00000000cccc0000)
  to   space 20928K,   0% used [0x00000000ca3e0000, 0x00000000ca3e0000, 0x00000000cb850000)
 concurrent mark-sweep generation total 838912K, used 525364K [0x00000000cccc0000, 0x0000000100000000, 0x0000000100000000)
 Metaspace       used 3935K, capacity 4540K, committed 4864K, reserved 1056768K
  class space    used 425K, capacity 428K, committed 512K, reserved 1048576K
2024-07-26T01:31:25.845+0800: 17.445: [GC (Allocation Failure) 2024-07-26T01:31:25.846+0800: 17.445: [ParNew2024-07-26T01:31:25.853+0800: 17.453: [SoftReference, 0 refs, 0.0000357 secs]2024-07-26T01:31:25.853+0800: 17.453: [WeakReference, 0 refs, 0.0000043 secs]2024-07-26T01:31:25.853+0800: 17.453: [FinalReference, 0 refs, 0.0000038 secs]2024-07-26T01:31:25.853+0800: 17.453: [PhantomReference, 0 refs, 0.0000037 secs]2024-07-26T01:31:25.853+0800: 17.453: [JNI Weak Reference, 0.0000044 secs]
Desired survivor size 10715136 bytes, new threshold 1 (max 1)
- age   1:   20971840 bytes,   20971840 total
: 187673K->20480K(188736K), 0.0075556 secs] 713037K->565301K(1027648K), 0.0077064 secs] [Times: user=0.01 sys=0.00, real=0.01 secs] 
Heap after GC invocations=686 (full 59):
 par new generation   total 188736K, used 20480K [0x00000000c0000000, 0x00000000cccc0000, 0x00000000cccc0000)
  eden space 167808K,   0% used [0x00000000c0000000, 0x00000000c0000000, 0x00000000ca3e0000)
  from space 20928K,  97% used [0x00000000ca3e0000, 0x00000000cb7e0140, 0x00000000cb850000)
  to   space 20928K,   0% used [0x00000000cb850000, 0x00000000cb850000, 0x00000000cccc0000)
 concurrent mark-sweep generation total 838912K, used 544820K [0x00000000cccc0000, 0x0000000100000000, 0x0000000100000000)
 Metaspace       used 3935K, capacity 4540K, committed 4864K, reserved 1056768K
  class space    used 425K, capacity 428K, committed 512K, reserved 1048576K
}
2024-07-26T01:31:25.853+0800: 17.453: Total time for which application threads were stopped: 0.0078940 seconds, Stopping threads took: 0.0000510 seconds
{Heap before GC invocations=686 (full 59):
 par new generation   total 188736K, used 187673K [0x00000000c0000000, 0x00000000cccc0000, 0x00000000cccc0000)
  eden space 167808K,  99% used [0x00000000c0000000, 0x00000000ca346438, 0x00000000ca3e0000)
  from space 20928K,  97% used [0x00000000ca3e0000, 0x00000000cb7e0140, 0x00000000cb850000)
  to   space 20928K,   0% used [0x00000000cb850000, 0x00000000cb850000, 0x00000000cccc0000)
 concurrent mark-sweep generation total 838912K, used 544820K [0x00000000cccc0000, 0x0000000100000000, 0x0000000100000000)
 Metaspace       used 3935K, capacity 4540K, committed 4864K, reserved 1056768K
  class space    used 425K, capacity 428K, committed 512K, reserved 1048576K
2024-07-26T01:31:25.869+0800: 17.469: [GC (Allocation Failure) 2024-07-26T01:31:25.869+0800: 17.469: [ParNew2024-07-26T01:31:25.870+0800: 17.470: [SoftReference, 0 refs, 0.0000179 secs]2024-07-26T01:31:25.870+0800: 17.470: [WeakReference, 0 refs, 0.0000045 secs]2024-07-26T01:31:25.870+0800: 17.470: [FinalReference, 0 refs, 0.0000042 secs]2024-07-26T01:31:25.870+0800: 17.470: [PhantomReference, 0 refs, 0.0000041 secs]2024-07-26T01:31:25.870+0800: 17.470: [JNI Weak Reference, 0.0000068 secs]
Desired survivor size 10715136 bytes, new threshold 1 (max 1)
: 187673K->0K(188736K), 0.0007445 secs] 732494K->544820K(1027648K), 0.0007832 secs] [Times: user=0.00 sys=0.00, real=0.00 secs] 
Heap after GC invocations=687 (full 59):
 par new generation   total 188736K, used 0K [0x00000000c0000000, 0x00000000cccc0000, 0x00000000cccc0000)
  eden space 167808K,   0% used [0x00000000c0000000, 0x00000000c0000000, 0x00000000ca3e0000)
  from space 20928K,   0% used [0x00000000cb850000, 0x00000000cb850000, 0x00000000cccc0000)
  to   space 20928K,   0% used [0x00000000ca3e0000, 0x00000000ca3e0000, 0x00000000cb850000)
 concurrent mark-sweep generation total 838912K, used 544820K [0x00000000cccc0000, 0x0000000100000000, 0x0000000100000000)
 Metaspace       used 3935K, capacity 4540K, committed 4864K, reserved 1056768K
  class space    used 425K, capacity 428K, committed 512K, reserved 1048576K
}
2024-07-26T01:31:25.870+0800: 17.470: Total time for which application threads were stopped: 0.0008954 seconds, Stopping threads took: 0.0000224 seconds
{Heap before GC invocations=687 (full 59):
 par new generation   total 188736K, used 167193K [0x00000000c0000000, 0x00000000cccc0000, 0x00000000cccc0000)
  eden space 167808K,  99% used [0x00000000c0000000, 0x00000000ca346440, 0x00000000ca3e0000)
  from space 20928K,   0% used [0x00000000cb850000, 0x00000000cb850000, 0x00000000cccc0000)
  to   space 20928K,   0% used [0x00000000ca3e0000, 0x00000000ca3e0000, 0x00000000cb850000)
 concurrent mark-sweep generation total 838912K, used 544820K [0x00000000cccc0000, 0x0000000100000000, 0x0000000100000000)
 Metaspace       used 3935K, capacity 4540K, committed 4864K, reserved 1056768K
  class space    used 425K, capacity 428K, committed 512K, reserved 1048576K
2024-07-26T01:31:25.886+0800: 17.486: [GC (Allocation Failure) 2024-07-26T01:31:25.886+0800: 17.486: [ParNew2024-07-26T01:31:25.897+0800: 17.497: [SoftReference, 0 refs, 0.0000416 secs]2024-07-26T01:31:25.897+0800: 17.497: [WeakReference, 0 refs, 0.0000042 secs]2024-07-26T01:31:25.897+0800: 17.497: [FinalReference, 0 refs, 0.0000039 secs]2024-07-26T01:31:25.897+0800: 17.497: [PhantomReference, 0 refs, 0.0000038 secs]2024-07-26T01:31:25.897+0800: 17.497: [JNI Weak Reference, 0.0000046 secs]
Desired survivor size 10715136 bytes, new threshold 1 (max 1)
- age   1:   20971840 bytes,   20971840 total
: 167193K->20480K(188736K), 0.0108322 secs] 712013K->608311K(1027648K), 0.0108776 secs] [Times: user=0.02 sys=0.00, real=0.01 secs] 
Heap after GC invocations=688 (full 59):
 par new generation   total 188736K, used 20480K [0x00000000c0000000, 0x00000000cccc0000, 0x00000000cccc0000)
  eden space 167808K,   0% used [0x00000000c0000000, 0x00000000c0000000, 0x00000000ca3e0000)
  from space 20928K,  97% used [0x00000000ca3e0000, 0x00000000cb7e0140, 0x00000000cb850000)
  to   space 20928K,   0% used [0x00000000cb850000, 0x00000000cb850000, 0x00000000cccc0000)
 concurrent mark-sweep generation total 838912K, used 587831K [0x00000000cccc0000, 0x0000000100000000, 0x0000000100000000)
 Metaspace       used 3935K, capacity 4540K, committed 4864K, reserved 1056768K
  class space    used 425K, capacity 428K, committed 512K, reserved 1048576K
}
2024-07-26T01:31:25.897+0800: 17.497: Total time for which application threads were stopped: 0.0110154 seconds, Stopping threads took: 0.0000284 seconds
{Heap before GC invocations=688 (full 59):
 par new generation   total 188736K, used 187673K [0x00000000c0000000, 0x00000000cccc0000, 0x00000000cccc0000)
  eden space 167808K,  99% used [0x00000000c0000000, 0x00000000ca346440, 0x00000000ca3e0000)
  from space 20928K,  97% used [0x00000000ca3e0000, 0x00000000cb7e0140, 0x00000000cb850000)
  to   space 20928K,   0% used [0x00000000cb850000, 0x00000000cb850000, 0x00000000cccc0000)
 concurrent mark-sweep generation total 838912K, used 587831K [0x00000000cccc0000, 0x0000000100000000, 0x0000000100000000)
 Metaspace       used 3935K, capacity 4540K, committed 4864K, reserved 1056768K
  class space    used 425K, capacity 428K, committed 512K, reserved 1048576K
2024-07-26T01:31:25.912+0800: 17.511: [GC (Allocation Failure) 2024-07-26T01:31:25.912+0800: 17.511: [ParNew2024-07-26T01:31:25.916+0800: 17.516: [SoftReference, 0 refs, 0.0000351 secs]2024-07-26T01:31:25.916+0800: 17.516: [WeakReference, 0 refs, 0.0000051 secs]2024-07-26T01:31:25.916+0800: 17.516: [FinalReference, 0 refs, 0.0000043 secs]2024-07-26T01:31:25.916+0800: 17.516: [PhantomReference, 0 refs, 0.0000042 secs]2024-07-26T01:31:25.916+0800: 17.516: [JNI Weak Reference, 0.0000047 secs]
Desired survivor size 10715136 bytes, new threshold 1 (max 1)
- age   1:   20971840 bytes,   20971840 total
: 187673K->20480K(188736K), 0.0042080 secs] 775504K->611383K(1027648K), 0.0042518 secs] [Times: user=0.00 sys=0.00, real=0.00 secs] 
Heap after GC invocations=689 (full 59):
 par new generation   total 188736K, used 20480K [0x00000000c0000000, 0x00000000cccc0000, 0x00000000cccc0000)
  eden space 167808K,   0% used [0x00000000c0000000, 0x00000000c0000000, 0x00000000ca3e0000)
  from space 20928K,  97% used [0x00000000cb850000, 0x00000000ccc50140, 0x00000000cccc0000)
  to   space 20928K,   0% used [0x00000000ca3e0000, 0x00000000ca3e0000, 0x00000000cb850000)
 concurrent mark-sweep generation total 838912K, used 590903K [0x00000000cccc0000, 0x0000000100000000, 0x0000000100000000)
 Metaspace       used 3935K, capacity 4540K, committed 4864K, reserved 1056768K
  class space    used 425K, capacity 428K, committed 512K, reserved 1048576K
}
2024-07-26T01:31:25.916+0800: 17.516: Total time for which application threads were stopped: 0.0043743 seconds, Stopping threads took: 0.0000270 seconds
{Heap before GC invocations=689 (full 59):
 par new generation   total 188736K, used 187673K [0x00000000c0000000, 0x00000000cccc0000, 0x00000000cccc0000)
  eden space 167808K,  99% used [0x00000000c0000000, 0x00000000ca346440, 0x00000000ca3e0000)
  from space 20928K,  97% used [0x00000000cb850000, 0x00000000ccc50140, 0x00000000cccc0000)
  to   space 20928K,   0% used [0x00000000ca3e0000, 0x00000000ca3e0000, 0x00000000cb850000)
 concurrent mark-sweep generation total 838912K, used 590903K [0x00000000cccc0000, 0x0000000100000000, 0x0000000100000000)
 Metaspace       used 3935K, capacity 4540K, committed 4864K, reserved 1056768K
  class space    used 425K, capacity 428K, committed 512K, reserved 1048576K
2024-07-26T01:31:25.930+0800: 17.530: [GC (Allocation Failure) 2024-07-26T01:31:25.930+0800: 17.530: [ParNew2024-07-26T01:31:25.943+0800: 17.543: [SoftReference, 0 refs, 0.0000352 secs]2024-07-26T01:31:25.943+0800: 17.543: [WeakReference, 0 refs, 0.0000045 secs]2024-07-26T01:31:25.943+0800: 17.543: [FinalReference, 0 refs, 0.0000040 secs]2024-07-26T01:31:25.943+0800: 17.543: [PhantomReference, 0 refs, 0.0000038 secs]2024-07-26T01:31:25.943+0800: 17.543: [JNI Weak Reference, 0.0000044 secs]
Desired survivor size 10715136 bytes, new threshold 1 (max 1)
- age   1:   20971840 bytes,   20971840 total
: 187673K->20480K(188736K), 0.0129094 secs] 778576K->677944K(1027648K), 0.0129503 secs] [Times: user=0.03 sys=0.00, real=0.01 secs] 
Heap after GC invocations=690 (full 59):
 par new generation   total 188736K, used 20480K [0x00000000c0000000, 0x00000000cccc0000, 0x00000000cccc0000)
  eden space 167808K,   0% used [0x00000000c0000000, 0x00000000c0000000, 0x00000000ca3e0000)
  from space 20928K,  97% used [0x00000000ca3e0000, 0x00000000cb7e0140, 0x00000000cb850000)
  to   space 20928K,   0% used [0x00000000cb850000, 0x00000000cb850000, 0x00000000cccc0000)
 concurrent mark-sweep generation total 838912K, used 657464K [0x00000000cccc0000, 0x0000000100000000, 0x0000000100000000)
 Metaspace       used 3935K, capacity 4540K, committed 4864K, reserved 1056768K
  class space    used 425K, capacity 428K, committed 512K, reserved 1048576K
}
2024-07-26T01:31:25.943+0800: 17.543: Total time for which application threads were stopped: 0.0130672 seconds, Stopping threads took: 0.0000238 seconds
{Heap before GC invocations=690 (full 59):
 par new generation   total 188736K, used 187673K [0x00000000c0000000, 0x00000000cccc0000, 0x00000000cccc0000)
  eden space 167808K,  99% used [0x00000000c0000000, 0x00000000ca346440, 0x00000000ca3e0000)
  from space 20928K,  97% used [0x00000000ca3e0000, 0x00000000cb7e0140, 0x00000000cb850000)
  to   space 20928K,   0% used [0x00000000cb850000, 0x00000000cb850000, 0x00000000cccc0000)
 concurrent mark-sweep generation total 838912K, used 657464K [0x00000000cccc0000, 0x0000000100000000, 0x0000000100000000)
 Metaspace       used 3935K, capacity 4540K, committed 4864K, reserved 1056768K
  class space    used 425K, capacity 428K, committed 512K, reserved 1048576K
2024-07-26T01:31:25.957+0800: 17.556: [GC (Allocation Failure) 2024-07-26T01:31:25.957+0800: 17.556: [ParNew2024-07-26T01:31:25.963+0800: 17.563: [SoftReference, 0 refs, 0.0000336 secs]2024-07-26T01:31:25.963+0800: 17.563: [WeakReference, 0 refs, 0.0000040 secs]2024-07-26T01:31:25.964+0800: 17.563: [FinalReference, 0 refs, 0.0000038 secs]2024-07-26T01:31:25.964+0800: 17.563: [PhantomReference, 0 refs, 0.0000038 secs]2024-07-26T01:31:25.964+0800: 17.563: [JNI Weak Reference, 0.0000037 secs]
Desired survivor size 10715136 bytes, new threshold 1 (max 1)
- age   1:   20971840 bytes,   20971840 total
: 187673K->20480K(188736K), 0.0066081 secs] 845137K->704571K(1027648K), 0.0066424 secs] [Times: user=0.00 sys=0.00, real=0.01 secs] 
Heap after GC invocations=691 (full 59):
 par new generation   total 188736K, used 20480K [0x00000000c0000000, 0x00000000cccc0000, 0x00000000cccc0000)
  eden space 167808K,   0% used [0x00000000c0000000, 0x00000000c0000000, 0x00000000ca3e0000)
  from space 20928K,  97% used [0x00000000cb850000, 0x00000000ccc50140, 0x00000000cccc0000)
  to   space 20928K,   0% used [0x00000000ca3e0000, 0x00000000ca3e0000, 0x00000000cb850000)
 concurrent mark-sweep generation total 838912K, used 684091K [0x00000000cccc0000, 0x0000000100000000, 0x0000000100000000)
 Metaspace       used 3935K, capacity 4540K, committed 4864K, reserved 1056768K
  class space    used 425K, capacity 428K, committed 512K, reserved 1048576K
}
2024-07-26T01:31:25.964+0800: 17.563: Total time for which application threads were stopped: 0.0067633 seconds, Stopping threads took: 0.0000356 seconds
{Heap before GC invocations=691 (full 59):
 par new generation   total 188736K, used 187673K [0x00000000c0000000, 0x00000000cccc0000, 0x00000000cccc0000)
  eden space 167808K,  99% used [0x00000000c0000000, 0x00000000ca346440, 0x00000000ca3e0000)
  from space 20928K,  97% used [0x00000000cb850000, 0x00000000ccc50140, 0x00000000cccc0000)
  to   space 20928K,   0% used [0x00000000ca3e0000, 0x00000000ca3e0000, 0x00000000cb850000)
 concurrent mark-sweep generation total 838912K, used 684091K [0x00000000cccc0000, 0x0000000100000000, 0x0000000100000000)
 Metaspace       used 3935K, capacity 4540K, committed 4864K, reserved 1056768K
  class space    used 425K, capacity 428K, committed 512K, reserved 1048576K
2024-07-26T01:31:25.978+0800: 17.578: [GC (Allocation Failure) 2024-07-26T01:31:25.978+0800: 17.578: [ParNew2024-07-26T01:31:25.980+0800: 17.579: [SoftReference, 0 refs, 0.0000219 secs]2024-07-26T01:31:25.980+0800: 17.579: [WeakReference, 0 refs, 0.0000040 secs]2024-07-26T01:31:25.980+0800: 17.579: [FinalReference, 0 refs, 0.0000038 secs]2024-07-26T01:31:25.980+0800: 17.579: [PhantomReference, 0 refs, 0.0000037 secs]2024-07-26T01:31:25.980+0800: 17.579: [JNI Weak Reference, 0.0000039 secs]
Desired survivor size 10715136 bytes, new threshold 1 (max 1)
- age   1:    7340144 bytes,    7340144 total
: 187673K->7168K(188736K), 0.0017224 secs] 871764K->691259K(1027648K), 0.0017627 secs] [Times: user=0.00 sys=0.00, real=0.00 secs] 
Heap after GC invocations=692 (full 59):
 par new generation   total 188736K, used 7168K [0x00000000c0000000, 0x00000000cccc0000, 0x00000000cccc0000)
  eden space 167808K,   0% used [0x00000000c0000000, 0x00000000c0000000, 0x00000000ca3e0000)
  from space 20928K,  34% used [0x00000000ca3e0000, 0x00000000caae0070, 0x00000000cb850000)
  to   space 20928K,   0% used [0x00000000cb850000, 0x00000000cb850000, 0x00000000cccc0000)
 concurrent mark-sweep generation total 838912K, used 684091K [0x00000000cccc0000, 0x0000000100000000, 0x0000000100000000)
 Metaspace       used 3935K, capacity 4540K, committed 4864K, reserved 1056768K
  class space    used 425K, capacity 428K, committed 512K, reserved 1048576K
}
2024-07-26T01:31:25.980+0800: 17.579: Total time for which application threads were stopped: 0.0018817 seconds, Stopping threads took: 0.0000246 seconds
{Heap before GC invocations=692 (full 59):
 par new generation   total 188736K, used 174361K [0x00000000c0000000, 0x00000000cccc0000, 0x00000000cccc0000)
  eden space 167808K,  99% used [0x00000000c0000000, 0x00000000ca346440, 0x00000000ca3e0000)
  from space 20928K,  34% used [0x00000000ca3e0000, 0x00000000caae0070, 0x00000000cb850000)
  to   space 20928K,   0% used [0x00000000cb850000, 0x00000000cb850000, 0x00000000cccc0000)
 concurrent mark-sweep generation total 838912K, used 684091K [0x00000000cccc0000, 0x0000000100000000, 0x0000000100000000)
 Metaspace       used 3935K, capacity 4540K, committed 4864K, reserved 1056768K
  class space    used 425K, capacity 428K, committed 512K, reserved 1048576K
2024-07-26T01:31:25.994+0800: 17.593: [GC (Allocation Failure) 2024-07-26T01:31:25.994+0800: 17.594: [ParNew2024-07-26T01:31:26.005+0800: 17.605: [SoftReference, 0 refs, 0.0000331 secs]2024-07-26T01:31:26.005+0800: 17.605: [WeakReference, 0 refs, 0.0000043 secs]2024-07-26T01:31:26.005+0800: 17.605: [FinalReference, 0 refs, 0.0000039 secs]2024-07-26T01:31:26.005+0800: 17.605: [PhantomReference, 0 refs, 0.0000037 secs]2024-07-26T01:31:26.005+0800: 17.605: [JNI Weak Reference, 0.0000047 secs]
Desired survivor size 10715136 bytes, new threshold 1 (max 1)
- age   1:   20971840 bytes,   20971840 total
: 174361K->20480K(188736K), 0.0114905 secs] 858452K->754748K(1027648K), 0.0115352 secs] [Times: user=0.02 sys=0.02, real=0.01 secs] 
Heap after GC invocations=693 (full 59):
 par new generation   total 188736K, used 20480K [0x00000000c0000000, 0x00000000cccc0000, 0x00000000cccc0000)
  eden space 167808K,   0% used [0x00000000c0000000, 0x00000000c0000000, 0x00000000ca3e0000)
  from space 20928K,  97% used [0x00000000cb850000, 0x00000000ccc50140, 0x00000000cccc0000)
  to   space 20928K,   0% used [0x00000000ca3e0000, 0x00000000ca3e0000, 0x00000000cb850000)
 concurrent mark-sweep generation total 838912K, used 734267K [0x00000000cccc0000, 0x0000000100000000, 0x0000000100000000)
 Metaspace       used 3935K, capacity 4540K, committed 4864K, reserved 1056768K
  class space    used 425K, capacity 428K, committed 512K, reserved 1048576K
}
2024-07-26T01:31:26.005+0800: 17.605: Total time for which application threads were stopped: 0.0116655 seconds, Stopping threads took: 0.0000330 seconds
{Heap before GC invocations=693 (full 59):
 par new generation   total 188736K, used 187673K [0x00000000c0000000, 0x00000000cccc0000, 0x00000000cccc0000)
  eden space 167808K,  99% used [0x00000000c0000000, 0x00000000ca346440, 0x00000000ca3e0000)
  from space 20928K,  97% used [0x00000000cb850000, 0x00000000ccc50140, 0x00000000cccc0000)
  to   space 20928K,   0% used [0x00000000ca3e0000, 0x00000000ca3e0000, 0x00000000cb850000)
 concurrent mark-sweep generation total 838912K, used 734267K [0x00000000cccc0000, 0x0000000100000000, 0x0000000100000000)
 Metaspace       used 3935K, capacity 4540K, committed 4864K, reserved 1056768K
  class space    used 425K, capacity 428K, committed 512K, reserved 1048576K
2024-07-26T01:31:26.020+0800: 17.620: [GC (Allocation Failure) 2024-07-26T01:31:26.020+0800: 17.620: [ParNew2024-07-26T01:31:26.026+0800: 17.626: [SoftReference, 0 refs, 0.0000344 secs]2024-07-26T01:31:26.026+0800: 17.626: [WeakReference, 0 refs, 0.0000054 secs]2024-07-26T01:31:26.026+0800: 17.626: [FinalReference, 0 refs, 0.0000038 secs]2024-07-26T01:31:26.026+0800: 17.626: [PhantomReference, 0 refs, 0.0000038 secs]2024-07-26T01:31:26.026+0800: 17.626: [JNI Weak Reference, 0.0000044 secs]
Desired survivor size 10715136 bytes, new threshold 1 (max 1)
- age   1:   20971840 bytes,   20971840 total
: 187673K->20480K(188736K), 0.0059702 secs] 921941K->764988K(1027648K), 0.0060113 secs] [Times: user=0.00 sys=0.00, real=0.01 secs] 
Heap after GC invocations=694 (full 59):
 par new generation   total 188736K, used 20480K [0x00000000c0000000, 0x00000000cccc0000, 0x00000000cccc0000)
  eden space 167808K,   0% used [0x00000000c0000000, 0x00000000c0000000, 0x00000000ca3e0000)
  from space 20928K,  97% used [0x00000000ca3e0000, 0x00000000cb7e0140, 0x00000000cb850000)
  to   space 20928K,   0% used [0x00000000cb850000, 0x00000000cb850000, 0x00000000cccc0000)
 concurrent mark-sweep generation total 838912K, used 744507K [0x00000000cccc0000, 0x0000000100000000, 0x0000000100000000)
 Metaspace       used 3935K, capacity 4540K, committed 4864K, reserved 1056768K
  class space    used 425K, capacity 428K, committed 512K, reserved 1048576K
}
2024-07-26T01:31:26.026+0800: 17.626: Total time for which application threads were stopped: 0.0061554 seconds, Stopping threads took: 0.0000399 seconds
{Heap before GC invocations=694 (full 59):
 par new generation   total 188736K, used 187673K [0x00000000c0000000, 0x00000000cccc0000, 0x00000000cccc0000)
  eden space 167808K,  99% used [0x00000000c0000000, 0x00000000ca346440, 0x00000000ca3e0000)
  from space 20928K,  97% used [0x00000000ca3e0000, 0x00000000cb7e0140, 0x00000000cb850000)
  to   space 20928K,   0% used [0x00000000cb850000, 0x00000000cb850000, 0x00000000cccc0000)
 concurrent mark-sweep generation total 838912K, used 744507K [0x00000000cccc0000, 0x0000000100000000, 0x0000000100000000)
 Metaspace       used 3935K, capacity 4540K, committed 4864K, reserved 1056768K
  class space    used 425K, capacity 428K, committed 512K, reserved 1048576K
2024-07-26T01:31:26.041+0800: 17.641: [GC (Allocation Failure) 2024-07-26T01:31:26.041+0800: 17.641: [ParNew2024-07-26T01:31:26.059+0800: 17.658: [SoftReference, 0 refs, 0.0000320 secs]2024-07-26T01:31:26.059+0800: 17.658: [WeakReference, 0 refs, 0.0000041 secs]2024-07-26T01:31:26.059+0800: 17.658: [FinalReference, 0 refs, 0.0000036 secs]2024-07-26T01:31:26.059+0800: 17.658: [PhantomReference, 0 refs, 0.0000034 secs]2024-07-26T01:31:26.059+0800: 17.658: [JNI Weak Reference, 0.0000044 secs]
Desired survivor size 10715136 bytes, new threshold 1 (max 1)
- age   1:   20971840 bytes,   20971840 total
: 187673K->20480K(188736K), 0.0177462 secs] 932181K->838717K(1027648K), 0.0177816 secs] [Times: user=0.11 sys=0.00, real=0.02 secs] 
Heap after GC invocations=695 (full 59):
 par new generation   total 188736K, used 20480K [0x00000000c0000000, 0x00000000cccc0000, 0x00000000cccc0000)
  eden space 167808K,   0% used [0x00000000c0000000, 0x00000000c0000000, 0x00000000ca3e0000)
  from space 20928K,  97% used [0x00000000cb850000, 0x00000000ccc50140, 0x00000000cccc0000)
  to   space 20928K,   0% used [0x00000000ca3e0000, 0x00000000ca3e0000, 0x00000000cb850000)
 concurrent mark-sweep generation total 838912K, used 818237K [0x00000000cccc0000, 0x0000000100000000, 0x0000000100000000)
 Metaspace       used 3935K, capacity 4540K, committed 4864K, reserved 1056768K
  class space    used 425K, capacity 428K, committed 512K, reserved 1048576K
}
2024-07-26T01:31:26.059+0800: 17.658: Total time for which application threads were stopped: 0.0178958 seconds, Stopping threads took: 0.0000244 seconds
2024-07-26T01:31:26.059+0800: 17.658: [CMS-concurrent-abortable-preclean: 0.010/0.346 secs] [Times: user=0.42 sys=0.02, real=0.35 secs] 
2024-07-26T01:31:26.059+0800: 17.659: [GC (CMS Final Remark) [YG occupancy: 25878 K (188736 K)]{Heap before GC invocations=695 (full 59):
 par new generation   total 188736K, used 25878K [0x00000000c0000000, 0x00000000cccc0000, 0x00000000cccc0000)
  eden space 167808K,   3% used [0x00000000c0000000, 0x00000000c0545a60, 0x00000000ca3e0000)
  from space 20928K,  97% used [0x00000000cb850000, 0x00000000ccc50140, 0x00000000cccc0000)
  to   space 20928K,   0% used [0x00000000ca3e0000, 0x00000000ca3e0000, 0x00000000cb850000)
 concurrent mark-sweep generation total 838912K, used 818237K [0x00000000cccc0000, 0x0000000100000000, 0x0000000100000000)
 Metaspace       used 3935K, capacity 4540K, committed 4864K, reserved 1056768K
  class space    used 425K, capacity 428K, committed 512K, reserved 1048576K
2024-07-26T01:31:26.059+0800: 17.659: [GC (CMS Final Remark) 2024-07-26T01:31:26.059+0800: 17.659: [ParNew: 25878K->25878K(188736K), 0.0000097 secs] 844115K->844115K(1027648K), 0.0000238 secs] [Times: user=0.00 sys=0.00, real=0.00 secs] 
Heap after GC invocations=696 (full 59):
 par new generation   total 188736K, used 25878K [0x00000000c0000000, 0x00000000cccc0000, 0x00000000cccc0000)
  eden space 167808K,   3% used [0x00000000c0000000, 0x00000000c0545a60, 0x00000000ca3e0000)
  from space 20928K,  97% used [0x00000000cb850000, 0x00000000ccc50140, 0x00000000cccc0000)
  to   space 20928K,   0% used [0x00000000ca3e0000, 0x00000000ca3e0000, 0x00000000cb850000)
 concurrent mark-sweep generation total 838912K, used 818237K [0x00000000cccc0000, 0x0000000100000000, 0x0000000100000000)
 Metaspace       used 3935K, capacity 4540K, committed 4864K, reserved 1056768K
  class space    used 425K, capacity 428K, committed 512K, reserved 1048576K
}
2024-07-26T01:31:26.059+0800: 17.659: [Rescan (parallel) , 0.0010040 secs]2024-07-26T01:31:26.060+0800: 17.660: [weak refs processing2024-07-26T01:31:26.060+0800: 17.660: [SoftReference, 0 refs, 0.0000045 secs]2024-07-26T01:31:26.060+0800: 17.660: [WeakReference, 0 refs, 0.0000036 secs]2024-07-26T01:31:26.060+0800: 17.660: [FinalReference, 0 refs, 0.0000032 secs]2024-07-26T01:31:26.060+0800: 17.660: [PhantomReference, 0 refs, 0.0000033 secs]2024-07-26T01:31:26.060+0800: 17.660: [JNI Weak Reference, 0.0000035 secs], 0.0000350 secs]2024-07-26T01:31:26.060+0800: 17.660: [class unloading, 0.0002193 secs]2024-07-26T01:31:26.061+0800: 17.660: [scrub symbol table, 0.0003169 secs]2024-07-26T01:31:26.061+0800: 17.660: [scrub string table, 0.0000820 secs][1 CMS-remark: 818237K(838912K)] 844115K(1027648K), 0.0017582 secs] [Times: user=0.00 sys=0.00, real=0.00 secs] 
2024-07-26T01:31:26.061+0800: 17.661: Total time for which application threads were stopped: 0.0019413 seconds, Stopping threads took: 0.0001506 seconds
2024-07-26T01:31:26.061+0800: 17.661: [CMS-concurrent-sweep-start]
2024-07-26T01:31:26.062+0800: 17.661: [CMS-concurrent-sweep: 0.000/0.000 secs] [Times: user=0.00 sys=0.00, real=0.00 secs] 
2024-07-26T01:31:26.062+0800: 17.661: [CMS-concurrent-reset-start]
2024-07-26T01:31:26.063+0800: 17.663: [CMS-concurrent-reset: 0.002/0.002 secs] [Times: user=0.00 sys=0.00, real=0.00 secs] 
{Heap before GC invocations=696 (full 59):
 par new generation   total 188736K, used 187951K [0x00000000c0000000, 0x00000000cccc0000, 0x00000000cccc0000)
  eden space 167808K,  99% used [0x00000000c0000000, 0x00000000ca38be50, 0x00000000ca3e0000)
  from space 20928K,  97% used [0x00000000cb850000, 0x00000000ccc50140, 0x00000000cccc0000)
  to   space 20928K,   0% used [0x00000000ca3e0000, 0x00000000ca3e0000, 0x00000000cb850000)
 concurrent mark-sweep generation total 838912K, used 529464K [0x00000000cccc0000, 0x0000000100000000, 0x0000000100000000)
 Metaspace       used 3935K, capacity 4540K, committed 4864K, reserved 1056768K
  class space    used 425K, capacity 428K, committed 512K, reserved 1048576K
2024-07-26T01:31:26.076+0800: 17.675: [GC (Allocation Failure) 2024-07-26T01:31:26.076+0800: 17.675: [ParNew2024-07-26T01:31:26.084+0800: 17.684: [SoftReference, 0 refs, 0.0000373 secs]2024-07-26T01:31:26.084+0800: 17.684: [WeakReference, 0 refs, 0.0000043 secs]2024-07-26T01:31:26.084+0800: 17.684: [FinalReference, 0 refs, 0.0000040 secs]2024-07-26T01:31:26.084+0800: 17.684: [PhantomReference, 0 refs, 0.0000038 secs]2024-07-26T01:31:26.084+0800: 17.684: [JNI Weak Reference, 0.0000045 secs]
Desired survivor size 10715136 bytes, new threshold 1 (max 1)
- age   1:   20971840 bytes,   20971840 total
: 187951K->20480K(188736K), 0.0085973 secs] 717416K->582713K(1027648K), 0.0086377 secs] [Times: user=0.02 sys=0.00, real=0.01 secs] 
Heap after GC invocations=697 (full 59):
 par new generation   total 188736K, used 20480K [0x00000000c0000000, 0x00000000cccc0000, 0x00000000cccc0000)
  eden space 167808K,   0% used [0x00000000c0000000, 0x00000000c0000000, 0x00000000ca3e0000)
  from space 20928K,  97% used [0x00000000ca3e0000, 0x00000000cb7e0140, 0x00000000cb850000)
  to   space 20928K,   0% used [0x00000000cb850000, 0x00000000cb850000, 0x00000000cccc0000)
 concurrent mark-sweep generation total 838912K, used 562233K [0x00000000cccc0000, 0x0000000100000000, 0x0000000100000000)
 Metaspace       used 3935K, capacity 4540K, committed 4864K, reserved 1056768K
  class space    used 425K, capacity 428K, committed 512K, reserved 1048576K
}
2024-07-26T01:31:26.084+0800: 17.684: Total time for which application threads were stopped: 0.0087791 seconds, Stopping threads took: 0.0000448 seconds
2024-07-26T01:31:26.085+0800: 17.684: [GC (CMS Initial Mark) [1 CMS-initial-mark: 562233K(838912K)] 588067K(1027648K), 0.0004268 secs] [Times: user=0.00 sys=0.00, real=0.00 secs] 
2024-07-26T01:31:26.085+0800: 17.685: Total time for which application threads were stopped: 0.0005890 seconds, Stopping threads took: 0.0001218 seconds
2024-07-26T01:31:26.085+0800: 17.685: [CMS-concurrent-mark-start]
2024-07-26T01:31:26.086+0800: 17.686: [CMS-concurrent-mark: 0.002/0.002 secs] [Times: user=0.00 sys=0.00, real=0.00 secs] 
2024-07-26T01:31:26.086+0800: 17.686: [CMS-concurrent-preclean-start]
2024-07-26T01:31:26.086+0800: 17.686: [Preclean SoftReferences, 0.0000048 secs]2024-07-26T01:31:26.086+0800: 17.686: [Preclean WeakReferences, 0.0000040 secs]2024-07-26T01:31:26.086+0800: 17.686: [Preclean FinalReferences, 0.0000034 secs]2024-07-26T01:31:26.086+0800: 17.686: [Preclean PhantomReferences, 0.0000032 secs]2024-07-26T01:31:26.087+0800: 17.687: [CMS-concurrent-preclean: 0.001/0.001 secs] [Times: user=0.00 sys=0.00, real=0.00 secs] 
2024-07-26T01:31:26.087+0800: 17.687: [CMS-concurrent-abortable-preclean-start]
{Heap before GC invocations=697 (full 60):
 par new generation   total 188736K, used 187628K [0x00000000c0000000, 0x00000000cccc0000, 0x00000000cccc0000)
  eden space 167808K,  99% used [0x00000000c0000000, 0x00000000ca33b018, 0x00000000ca3e0000)
  from space 20928K,  97% used [0x00000000ca3e0000, 0x00000000cb7e0140, 0x00000000cb850000)
  to   space 20928K,   0% used [0x00000000cb850000, 0x00000000cb850000, 0x00000000cccc0000)
 concurrent mark-sweep generation total 838912K, used 562233K [0x00000000cccc0000, 0x0000000100000000, 0x0000000100000000)
 Metaspace       used 3935K, capacity 4540K, committed 4864K, reserved 1056768K
  class space    used 425K, capacity 428K, committed 512K, reserved 1048576K
2024-07-26T01:31:26.098+0800: 17.698: [GC (Allocation Failure) 2024-07-26T01:31:26.099+0800: 17.698: [ParNew2024-07-26T01:31:26.102+0800: 17.702: [SoftReference, 0 refs, 0.0000400 secs]2024-07-26T01:31:26.102+0800: 17.702: [WeakReference, 0 refs, 0.0000048 secs]2024-07-26T01:31:26.102+0800: 17.702: [FinalReference, 0 refs, 0.0000044 secs]2024-07-26T01:31:26.102+0800: 17.702: [PhantomReference, 0 refs, 0.0000041 secs]2024-07-26T01:31:26.102+0800: 17.702: [JNI Weak Reference, 0.0000047 secs]
Desired survivor size 10715136 bytes, new threshold 1 (max 1)
- age   1:   13631696 bytes,   13631696 total
: 187628K->13312K(188736K), 0.0035070 secs] 749861K->575545K(1027648K), 0.0035676 secs] [Times: user=0.02 sys=0.00, real=0.00 secs] 
Heap after GC invocations=698 (full 60):
 par new generation   total 188736K, used 13312K [0x00000000c0000000, 0x00000000cccc0000, 0x00000000cccc0000)
  eden space 167808K,   0% used [0x00000000c0000000, 0x00000000c0000000, 0x00000000ca3e0000)
  from space 20928K,  63% used [0x00000000cb850000, 0x00000000cc5500d0, 0x00000000cccc0000)
  to   space 20928K,   0% used [0x00000000ca3e0000, 0x00000000ca3e0000, 0x00000000cb850000)
 concurrent mark-sweep generation total 838912K, used 562233K [0x00000000cccc0000, 0x0000000100000000, 0x0000000100000000)
 Metaspace       used 3935K, capacity 4540K, committed 4864K, reserved 1056768K
  class space    used 425K, capacity 428K, committed 512K, reserved 1048576K
}
2024-07-26T01:31:26.102+0800: 17.702: Total time for which application threads were stopped: 0.0037464 seconds, Stopping threads took: 0.0000479 seconds
{Heap before GC invocations=698 (full 60):
 par new generation   total 188736K, used 180476K [0x00000000c0000000, 0x00000000cccc0000, 0x00000000cccc0000)
  eden space 167808K,  99% used [0x00000000c0000000, 0x00000000ca33f068, 0x00000000ca3e0000)
  from space 20928K,  63% used [0x00000000cb850000, 0x00000000cc5500d0, 0x00000000cccc0000)
  to   space 20928K,   0% used [0x00000000ca3e0000, 0x00000000ca3e0000, 0x00000000cb850000)
 concurrent mark-sweep generation total 838912K, used 562233K [0x00000000cccc0000, 0x0000000100000000, 0x0000000100000000)
 Metaspace       used 3935K, capacity 4540K, committed 4864K, reserved 1056768K
  class space    used 425K, capacity 428K, committed 512K, reserved 1048576K
2024-07-26T01:31:26.117+0800: 17.717: [GC (Allocation Failure) 2024-07-26T01:31:26.117+0800: 17.717: [ParNew2024-07-26T01:31:26.133+0800: 17.732: [SoftReference, 0 refs, 0.0000388 secs]2024-07-26T01:31:26.133+0800: 17.732: [WeakReference, 0 refs, 0.0000059 secs]2024-07-26T01:31:26.133+0800: 17.732: [FinalReference, 0 refs, 0.0000051 secs]2024-07-26T01:31:26.133+0800: 17.732: [PhantomReference, 0 refs, 0.0000050 secs]2024-07-26T01:31:26.133+0800: 17.732: [JNI Weak Reference, 0.0000051 secs]
Desired survivor size 10715136 bytes, new threshold 1 (max 1)
- age   1:   20971840 bytes,   20971840 total
: 180476K->20480K(188736K), 0.0158545 secs] 742709K->639034K(1027648K), 0.0158976 secs] [Times: user=0.06 sys=0.00, real=0.02 secs] 
Heap after GC invocations=699 (full 60):
 par new generation   total 188736K, used 20480K [0x00000000c0000000, 0x00000000cccc0000, 0x00000000cccc0000)
  eden space 167808K,   0% used [0x00000000c0000000, 0x00000000c0000000, 0x00000000ca3e0000)
  from space 20928K,  97% used [0x00000000ca3e0000, 0x00000000cb7e0140, 0x00000000cb850000)
  to   space 20928K,   0% used [0x00000000cb850000, 0x00000000cb850000, 0x00000000cccc0000)
 concurrent mark-sweep generation total 838912K, used 618554K [0x00000000cccc0000, 0x0000000100000000, 0x0000000100000000)
 Metaspace       used 3935K, capacity 4540K, committed 4864K, reserved 1056768K
  class space    used 425K, capacity 428K, committed 512K, reserved 1048576K
}
2024-07-26T01:31:26.133+0800: 17.733: Total time for which application threads were stopped: 0.0160279 seconds, Stopping threads took: 0.0000271 seconds
{Heap before GC invocations=699 (full 60):
 par new generation   total 188736K, used 187654K [0x00000000c0000000, 0x00000000cccc0000, 0x00000000cccc0000)
  eden space 167808K,  99% used [0x00000000c0000000, 0x00000000ca3419c8, 0x00000000ca3e0000)
  from space 20928K,  97% used [0x00000000ca3e0000, 0x00000000cb7e0140, 0x00000000cb850000)
  to   space 20928K,   0% used [0x00000000cb850000, 0x00000000cb850000, 0x00000000cccc0000)
 concurrent mark-sweep generation total 838912K, used 618554K [0x00000000cccc0000, 0x0000000100000000, 0x0000000100000000)
 Metaspace       used 3935K, capacity 4540K, committed 4864K, reserved 1056768K
  class space    used 425K, capacity 428K, committed 512K, reserved 1048576K
2024-07-26T01:31:26.148+0800: 17.747: [GC (Allocation Failure) 2024-07-26T01:31:26.148+0800: 17.748: [ParNew2024-07-26T01:31:26.155+0800: 17.755: [SoftReference, 0 refs, 0.0000419 secs]2024-07-26T01:31:26.155+0800: 17.755: [WeakReference, 0 refs, 0.0000078 secs]2024-07-26T01:31:26.155+0800: 17.755: [FinalReference, 0 refs, 0.0000072 secs]2024-07-26T01:31:26.155+0800: 17.755: [PhantomReference, 0 refs, 0.0000071 secs]2024-07-26T01:31:26.155+0800: 17.755: [JNI Weak Reference, 0.0000071 secs]
Desired survivor size 10715136 bytes, new threshold 1 (max 1)
- age   1:   20971840 bytes,   20971840 total
: 187654K->20480K(188736K), 0.0071655 secs] 806208K->655418K(1027648K), 0.0072111 secs] [Times: user=0.01 sys=0.00, real=0.01 secs] 
Heap after GC invocations=700 (full 60):
 par new generation   total 188736K, used 20480K [0x00000000c0000000, 0x00000000cccc0000, 0x00000000cccc0000)
  eden space 167808K,   0% used [0x00000000c0000000, 0x00000000c0000000, 0x00000000ca3e0000)
  from space 20928K,  97% used [0x00000000cb850000, 0x00000000ccc50140, 0x00000000cccc0000)
  to   space 20928K,   0% used [0x00000000ca3e0000, 0x00000000ca3e0000, 0x00000000cb850000)
 concurrent mark-sweep generation total 838912K, used 634938K [0x00000000cccc0000, 0x0000000100000000, 0x0000000100000000)
 Metaspace       used 3935K, capacity 4540K, committed 4864K, reserved 1056768K
  class space    used 425K, capacity 428K, committed 512K, reserved 1048576K
}
2024-07-26T01:31:26.155+0800: 17.755: Total time for which application threads were stopped: 0.0073443 seconds, Stopping threads took: 0.0000255 seconds
{Heap before GC invocations=700 (full 60):
 par new generation   total 188736K, used 187661K [0x00000000c0000000, 0x00000000cccc0000, 0x00000000cccc0000)
  eden space 167808K,  99% used [0x00000000c0000000, 0x00000000ca343460, 0x00000000ca3e0000)
  from space 20928K,  97% used [0x00000000cb850000, 0x00000000ccc50140, 0x00000000cccc0000)
  to   space 20928K,   0% used [0x00000000ca3e0000, 0x00000000ca3e0000, 0x00000000cb850000)
 concurrent mark-sweep generation total 838912K, used 634938K [0x00000000cccc0000, 0x0000000100000000, 0x0000000100000000)
 Metaspace       used 3935K, capacity 4540K, committed 4864K, reserved 1056768K
  class space    used 425K, capacity 428K, committed 512K, reserved 1048576K
2024-07-26T01:31:26.170+0800: 17.770: [GC (Allocation Failure) 2024-07-26T01:31:26.170+0800: 17.770: [ParNew2024-07-26T01:31:26.186+0800: 17.785: [SoftReference, 0 refs, 0.0000366 secs]2024-07-26T01:31:26.186+0800: 17.785: [WeakReference, 0 refs, 0.0000046 secs]2024-07-26T01:31:26.186+0800: 17.785: [FinalReference, 0 refs, 0.0000037 secs]2024-07-26T01:31:26.186+0800: 17.785: [PhantomReference, 0 refs, 0.0000037 secs]2024-07-26T01:31:26.186+0800: 17.785: [JNI Weak Reference, 0.0000046 secs]
Desired survivor size 10715136 bytes, new threshold 1 (max 1)
- age   1:   20971840 bytes,   20971840 total
: 187661K->20480K(188736K), 0.0155349 secs] 822599K->735291K(1027648K), 0.0155838 secs] [Times: user=0.02 sys=0.00, real=0.02 secs] 
Heap after GC invocations=701 (full 60):
 par new generation   total 188736K, used 20480K [0x00000000c0000000, 0x00000000cccc0000, 0x00000000cccc0000)
  eden space 167808K,   0% used [0x00000000c0000000, 0x00000000c0000000, 0x00000000ca3e0000)
  from space 20928K,  97% used [0x00000000ca3e0000, 0x00000000cb7e0140, 0x00000000cb850000)
  to   space 20928K,   0% used [0x00000000cb850000, 0x00000000cb850000, 0x00000000cccc0000)
 concurrent mark-sweep generation total 838912K, used 714811K [0x00000000cccc0000, 0x0000000100000000, 0x0000000100000000)
 Metaspace       used 3935K, capacity 4540K, committed 4864K, reserved 1056768K
  class space    used 425K, capacity 428K, committed 512K, reserved 1048576K
}
2024-07-26T01:31:26.186+0800: 17.785: Total time for which application threads were stopped: 0.0157122 seconds, Stopping threads took: 0.0000268 seconds
{Heap before GC invocations=701 (full 60):
 par new generation   total 188736K, used 187665K [0x00000000c0000000, 0x00000000cccc0000, 0x00000000cccc0000)
  eden space 167808K,  99% used [0x00000000c0000000, 0x00000000ca344578, 0x00000000ca3e0000)
  from space 20928K,  97% used [0x00000000ca3e0000, 0x00000000cb7e0140, 0x00000000cb850000)
  to   space 20928K,   0% used [0x00000000cb850000, 0x00000000cb850000, 0x00000000cccc0000)
 concurrent mark-sweep generation total 838912K, used 714811K [0x00000000cccc0000, 0x0000000100000000, 0x0000000100000000)
 Metaspace       used 3935K, capacity 4540K, committed 4864K, reserved 1056768K
  class space    used 425K, capacity 428K, committed 512K, reserved 1048576K
2024-07-26T01:31:26.200+0800: 17.800: [GC (Allocation Failure) 2024-07-26T01:31:26.200+0800: 17.800: [ParNew2024-07-26T01:31:26.210+0800: 17.810: [SoftReference, 0 refs, 0.0000225 secs]2024-07-26T01:31:26.210+0800: 17.810: [WeakReference, 0 refs, 0.0000041 secs]2024-07-26T01:31:26.210+0800: 17.810: [FinalReference, 0 refs, 0.0000078 secs]2024-07-26T01:31:26.210+0800: 17.810: [PhantomReference, 0 refs, 0.0000050 secs]2024-07-26T01:31:26.210+0800: 17.810: [JNI Weak Reference, 0.0000042 secs]
Desired survivor size 10715136 bytes, new threshold 1 (max 1)
- age   1:   20971840 bytes,   20971840 total
: 187665K->20480K(188736K), 0.0100254 secs] 902477K->775228K(1027648K), 0.0100668 secs] [Times: user=0.00 sys=0.00, real=0.01 secs] 
Heap after GC invocations=702 (full 60):
 par new generation   total 188736K, used 20480K [0x00000000c0000000, 0x00000000cccc0000, 0x00000000cccc0000)
  eden space 167808K,   0% used [0x00000000c0000000, 0x00000000c0000000, 0x00000000ca3e0000)
  from space 20928K,  97% used [0x00000000cb850000, 0x00000000ccc50140, 0x00000000cccc0000)
  to   space 20928K,   0% used [0x00000000ca3e0000, 0x00000000ca3e0000, 0x00000000cb850000)
 concurrent mark-sweep generation total 838912K, used 754748K [0x00000000cccc0000, 0x0000000100000000, 0x0000000100000000)
 Metaspace       used 3935K, capacity 4540K, committed 4864K, reserved 1056768K
  class space    used 425K, capacity 428K, committed 512K, reserved 1048576K
}
2024-07-26T01:31:26.210+0800: 17.810: Total time for which application threads were stopped: 0.0101880 seconds, Stopping threads took: 0.0000260 seconds
{Heap before GC invocations=702 (full 60):
 par new generation   total 188736K, used 187668K [0x00000000c0000000, 0x00000000cccc0000, 0x00000000cccc0000)
  eden space 167808K,  99% used [0x00000000c0000000, 0x00000000ca345078, 0x00000000ca3e0000)
  from space 20928K,  97% used [0x00000000cb850000, 0x00000000ccc50140, 0x00000000cccc0000)
  to   space 20928K,   0% used [0x00000000ca3e0000, 0x00000000ca3e0000, 0x00000000cb850000)
 concurrent mark-sweep generation total 838912K, used 754748K [0x00000000cccc0000, 0x0000000100000000, 0x0000000100000000)
 Metaspace       used 3935K, capacity 4540K, committed 4864K, reserved 1056768K
  class space    used 425K, capacity 428K, committed 512K, reserved 1048576K
2024-07-26T01:31:26.224+0800: 17.824: [GC (Allocation Failure) 2024-07-26T01:31:26.224+0800: 17.824: [ParNew: 187668K->187668K(188736K), 0.0000116 secs]2024-07-26T01:31:26.224+0800: 17.824: [CMS2024-07-26T01:31:26.224+0800: 17.824: [CMS-concurrent-abortable-preclean: 0.004/0.137 secs] [Times: user=0.14 sys=0.00, real=0.14 secs] 
 (concurrent mode failure)2024-07-26T01:31:26.224+0800: 17.824: [SoftReference, 0 refs, 0.0000126 secs]2024-07-26T01:31:26.224+0800: 17.824: [WeakReference, 2 refs, 0.0000047 secs]2024-07-26T01:31:26.224+0800: 17.824: [FinalReference, 2 refs, 0.0000039 secs]2024-07-26T01:31:26.224+0800: 17.824: [PhantomReference, 0 refs, 0.0000037 secs]2024-07-26T01:31:26.224+0800: 17.824: [JNI Weak Reference, 0.0000039 secs]: 754748K->21536K(838912K), 0.0056262 secs] 942416K->21536K(1027648K), [Metaspace: 3935K->3935K(1056768K)], 0.0056778 secs] [Times: user=0.00 sys=0.00, real=0.01 secs] 
Heap after GC invocations=703 (full 61):
 par new generation   total 188736K, used 0K [0x00000000c0000000, 0x00000000cccc0000, 0x00000000cccc0000)
  eden space 167808K,   0% used [0x00000000c0000000, 0x00000000c0000000, 0x00000000ca3e0000)
  from space 20928K,   0% used [0x00000000cb850000, 0x00000000cb850000, 0x00000000cccc0000)
  to   space 20928K,   0% used [0x00000000ca3e0000, 0x00000000ca3e0000, 0x00000000cb850000)
 concurrent mark-sweep generation total 838912K, used 21536K [0x00000000cccc0000, 0x0000000100000000, 0x0000000100000000)
 Metaspace       used 3935K, capacity 4540K, committed 4864K, reserved 1056768K
  class space    used 425K, capacity 428K, committed 512K, reserved 1048576K
}
2024-07-26T01:31:26.229+0800: 17.829: Total time for which application threads were stopped: 0.0057857 seconds, Stopping threads took: 0.0000207 seconds
{Heap before GC invocations=703 (full 61):
 par new generation   total 188736K, used 167189K [0x00000000c0000000, 0x00000000cccc0000, 0x00000000cccc0000)
  eden space 167808K,  99% used [0x00000000c0000000, 0x00000000ca345788, 0x00000000ca3e0000)
  from space 20928K,   0% used [0x00000000cb850000, 0x00000000cb850000, 0x00000000cccc0000)
  to   space 20928K,   0% used [0x00000000ca3e0000, 0x00000000ca3e0000, 0x00000000cb850000)
 concurrent mark-sweep generation total 838912K, used 21536K [0x00000000cccc0000, 0x0000000100000000, 0x0000000100000000)
 Metaspace       used 3935K, capacity 4540K, committed 4864K, reserved 1056768K
  class space    used 425K, capacity 428K, committed 512K, reserved 1048576K
2024-07-26T01:31:26.244+0800: 17.844: [GC (Allocation Failure) 2024-07-26T01:31:26.244+0800: 17.844: [ParNew2024-07-26T01:31:26.258+0800: 17.858: [SoftReference, 0 refs, 0.0000371 secs]2024-07-26T01:31:26.258+0800: 17.858: [WeakReference, 0 refs, 0.0000054 secs]2024-07-26T01:31:26.258+0800: 17.858: [FinalReference, 0 refs, 0.0000046 secs]2024-07-26T01:31:26.258+0800: 17.858: [PhantomReference, 0 refs, 0.0000047 secs]2024-07-26T01:31:26.258+0800: 17.858: [JNI Weak Reference, 0.0000052 secs]
Desired survivor size 10715136 bytes, new threshold 1 (max 1)
- age   1:   20971840 bytes,   20971840 total
: 167189K->20480K(188736K), 0.0141098 secs] 188726K->105507K(1027648K), 0.0141495 secs] [Times: user=0.06 sys=0.03, real=0.01 secs] 
Heap after GC invocations=704 (full 61):
 par new generation   total 188736K, used 20480K [0x00000000c0000000, 0x00000000cccc0000, 0x00000000cccc0000)
  eden space 167808K,   0% used [0x00000000c0000000, 0x00000000c0000000, 0x00000000ca3e0000)
  from space 20928K,  97% used [0x00000000ca3e0000, 0x00000000cb7e0140, 0x00000000cb850000)
  to   space 20928K,   0% used [0x00000000cb850000, 0x00000000cb850000, 0x00000000cccc0000)
 concurrent mark-sweep generation total 838912K, used 85027K [0x00000000cccc0000, 0x0000000100000000, 0x0000000100000000)
 Metaspace       used 3935K, capacity 4540K, committed 4864K, reserved 1056768K
  class space    used 425K, capacity 428K, committed 512K, reserved 1048576K
}
2024-07-26T01:31:26.258+0800: 17.858: Total time for which application threads were stopped: 0.0142712 seconds, Stopping threads took: 0.0000211 seconds
{Heap before GC invocations=704 (full 61):
 par new generation   total 188736K, used 187671K [0x00000000c0000000, 0x00000000cccc0000, 0x00000000cccc0000)
  eden space 167808K,  99% used [0x00000000c0000000, 0x00000000ca345c10, 0x00000000ca3e0000)
  from space 20928K,  97% used [0x00000000ca3e0000, 0x00000000cb7e0140, 0x00000000cb850000)
  to   space 20928K,   0% used [0x00000000cb850000, 0x00000000cb850000, 0x00000000cccc0000)
 concurrent mark-sweep generation total 838912K, used 85027K [0x00000000cccc0000, 0x0000000100000000, 0x0000000100000000)
 Metaspace       used 3935K, capacity 4540K, committed 4864K, reserved 1056768K
  class space    used 425K, capacity 428K, committed 512K, reserved 1048576K
2024-07-26T01:31:26.272+0800: 17.872: [GC (Allocation Failure) 2024-07-26T01:31:26.272+0800: 17.872: [ParNew2024-07-26T01:31:26.279+0800: 17.879: [SoftReference, 0 refs, 0.0000585 secs]2024-07-26T01:31:26.279+0800: 17.879: [WeakReference, 0 refs, 0.0000050 secs]2024-07-26T01:31:26.279+0800: 17.879: [FinalReference, 0 refs, 0.0000044 secs]2024-07-26T01:31:26.279+0800: 17.879: [PhantomReference, 0 refs, 0.0000039 secs]2024-07-26T01:31:26.279+0800: 17.879: [JNI Weak Reference, 0.0000045 secs]
Desired survivor size 10715136 bytes, new threshold 1 (max 1)
- age   1:   20971840 bytes,   20971840 total
: 187671K->20480K(188736K), 0.0067796 secs] 272698K->129060K(1027648K), 0.0068183 secs] [Times: user=0.01 sys=0.00, real=0.01 secs] 
Heap after GC invocations=705 (full 61):
 par new generation   total 188736K, used 20480K [0x00000000c0000000, 0x00000000cccc0000, 0x00000000cccc0000)
  eden space 167808K,   0% used [0x00000000c0000000, 0x00000000c0000000, 0x00000000ca3e0000)
  from space 20928K,  97% used [0x00000000cb850000, 0x00000000ccc50140, 0x00000000cccc0000)
  to   space 20928K,   0% used [0x00000000ca3e0000, 0x00000000ca3e0000, 0x00000000cb850000)
 concurrent mark-sweep generation total 838912K, used 108579K [0x00000000cccc0000, 0x0000000100000000, 0x0000000100000000)
 Metaspace       used 3935K, capacity 4540K, committed 4864K, reserved 1056768K
  class space    used 425K, capacity 428K, committed 512K, reserved 1048576K
}
2024-07-26T01:31:26.279+0800: 17.879: Total time for which application threads were stopped: 0.0069350 seconds, Stopping threads took: 0.0000231 seconds
{Heap before GC invocations=705 (full 61):
 par new generation   total 188736K, used 187672K [0x00000000c0000000, 0x00000000cccc0000, 0x00000000cccc0000)
  eden space 167808K,  99% used [0x00000000c0000000, 0x00000000ca345f00, 0x00000000ca3e0000)
  from space 20928K,  97% used [0x00000000cb850000, 0x00000000ccc50140, 0x00000000cccc0000)
  to   space 20928K,   0% used [0x00000000ca3e0000, 0x00000000ca3e0000, 0x00000000cb850000)
 concurrent mark-sweep generation total 838912K, used 108579K [0x00000000cccc0000, 0x0000000100000000, 0x0000000100000000)
 Metaspace       used 3935K, capacity 4540K, committed 4864K, reserved 1056768K
  class space    used 425K, capacity 428K, committed 512K, reserved 1048576K
2024-07-26T01:31:26.293+0800: 17.892: [GC (Allocation Failure) 2024-07-26T01:31:26.293+0800: 17.892: [ParNew2024-07-26T01:31:26.295+0800: 17.895: [SoftReference, 0 refs, 0.0000425 secs]2024-07-26T01:31:26.295+0800: 17.895: [WeakReference, 0 refs, 0.0000099 secs]2024-07-26T01:31:26.295+0800: 17.895: [FinalReference, 0 refs, 0.0000084 secs]2024-07-26T01:31:26.295+0800: 17.895: [PhantomReference, 0 refs, 0.0000083 secs]2024-07-26T01:31:26.295+0800: 17.895: [JNI Weak Reference, 0.0000083 secs]
Desired survivor size 10715136 bytes, new threshold 1 (max 1)
- age   1:    4194368 bytes,    4194368 total
: 187672K->4096K(188736K), 0.0024428 secs] 296251K->112675K(1027648K), 0.0024848 secs] [Times: user=0.00 sys=0.00, real=0.00 secs] 
Heap after GC invocations=706 (full 61):
 par new generation   total 188736K, used 4096K [0x00000000c0000000, 0x00000000cccc0000, 0x00000000cccc0000)
  eden space 167808K,   0% used [0x00000000c0000000, 0x00000000c0000000, 0x00000000ca3e0000)
  from space 20928K,  19% used [0x00000000ca3e0000, 0x00000000ca7e0040, 0x00000000cb850000)
  to   space 20928K,   0% used [0x00000000cb850000, 0x00000000cb850000, 0x00000000cccc0000)
 concurrent mark-sweep generation total 838912K, used 108579K [0x00000000cccc0000, 0x0000000100000000, 0x0000000100000000)
 Metaspace       used 3935K, capacity 4540K, committed 4864K, reserved 1056768K
  class space    used 425K, capacity 428K, committed 512K, reserved 1048576K
}
2024-07-26T01:31:26.295+0800: 17.895: Total time for which application threads were stopped: 0.0026112 seconds, Stopping threads took: 0.0000198 seconds
{Heap before GC invocations=706 (full 61):
 par new generation   total 188736K, used 171288K [0x00000000c0000000, 0x00000000cccc0000, 0x00000000cccc0000)
  eden space 167808K,  99% used [0x00000000c0000000, 0x00000000ca3460e0, 0x00000000ca3e0000)
  from space 20928K,  19% used [0x00000000ca3e0000, 0x00000000ca7e0040, 0x00000000cb850000)
  to   space 20928K,   0% used [0x00000000cb850000, 0x00000000cb850000, 0x00000000cccc0000)
 concurrent mark-sweep generation total 838912K, used 108579K [0x00000000cccc0000, 0x0000000100000000, 0x0000000100000000)
 Metaspace       used 3935K, capacity 4540K, committed 4864K, reserved 1056768K
  class space    used 425K, capacity 428K, committed 512K, reserved 1048576K
2024-07-26T01:31:26.310+0800: 17.910: [GC (Allocation Failure) 2024-07-26T01:31:26.310+0800: 17.910: [ParNew2024-07-26T01:31:26.321+0800: 17.921: [SoftReference, 0 refs, 0.0000313 secs]2024-07-26T01:31:26.321+0800: 17.921: [WeakReference, 0 refs, 0.0000073 secs]2024-07-26T01:31:26.321+0800: 17.921: [FinalReference, 0 refs, 0.0000039 secs]2024-07-26T01:31:26.321+0800: 17.921: [PhantomReference, 0 refs, 0.0000039 secs]2024-07-26T01:31:26.321+0800: 17.921: [JNI Weak Reference, 0.0000044 secs]
Desired survivor size 10715136 bytes, new threshold 1 (max 1)
- age   1:   20971840 bytes,   20971840 total
: 171288K->20480K(188736K), 0.0116406 secs] 279868K->176166K(1027648K), 0.0116963 secs] [Times: user=0.00 sys=0.00, real=0.01 secs] 
Heap after GC invocations=707 (full 61):
 par new generation   total 188736K, used 20480K [0x00000000c0000000, 0x00000000cccc0000, 0x00000000cccc0000)
  eden space 167808K,   0% used [0x00000000c0000000, 0x00000000c0000000, 0x00000000ca3e0000)
  from space 20928K,  97% used [0x00000000cb850000, 0x00000000ccc50140, 0x00000000cccc0000)
  to   space 20928K,   0% used [0x00000000ca3e0000, 0x00000000ca3e0000, 0x00000000cb850000)
 concurrent mark-sweep generation total 838912K, used 155686K [0x00000000cccc0000, 0x0000000100000000, 0x0000000100000000)
 Metaspace       used 3935K, capacity 4540K, committed 4864K, reserved 1056768K
  class space    used 425K, capacity 428K, committed 512K, reserved 1048576K
}
2024-07-26T01:31:26.321+0800: 17.921: Total time for which application threads were stopped: 0.0118456 seconds, Stopping threads took: 0.0000493 seconds
{Heap before GC invocations=707 (full 61):
 par new generation   total 188736K, used 187672K [0x00000000c0000000, 0x00000000cccc0000, 0x00000000cccc0000)
  eden space 167808K,  99% used [0x00000000c0000000, 0x00000000ca346218, 0x00000000ca3e0000)
  from space 20928K,  97% used [0x00000000cb850000, 0x00000000ccc50140, 0x00000000cccc0000)
  to   space 20928K,   0% used [0x00000000ca3e0000, 0x00000000ca3e0000, 0x00000000cb850000)
 concurrent mark-sweep generation total 838912K, used 155686K [0x00000000cccc0000, 0x0000000100000000, 0x0000000100000000)
 Metaspace       used 3935K, capacity 4540K, committed 4864K, reserved 1056768K
  class space    used 425K, capacity 428K, committed 512K, reserved 1048576K
2024-07-26T01:31:26.336+0800: 17.936: [GC (Allocation Failure) 2024-07-26T01:31:26.336+0800: 17.936: [ParNew2024-07-26T01:31:26.342+0800: 17.942: [SoftReference, 0 refs, 0.0000353 secs]2024-07-26T01:31:26.342+0800: 17.942: [WeakReference, 0 refs, 0.0000046 secs]2024-07-26T01:31:26.342+0800: 17.942: [FinalReference, 0 refs, 0.0000038 secs]2024-07-26T01:31:26.342+0800: 17.942: [PhantomReference, 0 refs, 0.0000037 secs]2024-07-26T01:31:26.342+0800: 17.942: [JNI Weak Reference, 0.0000044 secs]
Desired survivor size 10715136 bytes, new threshold 1 (max 1)
- age   1:   20971840 bytes,   20971840 total
: 187672K->20480K(188736K), 0.0064408 secs] 343359K->183337K(1027648K), 0.0064859 secs] [Times: user=0.02 sys=0.00, real=0.01 secs] 
Heap after GC invocations=708 (full 61):
 par new generation   total 188736K, used 20480K [0x00000000c0000000, 0x00000000cccc0000, 0x00000000cccc0000)
  eden space 167808K,   0% used [0x00000000c0000000, 0x00000000c0000000, 0x00000000ca3e0000)
  from space 20928K,  97% used [0x00000000ca3e0000, 0x00000000cb7e0140, 0x00000000cb850000)
  to   space 20928K,   0% used [0x00000000cb850000, 0x00000000cb850000, 0x00000000cccc0000)
 concurrent mark-sweep generation total 838912K, used 162856K [0x00000000cccc0000, 0x0000000100000000, 0x0000000100000000)
 Metaspace       used 3935K, capacity 4540K, committed 4864K, reserved 1056768K
  class space    used 425K, capacity 428K, committed 512K, reserved 1048576K
}
2024-07-26T01:31:26.342+0800: 17.942: Total time for which application threads were stopped: 0.0066062 seconds, Stopping threads took: 0.0000299 seconds
{Heap before GC invocations=708 (full 61):
 par new generation   total 188736K, used 187673K [0x00000000c0000000, 0x00000000cccc0000, 0x00000000cccc0000)
  eden space 167808K,  99% used [0x00000000c0000000, 0x00000000ca3462e0, 0x00000000ca3e0000)
  from space 20928K,  97% used [0x00000000ca3e0000, 0x00000000cb7e0140, 0x00000000cb850000)
  to   space 20928K,   0% used [0x00000000cb850000, 0x00000000cb850000, 0x00000000cccc0000)
 concurrent mark-sweep generation total 838912K, used 162856K [0x00000000cccc0000, 0x0000000100000000, 0x0000000100000000)
 Metaspace       used 3935K, capacity 4540K, committed 4864K, reserved 1056768K
  class space    used 425K, capacity 428K, committed 512K, reserved 1048576K
2024-07-26T01:31:26.358+0800: 17.958: [GC (Allocation Failure) 2024-07-26T01:31:26.358+0800: 17.958: [ParNew2024-07-26T01:31:26.374+0800: 17.974: [SoftReference, 0 refs, 0.0000338 secs]2024-07-26T01:31:26.374+0800: 17.974: [WeakReference, 0 refs, 0.0000046 secs]2024-07-26T01:31:26.374+0800: 17.974: [FinalReference, 0 refs, 0.0000041 secs]2024-07-26T01:31:26.374+0800: 17.974: [PhantomReference, 0 refs, 0.0000037 secs]2024-07-26T01:31:26.374+0800: 17.974: [JNI Weak Reference, 0.0000042 secs]
Desired survivor size 10715136 bytes, new threshold 1 (max 1)
- age   1:   20971840 bytes,   20971840 total
: 187673K->20480K(188736K), 0.0159601 secs] 350529K->253994K(1027648K), 0.0160016 secs] [Times: user=0.03 sys=0.00, real=0.02 secs] 
Heap after GC invocations=709 (full 61):
 par new generation   total 188736K, used 20480K [0x00000000c0000000, 0x00000000cccc0000, 0x00000000cccc0000)
  eden space 167808K,   0% used [0x00000000c0000000, 0x00000000c0000000, 0x00000000ca3e0000)
  from space 20928K,  97% used [0x00000000cb850000, 0x00000000ccc50140, 0x00000000cccc0000)
  to   space 20928K,   0% used [0x00000000ca3e0000, 0x00000000ca3e0000, 0x00000000cb850000)
 concurrent mark-sweep generation total 838912K, used 233513K [0x00000000cccc0000, 0x0000000100000000, 0x0000000100000000)
 Metaspace       used 3935K, capacity 4540K, committed 4864K, reserved 1056768K
  class space    used 425K, capacity 428K, committed 512K, reserved 1048576K
}
2024-07-26T01:31:26.374+0800: 17.974: Total time for which application threads were stopped: 0.0161270 seconds, Stopping threads took: 0.0000290 seconds
{Heap before GC invocations=709 (full 61):
 par new generation   total 188736K, used 187673K [0x00000000c0000000, 0x00000000cccc0000, 0x00000000cccc0000)
  eden space 167808K,  99% used [0x00000000c0000000, 0x00000000ca346360, 0x00000000ca3e0000)
  from space 20928K,  97% used [0x00000000cb850000, 0x00000000ccc50140, 0x00000000cccc0000)
  to   space 20928K,   0% used [0x00000000ca3e0000, 0x00000000ca3e0000, 0x00000000cb850000)
 concurrent mark-sweep generation total 838912K, used 233513K [0x00000000cccc0000, 0x0000000100000000, 0x0000000100000000)
 Metaspace       used 3935K, capacity 4540K, committed 4864K, reserved 1056768K
  class space    used 425K, capacity 428K, committed 512K, reserved 1048576K
2024-07-26T01:31:26.389+0800: 17.988: [GC (Allocation Failure) 2024-07-26T01:31:26.389+0800: 17.988: [ParNew2024-07-26T01:31:26.399+0800: 17.998: [SoftReference, 0 refs, 0.0000377 secs]2024-07-26T01:31:26.399+0800: 17.998: [WeakReference, 0 refs, 0.0000047 secs]2024-07-26T01:31:26.399+0800: 17.998: [FinalReference, 0 refs, 0.0000043 secs]2024-07-26T01:31:26.399+0800: 17.998: [PhantomReference, 0 refs, 0.0000041 secs]2024-07-26T01:31:26.399+0800: 17.998: [JNI Weak Reference, 0.0000050 secs]
Desired survivor size 10715136 bytes, new threshold 1 (max 1)
- age   1:   20971840 bytes,   20971840 total
: 187673K->20480K(188736K), 0.0095013 secs] 421187K->284716K(1027648K), 0.0095451 secs] [Times: user=0.00 sys=0.00, real=0.01 secs] 
Heap after GC invocations=710 (full 61):
 par new generation   total 188736K, used 20480K [0x00000000c0000000, 0x00000000cccc0000, 0x00000000cccc0000)
  eden space 167808K,   0% used [0x00000000c0000000, 0x00000000c0000000, 0x00000000ca3e0000)
  from space 20928K,  97% used [0x00000000ca3e0000, 0x00000000cb7e0140, 0x00000000cb850000)
  to   space 20928K,   0% used [0x00000000cb850000, 0x00000000cb850000, 0x00000000cccc0000)
 concurrent mark-sweep generation total 838912K, used 264236K [0x00000000cccc0000, 0x0000000100000000, 0x0000000100000000)
 Metaspace       used 3935K, capacity 4540K, committed 4864K, reserved 1056768K
  class space    used 425K, capacity 428K, committed 512K, reserved 1048576K
}
2024-07-26T01:31:26.399+0800: 17.998: Total time for which application threads were stopped: 0.0096646 seconds, Stopping threads took: 0.0000227 seconds
{Heap before GC invocations=710 (full 61):
 par new generation   total 188736K, used 187673K [0x00000000c0000000, 0x00000000cccc0000, 0x00000000cccc0000)
  eden space 167808K,  99% used [0x00000000c0000000, 0x00000000ca3463b0, 0x00000000ca3e0000)
  from space 20928K,  97% used [0x00000000ca3e0000, 0x00000000cb7e0140, 0x00000000cb850000)
  to   space 20928K,   0% used [0x00000000cb850000, 0x00000000cb850000, 0x00000000cccc0000)
 concurrent mark-sweep generation total 838912K, used 264236K [0x00000000cccc0000, 0x0000000100000000, 0x0000000100000000)
 Metaspace       used 3935K, capacity 4540K, committed 4864K, reserved 1056768K
  class space    used 425K, capacity 428K, committed 512K, reserved 1048576K
2024-07-26T01:31:26.412+0800: 18.012: [GC (Allocation Failure) 2024-07-26T01:31:26.412+0800: 18.012: [ParNew2024-07-26T01:31:26.415+0800: 18.015: [SoftReference, 0 refs, 0.0000315 secs]2024-07-26T01:31:26.415+0800: 18.015: [WeakReference, 0 refs, 0.0000056 secs]2024-07-26T01:31:26.415+0800: 18.015: [FinalReference, 0 refs, 0.0000049 secs]2024-07-26T01:31:26.415+0800: 18.015: [PhantomReference, 0 refs, 0.0000048 secs]2024-07-26T01:31:26.415+0800: 18.015: [JNI Weak Reference, 0.0000050 secs]
Desired survivor size 10715136 bytes, new threshold 1 (max 1)
- age   1:   11534512 bytes,   11534512 total
: 187673K->11264K(188736K), 0.0029608 secs] 451909K->275500K(1027648K), 0.0029957 secs] [Times: user=0.00 sys=0.00, real=0.00 secs] 
Heap after GC invocations=711 (full 61):
 par new generation   total 188736K, used 11264K [0x00000000c0000000, 0x00000000cccc0000, 0x00000000cccc0000)
  eden space 167808K,   0% used [0x00000000c0000000, 0x00000000c0000000, 0x00000000ca3e0000)
  from space 20928K,  53% used [0x00000000cb850000, 0x00000000cc3500b0, 0x00000000cccc0000)
  to   space 20928K,   0% used [0x00000000ca3e0000, 0x00000000ca3e0000, 0x00000000cb850000)
 concurrent mark-sweep generation total 838912K, used 264236K [0x00000000cccc0000, 0x0000000100000000, 0x0000000100000000)
 Metaspace       used 3935K, capacity 4540K, committed 4864K, reserved 1056768K
  class space    used 425K, capacity 428K, committed 512K, reserved 1048576K
}
2024-07-26T01:31:26.415+0800: 18.015: Total time for which application threads were stopped: 0.0031027 seconds, Stopping threads took: 0.0000180 seconds
{Heap before GC invocations=711 (full 61):
 par new generation   total 188736K, used 178457K [0x00000000c0000000, 0x00000000cccc0000, 0x00000000cccc0000)
  eden space 167808K,  99% used [0x00000000c0000000, 0x00000000ca3463e0, 0x00000000ca3e0000)
  from space 20928K,  53% used [0x00000000cb850000, 0x00000000cc3500b0, 0x00000000cccc0000)
  to   space 20928K,   0% used [0x00000000ca3e0000, 0x00000000ca3e0000, 0x00000000cb850000)
 concurrent mark-sweep generation total 838912K, used 264236K [0x00000000cccc0000, 0x0000000100000000, 0x0000000100000000)
 Metaspace       used 3935K, capacity 4540K, committed 4864K, reserved 1056768K
  class space    used 425K, capacity 428K, committed 512K, reserved 1048576K
2024-07-26T01:31:26.430+0800: 18.029: [GC (Allocation Failure) 2024-07-26T01:31:26.430+0800: 18.029: [ParNew2024-07-26T01:31:26.441+0800: 18.041: [SoftReference, 0 refs, 0.0000477 secs]2024-07-26T01:31:26.441+0800: 18.041: [WeakReference, 0 refs, 0.0000043 secs]2024-07-26T01:31:26.442+0800: 18.041: [FinalReference, 0 refs, 0.0000040 secs]2024-07-26T01:31:26.442+0800: 18.041: [PhantomReference, 0 refs, 0.0000039 secs]2024-07-26T01:31:26.442+0800: 18.041: [JNI Weak Reference, 0.0000042 secs]
Desired survivor size 10715136 bytes, new threshold 1 (max 1)
- age   1:   20971840 bytes,   20971840 total
: 178457K->20480K(188736K), 0.0119756 secs] 442693K->338991K(1027648K), 0.0120296 secs] [Times: user=0.02 sys=0.00, real=0.01 secs] 
Heap after GC invocations=712 (full 61):
 par new generation   total 188736K, used 20480K [0x00000000c0000000, 0x00000000cccc0000, 0x00000000cccc0000)
  eden space 167808K,   0% used [0x00000000c0000000, 0x00000000c0000000, 0x00000000ca3e0000)
  from space 20928K,  97% used [0x00000000ca3e0000, 0x00000000cb7e0140, 0x00000000cb850000)
  to   space 20928K,   0% used [0x00000000cb850000, 0x00000000cb850000, 0x00000000cccc0000)
 concurrent mark-sweep generation total 838912K, used 318511K [0x00000000cccc0000, 0x0000000100000000, 0x0000000100000000)
 Metaspace       used 3935K, capacity 4540K, committed 4864K, reserved 1056768K
  class space    used 425K, capacity 428K, committed 512K, reserved 1048576K
}
2024-07-26T01:31:26.442+0800: 18.041: Total time for which application threads were stopped: 0.0121577 seconds, Stopping threads took: 0.0000247 seconds
{Heap before GC invocations=712 (full 61):
 par new generation   total 188736K, used 187673K [0x00000000c0000000, 0x00000000cccc0000, 0x00000000cccc0000)
  eden space 167808K,  99% used [0x00000000c0000000, 0x00000000ca346408, 0x00000000ca3e0000)
  from space 20928K,  97% used [0x00000000ca3e0000, 0x00000000cb7e0140, 0x00000000cb850000)
  to   space 20928K,   0% used [0x00000000cb850000, 0x00000000cb850000, 0x00000000cccc0000)
 concurrent mark-sweep generation total 838912K, used 318511K [0x00000000cccc0000, 0x0000000100000000, 0x0000000100000000)
 Metaspace       used 3935K, capacity 4540K, committed 4864K, reserved 1056768K
  class space    used 425K, capacity 428K, committed 512K, reserved 1048576K
2024-07-26T01:31:26.456+0800: 18.055: [GC (Allocation Failure) 2024-07-26T01:31:26.456+0800: 18.055: [ParNew2024-07-26T01:31:26.463+0800: 18.062: [SoftReference, 0 refs, 0.0000365 secs]2024-07-26T01:31:26.463+0800: 18.062: [WeakReference, 0 refs, 0.0000044 secs]2024-07-26T01:31:26.463+0800: 18.062: [FinalReference, 0 refs, 0.0000037 secs]2024-07-26T01:31:26.463+0800: 18.062: [PhantomReference, 0 refs, 0.0000037 secs]2024-07-26T01:31:26.463+0800: 18.062: [JNI Weak Reference, 0.0000043 secs]
Desired survivor size 10715136 bytes, new threshold 1 (max 1)
- age   1:   20971840 bytes,   20971840 total
: 187673K->20480K(188736K), 0.0071807 secs] 506184K->353329K(1027648K), 0.0072595 secs] [Times: user=0.00 sys=0.00, real=0.01 secs] 
Heap after GC invocations=713 (full 61):
 par new generation   total 188736K, used 20480K [0x00000000c0000000, 0x00000000cccc0000, 0x00000000cccc0000)
  eden space 167808K,   0% used [0x00000000c0000000, 0x00000000c0000000, 0x00000000ca3e0000)
  from space 20928K,  97% used [0x00000000cb850000, 0x00000000ccc50140, 0x00000000cccc0000)
  to   space 20928K,   0% used [0x00000000ca3e0000, 0x00000000ca3e0000, 0x00000000cb850000)
 concurrent mark-sweep generation total 838912K, used 332849K [0x00000000cccc0000, 0x0000000100000000, 0x0000000100000000)
 Metaspace       used 3935K, capacity 4540K, committed 4864K, reserved 1056768K
  class space    used 425K, capacity 428K, committed 512K, reserved 1048576K
}
2024-07-26T01:31:26.463+0800: 18.062: Total time for which application threads were stopped: 0.0073783 seconds, Stopping threads took: 0.0000222 seconds
{Heap before GC invocations=713 (full 61):
 par new generation   total 188736K, used 187673K [0x00000000c0000000, 0x00000000cccc0000, 0x00000000cccc0000)
  eden space 167808K,  99% used [0x00000000c0000000, 0x00000000ca346418, 0x00000000ca3e0000)
  from space 20928K,  97% used [0x00000000cb850000, 0x00000000ccc50140, 0x00000000cccc0000)
  to   space 20928K,   0% used [0x00000000ca3e0000, 0x00000000ca3e0000, 0x00000000cb850000)
 concurrent mark-sweep generation total 838912K, used 332849K [0x00000000cccc0000, 0x0000000100000000, 0x0000000100000000)
 Metaspace       used 3935K, capacity 4540K, committed 4864K, reserved 1056768K
  class space    used 425K, capacity 428K, committed 512K, reserved 1048576K
2024-07-26T01:31:26.477+0800: 18.076: [GC (Allocation Failure) 2024-07-26T01:31:26.477+0800: 18.076: [ParNew2024-07-26T01:31:26.494+0800: 18.093: [SoftReference, 0 refs, 0.0000383 secs]2024-07-26T01:31:26.494+0800: 18.093: [WeakReference, 0 refs, 0.0000040 secs]2024-07-26T01:31:26.494+0800: 18.093: [FinalReference, 0 refs, 0.0000037 secs]2024-07-26T01:31:26.494+0800: 18.093: [PhantomReference, 0 refs, 0.0000035 secs]2024-07-26T01:31:26.494+0800: 18.093: [JNI Weak Reference, 0.0000041 secs]
Desired survivor size 10715136 bytes, new threshold 1 (max 1)
- age   1:   20971840 bytes,   20971840 total
: 187673K->20480K(188736K), 0.0165512 secs] 520522K->431155K(1027648K), 0.0165875 secs] [Times: user=0.08 sys=0.01, real=0.02 secs] 
Heap after GC invocations=714 (full 61):
 par new generation   total 188736K, used 20480K [0x00000000c0000000, 0x00000000cccc0000, 0x00000000cccc0000)
  eden space 167808K,   0% used [0x00000000c0000000, 0x00000000c0000000, 0x00000000ca3e0000)
  from space 20928K,  97% used [0x00000000ca3e0000, 0x00000000cb7e0140, 0x00000000cb850000)
  to   space 20928K,   0% used [0x00000000cb850000, 0x00000000cb850000, 0x00000000cccc0000)
 concurrent mark-sweep generation total 838912K, used 410674K [0x00000000cccc0000, 0x0000000100000000, 0x0000000100000000)
 Metaspace       used 3935K, capacity 4540K, committed 4864K, reserved 1056768K
  class space    used 425K, capacity 428K, committed 512K, reserved 1048576K
}
2024-07-26T01:31:26.494+0800: 18.093: Total time for which application threads were stopped: 0.0166950 seconds, Stopping threads took: 0.0000193 seconds
2024-07-26T01:31:26.494+0800: 18.093: [GC (CMS Initial Mark) [1 CMS-initial-mark: 410674K(838912K)] 436553K(1027648K), 0.0006329 secs] [Times: user=0.00 sys=0.00, real=0.00 secs] 
2024-07-26T01:31:26.494+0800: 18.094: Total time for which application threads were stopped: 0.0008099 seconds, Stopping threads took: 0.0001145 seconds
2024-07-26T01:31:26.494+0800: 18.094: [CMS-concurrent-mark-start]
2024-07-26T01:31:26.497+0800: 18.096: [CMS-concurrent-mark: 0.002/0.002 secs] [Times: user=0.02 sys=0.00, real=0.00 secs] 
2024-07-26T01:31:26.497+0800: 18.096: [CMS-concurrent-preclean-start]
2024-07-26T01:31:26.497+0800: 18.096: [Preclean SoftReferences, 0.0000071 secs]2024-07-26T01:31:26.497+0800: 18.096: [Preclean WeakReferences, 0.0000039 secs]2024-07-26T01:31:26.497+0800: 18.096: [Preclean FinalReferences, 0.0000033 secs]2024-07-26T01:31:26.497+0800: 18.096: [Preclean PhantomReferences, 0.0000032 secs]2024-07-26T01:31:26.497+0800: 18.097: [CMS-concurrent-preclean: 0.001/0.001 secs] [Times: user=0.00 sys=0.00, real=0.00 secs] 
2024-07-26T01:31:26.498+0800: 18.097: [CMS-concurrent-abortable-preclean-start]
{Heap before GC invocations=714 (full 62):
 par new generation   total 188736K, used 187673K [0x00000000c0000000, 0x00000000cccc0000, 0x00000000cccc0000)
  eden space 167808K,  99% used [0x00000000c0000000, 0x00000000ca346428, 0x00000000ca3e0000)
  from space 20928K,  97% used [0x00000000ca3e0000, 0x00000000cb7e0140, 0x00000000cb850000)
  to   space 20928K,   0% used [0x00000000cb850000, 0x00000000cb850000, 0x00000000cccc0000)
 concurrent mark-sweep generation total 838912K, used 410674K [0x00000000cccc0000, 0x0000000100000000, 0x0000000100000000)
 Metaspace       used 3935K, capacity 4540K, committed 4864K, reserved 1056768K
  class space    used 425K, capacity 428K, committed 512K, reserved 1048576K
2024-07-26T01:31:26.510+0800: 18.110: [GC (Allocation Failure) 2024-07-26T01:31:26.510+0800: 18.110: [ParNew2024-07-26T01:31:26.520+0800: 18.119: [SoftReference, 0 refs, 0.0000374 secs]2024-07-26T01:31:26.520+0800: 18.119: [WeakReference, 0 refs, 0.0000043 secs]2024-07-26T01:31:26.520+0800: 18.119: [FinalReference, 0 refs, 0.0000036 secs]2024-07-26T01:31:26.520+0800: 18.119: [PhantomReference, 0 refs, 0.0000034 secs]2024-07-26T01:31:26.520+0800: 18.119: [JNI Weak Reference, 0.0000042 secs]
Desired survivor size 10715136 bytes, new threshold 1 (max 1)
- age   1:   20971840 bytes,   20971840 total
: 187673K->20480K(188736K), 0.0095038 secs] 598348K->469045K(1027648K), 0.0095385 secs] [Times: user=0.02 sys=0.00, real=0.01 secs] 
Heap after GC invocations=715 (full 62):
 par new generation   total 188736K, used 20480K [0x00000000c0000000, 0x00000000cccc0000, 0x00000000cccc0000)
  eden space 167808K,   0% used [0x00000000c0000000, 0x00000000c0000000, 0x00000000ca3e0000)
  from space 20928K,  97% used [0x00000000cb850000, 0x00000000ccc50140, 0x00000000cccc0000)
  to   space 20928K,   0% used [0x00000000ca3e0000, 0x00000000ca3e0000, 0x00000000cb850000)
 concurrent mark-sweep generation total 838912K, used 448565K [0x00000000cccc0000, 0x0000000100000000, 0x0000000100000000)
 Metaspace       used 3935K, capacity 4540K, committed 4864K, reserved 1056768K
  class space    used 425K, capacity 428K, committed 512K, reserved 1048576K
}
2024-07-26T01:31:26.520+0800: 18.119: Total time for which application threads were stopped: 0.0096486 seconds, Stopping threads took: 0.0000206 seconds
{Heap before GC invocations=715 (full 62):
 par new generation   total 188736K, used 187673K [0x00000000c0000000, 0x00000000cccc0000, 0x00000000cccc0000)
  eden space 167808K,  99% used [0x00000000c0000000, 0x00000000ca346430, 0x00000000ca3e0000)
  from space 20928K,  97% used [0x00000000cb850000, 0x00000000ccc50140, 0x00000000cccc0000)
  to   space 20928K,   0% used [0x00000000ca3e0000, 0x00000000ca3e0000, 0x00000000cb850000)
 concurrent mark-sweep generation total 838912K, used 448565K [0x00000000cccc0000, 0x0000000100000000, 0x0000000100000000)
 Metaspace       used 3935K, capacity 4540K, committed 4864K, reserved 1056768K
  class space    used 425K, capacity 428K, committed 512K, reserved 1048576K
2024-07-26T01:31:26.534+0800: 18.133: [GC (Allocation Failure) 2024-07-26T01:31:26.534+0800: 18.133: [ParNew2024-07-26T01:31:26.538+0800: 18.137: [SoftReference, 0 refs, 0.0000399 secs]2024-07-26T01:31:26.538+0800: 18.137: [WeakReference, 0 refs, 0.0000043 secs]2024-07-26T01:31:26.538+0800: 18.137: [FinalReference, 0 refs, 0.0000041 secs]2024-07-26T01:31:26.538+0800: 18.137: [PhantomReference, 0 refs, 0.0000038 secs]2024-07-26T01:31:26.538+0800: 18.137: [JNI Weak Reference, 0.0000052 secs]
Desired survivor size 10715136 bytes, new threshold 1 (max 1)
- age   1:   18874656 bytes,   18874656 total
: 187673K->18432K(188736K), 0.0039421 secs] 636238K->466997K(1027648K), 0.0039913 secs] [Times: user=0.00 sys=0.00, real=0.00 secs] 
Heap after GC invocations=716 (full 62):
 par new generation   total 188736K, used 18432K [0x00000000c0000000, 0x00000000cccc0000, 0x00000000cccc0000)
  eden space 167808K,   0% used [0x00000000c0000000, 0x00000000c0000000, 0x00000000ca3e0000)
  from space 20928K,  88% used [0x00000000ca3e0000, 0x00000000cb5e0120, 0x00000000cb850000)
  to   space 20928K,   0% used [0x00000000cb850000, 0x00000000cb850000, 0x00000000cccc0000)
 concurrent mark-sweep generation total 838912K, used 448565K [0x00000000cccc0000, 0x0000000100000000, 0x0000000100000000)
 Metaspace       used 3935K, capacity 4540K, committed 4864K, reserved 1056768K
  class space    used 425K, capacity 428K, committed 512K, reserved 1048576K
}
2024-07-26T01:31:26.538+0800: 18.137: Total time for which application threads were stopped: 0.0041164 seconds, Stopping threads took: 0.0000232 seconds
{Heap before GC invocations=716 (full 62):
 par new generation   total 188736K, used 185625K [0x00000000c0000000, 0x00000000cccc0000, 0x00000000cccc0000)
  eden space 167808K,  99% used [0x00000000c0000000, 0x00000000ca346438, 0x00000000ca3e0000)
  from space 20928K,  88% used [0x00000000ca3e0000, 0x00000000cb5e0120, 0x00000000cb850000)
  to   space 20928K,   0% used [0x00000000cb850000, 0x00000000cb850000, 0x00000000cccc0000)
 concurrent mark-sweep generation total 838912K, used 448565K [0x00000000cccc0000, 0x0000000100000000, 0x0000000100000000)
 Metaspace       used 3935K, capacity 4540K, committed 4864K, reserved 1056768K
  class space    used 425K, capacity 428K, committed 512K, reserved 1048576K
2024-07-26T01:31:26.552+0800: 18.152: [GC (Allocation Failure) 2024-07-26T01:31:26.552+0800: 18.152: [ParNew2024-07-26T01:31:26.564+0800: 18.163: [SoftReference, 0 refs, 0.0000466 secs]2024-07-26T01:31:26.564+0800: 18.163: [WeakReference, 0 refs, 0.0000076 secs]2024-07-26T01:31:26.564+0800: 18.163: [FinalReference, 0 refs, 0.0000068 secs]2024-07-26T01:31:26.564+0800: 18.163: [PhantomReference, 0 refs, 0.0000065 secs]2024-07-26T01:31:26.564+0800: 18.163: [JNI Weak Reference, 0.0000067 secs]
Desired survivor size 10715136 bytes, new threshold 1 (max 1)
- age   1:   20971840 bytes,   20971840 total
: 185625K->20480K(188736K), 0.0112176 secs] 634190K->530486K(1027648K), 0.0112633 secs] [Times: user=0.02 sys=0.00, real=0.01 secs] 
Heap after GC invocations=717 (full 62):
 par new generation   total 188736K, used 20480K [0x00000000c0000000, 0x00000000cccc0000, 0x00000000cccc0000)
  eden space 167808K,   0% used [0x00000000c0000000, 0x00000000c0000000, 0x00000000ca3e0000)
  from space 20928K,  97% used [0x00000000cb850000, 0x00000000ccc50140, 0x00000000cccc0000)
  to   space 20928K,   0% used [0x00000000ca3e0000, 0x00000000ca3e0000, 0x00000000cb850000)
 concurrent mark-sweep generation total 838912K, used 510006K [0x00000000cccc0000, 0x0000000100000000, 0x0000000100000000)
 Metaspace       used 3935K, capacity 4540K, committed 4864K, reserved 1056768K
  class space    used 425K, capacity 428K, committed 512K, reserved 1048576K
}
2024-07-26T01:31:26.564+0800: 18.163: Total time for which application threads were stopped: 0.0114086 seconds, Stopping threads took: 0.0000273 seconds
{Heap before GC invocations=717 (full 62):
 par new generation   total 188736K, used 187673K [0x00000000c0000000, 0x00000000cccc0000, 0x00000000cccc0000)
  eden space 167808K,  99% used [0x00000000c0000000, 0x00000000ca346440, 0x00000000ca3e0000)
  from space 20928K,  97% used [0x00000000cb850000, 0x00000000ccc50140, 0x00000000cccc0000)
  to   space 20928K,   0% used [0x00000000ca3e0000, 0x00000000ca3e0000, 0x00000000cb850000)
 concurrent mark-sweep generation total 838912K, used 510006K [0x00000000cccc0000, 0x0000000100000000, 0x0000000100000000)
 Metaspace       used 3935K, capacity 4540K, committed 4864K, reserved 1056768K
  class space    used 425K, capacity 428K, committed 512K, reserved 1048576K
2024-07-26T01:31:26.579+0800: 18.178: [GC (Allocation Failure) 2024-07-26T01:31:26.579+0800: 18.178: [ParNew2024-07-26T01:31:26.586+0800: 18.186: [SoftReference, 0 refs, 0.0000333 secs]2024-07-26T01:31:26.586+0800: 18.186: [WeakReference, 0 refs, 0.0000044 secs]2024-07-26T01:31:26.586+0800: 18.186: [FinalReference, 0 refs, 0.0000040 secs]2024-07-26T01:31:26.586+0800: 18.186: [PhantomReference, 0 refs, 0.0000037 secs]2024-07-26T01:31:26.586+0800: 18.186: [JNI Weak Reference, 0.0000043 secs]
Desired survivor size 10715136 bytes, new threshold 1 (max 1)
- age   1:   20971840 bytes,   20971840 total
: 187673K->20480K(188736K), 0.0079489 secs] 697679K->551992K(1027648K), 0.0079955 secs] [Times: user=0.00 sys=0.00, real=0.01 secs] 
Heap after GC invocations=718 (full 62):
 par new generation   total 188736K, used 20480K [0x00000000c0000000, 0x00000000cccc0000, 0x00000000cccc0000)
  eden space 167808K,   0% used [0x00000000c0000000, 0x00000000c0000000, 0x00000000ca3e0000)
  from space 20928K,  97% used [0x00000000ca3e0000, 0x00000000cb7e0140, 0x00000000cb850000)
  to   space 20928K,   0% used [0x00000000cb850000, 0x00000000cb850000, 0x00000000cccc0000)
 concurrent mark-sweep generation total 838912K, used 531512K [0x00000000cccc0000, 0x0000000100000000, 0x0000000100000000)
 Metaspace       used 3935K, capacity 4540K, committed 4864K, reserved 1056768K
  class space    used 425K, capacity 428K, committed 512K, reserved 1048576K
}
2024-07-26T01:31:26.587+0800: 18.186: Total time for which application threads were stopped: 0.0081482 seconds, Stopping threads took: 0.0000344 seconds
{Heap before GC invocations=718 (full 62):
 par new generation   total 188736K, used 187673K [0x00000000c0000000, 0x00000000cccc0000, 0x00000000cccc0000)
  eden space 167808K,  99% used [0x00000000c0000000, 0x00000000ca346440, 0x00000000ca3e0000)
  from space 20928K,  97% used [0x00000000ca3e0000, 0x00000000cb7e0140, 0x00000000cb850000)
  to   space 20928K,   0% used [0x00000000cb850000, 0x00000000cb850000, 0x00000000cccc0000)
 concurrent mark-sweep generation total 838912K, used 531512K [0x00000000cccc0000, 0x0000000100000000, 0x0000000100000000)
 Metaspace       used 3935K, capacity 4540K, committed 4864K, reserved 1056768K
  class space    used 425K, capacity 428K, committed 512K, reserved 1048576K
2024-07-26T01:31:26.601+0800: 18.201: [GC (Allocation Failure) 2024-07-26T01:31:26.601+0800: 18.201: [ParNew2024-07-26T01:31:26.602+0800: 18.202: [SoftReference, 0 refs, 0.0000331 secs]2024-07-26T01:31:26.602+0800: 18.202: [WeakReference, 0 refs, 0.0000053 secs]2024-07-26T01:31:26.602+0800: 18.202: [FinalReference, 0 refs, 0.0000124 secs]2024-07-26T01:31:26.602+0800: 18.202: [PhantomReference, 0 refs, 0.0000043 secs]2024-07-26T01:31:26.602+0800: 18.202: [JNI Weak Reference, 0.0000047 secs]
Desired survivor size 10715136 bytes, new threshold 1 (max 1)
- age   1:    2097184 bytes,    2097184 total
: 187673K->2048K(188736K), 0.0012245 secs] 719186K->533560K(1027648K), 0.0012698 secs] [Times: user=0.00 sys=0.00, real=0.00 secs] 
Heap after GC invocations=719 (full 62):
 par new generation   total 188736K, used 2048K [0x00000000c0000000, 0x00000000cccc0000, 0x00000000cccc0000)
  eden space 167808K,   0% used [0x00000000c0000000, 0x00000000c0000000, 0x00000000ca3e0000)
  from space 20928K,   9% used [0x00000000cb850000, 0x00000000cba50020, 0x00000000cccc0000)
  to   space 20928K,   0% used [0x00000000ca3e0000, 0x00000000ca3e0000, 0x00000000cb850000)
 concurrent mark-sweep generation total 838912K, used 531512K [0x00000000cccc0000, 0x0000000100000000, 0x0000000100000000)
 Metaspace       used 3935K, capacity 4540K, committed 4864K, reserved 1056768K
  class space    used 425K, capacity 428K, committed 512K, reserved 1048576K
}
2024-07-26T01:31:26.602+0800: 18.202: Total time for which application threads were stopped: 0.0014274 seconds, Stopping threads took: 0.0000410 seconds
{Heap before GC invocations=719 (full 62):
 par new generation   total 188736K, used 169241K [0x00000000c0000000, 0x00000000cccc0000, 0x00000000cccc0000)
  eden space 167808K,  99% used [0x00000000c0000000, 0x00000000ca346440, 0x00000000ca3e0000)
  from space 20928K,   9% used [0x00000000cb850000, 0x00000000cba50020, 0x00000000cccc0000)
  to   space 20928K,   0% used [0x00000000ca3e0000, 0x00000000ca3e0000, 0x00000000cb850000)
 concurrent mark-sweep generation total 838912K, used 531512K [0x00000000cccc0000, 0x0000000100000000, 0x0000000100000000)
 Metaspace       used 3935K, capacity 4540K, committed 4864K, reserved 1056768K
  class space    used 425K, capacity 428K, committed 512K, reserved 1048576K
2024-07-26T01:31:26.617+0800: 18.217: [GC (Allocation Failure) 2024-07-26T01:31:26.617+0800: 18.217: [ParNew2024-07-26T01:31:26.628+0800: 18.228: [SoftReference, 0 refs, 0.0000352 secs]2024-07-26T01:31:26.628+0800: 18.228: [WeakReference, 0 refs, 0.0000045 secs]2024-07-26T01:31:26.628+0800: 18.228: [FinalReference, 0 refs, 0.0000040 secs]2024-07-26T01:31:26.628+0800: 18.228: [PhantomReference, 0 refs, 0.0000039 secs]2024-07-26T01:31:26.628+0800: 18.228: [JNI Weak Reference, 0.0000046 secs]
Desired survivor size 10715136 bytes, new threshold 1 (max 1)
- age   1:   20971840 bytes,   20971840 total
: 169241K->20480K(188736K), 0.0107082 secs] 700753K->597051K(1027648K), 0.0107630 secs] [Times: user=0.08 sys=0.00, real=0.01 secs] 
Heap after GC invocations=720 (full 62):
 par new generation   total 188736K, used 20480K [0x00000000c0000000, 0x00000000cccc0000, 0x00000000cccc0000)
  eden space 167808K,   0% used [0x00000000c0000000, 0x00000000c0000000, 0x00000000ca3e0000)
  from space 20928K,  97% used [0x00000000ca3e0000, 0x00000000cb7e0140, 0x00000000cb850000)
  to   space 20928K,   0% used [0x00000000cb850000, 0x00000000cb850000, 0x00000000cccc0000)
 concurrent mark-sweep generation total 838912K, used 576571K [0x00000000cccc0000, 0x0000000100000000, 0x0000000100000000)
 Metaspace       used 3935K, capacity 4540K, committed 4864K, reserved 1056768K
  class space    used 425K, capacity 428K, committed 512K, reserved 1048576K
}
2024-07-26T01:31:26.628+0800: 18.228: Total time for which application threads were stopped: 0.0109199 seconds, Stopping threads took: 0.0000422 seconds
{Heap before GC invocations=720 (full 62):
 par new generation   total 188736K, used 187673K [0x00000000c0000000, 0x00000000cccc0000, 0x00000000cccc0000)
  eden space 167808K,  99% used [0x00000000c0000000, 0x00000000ca346440, 0x00000000ca3e0000)
  from space 20928K,  97% used [0x00000000ca3e0000, 0x00000000cb7e0140, 0x00000000cb850000)
  to   space 20928K,   0% used [0x00000000cb850000, 0x00000000cb850000, 0x00000000cccc0000)
 concurrent mark-sweep generation total 838912K, used 576571K [0x00000000cccc0000, 0x0000000100000000, 0x0000000100000000)
 Metaspace       used 3935K, capacity 4540K, committed 4864K, reserved 1056768K
  class space    used 425K, capacity 428K, committed 512K, reserved 1048576K
2024-07-26T01:31:26.643+0800: 18.242: [GC (Allocation Failure) 2024-07-26T01:31:26.643+0800: 18.242: [ParNew2024-07-26T01:31:26.648+0800: 18.247: [SoftReference, 0 refs, 0.0000347 secs]2024-07-26T01:31:26.648+0800: 18.248: [WeakReference, 0 refs, 0.0000044 secs]2024-07-26T01:31:26.648+0800: 18.248: [FinalReference, 0 refs, 0.0000038 secs]2024-07-26T01:31:26.648+0800: 18.248: [PhantomReference, 0 refs, 0.0000038 secs]2024-07-26T01:31:26.648+0800: 18.248: [JNI Weak Reference, 0.0000043 secs]
Desired survivor size 10715136 bytes, new threshold 1 (max 1)
- age   1:   20971840 bytes,   20971840 total
: 187673K->20480K(188736K), 0.0051013 secs] 764244K->602171K(1027648K), 0.0051563 secs] [Times: user=0.00 sys=0.00, real=0.01 secs] 
Heap after GC invocations=721 (full 62):
 par new generation   total 188736K, used 20480K [0x00000000c0000000, 0x00000000cccc0000, 0x00000000cccc0000)
  eden space 167808K,   0% used [0x00000000c0000000, 0x00000000c0000000, 0x00000000ca3e0000)
  from space 20928K,  97% used [0x00000000cb850000, 0x00000000ccc50140, 0x00000000cccc0000)
  to   space 20928K,   0% used [0x00000000ca3e0000, 0x00000000ca3e0000, 0x00000000cb850000)
 concurrent mark-sweep generation total 838912K, used 581691K [0x00000000cccc0000, 0x0000000100000000, 0x0000000100000000)
 Metaspace       used 3935K, capacity 4540K, committed 4864K, reserved 1056768K
  class space    used 425K, capacity 428K, committed 512K, reserved 1048576K
}
2024-07-26T01:31:26.648+0800: 18.248: Total time for which application threads were stopped: 0.0052819 seconds, Stopping threads took: 0.0000254 seconds
{Heap before GC invocations=721 (full 62):
 par new generation   total 188736K, used 187673K [0x00000000c0000000, 0x00000000cccc0000, 0x00000000cccc0000)
  eden space 167808K,  99% used [0x00000000c0000000, 0x00000000ca346440, 0x00000000ca3e0000)
  from space 20928K,  97% used [0x00000000cb850000, 0x00000000ccc50140, 0x00000000cccc0000)
  to   space 20928K,   0% used [0x00000000ca3e0000, 0x00000000ca3e0000, 0x00000000cb850000)
 concurrent mark-sweep generation total 838912K, used 581691K [0x00000000cccc0000, 0x0000000100000000, 0x0000000100000000)
 Metaspace       used 3935K, capacity 4540K, committed 4864K, reserved 1056768K
  class space    used 425K, capacity 428K, committed 512K, reserved 1048576K
2024-07-26T01:31:26.662+0800: 18.262: [GC (Allocation Failure) 2024-07-26T01:31:26.662+0800: 18.262: [ParNew2024-07-26T01:31:26.675+0800: 18.275: [SoftReference, 0 refs, 0.0000324 secs]2024-07-26T01:31:26.675+0800: 18.275: [WeakReference, 0 refs, 0.0000040 secs]2024-07-26T01:31:26.675+0800: 18.275: [FinalReference, 0 refs, 0.0000036 secs]2024-07-26T01:31:26.675+0800: 18.275: [PhantomReference, 0 refs, 0.0000036 secs]2024-07-26T01:31:26.675+0800: 18.275: [JNI Weak Reference, 0.0000043 secs]
Desired survivor size 10715136 bytes, new threshold 1 (max 1)
- age   1:   20971840 bytes,   20971840 total
: 187673K->20480K(188736K), 0.0131945 secs] 769364K->670780K(1027648K), 0.0132341 secs] [Times: user=0.06 sys=0.00, real=0.01 secs] 
Heap after GC invocations=722 (full 62):
 par new generation   total 188736K, used 20480K [0x00000000c0000000, 0x00000000cccc0000, 0x00000000cccc0000)
  eden space 167808K,   0% used [0x00000000c0000000, 0x00000000c0000000, 0x00000000ca3e0000)
  from space 20928K,  97% used [0x00000000ca3e0000, 0x00000000cb7e0140, 0x00000000cb850000)
  to   space 20928K,   0% used [0x00000000cb850000, 0x00000000cb850000, 0x00000000cccc0000)
 concurrent mark-sweep generation total 838912K, used 650300K [0x00000000cccc0000, 0x0000000100000000, 0x0000000100000000)
 Metaspace       used 3935K, capacity 4540K, committed 4864K, reserved 1056768K
  class space    used 425K, capacity 428K, committed 512K, reserved 1048576K
}
2024-07-26T01:31:26.675+0800: 18.275: Total time for which application threads were stopped: 0.0133588 seconds, Stopping threads took: 0.0000339 seconds
{Heap before GC invocations=722 (full 62):
 par new generation   total 188736K, used 187673K [0x00000000c0000000, 0x00000000cccc0000, 0x00000000cccc0000)
  eden space 167808K,  99% used [0x00000000c0000000, 0x00000000ca346440, 0x00000000ca3e0000)
  from space 20928K,  97% used [0x00000000ca3e0000, 0x00000000cb7e0140, 0x00000000cb850000)
  to   space 20928K,   0% used [0x00000000cb850000, 0x00000000cb850000, 0x00000000cccc0000)
 concurrent mark-sweep generation total 838912K, used 650300K [0x00000000cccc0000, 0x0000000100000000, 0x0000000100000000)
 Metaspace       used 3935K, capacity 4540K, committed 4864K, reserved 1056768K
  class space    used 425K, capacity 428K, committed 512K, reserved 1048576K
2024-07-26T01:31:26.690+0800: 18.289: [GC (Allocation Failure) 2024-07-26T01:31:26.690+0800: 18.289: [ParNew2024-07-26T01:31:26.698+0800: 18.297: [SoftReference, 0 refs, 0.0000508 secs]2024-07-26T01:31:26.698+0800: 18.297: [WeakReference, 0 refs, 0.0000087 secs]2024-07-26T01:31:26.698+0800: 18.297: [FinalReference, 0 refs, 0.0000078 secs]2024-07-26T01:31:26.698+0800: 18.297: [PhantomReference, 0 refs, 0.0000074 secs]2024-07-26T01:31:26.698+0800: 18.297: [JNI Weak Reference, 0.0000078 secs]
Desired survivor size 10715136 bytes, new threshold 1 (max 1)
- age   1:   20971840 bytes,   20971840 total
: 187673K->20480K(188736K), 0.0081914 secs] 837973K->699453K(1027648K), 0.0082373 secs] [Times: user=0.00 sys=0.00, real=0.01 secs] 
Heap after GC invocations=723 (full 62):
 par new generation   total 188736K, used 20480K [0x00000000c0000000, 0x00000000cccc0000, 0x00000000cccc0000)
  eden space 167808K,   0% used [0x00000000c0000000, 0x00000000c0000000, 0x00000000ca3e0000)
  from space 20928K,  97% used [0x00000000cb850000, 0x00000000ccc50140, 0x00000000cccc0000)
  to   space 20928K,   0% used [0x00000000ca3e0000, 0x00000000ca3e0000, 0x00000000cb850000)
 concurrent mark-sweep generation total 838912K, used 678972K [0x00000000cccc0000, 0x0000000100000000, 0x0000000100000000)
 Metaspace       used 3935K, capacity 4540K, committed 4864K, reserved 1056768K
  class space    used 425K, capacity 428K, committed 512K, reserved 1048576K
}
2024-07-26T01:31:26.698+0800: 18.298: Total time for which application threads were stopped: 0.0083811 seconds, Stopping threads took: 0.0000229 seconds
{Heap before GC invocations=723 (full 62):
 par new generation   total 188736K, used 187673K [0x00000000c0000000, 0x00000000cccc0000, 0x00000000cccc0000)
  eden space 167808K,  99% used [0x00000000c0000000, 0x00000000ca346440, 0x00000000ca3e0000)
  from space 20928K,  97% used [0x00000000cb850000, 0x00000000ccc50140, 0x00000000cccc0000)
  to   space 20928K,   0% used [0x00000000ca3e0000, 0x00000000ca3e0000, 0x00000000cb850000)
 concurrent mark-sweep generation total 838912K, used 678972K [0x00000000cccc0000, 0x0000000100000000, 0x0000000100000000)
 Metaspace       used 3935K, capacity 4540K, committed 4864K, reserved 1056768K
  class space    used 425K, capacity 428K, committed 512K, reserved 1048576K
2024-07-26T01:31:26.712+0800: 18.311: [GC (Allocation Failure) 2024-07-26T01:31:26.712+0800: 18.311: [ParNew2024-07-26T01:31:26.714+0800: 18.314: [SoftReference, 0 refs, 0.0000315 secs]2024-07-26T01:31:26.714+0800: 18.314: [WeakReference, 0 refs, 0.0000043 secs]2024-07-26T01:31:26.714+0800: 18.314: [FinalReference, 0 refs, 0.0000041 secs]2024-07-26T01:31:26.714+0800: 18.314: [PhantomReference, 0 refs, 0.0000036 secs]2024-07-26T01:31:26.714+0800: 18.314: [JNI Weak Reference, 0.0000046 secs]
Desired survivor size 10715136 bytes, new threshold 1 (max 1)
- age   1:    9437328 bytes,    9437328 total
: 187673K->9216K(188736K), 0.0026345 secs] 866646K->688189K(1027648K), 0.0026832 secs] [Times: user=0.00 sys=0.00, real=0.00 secs] 
Heap after GC invocations=724 (full 62):
 par new generation   total 188736K, used 9216K [0x00000000c0000000, 0x00000000cccc0000, 0x00000000cccc0000)
  eden space 167808K,   0% used [0x00000000c0000000, 0x00000000c0000000, 0x00000000ca3e0000)
  from space 20928K,  44% used [0x00000000ca3e0000, 0x00000000cace0090, 0x00000000cb850000)
  to   space 20928K,   0% used [0x00000000cb850000, 0x00000000cb850000, 0x00000000cccc0000)
 concurrent mark-sweep generation total 838912K, used 678972K [0x00000000cccc0000, 0x0000000100000000, 0x0000000100000000)
 Metaspace       used 3935K, capacity 4540K, committed 4864K, reserved 1056768K
  class space    used 425K, capacity 428K, committed 512K, reserved 1048576K
}
2024-07-26T01:31:26.714+0800: 18.314: Total time for which application threads were stopped: 0.0028307 seconds, Stopping threads took: 0.0000425 seconds
{Heap before GC invocations=724 (full 62):
 par new generation   total 188736K, used 176409K [0x00000000c0000000, 0x00000000cccc0000, 0x00000000cccc0000)
  eden space 167808K,  99% used [0x00000000c0000000, 0x00000000ca346440, 0x00000000ca3e0000)
  from space 20928K,  44% used [0x00000000ca3e0000, 0x00000000cace0090, 0x00000000cb850000)
  to   space 20928K,   0% used [0x00000000cb850000, 0x00000000cb850000, 0x00000000cccc0000)
 concurrent mark-sweep generation total 838912K, used 678972K [0x00000000cccc0000, 0x0000000100000000, 0x0000000100000000)
 Metaspace       used 3935K, capacity 4540K, committed 4864K, reserved 1056768K
  class space    used 425K, capacity 428K, committed 512K, reserved 1048576K
2024-07-26T01:31:26.729+0800: 18.328: [GC (Allocation Failure) 2024-07-26T01:31:26.729+0800: 18.328: [ParNew2024-07-26T01:31:26.742+0800: 18.341: [SoftReference, 0 refs, 0.0000434 secs]2024-07-26T01:31:26.742+0800: 18.341: [WeakReference, 0 refs, 0.0000045 secs]2024-07-26T01:31:26.742+0800: 18.341: [FinalReference, 0 refs, 0.0000039 secs]2024-07-26T01:31:26.742+0800: 18.341: [PhantomReference, 0 refs, 0.0000037 secs]2024-07-26T01:31:26.742+0800: 18.341: [JNI Weak Reference, 0.0000048 secs]
Desired survivor size 10715136 bytes, new threshold 1 (max 1)
- age   1:   20971840 bytes,   20971840 total
: 176409K->20480K(188736K), 0.0130443 secs] 855382K->751678K(1027648K), 0.0130885 secs] [Times: user=0.03 sys=0.00, real=0.01 secs] 
Heap after GC invocations=725 (full 62):
 par new generation   total 188736K, used 20480K [0x00000000c0000000, 0x00000000cccc0000, 0x00000000cccc0000)
  eden space 167808K,   0% used [0x00000000c0000000, 0x00000000c0000000, 0x00000000ca3e0000)
  from space 20928K,  97% used [0x00000000cb850000, 0x00000000ccc50140, 0x00000000cccc0000)
  to   space 20928K,   0% used [0x00000000ca3e0000, 0x00000000ca3e0000, 0x00000000cb850000)
 concurrent mark-sweep generation total 838912K, used 731197K [0x00000000cccc0000, 0x0000000100000000, 0x0000000100000000)
 Metaspace       used 3935K, capacity 4540K, committed 4864K, reserved 1056768K
  class space    used 425K, capacity 428K, committed 512K, reserved 1048576K
}
2024-07-26T01:31:26.742+0800: 18.341: Total time for which application threads were stopped: 0.0132089 seconds, Stopping threads took: 0.0000226 seconds
{Heap before GC invocations=725 (full 62):
 par new generation   total 188736K, used 187673K [0x00000000c0000000, 0x00000000cccc0000, 0x00000000cccc0000)
  eden space 167808K,  99% used [0x00000000c0000000, 0x00000000ca346440, 0x00000000ca3e0000)
  from space 20928K,  97% used [0x00000000cb850000, 0x00000000ccc50140, 0x00000000cccc0000)
  to   space 20928K,   0% used [0x00000000ca3e0000, 0x00000000ca3e0000, 0x00000000cb850000)
 concurrent mark-sweep generation total 838912K, used 731197K [0x00000000cccc0000, 0x0000000100000000, 0x0000000100000000)
 Metaspace       used 3935K, capacity 4540K, committed 4864K, reserved 1056768K
  class space    used 425K, capacity 428K, committed 512K, reserved 1048576K
2024-07-26T01:31:26.756+0800: 18.356: [GC (Allocation Failure) 2024-07-26T01:31:26.756+0800: 18.356: [ParNew2024-07-26T01:31:26.762+0800: 18.362: [SoftReference, 0 refs, 0.0000344 secs]2024-07-26T01:31:26.762+0800: 18.362: [WeakReference, 0 refs, 0.0000042 secs]2024-07-26T01:31:26.762+0800: 18.362: [FinalReference, 0 refs, 0.0000036 secs]2024-07-26T01:31:26.762+0800: 18.362: [PhantomReference, 0 refs, 0.0000072 secs]2024-07-26T01:31:26.762+0800: 18.362: [JNI Weak Reference, 0.0000042 secs]
Desired survivor size 10715136 bytes, new threshold 1 (max 1)
- age   1:   20971840 bytes,   20971840 total
: 187673K->20480K(188736K), 0.0057975 secs] 918871K->763966K(1027648K), 0.0058371 secs] [Times: user=0.02 sys=0.00, real=0.01 secs] 
Heap after GC invocations=726 (full 62):
 par new generation   total 188736K, used 20480K [0x00000000c0000000, 0x00000000cccc0000, 0x00000000cccc0000)
  eden space 167808K,   0% used [0x00000000c0000000, 0x00000000c0000000, 0x00000000ca3e0000)
  from space 20928K,  97% used [0x00000000ca3e0000, 0x00000000cb7e0140, 0x00000000cb850000)
  to   space 20928K,   0% used [0x00000000cb850000, 0x00000000cb850000, 0x00000000cccc0000)
 concurrent mark-sweep generation total 838912K, used 743485K [0x00000000cccc0000, 0x0000000100000000, 0x0000000100000000)
 Metaspace       used 3935K, capacity 4540K, committed 4864K, reserved 1056768K
  class space    used 425K, capacity 428K, committed 512K, reserved 1048576K
}
2024-07-26T01:31:26.762+0800: 18.362: Total time for which application threads were stopped: 0.0059569 seconds, Stopping threads took: 0.0000232 seconds
{Heap before GC invocations=726 (full 62):
 par new generation   total 188736K, used 187673K [0x00000000c0000000, 0x00000000cccc0000, 0x00000000cccc0000)
  eden space 167808K,  99% used [0x00000000c0000000, 0x00000000ca346440, 0x00000000ca3e0000)
  from space 20928K,  97% used [0x00000000ca3e0000, 0x00000000cb7e0140, 0x00000000cb850000)
  to   space 20928K,   0% used [0x00000000cb850000, 0x00000000cb850000, 0x00000000cccc0000)
 concurrent mark-sweep generation total 838912K, used 743485K [0x00000000cccc0000, 0x0000000100000000, 0x0000000100000000)
 Metaspace       used 3935K, capacity 4540K, committed 4864K, reserved 1056768K
  class space    used 425K, capacity 428K, committed 512K, reserved 1048576K
2024-07-26T01:31:26.777+0800: 18.376: [GC (Allocation Failure) 2024-07-26T01:31:26.777+0800: 18.376: [ParNew2024-07-26T01:31:26.792+0800: 18.392: [SoftReference, 0 refs, 0.0000435 secs]2024-07-26T01:31:26.792+0800: 18.392: [WeakReference, 0 refs, 0.0000072 secs]2024-07-26T01:31:26.792+0800: 18.392: [FinalReference, 0 refs, 0.0000067 secs]2024-07-26T01:31:26.792+0800: 18.392: [PhantomReference, 0 refs, 0.0000065 secs]2024-07-26T01:31:26.792+0800: 18.392: [JNI Weak Reference, 0.0000067 secs]
Desired survivor size 10715136 bytes, new threshold 1 (max 1)
- age   1:   20971840 bytes,   20971840 total
: 187673K->20480K(188736K), 0.0154963 secs] 931159K->839745K(1027648K), 0.0155441 secs] [Times: user=0.11 sys=0.00, real=0.02 secs] 
Heap after GC invocations=727 (full 62):
 par new generation   total 188736K, used 20480K [0x00000000c0000000, 0x00000000cccc0000, 0x00000000cccc0000)
  eden space 167808K,   0% used [0x00000000c0000000, 0x00000000c0000000, 0x00000000ca3e0000)
  from space 20928K,  97% used [0x00000000cb850000, 0x00000000ccc50140, 0x00000000cccc0000)
  to   space 20928K,   0% used [0x00000000ca3e0000, 0x00000000ca3e0000, 0x00000000cb850000)
 concurrent mark-sweep generation total 838912K, used 819265K [0x00000000cccc0000, 0x0000000100000000, 0x0000000100000000)
 Metaspace       used 3935K, capacity 4540K, committed 4864K, reserved 1056768K
  class space    used 425K, capacity 428K, committed 512K, reserved 1048576K
}
2024-07-26T01:31:26.792+0800: 18.392: Total time for which application threads were stopped: 0.0156967 seconds, Stopping threads took: 0.0000219 seconds
2024-07-26T01:31:26.792+0800: 18.392: [CMS-concurrent-abortable-preclean: 0.008/0.295 secs] [Times: user=0.36 sys=0.00, real=0.29 secs] 
2024-07-26T01:31:26.792+0800: 18.392: [GC (CMS Final Remark) [YG occupancy: 25878 K (188736 K)]{Heap before GC invocations=727 (full 62):
 par new generation   total 188736K, used 25878K [0x00000000c0000000, 0x00000000cccc0000, 0x00000000cccc0000)
  eden space 167808K,   3% used [0x00000000c0000000, 0x00000000c0545a60, 0x00000000ca3e0000)
  from space 20928K,  97% used [0x00000000cb850000, 0x00000000ccc50140, 0x00000000cccc0000)
  to   space 20928K,   0% used [0x00000000ca3e0000, 0x00000000ca3e0000, 0x00000000cb850000)
 concurrent mark-sweep generation total 838912K, used 819265K [0x00000000cccc0000, 0x0000000100000000, 0x0000000100000000)
 Metaspace       used 3935K, capacity 4540K, committed 4864K, reserved 1056768K
  class space    used 425K, capacity 428K, committed 512K, reserved 1048576K
2024-07-26T01:31:26.792+0800: 18.392: [GC (CMS Final Remark) 2024-07-26T01:31:26.792+0800: 18.392: [ParNew: 25878K->25878K(188736K), 0.0000165 secs] 845144K->845144K(1027648K), 0.0000365 secs] [Times: user=0.00 sys=0.00, real=0.00 secs] 
Heap after GC invocations=728 (full 62):
 par new generation   total 188736K, used 25878K [0x00000000c0000000, 0x00000000cccc0000, 0x00000000cccc0000)
  eden space 167808K,   3% used [0x00000000c0000000, 0x00000000c0545a60, 0x00000000ca3e0000)
  from space 20928K,  97% used [0x00000000cb850000, 0x00000000ccc50140, 0x00000000cccc0000)
  to   space 20928K,   0% used [0x00000000ca3e0000, 0x00000000ca3e0000, 0x00000000cb850000)
 concurrent mark-sweep generation total 838912K, used 819265K [0x00000000cccc0000, 0x0000000100000000, 0x0000000100000000)
 Metaspace       used 3935K, capacity 4540K, committed 4864K, reserved 1056768K
  class space    used 425K, capacity 428K, committed 512K, reserved 1048576K
}
2024-07-26T01:31:26.792+0800: 18.392: [Rescan (parallel) , 0.0006960 secs]2024-07-26T01:31:26.793+0800: 18.393: [weak refs processing2024-07-26T01:31:26.793+0800: 18.393: [SoftReference, 0 refs, 0.0000046 secs]2024-07-26T01:31:26.793+0800: 18.393: [WeakReference, 0 refs, 0.0000036 secs]2024-07-26T01:31:26.793+0800: 18.393: [FinalReference, 0 refs, 0.0000034 secs]2024-07-26T01:31:26.793+0800: 18.393: [PhantomReference, 0 refs, 0.0000033 secs]2024-07-26T01:31:26.793+0800: 18.393: [JNI Weak Reference, 0.0000040 secs], 0.0000349 secs]2024-07-26T01:31:26.793+0800: 18.393: [class unloading, 0.0002580 secs]2024-07-26T01:31:26.793+0800: 18.393: [scrub symbol table, 0.0003242 secs]2024-07-26T01:31:26.794+0800: 18.393: [scrub string table, 0.0000877 secs][1 CMS-remark: 819265K(838912K)] 845144K(1027648K), 0.0015098 secs] [Times: user=0.00 sys=0.00, real=0.00 secs] 
2024-07-26T01:31:26.794+0800: 18.394: Total time for which application threads were stopped: 0.0016200 seconds, Stopping threads took: 0.0000783 seconds
2024-07-26T01:31:26.794+0800: 18.394: [CMS-concurrent-sweep-start]
2024-07-26T01:31:26.794+0800: 18.394: [CMS-concurrent-sweep: 0.000/0.000 secs] [Times: user=0.00 sys=0.00, real=0.00 secs] 
2024-07-26T01:31:26.794+0800: 18.394: [CMS-concurrent-reset-start]
2024-07-26T01:31:26.796+0800: 18.396: [CMS-concurrent-reset: 0.001/0.001 secs] [Times: user=0.00 sys=0.00, real=0.00 secs] 
{Heap before GC invocations=728 (full 62):
 par new generation   total 188736K, used 187951K [0x00000000c0000000, 0x00000000cccc0000, 0x00000000cccc0000)
  eden space 167808K,  99% used [0x00000000c0000000, 0x00000000ca38be50, 0x00000000ca3e0000)
  from space 20928K,  97% used [0x00000000cb850000, 0x00000000ccc50140, 0x00000000cccc0000)
  to   space 20928K,   0% used [0x00000000ca3e0000, 0x00000000ca3e0000, 0x00000000cb850000)
 concurrent mark-sweep generation total 838912K, used 409658K [0x00000000cccc0000, 0x0000000100000000, 0x0000000100000000)
 Metaspace       used 3935K, capacity 4540K, committed 4864K, reserved 1056768K
  class space    used 425K, capacity 428K, committed 512K, reserved 1048576K
2024-07-26T01:31:26.809+0800: 18.409: [GC (Allocation Failure) 2024-07-26T01:31:26.809+0800: 18.409: [ParNew2024-07-26T01:31:26.817+0800: 18.417: [SoftReference, 0 refs, 0.0000318 secs]2024-07-26T01:31:26.817+0800: 18.417: [WeakReference, 0 refs, 0.0000045 secs]2024-07-26T01:31:26.817+0800: 18.417: [FinalReference, 0 refs, 0.0000038 secs]2024-07-26T01:31:26.817+0800: 18.417: [PhantomReference, 0 refs, 0.0000038 secs]2024-07-26T01:31:26.817+0800: 18.417: [JNI Weak Reference, 0.0000043 secs]
Desired survivor size 10715136 bytes, new threshold 1 (max 1)
- age   1:   20971840 bytes,   20971840 total
: 187951K->20480K(188736K), 0.0076436 secs] 597610K->462907K(1027648K), 0.0076876 secs] [Times: user=0.00 sys=0.00, real=0.01 secs] 
Heap after GC invocations=729 (full 62):
 par new generation   total 188736K, used 20480K [0x00000000c0000000, 0x00000000cccc0000, 0x00000000cccc0000)
  eden space 167808K,   0% used [0x00000000c0000000, 0x00000000c0000000, 0x00000000ca3e0000)
  from space 20928K,  97% used [0x00000000ca3e0000, 0x00000000cb7e0140, 0x00000000cb850000)
  to   space 20928K,   0% used [0x00000000cb850000, 0x00000000cb850000, 0x00000000cccc0000)
 concurrent mark-sweep generation total 838912K, used 442427K [0x00000000cccc0000, 0x0000000100000000, 0x0000000100000000)
 Metaspace       used 3935K, capacity 4540K, committed 4864K, reserved 1056768K
  class space    used 425K, capacity 428K, committed 512K, reserved 1048576K
}
2024-07-26T01:31:26.817+0800: 18.417: Total time for which application threads were stopped: 0.0078334 seconds, Stopping threads took: 0.0000250 seconds
2024-07-26T01:31:26.817+0800: 18.417: [GC (CMS Initial Mark) [1 CMS-initial-mark: 442427K(838912K)] 463931K(1027648K), 0.0002426 secs] [Times: user=0.00 sys=0.00, real=0.00 secs] 
2024-07-26T01:31:26.818+0800: 18.418: Total time for which application threads were stopped: 0.0003727 seconds, Stopping threads took: 0.0000816 seconds
2024-07-26T01:31:26.818+0800: 18.418: [CMS-concurrent-mark-start]
2024-07-26T01:31:26.820+0800: 18.420: [CMS-concurrent-mark: 0.002/0.002 secs] [Times: user=0.00 sys=0.00, real=0.00 secs] 
2024-07-26T01:31:26.820+0800: 18.420: [CMS-concurrent-preclean-start]
2024-07-26T01:31:26.820+0800: 18.420: [Preclean SoftReferences, 0.0000136 secs]2024-07-26T01:31:26.820+0800: 18.420: [Preclean WeakReferences, 0.0000086 secs]2024-07-26T01:31:26.820+0800: 18.420: [Preclean FinalReferences, 0.0000055 secs]2024-07-26T01:31:26.820+0800: 18.420: [Preclean PhantomReferences, 0.0000072 secs]2024-07-26T01:31:26.821+0800: 18.421: [CMS-concurrent-preclean: 0.001/0.001 secs] [Times: user=0.00 sys=0.00, real=0.00 secs] 
2024-07-26T01:31:26.821+0800: 18.421: [CMS-concurrent-abortable-preclean-start]
{Heap before GC invocations=729 (full 63):
 par new generation   total 188736K, used 187613K [0x00000000c0000000, 0x00000000cccc0000, 0x00000000cccc0000)
  eden space 167808K,  99% used [0x00000000c0000000, 0x00000000ca3376a0, 0x00000000ca3e0000)
  from space 20928K,  97% used [0x00000000ca3e0000, 0x00000000cb7e0140, 0x00000000cb850000)
  to   space 20928K,   0% used [0x00000000cb850000, 0x00000000cb850000, 0x00000000cccc0000)
 concurrent mark-sweep generation total 838912K, used 442427K [0x00000000cccc0000, 0x0000000100000000, 0x0000000100000000)
 Metaspace       used 3935K, capacity 4540K, committed 4864K, reserved 1056768K
  class space    used 425K, capacity 428K, committed 512K, reserved 1048576K
2024-07-26T01:31:26.833+0800: 18.432: [GC (Allocation Failure) 2024-07-26T01:31:26.833+0800: 18.432: [ParNew2024-07-26T01:31:26.836+0800: 18.436: [SoftReference, 0 refs, 0.0000364 secs]2024-07-26T01:31:26.836+0800: 18.436: [WeakReference, 0 refs, 0.0000046 secs]2024-07-26T01:31:26.836+0800: 18.436: [FinalReference, 0 refs, 0.0000039 secs]2024-07-26T01:31:26.836+0800: 18.436: [PhantomReference, 0 refs, 0.0000037 secs]2024-07-26T01:31:26.836+0800: 18.436: [JNI Weak Reference, 0.0000043 secs]
Desired survivor size 10715136 bytes, new threshold 1 (max 1)
- age   1:   13631696 bytes,   13631696 total
: 187613K->13312K(188736K), 0.0032337 secs] 630041K->455739K(1027648K), 0.0032750 secs] [Times: user=0.00 sys=0.00, real=0.00 secs] 
Heap after GC invocations=730 (full 63):
 par new generation   total 188736K, used 13312K [0x00000000c0000000, 0x00000000cccc0000, 0x00000000cccc0000)
  eden space 167808K,   0% used [0x00000000c0000000, 0x00000000c0000000, 0x00000000ca3e0000)
  from space 20928K,  63% used [0x00000000cb850000, 0x00000000cc5500d0, 0x00000000cccc0000)
  to   space 20928K,   0% used [0x00000000ca3e0000, 0x00000000ca3e0000, 0x00000000cb850000)
 concurrent mark-sweep generation total 838912K, used 442427K [0x00000000cccc0000, 0x0000000100000000, 0x0000000100000000)
 Metaspace       used 3935K, capacity 4540K, committed 4864K, reserved 1056768K
  class space    used 425K, capacity 428K, committed 512K, reserved 1048576K
}
2024-07-26T01:31:26.836+0800: 18.436: Total time for which application threads were stopped: 0.0033930 seconds, Stopping threads took: 0.0000236 seconds
{Heap before GC invocations=730 (full 63):
 par new generation   total 188736K, used 180467K [0x00000000c0000000, 0x00000000cccc0000, 0x00000000cccc0000)
  eden space 167808K,  99% used [0x00000000c0000000, 0x00000000ca33cb78, 0x00000000ca3e0000)
  from space 20928K,  63% used [0x00000000cb850000, 0x00000000cc5500d0, 0x00000000cccc0000)
  to   space 20928K,   0% used [0x00000000ca3e0000, 0x00000000ca3e0000, 0x00000000cb850000)
 concurrent mark-sweep generation total 838912K, used 442427K [0x00000000cccc0000, 0x0000000100000000, 0x0000000100000000)
 Metaspace       used 3935K, capacity 4540K, committed 4864K, reserved 1056768K
  class space    used 425K, capacity 428K, committed 512K, reserved 1048576K
2024-07-26T01:31:26.851+0800: 18.450: [GC (Allocation Failure) 2024-07-26T01:31:26.851+0800: 18.450: [ParNew2024-07-26T01:31:26.863+0800: 18.462: [SoftReference, 0 refs, 0.0000338 secs]2024-07-26T01:31:26.863+0800: 18.462: [WeakReference, 0 refs, 0.0000043 secs]2024-07-26T01:31:26.863+0800: 18.462: [FinalReference, 0 refs, 0.0000039 secs]2024-07-26T01:31:26.863+0800: 18.462: [PhantomReference, 0 refs, 0.0000037 secs]2024-07-26T01:31:26.863+0800: 18.462: [JNI Weak Reference, 0.0000043 secs]
Desired survivor size 10715136 bytes, new threshold 1 (max 1)
- age   1:   20971840 bytes,   20971840 total
: 180467K->20480K(188736K), 0.0118218 secs] 622894K->519228K(1027648K), 0.0118586 secs] [Times: user=0.06 sys=0.00, real=0.01 secs] 
Heap after GC invocations=731 (full 63):
 par new generation   total 188736K, used 20480K [0x00000000c0000000, 0x00000000cccc0000, 0x00000000cccc0000)
  eden space 167808K,   0% used [0x00000000c0000000, 0x00000000c0000000, 0x00000000ca3e0000)
  from space 20928K,  97% used [0x00000000ca3e0000, 0x00000000cb7e0140, 0x00000000cb850000)
  to   space 20928K,   0% used [0x00000000cb850000, 0x00000000cb850000, 0x00000000cccc0000)
 concurrent mark-sweep generation total 838912K, used 498748K [0x00000000cccc0000, 0x0000000100000000, 0x0000000100000000)
 Metaspace       used 3935K, capacity 4540K, committed 4864K, reserved 1056768K
  class space    used 425K, capacity 428K, committed 512K, reserved 1048576K
}
2024-07-26T01:31:26.863+0800: 18.462: Total time for which application threads were stopped: 0.0119718 seconds, Stopping threads took: 0.0000208 seconds
{Heap before GC invocations=731 (full 63):
 par new generation   total 188736K, used 187648K [0x00000000c0000000, 0x00000000cccc0000, 0x00000000cccc0000)
  eden space 167808K,  99% used [0x00000000c0000000, 0x00000000ca340200, 0x00000000ca3e0000)
  from space 20928K,  97% used [0x00000000ca3e0000, 0x00000000cb7e0140, 0x00000000cb850000)
  to   space 20928K,   0% used [0x00000000cb850000, 0x00000000cb850000, 0x00000000cccc0000)
 concurrent mark-sweep generation total 838912K, used 498748K [0x00000000cccc0000, 0x0000000100000000, 0x0000000100000000)
 Metaspace       used 3935K, capacity 4540K, committed 4864K, reserved 1056768K
  class space    used 425K, capacity 428K, committed 512K, reserved 1048576K
2024-07-26T01:31:26.878+0800: 18.477: [GC (Allocation Failure) 2024-07-26T01:31:26.878+0800: 18.477: [ParNew2024-07-26T01:31:26.884+0800: 18.484: [SoftReference, 0 refs, 0.0000289 secs]2024-07-26T01:31:26.884+0800: 18.484: [WeakReference, 0 refs, 0.0000040 secs]2024-07-26T01:31:26.884+0800: 18.484: [FinalReference, 0 refs, 0.0000038 secs]2024-07-26T01:31:26.884+0800: 18.484: [PhantomReference, 0 refs, 0.0000036 secs]2024-07-26T01:31:26.884+0800: 18.484: [JNI Weak Reference, 0.0000270 secs]
Desired survivor size 10715136 bytes, new threshold 1 (max 1)
- age   1:   20971840 bytes,   20971840 total
: 187648K->20480K(188736K), 0.0066137 secs] 686397K->535612K(1027648K), 0.0066604 secs] [Times: user=0.00 sys=0.00, real=0.01 secs] 
Heap after GC invocations=732 (full 63):
 par new generation   total 188736K, used 20480K [0x00000000c0000000, 0x00000000cccc0000, 0x00000000cccc0000)
  eden space 167808K,   0% used [0x00000000c0000000, 0x00000000c0000000, 0x00000000ca3e0000)
  from space 20928K,  97% used [0x00000000cb850000, 0x00000000ccc50140, 0x00000000cccc0000)
  to   space 20928K,   0% used [0x00000000ca3e0000, 0x00000000ca3e0000, 0x00000000cb850000)
 concurrent mark-sweep generation total 838912K, used 515132K [0x00000000cccc0000, 0x0000000100000000, 0x0000000100000000)
 Metaspace       used 3935K, capacity 4540K, committed 4864K, reserved 1056768K
  class space    used 425K, capacity 428K, committed 512K, reserved 1048576K
}
2024-07-26T01:31:26.885+0800: 18.484: Total time for which application threads were stopped: 0.0067948 seconds, Stopping threads took: 0.0000220 seconds
{Heap before GC invocations=732 (full 63):
 par new generation   total 188736K, used 187657K [0x00000000c0000000, 0x00000000cccc0000, 0x00000000cccc0000)
  eden space 167808K,  99% used [0x00000000c0000000, 0x00000000ca342518, 0x00000000ca3e0000)
  from space 20928K,  97% used [0x00000000cb850000, 0x00000000ccc50140, 0x00000000cccc0000)
  to   space 20928K,   0% used [0x00000000ca3e0000, 0x00000000ca3e0000, 0x00000000cb850000)
 concurrent mark-sweep generation total 838912K, used 515132K [0x00000000cccc0000, 0x0000000100000000, 0x0000000100000000)
 Metaspace       used 3935K, capacity 4540K, committed 4864K, reserved 1056768K
  class space    used 425K, capacity 428K, committed 512K, reserved 1048576K
2024-07-26T01:31:26.898+0800: 18.498: [GC (Allocation Failure) 2024-07-26T01:31:26.898+0800: 18.498: [ParNew2024-07-26T01:31:26.914+0800: 18.513: [SoftReference, 0 refs, 0.0000285 secs]2024-07-26T01:31:26.914+0800: 18.513: [WeakReference, 0 refs, 0.0000045 secs]2024-07-26T01:31:26.914+0800: 18.513: [FinalReference, 0 refs, 0.0000039 secs]2024-07-26T01:31:26.914+0800: 18.513: [PhantomReference, 0 refs, 0.0000039 secs]2024-07-26T01:31:26.914+0800: 18.513: [JNI Weak Reference, 0.0000044 secs]
Desired survivor size 10715136 bytes, new threshold 1 (max 1)
- age   1:   20971840 bytes,   20971840 total
: 187657K->20480K(188736K), 0.0154199 secs] 702790K->615486K(1027648K), 0.0154606 secs] [Times: user=0.06 sys=0.00, real=0.02 secs] 
Heap after GC invocations=733 (full 63):
 par new generation   total 188736K, used 20480K [0x00000000c0000000, 0x00000000cccc0000, 0x00000000cccc0000)
  eden space 167808K,   0% used [0x00000000c0000000, 0x00000000c0000000, 0x00000000ca3e0000)
  from space 20928K,  97% used [0x00000000ca3e0000, 0x00000000cb7e0140, 0x00000000cb850000)
  to   space 20928K,   0% used [0x00000000cb850000, 0x00000000cb850000, 0x00000000cccc0000)
 concurrent mark-sweep generation total 838912K, used 595005K [0x00000000cccc0000, 0x0000000100000000, 0x0000000100000000)
 Metaspace       used 3935K, capacity 4540K, committed 4864K, reserved 1056768K
  class space    used 425K, capacity 428K, committed 512K, reserved 1048576K
}
2024-07-26T01:31:26.914+0800: 18.513: Total time for which application threads were stopped: 0.0155824 seconds, Stopping threads took: 0.0000265 seconds
{Heap before GC invocations=733 (full 63):
 par new generation   total 188736K, used 187663K [0x00000000c0000000, 0x00000000cccc0000, 0x00000000cccc0000)
  eden space 167808K,  99% used [0x00000000c0000000, 0x00000000ca343ba8, 0x00000000ca3e0000)
  from space 20928K,  97% used [0x00000000ca3e0000, 0x00000000cb7e0140, 0x00000000cb850000)
  to   space 20928K,   0% used [0x00000000cb850000, 0x00000000cb850000, 0x00000000cccc0000)
 concurrent mark-sweep generation total 838912K, used 595005K [0x00000000cccc0000, 0x0000000100000000, 0x0000000100000000)
 Metaspace       used 3935K, capacity 4540K, committed 4864K, reserved 1056768K
  class space    used 425K, capacity 428K, committed 512K, reserved 1048576K
2024-07-26T01:31:26.928+0800: 18.527: [GC (Allocation Failure) 2024-07-26T01:31:26.928+0800: 18.527: [ParNew2024-07-26T01:31:26.937+0800: 18.537: [SoftReference, 0 refs, 0.0000390 secs]2024-07-26T01:31:26.938+0800: 18.537: [WeakReference, 0 refs, 0.0000041 secs]2024-07-26T01:31:26.938+0800: 18.537: [FinalReference, 0 refs, 0.0000038 secs]2024-07-26T01:31:26.938+0800: 18.537: [PhantomReference, 0 refs, 0.0000038 secs]2024-07-26T01:31:26.938+0800: 18.537: [JNI Weak Reference, 0.0000042 secs]
Desired survivor size 10715136 bytes, new threshold 1 (max 1)
- age   1:   20971840 bytes,   20971840 total
: 187663K->20480K(188736K), 0.0094477 secs] 782668K->655422K(1027648K), 0.0094957 secs] [Times: user=0.03 sys=0.00, real=0.01 secs] 
Heap after GC invocations=734 (full 63):
 par new generation   total 188736K, used 20480K [0x00000000c0000000, 0x00000000cccc0000, 0x00000000cccc0000)
  eden space 167808K,   0% used [0x00000000c0000000, 0x00000000c0000000, 0x00000000ca3e0000)
  from space 20928K,  97% used [0x00000000cb850000, 0x00000000ccc50140, 0x00000000cccc0000)
  to   space 20928K,   0% used [0x00000000ca3e0000, 0x00000000ca3e0000, 0x00000000cb850000)
 concurrent mark-sweep generation total 838912K, used 634942K [0x00000000cccc0000, 0x0000000100000000, 0x0000000100000000)
 Metaspace       used 3935K, capacity 4540K, committed 4864K, reserved 1056768K
  class space    used 425K, capacity 428K, committed 512K, reserved 1048576K
}
2024-07-26T01:31:26.938+0800: 18.537: Total time for which application threads were stopped: 0.0096391 seconds, Stopping threads took: 0.0000484 seconds
{Heap before GC invocations=734 (full 63):
 par new generation   total 188736K, used 187666K [0x00000000c0000000, 0x00000000cccc0000, 0x00000000cccc0000)
  eden space 167808K,  99% used [0x00000000c0000000, 0x00000000ca344a28, 0x00000000ca3e0000)
  from space 20928K,  97% used [0x00000000cb850000, 0x00000000ccc50140, 0x00000000cccc0000)
  to   space 20928K,   0% used [0x00000000ca3e0000, 0x00000000ca3e0000, 0x00000000cb850000)
 concurrent mark-sweep generation total 838912K, used 634942K [0x00000000cccc0000, 0x0000000100000000, 0x0000000100000000)
 Metaspace       used 3935K, capacity 4540K, committed 4864K, reserved 1056768K
  class space    used 425K, capacity 428K, committed 512K, reserved 1048576K
2024-07-26T01:31:26.952+0800: 18.551: [GC (Allocation Failure) 2024-07-26T01:31:26.952+0800: 18.551: [ParNew2024-07-26T01:31:26.957+0800: 18.556: [SoftReference, 0 refs, 0.0000383 secs]2024-07-26T01:31:26.957+0800: 18.556: [WeakReference, 0 refs, 0.0000061 secs]2024-07-26T01:31:26.957+0800: 18.556: [FinalReference, 0 refs, 0.0000053 secs]2024-07-26T01:31:26.957+0800: 18.556: [PhantomReference, 0 refs, 0.0000048 secs]2024-07-26T01:31:26.957+0800: 18.556: [JNI Weak Reference, 0.0000052 secs]
Desired survivor size 10715136 bytes, new threshold 1 (max 1)
- age   1:   20971840 bytes,   20971840 total
: 187666K->20480K(188736K), 0.0046688 secs] 822609K->655422K(1027648K), 0.0047119 secs] [Times: user=0.00 sys=0.00, real=0.01 secs] 
Heap after GC invocations=735 (full 63):
 par new generation   total 188736K, used 20480K [0x00000000c0000000, 0x00000000cccc0000, 0x00000000cccc0000)
  eden space 167808K,   0% used [0x00000000c0000000, 0x00000000c0000000, 0x00000000ca3e0000)
  from space 20928K,  97% used [0x00000000ca3e0000, 0x00000000cb7e0140, 0x00000000cb850000)
  to   space 20928K,   0% used [0x00000000cb850000, 0x00000000cb850000, 0x00000000cccc0000)
 concurrent mark-sweep generation total 838912K, used 634942K [0x00000000cccc0000, 0x0000000100000000, 0x0000000100000000)
 Metaspace       used 3935K, capacity 4540K, committed 4864K, reserved 1056768K
  class space    used 425K, capacity 428K, committed 512K, reserved 1048576K
}
2024-07-26T01:31:26.957+0800: 18.556: Total time for which application threads were stopped: 0.0048551 seconds, Stopping threads took: 0.0000372 seconds
{Heap before GC invocations=735 (full 63):
 par new generation   total 188736K, used 187669K [0x00000000c0000000, 0x00000000cccc0000, 0x00000000cccc0000)
  eden space 167808K,  99% used [0x00000000c0000000, 0x00000000ca345378, 0x00000000ca3e0000)
  from space 20928K,  97% used [0x00000000ca3e0000, 0x00000000cb7e0140, 0x00000000cb850000)
  to   space 20928K,   0% used [0x00000000cb850000, 0x00000000cb850000, 0x00000000cccc0000)
 concurrent mark-sweep generation total 838912K, used 634942K [0x00000000cccc0000, 0x0000000100000000, 0x0000000100000000)
 Metaspace       used 3935K, capacity 4540K, committed 4864K, reserved 1056768K
  class space    used 425K, capacity 428K, committed 512K, reserved 1048576K
2024-07-26T01:31:26.971+0800: 18.570: [GC (Allocation Failure) 2024-07-26T01:31:26.971+0800: 18.570: [ParNew2024-07-26T01:31:26.984+0800: 18.584: [SoftReference, 0 refs, 0.0000320 secs]2024-07-26T01:31:26.984+0800: 18.584: [WeakReference, 0 refs, 0.0000046 secs]2024-07-26T01:31:26.984+0800: 18.584: [FinalReference, 0 refs, 0.0000039 secs]2024-07-26T01:31:26.984+0800: 18.584: [PhantomReference, 0 refs, 0.0000039 secs]2024-07-26T01:31:26.984+0800: 18.584: [JNI Weak Reference, 0.0000046 secs]
Desired survivor size 10715136 bytes, new threshold 1 (max 1)
- age   1:   20971840 bytes,   20971840 total
: 187669K->20480K(188736K), 0.0135715 secs] 822611K->718911K(1027648K), 0.0136135 secs] [Times: user=0.05 sys=0.00, real=0.01 secs] 
Heap after GC invocations=736 (full 63):
 par new generation   total 188736K, used 20480K [0x00000000c0000000, 0x00000000cccc0000, 0x00000000cccc0000)
  eden space 167808K,   0% used [0x00000000c0000000, 0x00000000c0000000, 0x00000000ca3e0000)
  from space 20928K,  97% used [0x00000000cb850000, 0x00000000ccc50140, 0x00000000cccc0000)
  to   space 20928K,   0% used [0x00000000ca3e0000, 0x00000000ca3e0000, 0x00000000cb850000)
 concurrent mark-sweep generation total 838912K, used 698431K [0x00000000cccc0000, 0x0000000100000000, 0x0000000100000000)
 Metaspace       used 3935K, capacity 4540K, committed 4864K, reserved 1056768K
  class space    used 425K, capacity 428K, committed 512K, reserved 1048576K
}
2024-07-26T01:31:26.984+0800: 18.584: Total time for which application threads were stopped: 0.0137240 seconds, Stopping threads took: 0.0000232 seconds
{Heap before GC invocations=736 (full 63):
 par new generation   total 188736K, used 187670K [0x00000000c0000000, 0x00000000cccc0000, 0x00000000cccc0000)
  eden space 167808K,  99% used [0x00000000c0000000, 0x00000000ca345978, 0x00000000ca3e0000)
  from space 20928K,  97% used [0x00000000cb850000, 0x00000000ccc50140, 0x00000000cccc0000)
  to   space 20928K,   0% used [0x00000000ca3e0000, 0x00000000ca3e0000, 0x00000000cb850000)
 concurrent mark-sweep generation total 838912K, used 698431K [0x00000000cccc0000, 0x0000000100000000, 0x0000000100000000)
 Metaspace       used 3935K, capacity 4540K, committed 4864K, reserved 1056768K
  class space    used 425K, capacity 428K, committed 512K, reserved 1048576K
2024-07-26T01:31:26.999+0800: 18.598: [GC (Allocation Failure) 2024-07-26T01:31:26.999+0800: 18.598: [ParNew2024-07-26T01:31:27.005+0800: 18.604: [SoftReference, 0 refs, 0.0000488 secs]2024-07-26T01:31:27.005+0800: 18.605: [WeakReference, 0 refs, 0.0000045 secs]2024-07-26T01:31:27.005+0800: 18.605: [FinalReference, 0 refs, 0.0000040 secs]2024-07-26T01:31:27.005+0800: 18.605: [PhantomReference, 0 refs, 0.0000039 secs]2024-07-26T01:31:27.005+0800: 18.605: [JNI Weak Reference, 0.0000044 secs]
Desired survivor size 10715136 bytes, new threshold 1 (max 1)
- age   1:   20971840 bytes,   20971840 total
: 187670K->20480K(188736K), 0.0064853 secs] 886102K->742466K(1027648K), 0.0065246 secs] [Times: user=0.00 sys=0.00, real=0.01 secs] 
Heap after GC invocations=737 (full 63):
 par new generation   total 188736K, used 20480K [0x00000000c0000000, 0x00000000cccc0000, 0x00000000cccc0000)
  eden space 167808K,   0% used [0x00000000c0000000, 0x00000000c0000000, 0x00000000ca3e0000)
  from space 20928K,  97% used [0x00000000ca3e0000, 0x00000000cb7e0140, 0x00000000cb850000)
  to   space 20928K,   0% used [0x00000000cb850000, 0x00000000cb850000, 0x00000000cccc0000)
 concurrent mark-sweep generation total 838912K, used 721985K [0x00000000cccc0000, 0x0000000100000000, 0x0000000100000000)
 Metaspace       used 3935K, capacity 4540K, committed 4864K, reserved 1056768K
  class space    used 425K, capacity 428K, committed 512K, reserved 1048576K
}
2024-07-26T01:31:27.005+0800: 18.605: Total time for which application threads were stopped: 0.0066403 seconds, Stopping threads took: 0.0000237 seconds
{Heap before GC invocations=737 (full 63):
 par new generation   total 188736K, used 187671K [0x00000000c0000000, 0x00000000cccc0000, 0x00000000cccc0000)
  eden space 167808K,  99% used [0x00000000c0000000, 0x00000000ca345d50, 0x00000000ca3e0000)
  from space 20928K,  97% used [0x00000000ca3e0000, 0x00000000cb7e0140, 0x00000000cb850000)
  to   space 20928K,   0% used [0x00000000cb850000, 0x00000000cb850000, 0x00000000cccc0000)
 concurrent mark-sweep generation total 838912K, used 721985K [0x00000000cccc0000, 0x0000000100000000, 0x0000000100000000)
 Metaspace       used 3935K, capacity 4540K, committed 4864K, reserved 1056768K
  class space    used 425K, capacity 428K, committed 512K, reserved 1048576K
2024-07-26T01:31:27.020+0800: 18.619: [GC (Allocation Failure) 2024-07-26T01:31:27.020+0800: 18.619: [ParNew2024-07-26T01:31:27.021+0800: 18.620: [SoftReference, 0 refs, 0.0000313 secs]2024-07-26T01:31:27.021+0800: 18.620: [WeakReference, 0 refs, 0.0000045 secs]2024-07-26T01:31:27.021+0800: 18.620: [FinalReference, 0 refs, 0.0000039 secs]2024-07-26T01:31:27.021+0800: 18.620: [PhantomReference, 0 refs, 0.0000039 secs]2024-07-26T01:31:27.021+0800: 18.620: [JNI Weak Reference, 0.0000042 secs]
Desired survivor size 10715136 bytes, new threshold 1 (max 1)
- age   1:    4194368 bytes,    4194368 total
: 187671K->4096K(188736K), 0.0013721 secs] 909657K->726081K(1027648K), 0.0014199 secs] [Times: user=0.00 sys=0.00, real=0.00 secs] 
Heap after GC invocations=738 (full 63):
 par new generation   total 188736K, used 4096K [0x00000000c0000000, 0x00000000cccc0000, 0x00000000cccc0000)
  eden space 167808K,   0% used [0x00000000c0000000, 0x00000000c0000000, 0x00000000ca3e0000)
  from space 20928K,  19% used [0x00000000cb850000, 0x00000000cbc50040, 0x00000000cccc0000)
  to   space 20928K,   0% used [0x00000000ca3e0000, 0x00000000ca3e0000, 0x00000000cb850000)
 concurrent mark-sweep generation total 838912K, used 721985K [0x00000000cccc0000, 0x0000000100000000, 0x0000000100000000)
 Metaspace       used 3935K, capacity 4540K, committed 4864K, reserved 1056768K
  class space    used 425K, capacity 428K, committed 512K, reserved 1048576K
}
2024-07-26T01:31:27.021+0800: 18.620: Total time for which application threads were stopped: 0.0015435 seconds, Stopping threads took: 0.0000255 seconds
{Heap before GC invocations=738 (full 63):
 par new generation   total 188736K, used 171288K [0x00000000c0000000, 0x00000000cccc0000, 0x00000000cccc0000)
  eden space 167808K,  99% used [0x00000000c0000000, 0x00000000ca345fc8, 0x00000000ca3e0000)
  from space 20928K,  19% used [0x00000000cb850000, 0x00000000cbc50040, 0x00000000cccc0000)
  to   space 20928K,   0% used [0x00000000ca3e0000, 0x00000000ca3e0000, 0x00000000cb850000)
 concurrent mark-sweep generation total 838912K, used 721985K [0x00000000cccc0000, 0x0000000100000000, 0x0000000100000000)
 Metaspace       used 3935K, capacity 4540K, committed 4864K, reserved 1056768K
  class space    used 425K, capacity 428K, committed 512K, reserved 1048576K
2024-07-26T01:31:27.035+0800: 18.635: [GC (Allocation Failure) 2024-07-26T01:31:27.035+0800: 18.635: [ParNew2024-07-26T01:31:27.046+0800: 18.646: [SoftReference, 0 refs, 0.0000331 secs]2024-07-26T01:31:27.046+0800: 18.646: [WeakReference, 0 refs, 0.0000044 secs]2024-07-26T01:31:27.046+0800: 18.646: [FinalReference, 0 refs, 0.0000040 secs]2024-07-26T01:31:27.046+0800: 18.646: [PhantomReference, 0 refs, 0.0000037 secs]2024-07-26T01:31:27.046+0800: 18.646: [JNI Weak Reference, 0.0000044 secs]
Desired survivor size 10715136 bytes, new threshold 1 (max 1)
- age   1:   20971840 bytes,   20971840 total
: 171288K->20480K(188736K), 0.0110165 secs] 893273K->789570K(1027648K), 0.0110550 secs] [Times: user=0.06 sys=0.00, real=0.01 secs] 
Heap after GC invocations=739 (full 63):
 par new generation   total 188736K, used 20480K [0x00000000c0000000, 0x00000000cccc0000, 0x00000000cccc0000)
  eden space 167808K,   0% used [0x00000000c0000000, 0x00000000c0000000, 0x00000000ca3e0000)
  from space 20928K,  97% used [0x00000000ca3e0000, 0x00000000cb7e0140, 0x00000000cb850000)
  to   space 20928K,   0% used [0x00000000cb850000, 0x00000000cb850000, 0x00000000cccc0000)
 concurrent mark-sweep generation total 838912K, used 769090K [0x00000000cccc0000, 0x0000000100000000, 0x0000000100000000)
 Metaspace       used 3935K, capacity 4540K, committed 4864K, reserved 1056768K
  class space    used 425K, capacity 428K, committed 512K, reserved 1048576K
}
2024-07-26T01:31:27.046+0800: 18.646: Total time for which application threads were stopped: 0.0112147 seconds, Stopping threads took: 0.0000272 seconds
{Heap before GC invocations=739 (full 63):
 par new generation   total 188736K, used 187672K [0x00000000c0000000, 0x00000000cccc0000, 0x00000000cccc0000)
  eden space 167808K,  99% used [0x00000000c0000000, 0x00000000ca346168, 0x00000000ca3e0000)
  from space 20928K,  97% used [0x00000000ca3e0000, 0x00000000cb7e0140, 0x00000000cb850000)
  to   space 20928K,   0% used [0x00000000cb850000, 0x00000000cb850000, 0x00000000cccc0000)
 concurrent mark-sweep generation total 838912K, used 769090K [0x00000000cccc0000, 0x0000000100000000, 0x0000000100000000)
 Metaspace       used 3935K, capacity 4540K, committed 4864K, reserved 1056768K
  class space    used 425K, capacity 428K, committed 512K, reserved 1048576K
2024-07-26T01:31:27.062+0800: 18.662: [GC (Allocation Failure) 2024-07-26T01:31:27.062+0800: 18.662: [ParNew: 187672K->187672K(188736K), 0.0000146 secs]2024-07-26T01:31:27.062+0800: 18.662: [CMS2024-07-26T01:31:27.062+0800: 18.662: [CMS-concurrent-abortable-preclean: 0.007/0.241 secs] [Times: user=0.28 sys=0.00, real=0.24 secs] 
 (concurrent mode failure)2024-07-26T01:31:27.062+0800: 18.662: [SoftReference, 0 refs, 0.0000445 secs]2024-07-26T01:31:27.062+0800: 18.662: [WeakReference, 2 refs, 0.0000050 secs]2024-07-26T01:31:27.062+0800: 18.662: [FinalReference, 2 refs, 0.0000036 secs]2024-07-26T01:31:27.062+0800: 18.662: [PhantomReference, 0 refs, 0.0000035 secs]2024-07-26T01:31:27.062+0800: 18.662: [JNI Weak Reference, 0.0000039 secs]: 769090K->28704K(838912K), 0.0066741 secs] 956763K->28704K(1027648K), [Metaspace: 3935K->3935K(1056768K)], 0.0067689 secs] [Times: user=0.00 sys=0.00, real=0.01 secs] 
Heap after GC invocations=740 (full 64):
 par new generation   total 188736K, used 0K [0x00000000c0000000, 0x00000000cccc0000, 0x00000000cccc0000)
  eden space 167808K,   0% used [0x00000000c0000000, 0x00000000c0000000, 0x00000000ca3e0000)
  from space 20928K,   0% used [0x00000000ca3e0000, 0x00000000ca3e0000, 0x00000000cb850000)
  to   space 20928K,   0% used [0x00000000cb850000, 0x00000000cb850000, 0x00000000cccc0000)
 concurrent mark-sweep generation total 838912K, used 28704K [0x00000000cccc0000, 0x0000000100000000, 0x0000000100000000)
 Metaspace       used 3935K, capacity 4540K, committed 4864K, reserved 1056768K
  class space    used 425K, capacity 428K, committed 512K, reserved 1048576K
}
2024-07-26T01:31:27.069+0800: 18.668: Total time for which application threads were stopped: 0.0069261 seconds, Stopping threads took: 0.0000234 seconds
{Heap before GC invocations=740 (full 64):
 par new generation   total 188736K, used 167192K [0x00000000c0000000, 0x00000000cccc0000, 0x00000000cccc0000)
  eden space 167808K,  99% used [0x00000000c0000000, 0x00000000ca346268, 0x00000000ca3e0000)
  from space 20928K,   0% used [0x00000000ca3e0000, 0x00000000ca3e0000, 0x00000000cb850000)
  to   space 20928K,   0% used [0x00000000cb850000, 0x00000000cb850000, 0x00000000cccc0000)
 concurrent mark-sweep generation total 838912K, used 28704K [0x00000000cccc0000, 0x0000000100000000, 0x0000000100000000)
 Metaspace       used 3935K, capacity 4540K, committed 4864K, reserved 1056768K
  class space    used 425K, capacity 428K, committed 512K, reserved 1048576K
2024-07-26T01:31:27.082+0800: 18.682: [GC (Allocation Failure) 2024-07-26T01:31:27.082+0800: 18.682: [ParNew2024-07-26T01:31:27.097+0800: 18.696: [SoftReference, 0 refs, 0.0000399 secs]2024-07-26T01:31:27.097+0800: 18.696: [WeakReference, 0 refs, 0.0000046 secs]2024-07-26T01:31:27.097+0800: 18.696: [FinalReference, 0 refs, 0.0000040 secs]2024-07-26T01:31:27.097+0800: 18.696: [PhantomReference, 0 refs, 0.0000037 secs]2024-07-26T01:31:27.097+0800: 18.696: [JNI Weak Reference, 0.0000042 secs]
Desired survivor size 10715136 bytes, new threshold 1 (max 1)
- age   1:   20971840 bytes,   20971840 total
: 167192K->20480K(188736K), 0.0138081 secs] 195897K->119844K(1027648K), 0.0138485 secs] [Times: user=0.02 sys=0.00, real=0.01 secs] 
Heap after GC invocations=741 (full 64):
 par new generation   total 188736K, used 20480K [0x00000000c0000000, 0x00000000cccc0000, 0x00000000cccc0000)
  eden space 167808K,   0% used [0x00000000c0000000, 0x00000000c0000000, 0x00000000ca3e0000)
  from space 20928K,  97% used [0x00000000cb850000, 0x00000000ccc50140, 0x00000000cccc0000)
  to   space 20928K,   0% used [0x00000000ca3e0000, 0x00000000ca3e0000, 0x00000000cb850000)
 concurrent mark-sweep generation total 838912K, used 99363K [0x00000000cccc0000, 0x0000000100000000, 0x0000000100000000)
 Metaspace       used 3935K, capacity 4540K, committed 4864K, reserved 1056768K
  class space    used 425K, capacity 428K, committed 512K, reserved 1048576K
}
2024-07-26T01:31:27.097+0800: 18.696: Total time for which application threads were stopped: 0.0139644 seconds, Stopping threads took: 0.0000240 seconds
{Heap before GC invocations=741 (full 64):
 par new generation   total 188736K, used 187673K [0x00000000c0000000, 0x00000000cccc0000, 0x00000000cccc0000)
  eden space 167808K,  99% used [0x00000000c0000000, 0x00000000ca346310, 0x00000000ca3e0000)
  from space 20928K,  97% used [0x00000000cb850000, 0x00000000ccc50140, 0x00000000cccc0000)
  to   space 20928K,   0% used [0x00000000ca3e0000, 0x00000000ca3e0000, 0x00000000cb850000)
 concurrent mark-sweep generation total 838912K, used 99363K [0x00000000cccc0000, 0x0000000100000000, 0x0000000100000000)
 Metaspace       used 3935K, capacity 4540K, committed 4864K, reserved 1056768K
  class space    used 425K, capacity 428K, committed 512K, reserved 1048576K
2024-07-26T01:31:27.111+0800: 18.710: [GC (Allocation Failure) 2024-07-26T01:31:27.111+0800: 18.710: [ParNew2024-07-26T01:31:27.120+0800: 18.719: [SoftReference, 0 refs, 0.0000274 secs]2024-07-26T01:31:27.120+0800: 18.719: [WeakReference, 0 refs, 0.0000044 secs]2024-07-26T01:31:27.120+0800: 18.719: [FinalReference, 0 refs, 0.0000038 secs]2024-07-26T01:31:27.120+0800: 18.719: [PhantomReference, 0 refs, 0.0000038 secs]2024-07-26T01:31:27.120+0800: 18.719: [JNI Weak Reference, 0.0000050 secs]
Desired survivor size 10715136 bytes, new threshold 1 (max 1)
- age   1:   20971840 bytes,   20971840 total
: 187673K->20480K(188736K), 0.0088752 secs] 287036K->150566K(1027648K), 0.0089195 secs] [Times: user=0.00 sys=0.00, real=0.01 secs] 
Heap after GC invocations=742 (full 64):
 par new generation   total 188736K, used 20480K [0x00000000c0000000, 0x00000000cccc0000, 0x00000000cccc0000)
  eden space 167808K,   0% used [0x00000000c0000000, 0x00000000c0000000, 0x00000000ca3e0000)
  from space 20928K,  97% used [0x00000000ca3e0000, 0x00000000cb7e0140, 0x00000000cb850000)
  to   space 20928K,   0% used [0x00000000cb850000, 0x00000000cb850000, 0x00000000cccc0000)
 concurrent mark-sweep generation total 838912K, used 130086K [0x00000000cccc0000, 0x0000000100000000, 0x0000000100000000)
 Metaspace       used 3935K, capacity 4540K, committed 4864K, reserved 1056768K
  class space    used 425K, capacity 428K, committed 512K, reserved 1048576K
}
2024-07-26T01:31:27.120+0800: 18.719: Total time for which application threads were stopped: 0.0090410 seconds, Stopping threads took: 0.0000261 seconds
{Heap before GC invocations=742 (full 64):
 par new generation   total 188736K, used 187673K [0x00000000c0000000, 0x00000000cccc0000, 0x00000000cccc0000)
  eden space 167808K,  99% used [0x00000000c0000000, 0x00000000ca346380, 0x00000000ca3e0000)
  from space 20928K,  97% used [0x00000000ca3e0000, 0x00000000cb7e0140, 0x00000000cb850000)
  to   space 20928K,   0% used [0x00000000cb850000, 0x00000000cb850000, 0x00000000cccc0000)
 concurrent mark-sweep generation total 838912K, used 130086K [0x00000000cccc0000, 0x0000000100000000, 0x0000000100000000)
 Metaspace       used 3935K, capacity 4540K, committed 4864K, reserved 1056768K
  class space    used 425K, capacity 428K, committed 512K, reserved 1048576K
2024-07-26T01:31:27.135+0800: 18.734: [GC (Allocation Failure) 2024-07-26T01:31:27.135+0800: 18.734: [ParNew2024-07-26T01:31:27.137+0800: 18.736: [SoftReference, 0 refs, 0.0000358 secs]2024-07-26T01:31:27.137+0800: 18.736: [WeakReference, 0 refs, 0.0000047 secs]2024-07-26T01:31:27.137+0800: 18.736: [FinalReference, 0 refs, 0.0000038 secs]2024-07-26T01:31:27.137+0800: 18.736: [PhantomReference, 0 refs, 0.0000038 secs]2024-07-26T01:31:27.137+0800: 18.736: [JNI Weak Reference, 0.0000047 secs]
Desired survivor size 10715136 bytes, new threshold 1 (max 1)
- age   1:   11534512 bytes,   11534512 total
: 187673K->11264K(188736K), 0.0024300 secs] 317759K->141350K(1027648K), 0.0024739 secs] [Times: user=0.00 sys=0.00, real=0.00 secs] 
Heap after GC invocations=743 (full 64):
 par new generation   total 188736K, used 11264K [0x00000000c0000000, 0x00000000cccc0000, 0x00000000cccc0000)
  eden space 167808K,   0% used [0x00000000c0000000, 0x00000000c0000000, 0x00000000ca3e0000)
  from space 20928K,  53% used [0x00000000cb850000, 0x00000000cc3500b0, 0x00000000cccc0000)
  to   space 20928K,   0% used [0x00000000ca3e0000, 0x00000000ca3e0000, 0x00000000cb850000)
 concurrent mark-sweep generation total 838912K, used 130086K [0x00000000cccc0000, 0x0000000100000000, 0x0000000100000000)
 Metaspace       used 3935K, capacity 4540K, committed 4864K, reserved 1056768K
  class space    used 425K, capacity 428K, committed 512K, reserved 1048576K
}
2024-07-26T01:31:27.137+0800: 18.736: Total time for which application threads were stopped: 0.0025901 seconds, Stopping threads took: 0.0000251 seconds
{Heap before GC invocations=743 (full 64):
 par new generation   total 188736K, used 178457K [0x00000000c0000000, 0x00000000cccc0000, 0x00000000cccc0000)
  eden space 167808K,  99% used [0x00000000c0000000, 0x00000000ca3463c8, 0x00000000ca3e0000)
  from space 20928K,  53% used [0x00000000cb850000, 0x00000000cc3500b0, 0x00000000cccc0000)
  to   space 20928K,   0% used [0x00000000ca3e0000, 0x00000000ca3e0000, 0x00000000cb850000)
 concurrent mark-sweep generation total 838912K, used 130086K [0x00000000cccc0000, 0x0000000100000000, 0x0000000100000000)
 Metaspace       used 3935K, capacity 4540K, committed 4864K, reserved 1056768K
  class space    used 425K, capacity 428K, committed 512K, reserved 1048576K
2024-07-26T01:31:27.152+0800: 18.751: [GC (Allocation Failure) 2024-07-26T01:31:27.152+0800: 18.751: [ParNew2024-07-26T01:31:27.162+0800: 18.762: [SoftReference, 0 refs, 0.0000304 secs]2024-07-26T01:31:27.162+0800: 18.762: [WeakReference, 0 refs, 0.0000041 secs]2024-07-26T01:31:27.162+0800: 18.762: [FinalReference, 0 refs, 0.0000036 secs]2024-07-26T01:31:27.162+0800: 18.762: [PhantomReference, 0 refs, 0.0000036 secs]2024-07-26T01:31:27.162+0800: 18.762: [JNI Weak Reference, 0.0000045 secs]
Desired survivor size 10715136 bytes, new threshold 1 (max 1)
- age   1:   20971840 bytes,   20971840 total
: 178457K->20480K(188736K), 0.0111703 secs] 308543K->204841K(1027648K), 0.0112234 secs] [Times: user=0.02 sys=0.00, real=0.01 secs] 
Heap after GC invocations=744 (full 64):
 par new generation   total 188736K, used 20480K [0x00000000c0000000, 0x00000000cccc0000, 0x00000000cccc0000)
  eden space 167808K,   0% used [0x00000000c0000000, 0x00000000c0000000, 0x00000000ca3e0000)
  from space 20928K,  97% used [0x00000000ca3e0000, 0x00000000cb7e0140, 0x00000000cb850000)
  to   space 20928K,   0% used [0x00000000cb850000, 0x00000000cb850000, 0x00000000cccc0000)
 concurrent mark-sweep generation total 838912K, used 184361K [0x00000000cccc0000, 0x0000000100000000, 0x0000000100000000)
 Metaspace       used 3935K, capacity 4540K, committed 4864K, reserved 1056768K
  class space    used 425K, capacity 428K, committed 512K, reserved 1048576K
}
2024-07-26T01:31:27.162+0800: 18.762: Total time for which application threads were stopped: 0.0113634 seconds, Stopping threads took: 0.0000328 seconds
{Heap before GC invocations=744 (full 64):
 par new generation   total 188736K, used 187673K [0x00000000c0000000, 0x00000000cccc0000, 0x00000000cccc0000)
  eden space 167808K,  99% used [0x00000000c0000000, 0x00000000ca3463f0, 0x00000000ca3e0000)
  from space 20928K,  97% used [0x00000000ca3e0000, 0x00000000cb7e0140, 0x00000000cb850000)
  to   space 20928K,   0% used [0x00000000cb850000, 0x00000000cb850000, 0x00000000cccc0000)
 concurrent mark-sweep generation total 838912K, used 184361K [0x00000000cccc0000, 0x0000000100000000, 0x0000000100000000)
 Metaspace       used 3935K, capacity 4540K, committed 4864K, reserved 1056768K
  class space    used 425K, capacity 428K, committed 512K, reserved 1048576K
2024-07-26T01:31:27.177+0800: 18.777: [GC (Allocation Failure) 2024-07-26T01:31:27.177+0800: 18.777: [ParNew2024-07-26T01:31:27.183+0800: 18.783: [SoftReference, 0 refs, 0.0000664 secs]2024-07-26T01:31:27.183+0800: 18.783: [WeakReference, 0 refs, 0.0000043 secs]2024-07-26T01:31:27.183+0800: 18.783: [FinalReference, 0 refs, 0.0000043 secs]2024-07-26T01:31:27.183+0800: 18.783: [PhantomReference, 0 refs, 0.0000039 secs]2024-07-26T01:31:27.183+0800: 18.783: [JNI Weak Reference, 0.0000043 secs]
Desired survivor size 10715136 bytes, new threshold 1 (max 1)
- age   1:   20971840 bytes,   20971840 total
: 187673K->20480K(188736K), 0.0061677 secs] 372034K->219179K(1027648K), 0.0062260 secs] [Times: user=0.00 sys=0.00, real=0.01 secs] 
Heap after GC invocations=745 (full 64):
 par new generation   total 188736K, used 20480K [0x00000000c0000000, 0x00000000cccc0000, 0x00000000cccc0000)
  eden space 167808K,   0% used [0x00000000c0000000, 0x00000000c0000000, 0x00000000ca3e0000)
  from space 20928K,  97% used [0x00000000cb850000, 0x00000000ccc50140, 0x00000000cccc0000)
  to   space 20928K,   0% used [0x00000000ca3e0000, 0x00000000ca3e0000, 0x00000000cb850000)
 concurrent mark-sweep generation total 838912K, used 198699K [0x00000000cccc0000, 0x0000000100000000, 0x0000000100000000)
 Metaspace       used 3935K, capacity 4540K, committed 4864K, reserved 1056768K
  class space    used 425K, capacity 428K, committed 512K, reserved 1048576K
}
2024-07-26T01:31:27.183+0800: 18.783: Total time for which application threads were stopped: 0.0063446 seconds, Stopping threads took: 0.0000248 seconds
{Heap before GC invocations=745 (full 64):
 par new generation   total 188736K, used 187673K [0x00000000c0000000, 0x00000000cccc0000, 0x00000000cccc0000)
  eden space 167808K,  99% used [0x00000000c0000000, 0x00000000ca346410, 0x00000000ca3e0000)
  from space 20928K,  97% used [0x00000000cb850000, 0x00000000ccc50140, 0x00000000cccc0000)
  to   space 20928K,   0% used [0x00000000ca3e0000, 0x00000000ca3e0000, 0x00000000cb850000)
 concurrent mark-sweep generation total 838912K, used 198699K [0x00000000cccc0000, 0x0000000100000000, 0x0000000100000000)
 Metaspace       used 3935K, capacity 4540K, committed 4864K, reserved 1056768K
  class space    used 425K, capacity 428K, committed 512K, reserved 1048576K
2024-07-26T01:31:27.198+0800: 18.797: [GC (Allocation Failure) 2024-07-26T01:31:27.198+0800: 18.797: [ParNew2024-07-26T01:31:27.214+0800: 18.813: [SoftReference, 0 refs, 0.0000328 secs]2024-07-26T01:31:27.214+0800: 18.813: [WeakReference, 0 refs, 0.0000041 secs]2024-07-26T01:31:27.214+0800: 18.813: [FinalReference, 0 refs, 0.0000036 secs]2024-07-26T01:31:27.214+0800: 18.813: [PhantomReference, 0 refs, 0.0000034 secs]2024-07-26T01:31:27.214+0800: 18.813: [JNI Weak Reference, 0.0000040 secs]
Desired survivor size 10715136 bytes, new threshold 1 (max 1)
- age   1:   20971840 bytes,   20971840 total
: 187673K->20480K(188736K), 0.0161703 secs] 386372K->297006K(1027648K), 0.0162127 secs] [Times: user=0.03 sys=0.00, real=0.02 secs] 
Heap after GC invocations=746 (full 64):
 par new generation   total 188736K, used 20480K [0x00000000c0000000, 0x00000000cccc0000, 0x00000000cccc0000)
  eden space 167808K,   0% used [0x00000000c0000000, 0x00000000c0000000, 0x00000000ca3e0000)
  from space 20928K,  97% used [0x00000000ca3e0000, 0x00000000cb7e0140, 0x00000000cb850000)
  to   space 20928K,   0% used [0x00000000cb850000, 0x00000000cb850000, 0x00000000cccc0000)
 concurrent mark-sweep generation total 838912K, used 276526K [0x00000000cccc0000, 0x0000000100000000, 0x0000000100000000)
 Metaspace       used 3935K, capacity 4540K, committed 4864K, reserved 1056768K
  class space    used 425K, capacity 428K, committed 512K, reserved 1048576K
}
2024-07-26T01:31:27.214+0800: 18.813: Total time for which application threads were stopped: 0.0163311 seconds, Stopping threads took: 0.0000233 seconds
{Heap before GC invocations=746 (full 64):
 par new generation   total 188736K, used 187673K [0x00000000c0000000, 0x00000000cccc0000, 0x00000000cccc0000)
  eden space 167808K,  99% used [0x00000000c0000000, 0x00000000ca346420, 0x00000000ca3e0000)
  from space 20928K,  97% used [0x00000000ca3e0000, 0x00000000cb7e0140, 0x00000000cb850000)
  to   space 20928K,   0% used [0x00000000cb850000, 0x00000000cb850000, 0x00000000cccc0000)
 concurrent mark-sweep generation total 838912K, used 276526K [0x00000000cccc0000, 0x0000000100000000, 0x0000000100000000)
 Metaspace       used 3935K, capacity 4540K, committed 4864K, reserved 1056768K
  class space    used 425K, capacity 428K, committed 512K, reserved 1048576K
2024-07-26T01:31:27.229+0800: 18.828: [GC (Allocation Failure) 2024-07-26T01:31:27.229+0800: 18.828: [ParNew2024-07-26T01:31:27.238+0800: 18.838: [SoftReference, 0 refs, 0.0000340 secs]2024-07-26T01:31:27.238+0800: 18.838: [WeakReference, 0 refs, 0.0000045 secs]2024-07-26T01:31:27.238+0800: 18.838: [FinalReference, 0 refs, 0.0000049 secs]2024-07-26T01:31:27.238+0800: 18.838: [PhantomReference, 0 refs, 0.0000036 secs]2024-07-26T01:31:27.238+0800: 18.838: [JNI Weak Reference, 0.0000042 secs]
Desired survivor size 10715136 bytes, new threshold 1 (max 1)
- age   1:   20971840 bytes,   20971840 total
: 187673K->20480K(188736K), 0.0091911 secs] 464199K->334895K(1027648K), 0.0092259 secs] [Times: user=0.03 sys=0.00, real=0.01 secs] 
Heap after GC invocations=747 (full 64):
 par new generation   total 188736K, used 20480K [0x00000000c0000000, 0x00000000cccc0000, 0x00000000cccc0000)
  eden space 167808K,   0% used [0x00000000c0000000, 0x00000000c0000000, 0x00000000ca3e0000)
  from space 20928K,  97% used [0x00000000cb850000, 0x00000000ccc50140, 0x00000000cccc0000)
  to   space 20928K,   0% used [0x00000000ca3e0000, 0x00000000ca3e0000, 0x00000000cb850000)
 concurrent mark-sweep generation total 838912K, used 314415K [0x00000000cccc0000, 0x0000000100000000, 0x0000000100000000)
 Metaspace       used 3935K, capacity 4540K, committed 4864K, reserved 1056768K
  class space    used 425K, capacity 428K, committed 512K, reserved 1048576K
}
2024-07-26T01:31:27.238+0800: 18.838: Total time for which application threads were stopped: 0.0093389 seconds, Stopping threads took: 0.0000213 seconds
{Heap before GC invocations=747 (full 64):
 par new generation   total 188736K, used 187673K [0x00000000c0000000, 0x00000000cccc0000, 0x00000000cccc0000)
  eden space 167808K,  99% used [0x00000000c0000000, 0x00000000ca346430, 0x00000000ca3e0000)
  from space 20928K,  97% used [0x00000000cb850000, 0x00000000ccc50140, 0x00000000cccc0000)
  to   space 20928K,   0% used [0x00000000ca3e0000, 0x00000000ca3e0000, 0x00000000cb850000)
 concurrent mark-sweep generation total 838912K, used 314415K [0x00000000cccc0000, 0x0000000100000000, 0x0000000100000000)
 Metaspace       used 3935K, capacity 4540K, committed 4864K, reserved 1056768K
  class space    used 425K, capacity 428K, committed 512K, reserved 1048576K
2024-07-26T01:31:27.252+0800: 18.852: [GC (Allocation Failure) 2024-07-26T01:31:27.252+0800: 18.852: [ParNew2024-07-26T01:31:27.255+0800: 18.855: [SoftReference, 0 refs, 0.0000223 secs]2024-07-26T01:31:27.255+0800: 18.855: [WeakReference, 0 refs, 0.0000042 secs]2024-07-26T01:31:27.255+0800: 18.855: [FinalReference, 0 refs, 0.0000039 secs]2024-07-26T01:31:27.255+0800: 18.855: [PhantomReference, 0 refs, 0.0000037 secs]2024-07-26T01:31:27.255+0800: 18.855: [JNI Weak Reference, 0.0000039 secs]
Desired survivor size 10715136 bytes, new threshold 1 (max 1)
- age   1:   18874656 bytes,   18874656 total
: 187673K->18432K(188736K), 0.0029082 secs] 502088K->332847K(1027648K), 0.0029473 secs] [Times: user=0.00 sys=0.00, real=0.00 secs] 
Heap after GC invocations=748 (full 64):
 par new generation   total 188736K, used 18432K [0x00000000c0000000, 0x00000000cccc0000, 0x00000000cccc0000)
  eden space 167808K,   0% used [0x00000000c0000000, 0x00000000c0000000, 0x00000000ca3e0000)
  from space 20928K,  88% used [0x00000000ca3e0000, 0x00000000cb5e0120, 0x00000000cb850000)
  to   space 20928K,   0% used [0x00000000cb850000, 0x00000000cb850000, 0x00000000cccc0000)
 concurrent mark-sweep generation total 838912K, used 314415K [0x00000000cccc0000, 0x0000000100000000, 0x0000000100000000)
 Metaspace       used 3935K, capacity 4540K, committed 4864K, reserved 1056768K
  class space    used 425K, capacity 428K, committed 512K, reserved 1048576K
}
2024-07-26T01:31:27.255+0800: 18.855: Total time for which application threads were stopped: 0.0030571 seconds, Stopping threads took: 0.0000237 seconds
{Heap before GC invocations=748 (full 64):
 par new generation   total 188736K, used 185625K [0x00000000c0000000, 0x00000000cccc0000, 0x00000000cccc0000)
  eden space 167808K,  99% used [0x00000000c0000000, 0x00000000ca346438, 0x00000000ca3e0000)
  from space 20928K,  88% used [0x00000000ca3e0000, 0x00000000cb5e0120, 0x00000000cb850000)
  to   space 20928K,   0% used [0x00000000cb850000, 0x00000000cb850000, 0x00000000cccc0000)
 concurrent mark-sweep generation total 838912K, used 314415K [0x00000000cccc0000, 0x0000000100000000, 0x0000000100000000)
 Metaspace       used 3935K, capacity 4540K, committed 4864K, reserved 1056768K
  class space    used 425K, capacity 428K, committed 512K, reserved 1048576K
2024-07-26T01:31:27.270+0800: 18.869: [GC (Allocation Failure) 2024-07-26T01:31:27.270+0800: 18.869: [ParNew2024-07-26T01:31:27.283+0800: 18.882: [SoftReference, 0 refs, 0.0000532 secs]2024-07-26T01:31:27.283+0800: 18.882: [WeakReference, 0 refs, 0.0000045 secs]2024-07-26T01:31:27.283+0800: 18.882: [FinalReference, 0 refs, 0.0000040 secs]2024-07-26T01:31:27.283+0800: 18.882: [PhantomReference, 0 refs, 0.0000038 secs]2024-07-26T01:31:27.283+0800: 18.882: [JNI Weak Reference, 0.0000043 secs]
Desired survivor size 10715136 bytes, new threshold 1 (max 1)
- age   1:   20971840 bytes,   20971840 total
: 185625K->20480K(188736K), 0.0130967 secs] 500040K->396336K(1027648K), 0.0131381 secs] [Times: user=0.01 sys=0.00, real=0.01 secs] 
Heap after GC invocations=749 (full 64):
 par new generation   total 188736K, used 20480K [0x00000000c0000000, 0x00000000cccc0000, 0x00000000cccc0000)
  eden space 167808K,   0% used [0x00000000c0000000, 0x00000000c0000000, 0x00000000ca3e0000)
  from space 20928K,  97% used [0x00000000cb850000, 0x00000000ccc50140, 0x00000000cccc0000)
  to   space 20928K,   0% used [0x00000000ca3e0000, 0x00000000ca3e0000, 0x00000000cb850000)
 concurrent mark-sweep generation total 838912K, used 375856K [0x00000000cccc0000, 0x0000000100000000, 0x0000000100000000)
 Metaspace       used 3935K, capacity 4540K, committed 4864K, reserved 1056768K
  class space    used 425K, capacity 428K, committed 512K, reserved 1048576K
}
2024-07-26T01:31:27.283+0800: 18.882: Total time for which application threads were stopped: 0.0132758 seconds, Stopping threads took: 0.0000427 seconds
2024-07-26T01:31:27.283+0800: 18.883: [GC (CMS Initial Mark) [1 CMS-initial-mark: 375856K(838912K)] 401735K(1027648K), 0.0006065 secs] [Times: user=0.00 sys=0.00, real=0.00 secs] 
2024-07-26T01:31:27.284+0800: 18.883: Total time for which application threads were stopped: 0.0007407 seconds, Stopping threads took: 0.0000960 seconds
2024-07-26T01:31:27.284+0800: 18.883: [CMS-concurrent-mark-start]
2024-07-26T01:31:27.286+0800: 18.885: [CMS-concurrent-mark: 0.002/0.002 secs] [Times: user=0.00 sys=0.00, real=0.00 secs] 
2024-07-26T01:31:27.286+0800: 18.885: [CMS-concurrent-preclean-start]
2024-07-26T01:31:27.286+0800: 18.885: [Preclean SoftReferences, 0.0000054 secs]2024-07-26T01:31:27.286+0800: 18.885: [Preclean WeakReferences, 0.0000043 secs]2024-07-26T01:31:27.286+0800: 18.885: [Preclean FinalReferences, 0.0000032 secs]2024-07-26T01:31:27.286+0800: 18.885: [Preclean PhantomReferences, 0.0000032 secs]2024-07-26T01:31:27.287+0800: 18.886: [CMS-concurrent-preclean: 0.001/0.001 secs] [Times: user=0.00 sys=0.00, real=0.00 secs] 
2024-07-26T01:31:27.287+0800: 18.886: [CMS-concurrent-abortable-preclean-start]
{Heap before GC invocations=749 (full 65):
 par new generation   total 188736K, used 187673K [0x00000000c0000000, 0x00000000cccc0000, 0x00000000cccc0000)
  eden space 167808K,  99% used [0x00000000c0000000, 0x00000000ca346438, 0x00000000ca3e0000)
  from space 20928K,  97% used [0x00000000cb850000, 0x00000000ccc50140, 0x00000000cccc0000)
  to   space 20928K,   0% used [0x00000000ca3e0000, 0x00000000ca3e0000, 0x00000000cb850000)
 concurrent mark-sweep generation total 838912K, used 375856K [0x00000000cccc0000, 0x0000000100000000, 0x0000000100000000)
 Metaspace       used 3935K, capacity 4540K, committed 4864K, reserved 1056768K
  class space    used 425K, capacity 428K, committed 512K, reserved 1048576K
2024-07-26T01:31:27.298+0800: 18.898: [GC (Allocation Failure) 2024-07-26T01:31:27.298+0800: 18.898: [ParNew2024-07-26T01:31:27.306+0800: 18.905: [SoftReference, 0 refs, 0.0000277 secs]2024-07-26T01:31:27.306+0800: 18.905: [WeakReference, 0 refs, 0.0000043 secs]2024-07-26T01:31:27.306+0800: 18.905: [FinalReference, 0 refs, 0.0000040 secs]2024-07-26T01:31:27.306+0800: 18.905: [PhantomReference, 0 refs, 0.0000038 secs]2024-07-26T01:31:27.306+0800: 18.905: [JNI Weak Reference, 0.0000044 secs]
Desired survivor size 10715136 bytes, new threshold 1 (max 1)
- age   1:   20971840 bytes,   20971840 total
: 187673K->20480K(188736K), 0.0073833 secs] 563529K->417842K(1027648K), 0.0074189 secs] [Times: user=0.00 sys=0.00, real=0.01 secs] 
Heap after GC invocations=750 (full 65):
 par new generation   total 188736K, used 20480K [0x00000000c0000000, 0x00000000cccc0000, 0x00000000cccc0000)
  eden space 167808K,   0% used [0x00000000c0000000, 0x00000000c0000000, 0x00000000ca3e0000)
  from space 20928K,  97% used [0x00000000ca3e0000, 0x00000000cb7e0140, 0x00000000cb850000)
  to   space 20928K,   0% used [0x00000000cb850000, 0x00000000cb850000, 0x00000000cccc0000)
 concurrent mark-sweep generation total 838912K, used 397362K [0x00000000cccc0000, 0x0000000100000000, 0x0000000100000000)
 Metaspace       used 3935K, capacity 4540K, committed 4864K, reserved 1056768K
  class space    used 425K, capacity 428K, committed 512K, reserved 1048576K
}
2024-07-26T01:31:27.306+0800: 18.905: Total time for which application threads were stopped: 0.0075318 seconds, Stopping threads took: 0.0000231 seconds
{Heap before GC invocations=750 (full 65):
 par new generation   total 188736K, used 187673K [0x00000000c0000000, 0x00000000cccc0000, 0x00000000cccc0000)
  eden space 167808K,  99% used [0x00000000c0000000, 0x00000000ca346440, 0x00000000ca3e0000)
  from space 20928K,  97% used [0x00000000ca3e0000, 0x00000000cb7e0140, 0x00000000cb850000)
  to   space 20928K,   0% used [0x00000000cb850000, 0x00000000cb850000, 0x00000000cccc0000)
 concurrent mark-sweep generation total 838912K, used 397362K [0x00000000cccc0000, 0x0000000100000000, 0x0000000100000000)
 Metaspace       used 3935K, capacity 4540K, committed 4864K, reserved 1056768K
  class space    used 425K, capacity 428K, committed 512K, reserved 1048576K
2024-07-26T01:31:27.320+0800: 18.919: [GC (Allocation Failure) 2024-07-26T01:31:27.320+0800: 18.920: [ParNew2024-07-26T01:31:27.321+0800: 18.921: [SoftReference, 0 refs, 0.0000278 secs]2024-07-26T01:31:27.321+0800: 18.921: [WeakReference, 0 refs, 0.0000047 secs]2024-07-26T01:31:27.321+0800: 18.921: [FinalReference, 0 refs, 0.0000039 secs]2024-07-26T01:31:27.321+0800: 18.921: [PhantomReference, 0 refs, 0.0000039 secs]2024-07-26T01:31:27.321+0800: 18.921: [JNI Weak Reference, 0.0000040 secs]
Desired survivor size 10715136 bytes, new threshold 1 (max 1)
- age   1:    2097184 bytes,    2097184 total
: 187673K->2048K(188736K), 0.0012201 secs] 585035K->399410K(1027648K), 0.0012881 secs] [Times: user=0.00 sys=0.00, real=0.00 secs] 
Heap after GC invocations=751 (full 65):
 par new generation   total 188736K, used 2048K [0x00000000c0000000, 0x00000000cccc0000, 0x00000000cccc0000)
  eden space 167808K,   0% used [0x00000000c0000000, 0x00000000c0000000, 0x00000000ca3e0000)
  from space 20928K,   9% used [0x00000000cb850000, 0x00000000cba50020, 0x00000000cccc0000)
  to   space 20928K,   0% used [0x00000000ca3e0000, 0x00000000ca3e0000, 0x00000000cb850000)
 concurrent mark-sweep generation total 838912K, used 397362K [0x00000000cccc0000, 0x0000000100000000, 0x0000000100000000)
 Metaspace       used 3935K, capacity 4540K, committed 4864K, reserved 1056768K
  class space    used 425K, capacity 428K, committed 512K, reserved 1048576K
}
2024-07-26T01:31:27.321+0800: 18.921: Total time for which application threads were stopped: 0.0014477 seconds, Stopping threads took: 0.0000536 seconds
{Heap before GC invocations=751 (full 65):
 par new generation   total 188736K, used 169241K [0x00000000c0000000, 0x00000000cccc0000, 0x00000000cccc0000)
  eden space 167808K,  99% used [0x00000000c0000000, 0x00000000ca346440, 0x00000000ca3e0000)
  from space 20928K,   9% used [0x00000000cb850000, 0x00000000cba50020, 0x00000000cccc0000)
  to   space 20928K,   0% used [0x00000000ca3e0000, 0x00000000ca3e0000, 0x00000000cb850000)
 concurrent mark-sweep generation total 838912K, used 397362K [0x00000000cccc0000, 0x0000000100000000, 0x0000000100000000)
 Metaspace       used 3935K, capacity 4540K, committed 4864K, reserved 1056768K
  class space    used 425K, capacity 428K, committed 512K, reserved 1048576K
2024-07-26T01:31:27.335+0800: 18.935: [GC (Allocation Failure) 2024-07-26T01:31:27.335+0800: 18.935: [ParNew2024-07-26T01:31:27.346+0800: 18.946: [SoftReference, 0 refs, 0.0000347 secs]2024-07-26T01:31:27.346+0800: 18.946: [WeakReference, 0 refs, 0.0000042 secs]2024-07-26T01:31:27.346+0800: 18.946: [FinalReference, 0 refs, 0.0000038 secs]2024-07-26T01:31:27.346+0800: 18.946: [PhantomReference, 0 refs, 0.0000035 secs]2024-07-26T01:31:27.346+0800: 18.946: [JNI Weak Reference, 0.0000041 secs]
Desired survivor size 10715136 bytes, new threshold 1 (max 1)
- age   1:   20971840 bytes,   20971840 total
: 169241K->20480K(188736K), 0.0114248 secs] 566603K->462899K(1027648K), 0.0114605 secs] [Times: user=0.03 sys=0.00, real=0.01 secs] 
Heap after GC invocations=752 (full 65):
 par new generation   total 188736K, used 20480K [0x00000000c0000000, 0x00000000cccc0000, 0x00000000cccc0000)
  eden space 167808K,   0% used [0x00000000c0000000, 0x00000000c0000000, 0x00000000ca3e0000)
  from space 20928K,  97% used [0x00000000ca3e0000, 0x00000000cb7e0140, 0x00000000cb850000)
  to   space 20928K,   0% used [0x00000000cb850000, 0x00000000cb850000, 0x00000000cccc0000)
 concurrent mark-sweep generation total 838912K, used 442419K [0x00000000cccc0000, 0x0000000100000000, 0x0000000100000000)
 Metaspace       used 3935K, capacity 4540K, committed 4864K, reserved 1056768K
  class space    used 425K, capacity 428K, committed 512K, reserved 1048576K
}
2024-07-26T01:31:27.346+0800: 18.946: Total time for which application threads were stopped: 0.0115693 seconds, Stopping threads took: 0.0000215 seconds
{Heap before GC invocations=752 (full 65):
 par new generation   total 188736K, used 187673K [0x00000000c0000000, 0x00000000cccc0000, 0x00000000cccc0000)
  eden space 167808K,  99% used [0x00000000c0000000, 0x00000000ca346440, 0x00000000ca3e0000)
  from space 20928K,  97% used [0x00000000ca3e0000, 0x00000000cb7e0140, 0x00000000cb850000)
  to   space 20928K,   0% used [0x00000000cb850000, 0x00000000cb850000, 0x00000000cccc0000)
 concurrent mark-sweep generation total 838912K, used 442419K [0x00000000cccc0000, 0x0000000100000000, 0x0000000100000000)
 Metaspace       used 3935K, capacity 4540K, committed 4864K, reserved 1056768K
  class space    used 425K, capacity 428K, committed 512K, reserved 1048576K
2024-07-26T01:31:27.360+0800: 18.960: [GC (Allocation Failure) 2024-07-26T01:31:27.360+0800: 18.960: [ParNew2024-07-26T01:31:27.364+0800: 18.964: [SoftReference, 0 refs, 0.0000493 secs]2024-07-26T01:31:27.364+0800: 18.964: [WeakReference, 0 refs, 0.0000047 secs]2024-07-26T01:31:27.364+0800: 18.964: [FinalReference, 0 refs, 0.0000040 secs]2024-07-26T01:31:27.364+0800: 18.964: [PhantomReference, 0 refs, 0.0000039 secs]2024-07-26T01:31:27.364+0800: 18.964: [JNI Weak Reference, 0.0000055 secs]
Desired survivor size 10715136 bytes, new threshold 1 (max 1)
- age   1:   20971840 bytes,   20971840 total
: 187673K->20480K(188736K), 0.0039616 secs] 630092K->468019K(1027648K), 0.0040019 secs] [Times: user=0.00 sys=0.00, real=0.00 secs] 
Heap after GC invocations=753 (full 65):
 par new generation   total 188736K, used 20480K [0x00000000c0000000, 0x00000000cccc0000, 0x00000000cccc0000)
  eden space 167808K,   0% used [0x00000000c0000000, 0x00000000c0000000, 0x00000000ca3e0000)
  from space 20928K,  97% used [0x00000000cb850000, 0x00000000ccc50140, 0x00000000cccc0000)
  to   space 20928K,   0% used [0x00000000ca3e0000, 0x00000000ca3e0000, 0x00000000cb850000)
 concurrent mark-sweep generation total 838912K, used 447539K [0x00000000cccc0000, 0x0000000100000000, 0x0000000100000000)
 Metaspace       used 3935K, capacity 4540K, committed 4864K, reserved 1056768K
  class space    used 425K, capacity 428K, committed 512K, reserved 1048576K
}
2024-07-26T01:31:27.364+0800: 18.964: Total time for which application threads were stopped: 0.0041280 seconds, Stopping threads took: 0.0000221 seconds
{Heap before GC invocations=753 (full 65):
 par new generation   total 188736K, used 187673K [0x00000000c0000000, 0x00000000cccc0000, 0x00000000cccc0000)
  eden space 167808K,  99% used [0x00000000c0000000, 0x00000000ca346440, 0x00000000ca3e0000)
  from space 20928K,  97% used [0x00000000cb850000, 0x00000000ccc50140, 0x00000000cccc0000)
  to   space 20928K,   0% used [0x00000000ca3e0000, 0x00000000ca3e0000, 0x00000000cb850000)
 concurrent mark-sweep generation total 838912K, used 447539K [0x00000000cccc0000, 0x0000000100000000, 0x0000000100000000)
 Metaspace       used 3935K, capacity 4540K, committed 4864K, reserved 1056768K
  class space    used 425K, capacity 428K, committed 512K, reserved 1048576K
2024-07-26T01:31:27.380+0800: 18.979: [GC (Allocation Failure) 2024-07-26T01:31:27.380+0800: 18.979: [ParNew2024-07-26T01:31:27.396+0800: 18.996: [SoftReference, 0 refs, 0.0000401 secs]2024-07-26T01:31:27.396+0800: 18.996: [WeakReference, 0 refs, 0.0000044 secs]2024-07-26T01:31:27.396+0800: 18.996: [FinalReference, 0 refs, 0.0000038 secs]2024-07-26T01:31:27.396+0800: 18.996: [PhantomReference, 0 refs, 0.0000037 secs]2024-07-26T01:31:27.396+0800: 18.996: [JNI Weak Reference, 0.0000045 secs]
Desired survivor size 10715136 bytes, new threshold 1 (max 1)
- age   1:   20971840 bytes,   20971840 total
: 187673K->20480K(188736K), 0.0163858 secs] 635212K->536628K(1027648K), 0.0164264 secs] [Times: user=0.05 sys=0.02, real=0.02 secs] 
Heap after GC invocations=754 (full 65):
 par new generation   total 188736K, used 20480K [0x00000000c0000000, 0x00000000cccc0000, 0x00000000cccc0000)
  eden space 167808K,   0% used [0x00000000c0000000, 0x00000000c0000000, 0x00000000ca3e0000)
  from space 20928K,  97% used [0x00000000ca3e0000, 0x00000000cb7e0140, 0x00000000cb850000)
  to   space 20928K,   0% used [0x00000000cb850000, 0x00000000cb850000, 0x00000000cccc0000)
 concurrent mark-sweep generation total 838912K, used 516148K [0x00000000cccc0000, 0x0000000100000000, 0x0000000100000000)
 Metaspace       used 3935K, capacity 4540K, committed 4864K, reserved 1056768K
  class space    used 425K, capacity 428K, committed 512K, reserved 1048576K
}
2024-07-26T01:31:27.396+0800: 18.996: Total time for which application threads were stopped: 0.0165509 seconds, Stopping threads took: 0.0000241 seconds
{Heap before GC invocations=754 (full 65):
 par new generation   total 188736K, used 187673K [0x00000000c0000000, 0x00000000cccc0000, 0x00000000cccc0000)
  eden space 167808K,  99% used [0x00000000c0000000, 0x00000000ca346440, 0x00000000ca3e0000)
  from space 20928K,  97% used [0x00000000ca3e0000, 0x00000000cb7e0140, 0x00000000cb850000)
  to   space 20928K,   0% used [0x00000000cb850000, 0x00000000cb850000, 0x00000000cccc0000)
 concurrent mark-sweep generation total 838912K, used 516148K [0x00000000cccc0000, 0x0000000100000000, 0x0000000100000000)
 Metaspace       used 3935K, capacity 4540K, committed 4864K, reserved 1056768K
  class space    used 425K, capacity 428K, committed 512K, reserved 1048576K
2024-07-26T01:31:27.412+0800: 19.011: [GC (Allocation Failure) 2024-07-26T01:31:27.412+0800: 19.011: [ParNew2024-07-26T01:31:27.422+0800: 19.021: [SoftReference, 0 refs, 0.0000338 secs]2024-07-26T01:31:27.422+0800: 19.021: [WeakReference, 0 refs, 0.0000043 secs]2024-07-26T01:31:27.422+0800: 19.021: [FinalReference, 0 refs, 0.0000054 secs]2024-07-26T01:31:27.422+0800: 19.021: [PhantomReference, 0 refs, 0.0000038 secs]2024-07-26T01:31:27.422+0800: 19.021: [JNI Weak Reference, 0.0000043 secs]
Desired survivor size 10715136 bytes, new threshold 1 (max 1)
- age   1:   20971840 bytes,   20971840 total
: 187673K->20480K(188736K), 0.0096685 secs] 703821K->565301K(1027648K), 0.0097186 secs] [Times: user=0.06 sys=0.02, real=0.01 secs] 
Heap after GC invocations=755 (full 65):
 par new generation   total 188736K, used 20480K [0x00000000c0000000, 0x00000000cccc0000, 0x00000000cccc0000)
  eden space 167808K,   0% used [0x00000000c0000000, 0x00000000c0000000, 0x00000000ca3e0000)
  from space 20928K,  97% used [0x00000000cb850000, 0x00000000ccc50140, 0x00000000cccc0000)
  to   space 20928K,   0% used [0x00000000ca3e0000, 0x00000000ca3e0000, 0x00000000cb850000)
 concurrent mark-sweep generation total 838912K, used 544820K [0x00000000cccc0000, 0x0000000100000000, 0x0000000100000000)
 Metaspace       used 3935K, capacity 4540K, committed 4864K, reserved 1056768K
  class space    used 425K, capacity 428K, committed 512K, reserved 1048576K
}
2024-07-26T01:31:27.422+0800: 19.021: Total time for which application threads were stopped: 0.0098374 seconds, Stopping threads took: 0.0000267 seconds
{Heap before GC invocations=755 (full 65):
 par new generation   total 188736K, used 187673K [0x00000000c0000000, 0x00000000cccc0000, 0x00000000cccc0000)
  eden space 167808K,  99% used [0x00000000c0000000, 0x00000000ca346440, 0x00000000ca3e0000)
  from space 20928K,  97% used [0x00000000cb850000, 0x00000000ccc50140, 0x00000000cccc0000)
  to   space 20928K,   0% used [0x00000000ca3e0000, 0x00000000ca3e0000, 0x00000000cb850000)
 concurrent mark-sweep generation total 838912K, used 544820K [0x00000000cccc0000, 0x0000000100000000, 0x0000000100000000)
 Metaspace       used 3935K, capacity 4540K, committed 4864K, reserved 1056768K
  class space    used 425K, capacity 428K, committed 512K, reserved 1048576K
2024-07-26T01:31:27.436+0800: 19.035: [GC (Allocation Failure) 2024-07-26T01:31:27.436+0800: 19.035: [ParNew2024-07-26T01:31:27.438+0800: 19.037: [SoftReference, 0 refs, 0.0000255 secs]2024-07-26T01:31:27.438+0800: 19.038: [WeakReference, 0 refs, 0.0000045 secs]2024-07-26T01:31:27.438+0800: 19.038: [FinalReference, 0 refs, 0.0000041 secs]2024-07-26T01:31:27.438+0800: 19.038: [PhantomReference, 0 refs, 0.0000042 secs]2024-07-26T01:31:27.438+0800: 19.038: [JNI Weak Reference, 0.0000046 secs]
Desired survivor size 10715136 bytes, new threshold 1 (max 1)
- age   1:    9437328 bytes,    9437328 total
: 187673K->9216K(188736K), 0.0023636 secs] 732494K->554036K(1027648K), 0.0024088 secs] [Times: user=0.00 sys=0.00, real=0.00 secs] 
Heap after GC invocations=756 (full 65):
 par new generation   total 188736K, used 9216K [0x00000000c0000000, 0x00000000cccc0000, 0x00000000cccc0000)
  eden space 167808K,   0% used [0x00000000c0000000, 0x00000000c0000000, 0x00000000ca3e0000)
  from space 20928K,  44% used [0x00000000ca3e0000, 0x00000000cace0090, 0x00000000cb850000)
  to   space 20928K,   0% used [0x00000000cb850000, 0x00000000cb850000, 0x00000000cccc0000)
 concurrent mark-sweep generation total 838912K, used 544820K [0x00000000cccc0000, 0x0000000100000000, 0x0000000100000000)
 Metaspace       used 3935K, capacity 4540K, committed 4864K, reserved 1056768K
  class space    used 425K, capacity 428K, committed 512K, reserved 1048576K
}
2024-07-26T01:31:27.438+0800: 19.038: Total time for which application threads were stopped: 0.0025383 seconds, Stopping threads took: 0.0000255 seconds
{Heap before GC invocations=756 (full 65):
 par new generation   total 188736K, used 176409K [0x00000000c0000000, 0x00000000cccc0000, 0x00000000cccc0000)
  eden space 167808K,  99% used [0x00000000c0000000, 0x00000000ca346440, 0x00000000ca3e0000)
  from space 20928K,  44% used [0x00000000ca3e0000, 0x00000000cace0090, 0x00000000cb850000)
  to   space 20928K,   0% used [0x00000000cb850000, 0x00000000cb850000, 0x00000000cccc0000)
 concurrent mark-sweep generation total 838912K, used 544820K [0x00000000cccc0000, 0x0000000100000000, 0x0000000100000000)
 Metaspace       used 3935K, capacity 4540K, committed 4864K, reserved 1056768K
  class space    used 425K, capacity 428K, committed 512K, reserved 1048576K
2024-07-26T01:31:27.453+0800: 19.052: [GC (Allocation Failure) 2024-07-26T01:31:27.453+0800: 19.052: [ParNew2024-07-26T01:31:27.465+0800: 19.064: [SoftReference, 0 refs, 0.0000353 secs]2024-07-26T01:31:27.465+0800: 19.064: [WeakReference, 0 refs, 0.0000051 secs]2024-07-26T01:31:27.465+0800: 19.064: [FinalReference, 0 refs, 0.0000046 secs]2024-07-26T01:31:27.465+0800: 19.064: [PhantomReference, 0 refs, 0.0000043 secs]2024-07-26T01:31:27.465+0800: 19.064: [JNI Weak Reference, 0.0000048 secs]
Desired survivor size 10715136 bytes, new threshold 1 (max 1)
- age   1:   20971840 bytes,   20971840 total
: 176409K->20480K(188736K), 0.0119092 secs] 721229K->617525K(1027648K), 0.0119505 secs] [Times: user=0.00 sys=0.00, real=0.01 secs] 
Heap after GC invocations=757 (full 65):
 par new generation   total 188736K, used 20480K [0x00000000c0000000, 0x00000000cccc0000, 0x00000000cccc0000)
  eden space 167808K,   0% used [0x00000000c0000000, 0x00000000c0000000, 0x00000000ca3e0000)
  from space 20928K,  97% used [0x00000000cb850000, 0x00000000ccc50140, 0x00000000cccc0000)
  to   space 20928K,   0% used [0x00000000ca3e0000, 0x00000000ca3e0000, 0x00000000cb850000)
 concurrent mark-sweep generation total 838912K, used 597045K [0x00000000cccc0000, 0x0000000100000000, 0x0000000100000000)
 Metaspace       used 3935K, capacity 4540K, committed 4864K, reserved 1056768K
  class space    used 425K, capacity 428K, committed 512K, reserved 1048576K
}
2024-07-26T01:31:27.465+0800: 19.064: Total time for which application threads were stopped: 0.0120690 seconds, Stopping threads took: 0.0000216 seconds
{Heap before GC invocations=757 (full 65):
 par new generation   total 188736K, used 187673K [0x00000000c0000000, 0x00000000cccc0000, 0x00000000cccc0000)
  eden space 167808K,  99% used [0x00000000c0000000, 0x00000000ca346440, 0x00000000ca3e0000)
  from space 20928K,  97% used [0x00000000cb850000, 0x00000000ccc50140, 0x00000000cccc0000)
  to   space 20928K,   0% used [0x00000000ca3e0000, 0x00000000ca3e0000, 0x00000000cb850000)
 concurrent mark-sweep generation total 838912K, used 597045K [0x00000000cccc0000, 0x0000000100000000, 0x0000000100000000)
 Metaspace       used 3935K, capacity 4540K, committed 4864K, reserved 1056768K
  class space    used 425K, capacity 428K, committed 512K, reserved 1048576K
2024-07-26T01:31:27.479+0800: 19.078: [GC (Allocation Failure) 2024-07-26T01:31:27.479+0800: 19.078: [ParNew2024-07-26T01:31:27.483+0800: 19.083: [SoftReference, 0 refs, 0.0000310 secs]2024-07-26T01:31:27.483+0800: 19.083: [WeakReference, 0 refs, 0.0000045 secs]2024-07-26T01:31:27.483+0800: 19.083: [FinalReference, 0 refs, 0.0000037 secs]2024-07-26T01:31:27.483+0800: 19.083: [PhantomReference, 0 refs, 0.0000039 secs]2024-07-26T01:31:27.483+0800: 19.083: [JNI Weak Reference, 0.0000042 secs]
Desired survivor size 10715136 bytes, new threshold 1 (max 1)
- age   1:   20971840 bytes,   20971840 total
: 187673K->20480K(188736K), 0.0056982 secs] 784718K->629814K(1027648K), 0.0057795 secs] [Times: user=0.02 sys=0.00, real=0.00 secs] 
Heap after GC invocations=758 (full 65):
 par new generation   total 188736K, used 20480K [0x00000000c0000000, 0x00000000cccc0000, 0x00000000cccc0000)
  eden space 167808K,   0% used [0x00000000c0000000, 0x00000000c0000000, 0x00000000ca3e0000)
  from space 20928K,  97% used [0x00000000ca3e0000, 0x00000000cb7e0140, 0x00000000cb850000)
  to   space 20928K,   0% used [0x00000000cb850000, 0x00000000cb850000, 0x00000000cccc0000)
 concurrent mark-sweep generation total 838912K, used 609333K [0x00000000cccc0000, 0x0000000100000000, 0x0000000100000000)
 Metaspace       used 3935K, capacity 4540K, committed 4864K, reserved 1056768K
  class space    used 425K, capacity 428K, committed 512K, reserved 1048576K
}
2024-07-26T01:31:27.483+0800: 19.083: Total time for which application threads were stopped: 0.0058942 seconds, Stopping threads took: 0.0000214 seconds
{Heap before GC invocations=758 (full 65):
 par new generation   total 188736K, used 187673K [0x00000000c0000000, 0x00000000cccc0000, 0x00000000cccc0000)
  eden space 167808K,  99% used [0x00000000c0000000, 0x00000000ca346440, 0x00000000ca3e0000)
  from space 20928K,  97% used [0x00000000ca3e0000, 0x00000000cb7e0140, 0x00000000cb850000)
  to   space 20928K,   0% used [0x00000000cb850000, 0x00000000cb850000, 0x00000000cccc0000)
 concurrent mark-sweep generation total 838912K, used 609333K [0x00000000cccc0000, 0x0000000100000000, 0x0000000100000000)
 Metaspace       used 3935K, capacity 4540K, committed 4864K, reserved 1056768K
  class space    used 425K, capacity 428K, committed 512K, reserved 1048576K
2024-07-26T01:31:27.498+0800: 19.097: [GC (Allocation Failure) 2024-07-26T01:31:27.498+0800: 19.097: [ParNew2024-07-26T01:31:27.513+0800: 19.113: [SoftReference, 0 refs, 0.0000297 secs]2024-07-26T01:31:27.513+0800: 19.113: [WeakReference, 0 refs, 0.0000040 secs]2024-07-26T01:31:27.513+0800: 19.113: [FinalReference, 0 refs, 0.0000038 secs]2024-07-26T01:31:27.513+0800: 19.113: [PhantomReference, 0 refs, 0.0000038 secs]2024-07-26T01:31:27.513+0800: 19.113: [JNI Weak Reference, 0.0000043 secs]
Desired survivor size 10715136 bytes, new threshold 1 (max 1)
- age   1:   20971840 bytes,   20971840 total
: 187673K->20480K(188736K), 0.0156034 secs] 797007K->705591K(1027648K), 0.0156370 secs] [Times: user=0.11 sys=0.00, real=0.02 secs] 
Heap after GC invocations=759 (full 65):
 par new generation   total 188736K, used 20480K [0x00000000c0000000, 0x00000000cccc0000, 0x00000000cccc0000)
  eden space 167808K,   0% used [0x00000000c0000000, 0x00000000c0000000, 0x00000000ca3e0000)
  from space 20928K,  97% used [0x00000000cb850000, 0x00000000ccc50140, 0x00000000cccc0000)
  to   space 20928K,   0% used [0x00000000ca3e0000, 0x00000000ca3e0000, 0x00000000cb850000)
 concurrent mark-sweep generation total 838912K, used 685110K [0x00000000cccc0000, 0x0000000100000000, 0x0000000100000000)
 Metaspace       used 3935K, capacity 4540K, committed 4864K, reserved 1056768K
  class space    used 425K, capacity 428K, committed 512K, reserved 1048576K
}
2024-07-26T01:31:27.513+0800: 19.113: Total time for which application threads were stopped: 0.0157525 seconds, Stopping threads took: 0.0000248 seconds
{Heap before GC invocations=759 (full 65):
 par new generation   total 188736K, used 187673K [0x00000000c0000000, 0x00000000cccc0000, 0x00000000cccc0000)
  eden space 167808K,  99% used [0x00000000c0000000, 0x00000000ca346440, 0x00000000ca3e0000)
  from space 20928K,  97% used [0x00000000cb850000, 0x00000000ccc50140, 0x00000000cccc0000)
  to   space 20928K,   0% used [0x00000000ca3e0000, 0x00000000ca3e0000, 0x00000000cb850000)
 concurrent mark-sweep generation total 838912K, used 685110K [0x00000000cccc0000, 0x0000000100000000, 0x0000000100000000)
 Metaspace       used 3935K, capacity 4540K, committed 4864K, reserved 1056768K
  class space    used 425K, capacity 428K, committed 512K, reserved 1048576K
2024-07-26T01:31:27.527+0800: 19.127: [GC (Allocation Failure) 2024-07-26T01:31:27.527+0800: 19.127: [ParNew2024-07-26T01:31:27.536+0800: 19.135: [SoftReference, 0 refs, 0.0000340 secs]2024-07-26T01:31:27.536+0800: 19.135: [WeakReference, 0 refs, 0.0000045 secs]2024-07-26T01:31:27.536+0800: 19.135: [FinalReference, 0 refs, 0.0000039 secs]2024-07-26T01:31:27.536+0800: 19.135: [PhantomReference, 0 refs, 0.0000038 secs]2024-07-26T01:31:27.536+0800: 19.135: [JNI Weak Reference, 0.0000044 secs]
Desired survivor size 10715136 bytes, new threshold 1 (max 1)
- age   1:   20971840 bytes,   20971840 total
: 187673K->20480K(188736K), 0.0081658 secs] 872784K->741431K(1027648K), 0.0082113 secs] [Times: user=0.00 sys=0.00, real=0.01 secs] 
Heap after GC invocations=760 (full 65):
 par new generation   total 188736K, used 20480K [0x00000000c0000000, 0x00000000cccc0000, 0x00000000cccc0000)
  eden space 167808K,   0% used [0x00000000c0000000, 0x00000000c0000000, 0x00000000ca3e0000)
  from space 20928K,  97% used [0x00000000ca3e0000, 0x00000000cb7e0140, 0x00000000cb850000)
  to   space 20928K,   0% used [0x00000000cb850000, 0x00000000cb850000, 0x00000000cccc0000)
 concurrent mark-sweep generation total 838912K, used 720951K [0x00000000cccc0000, 0x0000000100000000, 0x0000000100000000)
 Metaspace       used 3935K, capacity 4540K, committed 4864K, reserved 1056768K
  class space    used 425K, capacity 428K, committed 512K, reserved 1048576K
}
2024-07-26T01:31:27.536+0800: 19.135: Total time for which application threads were stopped: 0.0083281 seconds, Stopping threads took: 0.0000222 seconds
{Heap before GC invocations=760 (full 65):
 par new generation   total 188736K, used 187673K [0x00000000c0000000, 0x00000000cccc0000, 0x00000000cccc0000)
  eden space 167808K,  99% used [0x00000000c0000000, 0x00000000ca346440, 0x00000000ca3e0000)
  from space 20928K,  97% used [0x00000000ca3e0000, 0x00000000cb7e0140, 0x00000000cb850000)
  to   space 20928K,   0% used [0x00000000cb850000, 0x00000000cb850000, 0x00000000cccc0000)
 concurrent mark-sweep generation total 838912K, used 720951K [0x00000000cccc0000, 0x0000000100000000, 0x0000000100000000)
 Metaspace       used 3935K, capacity 4540K, committed 4864K, reserved 1056768K
  class space    used 425K, capacity 428K, committed 512K, reserved 1048576K
2024-07-26T01:31:27.550+0800: 19.149: [GC (Allocation Failure) 2024-07-26T01:31:27.550+0800: 19.149: [ParNew2024-07-26T01:31:27.553+0800: 19.152: [SoftReference, 0 refs, 0.0000384 secs]2024-07-26T01:31:27.553+0800: 19.152: [WeakReference, 0 refs, 0.0000046 secs]2024-07-26T01:31:27.553+0800: 19.152: [FinalReference, 0 refs, 0.0000040 secs]2024-07-26T01:31:27.553+0800: 19.152: [PhantomReference, 0 refs, 0.0000037 secs]2024-07-26T01:31:27.553+0800: 19.152: [JNI Weak Reference, 0.0000045 secs]
Desired survivor size 10715136 bytes, new threshold 1 (max 1)
- age   1:   16777472 bytes,   16777472 total
: 187673K->16384K(188736K), 0.0034047 secs] 908624K->737335K(1027648K), 0.0034428 secs] [Times: user=0.00 sys=0.00, real=0.00 secs] 
Heap after GC invocations=761 (full 65):
 par new generation   total 188736K, used 16384K [0x00000000c0000000, 0x00000000cccc0000, 0x00000000cccc0000)
  eden space 167808K,   0% used [0x00000000c0000000, 0x00000000c0000000, 0x00000000ca3e0000)
  from space 20928K,  78% used [0x00000000cb850000, 0x00000000cc850100, 0x00000000cccc0000)
  to   space 20928K,   0% used [0x00000000ca3e0000, 0x00000000ca3e0000, 0x00000000cb850000)
 concurrent mark-sweep generation total 838912K, used 720951K [0x00000000cccc0000, 0x0000000100000000, 0x0000000100000000)
 Metaspace       used 3935K, capacity 4540K, committed 4864K, reserved 1056768K
  class space    used 425K, capacity 428K, committed 512K, reserved 1048576K
}
2024-07-26T01:31:27.553+0800: 19.152: Total time for which application threads were stopped: 0.0035548 seconds, Stopping threads took: 0.0000220 seconds
{Heap before GC invocations=761 (full 65):
 par new generation   total 188736K, used 183577K [0x00000000c0000000, 0x00000000cccc0000, 0x00000000cccc0000)
  eden space 167808K,  99% used [0x00000000c0000000, 0x00000000ca346440, 0x00000000ca3e0000)
  from space 20928K,  78% used [0x00000000cb850000, 0x00000000cc850100, 0x00000000cccc0000)
  to   space 20928K,   0% used [0x00000000ca3e0000, 0x00000000ca3e0000, 0x00000000cb850000)
 concurrent mark-sweep generation total 838912K, used 720951K [0x00000000cccc0000, 0x0000000100000000, 0x0000000100000000)
 Metaspace       used 3935K, capacity 4540K, committed 4864K, reserved 1056768K
  class space    used 425K, capacity 428K, committed 512K, reserved 1048576K
2024-07-26T01:31:27.567+0800: 19.167: [GC (Allocation Failure) 2024-07-26T01:31:27.567+0800: 19.167: [ParNew2024-07-26T01:31:27.581+0800: 19.180: [SoftReference, 0 refs, 0.0000378 secs]2024-07-26T01:31:27.581+0800: 19.180: [WeakReference, 0 refs, 0.0000045 secs]2024-07-26T01:31:27.581+0800: 19.180: [FinalReference, 0 refs, 0.0000039 secs]2024-07-26T01:31:27.581+0800: 19.180: [PhantomReference, 0 refs, 0.0000039 secs]2024-07-26T01:31:27.581+0800: 19.180: [JNI Weak Reference, 0.0000043 secs]
Desired survivor size 10715136 bytes, new threshold 1 (max 1)
- age   1:   20971840 bytes,   20971840 total
: 183577K->20480K(188736K), 0.0132924 secs] 904528K->800824K(1027648K), 0.0133372 secs] [Times: user=0.08 sys=0.00, real=0.01 secs] 
Heap after GC invocations=762 (full 65):
 par new generation   total 188736K, used 20480K [0x00000000c0000000, 0x00000000cccc0000, 0x00000000cccc0000)
  eden space 167808K,   0% used [0x00000000c0000000, 0x00000000c0000000, 0x00000000ca3e0000)
  from space 20928K,  97% used [0x00000000ca3e0000, 0x00000000cb7e0140, 0x00000000cb850000)
  to   space 20928K,   0% used [0x00000000cb850000, 0x00000000cb850000, 0x00000000cccc0000)
 concurrent mark-sweep generation total 838912K, used 780344K [0x00000000cccc0000, 0x0000000100000000, 0x0000000100000000)
 Metaspace       used 3935K, capacity 4540K, committed 4864K, reserved 1056768K
  class space    used 425K, capacity 428K, committed 512K, reserved 1048576K
}
2024-07-26T01:31:27.581+0800: 19.180: Total time for which application threads were stopped: 0.0134597 seconds, Stopping threads took: 0.0000262 seconds
{Heap before GC invocations=762 (full 65):
 par new generation   total 188736K, used 187673K [0x00000000c0000000, 0x00000000cccc0000, 0x00000000cccc0000)
  eden space 167808K,  99% used [0x00000000c0000000, 0x00000000ca346440, 0x00000000ca3e0000)
  from space 20928K,  97% used [0x00000000ca3e0000, 0x00000000cb7e0140, 0x00000000cb850000)
  to   space 20928K,   0% used [0x00000000cb850000, 0x00000000cb850000, 0x00000000cccc0000)
 concurrent mark-sweep generation total 838912K, used 780344K [0x00000000cccc0000, 0x0000000100000000, 0x0000000100000000)
 Metaspace       used 3935K, capacity 4540K, committed 4864K, reserved 1056768K
  class space    used 425K, capacity 428K, committed 512K, reserved 1048576K
2024-07-26T01:31:27.595+0800: 19.194: [GC (Allocation Failure) 2024-07-26T01:31:27.595+0800: 19.194: [ParNew: 187673K->187673K(188736K), 0.0000141 secs]2024-07-26T01:31:27.595+0800: 19.194: [CMS2024-07-26T01:31:27.595+0800: 19.194: [CMS-concurrent-abortable-preclean: 0.008/0.308 secs] [Times: user=0.34 sys=0.03, real=0.31 secs] 
 (concurrent mode failure)2024-07-26T01:31:27.595+0800: 19.195: [SoftReference, 0 refs, 0.0000092 secs]2024-07-26T01:31:27.595+0800: 19.195: [WeakReference, 2 refs, 0.0000038 secs]2024-07-26T01:31:27.595+0800: 19.195: [FinalReference, 2 refs, 0.0000033 secs]2024-07-26T01:31:27.595+0800: 19.195: [PhantomReference, 0 refs, 0.0000032 secs]2024-07-26T01:31:27.595+0800: 19.195: [JNI Weak Reference, 0.0000036 secs]: 780344K->40992K(838912K), 0.0079247 secs] 968017K->40992K(1027648K), [Metaspace: 3935K->3935K(1056768K)], 0.0080082 secs] [Times: user=0.00 sys=0.00, real=0.01 secs] 
Heap after GC invocations=763 (full 66):
 par new generation   total 188736K, used 0K [0x00000000c0000000, 0x00000000cccc0000, 0x00000000cccc0000)
  eden space 167808K,   0% used [0x00000000c0000000, 0x00000000c0000000, 0x00000000ca3e0000)
  from space 20928K,   0% used [0x00000000ca3e0000, 0x00000000ca3e0000, 0x00000000cb850000)
  to   space 20928K,   0% used [0x00000000cb850000, 0x00000000cb850000, 0x00000000cccc0000)
 concurrent mark-sweep generation total 838912K, used 40992K [0x00000000cccc0000, 0x0000000100000000, 0x0000000100000000)
 Metaspace       used 3935K, capacity 4540K, committed 4864K, reserved 1056768K
  class space    used 425K, capacity 428K, committed 512K, reserved 1048576K
}
2024-07-26T01:31:27.603+0800: 19.202: Total time for which application threads were stopped: 0.0081245 seconds, Stopping threads took: 0.0000220 seconds
{Heap before GC invocations=763 (full 66):
 par new generation   total 188736K, used 167193K [0x00000000c0000000, 0x00000000cccc0000, 0x00000000cccc0000)
  eden space 167808K,  99% used [0x00000000c0000000, 0x00000000ca346440, 0x00000000ca3e0000)
  from space 20928K,   0% used [0x00000000ca3e0000, 0x00000000ca3e0000, 0x00000000cb850000)
  to   space 20928K,   0% used [0x00000000cb850000, 0x00000000cb850000, 0x00000000cccc0000)
 concurrent mark-sweep generation total 838912K, used 40992K [0x00000000cccc0000, 0x0000000100000000, 0x0000000100000000)
 Metaspace       used 3935K, capacity 4540K, committed 4864K, reserved 1056768K
  class space    used 425K, capacity 428K, committed 512K, reserved 1048576K
2024-07-26T01:31:27.617+0800: 19.217: [GC (Allocation Failure) 2024-07-26T01:31:27.617+0800: 19.217: [ParNew2024-07-26T01:31:27.618+0800: 19.218: [SoftReference, 0 refs, 0.0000373 secs]2024-07-26T01:31:27.618+0800: 19.218: [WeakReference, 0 refs, 0.0000088 secs]2024-07-26T01:31:27.618+0800: 19.218: [FinalReference, 0 refs, 0.0000044 secs]2024-07-26T01:31:27.619+0800: 19.218: [PhantomReference, 0 refs, 0.0000046 secs]2024-07-26T01:31:27.619+0800: 19.218: [JNI Weak Reference, 0.0000053 secs]
Desired survivor size 10715136 bytes, new threshold 1 (max 1)
: 167193K->0K(188736K), 0.0011965 secs] 208185K->40992K(1027648K), 0.0012361 secs] [Times: user=0.00 sys=0.00, real=0.00 secs] 
Heap after GC invocations=764 (full 66):
 par new generation   total 188736K, used 0K [0x00000000c0000000, 0x00000000cccc0000, 0x00000000cccc0000)
  eden space 167808K,   0% used [0x00000000c0000000, 0x00000000c0000000, 0x00000000ca3e0000)
  from space 20928K,   0% used [0x00000000cb850000, 0x00000000cb850000, 0x00000000cccc0000)
  to   space 20928K,   0% used [0x00000000ca3e0000, 0x00000000ca3e0000, 0x00000000cb850000)
 concurrent mark-sweep generation total 838912K, used 40992K [0x00000000cccc0000, 0x0000000100000000, 0x0000000100000000)
 Metaspace       used 3935K, capacity 4540K, committed 4864K, reserved 1056768K
  class space    used 425K, capacity 428K, committed 512K, reserved 1048576K
}
2024-07-26T01:31:27.619+0800: 19.218: Total time for which application threads were stopped: 0.0013593 seconds, Stopping threads took: 0.0000252 seconds
{Heap before GC invocations=764 (full 66):
 par new generation   total 188736K, used 167193K [0x00000000c0000000, 0x00000000cccc0000, 0x00000000cccc0000)
  eden space 167808K,  99% used [0x00000000c0000000, 0x00000000ca346440, 0x00000000ca3e0000)
  from space 20928K,   0% used [0x00000000cb850000, 0x00000000cb850000, 0x00000000cccc0000)
  to   space 20928K,   0% used [0x00000000ca3e0000, 0x00000000ca3e0000, 0x00000000cb850000)
 concurrent mark-sweep generation total 838912K, used 40992K [0x00000000cccc0000, 0x0000000100000000, 0x0000000100000000)
 Metaspace       used 3935K, capacity 4540K, committed 4864K, reserved 1056768K
  class space    used 425K, capacity 428K, committed 512K, reserved 1048576K
2024-07-26T01:31:27.633+0800: 19.232: [GC (Allocation Failure) 2024-07-26T01:31:27.633+0800: 19.232: [ParNew2024-07-26T01:31:27.645+0800: 19.244: [SoftReference, 0 refs, 0.0000404 secs]2024-07-26T01:31:27.645+0800: 19.244: [WeakReference, 0 refs, 0.0000046 secs]2024-07-26T01:31:27.645+0800: 19.244: [FinalReference, 0 refs, 0.0000038 secs]2024-07-26T01:31:27.645+0800: 19.244: [PhantomReference, 0 refs, 0.0000037 secs]2024-07-26T01:31:27.645+0800: 19.244: [JNI Weak Reference, 0.0000045 secs]
Desired survivor size 10715136 bytes, new threshold 1 (max 1)
- age   1:   20971840 bytes,   20971840 total
: 167193K->20480K(188736K), 0.0118537 secs] 208185K->104483K(1027648K), 0.0118971 secs] [Times: user=0.05 sys=0.02, real=0.01 secs] 
Heap after GC invocations=765 (full 66):
 par new generation   total 188736K, used 20480K [0x00000000c0000000, 0x00000000cccc0000, 0x00000000cccc0000)
  eden space 167808K,   0% used [0x00000000c0000000, 0x00000000c0000000, 0x00000000ca3e0000)
  from space 20928K,  97% used [0x00000000ca3e0000, 0x00000000cb7e0140, 0x00000000cb850000)
  to   space 20928K,   0% used [0x00000000cb850000, 0x00000000cb850000, 0x00000000cccc0000)
 concurrent mark-sweep generation total 838912K, used 84003K [0x00000000cccc0000, 0x0000000100000000, 0x0000000100000000)
 Metaspace       used 3935K, capacity 4540K, committed 4864K, reserved 1056768K
  class space    used 425K, capacity 428K, committed 512K, reserved 1048576K
}
2024-07-26T01:31:27.645+0800: 19.244: Total time for which application threads were stopped: 0.0120198 seconds, Stopping threads took: 0.0000266 seconds
{Heap before GC invocations=765 (full 66):
 par new generation   total 188736K, used 187673K [0x00000000c0000000, 0x00000000cccc0000, 0x00000000cccc0000)
  eden space 167808K,  99% used [0x00000000c0000000, 0x00000000ca346440, 0x00000000ca3e0000)
  from space 20928K,  97% used [0x00000000ca3e0000, 0x00000000cb7e0140, 0x00000000cb850000)
  to   space 20928K,   0% used [0x00000000cb850000, 0x00000000cb850000, 0x00000000cccc0000)
 concurrent mark-sweep generation total 838912K, used 84003K [0x00000000cccc0000, 0x0000000100000000, 0x0000000100000000)
 Metaspace       used 3935K, capacity 4540K, committed 4864K, reserved 1056768K
  class space    used 425K, capacity 428K, committed 512K, reserved 1048576K
2024-07-26T01:31:27.659+0800: 19.259: [GC (Allocation Failure) 2024-07-26T01:31:27.659+0800: 19.259: [ParNew2024-07-26T01:31:27.663+0800: 19.262: [SoftReference, 0 refs, 0.0000264 secs]2024-07-26T01:31:27.663+0800: 19.262: [WeakReference, 0 refs, 0.0000040 secs]2024-07-26T01:31:27.663+0800: 19.262: [FinalReference, 0 refs, 0.0000038 secs]2024-07-26T01:31:27.663+0800: 19.262: [PhantomReference, 0 refs, 0.0000036 secs]2024-07-26T01:31:27.663+0800: 19.262: [JNI Weak Reference, 0.0000046 secs]
Desired survivor size 10715136 bytes, new threshold 1 (max 1)
- age   1:   20971840 bytes,   20971840 total
: 187673K->20480K(188736K), 0.0038783 secs] 271676K->107557K(1027648K), 0.0039206 secs] [Times: user=0.00 sys=0.00, real=0.00 secs] 
Heap after GC invocations=766 (full 66):
 par new generation   total 188736K, used 20480K [0x00000000c0000000, 0x00000000cccc0000, 0x00000000cccc0000)
  eden space 167808K,   0% used [0x00000000c0000000, 0x00000000c0000000, 0x00000000ca3e0000)
  from space 20928K,  97% used [0x00000000cb850000, 0x00000000ccc50140, 0x00000000cccc0000)
  to   space 20928K,   0% used [0x00000000ca3e0000, 0x00000000ca3e0000, 0x00000000cb850000)
 concurrent mark-sweep generation total 838912K, used 87077K [0x00000000cccc0000, 0x0000000100000000, 0x0000000100000000)
 Metaspace       used 3935K, capacity 4540K, committed 4864K, reserved 1056768K
  class space    used 425K, capacity 428K, committed 512K, reserved 1048576K
}
2024-07-26T01:31:27.663+0800: 19.263: Total time for which application threads were stopped: 0.0040429 seconds, Stopping threads took: 0.0000255 seconds
{Heap before GC invocations=766 (full 66):
 par new generation   total 188736K, used 187673K [0x00000000c0000000, 0x00000000cccc0000, 0x00000000cccc0000)
  eden space 167808K,  99% used [0x00000000c0000000, 0x00000000ca346440, 0x00000000ca3e0000)
  from space 20928K,  97% used [0x00000000cb850000, 0x00000000ccc50140, 0x00000000cccc0000)
  to   space 20928K,   0% used [0x00000000ca3e0000, 0x00000000ca3e0000, 0x00000000cb850000)
 concurrent mark-sweep generation total 838912K, used 87077K [0x00000000cccc0000, 0x0000000100000000, 0x0000000100000000)
 Metaspace       used 3935K, capacity 4540K, committed 4864K, reserved 1056768K
  class space    used 425K, capacity 428K, committed 512K, reserved 1048576K
2024-07-26T01:31:27.677+0800: 19.277: [GC (Allocation Failure) 2024-07-26T01:31:27.677+0800: 19.277: [ParNew2024-07-26T01:31:27.690+0800: 19.290: [SoftReference, 0 refs, 0.0000321 secs]2024-07-26T01:31:27.690+0800: 19.290: [WeakReference, 0 refs, 0.0000042 secs]2024-07-26T01:31:27.690+0800: 19.290: [FinalReference, 0 refs, 0.0000037 secs]2024-07-26T01:31:27.690+0800: 19.290: [PhantomReference, 0 refs, 0.0000034 secs]2024-07-26T01:31:27.690+0800: 19.290: [JNI Weak Reference, 0.0000043 secs]
Desired survivor size 10715136 bytes, new threshold 1 (max 1)
- age   1:   20971840 bytes,   20971840 total
: 187673K->20480K(188736K), 0.0132978 secs] 274750K->174120K(1027648K), 0.0133976 secs] [Times: user=0.06 sys=0.00, real=0.01 secs] 
Heap after GC invocations=767 (full 66):
 par new generation   total 188736K, used 20480K [0x00000000c0000000, 0x00000000cccc0000, 0x00000000cccc0000)
  eden space 167808K,   0% used [0x00000000c0000000, 0x00000000c0000000, 0x00000000ca3e0000)
  from space 20928K,  97% used [0x00000000ca3e0000, 0x00000000cb7e0140, 0x00000000cb850000)
  to   space 20928K,   0% used [0x00000000cb850000, 0x00000000cb850000, 0x00000000cccc0000)
 concurrent mark-sweep generation total 838912K, used 153640K [0x00000000cccc0000, 0x0000000100000000, 0x0000000100000000)
 Metaspace       used 3935K, capacity 4540K, committed 4864K, reserved 1056768K
  class space    used 425K, capacity 428K, committed 512K, reserved 1048576K
}
2024-07-26T01:31:27.691+0800: 19.290: Total time for which application threads were stopped: 0.0135121 seconds, Stopping threads took: 0.0000236 seconds
{Heap before GC invocations=767 (full 66):
 par new generation   total 188736K, used 187673K [0x00000000c0000000, 0x00000000cccc0000, 0x00000000cccc0000)
  eden space 167808K,  99% used [0x00000000c0000000, 0x00000000ca346440, 0x00000000ca3e0000)
  from space 20928K,  97% used [0x00000000ca3e0000, 0x00000000cb7e0140, 0x00000000cb850000)
  to   space 20928K,   0% used [0x00000000cb850000, 0x00000000cb850000, 0x00000000cccc0000)
 concurrent mark-sweep generation total 838912K, used 153640K [0x00000000cccc0000, 0x0000000100000000, 0x0000000100000000)
 Metaspace       used 3935K, capacity 4540K, committed 4864K, reserved 1056768K
  class space    used 425K, capacity 428K, committed 512K, reserved 1048576K
2024-07-26T01:31:27.705+0800: 19.304: [GC (Allocation Failure) 2024-07-26T01:31:27.705+0800: 19.304: [ParNew2024-07-26T01:31:27.711+0800: 19.311: [SoftReference, 0 refs, 0.0000358 secs]2024-07-26T01:31:27.711+0800: 19.311: [WeakReference, 0 refs, 0.0000045 secs]2024-07-26T01:31:27.712+0800: 19.311: [FinalReference, 0 refs, 0.0000040 secs]2024-07-26T01:31:27.712+0800: 19.311: [PhantomReference, 0 refs, 0.0000037 secs]2024-07-26T01:31:27.712+0800: 19.311: [JNI Weak Reference, 0.0000046 secs]
Desired survivor size 10715136 bytes, new threshold 1 (max 1)
- age   1:   20971840 bytes,   20971840 total
: 187673K->20480K(188736K), 0.0071270 secs] 341314K->200745K(1027648K), 0.0071702 secs] [Times: user=0.00 sys=0.00, real=0.01 secs] 
Heap after GC invocations=768 (full 66):
 par new generation   total 188736K, used 20480K [0x00000000c0000000, 0x00000000cccc0000, 0x00000000cccc0000)
  eden space 167808K,   0% used [0x00000000c0000000, 0x00000000c0000000, 0x00000000ca3e0000)
  from space 20928K,  97% used [0x00000000cb850000, 0x00000000ccc50140, 0x00000000cccc0000)
  to   space 20928K,   0% used [0x00000000ca3e0000, 0x00000000ca3e0000, 0x00000000cb850000)
 concurrent mark-sweep generation total 838912K, used 180265K [0x00000000cccc0000, 0x0000000100000000, 0x0000000100000000)
 Metaspace       used 3935K, capacity 4540K, committed 4864K, reserved 1056768K
  class space    used 425K, capacity 428K, committed 512K, reserved 1048576K
}
2024-07-26T01:31:27.712+0800: 19.312: Total time for which application threads were stopped: 0.0073072 seconds, Stopping threads took: 0.0000223 seconds
{Heap before GC invocations=768 (full 66):
 par new generation   total 188736K, used 187673K [0x00000000c0000000, 0x00000000cccc0000, 0x00000000cccc0000)
  eden space 167808K,  99% used [0x00000000c0000000, 0x00000000ca346440, 0x00000000ca3e0000)
  from space 20928K,  97% used [0x00000000cb850000, 0x00000000ccc50140, 0x00000000cccc0000)
  to   space 20928K,   0% used [0x00000000ca3e0000, 0x00000000ca3e0000, 0x00000000cb850000)
 concurrent mark-sweep generation total 838912K, used 180265K [0x00000000cccc0000, 0x0000000100000000, 0x0000000100000000)
 Metaspace       used 3935K, capacity 4540K, committed 4864K, reserved 1056768K
  class space    used 425K, capacity 428K, committed 512K, reserved 1048576K
2024-07-26T01:31:27.726+0800: 19.325: [GC (Allocation Failure) 2024-07-26T01:31:27.726+0800: 19.325: [ParNew2024-07-26T01:31:27.728+0800: 19.328: [SoftReference, 0 refs, 0.0000326 secs]2024-07-26T01:31:27.728+0800: 19.328: [WeakReference, 0 refs, 0.0000044 secs]2024-07-26T01:31:27.728+0800: 19.328: [FinalReference, 0 refs, 0.0000039 secs]2024-07-26T01:31:27.728+0800: 19.328: [PhantomReference, 0 refs, 0.0000038 secs]2024-07-26T01:31:27.728+0800: 19.328: [JNI Weak Reference, 0.0000043 secs]
Desired survivor size 10715136 bytes, new threshold 1 (max 1)
- age   1:    7340144 bytes,    7340144 total
: 187673K->7168K(188736K), 0.0024106 secs] 367938K->187433K(1027648K), 0.0024466 secs] [Times: user=0.00 sys=0.00, real=0.00 secs] 
Heap after GC invocations=769 (full 66):
 par new generation   total 188736K, used 7168K [0x00000000c0000000, 0x00000000cccc0000, 0x00000000cccc0000)
  eden space 167808K,   0% used [0x00000000c0000000, 0x00000000c0000000, 0x00000000ca3e0000)
  from space 20928K,  34% used [0x00000000ca3e0000, 0x00000000caae0070, 0x00000000cb850000)
  to   space 20928K,   0% used [0x00000000cb850000, 0x00000000cb850000, 0x00000000cccc0000)
 concurrent mark-sweep generation total 838912K, used 180265K [0x00000000cccc0000, 0x0000000100000000, 0x0000000100000000)
 Metaspace       used 3935K, capacity 4540K, committed 4864K, reserved 1056768K
  class space    used 425K, capacity 428K, committed 512K, reserved 1048576K
}
2024-07-26T01:31:27.728+0800: 19.328: Total time for which application threads were stopped: 0.0025549 seconds, Stopping threads took: 0.0000209 seconds
{Heap before GC invocations=769 (full 66):
 par new generation   total 188736K, used 174361K [0x00000000c0000000, 0x00000000cccc0000, 0x00000000cccc0000)
  eden space 167808K,  99% used [0x00000000c0000000, 0x00000000ca346440, 0x00000000ca3e0000)
  from space 20928K,  34% used [0x00000000ca3e0000, 0x00000000caae0070, 0x00000000cb850000)
  to   space 20928K,   0% used [0x00000000cb850000, 0x00000000cb850000, 0x00000000cccc0000)
 concurrent mark-sweep generation total 838912K, used 180265K [0x00000000cccc0000, 0x0000000100000000, 0x0000000100000000)
 Metaspace       used 3935K, capacity 4540K, committed 4864K, reserved 1056768K
  class space    used 425K, capacity 428K, committed 512K, reserved 1048576K
2024-07-26T01:31:27.742+0800: 19.342: [GC (Allocation Failure) 2024-07-26T01:31:27.742+0800: 19.342: [ParNew2024-07-26T01:31:27.754+0800: 19.354: [SoftReference, 0 refs, 0.0000338 secs]2024-07-26T01:31:27.754+0800: 19.354: [WeakReference, 0 refs, 0.0000045 secs]2024-07-26T01:31:27.754+0800: 19.354: [FinalReference, 0 refs, 0.0000040 secs]2024-07-26T01:31:27.754+0800: 19.354: [PhantomReference, 0 refs, 0.0000037 secs]2024-07-26T01:31:27.754+0800: 19.354: [JNI Weak Reference, 0.0000045 secs]
Desired survivor size 10715136 bytes, new threshold 1 (max 1)
- age   1:   20971840 bytes,   20971840 total
: 174361K->20480K(188736K), 0.0117786 secs] 354626K->250924K(1027648K), 0.0118161 secs] [Times: user=0.05 sys=0.00, real=0.01 secs] 
Heap after GC invocations=770 (full 66):
 par new generation   total 188736K, used 20480K [0x00000000c0000000, 0x00000000cccc0000, 0x00000000cccc0000)
  eden space 167808K,   0% used [0x00000000c0000000, 0x00000000c0000000, 0x00000000ca3e0000)
  from space 20928K,  97% used [0x00000000cb850000, 0x00000000ccc50140, 0x00000000cccc0000)
  to   space 20928K,   0% used [0x00000000ca3e0000, 0x00000000ca3e0000, 0x00000000cb850000)
 concurrent mark-sweep generation total 838912K, used 230443K [0x00000000cccc0000, 0x0000000100000000, 0x0000000100000000)
 Metaspace       used 3935K, capacity 4540K, committed 4864K, reserved 1056768K
  class space    used 425K, capacity 428K, committed 512K, reserved 1048576K
}
2024-07-26T01:31:27.754+0800: 19.354: Total time for which application threads were stopped: 0.0119300 seconds, Stopping threads took: 0.0000199 seconds
{Heap before GC invocations=770 (full 66):
 par new generation   total 188736K, used 187673K [0x00000000c0000000, 0x00000000cccc0000, 0x00000000cccc0000)
  eden space 167808K,  99% used [0x00000000c0000000, 0x00000000ca346440, 0x00000000ca3e0000)
  from space 20928K,  97% used [0x00000000cb850000, 0x00000000ccc50140, 0x00000000cccc0000)
  to   space 20928K,   0% used [0x00000000ca3e0000, 0x00000000ca3e0000, 0x00000000cb850000)
 concurrent mark-sweep generation total 838912K, used 230443K [0x00000000cccc0000, 0x0000000100000000, 0x0000000100000000)
 Metaspace       used 3935K, capacity 4540K, committed 4864K, reserved 1056768K
  class space    used 425K, capacity 428K, committed 512K, reserved 1048576K
2024-07-26T01:31:27.769+0800: 19.368: [GC (Allocation Failure) 2024-07-26T01:31:27.769+0800: 19.368: [ParNew2024-07-26T01:31:27.773+0800: 19.373: [SoftReference, 0 refs, 0.0000271 secs]2024-07-26T01:31:27.774+0800: 19.373: [WeakReference, 0 refs, 0.0000042 secs]2024-07-26T01:31:27.774+0800: 19.373: [FinalReference, 0 refs, 0.0000039 secs]2024-07-26T01:31:27.774+0800: 19.373: [PhantomReference, 0 refs, 0.0000039 secs]2024-07-26T01:31:27.774+0800: 19.373: [JNI Weak Reference, 0.0000043 secs]
Desired survivor size 10715136 bytes, new threshold 1 (max 1)
- age   1:   20971840 bytes,   20971840 total
: 187673K->20480K(188736K), 0.0050307 secs] 418117K->261166K(1027648K), 0.0050751 secs] [Times: user=0.00 sys=0.00, real=0.00 secs] 
Heap after GC invocations=771 (full 66):
 par new generation   total 188736K, used 20480K [0x00000000c0000000, 0x00000000cccc0000, 0x00000000cccc0000)
  eden space 167808K,   0% used [0x00000000c0000000, 0x00000000c0000000, 0x00000000ca3e0000)
  from space 20928K,  97% used [0x00000000ca3e0000, 0x00000000cb7e0140, 0x00000000cb850000)
  to   space 20928K,   0% used [0x00000000cb850000, 0x00000000cb850000, 0x00000000cccc0000)
 concurrent mark-sweep generation total 838912K, used 240686K [0x00000000cccc0000, 0x0000000100000000, 0x0000000100000000)
 Metaspace       used 3935K, capacity 4540K, committed 4864K, reserved 1056768K
  class space    used 425K, capacity 428K, committed 512K, reserved 1048576K
}
2024-07-26T01:31:27.774+0800: 19.373: Total time for which application threads were stopped: 0.0051902 seconds, Stopping threads took: 0.0000216 seconds
{Heap before GC invocations=771 (full 66):
 par new generation   total 188736K, used 187673K [0x00000000c0000000, 0x00000000cccc0000, 0x00000000cccc0000)
  eden space 167808K,  99% used [0x00000000c0000000, 0x00000000ca346440, 0x00000000ca3e0000)
  from space 20928K,  97% used [0x00000000ca3e0000, 0x00000000cb7e0140, 0x00000000cb850000)
  to   space 20928K,   0% used [0x00000000cb850000, 0x00000000cb850000, 0x00000000cccc0000)
 concurrent mark-sweep generation total 838912K, used 240686K [0x00000000cccc0000, 0x0000000100000000, 0x0000000100000000)
 Metaspace       used 3935K, capacity 4540K, committed 4864K, reserved 1056768K
  class space    used 425K, capacity 428K, committed 512K, reserved 1048576K
2024-07-26T01:31:27.787+0800: 19.387: [GC (Allocation Failure) 2024-07-26T01:31:27.787+0800: 19.387: [ParNew2024-07-26T01:31:27.803+0800: 19.402: [SoftReference, 0 refs, 0.0000359 secs]2024-07-26T01:31:27.803+0800: 19.402: [WeakReference, 0 refs, 0.0000042 secs]2024-07-26T01:31:27.803+0800: 19.402: [FinalReference, 0 refs, 0.0000038 secs]2024-07-26T01:31:27.803+0800: 19.402: [PhantomReference, 0 refs, 0.0000035 secs]2024-07-26T01:31:27.803+0800: 19.402: [JNI Weak Reference, 0.0000040 secs]
Desired survivor size 10715136 bytes, new threshold 1 (max 1)
- age   1:   20971840 bytes,   20971840 total
: 187673K->20480K(188736K), 0.0149816 secs] 428359K->334897K(1027648K), 0.0150210 secs] [Times: user=0.08 sys=0.00, real=0.02 secs] 
Heap after GC invocations=772 (full 66):
 par new generation   total 188736K, used 20480K [0x00000000c0000000, 0x00000000cccc0000, 0x00000000cccc0000)
  eden space 167808K,   0% used [0x00000000c0000000, 0x00000000c0000000, 0x00000000ca3e0000)
  from space 20928K,  97% used [0x00000000cb850000, 0x00000000ccc50140, 0x00000000cccc0000)
  to   space 20928K,   0% used [0x00000000ca3e0000, 0x00000000ca3e0000, 0x00000000cb850000)
 concurrent mark-sweep generation total 838912K, used 314417K [0x00000000cccc0000, 0x0000000100000000, 0x0000000100000000)
 Metaspace       used 3935K, capacity 4540K, committed 4864K, reserved 1056768K
  class space    used 425K, capacity 428K, committed 512K, reserved 1048576K
}
2024-07-26T01:31:27.803+0800: 19.402: Total time for which application threads were stopped: 0.0151354 seconds, Stopping threads took: 0.0000228 seconds
{Heap before GC invocations=772 (full 66):
 par new generation   total 188736K, used 187673K [0x00000000c0000000, 0x00000000cccc0000, 0x00000000cccc0000)
  eden space 167808K,  99% used [0x00000000c0000000, 0x00000000ca346440, 0x00000000ca3e0000)
  from space 20928K,  97% used [0x00000000cb850000, 0x00000000ccc50140, 0x00000000cccc0000)
  to   space 20928K,   0% used [0x00000000ca3e0000, 0x00000000ca3e0000, 0x00000000cb850000)
 concurrent mark-sweep generation total 838912K, used 314417K [0x00000000cccc0000, 0x0000000100000000, 0x0000000100000000)
 Metaspace       used 3935K, capacity 4540K, committed 4864K, reserved 1056768K
  class space    used 425K, capacity 428K, committed 512K, reserved 1048576K
2024-07-26T01:31:27.820+0800: 19.419: [GC (Allocation Failure) 2024-07-26T01:31:27.820+0800: 19.419: [ParNew2024-07-26T01:31:27.828+0800: 19.428: [SoftReference, 0 refs, 0.0000351 secs]2024-07-26T01:31:27.828+0800: 19.428: [WeakReference, 0 refs, 0.0000043 secs]2024-07-26T01:31:27.828+0800: 19.428: [FinalReference, 0 refs, 0.0000040 secs]2024-07-26T01:31:27.828+0800: 19.428: [PhantomReference, 0 refs, 0.0000038 secs]2024-07-26T01:31:27.828+0800: 19.428: [JNI Weak Reference, 0.0000044 secs]
Desired survivor size 10715136 bytes, new threshold 1 (max 1)
- age   1:   20971840 bytes,   20971840 total
: 187673K->20480K(188736K), 0.0088338 secs] 502090K->368692K(1027648K), 0.0088760 secs] [Times: user=0.02 sys=0.00, real=0.01 secs] 
Heap after GC invocations=773 (full 66):
 par new generation   total 188736K, used 20480K [0x00000000c0000000, 0x00000000cccc0000, 0x00000000cccc0000)
  eden space 167808K,   0% used [0x00000000c0000000, 0x00000000c0000000, 0x00000000ca3e0000)
  from space 20928K,  97% used [0x00000000ca3e0000, 0x00000000cb7e0140, 0x00000000cb850000)
  to   space 20928K,   0% used [0x00000000cb850000, 0x00000000cb850000, 0x00000000cccc0000)
 concurrent mark-sweep generation total 838912K, used 348211K [0x00000000cccc0000, 0x0000000100000000, 0x0000000100000000)
 Metaspace       used 3935K, capacity 4540K, committed 4864K, reserved 1056768K
  class space    used 425K, capacity 428K, committed 512K, reserved 1048576K
}
2024-07-26T01:31:27.828+0800: 19.428: Total time for which application threads were stopped: 0.0089880 seconds, Stopping threads took: 0.0000219 seconds
2024-07-26T01:31:27.829+0800: 19.428: [GC (CMS Initial Mark) [1 CMS-initial-mark: 348211K(838912K)] 374090K(1027648K), 0.0006755 secs] [Times: user=0.00 sys=0.00, real=0.00 secs] 
2024-07-26T01:31:27.830+0800: 19.429: Total time for which application threads were stopped: 0.0008548 seconds, Stopping threads took: 0.0001414 seconds
2024-07-26T01:31:27.830+0800: 19.429: [CMS-concurrent-mark-start]
2024-07-26T01:31:27.832+0800: 19.431: [CMS-concurrent-mark: 0.002/0.002 secs] [Times: user=0.00 sys=0.00, real=0.00 secs] 
2024-07-26T01:31:27.832+0800: 19.431: [CMS-concurrent-preclean-start]
2024-07-26T01:31:27.832+0800: 19.431: [Preclean SoftReferences, 0.0000063 secs]2024-07-26T01:31:27.832+0800: 19.431: [Preclean WeakReferences, 0.0000035 secs]2024-07-26T01:31:27.832+0800: 19.431: [Preclean FinalReferences, 0.0000030 secs]2024-07-26T01:31:27.832+0800: 19.431: [Preclean PhantomReferences, 0.0000030 secs]2024-07-26T01:31:27.832+0800: 19.432: [CMS-concurrent-preclean: 0.001/0.001 secs] [Times: user=0.00 sys=0.00, real=0.00 secs] 
2024-07-26T01:31:27.832+0800: 19.432: [CMS-concurrent-abortable-preclean-start]
{Heap before GC invocations=773 (full 67):
 par new generation   total 188736K, used 187673K [0x00000000c0000000, 0x00000000cccc0000, 0x00000000cccc0000)
  eden space 167808K,  99% used [0x00000000c0000000, 0x00000000ca346440, 0x00000000ca3e0000)
  from space 20928K,  97% used [0x00000000ca3e0000, 0x00000000cb7e0140, 0x00000000cb850000)
  to   space 20928K,   0% used [0x00000000cb850000, 0x00000000cb850000, 0x00000000cccc0000)
 concurrent mark-sweep generation total 838912K, used 348211K [0x00000000cccc0000, 0x0000000100000000, 0x0000000100000000)
 Metaspace       used 3935K, capacity 4540K, committed 4864K, reserved 1056768K
  class space    used 425K, capacity 428K, committed 512K, reserved 1048576K
2024-07-26T01:31:27.843+0800: 19.443: [GC (Allocation Failure) 2024-07-26T01:31:27.843+0800: 19.443: [ParNew2024-07-26T01:31:27.847+0800: 19.447: [SoftReference, 0 refs, 0.0000332 secs]2024-07-26T01:31:27.847+0800: 19.447: [WeakReference, 0 refs, 0.0000044 secs]2024-07-26T01:31:27.847+0800: 19.447: [FinalReference, 0 refs, 0.0000040 secs]2024-07-26T01:31:27.847+0800: 19.447: [PhantomReference, 0 refs, 0.0000037 secs]2024-07-26T01:31:27.847+0800: 19.447: [JNI Weak Reference, 0.0000042 secs]
Desired survivor size 10715136 bytes, new threshold 1 (max 1)
- age   1:   14680288 bytes,   14680288 total
: 187673K->14336K(188736K), 0.0039894 secs] 535885K->362548K(1027648K), 0.0040241 secs] [Times: user=0.00 sys=0.00, real=0.01 secs] 
Heap after GC invocations=774 (full 67):
 par new generation   total 188736K, used 14336K [0x00000000c0000000, 0x00000000cccc0000, 0x00000000cccc0000)
  eden space 167808K,   0% used [0x00000000c0000000, 0x00000000c0000000, 0x00000000ca3e0000)
  from space 20928K,  68% used [0x00000000cb850000, 0x00000000cc6500e0, 0x00000000cccc0000)
  to   space 20928K,   0% used [0x00000000ca3e0000, 0x00000000ca3e0000, 0x00000000cb850000)
 concurrent mark-sweep generation total 838912K, used 348211K [0x00000000cccc0000, 0x0000000100000000, 0x0000000100000000)
 Metaspace       used 3935K, capacity 4540K, committed 4864K, reserved 1056768K
  class space    used 425K, capacity 428K, committed 512K, reserved 1048576K
}
2024-07-26T01:31:27.848+0800: 19.447: Total time for which application threads were stopped: 0.0041746 seconds, Stopping threads took: 0.0000219 seconds
{Heap before GC invocations=774 (full 67):
 par new generation   total 188736K, used 181529K [0x00000000c0000000, 0x00000000cccc0000, 0x00000000cccc0000)
  eden space 167808K,  99% used [0x00000000c0000000, 0x00000000ca346440, 0x00000000ca3e0000)
  from space 20928K,  68% used [0x00000000cb850000, 0x00000000cc6500e0, 0x00000000cccc0000)
  to   space 20928K,   0% used [0x00000000ca3e0000, 0x00000000ca3e0000, 0x00000000cb850000)
 concurrent mark-sweep generation total 838912K, used 348211K [0x00000000cccc0000, 0x0000000100000000, 0x0000000100000000)
 Metaspace       used 3935K, capacity 4540K, committed 4864K, reserved 1056768K
  class space    used 425K, capacity 428K, committed 512K, reserved 1048576K
2024-07-26T01:31:27.862+0800: 19.461: [GC (Allocation Failure) 2024-07-26T01:31:27.862+0800: 19.461: [ParNew2024-07-26T01:31:27.875+0800: 19.475: [SoftReference, 0 refs, 0.0000575 secs]2024-07-26T01:31:27.875+0800: 19.475: [WeakReference, 0 refs, 0.0000043 secs]2024-07-26T01:31:27.875+0800: 19.475: [FinalReference, 0 refs, 0.0000041 secs]2024-07-26T01:31:27.875+0800: 19.475: [PhantomReference, 0 refs, 0.0000036 secs]2024-07-26T01:31:27.875+0800: 19.475: [JNI Weak Reference, 0.0000041 secs]
Desired survivor size 10715136 bytes, new threshold 1 (max 1)
- age   1:   20971840 bytes,   20971840 total
: 181529K->20480K(188736K), 0.0133296 secs] 529741K->426037K(1027648K), 0.0133690 secs] [Times: user=0.06 sys=0.00, real=0.01 secs] 
Heap after GC invocations=775 (full 67):
 par new generation   total 188736K, used 20480K [0x00000000c0000000, 0x00000000cccc0000, 0x00000000cccc0000)
  eden space 167808K,   0% used [0x00000000c0000000, 0x00000000c0000000, 0x00000000ca3e0000)
  from space 20928K,  97% used [0x00000000ca3e0000, 0x00000000cb7e0140, 0x00000000cb850000)
  to   space 20928K,   0% used [0x00000000cb850000, 0x00000000cb850000, 0x00000000cccc0000)
 concurrent mark-sweep generation total 838912K, used 405556K [0x00000000cccc0000, 0x0000000100000000, 0x0000000100000000)
 Metaspace       used 3935K, capacity 4540K, committed 4864K, reserved 1056768K
  class space    used 425K, capacity 428K, committed 512K, reserved 1048576K
}
2024-07-26T01:31:27.876+0800: 19.475: Total time for which application threads were stopped: 0.0134832 seconds, Stopping threads took: 0.0000242 seconds
{Heap before GC invocations=775 (full 67):
 par new generation   total 188736K, used 187673K [0x00000000c0000000, 0x00000000cccc0000, 0x00000000cccc0000)
  eden space 167808K,  99% used [0x00000000c0000000, 0x00000000ca346440, 0x00000000ca3e0000)
  from space 20928K,  97% used [0x00000000ca3e0000, 0x00000000cb7e0140, 0x00000000cb850000)
  to   space 20928K,   0% used [0x00000000cb850000, 0x00000000cb850000, 0x00000000cccc0000)
 concurrent mark-sweep generation total 838912K, used 405556K [0x00000000cccc0000, 0x0000000100000000, 0x0000000100000000)
 Metaspace       used 3935K, capacity 4540K, committed 4864K, reserved 1056768K
  class space    used 425K, capacity 428K, committed 512K, reserved 1048576K
2024-07-26T01:31:27.889+0800: 19.489: [GC (Allocation Failure) 2024-07-26T01:31:27.889+0800: 19.489: [ParNew2024-07-26T01:31:27.895+0800: 19.495: [SoftReference, 0 refs, 0.0000368 secs]2024-07-26T01:31:27.895+0800: 19.495: [WeakReference, 0 refs, 0.0000046 secs]2024-07-26T01:31:27.895+0800: 19.495: [FinalReference, 0 refs, 0.0000041 secs]2024-07-26T01:31:27.895+0800: 19.495: [PhantomReference, 0 refs, 0.0000037 secs]2024-07-26T01:31:27.895+0800: 19.495: [JNI Weak Reference, 0.0000043 secs]
Desired survivor size 10715136 bytes, new threshold 1 (max 1)
- age   1:   20971840 bytes,   20971840 total
: 187673K->20480K(188736K), 0.0061820 secs] 593230K->443445K(1027648K), 0.0062168 secs] [Times: user=0.00 sys=0.00, real=0.01 secs] 
Heap after GC invocations=776 (full 67):
 par new generation   total 188736K, used 20480K [0x00000000c0000000, 0x00000000cccc0000, 0x00000000cccc0000)
  eden space 167808K,   0% used [0x00000000c0000000, 0x00000000c0000000, 0x00000000ca3e0000)
  from space 20928K,  97% used [0x00000000cb850000, 0x00000000ccc50140, 0x00000000cccc0000)
  to   space 20928K,   0% used [0x00000000ca3e0000, 0x00000000ca3e0000, 0x00000000cb850000)
 concurrent mark-sweep generation total 838912K, used 422964K [0x00000000cccc0000, 0x0000000100000000, 0x0000000100000000)
 Metaspace       used 3935K, capacity 4540K, committed 4864K, reserved 1056768K
  class space    used 425K, capacity 428K, committed 512K, reserved 1048576K
}
2024-07-26T01:31:27.895+0800: 19.495: Total time for which application threads were stopped: 0.0063338 seconds, Stopping threads took: 0.0000258 seconds
{Heap before GC invocations=776 (full 67):
 par new generation   total 188736K, used 187673K [0x00000000c0000000, 0x00000000cccc0000, 0x00000000cccc0000)
  eden space 167808K,  99% used [0x00000000c0000000, 0x00000000ca346440, 0x00000000ca3e0000)
  from space 20928K,  97% used [0x00000000cb850000, 0x00000000ccc50140, 0x00000000cccc0000)
  to   space 20928K,   0% used [0x00000000ca3e0000, 0x00000000ca3e0000, 0x00000000cb850000)
 concurrent mark-sweep generation total 838912K, used 422964K [0x00000000cccc0000, 0x0000000100000000, 0x0000000100000000)
 Metaspace       used 3935K, capacity 4540K, committed 4864K, reserved 1056768K
  class space    used 425K, capacity 428K, committed 512K, reserved 1048576K
2024-07-26T01:31:27.909+0800: 19.509: [GC (Allocation Failure) 2024-07-26T01:31:27.909+0800: 19.509: [ParNew2024-07-26T01:31:27.925+0800: 19.524: [SoftReference, 0 refs, 0.0000506 secs]2024-07-26T01:31:27.925+0800: 19.524: [WeakReference, 0 refs, 0.0000043 secs]2024-07-26T01:31:27.925+0800: 19.524: [FinalReference, 0 refs, 0.0000038 secs]2024-07-26T01:31:27.925+0800: 19.524: [PhantomReference, 0 refs, 0.0000037 secs]2024-07-26T01:31:27.925+0800: 19.524: [JNI Weak Reference, 0.0000043 secs]
Desired survivor size 10715136 bytes, new threshold 1 (max 1)
- age   1:   20971840 bytes,   20971840 total
: 187673K->20480K(188736K), 0.0157535 secs] 610638K->524342K(1027648K), 0.0157975 secs] [Times: user=0.00 sys=0.00, real=0.02 secs] 
Heap after GC invocations=777 (full 67):
 par new generation   total 188736K, used 20480K [0x00000000c0000000, 0x00000000cccc0000, 0x00000000cccc0000)
  eden space 167808K,   0% used [0x00000000c0000000, 0x00000000c0000000, 0x00000000ca3e0000)
  from space 20928K,  97% used [0x00000000ca3e0000, 0x00000000cb7e0140, 0x00000000cb850000)
  to   space 20928K,   0% used [0x00000000cb850000, 0x00000000cb850000, 0x00000000cccc0000)
 concurrent mark-sweep generation total 838912K, used 503862K [0x00000000cccc0000, 0x0000000100000000, 0x0000000100000000)
 Metaspace       used 3935K, capacity 4540K, committed 4864K, reserved 1056768K
  class space    used 425K, capacity 428K, committed 512K, reserved 1048576K
}
2024-07-26T01:31:27.925+0800: 19.525: Total time for which application threads were stopped: 0.0159243 seconds, Stopping threads took: 0.0000246 seconds
{Heap before GC invocations=777 (full 67):
 par new generation   total 188736K, used 187673K [0x00000000c0000000, 0x00000000cccc0000, 0x00000000cccc0000)
  eden space 167808K,  99% used [0x00000000c0000000, 0x00000000ca346440, 0x00000000ca3e0000)
  from space 20928K,  97% used [0x00000000ca3e0000, 0x00000000cb7e0140, 0x00000000cb850000)
  to   space 20928K,   0% used [0x00000000cb850000, 0x00000000cb850000, 0x00000000cccc0000)
 concurrent mark-sweep generation total 838912K, used 503862K [0x00000000cccc0000, 0x0000000100000000, 0x0000000100000000)
 Metaspace       used 3935K, capacity 4540K, committed 4864K, reserved 1056768K
  class space    used 425K, capacity 428K, committed 512K, reserved 1048576K
2024-07-26T01:31:27.940+0800: 19.539: [GC (Allocation Failure) 2024-07-26T01:31:27.940+0800: 19.539: [ParNew2024-07-26T01:31:27.949+0800: 19.549: [SoftReference, 0 refs, 0.0000296 secs]2024-07-26T01:31:27.949+0800: 19.549: [WeakReference, 0 refs, 0.0000046 secs]2024-07-26T01:31:27.949+0800: 19.549: [FinalReference, 0 refs, 0.0000040 secs]2024-07-26T01:31:27.949+0800: 19.549: [PhantomReference, 0 refs, 0.0000038 secs]2024-07-26T01:31:27.949+0800: 19.549: [JNI Weak Reference, 0.0000044 secs]
Desired survivor size 10715136 bytes, new threshold 1 (max 1)
- age   1:   20971840 bytes,   20971840 total
: 187673K->20480K(188736K), 0.0093288 secs] 691535K->565303K(1027648K), 0.0093709 secs] [Times: user=0.00 sys=0.00, real=0.01 secs] 
Heap after GC invocations=778 (full 67):
 par new generation   total 188736K, used 20480K [0x00000000c0000000, 0x00000000cccc0000, 0x00000000cccc0000)
  eden space 167808K,   0% used [0x00000000c0000000, 0x00000000c0000000, 0x00000000ca3e0000)
  from space 20928K,  97% used [0x00000000cb850000, 0x00000000ccc50140, 0x00000000cccc0000)
  to   space 20928K,   0% used [0x00000000ca3e0000, 0x00000000ca3e0000, 0x00000000cb850000)
 concurrent mark-sweep generation total 838912K, used 544822K [0x00000000cccc0000, 0x0000000100000000, 0x0000000100000000)
 Metaspace       used 3935K, capacity 4540K, committed 4864K, reserved 1056768K
  class space    used 425K, capacity 428K, committed 512K, reserved 1048576K
}
2024-07-26T01:31:27.949+0800: 19.549: Total time for which application threads were stopped: 0.0094910 seconds, Stopping threads took: 0.0000269 seconds
{Heap before GC invocations=778 (full 67):
 par new generation   total 188736K, used 187673K [0x00000000c0000000, 0x00000000cccc0000, 0x00000000cccc0000)
  eden space 167808K,  99% used [0x00000000c0000000, 0x00000000ca346440, 0x00000000ca3e0000)
  from space 20928K,  97% used [0x00000000cb850000, 0x00000000ccc50140, 0x00000000cccc0000)
  to   space 20928K,   0% used [0x00000000ca3e0000, 0x00000000ca3e0000, 0x00000000cb850000)
 concurrent mark-sweep generation total 838912K, used 544822K [0x00000000cccc0000, 0x0000000100000000, 0x0000000100000000)
 Metaspace       used 3935K, capacity 4540K, committed 4864K, reserved 1056768K
  class space    used 425K, capacity 428K, committed 512K, reserved 1048576K
2024-07-26T01:31:27.963+0800: 19.562: [GC (Allocation Failure) 2024-07-26T01:31:27.963+0800: 19.562: [ParNew2024-07-26T01:31:27.968+0800: 19.567: [SoftReference, 0 refs, 0.0000293 secs]2024-07-26T01:31:27.968+0800: 19.567: [WeakReference, 0 refs, 0.0000040 secs]2024-07-26T01:31:27.968+0800: 19.567: [FinalReference, 0 refs, 0.0000039 secs]2024-07-26T01:31:27.968+0800: 19.567: [PhantomReference, 0 refs, 0.0000038 secs]2024-07-26T01:31:27.968+0800: 19.567: [JNI Weak Reference, 0.0000041 secs]
Desired survivor size 10715136 bytes, new threshold 1 (max 1)
- age   1:   20971840 bytes,   20971840 total
: 187673K->20480K(188736K), 0.0050237 secs] 732496K->566327K(1027648K), 0.0050601 secs] [Times: user=0.03 sys=0.00, real=0.00 secs] 
Heap after GC invocations=779 (full 67):
 par new generation   total 188736K, used 20480K [0x00000000c0000000, 0x00000000cccc0000, 0x00000000cccc0000)
  eden space 167808K,   0% used [0x00000000c0000000, 0x00000000c0000000, 0x00000000ca3e0000)
  from space 20928K,  97% used [0x00000000ca3e0000, 0x00000000cb7e0140, 0x00000000cb850000)
  to   space 20928K,   0% used [0x00000000cb850000, 0x00000000cb850000, 0x00000000cccc0000)
 concurrent mark-sweep generation total 838912K, used 545846K [0x00000000cccc0000, 0x0000000100000000, 0x0000000100000000)
 Metaspace       used 3935K, capacity 4540K, committed 4864K, reserved 1056768K
  class space    used 425K, capacity 428K, committed 512K, reserved 1048576K
}
2024-07-26T01:31:27.968+0800: 19.567: Total time for which application threads were stopped: 0.0051639 seconds, Stopping threads took: 0.0000210 seconds
{Heap before GC invocations=779 (full 67):
 par new generation   total 188736K, used 187673K [0x00000000c0000000, 0x00000000cccc0000, 0x00000000cccc0000)
  eden space 167808K,  99% used [0x00000000c0000000, 0x00000000ca346440, 0x00000000ca3e0000)
  from space 20928K,  97% used [0x00000000ca3e0000, 0x00000000cb7e0140, 0x00000000cb850000)
  to   space 20928K,   0% used [0x00000000cb850000, 0x00000000cb850000, 0x00000000cccc0000)
 concurrent mark-sweep generation total 838912K, used 545846K [0x00000000cccc0000, 0x0000000100000000, 0x0000000100000000)
 Metaspace       used 3935K, capacity 4540K, committed 4864K, reserved 1056768K
  class space    used 425K, capacity 428K, committed 512K, reserved 1048576K
2024-07-26T01:31:27.983+0800: 19.582: [GC (Allocation Failure) 2024-07-26T01:31:27.983+0800: 19.582: [ParNew2024-07-26T01:31:27.997+0800: 19.596: [SoftReference, 0 refs, 0.0000356 secs]2024-07-26T01:31:27.997+0800: 19.596: [WeakReference, 0 refs, 0.0000040 secs]2024-07-26T01:31:27.997+0800: 19.596: [FinalReference, 0 refs, 0.0000037 secs]2024-07-26T01:31:27.997+0800: 19.596: [PhantomReference, 0 refs, 0.0000033 secs]2024-07-26T01:31:27.997+0800: 19.596: [JNI Weak Reference, 0.0000042 secs]
Desired survivor size 10715136 bytes, new threshold 1 (max 1)
- age   1:   20971840 bytes,   20971840 total
: 187673K->20480K(188736K), 0.0144526 secs] 733520K->630842K(1027648K), 0.0144973 secs] [Times: user=0.05 sys=0.00, real=0.01 secs] 
Heap after GC invocations=780 (full 67):
 par new generation   total 188736K, used 20480K [0x00000000c0000000, 0x00000000cccc0000, 0x00000000cccc0000)
  eden space 167808K,   0% used [0x00000000c0000000, 0x00000000c0000000, 0x00000000ca3e0000)
  from space 20928K,  97% used [0x00000000cb850000, 0x00000000ccc50140, 0x00000000cccc0000)
  to   space 20928K,   0% used [0x00000000ca3e0000, 0x00000000ca3e0000, 0x00000000cb850000)
 concurrent mark-sweep generation total 838912K, used 610361K [0x00000000cccc0000, 0x0000000100000000, 0x0000000100000000)
 Metaspace       used 3935K, capacity 4540K, committed 4864K, reserved 1056768K
  class space    used 425K, capacity 428K, committed 512K, reserved 1048576K
}
2024-07-26T01:31:27.997+0800: 19.596: Total time for which application threads were stopped: 0.0146187 seconds, Stopping threads took: 0.0000284 seconds
{Heap before GC invocations=780 (full 67):
 par new generation   total 188736K, used 187673K [0x00000000c0000000, 0x00000000cccc0000, 0x00000000cccc0000)
  eden space 167808K,  99% used [0x00000000c0000000, 0x00000000ca346440, 0x00000000ca3e0000)
  from space 20928K,  97% used [0x00000000cb850000, 0x00000000ccc50140, 0x00000000cccc0000)
  to   space 20928K,   0% used [0x00000000ca3e0000, 0x00000000ca3e0000, 0x00000000cb850000)
 concurrent mark-sweep generation total 838912K, used 610361K [0x00000000cccc0000, 0x0000000100000000, 0x0000000100000000)
 Metaspace       used 3935K, capacity 4540K, committed 4864K, reserved 1056768K
  class space    used 425K, capacity 428K, committed 512K, reserved 1048576K
2024-07-26T01:31:28.011+0800: 19.610: [GC (Allocation Failure) 2024-07-26T01:31:28.011+0800: 19.611: [ParNew2024-07-26T01:31:28.019+0800: 19.619: [SoftReference, 0 refs, 0.0000366 secs]2024-07-26T01:31:28.019+0800: 19.619: [WeakReference, 0 refs, 0.0000041 secs]2024-07-26T01:31:28.019+0800: 19.619: [FinalReference, 0 refs, 0.0000036 secs]2024-07-26T01:31:28.019+0800: 19.619: [PhantomReference, 0 refs, 0.0000034 secs]2024-07-26T01:31:28.019+0800: 19.619: [JNI Weak Reference, 0.0000043 secs]
Desired survivor size 10715136 bytes, new threshold 1 (max 1)
- age   1:   20971840 bytes,   20971840 total
: 187673K->20480K(188736K), 0.0081274 secs] 798035K->655418K(1027648K), 0.0082066 secs] [Times: user=0.03 sys=0.00, real=0.01 secs] 
Heap after GC invocations=781 (full 67):
 par new generation   total 188736K, used 20480K [0x00000000c0000000, 0x00000000cccc0000, 0x00000000cccc0000)
  eden space 167808K,   0% used [0x00000000c0000000, 0x00000000c0000000, 0x00000000ca3e0000)
  from space 20928K,  97% used [0x00000000ca3e0000, 0x00000000cb7e0140, 0x00000000cb850000)
  to   space 20928K,   0% used [0x00000000cb850000, 0x00000000cb850000, 0x00000000cccc0000)
 concurrent mark-sweep generation total 838912K, used 634938K [0x00000000cccc0000, 0x0000000100000000, 0x0000000100000000)
 Metaspace       used 3935K, capacity 4540K, committed 4864K, reserved 1056768K
  class space    used 425K, capacity 428K, committed 512K, reserved 1048576K
}
2024-07-26T01:31:28.019+0800: 19.619: Total time for which application threads were stopped: 0.0083702 seconds, Stopping threads took: 0.0000493 seconds
{Heap before GC invocations=781 (full 67):
 par new generation   total 188736K, used 187673K [0x00000000c0000000, 0x00000000cccc0000, 0x00000000cccc0000)
  eden space 167808K,  99% used [0x00000000c0000000, 0x00000000ca346440, 0x00000000ca3e0000)
  from space 20928K,  97% used [0x00000000ca3e0000, 0x00000000cb7e0140, 0x00000000cb850000)
  to   space 20928K,   0% used [0x00000000cb850000, 0x00000000cb850000, 0x00000000cccc0000)
 concurrent mark-sweep generation total 838912K, used 634938K [0x00000000cccc0000, 0x0000000100000000, 0x0000000100000000)
 Metaspace       used 3935K, capacity 4540K, committed 4864K, reserved 1056768K
  class space    used 425K, capacity 428K, committed 512K, reserved 1048576K
2024-07-26T01:31:28.034+0800: 19.633: [GC (Allocation Failure) 2024-07-26T01:31:28.034+0800: 19.633: [ParNew2024-07-26T01:31:28.036+0800: 19.636: [SoftReference, 0 refs, 0.0000416 secs]2024-07-26T01:31:28.036+0800: 19.636: [WeakReference, 0 refs, 0.0000090 secs]2024-07-26T01:31:28.036+0800: 19.636: [FinalReference, 0 refs, 0.0000129 secs]2024-07-26T01:31:28.036+0800: 19.636: [PhantomReference, 0 refs, 0.0000086 secs]2024-07-26T01:31:28.036+0800: 19.636: [JNI Weak Reference, 0.0000092 secs]
Desired survivor size 10715136 bytes, new threshold 1 (max 1)
- age   1:    5242960 bytes,    5242960 total
: 187673K->5120K(188736K), 0.0025395 secs] 822611K->640058K(1027648K), 0.0025815 secs] [Times: user=0.00 sys=0.00, real=0.00 secs] 
Heap after GC invocations=782 (full 67):
 par new generation   total 188736K, used 5120K [0x00000000c0000000, 0x00000000cccc0000, 0x00000000cccc0000)
  eden space 167808K,   0% used [0x00000000c0000000, 0x00000000c0000000, 0x00000000ca3e0000)
  from space 20928K,  24% used [0x00000000cb850000, 0x00000000cbd50050, 0x00000000cccc0000)
  to   space 20928K,   0% used [0x00000000ca3e0000, 0x00000000ca3e0000, 0x00000000cb850000)
 concurrent mark-sweep generation total 838912K, used 634938K [0x00000000cccc0000, 0x0000000100000000, 0x0000000100000000)
 Metaspace       used 3935K, capacity 4540K, committed 4864K, reserved 1056768K
  class space    used 425K, capacity 428K, committed 512K, reserved 1048576K
}
2024-07-26T01:31:28.036+0800: 19.636: Total time for which application threads were stopped: 0.0027387 seconds, Stopping threads took: 0.0000298 seconds
{Heap before GC invocations=782 (full 67):
 par new generation   total 188736K, used 172313K [0x00000000c0000000, 0x00000000cccc0000, 0x00000000cccc0000)
  eden space 167808K,  99% used [0x00000000c0000000, 0x00000000ca346440, 0x00000000ca3e0000)
  from space 20928K,  24% used [0x00000000cb850000, 0x00000000cbd50050, 0x00000000cccc0000)
  to   space 20928K,   0% used [0x00000000ca3e0000, 0x00000000ca3e0000, 0x00000000cb850000)
 concurrent mark-sweep generation total 838912K, used 634938K [0x00000000cccc0000, 0x0000000100000000, 0x0000000100000000)
 Metaspace       used 3935K, capacity 4540K, committed 4864K, reserved 1056768K
  class space    used 425K, capacity 428K, committed 512K, reserved 1048576K
2024-07-26T01:31:28.051+0800: 19.651: [GC (Allocation Failure) 2024-07-26T01:31:28.052+0800: 19.651: [ParNew2024-07-26T01:31:28.063+0800: 19.662: [SoftReference, 0 refs, 0.0000309 secs]2024-07-26T01:31:28.063+0800: 19.662: [WeakReference, 0 refs, 0.0000043 secs]2024-07-26T01:31:28.063+0800: 19.662: [FinalReference, 0 refs, 0.0000037 secs]2024-07-26T01:31:28.063+0800: 19.662: [PhantomReference, 0 refs, 0.0000034 secs]2024-07-26T01:31:28.063+0800: 19.662: [JNI Weak Reference, 0.0000040 secs]
Desired survivor size 10715136 bytes, new threshold 1 (max 1)
- age   1:   20971840 bytes,   20971840 total
: 172313K->20480K(188736K), 0.0115060 secs] 807251K->703547K(1027648K), 0.0115616 secs] [Times: user=0.08 sys=0.00, real=0.01 secs] 
Heap after GC invocations=783 (full 67):
 par new generation   total 188736K, used 20480K [0x00000000c0000000, 0x00000000cccc0000, 0x00000000cccc0000)
  eden space 167808K,   0% used [0x00000000c0000000, 0x00000000c0000000, 0x00000000ca3e0000)
  from space 20928K,  97% used [0x00000000ca3e0000, 0x00000000cb7e0140, 0x00000000cb850000)
  to   space 20928K,   0% used [0x00000000cb850000, 0x00000000cb850000, 0x00000000cccc0000)
 concurrent mark-sweep generation total 838912K, used 683066K [0x00000000cccc0000, 0x0000000100000000, 0x0000000100000000)
 Metaspace       used 3935K, capacity 4540K, committed 4864K, reserved 1056768K
  class space    used 425K, capacity 428K, committed 512K, reserved 1048576K
}
2024-07-26T01:31:28.063+0800: 19.662: Total time for which application threads were stopped: 0.0116788 seconds, Stopping threads took: 0.0000245 seconds
{Heap before GC invocations=783 (full 67):
 par new generation   total 188736K, used 187673K [0x00000000c0000000, 0x00000000cccc0000, 0x00000000cccc0000)
  eden space 167808K,  99% used [0x00000000c0000000, 0x00000000ca346440, 0x00000000ca3e0000)
  from space 20928K,  97% used [0x00000000ca3e0000, 0x00000000cb7e0140, 0x00000000cb850000)
  to   space 20928K,   0% used [0x00000000cb850000, 0x00000000cb850000, 0x00000000cccc0000)
 concurrent mark-sweep generation total 838912K, used 683066K [0x00000000cccc0000, 0x0000000100000000, 0x0000000100000000)
 Metaspace       used 3935K, capacity 4540K, committed 4864K, reserved 1056768K
  class space    used 425K, capacity 428K, committed 512K, reserved 1048576K
2024-07-26T01:31:28.076+0800: 19.676: [GC (Allocation Failure) 2024-07-26T01:31:28.076+0800: 19.676: [ParNew2024-07-26T01:31:28.082+0800: 19.682: [SoftReference, 0 refs, 0.0000290 secs]2024-07-26T01:31:28.082+0800: 19.682: [WeakReference, 0 refs, 0.0000042 secs]2024-07-26T01:31:28.082+0800: 19.682: [FinalReference, 0 refs, 0.0000036 secs]2024-07-26T01:31:28.082+0800: 19.682: [PhantomReference, 0 refs, 0.0000035 secs]2024-07-26T01:31:28.082+0800: 19.682: [JNI Weak Reference, 0.0000039 secs]
Desired survivor size 10715136 bytes, new threshold 1 (max 1)
- age   1:   20971840 bytes,   20971840 total
: 187673K->20480K(188736K), 0.0058253 secs] 870740K->711739K(1027648K), 0.0058596 secs] [Times: user=0.00 sys=0.00, real=0.01 secs] 
Heap after GC invocations=784 (full 67):
 par new generation   total 188736K, used 20480K [0x00000000c0000000, 0x00000000cccc0000, 0x00000000cccc0000)
  eden space 167808K,   0% used [0x00000000c0000000, 0x00000000c0000000, 0x00000000ca3e0000)
  from space 20928K,  97% used [0x00000000cb850000, 0x00000000ccc50140, 0x00000000cccc0000)
  to   space 20928K,   0% used [0x00000000ca3e0000, 0x00000000ca3e0000, 0x00000000cb850000)
 concurrent mark-sweep generation total 838912K, used 691259K [0x00000000cccc0000, 0x0000000100000000, 0x0000000100000000)
 Metaspace       used 3935K, capacity 4540K, committed 4864K, reserved 1056768K
  class space    used 425K, capacity 428K, committed 512K, reserved 1048576K
}
2024-07-26T01:31:28.082+0800: 19.682: Total time for which application threads were stopped: 0.0059666 seconds, Stopping threads took: 0.0000262 seconds
{Heap before GC invocations=784 (full 67):
 par new generation   total 188736K, used 187673K [0x00000000c0000000, 0x00000000cccc0000, 0x00000000cccc0000)
  eden space 167808K,  99% used [0x00000000c0000000, 0x00000000ca346440, 0x00000000ca3e0000)
  from space 20928K,  97% used [0x00000000cb850000, 0x00000000ccc50140, 0x00000000cccc0000)
  to   space 20928K,   0% used [0x00000000ca3e0000, 0x00000000ca3e0000, 0x00000000cb850000)
 concurrent mark-sweep generation total 838912K, used 691259K [0x00000000cccc0000, 0x0000000100000000, 0x0000000100000000)
 Metaspace       used 3935K, capacity 4540K, committed 4864K, reserved 1056768K
  class space    used 425K, capacity 428K, committed 512K, reserved 1048576K
2024-07-26T01:31:28.097+0800: 19.696: [GC (Allocation Failure) 2024-07-26T01:31:28.097+0800: 19.696: [ParNew2024-07-26T01:31:28.111+0800: 19.711: [SoftReference, 0 refs, 0.0000327 secs]2024-07-26T01:31:28.111+0800: 19.711: [WeakReference, 0 refs, 0.0000041 secs]2024-07-26T01:31:28.111+0800: 19.711: [FinalReference, 0 refs, 0.0000035 secs]2024-07-26T01:31:28.111+0800: 19.711: [PhantomReference, 0 refs, 0.0000035 secs]2024-07-26T01:31:28.111+0800: 19.711: [JNI Weak Reference, 0.0000044 secs]
Desired survivor size 10715136 bytes, new threshold 1 (max 1)
- age   1:   20971840 bytes,   20971840 total
: 187673K->20480K(188736K), 0.0142773 secs] 878932K->783420K(1027648K), 0.0143181 secs] [Times: user=0.06 sys=0.00, real=0.01 secs] 
Heap after GC invocations=785 (full 67):
 par new generation   total 188736K, used 20480K [0x00000000c0000000, 0x00000000cccc0000, 0x00000000cccc0000)
  eden space 167808K,   0% used [0x00000000c0000000, 0x00000000c0000000, 0x00000000ca3e0000)
  from space 20928K,  97% used [0x00000000ca3e0000, 0x00000000cb7e0140, 0x00000000cb850000)
  to   space 20928K,   0% used [0x00000000cb850000, 0x00000000cb850000, 0x00000000cccc0000)
 concurrent mark-sweep generation total 838912K, used 762940K [0x00000000cccc0000, 0x0000000100000000, 0x0000000100000000)
 Metaspace       used 3935K, capacity 4540K, committed 4864K, reserved 1056768K
  class space    used 425K, capacity 428K, committed 512K, reserved 1048576K
}
2024-07-26T01:31:28.111+0800: 19.711: Total time for which application threads were stopped: 0.0145341 seconds, Stopping threads took: 0.0000264 seconds
{Heap before GC invocations=785 (full 67):
 par new generation   total 188736K, used 187673K [0x00000000c0000000, 0x00000000cccc0000, 0x00000000cccc0000)
  eden space 167808K,  99% used [0x00000000c0000000, 0x00000000ca346440, 0x00000000ca3e0000)
  from space 20928K,  97% used [0x00000000ca3e0000, 0x00000000cb7e0140, 0x00000000cb850000)
  to   space 20928K,   0% used [0x00000000cb850000, 0x00000000cb850000, 0x00000000cccc0000)
 concurrent mark-sweep generation total 838912K, used 762940K [0x00000000cccc0000, 0x0000000100000000, 0x0000000100000000)
 Metaspace       used 3935K, capacity 4540K, committed 4864K, reserved 1056768K
  class space    used 425K, capacity 428K, committed 512K, reserved 1048576K
2024-07-26T01:31:28.125+0800: 19.725: [GC (Allocation Failure) 2024-07-26T01:31:28.125+0800: 19.725: [ParNew: 187673K->187673K(188736K), 0.0000162 secs]2024-07-26T01:31:28.125+0800: 19.725: [CMS2024-07-26T01:31:28.125+0800: 19.725: [CMS-concurrent-abortable-preclean: 0.008/0.293 secs] [Times: user=0.34 sys=0.00, real=0.29 secs] 
 (concurrent mode failure)2024-07-26T01:31:28.126+0800: 19.726: [SoftReference, 0 refs, 0.0000096 secs]2024-07-26T01:31:28.126+0800: 19.726: [WeakReference, 2 refs, 0.0000042 secs]2024-07-26T01:31:28.126+0800: 19.726: [FinalReference, 2 refs, 0.0000038 secs]2024-07-26T01:31:28.126+0800: 19.726: [PhantomReference, 0 refs, 0.0000037 secs]2024-07-26T01:31:28.126+0800: 19.726: [JNI Weak Reference, 0.0000042 secs]: 762940K->53281K(838912K), 0.0094129 secs] 950613K->53281K(1027648K), [Metaspace: 3935K->3935K(1056768K)], 0.0094892 secs] [Times: user=0.00 sys=0.00, real=0.01 secs] 
Heap after GC invocations=786 (full 68):
 par new generation   total 188736K, used 0K [0x00000000c0000000, 0x00000000cccc0000, 0x00000000cccc0000)
  eden space 167808K,   0% used [0x00000000c0000000, 0x00000000c0000000, 0x00000000ca3e0000)
  from space 20928K,   0% used [0x00000000ca3e0000, 0x00000000ca3e0000, 0x00000000cb850000)
  to   space 20928K,   0% used [0x00000000cb850000, 0x00000000cb850000, 0x00000000cccc0000)
 concurrent mark-sweep generation total 838912K, used 53281K [0x00000000cccc0000, 0x0000000100000000, 0x0000000100000000)
 Metaspace       used 3935K, capacity 4540K, committed 4864K, reserved 1056768K
  class space    used 425K, capacity 428K, committed 512K, reserved 1048576K
}
2024-07-26T01:31:28.135+0800: 19.734: Total time for which application threads were stopped: 0.0096107 seconds, Stopping threads took: 0.0000242 seconds
{Heap before GC invocations=786 (full 68):
 par new generation   total 188736K, used 167193K [0x00000000c0000000, 0x00000000cccc0000, 0x00000000cccc0000)
  eden space 167808K,  99% used [0x00000000c0000000, 0x00000000ca346440, 0x00000000ca3e0000)
  from space 20928K,   0% used [0x00000000ca3e0000, 0x00000000ca3e0000, 0x00000000cb850000)
  to   space 20928K,   0% used [0x00000000cb850000, 0x00000000cb850000, 0x00000000cccc0000)
 concurrent mark-sweep generation total 838912K, used 53281K [0x00000000cccc0000, 0x0000000100000000, 0x0000000100000000)
 Metaspace       used 3935K, capacity 4540K, committed 4864K, reserved 1056768K
  class space    used 425K, capacity 428K, committed 512K, reserved 1048576K
2024-07-26T01:31:28.149+0800: 19.748: [GC (Allocation Failure) 2024-07-26T01:31:28.149+0800: 19.748: [ParNew2024-07-26T01:31:28.152+0800: 19.751: [SoftReference, 0 refs, 0.0000346 secs]2024-07-26T01:31:28.152+0800: 19.751: [WeakReference, 0 refs, 0.0000062 secs]2024-07-26T01:31:28.152+0800: 19.751: [FinalReference, 0 refs, 0.0000054 secs]2024-07-26T01:31:28.152+0800: 19.751: [PhantomReference, 0 refs, 0.0000052 secs]2024-07-26T01:31:28.152+0800: 19.751: [JNI Weak Reference, 0.0000058 secs]
Desired survivor size 10715136 bytes, new threshold 1 (max 1)
- age   1:   12583104 bytes,   12583104 total
: 167193K->12288K(188736K), 0.0027280 secs] 220474K->65569K(1027648K), 0.0027658 secs] [Times: user=0.00 sys=0.00, real=0.00 secs] 
Heap after GC invocations=787 (full 68):
 par new generation   total 188736K, used 12288K [0x00000000c0000000, 0x00000000cccc0000, 0x00000000cccc0000)
  eden space 167808K,   0% used [0x00000000c0000000, 0x00000000c0000000, 0x00000000ca3e0000)
  from space 20928K,  58% used [0x00000000cb850000, 0x00000000cc4500c0, 0x00000000cccc0000)
  to   space 20928K,   0% used [0x00000000ca3e0000, 0x00000000ca3e0000, 0x00000000cb850000)
 concurrent mark-sweep generation total 838912K, used 53281K [0x00000000cccc0000, 0x0000000100000000, 0x0000000100000000)
 Metaspace       used 3935K, capacity 4540K, committed 4864K, reserved 1056768K
  class space    used 425K, capacity 428K, committed 512K, reserved 1048576K
}
2024-07-26T01:31:28.152+0800: 19.751: Total time for which application threads were stopped: 0.0028864 seconds, Stopping threads took: 0.0000204 seconds
{Heap before GC invocations=787 (full 68):
 par new generation   total 188736K, used 179481K [0x00000000c0000000, 0x00000000cccc0000, 0x00000000cccc0000)
  eden space 167808K,  99% used [0x00000000c0000000, 0x00000000ca346440, 0x00000000ca3e0000)
  from space 20928K,  58% used [0x00000000cb850000, 0x00000000cc4500c0, 0x00000000cccc0000)
  to   space 20928K,   0% used [0x00000000ca3e0000, 0x00000000ca3e0000, 0x00000000cb850000)
 concurrent mark-sweep generation total 838912K, used 53281K [0x00000000cccc0000, 0x0000000100000000, 0x0000000100000000)
 Metaspace       used 3935K, capacity 4540K, committed 4864K, reserved 1056768K
  class space    used 425K, capacity 428K, committed 512K, reserved 1048576K
2024-07-26T01:31:28.167+0800: 19.767: [GC (Allocation Failure) 2024-07-26T01:31:28.167+0800: 19.767: [ParNew2024-07-26T01:31:28.188+0800: 19.788: [SoftReference, 0 refs, 0.0000909 secs]2024-07-26T01:31:28.188+0800: 19.788: [WeakReference, 0 refs, 0.0000110 secs]2024-07-26T01:31:28.188+0800: 19.788: [FinalReference, 0 refs, 0.0000080 secs]2024-07-26T01:31:28.188+0800: 19.788: [PhantomReference, 0 refs, 0.0000076 secs]2024-07-26T01:31:28.188+0800: 19.788: [JNI Weak Reference, 0.0000105 secs]
Desired survivor size 10715136 bytes, new threshold 1 (max 1)
- age   1:   20971840 bytes,   20971840 total
: 179481K->20480K(188736K), 0.0211617 secs] 232762K->129060K(1027648K), 0.0212366 secs] [Times: user=0.22 sys=0.03, real=0.02 secs] 
Heap after GC invocations=788 (full 68):
 par new generation   total 188736K, used 20480K [0x00000000c0000000, 0x00000000cccc0000, 0x00000000cccc0000)
  eden space 167808K,   0% used [0x00000000c0000000, 0x00000000c0000000, 0x00000000ca3e0000)
  from space 20928K,  97% used [0x00000000ca3e0000, 0x00000000cb7e0140, 0x00000000cb850000)
  to   space 20928K,   0% used [0x00000000cb850000, 0x00000000cb850000, 0x00000000cccc0000)
 concurrent mark-sweep generation total 838912K, used 108579K [0x00000000cccc0000, 0x0000000100000000, 0x0000000100000000)
 Metaspace       used 3935K, capacity 4540K, committed 4864K, reserved 1056768K
  class space    used 425K, capacity 428K, committed 512K, reserved 1048576K
}
2024-07-26T01:31:28.188+0800: 19.788: Total time for which application threads were stopped: 0.0214086 seconds, Stopping threads took: 0.0000287 seconds
{Heap before GC invocations=788 (full 68):
 par new generation   total 188736K, used 187673K [0x00000000c0000000, 0x00000000cccc0000, 0x00000000cccc0000)
  eden space 167808K,  99% used [0x00000000c0000000, 0x00000000ca346440, 0x00000000ca3e0000)
  from space 20928K,  97% used [0x00000000ca3e0000, 0x00000000cb7e0140, 0x00000000cb850000)
  to   space 20928K,   0% used [0x00000000cb850000, 0x00000000cb850000, 0x00000000cccc0000)
 concurrent mark-sweep generation total 838912K, used 108579K [0x00000000cccc0000, 0x0000000100000000, 0x0000000100000000)
 Metaspace       used 3935K, capacity 4540K, committed 4864K, reserved 1056768K
  class space    used 425K, capacity 428K, committed 512K, reserved 1048576K
2024-07-26T01:31:28.204+0800: 19.804: [GC (Allocation Failure) 2024-07-26T01:31:28.204+0800: 19.804: [ParNew2024-07-26T01:31:28.212+0800: 19.812: [SoftReference, 0 refs, 0.0000686 secs]2024-07-26T01:31:28.212+0800: 19.812: [WeakReference, 0 refs, 0.0000169 secs]2024-07-26T01:31:28.212+0800: 19.812: [FinalReference, 0 refs, 0.0000078 secs]2024-07-26T01:31:28.212+0800: 19.812: [PhantomReference, 0 refs, 0.0000073 secs]2024-07-26T01:31:28.212+0800: 19.812: [JNI Weak Reference, 0.0000071 secs]
Desired survivor size 10715136 bytes, new threshold 1 (max 1)
- age   1:   20971840 bytes,   20971840 total
: 187673K->20480K(188736K), 0.0076141 secs] 296253K->144422K(1027648K), 0.0076607 secs] [Times: user=0.00 sys=0.00, real=0.01 secs] 
Heap after GC invocations=789 (full 68):
 par new generation   total 188736K, used 20480K [0x00000000c0000000, 0x00000000cccc0000, 0x00000000cccc0000)
  eden space 167808K,   0% used [0x00000000c0000000, 0x00000000c0000000, 0x00000000ca3e0000)
  from space 20928K,  97% used [0x00000000cb850000, 0x00000000ccc50140, 0x00000000cccc0000)
  to   space 20928K,   0% used [0x00000000ca3e0000, 0x00000000ca3e0000, 0x00000000cb850000)
 concurrent mark-sweep generation total 838912K, used 123942K [0x00000000cccc0000, 0x0000000100000000, 0x0000000100000000)
 Metaspace       used 3935K, capacity 4540K, committed 4864K, reserved 1056768K
  class space    used 425K, capacity 428K, committed 512K, reserved 1048576K
}
2024-07-26T01:31:28.212+0800: 19.812: Total time for which application threads were stopped: 0.0078065 seconds, Stopping threads took: 0.0000273 seconds
{Heap before GC invocations=789 (full 68):
 par new generation   total 188736K, used 187673K [0x00000000c0000000, 0x00000000cccc0000, 0x00000000cccc0000)
  eden space 167808K,  99% used [0x00000000c0000000, 0x00000000ca346440, 0x00000000ca3e0000)
  from space 20928K,  97% used [0x00000000cb850000, 0x00000000ccc50140, 0x00000000cccc0000)
  to   space 20928K,   0% used [0x00000000ca3e0000, 0x00000000ca3e0000, 0x00000000cb850000)
 concurrent mark-sweep generation total 838912K, used 123942K [0x00000000cccc0000, 0x0000000100000000, 0x0000000100000000)
 Metaspace       used 3935K, capacity 4540K, committed 4864K, reserved 1056768K
  class space    used 425K, capacity 428K, committed 512K, reserved 1048576K
2024-07-26T01:31:28.231+0800: 19.830: [GC (Allocation Failure) 2024-07-26T01:31:28.231+0800: 19.830: [ParNew2024-07-26T01:31:28.253+0800: 19.853: [SoftReference, 0 refs, 0.0000346 secs]2024-07-26T01:31:28.253+0800: 19.853: [WeakReference, 0 refs, 0.0000043 secs]2024-07-26T01:31:28.253+0800: 19.853: [FinalReference, 0 refs, 0.0000038 secs]2024-07-26T01:31:28.253+0800: 19.853: [PhantomReference, 0 refs, 0.0000038 secs]2024-07-26T01:31:28.253+0800: 19.853: [JNI Weak Reference, 0.0000045 secs]
Desired survivor size 10715136 bytes, new threshold 1 (max 1)
- age   1:   20971840 bytes,   20971840 total
: 187673K->20480K(188736K), 0.0224498 secs] 311615K->223271K(1027648K), 0.0225046 secs] [Times: user=0.14 sys=0.03, real=0.02 secs] 
Heap after GC invocations=790 (full 68):
 par new generation   total 188736K, used 20480K [0x00000000c0000000, 0x00000000cccc0000, 0x00000000cccc0000)
  eden space 167808K,   0% used [0x00000000c0000000, 0x00000000c0000000, 0x00000000ca3e0000)
  from space 20928K,  97% used [0x00000000ca3e0000, 0x00000000cb7e0140, 0x00000000cb850000)
  to   space 20928K,   0% used [0x00000000cb850000, 0x00000000cb850000, 0x00000000cccc0000)
 concurrent mark-sweep generation total 838912K, used 202791K [0x00000000cccc0000, 0x0000000100000000, 0x0000000100000000)
 Metaspace       used 3935K, capacity 4540K, committed 4864K, reserved 1056768K
  class space    used 425K, capacity 428K, committed 512K, reserved 1048576K
}
2024-07-26T01:31:28.253+0800: 19.853: Total time for which application threads were stopped: 0.0226558 seconds, Stopping threads took: 0.0000401 seconds
{Heap before GC invocations=790 (full 68):
 par new generation   total 188736K, used 187673K [0x00000000c0000000, 0x00000000cccc0000, 0x00000000cccc0000)
  eden space 167808K,  99% used [0x00000000c0000000, 0x00000000ca346440, 0x00000000ca3e0000)
  from space 20928K,  97% used [0x00000000ca3e0000, 0x00000000cb7e0140, 0x00000000cb850000)
  to   space 20928K,   0% used [0x00000000cb850000, 0x00000000cb850000, 0x00000000cccc0000)
 concurrent mark-sweep generation total 838912K, used 202791K [0x00000000cccc0000, 0x0000000100000000, 0x0000000100000000)
 Metaspace       used 3935K, capacity 4540K, committed 4864K, reserved 1056768K
  class space    used 425K, capacity 428K, committed 512K, reserved 1048576K
2024-07-26T01:31:28.270+0800: 19.870: [GC (Allocation Failure) 2024-07-26T01:31:28.270+0800: 19.870: [ParNew2024-07-26T01:31:28.283+0800: 19.883: [SoftReference, 0 refs, 0.0000823 secs]2024-07-26T01:31:28.283+0800: 19.883: [WeakReference, 0 refs, 0.0000044 secs]2024-07-26T01:31:28.283+0800: 19.883: [FinalReference, 0 refs, 0.0000038 secs]2024-07-26T01:31:28.283+0800: 19.883: [PhantomReference, 0 refs, 0.0000038 secs]2024-07-26T01:31:28.283+0800: 19.883: [JNI Weak Reference, 0.0000052 secs]
Desired survivor size 10715136 bytes, new threshold 1 (max 1)
- age   1:   20971840 bytes,   20971840 total
: 187673K->20480K(188736K), 0.0130628 secs] 390464K->262186K(1027648K), 0.0131124 secs] [Times: user=0.02 sys=0.00, real=0.01 secs] 
Heap after GC invocations=791 (full 68):
 par new generation   total 188736K, used 20480K [0x00000000c0000000, 0x00000000cccc0000, 0x00000000cccc0000)
  eden space 167808K,   0% used [0x00000000c0000000, 0x00000000c0000000, 0x00000000ca3e0000)
  from space 20928K,  97% used [0x00000000cb850000, 0x00000000ccc50140, 0x00000000cccc0000)
  to   space 20928K,   0% used [0x00000000ca3e0000, 0x00000000ca3e0000, 0x00000000cb850000)
 concurrent mark-sweep generation total 838912K, used 241706K [0x00000000cccc0000, 0x0000000100000000, 0x0000000100000000)
 Metaspace       used 3935K, capacity 4540K, committed 4864K, reserved 1056768K
  class space    used 425K, capacity 428K, committed 512K, reserved 1048576K
}
2024-07-26T01:31:28.283+0800: 19.883: Total time for which application threads were stopped: 0.0132625 seconds, Stopping threads took: 0.0000316 seconds
{Heap before GC invocations=791 (full 68):
 par new generation   total 188736K, used 187673K [0x00000000c0000000, 0x00000000cccc0000, 0x00000000cccc0000)
  eden space 167808K,  99% used [0x00000000c0000000, 0x00000000ca346440, 0x00000000ca3e0000)
  from space 20928K,  97% used [0x00000000cb850000, 0x00000000ccc50140, 0x00000000cccc0000)
  to   space 20928K,   0% used [0x00000000ca3e0000, 0x00000000ca3e0000, 0x00000000cb850000)
 concurrent mark-sweep generation total 838912K, used 241706K [0x00000000cccc0000, 0x0000000100000000, 0x0000000100000000)
 Metaspace       used 3935K, capacity 4540K, committed 4864K, reserved 1056768K
  class space    used 425K, capacity 428K, committed 512K, reserved 1048576K
2024-07-26T01:31:28.299+0800: 19.899: [GC (Allocation Failure) 2024-07-26T01:31:28.299+0800: 19.899: [ParNew2024-07-26T01:31:28.305+0800: 19.905: [SoftReference, 0 refs, 0.0000448 secs]2024-07-26T01:31:28.305+0800: 19.905: [WeakReference, 0 refs, 0.0000046 secs]2024-07-26T01:31:28.305+0800: 19.905: [FinalReference, 0 refs, 0.0000041 secs]2024-07-26T01:31:28.305+0800: 19.905: [PhantomReference, 0 refs, 0.0000049 secs]2024-07-26T01:31:28.305+0800: 19.905: [JNI Weak Reference, 0.0000199 secs]
Desired survivor size 10715136 bytes, new threshold 1 (max 1)
- age   1:   19923248 bytes,   19923248 total
: 187673K->19456K(188736K), 0.0058532 secs] 429379K->261162K(1027648K), 0.0059135 secs] [Times: user=0.00 sys=0.00, real=0.01 secs] 
Heap after GC invocations=792 (full 68):
 par new generation   total 188736K, used 19456K [0x00000000c0000000, 0x00000000cccc0000, 0x00000000cccc0000)
  eden space 167808K,   0% used [0x00000000c0000000, 0x00000000c0000000, 0x00000000ca3e0000)
  from space 20928K,  92% used [0x00000000ca3e0000, 0x00000000cb6e0130, 0x00000000cb850000)
  to   space 20928K,   0% used [0x00000000cb850000, 0x00000000cb850000, 0x00000000cccc0000)
 concurrent mark-sweep generation total 838912K, used 241706K [0x00000000cccc0000, 0x0000000100000000, 0x0000000100000000)
 Metaspace       used 3935K, capacity 4540K, committed 4864K, reserved 1056768K
  class space    used 425K, capacity 428K, committed 512K, reserved 1048576K
}
2024-07-26T01:31:28.305+0800: 19.905: Total time for which application threads were stopped: 0.0060884 seconds, Stopping threads took: 0.0000396 seconds
{Heap before GC invocations=792 (full 68):
 par new generation   total 188736K, used 186649K [0x00000000c0000000, 0x00000000cccc0000, 0x00000000cccc0000)
  eden space 167808K,  99% used [0x00000000c0000000, 0x00000000ca346440, 0x00000000ca3e0000)
  from space 20928K,  92% used [0x00000000ca3e0000, 0x00000000cb6e0130, 0x00000000cb850000)
  to   space 20928K,   0% used [0x00000000cb850000, 0x00000000cb850000, 0x00000000cccc0000)
 concurrent mark-sweep generation total 838912K, used 241706K [0x00000000cccc0000, 0x0000000100000000, 0x0000000100000000)
 Metaspace       used 3935K, capacity 4540K, committed 4864K, reserved 1056768K
  class space    used 425K, capacity 428K, committed 512K, reserved 1048576K
2024-07-26T01:31:28.321+0800: 19.921: [GC (Allocation Failure) 2024-07-26T01:31:28.321+0800: 19.921: [ParNew2024-07-26T01:31:28.335+0800: 19.935: [SoftReference, 0 refs, 0.0000558 secs]2024-07-26T01:31:28.335+0800: 19.935: [WeakReference, 0 refs, 0.0000043 secs]2024-07-26T01:31:28.335+0800: 19.935: [FinalReference, 0 refs, 0.0000040 secs]2024-07-26T01:31:28.335+0800: 19.935: [PhantomReference, 0 refs, 0.0000037 secs]2024-07-26T01:31:28.335+0800: 19.935: [JNI Weak Reference, 0.0000052 secs]
Desired survivor size 10715136 bytes, new threshold 1 (max 1)
- age   1:   20971840 bytes,   20971840 total
: 186649K->20480K(188736K), 0.0143051 secs] 428355K->324653K(1027648K), 0.0143767 secs] [Times: user=0.06 sys=0.00, real=0.01 secs] 
Heap after GC invocations=793 (full 68):
 par new generation   total 188736K, used 20480K [0x00000000c0000000, 0x00000000cccc0000, 0x00000000cccc0000)
  eden space 167808K,   0% used [0x00000000c0000000, 0x00000000c0000000, 0x00000000ca3e0000)
  from space 20928K,  97% used [0x00000000cb850000, 0x00000000ccc50140, 0x00000000cccc0000)
  to   space 20928K,   0% used [0x00000000ca3e0000, 0x00000000ca3e0000, 0x00000000cb850000)
 concurrent mark-sweep generation total 838912K, used 304173K [0x00000000cccc0000, 0x0000000100000000, 0x0000000100000000)
 Metaspace       used 3935K, capacity 4540K, committed 4864K, reserved 1056768K
  class space    used 425K, capacity 428K, committed 512K, reserved 1048576K
}
2024-07-26T01:31:28.335+0800: 19.935: Total time for which application threads were stopped: 0.0145964 seconds, Stopping threads took: 0.0000470 seconds
{Heap before GC invocations=793 (full 68):
 par new generation   total 188736K, used 187673K [0x00000000c0000000, 0x00000000cccc0000, 0x00000000cccc0000)
  eden space 167808K,  99% used [0x00000000c0000000, 0x00000000ca346440, 0x00000000ca3e0000)
  from space 20928K,  97% used [0x00000000cb850000, 0x00000000ccc50140, 0x00000000cccc0000)
  to   space 20928K,   0% used [0x00000000ca3e0000, 0x00000000ca3e0000, 0x00000000cb850000)
 concurrent mark-sweep generation total 838912K, used 304173K [0x00000000cccc0000, 0x0000000100000000, 0x0000000100000000)
 Metaspace       used 3935K, capacity 4540K, committed 4864K, reserved 1056768K
  class space    used 425K, capacity 428K, committed 512K, reserved 1048576K
2024-07-26T01:31:28.351+0800: 19.951: [GC (Allocation Failure) 2024-07-26T01:31:28.351+0800: 19.951: [ParNew2024-07-26T01:31:28.358+0800: 19.958: [SoftReference, 0 refs, 0.0000322 secs]2024-07-26T01:31:28.359+0800: 19.958: [WeakReference, 0 refs, 0.0000045 secs]2024-07-26T01:31:28.359+0800: 19.958: [FinalReference, 0 refs, 0.0000038 secs]2024-07-26T01:31:28.359+0800: 19.958: [PhantomReference, 0 refs, 0.0000037 secs]2024-07-26T01:31:28.359+0800: 19.958: [JNI Weak Reference, 0.0000045 secs]
Desired survivor size 10715136 bytes, new threshold 1 (max 1)
- age   1:   20971840 bytes,   20971840 total
: 187673K->20480K(188736K), 0.0075437 secs] 491846K->347183K(1027648K), 0.0075819 secs] [Times: user=0.02 sys=0.00, real=0.01 secs] 
Heap after GC invocations=794 (full 68):
 par new generation   total 188736K, used 20480K [0x00000000c0000000, 0x00000000cccc0000, 0x00000000cccc0000)
  eden space 167808K,   0% used [0x00000000c0000000, 0x00000000c0000000, 0x00000000ca3e0000)
  from space 20928K,  97% used [0x00000000ca3e0000, 0x00000000cb7e0140, 0x00000000cb850000)
  to   space 20928K,   0% used [0x00000000cb850000, 0x00000000cb850000, 0x00000000cccc0000)
 concurrent mark-sweep generation total 838912K, used 326703K [0x00000000cccc0000, 0x0000000100000000, 0x0000000100000000)
 Metaspace       used 3935K, capacity 4540K, committed 4864K, reserved 1056768K
  class space    used 425K, capacity 428K, committed 512K, reserved 1048576K
}
2024-07-26T01:31:28.359+0800: 19.958: Total time for which application threads were stopped: 0.0076975 seconds, Stopping threads took: 0.0000227 seconds
{Heap before GC invocations=794 (full 68):
 par new generation   total 188736K, used 187673K [0x00000000c0000000, 0x00000000cccc0000, 0x00000000cccc0000)
  eden space 167808K,  99% used [0x00000000c0000000, 0x00000000ca346440, 0x00000000ca3e0000)
  from space 20928K,  97% used [0x00000000ca3e0000, 0x00000000cb7e0140, 0x00000000cb850000)
  to   space 20928K,   0% used [0x00000000cb850000, 0x00000000cb850000, 0x00000000cccc0000)
 concurrent mark-sweep generation total 838912K, used 326703K [0x00000000cccc0000, 0x0000000100000000, 0x0000000100000000)
 Metaspace       used 3935K, capacity 4540K, committed 4864K, reserved 1056768K
  class space    used 425K, capacity 428K, committed 512K, reserved 1048576K
2024-07-26T01:31:28.376+0800: 19.976: [GC (Allocation Failure) 2024-07-26T01:31:28.376+0800: 19.976: [ParNew2024-07-26T01:31:28.378+0800: 19.977: [SoftReference, 0 refs, 0.0000334 secs]2024-07-26T01:31:28.378+0800: 19.977: [WeakReference, 0 refs, 0.0000049 secs]2024-07-26T01:31:28.378+0800: 19.977: [FinalReference, 0 refs, 0.0000040 secs]2024-07-26T01:31:28.378+0800: 19.977: [PhantomReference, 0 refs, 0.0000040 secs]2024-07-26T01:31:28.378+0800: 19.977: [JNI Weak Reference, 0.0000046 secs]
Desired survivor size 10715136 bytes, new threshold 1 (max 1)
- age   1:    3145776 bytes,    3145776 total
: 187673K->3072K(188736K), 0.0015058 secs] 514376K->329775K(1027648K), 0.0015891 secs] [Times: user=0.00 sys=0.00, real=0.00 secs] 
Heap after GC invocations=795 (full 68):
 par new generation   total 188736K, used 3072K [0x00000000c0000000, 0x00000000cccc0000, 0x00000000cccc0000)
  eden space 167808K,   0% used [0x00000000c0000000, 0x00000000c0000000, 0x00000000ca3e0000)
  from space 20928K,  14% used [0x00000000cb850000, 0x00000000cbb50030, 0x00000000cccc0000)
  to   space 20928K,   0% used [0x00000000ca3e0000, 0x00000000ca3e0000, 0x00000000cb850000)
 concurrent mark-sweep generation total 838912K, used 326703K [0x00000000cccc0000, 0x0000000100000000, 0x0000000100000000)
 Metaspace       used 3935K, capacity 4540K, committed 4864K, reserved 1056768K
  class space    used 425K, capacity 428K, committed 512K, reserved 1048576K
}
2024-07-26T01:31:28.378+0800: 19.977: Total time for which application threads were stopped: 0.0017304 seconds, Stopping threads took: 0.0000355 seconds
{Heap before GC invocations=795 (full 68):
 par new generation   total 188736K, used 170265K [0x00000000c0000000, 0x00000000cccc0000, 0x00000000cccc0000)
  eden space 167808K,  99% used [0x00000000c0000000, 0x00000000ca346440, 0x00000000ca3e0000)
  from space 20928K,  14% used [0x00000000cb850000, 0x00000000cbb50030, 0x00000000cccc0000)
  to   space 20928K,   0% used [0x00000000ca3e0000, 0x00000000ca3e0000, 0x00000000cb850000)
 concurrent mark-sweep generation total 838912K, used 326703K [0x00000000cccc0000, 0x0000000100000000, 0x0000000100000000)
 Metaspace       used 3935K, capacity 4540K, committed 4864K, reserved 1056768K
  class space    used 425K, capacity 428K, committed 512K, reserved 1048576K
2024-07-26T01:31:28.393+0800: 19.992: [GC (Allocation Failure) 2024-07-26T01:31:28.393+0800: 19.992: [ParNew2024-07-26T01:31:28.415+0800: 20.014: [SoftReference, 0 refs, 0.0000679 secs]2024-07-26T01:31:28.415+0800: 20.014: [WeakReference, 0 refs, 0.0000092 secs]2024-07-26T01:31:28.415+0800: 20.014: [FinalReference, 0 refs, 0.0000112 secs]2024-07-26T01:31:28.415+0800: 20.014: [PhantomReference, 0 refs, 0.0000075 secs]2024-07-26T01:31:28.415+0800: 20.014: [JNI Weak Reference, 0.0000070 secs]
Desired survivor size 10715136 bytes, new threshold 1 (max 1)
- age   1:   20971840 bytes,   20971840 total
: 170265K->20480K(188736K), 0.0217000 secs] 496968K->393266K(1027648K), 0.0217552 secs] [Times: user=0.11 sys=0.00, real=0.02 secs] 
Heap after GC invocations=796 (full 68):
 par new generation   total 188736K, used 20480K [0x00000000c0000000, 0x00000000cccc0000, 0x00000000cccc0000)
  eden space 167808K,   0% used [0x00000000c0000000, 0x00000000c0000000, 0x00000000ca3e0000)
  from space 20928K,  97% used [0x00000000ca3e0000, 0x00000000cb7e0140, 0x00000000cb850000)
  to   space 20928K,   0% used [0x00000000cb850000, 0x00000000cb850000, 0x00000000cccc0000)
 concurrent mark-sweep generation total 838912K, used 372786K [0x00000000cccc0000, 0x0000000100000000, 0x0000000100000000)
 Metaspace       used 3935K, capacity 4540K, committed 4864K, reserved 1056768K
  class space    used 425K, capacity 428K, committed 512K, reserved 1048576K
}
2024-07-26T01:31:28.415+0800: 20.014: Total time for which application threads were stopped: 0.0219103 seconds, Stopping threads took: 0.0000341 seconds
2024-07-26T01:31:28.415+0800: 20.014: [GC (CMS Initial Mark) [1 CMS-initial-mark: 372786K(838912K)] 398665K(1027648K), 0.0006170 secs] [Times: user=0.00 sys=0.00, real=0.00 secs] 
2024-07-26T01:31:28.416+0800: 20.015: Total time for which application threads were stopped: 0.0007905 seconds, Stopping threads took: 0.0001300 seconds
2024-07-26T01:31:28.416+0800: 20.015: [CMS-concurrent-mark-start]
2024-07-26T01:31:28.418+0800: 20.017: [CMS-concurrent-mark: 0.002/0.002 secs] [Times: user=0.00 sys=0.00, real=0.00 secs] 
2024-07-26T01:31:28.418+0800: 20.017: [CMS-concurrent-preclean-start]
2024-07-26T01:31:28.418+0800: 20.017: [Preclean SoftReferences, 0.0000057 secs]2024-07-26T01:31:28.418+0800: 20.017: [Preclean WeakReferences, 0.0000048 secs]2024-07-26T01:31:28.418+0800: 20.017: [Preclean FinalReferences, 0.0000037 secs]2024-07-26T01:31:28.418+0800: 20.017: [Preclean PhantomReferences, 0.0000039 secs]2024-07-26T01:31:28.419+0800: 20.018: [CMS-concurrent-preclean: 0.001/0.001 secs] [Times: user=0.02 sys=0.00, real=0.00 secs] 
2024-07-26T01:31:28.419+0800: 20.018: [CMS-concurrent-abortable-preclean-start]
{Heap before GC invocations=796 (full 69):
 par new generation   total 188736K, used 187673K [0x00000000c0000000, 0x00000000cccc0000, 0x00000000cccc0000)
  eden space 167808K,  99% used [0x00000000c0000000, 0x00000000ca346440, 0x00000000ca3e0000)
  from space 20928K,  97% used [0x00000000ca3e0000, 0x00000000cb7e0140, 0x00000000cb850000)
  to   space 20928K,   0% used [0x00000000cb850000, 0x00000000cb850000, 0x00000000cccc0000)
 concurrent mark-sweep generation total 838912K, used 372786K [0x00000000cccc0000, 0x0000000100000000, 0x0000000100000000)
 Metaspace       used 3935K, capacity 4540K, committed 4864K, reserved 1056768K
  class space    used 425K, capacity 428K, committed 512K, reserved 1048576K
2024-07-26T01:31:28.431+0800: 20.031: [GC (Allocation Failure) 2024-07-26T01:31:28.431+0800: 20.031: [ParNew2024-07-26T01:31:28.439+0800: 20.038: [SoftReference, 0 refs, 0.0000425 secs]2024-07-26T01:31:28.439+0800: 20.038: [WeakReference, 0 refs, 0.0000044 secs]2024-07-26T01:31:28.439+0800: 20.038: [FinalReference, 0 refs, 0.0000038 secs]2024-07-26T01:31:28.439+0800: 20.038: [PhantomReference, 0 refs, 0.0000038 secs]2024-07-26T01:31:28.439+0800: 20.038: [JNI Weak Reference, 0.0000048 secs]
Desired survivor size 10715136 bytes, new threshold 1 (max 1)
- age   1:   20971840 bytes,   20971840 total
: 187673K->20480K(188736K), 0.0074423 secs] 560459K->399412K(1027648K), 0.0075233 secs] [Times: user=0.05 sys=0.00, real=0.01 secs] 
Heap after GC invocations=797 (full 69):
 par new generation   total 188736K, used 20480K [0x00000000c0000000, 0x00000000cccc0000, 0x00000000cccc0000)
  eden space 167808K,   0% used [0x00000000c0000000, 0x00000000c0000000, 0x00000000ca3e0000)
  from space 20928K,  97% used [0x00000000cb850000, 0x00000000ccc50140, 0x00000000cccc0000)
  to   space 20928K,   0% used [0x00000000ca3e0000, 0x00000000ca3e0000, 0x00000000cb850000)
 concurrent mark-sweep generation total 838912K, used 378932K [0x00000000cccc0000, 0x0000000100000000, 0x0000000100000000)
 Metaspace       used 3935K, capacity 4540K, committed 4864K, reserved 1056768K
  class space    used 425K, capacity 428K, committed 512K, reserved 1048576K
}
2024-07-26T01:31:28.439+0800: 20.039: Total time for which application threads were stopped: 0.0077004 seconds, Stopping threads took: 0.0000457 seconds
{Heap before GC invocations=797 (full 69):
 par new generation   total 188736K, used 187673K [0x00000000c0000000, 0x00000000cccc0000, 0x00000000cccc0000)
  eden space 167808K,  99% used [0x00000000c0000000, 0x00000000ca346440, 0x00000000ca3e0000)
  from space 20928K,  97% used [0x00000000cb850000, 0x00000000ccc50140, 0x00000000cccc0000)
  to   space 20928K,   0% used [0x00000000ca3e0000, 0x00000000ca3e0000, 0x00000000cb850000)
 concurrent mark-sweep generation total 838912K, used 378932K [0x00000000cccc0000, 0x0000000100000000, 0x0000000100000000)
 Metaspace       used 3935K, capacity 4540K, committed 4864K, reserved 1056768K
  class space    used 425K, capacity 428K, committed 512K, reserved 1048576K
2024-07-26T01:31:28.453+0800: 20.053: [GC (Allocation Failure) 2024-07-26T01:31:28.453+0800: 20.053: [ParNew2024-07-26T01:31:28.475+0800: 20.075: [SoftReference, 0 refs, 0.0000373 secs]2024-07-26T01:31:28.475+0800: 20.075: [WeakReference, 0 refs, 0.0000043 secs]2024-07-26T01:31:28.475+0800: 20.075: [FinalReference, 0 refs, 0.0000038 secs]2024-07-26T01:31:28.475+0800: 20.075: [PhantomReference, 0 refs, 0.0000038 secs]2024-07-26T01:31:28.475+0800: 20.075: [JNI Weak Reference, 0.0000042 secs]
Desired survivor size 10715136 bytes, new threshold 1 (max 1)
- age   1:   20971840 bytes,   20971840 total
: 187673K->20480K(188736K), 0.0217027 secs] 566605K->469045K(1027648K), 0.0217505 secs] [Times: user=0.17 sys=0.00, real=0.02 secs] 
Heap after GC invocations=798 (full 69):
 par new generation   total 188736K, used 20480K [0x00000000c0000000, 0x00000000cccc0000, 0x00000000cccc0000)
  eden space 167808K,   0% used [0x00000000c0000000, 0x00000000c0000000, 0x00000000ca3e0000)
  from space 20928K,  97% used [0x00000000ca3e0000, 0x00000000cb7e0140, 0x00000000cb850000)
  to   space 20928K,   0% used [0x00000000cb850000, 0x00000000cb850000, 0x00000000cccc0000)
 concurrent mark-sweep generation total 838912K, used 448565K [0x00000000cccc0000, 0x0000000100000000, 0x0000000100000000)
 Metaspace       used 3935K, capacity 4540K, committed 4864K, reserved 1056768K
  class space    used 425K, capacity 428K, committed 512K, reserved 1048576K
}
2024-07-26T01:31:28.475+0800: 20.075: Total time for which application threads were stopped: 0.0218652 seconds, Stopping threads took: 0.0000271 seconds
{Heap before GC invocations=798 (full 69):
 par new generation   total 188736K, used 187673K [0x00000000c0000000, 0x00000000cccc0000, 0x00000000cccc0000)
  eden space 167808K,  99% used [0x00000000c0000000, 0x00000000ca346440, 0x00000000ca3e0000)
  from space 20928K,  97% used [0x00000000ca3e0000, 0x00000000cb7e0140, 0x00000000cb850000)
  to   space 20928K,   0% used [0x00000000cb850000, 0x00000000cb850000, 0x00000000cccc0000)
 concurrent mark-sweep generation total 838912K, used 448565K [0x00000000cccc0000, 0x0000000100000000, 0x0000000100000000)
 Metaspace       used 3935K, capacity 4540K, committed 4864K, reserved 1056768K
  class space    used 425K, capacity 428K, committed 512K, reserved 1048576K
2024-07-26T01:31:28.491+0800: 20.090: [GC (Allocation Failure) 2024-07-26T01:31:28.491+0800: 20.090: [ParNew2024-07-26T01:31:28.503+0800: 20.103: [SoftReference, 0 refs, 0.0000424 secs]2024-07-26T01:31:28.503+0800: 20.103: [WeakReference, 0 refs, 0.0000047 secs]2024-07-26T01:31:28.503+0800: 20.103: [FinalReference, 0 refs, 0.0000040 secs]2024-07-26T01:31:28.503+0800: 20.103: [PhantomReference, 0 refs, 0.0000070 secs]2024-07-26T01:31:28.503+0800: 20.103: [JNI Weak Reference, 0.0000050 secs]
Desired survivor size 10715136 bytes, new threshold 1 (max 1)
- age   1:   20971840 bytes,   20971840 total
: 187673K->20480K(188736K), 0.0127237 secs] 636238K->498742K(1027648K), 0.0127831 secs] [Times: user=0.08 sys=0.01, real=0.01 secs] 
Heap after GC invocations=799 (full 69):
 par new generation   total 188736K, used 20480K [0x00000000c0000000, 0x00000000cccc0000, 0x00000000cccc0000)
  eden space 167808K,   0% used [0x00000000c0000000, 0x00000000c0000000, 0x00000000ca3e0000)
  from space 20928K,  97% used [0x00000000cb850000, 0x00000000ccc50140, 0x00000000cccc0000)
  to   space 20928K,   0% used [0x00000000ca3e0000, 0x00000000ca3e0000, 0x00000000cb850000)
 concurrent mark-sweep generation total 838912K, used 478261K [0x00000000cccc0000, 0x0000000100000000, 0x0000000100000000)
 Metaspace       used 3935K, capacity 4540K, committed 4864K, reserved 1056768K
  class space    used 425K, capacity 428K, committed 512K, reserved 1048576K
}
2024-07-26T01:31:28.503+0800: 20.103: Total time for which application threads were stopped: 0.0129513 seconds, Stopping threads took: 0.0000422 seconds
{Heap before GC invocations=799 (full 69):
 par new generation   total 188736K, used 187673K [0x00000000c0000000, 0x00000000cccc0000, 0x00000000cccc0000)
  eden space 167808K,  99% used [0x00000000c0000000, 0x00000000ca346440, 0x00000000ca3e0000)
  from space 20928K,  97% used [0x00000000cb850000, 0x00000000ccc50140, 0x00000000cccc0000)
  to   space 20928K,   0% used [0x00000000ca3e0000, 0x00000000ca3e0000, 0x00000000cb850000)
 concurrent mark-sweep generation total 838912K, used 478261K [0x00000000cccc0000, 0x0000000100000000, 0x0000000100000000)
 Metaspace       used 3935K, capacity 4540K, committed 4864K, reserved 1056768K
  class space    used 425K, capacity 428K, committed 512K, reserved 1048576K
2024-07-26T01:31:28.518+0800: 20.118: [GC (Allocation Failure) 2024-07-26T01:31:28.519+0800: 20.119: [ParNew2024-07-26T01:31:28.523+0800: 20.123: [SoftReference, 0 refs, 0.0000663 secs]2024-07-26T01:31:28.523+0800: 20.123: [WeakReference, 0 refs, 0.0000084 secs]2024-07-26T01:31:28.523+0800: 20.123: [FinalReference, 0 refs, 0.0000076 secs]2024-07-26T01:31:28.523+0800: 20.123: [PhantomReference, 0 refs, 0.0000072 secs]2024-07-26T01:31:28.523+0800: 20.123: [JNI Weak Reference, 0.0000077 secs]
Desired survivor size 10715136 bytes, new threshold 1 (max 1)
- age   1:   10485920 bytes,   10485920 total
: 187673K->10240K(188736K), 0.0041699 secs] 665935K->488501K(1027648K), 0.0042566 secs] [Times: user=0.00 sys=0.00, real=0.01 secs] 
Heap after GC invocations=800 (full 69):
 par new generation   total 188736K, used 10240K [0x00000000c0000000, 0x00000000cccc0000, 0x00000000cccc0000)
  eden space 167808K,   0% used [0x00000000c0000000, 0x00000000c0000000, 0x00000000ca3e0000)
  from space 20928K,  48% used [0x00000000ca3e0000, 0x00000000cade00a0, 0x00000000cb850000)
  to   space 20928K,   0% used [0x00000000cb850000, 0x00000000cb850000, 0x00000000cccc0000)
 concurrent mark-sweep generation total 838912K, used 478261K [0x00000000cccc0000, 0x0000000100000000, 0x0000000100000000)
 Metaspace       used 3935K, capacity 4540K, committed 4864K, reserved 1056768K
  class space    used 425K, capacity 428K, committed 512K, reserved 1048576K
}
2024-07-26T01:31:28.523+0800: 20.123: Total time for which application threads were stopped: 0.0044805 seconds, Stopping threads took: 0.0000701 seconds
{Heap before GC invocations=800 (full 69):
 par new generation   total 188736K, used 177433K [0x00000000c0000000, 0x00000000cccc0000, 0x00000000cccc0000)
  eden space 167808K,  99% used [0x00000000c0000000, 0x00000000ca346440, 0x00000000ca3e0000)
  from space 20928K,  48% used [0x00000000ca3e0000, 0x00000000cade00a0, 0x00000000cb850000)
  to   space 20928K,   0% used [0x00000000cb850000, 0x00000000cb850000, 0x00000000cccc0000)
 concurrent mark-sweep generation total 838912K, used 478261K [0x00000000cccc0000, 0x0000000100000000, 0x0000000100000000)
 Metaspace       used 3935K, capacity 4540K, committed 4864K, reserved 1056768K
  class space    used 425K, capacity 428K, committed 512K, reserved 1048576K
2024-07-26T01:31:28.541+0800: 20.141: [GC (Allocation Failure) 2024-07-26T01:31:28.541+0800: 20.141: [ParNew2024-07-26T01:31:28.558+0800: 20.158: [SoftReference, 0 refs, 0.0000579 secs]2024-07-26T01:31:28.558+0800: 20.158: [WeakReference, 0 refs, 0.0000091 secs]2024-07-26T01:31:28.558+0800: 20.158: [FinalReference, 0 refs, 0.0000082 secs]2024-07-26T01:31:28.558+0800: 20.158: [PhantomReference, 0 refs, 0.0000080 secs]2024-07-26T01:31:28.558+0800: 20.158: [JNI Weak Reference, 0.0000075 secs]
Desired survivor size 10715136 bytes, new threshold 1 (max 1)
- age   1:   20971840 bytes,   20971840 total
: 177433K->20480K(188736K), 0.0170558 secs] 655695K->551990K(1027648K), 0.0171172 secs] [Times: user=0.06 sys=0.03, real=0.02 secs] 
Heap after GC invocations=801 (full 69):
 par new generation   total 188736K, used 20480K [0x00000000c0000000, 0x00000000cccc0000, 0x00000000cccc0000)
  eden space 167808K,   0% used [0x00000000c0000000, 0x00000000c0000000, 0x00000000ca3e0000)
  from space 20928K,  97% used [0x00000000cb850000, 0x00000000ccc50140, 0x00000000cccc0000)
  to   space 20928K,   0% used [0x00000000ca3e0000, 0x00000000ca3e0000, 0x00000000cb850000)
 concurrent mark-sweep generation total 838912K, used 531510K [0x00000000cccc0000, 0x0000000100000000, 0x0000000100000000)
 Metaspace       used 3935K, capacity 4540K, committed 4864K, reserved 1056768K
  class space    used 425K, capacity 428K, committed 512K, reserved 1048576K
}
2024-07-26T01:31:28.558+0800: 20.159: Total time for which application threads were stopped: 0.0173020 seconds, Stopping threads took: 0.0000379 seconds
{Heap before GC invocations=801 (full 69):
 par new generation   total 188736K, used 187673K [0x00000000c0000000, 0x00000000cccc0000, 0x00000000cccc0000)
  eden space 167808K,  99% used [0x00000000c0000000, 0x00000000ca346440, 0x00000000ca3e0000)
  from space 20928K,  97% used [0x00000000cb850000, 0x00000000ccc50140, 0x00000000cccc0000)
  to   space 20928K,   0% used [0x00000000ca3e0000, 0x00000000ca3e0000, 0x00000000cb850000)
 concurrent mark-sweep generation total 838912K, used 531510K [0x00000000cccc0000, 0x0000000100000000, 0x0000000100000000)
 Metaspace       used 3935K, capacity 4540K, committed 4864K, reserved 1056768K
  class space    used 425K, capacity 428K, committed 512K, reserved 1048576K
2024-07-26T01:31:28.573+0800: 20.173: [GC (Allocation Failure) 2024-07-26T01:31:28.573+0800: 20.173: [ParNew2024-07-26T01:31:28.585+0800: 20.185: [SoftReference, 0 refs, 0.0001261 secs]2024-07-26T01:31:28.585+0800: 20.185: [WeakReference, 0 refs, 0.0000055 secs]2024-07-26T01:31:28.585+0800: 20.185: [FinalReference, 0 refs, 0.0000045 secs]2024-07-26T01:31:28.585+0800: 20.185: [PhantomReference, 0 refs, 0.0000040 secs]2024-07-26T01:31:28.585+0800: 20.185: [JNI Weak Reference, 0.0000098 secs]
Desired survivor size 10715136 bytes, new threshold 1 (max 1)
- age   1:   20971840 bytes,   20971840 total
: 187673K->20480K(188736K), 0.0120261 secs] 719184K->565303K(1027648K), 0.0120965 secs] [Times: user=0.06 sys=0.02, real=0.01 secs] 
Heap after GC invocations=802 (full 69):
 par new generation   total 188736K, used 20480K [0x00000000c0000000, 0x00000000cccc0000, 0x00000000cccc0000)
  eden space 167808K,   0% used [0x00000000c0000000, 0x00000000c0000000, 0x00000000ca3e0000)
  from space 20928K,  97% used [0x00000000ca3e0000, 0x00000000cb7e0140, 0x00000000cb850000)
  to   space 20928K,   0% used [0x00000000cb850000, 0x00000000cb850000, 0x00000000cccc0000)
 concurrent mark-sweep generation total 838912K, used 544822K [0x00000000cccc0000, 0x0000000100000000, 0x0000000100000000)
 Metaspace       used 3935K, capacity 4540K, committed 4864K, reserved 1056768K
  class space    used 425K, capacity 428K, committed 512K, reserved 1048576K
}
2024-07-26T01:31:28.585+0800: 20.185: Total time for which application threads were stopped: 0.0122913 seconds, Stopping threads took: 0.0000313 seconds
{Heap before GC invocations=802 (full 69):
 par new generation   total 188736K, used 187673K [0x00000000c0000000, 0x00000000cccc0000, 0x00000000cccc0000)
  eden space 167808K,  99% used [0x00000000c0000000, 0x00000000ca346440, 0x00000000ca3e0000)
  from space 20928K,  97% used [0x00000000ca3e0000, 0x00000000cb7e0140, 0x00000000cb850000)
  to   space 20928K,   0% used [0x00000000cb850000, 0x00000000cb850000, 0x00000000cccc0000)
 concurrent mark-sweep generation total 838912K, used 544822K [0x00000000cccc0000, 0x0000000100000000, 0x0000000100000000)
 Metaspace       used 3935K, capacity 4540K, committed 4864K, reserved 1056768K
  class space    used 425K, capacity 428K, committed 512K, reserved 1048576K
2024-07-26T01:31:28.602+0800: 20.201: [GC (Allocation Failure) 2024-07-26T01:31:28.602+0800: 20.201: [ParNew2024-07-26T01:31:28.625+0800: 20.224: [SoftReference, 0 refs, 0.0000467 secs]2024-07-26T01:31:28.625+0800: 20.224: [WeakReference, 0 refs, 0.0000051 secs]2024-07-26T01:31:28.625+0800: 20.224: [FinalReference, 0 refs, 0.0000044 secs]2024-07-26T01:31:28.625+0800: 20.224: [PhantomReference, 0 refs, 0.0000044 secs]2024-07-26T01:31:28.625+0800: 20.224: [JNI Weak Reference, 0.0000049 secs]
Desired survivor size 10715136 bytes, new threshold 1 (max 1)
- age   1:   20971840 bytes,   20971840 total
: 187673K->20480K(188736K), 0.0229054 secs] 732496K->642106K(1027648K), 0.0229882 secs] [Times: user=0.19 sys=0.00, real=0.02 secs] 
Heap after GC invocations=803 (full 69):
 par new generation   total 188736K, used 20480K [0x00000000c0000000, 0x00000000cccc0000, 0x00000000cccc0000)
  eden space 167808K,   0% used [0x00000000c0000000, 0x00000000c0000000, 0x00000000ca3e0000)
  from space 20928K,  97% used [0x00000000cb850000, 0x00000000ccc50140, 0x00000000cccc0000)
  to   space 20928K,   0% used [0x00000000ca3e0000, 0x00000000ca3e0000, 0x00000000cb850000)
 concurrent mark-sweep generation total 838912K, used 621626K [0x00000000cccc0000, 0x0000000100000000, 0x0000000100000000)
 Metaspace       used 3935K, capacity 4540K, committed 4864K, reserved 1056768K
  class space    used 425K, capacity 428K, committed 512K, reserved 1048576K
}
2024-07-26T01:31:28.625+0800: 20.224: Total time for which application threads were stopped: 0.0231523 seconds, Stopping threads took: 0.0000306 seconds
{Heap before GC invocations=803 (full 69):
 par new generation   total 188736K, used 187673K [0x00000000c0000000, 0x00000000cccc0000, 0x00000000cccc0000)
  eden space 167808K,  99% used [0x00000000c0000000, 0x00000000ca346440, 0x00000000ca3e0000)
  from space 20928K,  97% used [0x00000000cb850000, 0x00000000ccc50140, 0x00000000cccc0000)
  to   space 20928K,   0% used [0x00000000ca3e0000, 0x00000000ca3e0000, 0x00000000cb850000)
 concurrent mark-sweep generation total 838912K, used 621626K [0x00000000cccc0000, 0x0000000100000000, 0x0000000100000000)
 Metaspace       used 3935K, capacity 4540K, committed 4864K, reserved 1056768K
  class space    used 425K, capacity 428K, committed 512K, reserved 1048576K
2024-07-26T01:31:28.640+0800: 20.239: [GC (Allocation Failure) 2024-07-26T01:31:28.640+0800: 20.239: [ParNew2024-07-26T01:31:28.657+0800: 20.256: [SoftReference, 0 refs, 0.0000638 secs]2024-07-26T01:31:28.657+0800: 20.256: [WeakReference, 0 refs, 0.0000096 secs]2024-07-26T01:31:28.657+0800: 20.256: [FinalReference, 0 refs, 0.0000083 secs]2024-07-26T01:31:28.657+0800: 20.256: [PhantomReference, 0 refs, 0.0000081 secs]2024-07-26T01:31:28.657+0800: 20.256: [JNI Weak Reference, 0.0000079 secs]
Desired survivor size 10715136 bytes, new threshold 1 (max 1)
- age   1:   20971840 bytes,   20971840 total
: 187673K->20480K(188736K), 0.0169785 secs] 809299K->678970K(1027648K), 0.0170404 secs] [Times: user=0.13 sys=0.02, real=0.02 secs] 
Heap after GC invocations=804 (full 69):
 par new generation   total 188736K, used 20480K [0x00000000c0000000, 0x00000000cccc0000, 0x00000000cccc0000)
  eden space 167808K,   0% used [0x00000000c0000000, 0x00000000c0000000, 0x00000000ca3e0000)
  from space 20928K,  97% used [0x00000000ca3e0000, 0x00000000cb7e0140, 0x00000000cb850000)
  to   space 20928K,   0% used [0x00000000cb850000, 0x00000000cb850000, 0x00000000cccc0000)
 concurrent mark-sweep generation total 838912K, used 658490K [0x00000000cccc0000, 0x0000000100000000, 0x0000000100000000)
 Metaspace       used 3935K, capacity 4540K, committed 4864K, reserved 1056768K
  class space    used 425K, capacity 428K, committed 512K, reserved 1048576K
}
2024-07-26T01:31:28.657+0800: 20.256: Total time for which application threads were stopped: 0.0172063 seconds, Stopping threads took: 0.0000345 seconds
{Heap before GC invocations=804 (full 69):
 par new generation   total 188736K, used 187673K [0x00000000c0000000, 0x00000000cccc0000, 0x00000000cccc0000)
  eden space 167808K,  99% used [0x00000000c0000000, 0x00000000ca346440, 0x00000000ca3e0000)
  from space 20928K,  97% used [0x00000000ca3e0000, 0x00000000cb7e0140, 0x00000000cb850000)
  to   space 20928K,   0% used [0x00000000cb850000, 0x00000000cb850000, 0x00000000cccc0000)
 concurrent mark-sweep generation total 838912K, used 658490K [0x00000000cccc0000, 0x0000000100000000, 0x0000000100000000)
 Metaspace       used 3935K, capacity 4540K, committed 4864K, reserved 1056768K
  class space    used 425K, capacity 428K, committed 512K, reserved 1048576K
2024-07-26T01:31:28.677+0800: 20.276: [GC (Allocation Failure) 2024-07-26T01:31:28.677+0800: 20.276: [ParNew2024-07-26T01:31:28.684+0800: 20.283: [SoftReference, 0 refs, 0.0000418 secs]2024-07-26T01:31:28.684+0800: 20.283: [WeakReference, 0 refs, 0.0000055 secs]2024-07-26T01:31:28.684+0800: 20.283: [FinalReference, 0 refs, 0.0000051 secs]2024-07-26T01:31:28.684+0800: 20.283: [PhantomReference, 0 refs, 0.0000046 secs]2024-07-26T01:31:28.684+0800: 20.283: [JNI Weak Reference, 0.0000057 secs]
Desired survivor size 10715136 bytes, new threshold 1 (max 1)
- age   1:   17826064 bytes,   17826064 total
: 187673K->17408K(188736K), 0.0075913 secs] 846163K->675898K(1027648K), 0.0076694 secs] [Times: user=0.02 sys=0.00, real=0.01 secs] 
Heap after GC invocations=805 (full 69):
 par new generation   total 188736K, used 17408K [0x00000000c0000000, 0x00000000cccc0000, 0x00000000cccc0000)
  eden space 167808K,   0% used [0x00000000c0000000, 0x00000000c0000000, 0x00000000ca3e0000)
  from space 20928K,  83% used [0x00000000cb850000, 0x00000000cc950110, 0x00000000cccc0000)
  to   space 20928K,   0% used [0x00000000ca3e0000, 0x00000000ca3e0000, 0x00000000cb850000)
 concurrent mark-sweep generation total 838912K, used 658490K [0x00000000cccc0000, 0x0000000100000000, 0x0000000100000000)
 Metaspace       used 3935K, capacity 4540K, committed 4864K, reserved 1056768K
  class space    used 425K, capacity 428K, committed 512K, reserved 1048576K
}
2024-07-26T01:31:28.684+0800: 20.283: Total time for which application threads were stopped: 0.0078852 seconds, Stopping threads took: 0.0000639 seconds
{Heap before GC invocations=805 (full 69):
 par new generation   total 188736K, used 184601K [0x00000000c0000000, 0x00000000cccc0000, 0x00000000cccc0000)
  eden space 167808K,  99% used [0x00000000c0000000, 0x00000000ca346440, 0x00000000ca3e0000)
  from space 20928K,  83% used [0x00000000cb850000, 0x00000000cc950110, 0x00000000cccc0000)
  to   space 20928K,   0% used [0x00000000ca3e0000, 0x00000000ca3e0000, 0x00000000cb850000)
 concurrent mark-sweep generation total 838912K, used 658490K [0x00000000cccc0000, 0x0000000100000000, 0x0000000100000000)
 Metaspace       used 3935K, capacity 4540K, committed 4864K, reserved 1056768K
  class space    used 425K, capacity 428K, committed 512K, reserved 1048576K
2024-07-26T01:31:28.700+0800: 20.299: [GC (Allocation Failure) 2024-07-26T01:31:28.700+0800: 20.300: [ParNew2024-07-26T01:31:28.719+0800: 20.318: [SoftReference, 0 refs, 0.0000420 secs]2024-07-26T01:31:28.719+0800: 20.318: [WeakReference, 0 refs, 0.0000050 secs]2024-07-26T01:31:28.719+0800: 20.318: [FinalReference, 0 refs, 0.0000042 secs]2024-07-26T01:31:28.719+0800: 20.318: [PhantomReference, 0 refs, 0.0000075 secs]2024-07-26T01:31:28.719+0800: 20.318: [JNI Weak Reference, 0.0000053 secs]
Desired survivor size 10715136 bytes, new threshold 1 (max 1)
- age   1:   20971840 bytes,   20971840 total
: 184601K->20480K(188736K), 0.0189184 secs] 843091K->739389K(1027648K), 0.0189959 secs] [Times: user=0.11 sys=0.00, real=0.02 secs] 
Heap after GC invocations=806 (full 69):
 par new generation   total 188736K, used 20480K [0x00000000c0000000, 0x00000000cccc0000, 0x00000000cccc0000)
  eden space 167808K,   0% used [0x00000000c0000000, 0x00000000c0000000, 0x00000000ca3e0000)
  from space 20928K,  97% used [0x00000000ca3e0000, 0x00000000cb7e0140, 0x00000000cb850000)
  to   space 20928K,   0% used [0x00000000cb850000, 0x00000000cb850000, 0x00000000cccc0000)
 concurrent mark-sweep generation total 838912K, used 718909K [0x00000000cccc0000, 0x0000000100000000, 0x0000000100000000)
 Metaspace       used 3935K, capacity 4540K, committed 4864K, reserved 1056768K
  class space    used 425K, capacity 428K, committed 512K, reserved 1048576K
}
2024-07-26T01:31:28.719+0800: 20.319: Total time for which application threads were stopped: 0.0191830 seconds, Stopping threads took: 0.0000527 seconds
{Heap before GC invocations=806 (full 69):
 par new generation   total 188736K, used 187673K [0x00000000c0000000, 0x00000000cccc0000, 0x00000000cccc0000)
  eden space 167808K,  99% used [0x00000000c0000000, 0x00000000ca346440, 0x00000000ca3e0000)
  from space 20928K,  97% used [0x00000000ca3e0000, 0x00000000cb7e0140, 0x00000000cb850000)
  to   space 20928K,   0% used [0x00000000cb850000, 0x00000000cb850000, 0x00000000cccc0000)
 concurrent mark-sweep generation total 838912K, used 718909K [0x00000000cccc0000, 0x0000000100000000, 0x0000000100000000)
 Metaspace       used 3935K, capacity 4540K, committed 4864K, reserved 1056768K
  class space    used 425K, capacity 428K, committed 512K, reserved 1048576K
2024-07-26T01:31:28.735+0800: 20.335: [GC (Allocation Failure) 2024-07-26T01:31:28.735+0800: 20.335: [ParNew2024-07-26T01:31:28.748+0800: 20.347: [SoftReference, 0 refs, 0.0000827 secs]2024-07-26T01:31:28.748+0800: 20.347: [WeakReference, 0 refs, 0.0000107 secs]2024-07-26T01:31:28.748+0800: 20.347: [FinalReference, 0 refs, 0.0000090 secs]2024-07-26T01:31:28.748+0800: 20.347: [PhantomReference, 0 refs, 0.0000083 secs]2024-07-26T01:31:28.748+0800: 20.347: [JNI Weak Reference, 0.0000091 secs]
Desired survivor size 10715136 bytes, new threshold 1 (max 1)
- age   1:   20971840 bytes,   20971840 total
: 187673K->20480K(188736K), 0.0127004 secs] 906582K->759870K(1027648K), 0.0127654 secs] [Times: user=0.08 sys=0.02, real=0.01 secs] 
Heap after GC invocations=807 (full 69):
 par new generation   total 188736K, used 20480K [0x00000000c0000000, 0x00000000cccc0000, 0x00000000cccc0000)
  eden space 167808K,   0% used [0x00000000c0000000, 0x00000000c0000000, 0x00000000ca3e0000)
  from space 20928K,  97% used [0x00000000cb850000, 0x00000000ccc50140, 0x00000000cccc0000)
  to   space 20928K,   0% used [0x00000000ca3e0000, 0x00000000ca3e0000, 0x00000000cb850000)
 concurrent mark-sweep generation total 838912K, used 739389K [0x00000000cccc0000, 0x0000000100000000, 0x0000000100000000)
 Metaspace       used 3935K, capacity 4540K, committed 4864K, reserved 1056768K
  class space    used 425K, capacity 428K, committed 512K, reserved 1048576K
}
2024-07-26T01:31:28.748+0800: 20.348: Total time for which application threads were stopped: 0.0129493 seconds, Stopping threads took: 0.0000311 seconds
{Heap before GC invocations=807 (full 69):
 par new generation   total 188736K, used 187673K [0x00000000c0000000, 0x00000000cccc0000, 0x00000000cccc0000)
  eden space 167808K,  99% used [0x00000000c0000000, 0x00000000ca346440, 0x00000000ca3e0000)
  from space 20928K,  97% used [0x00000000cb850000, 0x00000000ccc50140, 0x00000000cccc0000)
  to   space 20928K,   0% used [0x00000000ca3e0000, 0x00000000ca3e0000, 0x00000000cb850000)
 concurrent mark-sweep generation total 838912K, used 739389K [0x00000000cccc0000, 0x0000000100000000, 0x0000000100000000)
 Metaspace       used 3935K, capacity 4540K, committed 4864K, reserved 1056768K
  class space    used 425K, capacity 428K, committed 512K, reserved 1048576K
2024-07-26T01:31:28.768+0800: 20.368: [GC (Allocation Failure) 2024-07-26T01:31:28.769+0800: 20.368: [ParNew2024-07-26T01:31:28.770+0800: 20.369: [SoftReference, 0 refs, 0.0000441 secs]2024-07-26T01:31:28.770+0800: 20.369: [WeakReference, 0 refs, 0.0000050 secs]2024-07-26T01:31:28.770+0800: 20.369: [FinalReference, 0 refs, 0.0000042 secs]2024-07-26T01:31:28.770+0800: 20.369: [PhantomReference, 0 refs, 0.0000037 secs]2024-07-26T01:31:28.770+0800: 20.369: [JNI Weak Reference, 0.0000064 secs]
Desired survivor size 10715136 bytes, new threshold 1 (max 1)
- age   1:    1048592 bytes,    1048592 total
: 187673K->1024K(188736K), 0.0012052 secs] 927063K->740413K(1027648K), 0.0012983 secs] [Times: user=0.00 sys=0.00, real=0.00 secs] 
Heap after GC invocations=808 (full 69):
 par new generation   total 188736K, used 1024K [0x00000000c0000000, 0x00000000cccc0000, 0x00000000cccc0000)
  eden space 167808K,   0% used [0x00000000c0000000, 0x00000000c0000000, 0x00000000ca3e0000)
  from space 20928K,   4% used [0x00000000ca3e0000, 0x00000000ca4e0010, 0x00000000cb850000)
  to   space 20928K,   0% used [0x00000000cb850000, 0x00000000cb850000, 0x00000000cccc0000)
 concurrent mark-sweep generation total 838912K, used 739389K [0x00000000cccc0000, 0x0000000100000000, 0x0000000100000000)
 Metaspace       used 3935K, capacity 4540K, committed 4864K, reserved 1056768K
  class space    used 425K, capacity 428K, committed 512K, reserved 1048576K
}
2024-07-26T01:31:28.770+0800: 20.370: Total time for which application threads were stopped: 0.0015113 seconds, Stopping threads took: 0.0000557 seconds
{Heap before GC invocations=808 (full 69):
 par new generation   total 188736K, used 168217K [0x00000000c0000000, 0x00000000cccc0000, 0x00000000cccc0000)
  eden space 167808K,  99% used [0x00000000c0000000, 0x00000000ca346440, 0x00000000ca3e0000)
  from space 20928K,   4% used [0x00000000ca3e0000, 0x00000000ca4e0010, 0x00000000cb850000)
  to   space 20928K,   0% used [0x00000000cb850000, 0x00000000cb850000, 0x00000000cccc0000)
 concurrent mark-sweep generation total 838912K, used 739389K [0x00000000cccc0000, 0x0000000100000000, 0x0000000100000000)
 Metaspace       used 3935K, capacity 4540K, committed 4864K, reserved 1056768K
  class space    used 425K, capacity 428K, committed 512K, reserved 1048576K
2024-07-26T01:31:28.787+0800: 20.387: [GC (Allocation Failure) 2024-07-26T01:31:28.787+0800: 20.387: [ParNew2024-07-26T01:31:28.802+0800: 20.401: [SoftReference, 0 refs, 0.0000500 secs]2024-07-26T01:31:28.802+0800: 20.401: [WeakReference, 0 refs, 0.0000050 secs]2024-07-26T01:31:28.802+0800: 20.401: [FinalReference, 0 refs, 0.0000045 secs]2024-07-26T01:31:28.802+0800: 20.401: [PhantomReference, 0 refs, 0.0000043 secs]2024-07-26T01:31:28.802+0800: 20.401: [JNI Weak Reference, 0.0000052 secs]
Desired survivor size 10715136 bytes, new threshold 1 (max 1)
- age   1:   20971840 bytes,   20971840 total
: 168217K->20480K(188736K), 0.0144401 secs] 907606K->803904K(1027648K), 0.0144917 secs] [Times: user=0.09 sys=0.00, real=0.02 secs] 
Heap after GC invocations=809 (full 69):
 par new generation   total 188736K, used 20480K [0x00000000c0000000, 0x00000000cccc0000, 0x00000000cccc0000)
  eden space 167808K,   0% used [0x00000000c0000000, 0x00000000c0000000, 0x00000000ca3e0000)
  from space 20928K,  97% used [0x00000000cb850000, 0x00000000ccc50140, 0x00000000cccc0000)
  to   space 20928K,   0% used [0x00000000ca3e0000, 0x00000000ca3e0000, 0x00000000cb850000)
 concurrent mark-sweep generation total 838912K, used 783424K [0x00000000cccc0000, 0x0000000100000000, 0x0000000100000000)
 Metaspace       used 3935K, capacity 4540K, committed 4864K, reserved 1056768K
  class space    used 425K, capacity 428K, committed 512K, reserved 1048576K
}
2024-07-26T01:31:28.802+0800: 20.401: Total time for which application threads were stopped: 0.0146381 seconds, Stopping threads took: 0.0000316 seconds
{Heap before GC invocations=809 (full 69):
 par new generation   total 188736K, used 187673K [0x00000000c0000000, 0x00000000cccc0000, 0x00000000cccc0000)
  eden space 167808K,  99% used [0x00000000c0000000, 0x00000000ca346440, 0x00000000ca3e0000)
  from space 20928K,  97% used [0x00000000cb850000, 0x00000000ccc50140, 0x00000000cccc0000)
  to   space 20928K,   0% used [0x00000000ca3e0000, 0x00000000ca3e0000, 0x00000000cb850000)
 concurrent mark-sweep generation total 838912K, used 783424K [0x00000000cccc0000, 0x0000000100000000, 0x0000000100000000)
 Metaspace       used 3935K, capacity 4540K, committed 4864K, reserved 1056768K
  class space    used 425K, capacity 428K, committed 512K, reserved 1048576K
2024-07-26T01:31:28.820+0800: 20.419: [GC (Allocation Failure) 2024-07-26T01:31:28.820+0800: 20.419: [ParNew: 187673K->187673K(188736K), 0.0000422 secs]2024-07-26T01:31:28.820+0800: 20.419: [CMS2024-07-26T01:31:28.820+0800: 20.419: [CMS-concurrent-abortable-preclean: 0.012/0.402 secs] [Times: user=1.08 sys=0.09, real=0.40 secs] 
 (concurrent mode failure)2024-07-26T01:31:28.821+0800: 20.421: [SoftReference, 0 refs, 0.0000362 secs]2024-07-26T01:31:28.821+0800: 20.421: [WeakReference, 2 refs, 0.0000071 secs]2024-07-26T01:31:28.822+0800: 20.421: [FinalReference, 2 refs, 0.0000067 secs]2024-07-26T01:31:28.822+0800: 20.421: [PhantomReference, 0 refs, 0.0000064 secs]2024-07-26T01:31:28.822+0800: 20.421: [JNI Weak Reference, 0.0000074 secs]: 783424K->25632K(838912K), 0.0127029 secs] 971097K->25632K(1027648K), [Metaspace: 3935K->3935K(1056768K)], 0.0129511 secs] [Times: user=0.00 sys=0.00, real=0.01 secs] 
Heap after GC invocations=810 (full 70):
 par new generation   total 188736K, used 0K [0x00000000c0000000, 0x00000000cccc0000, 0x00000000cccc0000)
  eden space 167808K,   0% used [0x00000000c0000000, 0x00000000c0000000, 0x00000000ca3e0000)
  from space 20928K,   0% used [0x00000000cb850000, 0x00000000cb850000, 0x00000000cccc0000)
  to   space 20928K,   0% used [0x00000000ca3e0000, 0x00000000ca3e0000, 0x00000000cb850000)
 concurrent mark-sweep generation total 838912K, used 25632K [0x00000000cccc0000, 0x0000000100000000, 0x0000000100000000)
 Metaspace       used 3935K, capacity 4540K, committed 4864K, reserved 1056768K
  class space    used 425K, capacity 428K, committed 512K, reserved 1048576K
}
2024-07-26T01:31:28.833+0800: 20.432: Total time for which application threads were stopped: 0.0132240 seconds, Stopping threads took: 0.0000564 seconds
{Heap before GC invocations=810 (full 70):
 par new generation   total 188736K, used 167193K [0x00000000c0000000, 0x00000000cccc0000, 0x00000000cccc0000)
  eden space 167808K,  99% used [0x00000000c0000000, 0x00000000ca346440, 0x00000000ca3e0000)
  from space 20928K,   0% used [0x00000000cb850000, 0x00000000cb850000, 0x00000000cccc0000)
  to   space 20928K,   0% used [0x00000000ca3e0000, 0x00000000ca3e0000, 0x00000000cb850000)
 concurrent mark-sweep generation total 838912K, used 25632K [0x00000000cccc0000, 0x0000000100000000, 0x0000000100000000)
 Metaspace       used 3935K, capacity 4540K, committed 4864K, reserved 1056768K
  class space    used 425K, capacity 428K, committed 512K, reserved 1048576K
2024-07-26T01:31:28.858+0800: 20.458: [GC (Allocation Failure) 2024-07-26T01:31:28.858+0800: 20.458: [ParNew2024-07-26T01:31:28.888+0800: 20.488: [SoftReference, 0 refs, 0.0000671 secs]2024-07-26T01:31:28.888+0800: 20.488: [WeakReference, 0 refs, 0.0000102 secs]2024-07-26T01:31:28.888+0800: 20.488: [FinalReference, 0 refs, 0.0000086 secs]2024-07-26T01:31:28.888+0800: 20.488: [PhantomReference, 0 refs, 0.0000080 secs]2024-07-26T01:31:28.888+0800: 20.488: [JNI Weak Reference, 0.0000085 secs]
Desired survivor size 10715136 bytes, new threshold 1 (max 1)
- age   1:   20971840 bytes,   20971840 total
: 167193K->20480K(188736K), 0.0302642 secs] 192825K->113699K(1027648K), 0.0303648 secs] [Times: user=0.13 sys=0.00, real=0.03 secs] 
Heap after GC invocations=811 (full 70):
 par new generation   total 188736K, used 20480K [0x00000000c0000000, 0x00000000cccc0000, 0x00000000cccc0000)
  eden space 167808K,   0% used [0x00000000c0000000, 0x00000000c0000000, 0x00000000ca3e0000)
  from space 20928K,  97% used [0x00000000ca3e0000, 0x00000000cb7e0140, 0x00000000cb850000)
  to   space 20928K,   0% used [0x00000000cb850000, 0x00000000cb850000, 0x00000000cccc0000)
 concurrent mark-sweep generation total 838912K, used 93219K [0x00000000cccc0000, 0x0000000100000000, 0x0000000100000000)
 Metaspace       used 3935K, capacity 4540K, committed 4864K, reserved 1056768K
  class space    used 425K, capacity 428K, committed 512K, reserved 1048576K
}
2024-07-26T01:31:28.888+0800: 20.489: Total time for which application threads were stopped: 0.0306238 seconds, Stopping threads took: 0.0000551 seconds
{Heap before GC invocations=811 (full 70):
 par new generation   total 188736K, used 187673K [0x00000000c0000000, 0x00000000cccc0000, 0x00000000cccc0000)
  eden space 167808K,  99% used [0x00000000c0000000, 0x00000000ca346440, 0x00000000ca3e0000)
  from space 20928K,  97% used [0x00000000ca3e0000, 0x00000000cb7e0140, 0x00000000cb850000)
  to   space 20928K,   0% used [0x00000000cb850000, 0x00000000cb850000, 0x00000000cccc0000)
 concurrent mark-sweep generation total 838912K, used 93219K [0x00000000cccc0000, 0x0000000100000000, 0x0000000100000000)
 Metaspace       used 3935K, capacity 4540K, committed 4864K, reserved 1056768K
  class space    used 425K, capacity 428K, committed 512K, reserved 1048576K
2024-07-26T01:31:28.912+0800: 20.511: [GC (Allocation Failure) 2024-07-26T01:31:28.912+0800: 20.511: [ParNew2024-07-26T01:31:28.924+0800: 20.523: [SoftReference, 0 refs, 0.0000574 secs]2024-07-26T01:31:28.924+0800: 20.523: [WeakReference, 0 refs, 0.0000110 secs]2024-07-26T01:31:28.924+0800: 20.523: [FinalReference, 0 refs, 0.0000146 secs]2024-07-26T01:31:28.924+0800: 20.523: [PhantomReference, 0 refs, 0.0000092 secs]2024-07-26T01:31:28.924+0800: 20.523: [JNI Weak Reference, 0.0000085 secs]
Desired survivor size 10715136 bytes, new threshold 1 (max 1)
- age   1:   20971840 bytes,   20971840 total
: 187673K->20480K(188736K), 0.0120944 secs] 280893K->141350K(1027648K), 0.0121496 secs] [Times: user=0.05 sys=0.00, real=0.01 secs] 
Heap after GC invocations=812 (full 70):
 par new generation   total 188736K, used 20480K [0x00000000c0000000, 0x00000000cccc0000, 0x00000000cccc0000)
  eden space 167808K,   0% used [0x00000000c0000000, 0x00000000c0000000, 0x00000000ca3e0000)
  from space 20928K,  97% used [0x00000000cb850000, 0x00000000ccc50140, 0x00000000cccc0000)
  to   space 20928K,   0% used [0x00000000ca3e0000, 0x00000000ca3e0000, 0x00000000cb850000)
 concurrent mark-sweep generation total 838912K, used 120870K [0x00000000cccc0000, 0x0000000100000000, 0x0000000100000000)
 Metaspace       used 3935K, capacity 4540K, committed 4864K, reserved 1056768K
  class space    used 425K, capacity 428K, committed 512K, reserved 1048576K
}
2024-07-26T01:31:28.924+0800: 20.523: Total time for which application threads were stopped: 0.0123122 seconds, Stopping threads took: 0.0000312 seconds
{Heap before GC invocations=812 (full 70):
 par new generation   total 188736K, used 187673K [0x00000000c0000000, 0x00000000cccc0000, 0x00000000cccc0000)
  eden space 167808K,  99% used [0x00000000c0000000, 0x00000000ca346440, 0x00000000ca3e0000)
  from space 20928K,  97% used [0x00000000cb850000, 0x00000000ccc50140, 0x00000000cccc0000)
  to   space 20928K,   0% used [0x00000000ca3e0000, 0x00000000ca3e0000, 0x00000000cb850000)
 concurrent mark-sweep generation total 838912K, used 120870K [0x00000000cccc0000, 0x0000000100000000, 0x0000000100000000)
 Metaspace       used 3935K, capacity 4540K, committed 4864K, reserved 1056768K
  class space    used 425K, capacity 428K, committed 512K, reserved 1048576K
2024-07-26T01:31:28.953+0800: 20.552: [GC (Allocation Failure) 2024-07-26T01:31:28.953+0800: 20.553: [ParNew2024-07-26T01:31:28.957+0800: 20.556: [SoftReference, 0 refs, 0.0000721 secs]2024-07-26T01:31:28.957+0800: 20.556: [WeakReference, 0 refs, 0.0000096 secs]2024-07-26T01:31:28.957+0800: 20.556: [FinalReference, 0 refs, 0.0000152 secs]2024-07-26T01:31:28.957+0800: 20.556: [PhantomReference, 0 refs, 0.0000078 secs]2024-07-26T01:31:28.957+0800: 20.556: [JNI Weak Reference, 0.0000085 secs]
Desired survivor size 10715136 bytes, new threshold 1 (max 1)
- age   1:    8388736 bytes,    8388736 total
: 187673K->8192K(188736K), 0.0035351 secs] 308543K->129062K(1027648K), 0.0036303 secs] [Times: user=0.00 sys=0.00, real=0.00 secs] 
Heap after GC invocations=813 (full 70):
 par new generation   total 188736K, used 8192K [0x00000000c0000000, 0x00000000cccc0000, 0x00000000cccc0000)
  eden space 167808K,   0% used [0x00000000c0000000, 0x00000000c0000000, 0x00000000ca3e0000)
  from space 20928K,  39% used [0x00000000ca3e0000, 0x00000000cabe0080, 0x00000000cb850000)
  to   space 20928K,   0% used [0x00000000cb850000, 0x00000000cb850000, 0x00000000cccc0000)
 concurrent mark-sweep generation total 838912K, used 120870K [0x00000000cccc0000, 0x0000000100000000, 0x0000000100000000)
 Metaspace       used 3935K, capacity 4540K, committed 4864K, reserved 1056768K
  class space    used 425K, capacity 428K, committed 512K, reserved 1048576K
}
2024-07-26T01:31:28.957+0800: 20.556: Total time for which application threads were stopped: 0.0039303 seconds, Stopping threads took: 0.0000639 seconds
{Heap before GC invocations=813 (full 70):
 par new generation   total 188736K, used 175385K [0x00000000c0000000, 0x00000000cccc0000, 0x00000000cccc0000)
  eden space 167808K,  99% used [0x00000000c0000000, 0x00000000ca346440, 0x00000000ca3e0000)
  from space 20928K,  39% used [0x00000000ca3e0000, 0x00000000cabe0080, 0x00000000cb850000)
  to   space 20928K,   0% used [0x00000000cb850000, 0x00000000cb850000, 0x00000000cccc0000)
 concurrent mark-sweep generation total 838912K, used 120870K [0x00000000cccc0000, 0x0000000100000000, 0x0000000100000000)
 Metaspace       used 3935K, capacity 4540K, committed 4864K, reserved 1056768K
  class space    used 425K, capacity 428K, committed 512K, reserved 1048576K
2024-07-26T01:31:28.979+0800: 20.578: [GC (Allocation Failure) 2024-07-26T01:31:28.979+0800: 20.578: [ParNew2024-07-26T01:31:28.998+0800: 20.598: [SoftReference, 0 refs, 0.0000601 secs]2024-07-26T01:31:28.999+0800: 20.598: [WeakReference, 0 refs, 0.0000099 secs]2024-07-26T01:31:28.999+0800: 20.598: [FinalReference, 0 refs, 0.0000083 secs]2024-07-26T01:31:28.999+0800: 20.598: [PhantomReference, 0 refs, 0.0000081 secs]2024-07-26T01:31:28.999+0800: 20.598: [JNI Weak Reference, 0.0000084 secs]
Desired survivor size 10715136 bytes, new threshold 1 (max 1)
- age   1:   20971840 bytes,   20971840 total
: 175385K->20480K(188736K), 0.0203478 secs] 296255K->192553K(1027648K), 0.0204400 secs] [Times: user=0.14 sys=0.01, real=0.02 secs] 
Heap after GC invocations=814 (full 70):
 par new generation   total 188736K, used 20480K [0x00000000c0000000, 0x00000000cccc0000, 0x00000000cccc0000)
  eden space 167808K,   0% used [0x00000000c0000000, 0x00000000c0000000, 0x00000000ca3e0000)
  from space 20928K,  97% used [0x00000000cb850000, 0x00000000ccc50140, 0x00000000cccc0000)
  to   space 20928K,   0% used [0x00000000ca3e0000, 0x00000000ca3e0000, 0x00000000cb850000)
 concurrent mark-sweep generation total 838912K, used 172072K [0x00000000cccc0000, 0x0000000100000000, 0x0000000100000000)
 Metaspace       used 3935K, capacity 4540K, committed 4864K, reserved 1056768K
  class space    used 425K, capacity 428K, committed 512K, reserved 1048576K
}
2024-07-26T01:31:28.999+0800: 20.598: Total time for which application threads were stopped: 0.0206828 seconds, Stopping threads took: 0.0000584 seconds
{Heap before GC invocations=814 (full 70):
 par new generation   total 188736K, used 187673K [0x00000000c0000000, 0x00000000cccc0000, 0x00000000cccc0000)
  eden space 167808K,  99% used [0x00000000c0000000, 0x00000000ca346440, 0x00000000ca3e0000)
  from space 20928K,  97% used [0x00000000cb850000, 0x00000000ccc50140, 0x00000000cccc0000)
  to   space 20928K,   0% used [0x00000000ca3e0000, 0x00000000ca3e0000, 0x00000000cb850000)
 concurrent mark-sweep generation total 838912K, used 172072K [0x00000000cccc0000, 0x0000000100000000, 0x0000000100000000)
 Metaspace       used 3935K, capacity 4540K, committed 4864K, reserved 1056768K
  class space    used 425K, capacity 428K, committed 512K, reserved 1048576K
2024-07-26T01:31:29.019+0800: 20.618: [GC (Allocation Failure) 2024-07-26T01:31:29.019+0800: 20.619: [ParNew2024-07-26T01:31:29.028+0800: 20.627: [SoftReference, 0 refs, 0.0000721 secs]2024-07-26T01:31:29.028+0800: 20.628: [WeakReference, 0 refs, 0.0000090 secs]2024-07-26T01:31:29.028+0800: 20.628: [FinalReference, 0 refs, 0.0000080 secs]2024-07-26T01:31:29.028+0800: 20.628: [PhantomReference, 0 refs, 0.0000078 secs]2024-07-26T01:31:29.028+0800: 20.628: [JNI Weak Reference, 0.0000082 secs]
Desired survivor size 10715136 bytes, new threshold 1 (max 1)
- age   1:   20971840 bytes,   20971840 total
: 187673K->20480K(188736K), 0.0089985 secs] 359746K->203817K(1027648K), 0.0091526 secs] [Times: user=0.02 sys=0.00, real=0.01 secs] 
Heap after GC invocations=815 (full 70):
 par new generation   total 188736K, used 20480K [0x00000000c0000000, 0x00000000cccc0000, 0x00000000cccc0000)
  eden space 167808K,   0% used [0x00000000c0000000, 0x00000000c0000000, 0x00000000ca3e0000)
  from space 20928K,  97% used [0x00000000ca3e0000, 0x00000000cb7e0140, 0x00000000cb850000)
  to   space 20928K,   0% used [0x00000000cb850000, 0x00000000cb850000, 0x00000000cccc0000)
 concurrent mark-sweep generation total 838912K, used 183337K [0x00000000cccc0000, 0x0000000100000000, 0x0000000100000000)
 Metaspace       used 3935K, capacity 4540K, committed 4864K, reserved 1056768K
  class space    used 425K, capacity 428K, committed 512K, reserved 1048576K
}
2024-07-26T01:31:29.028+0800: 20.628: Total time for which application threads were stopped: 0.0094813 seconds, Stopping threads took: 0.0000711 seconds
{Heap before GC invocations=815 (full 70):
 par new generation   total 188736K, used 187673K [0x00000000c0000000, 0x00000000cccc0000, 0x00000000cccc0000)
  eden space 167808K,  99% used [0x00000000c0000000, 0x00000000ca346440, 0x00000000ca3e0000)
  from space 20928K,  97% used [0x00000000ca3e0000, 0x00000000cb7e0140, 0x00000000cb850000)
  to   space 20928K,   0% used [0x00000000cb850000, 0x00000000cb850000, 0x00000000cccc0000)
 concurrent mark-sweep generation total 838912K, used 183337K [0x00000000cccc0000, 0x0000000100000000, 0x0000000100000000)
 Metaspace       used 3935K, capacity 4540K, committed 4864K, reserved 1056768K
  class space    used 425K, capacity 428K, committed 512K, reserved 1048576K
2024-07-26T01:31:29.052+0800: 20.652: [GC (Allocation Failure) 2024-07-26T01:31:29.052+0800: 20.652: [ParNew2024-07-26T01:31:29.079+0800: 20.678: [SoftReference, 0 refs, 0.0000976 secs]2024-07-26T01:31:29.079+0800: 20.678: [WeakReference, 0 refs, 0.0000109 secs]2024-07-26T01:31:29.079+0800: 20.678: [FinalReference, 0 refs, 0.0000084 secs]2024-07-26T01:31:29.079+0800: 20.678: [PhantomReference, 0 refs, 0.0000079 secs]2024-07-26T01:31:29.079+0800: 20.678: [JNI Weak Reference, 0.0000145 secs]
Desired survivor size 10715136 bytes, new threshold 1 (max 1)
- age   1:   20971840 bytes,   20971840 total
: 187673K->20480K(188736K), 0.0266456 secs] 371010K->278572K(1027648K), 0.0267176 secs] [Times: user=0.11 sys=0.02, real=0.03 secs] 
Heap after GC invocations=816 (full 70):
 par new generation   total 188736K, used 20480K [0x00000000c0000000, 0x00000000cccc0000, 0x00000000cccc0000)
  eden space 167808K,   0% used [0x00000000c0000000, 0x00000000c0000000, 0x00000000ca3e0000)
  from space 20928K,  97% used [0x00000000cb850000, 0x00000000ccc50140, 0x00000000cccc0000)
  to   space 20928K,   0% used [0x00000000ca3e0000, 0x00000000ca3e0000, 0x00000000cb850000)
 concurrent mark-sweep generation total 838912K, used 258092K [0x00000000cccc0000, 0x0000000100000000, 0x0000000100000000)
 Metaspace       used 3935K, capacity 4540K, committed 4864K, reserved 1056768K
  class space    used 425K, capacity 428K, committed 512K, reserved 1048576K
}
2024-07-26T01:31:29.079+0800: 20.678: Total time for which application threads were stopped: 0.0269409 seconds, Stopping threads took: 0.0000385 seconds
{Heap before GC invocations=816 (full 70):
 par new generation   total 188736K, used 187673K [0x00000000c0000000, 0x00000000cccc0000, 0x00000000cccc0000)
  eden space 167808K,  99% used [0x00000000c0000000, 0x00000000ca346440, 0x00000000ca3e0000)
  from space 20928K,  97% used [0x00000000cb850000, 0x00000000ccc50140, 0x00000000cccc0000)
  to   space 20928K,   0% used [0x00000000ca3e0000, 0x00000000ca3e0000, 0x00000000cb850000)
 concurrent mark-sweep generation total 838912K, used 258092K [0x00000000cccc0000, 0x0000000100000000, 0x0000000100000000)
 Metaspace       used 3935K, capacity 4540K, committed 4864K, reserved 1056768K
  class space    used 425K, capacity 428K, committed 512K, reserved 1048576K
2024-07-26T01:31:29.126+0800: 20.725: [GC (Allocation Failure) 2024-07-26T01:31:29.126+0800: 20.725: [ParNew2024-07-26T01:31:29.140+0800: 20.740: [SoftReference, 0 refs, 0.0000509 secs]2024-07-26T01:31:29.140+0800: 20.740: [WeakReference, 0 refs, 0.0000073 secs]2024-07-26T01:31:29.140+0800: 20.740: [FinalReference, 0 refs, 0.0000044 secs]2024-07-26T01:31:29.140+0800: 20.740: [PhantomReference, 0 refs, 0.0000044 secs]2024-07-26T01:31:29.140+0800: 20.740: [JNI Weak Reference, 0.0000053 secs]
Desired survivor size 10715136 bytes, new threshold 1 (max 1)
- age   1:   20971840 bytes,   20971840 total
: 187673K->20480K(188736K), 0.0149072 secs] 445765K->313391K(1027648K), 0.0149615 secs] [Times: user=0.09 sys=0.01, real=0.01 secs] 
Heap after GC invocations=817 (full 70):
 par new generation   total 188736K, used 20480K [0x00000000c0000000, 0x00000000cccc0000, 0x00000000cccc0000)
  eden space 167808K,   0% used [0x00000000c0000000, 0x00000000c0000000, 0x00000000ca3e0000)
  from space 20928K,  97% used [0x00000000ca3e0000, 0x00000000cb7e0140, 0x00000000cb850000)
  to   space 20928K,   0% used [0x00000000cb850000, 0x00000000cb850000, 0x00000000cccc0000)
 concurrent mark-sweep generation total 838912K, used 292910K [0x00000000cccc0000, 0x0000000100000000, 0x0000000100000000)
 Metaspace       used 3935K, capacity 4540K, committed 4864K, reserved 1056768K
  class space    used 425K, capacity 428K, committed 512K, reserved 1048576K
}
2024-07-26T01:31:29.140+0800: 20.740: Total time for which application threads were stopped: 0.0151378 seconds, Stopping threads took: 0.0000361 seconds
{Heap before GC invocations=817 (full 70):
 par new generation   total 188736K, used 187673K [0x00000000c0000000, 0x00000000cccc0000, 0x00000000cccc0000)
  eden space 167808K,  99% used [0x00000000c0000000, 0x00000000ca346440, 0x00000000ca3e0000)
  from space 20928K,  97% used [0x00000000ca3e0000, 0x00000000cb7e0140, 0x00000000cb850000)
  to   space 20928K,   0% used [0x00000000cb850000, 0x00000000cb850000, 0x00000000cccc0000)
 concurrent mark-sweep generation total 838912K, used 292910K [0x00000000cccc0000, 0x0000000100000000, 0x0000000100000000)
 Metaspace       used 3935K, capacity 4540K, committed 4864K, reserved 1056768K
  class space    used 425K, capacity 428K, committed 512K, reserved 1048576K
2024-07-26T01:31:29.165+0800: 20.764: [GC (Allocation Failure) 2024-07-26T01:31:29.165+0800: 20.764: [ParNew2024-07-26T01:31:29.169+0800: 20.769: [SoftReference, 0 refs, 0.0000529 secs]2024-07-26T01:31:29.169+0800: 20.769: [WeakReference, 0 refs, 0.0000093 secs]2024-07-26T01:31:29.169+0800: 20.769: [FinalReference, 0 refs, 0.0000091 secs]2024-07-26T01:31:29.169+0800: 20.769: [PhantomReference, 0 refs, 0.0000079 secs]2024-07-26T01:31:29.169+0800: 20.769: [JNI Weak Reference, 0.0000083 secs]
Desired survivor size 10715136 bytes, new threshold 1 (max 1)
- age   1:   15728880 bytes,   15728880 total
: 187673K->15360K(188736K), 0.0047262 secs] 480584K->308271K(1027648K), 0.0047760 secs] [Times: user=0.03 sys=0.00, real=0.00 secs] 
Heap after GC invocations=818 (full 70):
 par new generation   total 188736K, used 15360K [0x00000000c0000000, 0x00000000cccc0000, 0x00000000cccc0000)
  eden space 167808K,   0% used [0x00000000c0000000, 0x00000000c0000000, 0x00000000ca3e0000)
  from space 20928K,  73% used [0x00000000cb850000, 0x00000000cc7500f0, 0x00000000cccc0000)
  to   space 20928K,   0% used [0x00000000ca3e0000, 0x00000000ca3e0000, 0x00000000cb850000)
 concurrent mark-sweep generation total 838912K, used 292910K [0x00000000cccc0000, 0x0000000100000000, 0x0000000100000000)
 Metaspace       used 3935K, capacity 4540K, committed 4864K, reserved 1056768K
  class space    used 425K, capacity 428K, committed 512K, reserved 1048576K
}
2024-07-26T01:31:29.169+0800: 20.769: Total time for which application threads were stopped: 0.0049698 seconds, Stopping threads took: 0.0000412 seconds
{Heap before GC invocations=818 (full 70):
 par new generation   total 188736K, used 182553K [0x00000000c0000000, 0x00000000cccc0000, 0x00000000cccc0000)
  eden space 167808K,  99% used [0x00000000c0000000, 0x00000000ca346440, 0x00000000ca3e0000)
  from space 20928K,  73% used [0x00000000cb850000, 0x00000000cc7500f0, 0x00000000cccc0000)
  to   space 20928K,   0% used [0x00000000ca3e0000, 0x00000000ca3e0000, 0x00000000cb850000)
 concurrent mark-sweep generation total 838912K, used 292910K [0x00000000cccc0000, 0x0000000100000000, 0x0000000100000000)
 Metaspace       used 3935K, capacity 4540K, committed 4864K, reserved 1056768K
  class space    used 425K, capacity 428K, committed 512K, reserved 1048576K
2024-07-26T01:31:29.186+0800: 20.786: [GC (Allocation Failure) 2024-07-26T01:31:29.186+0800: 20.786: [ParNew2024-07-26T01:31:29.227+0800: 20.826: [SoftReference, 0 refs, 0.0000681 secs]2024-07-26T01:31:29.227+0800: 20.826: [WeakReference, 0 refs, 0.0000101 secs]2024-07-26T01:31:29.227+0800: 20.826: [FinalReference, 0 refs, 0.0000088 secs]2024-07-26T01:31:29.227+0800: 20.826: [PhantomReference, 0 refs, 0.0000083 secs]2024-07-26T01:31:29.227+0800: 20.826: [JNI Weak Reference, 0.0000091 secs]
Desired survivor size 10715136 bytes, new threshold 1 (max 1)
- age   1:   20971840 bytes,   20971840 total
: 182553K->20480K(188736K), 0.0404253 secs] 475464K->371762K(1027648K), 0.0404910 secs] [Times: user=0.11 sys=0.00, real=0.04 secs] 
Heap after GC invocations=819 (full 70):
 par new generation   total 188736K, used 20480K [0x00000000c0000000, 0x00000000cccc0000, 0x00000000cccc0000)
  eden space 167808K,   0% used [0x00000000c0000000, 0x00000000c0000000, 0x00000000ca3e0000)
  from space 20928K,  97% used [0x00000000ca3e0000, 0x00000000cb7e0140, 0x00000000cb850000)
  to   space 20928K,   0% used [0x00000000cb850000, 0x00000000cb850000, 0x00000000cccc0000)
 concurrent mark-sweep generation total 838912K, used 351281K [0x00000000cccc0000, 0x0000000100000000, 0x0000000100000000)
 Metaspace       used 3935K, capacity 4540K, committed 4864K, reserved 1056768K
  class space    used 425K, capacity 428K, committed 512K, reserved 1048576K
}
2024-07-26T01:31:29.227+0800: 20.826: Total time for which application threads were stopped: 0.0407263 seconds, Stopping threads took: 0.0000558 seconds
2024-07-26T01:31:29.228+0800: 20.827: [GC (CMS Initial Mark) [1 CMS-initial-mark: 351281K(838912K)] 372786K(1027648K), 0.0002492 secs] [Times: user=0.00 sys=0.00, real=0.00 secs] 
2024-07-26T01:31:29.228+0800: 20.827: Total time for which application threads were stopped: 0.0005144 seconds, Stopping threads took: 0.0001827 seconds
2024-07-26T01:31:29.228+0800: 20.827: [CMS-concurrent-mark-start]
2024-07-26T01:31:29.231+0800: 20.831: [CMS-concurrent-mark: 0.003/0.003 secs] [Times: user=0.00 sys=0.00, real=0.00 secs] 
2024-07-26T01:31:29.231+0800: 20.831: [CMS-concurrent-preclean-start]
2024-07-26T01:31:29.231+0800: 20.831: [Preclean SoftReferences, 0.0000082 secs]2024-07-26T01:31:29.231+0800: 20.831: [Preclean WeakReferences, 0.0000065 secs]2024-07-26T01:31:29.231+0800: 20.831: [Preclean FinalReferences, 0.0000047 secs]2024-07-26T01:31:29.231+0800: 20.831: [Preclean PhantomReferences, 0.0000051 secs]2024-07-26T01:31:29.233+0800: 20.832: [CMS-concurrent-preclean: 0.001/0.001 secs] [Times: user=0.00 sys=0.00, real=0.00 secs] 
2024-07-26T01:31:29.236+0800: 20.835: [GC (CMS Final Remark) [YG occupancy: 25878 K (188736 K)]{Heap before GC invocations=819 (full 71):
 par new generation   total 188736K, used 25878K [0x00000000c0000000, 0x00000000cccc0000, 0x00000000cccc0000)
  eden space 167808K,   3% used [0x00000000c0000000, 0x00000000c0545a60, 0x00000000ca3e0000)
  from space 20928K,  97% used [0x00000000ca3e0000, 0x00000000cb7e0140, 0x00000000cb850000)
  to   space 20928K,   0% used [0x00000000cb850000, 0x00000000cb850000, 0x00000000cccc0000)
 concurrent mark-sweep generation total 838912K, used 351281K [0x00000000cccc0000, 0x0000000100000000, 0x0000000100000000)
 Metaspace       used 3935K, capacity 4540K, committed 4864K, reserved 1056768K
  class space    used 425K, capacity 428K, committed 512K, reserved 1048576K
2024-07-26T01:31:29.236+0800: 20.835: [GC (CMS Final Remark) 2024-07-26T01:31:29.236+0800: 20.835: [ParNew2024-07-26T01:31:29.244+0800: 20.844: [SoftReference, 0 refs, 0.0000891 secs]2024-07-26T01:31:29.244+0800: 20.844: [WeakReference, 0 refs, 0.0000106 secs]2024-07-26T01:31:29.244+0800: 20.844: [FinalReference, 0 refs, 0.0000098 secs]2024-07-26T01:31:29.244+0800: 20.844: [PhantomReference, 0 refs, 0.0000085 secs]2024-07-26T01:31:29.244+0800: 20.844: [JNI Weak Reference, 0.0000084 secs]
Desired survivor size 10715136 bytes, new threshold 1 (max 1)
- age   1:    5242960 bytes,    5242960 total
: 25878K->5120K(188736K), 0.0085687 secs] 377160K->376882K(1027648K), 0.0086151 secs] [Times: user=0.02 sys=0.00, real=0.01 secs] 
Heap after GC invocations=820 (full 71):
 par new generation   total 188736K, used 5120K [0x00000000c0000000, 0x00000000cccc0000, 0x00000000cccc0000)
  eden space 167808K,   0% used [0x00000000c0000000, 0x00000000c0000000, 0x00000000ca3e0000)
  from space 20928K,  24% used [0x00000000cb850000, 0x00000000cbd50050, 0x00000000cccc0000)
  to   space 20928K,   0% used [0x00000000ca3e0000, 0x00000000ca3e0000, 0x00000000cb850000)
 concurrent mark-sweep generation total 838912K, used 371762K [0x00000000cccc0000, 0x0000000100000000, 0x0000000100000000)
 Metaspace       used 3935K, capacity 4540K, committed 4864K, reserved 1056768K
  class space    used 425K, capacity 428K, committed 512K, reserved 1048576K
}
2024-07-26T01:31:29.245+0800: 20.844: [Rescan (parallel) , 0.0004743 secs]2024-07-26T01:31:29.245+0800: 20.844: [weak refs processing2024-07-26T01:31:29.245+0800: 20.844: [SoftReference, 0 refs, 0.0000109 secs]2024-07-26T01:31:29.245+0800: 20.844: [WeakReference, 0 refs, 0.0000084 secs]2024-07-26T01:31:29.245+0800: 20.844: [FinalReference, 0 refs, 0.0000077 secs]2024-07-26T01:31:29.245+0800: 20.844: [PhantomReference, 0 refs, 0.0000074 secs]2024-07-26T01:31:29.245+0800: 20.844: [JNI Weak Reference, 0.0000073 secs], 0.0000772 secs]2024-07-26T01:31:29.245+0800: 20.844: [class unloading, 0.0005907 secs]2024-07-26T01:31:29.246+0800: 20.845: [scrub symbol table, 0.0006479 secs]2024-07-26T01:31:29.247+0800: 20.846: [scrub string table, 0.0002453 secs][1 CMS-remark: 371762K(838912K)] 376882K(1027648K), 0.0109227 secs] [Times: user=0.02 sys=0.00, real=0.01 secs] 
2024-07-26T01:31:29.247+0800: 20.846: Total time for which application threads were stopped: 0.0122908 seconds, Stopping threads took: 0.0012326 seconds
2024-07-26T01:31:29.247+0800: 20.846: [CMS-concurrent-sweep-start]
2024-07-26T01:31:29.248+0800: 20.847: [CMS-concurrent-sweep: 0.001/0.001 secs] [Times: user=0.00 sys=0.00, real=0.00 secs] 
2024-07-26T01:31:29.248+0800: 20.847: [CMS-concurrent-reset-start]
2024-07-26T01:31:29.249+0800: 20.848: [CMS-concurrent-reset: 0.001/0.001 secs] [Times: user=0.00 sys=0.00, real=0.00 secs] 
{Heap before GC invocations=820 (full 71):
 par new generation   total 188736K, used 172313K [0x00000000c0000000, 0x00000000cccc0000, 0x00000000cccc0000)
  eden space 167808K,  99% used [0x00000000c0000000, 0x00000000ca346440, 0x00000000ca3e0000)
  from space 20928K,  24% used [0x00000000cb850000, 0x00000000cbd50050, 0x00000000cccc0000)
  to   space 20928K,   0% used [0x00000000ca3e0000, 0x00000000ca3e0000, 0x00000000cb850000)
 concurrent mark-sweep generation total 838912K, used 79917K [0x00000000cccc0000, 0x0000000100000000, 0x0000000100000000)
 Metaspace       used 3935K, capacity 4540K, committed 4864K, reserved 1056768K
  class space    used 425K, capacity 428K, committed 512K, reserved 1048576K
2024-07-26T01:31:29.323+0800: 20.922: [GC (Allocation Failure) 2024-07-26T01:31:29.323+0800: 20.922: [ParNew2024-07-26T01:31:29.339+0800: 20.938: [SoftReference, 0 refs, 0.0000626 secs]2024-07-26T01:31:29.339+0800: 20.938: [WeakReference, 0 refs, 0.0000106 secs]2024-07-26T01:31:29.339+0800: 20.938: [FinalReference, 0 refs, 0.0000089 secs]2024-07-26T01:31:29.339+0800: 20.938: [PhantomReference, 0 refs, 0.0000089 secs]2024-07-26T01:31:29.339+0800: 20.938: [JNI Weak Reference, 0.0000096 secs]
Desired survivor size 10715136 bytes, new threshold 1 (max 1)
- age   1:   20971840 bytes,   20971840 total
: 172313K->20480K(188736K), 0.0159234 secs] 252230K->123952K(1027648K), 0.0160626 secs] [Times: user=0.05 sys=0.00, real=0.02 secs] 
Heap after GC invocations=821 (full 71):
 par new generation   total 188736K, used 20480K [0x00000000c0000000, 0x00000000cccc0000, 0x00000000cccc0000)
  eden space 167808K,   0% used [0x00000000c0000000, 0x00000000c0000000, 0x00000000ca3e0000)
  from space 20928K,  97% used [0x00000000ca3e0000, 0x00000000cb7e0140, 0x00000000cb850000)
  to   space 20928K,   0% used [0x00000000cb850000, 0x00000000cb850000, 0x00000000cccc0000)
 concurrent mark-sweep generation total 838912K, used 103472K [0x00000000cccc0000, 0x0000000100000000, 0x0000000100000000)
 Metaspace       used 3935K, capacity 4540K, committed 4864K, reserved 1056768K
  class space    used 425K, capacity 428K, committed 512K, reserved 1048576K
}
2024-07-26T01:31:29.339+0800: 20.938: Total time for which application threads were stopped: 0.0163000 seconds, Stopping threads took: 0.0000596 seconds
{Heap before GC invocations=821 (full 71):
 par new generation   total 188736K, used 187673K [0x00000000c0000000, 0x00000000cccc0000, 0x00000000cccc0000)
  eden space 167808K,  99% used [0x00000000c0000000, 0x00000000ca346440, 0x00000000ca3e0000)
  from space 20928K,  97% used [0x00000000ca3e0000, 0x00000000cb7e0140, 0x00000000cb850000)
  to   space 20928K,   0% used [0x00000000cb850000, 0x00000000cb850000, 0x00000000cccc0000)
 concurrent mark-sweep generation total 838912K, used 103472K [0x00000000cccc0000, 0x0000000100000000, 0x0000000100000000)
 Metaspace       used 3935K, capacity 4540K, committed 4864K, reserved 1056768K
  class space    used 425K, capacity 428K, committed 512K, reserved 1048576K
2024-07-26T01:31:29.395+0800: 20.995: [GC (Allocation Failure) 2024-07-26T01:31:29.395+0800: 20.995: [ParNew2024-07-26T01:31:29.398+0800: 20.997: [SoftReference, 0 refs, 0.0000604 secs]2024-07-26T01:31:29.398+0800: 20.997: [WeakReference, 0 refs, 0.0000102 secs]2024-07-26T01:31:29.398+0800: 20.997: [FinalReference, 0 refs, 0.0000086 secs]2024-07-26T01:31:29.398+0800: 20.997: [PhantomReference, 0 refs, 0.0000081 secs]2024-07-26T01:31:29.398+0800: 20.997: [JNI Weak Reference, 0.0000083 secs]
Desired survivor size 10715136 bytes, new threshold 1 (max 1)
- age   1:    4194368 bytes,    4194368 total
: 187673K->4096K(188736K), 0.0024384 secs] 291145K->107568K(1027648K), 0.0025215 secs] [Times: user=0.00 sys=0.00, real=0.00 secs] 
Heap after GC invocations=822 (full 71):
 par new generation   total 188736K, used 4096K [0x00000000c0000000, 0x00000000cccc0000, 0x00000000cccc0000)
  eden space 167808K,   0% used [0x00000000c0000000, 0x00000000c0000000, 0x00000000ca3e0000)
  from space 20928K,  19% used [0x00000000cb850000, 0x00000000cbc50040, 0x00000000cccc0000)
  to   space 20928K,   0% used [0x00000000ca3e0000, 0x00000000ca3e0000, 0x00000000cb850000)
 concurrent mark-sweep generation total 838912K, used 103472K [0x00000000cccc0000, 0x0000000100000000, 0x0000000100000000)
 Metaspace       used 3935K, capacity 4540K, committed 4864K, reserved 1056768K
  class space    used 425K, capacity 428K, committed 512K, reserved 1048576K
}
2024-07-26T01:31:29.398+0800: 20.997: Total time for which application threads were stopped: 0.0027642 seconds, Stopping threads took: 0.0000618 seconds
{Heap before GC invocations=822 (full 71):
 par new generation   total 188736K, used 171289K [0x00000000c0000000, 0x00000000cccc0000, 0x00000000cccc0000)
  eden space 167808K,  99% used [0x00000000c0000000, 0x00000000ca346440, 0x00000000ca3e0000)
  from space 20928K,  19% used [0x00000000cb850000, 0x00000000cbc50040, 0x00000000cccc0000)
  to   space 20928K,   0% used [0x00000000ca3e0000, 0x00000000ca3e0000, 0x00000000cb850000)
 concurrent mark-sweep generation total 838912K, used 103472K [0x00000000cccc0000, 0x0000000100000000, 0x0000000100000000)
 Metaspace       used 3935K, capacity 4540K, committed 4864K, reserved 1056768K
  class space    used 425K, capacity 428K, committed 512K, reserved 1048576K
2024-07-26T01:31:29.456+0800: 21.056: [GC (Allocation Failure) 2024-07-26T01:31:29.456+0800: 21.056: [ParNew2024-07-26T01:31:29.478+0800: 21.077: [SoftReference, 0 refs, 0.0000780 secs]2024-07-26T01:31:29.478+0800: 21.077: [WeakReference, 0 refs, 0.0000116 secs]2024-07-26T01:31:29.478+0800: 21.077: [FinalReference, 0 refs, 0.0000157 secs]2024-07-26T01:31:29.478+0800: 21.077: [PhantomReference, 0 refs, 0.0000095 secs]2024-07-26T01:31:29.478+0800: 21.077: [JNI Weak Reference, 0.0000099 secs]
Desired survivor size 10715136 bytes, new threshold 1 (max 1)
- age   1:   20971840 bytes,   20971840 total
: 171289K->20480K(188736K), 0.0215231 secs] 274761K->171057K(1027648K), 0.0216153 secs] [Times: user=0.03 sys=0.00, real=0.02 secs] 
Heap after GC invocations=823 (full 71):
 par new generation   total 188736K, used 20480K [0x00000000c0000000, 0x00000000cccc0000, 0x00000000cccc0000)
  eden space 167808K,   0% used [0x00000000c0000000, 0x00000000c0000000, 0x00000000ca3e0000)
  from space 20928K,  97% used [0x00000000ca3e0000, 0x00000000cb7e0140, 0x00000000cb850000)
  to   space 20928K,   0% used [0x00000000cb850000, 0x00000000cb850000, 0x00000000cccc0000)
 concurrent mark-sweep generation total 838912K, used 150576K [0x00000000cccc0000, 0x0000000100000000, 0x0000000100000000)
 Metaspace       used 3935K, capacity 4540K, committed 4864K, reserved 1056768K
  class space    used 425K, capacity 428K, committed 512K, reserved 1048576K
}
2024-07-26T01:31:29.478+0800: 21.081: Total time for which application threads were stopped: 0.0256200 seconds, Stopping threads took: 0.0000809 seconds
{Heap before GC invocations=823 (full 71):
 par new generation   total 188736K, used 187673K [0x00000000c0000000, 0x00000000cccc0000, 0x00000000cccc0000)
  eden space 167808K,  99% used [0x00000000c0000000, 0x00000000ca346440, 0x00000000ca3e0000)
  from space 20928K,  97% used [0x00000000ca3e0000, 0x00000000cb7e0140, 0x00000000cb850000)
  to   space 20928K,   0% used [0x00000000cb850000, 0x00000000cb850000, 0x00000000cccc0000)
 concurrent mark-sweep generation total 838912K, used 150576K [0x00000000cccc0000, 0x0000000100000000, 0x0000000100000000)
 Metaspace       used 3935K, capacity 4540K, committed 4864K, reserved 1056768K
  class space    used 425K, capacity 428K, committed 512K, reserved 1048576K
2024-07-26T01:31:29.519+0800: 21.119: [GC (Allocation Failure) 2024-07-26T01:31:29.519+0800: 21.119: [ParNew2024-07-26T01:31:29.537+0800: 21.137: [SoftReference, 0 refs, 0.0000764 secs]2024-07-26T01:31:29.537+0800: 21.137: [WeakReference, 0 refs, 0.0000066 secs]2024-07-26T01:31:29.537+0800: 21.137: [FinalReference, 0 refs, 0.0000054 secs]2024-07-26T01:31:29.537+0800: 21.137: [PhantomReference, 0 refs, 0.0000048 secs]2024-07-26T01:31:29.537+0800: 21.137: [JNI Weak Reference, 0.0000056 secs]
Desired survivor size 10715136 bytes, new threshold 1 (max 1)
- age   1:   20971840 bytes,   20971840 total
: 187673K->20480K(188736K), 0.0178897 secs] 338250K->178227K(1027648K), 0.0179551 secs] [Times: user=0.00 sys=0.00, real=0.02 secs] 
Heap after GC invocations=824 (full 71):
 par new generation   total 188736K, used 20480K [0x00000000c0000000, 0x00000000cccc0000, 0x00000000cccc0000)
  eden space 167808K,   0% used [0x00000000c0000000, 0x00000000c0000000, 0x00000000ca3e0000)
  from space 20928K,  97% used [0x00000000cb850000, 0x00000000ccc50140, 0x00000000cccc0000)
  to   space 20928K,   0% used [0x00000000ca3e0000, 0x00000000ca3e0000, 0x00000000cb850000)
 concurrent mark-sweep generation total 838912K, used 157746K [0x00000000cccc0000, 0x0000000100000000, 0x0000000100000000)
 Metaspace       used 3935K, capacity 4540K, committed 4864K, reserved 1056768K
  class space    used 425K, capacity 428K, committed 512K, reserved 1048576K
}
2024-07-26T01:31:29.537+0800: 21.137: Total time for which application threads were stopped: 0.0182009 seconds, Stopping threads took: 0.0000665 seconds
{Heap before GC invocations=824 (full 71):
 par new generation   total 188736K, used 187673K [0x00000000c0000000, 0x00000000cccc0000, 0x00000000cccc0000)
  eden space 167808K,  99% used [0x00000000c0000000, 0x00000000ca346440, 0x00000000ca3e0000)
  from space 20928K,  97% used [0x00000000cb850000, 0x00000000ccc50140, 0x00000000cccc0000)
  to   space 20928K,   0% used [0x00000000ca3e0000, 0x00000000ca3e0000, 0x00000000cb850000)
 concurrent mark-sweep generation total 838912K, used 157746K [0x00000000cccc0000, 0x0000000100000000, 0x0000000100000000)
 Metaspace       used 3935K, capacity 4540K, committed 4864K, reserved 1056768K
  class space    used 425K, capacity 428K, committed 512K, reserved 1048576K
2024-07-26T01:31:29.617+0800: 21.216: [GC (Allocation Failure) 2024-07-26T01:31:29.617+0800: 21.216: [ParNew2024-07-26T01:31:29.639+0800: 21.238: [SoftReference, 0 refs, 0.0000798 secs]2024-07-26T01:31:29.639+0800: 21.238: [WeakReference, 0 refs, 0.0000108 secs]2024-07-26T01:31:29.639+0800: 21.238: [FinalReference, 0 refs, 0.0000089 secs]2024-07-26T01:31:29.639+0800: 21.238: [PhantomReference, 0 refs, 0.0000087 secs]2024-07-26T01:31:29.639+0800: 21.238: [JNI Weak Reference, 0.0000090 secs]
Desired survivor size 10715136 bytes, new threshold 1 (max 1)
- age   1:   20971840 bytes,   20971840 total
: 187673K->20480K(188736K), 0.0221916 secs] 345420K->248886K(1027648K), 0.0222732 secs] [Times: user=0.11 sys=0.00, real=0.02 secs] 
Heap after GC invocations=825 (full 71):
 par new generation   total 188736K, used 20480K [0x00000000c0000000, 0x00000000cccc0000, 0x00000000cccc0000)
  eden space 167808K,   0% used [0x00000000c0000000, 0x00000000c0000000, 0x00000000ca3e0000)
  from space 20928K,  97% used [0x00000000ca3e0000, 0x00000000cb7e0140, 0x00000000cb850000)
  to   space 20928K,   0% used [0x00000000cb850000, 0x00000000cb850000, 0x00000000cccc0000)
 concurrent mark-sweep generation total 838912K, used 228406K [0x00000000cccc0000, 0x0000000100000000, 0x0000000100000000)
 Metaspace       used 3935K, capacity 4540K, committed 4864K, reserved 1056768K
  class space    used 425K, capacity 428K, committed 512K, reserved 1048576K
}
2024-07-26T01:31:29.639+0800: 21.238: Total time for which application threads were stopped: 0.0225081 seconds, Stopping threads took: 0.0000569 seconds
{Heap before GC invocations=825 (full 71):
 par new generation   total 188736K, used 187673K [0x00000000c0000000, 0x00000000cccc0000, 0x00000000cccc0000)
  eden space 167808K,  99% used [0x00000000c0000000, 0x00000000ca346440, 0x00000000ca3e0000)
  from space 20928K,  97% used [0x00000000ca3e0000, 0x00000000cb7e0140, 0x00000000cb850000)
  to   space 20928K,   0% used [0x00000000cb850000, 0x00000000cb850000, 0x00000000cccc0000)
 concurrent mark-sweep generation total 838912K, used 228406K [0x00000000cccc0000, 0x0000000100000000, 0x0000000100000000)
 Metaspace       used 3935K, capacity 4540K, committed 4864K, reserved 1056768K
  class space    used 425K, capacity 428K, committed 512K, reserved 1048576K
2024-07-26T01:31:29.677+0800: 21.277: [GC (Allocation Failure) 2024-07-26T01:31:29.677+0800: 21.277: [ParNew2024-07-26T01:31:29.690+0800: 21.290: [SoftReference, 0 refs, 0.0000701 secs]2024-07-26T01:31:29.690+0800: 21.290: [WeakReference, 0 refs, 0.0000094 secs]2024-07-26T01:31:29.690+0800: 21.290: [FinalReference, 0 refs, 0.0000082 secs]2024-07-26T01:31:29.690+0800: 21.290: [PhantomReference, 0 refs, 0.0000211 secs]2024-07-26T01:31:29.690+0800: 21.290: [JNI Weak Reference, 0.0000087 secs]
Desired survivor size 10715136 bytes, new threshold 1 (max 1)
- age   1:   20971840 bytes,   20971840 total
: 187673K->20480K(188736K), 0.0129318 secs] 416079K->279606K(1027648K), 0.0130097 secs] [Times: user=0.13 sys=0.00, real=0.01 secs] 
Heap after GC invocations=826 (full 71):
 par new generation   total 188736K, used 20480K [0x00000000c0000000, 0x00000000cccc0000, 0x00000000cccc0000)
  eden space 167808K,   0% used [0x00000000c0000000, 0x00000000c0000000, 0x00000000ca3e0000)
  from space 20928K,  97% used [0x00000000cb850000, 0x00000000ccc50140, 0x00000000cccc0000)
  to   space 20928K,   0% used [0x00000000ca3e0000, 0x00000000ca3e0000, 0x00000000cb850000)
 concurrent mark-sweep generation total 838912K, used 259126K [0x00000000cccc0000, 0x0000000100000000, 0x0000000100000000)
 Metaspace       used 3935K, capacity 4540K, committed 4864K, reserved 1056768K
  class space    used 425K, capacity 428K, committed 512K, reserved 1048576K
}
2024-07-26T01:31:29.690+0800: 21.290: Total time for which application threads were stopped: 0.0133194 seconds, Stopping threads took: 0.0001256 seconds
{Heap before GC invocations=826 (full 71):
 par new generation   total 188736K, used 187673K [0x00000000c0000000, 0x00000000cccc0000, 0x00000000cccc0000)
  eden space 167808K,  99% used [0x00000000c0000000, 0x00000000ca346440, 0x00000000ca3e0000)
  from space 20928K,  97% used [0x00000000cb850000, 0x00000000ccc50140, 0x00000000cccc0000)
  to   space 20928K,   0% used [0x00000000ca3e0000, 0x00000000ca3e0000, 0x00000000cb850000)
 concurrent mark-sweep generation total 838912K, used 259126K [0x00000000cccc0000, 0x0000000100000000, 0x0000000100000000)
 Metaspace       used 3935K, capacity 4540K, committed 4864K, reserved 1056768K
  class space    used 425K, capacity 428K, committed 512K, reserved 1048576K
2024-07-26T01:31:29.761+0800: 21.360: [GC (Allocation Failure) 2024-07-26T01:31:29.761+0800: 21.360: [ParNew2024-07-26T01:31:29.764+0800: 21.364: [SoftReference, 0 refs, 0.0000782 secs]2024-07-26T01:31:29.764+0800: 21.364: [WeakReference, 0 refs, 0.0000100 secs]2024-07-26T01:31:29.764+0800: 21.364: [FinalReference, 0 refs, 0.0000087 secs]2024-07-26T01:31:29.764+0800: 21.364: [PhantomReference, 0 refs, 0.0000083 secs]2024-07-26T01:31:29.764+0800: 21.364: [JNI Weak Reference, 0.0000085 secs]
Desired survivor size 10715136 bytes, new threshold 1 (max 1)
- age   1:   11534512 bytes,   11534512 total
: 187673K->11264K(188736K), 0.0034320 secs] 446799K->270390K(1027648K), 0.0035315 secs] [Times: user=0.03 sys=0.00, real=0.00 secs] 
Heap after GC invocations=827 (full 71):
 par new generation   total 188736K, used 11264K [0x00000000c0000000, 0x00000000cccc0000, 0x00000000cccc0000)
  eden space 167808K,   0% used [0x00000000c0000000, 0x00000000c0000000, 0x00000000ca3e0000)
  from space 20928K,  53% used [0x00000000ca3e0000, 0x00000000caee00b0, 0x00000000cb850000)
  to   space 20928K,   0% used [0x00000000cb850000, 0x00000000cb850000, 0x00000000cccc0000)
 concurrent mark-sweep generation total 838912K, used 259126K [0x00000000cccc0000, 0x0000000100000000, 0x0000000100000000)
 Metaspace       used 3935K, capacity 4540K, committed 4864K, reserved 1056768K
  class space    used 425K, capacity 428K, committed 512K, reserved 1048576K
}
2024-07-26T01:31:29.764+0800: 21.364: Total time for which application threads were stopped: 0.0037881 seconds, Stopping threads took: 0.0000610 seconds
{Heap before GC invocations=827 (full 71):
 par new generation   total 188736K, used 178457K [0x00000000c0000000, 0x00000000cccc0000, 0x00000000cccc0000)
  eden space 167808K,  99% used [0x00000000c0000000, 0x00000000ca346440, 0x00000000ca3e0000)
  from space 20928K,  53% used [0x00000000ca3e0000, 0x00000000caee00b0, 0x00000000cb850000)
  to   space 20928K,   0% used [0x00000000cb850000, 0x00000000cb850000, 0x00000000cccc0000)
 concurrent mark-sweep generation total 838912K, used 259126K [0x00000000cccc0000, 0x0000000100000000, 0x0000000100000000)
 Metaspace       used 3935K, capacity 4540K, committed 4864K, reserved 1056768K
  class space    used 425K, capacity 428K, committed 512K, reserved 1048576K
2024-07-26T01:31:29.798+0800: 21.398: [GC (Allocation Failure) 2024-07-26T01:31:29.798+0800: 21.398: [ParNew2024-07-26T01:31:29.814+0800: 21.414: [SoftReference, 0 refs, 0.0000855 secs]2024-07-26T01:31:29.815+0800: 21.415: [WeakReference, 0 refs, 0.0000094 secs]2024-07-26T01:31:29.815+0800: 21.415: [FinalReference, 0 refs, 0.0000176 secs]2024-07-26T01:31:29.815+0800: 21.415: [PhantomReference, 0 refs, 0.0000079 secs]2024-07-26T01:31:29.815+0800: 21.415: [JNI Weak Reference, 0.0000093 secs]
Desired survivor size 10715136 bytes, new threshold 1 (max 1)
- age   1:   20971840 bytes,   20971840 total
: 178457K->20480K(188736K), 0.0164971 secs] 437583K->333881K(1027648K), 0.0165832 secs] [Times: user=0.09 sys=0.02, real=0.02 secs] 
Heap after GC invocations=828 (full 71):
 par new generation   total 188736K, used 20480K [0x00000000c0000000, 0x00000000cccc0000, 0x00000000cccc0000)
  eden space 167808K,   0% used [0x00000000c0000000, 0x00000000c0000000, 0x00000000ca3e0000)
  from space 20928K,  97% used [0x00000000cb850000, 0x00000000ccc50140, 0x00000000cccc0000)
  to   space 20928K,   0% used [0x00000000ca3e0000, 0x00000000ca3e0000, 0x00000000cb850000)
 concurrent mark-sweep generation total 838912K, used 313401K [0x00000000cccc0000, 0x0000000100000000, 0x0000000100000000)
 Metaspace       used 3935K, capacity 4540K, committed 4864K, reserved 1056768K
  class space    used 425K, capacity 428K, committed 512K, reserved 1048576K
}
2024-07-26T01:31:29.815+0800: 21.415: Total time for which application threads were stopped: 0.0168323 seconds, Stopping threads took: 0.0000478 seconds
{Heap before GC invocations=828 (full 71):
 par new generation   total 188736K, used 187673K [0x00000000c0000000, 0x00000000cccc0000, 0x00000000cccc0000)
  eden space 167808K,  99% used [0x00000000c0000000, 0x00000000ca346440, 0x00000000ca3e0000)
  from space 20928K,  97% used [0x00000000cb850000, 0x00000000ccc50140, 0x00000000cccc0000)
  to   space 20928K,   0% used [0x00000000ca3e0000, 0x00000000ca3e0000, 0x00000000cb850000)
 concurrent mark-sweep generation total 838912K, used 313401K [0x00000000cccc0000, 0x0000000100000000, 0x0000000100000000)
 Metaspace       used 3935K, capacity 4540K, committed 4864K, reserved 1056768K
  class space    used 425K, capacity 428K, committed 512K, reserved 1048576K
2024-07-26T01:31:29.842+0800: 21.442: [GC (Allocation Failure) 2024-07-26T01:31:29.842+0800: 21.442: [ParNew2024-07-26T01:31:29.859+0800: 21.459: [SoftReference, 0 refs, 0.0000618 secs]2024-07-26T01:31:29.859+0800: 21.459: [WeakReference, 0 refs, 0.0000108 secs]2024-07-26T01:31:29.859+0800: 21.459: [FinalReference, 0 refs, 0.0000089 secs]2024-07-26T01:31:29.859+0800: 21.459: [PhantomReference, 0 refs, 0.0000085 secs]2024-07-26T01:31:29.859+0800: 21.459: [JNI Weak Reference, 0.0000096 secs]
Desired survivor size 10715136 bytes, new threshold 1 (max 1)
- age   1:   20971840 bytes,   20971840 total
: 187673K->20480K(188736K), 0.0175555 secs] 501074K->348217K(1027648K), 0.0176432 secs] [Times: user=0.09 sys=0.03, real=0.02 secs] 
Heap after GC invocations=829 (full 71):
 par new generation   total 188736K, used 20480K [0x00000000c0000000, 0x00000000cccc0000, 0x00000000cccc0000)
  eden space 167808K,   0% used [0x00000000c0000000, 0x00000000c0000000, 0x00000000ca3e0000)
  from space 20928K,  97% used [0x00000000ca3e0000, 0x00000000cb7e0140, 0x00000000cb850000)
  to   space 20928K,   0% used [0x00000000cb850000, 0x00000000cb850000, 0x00000000cccc0000)
 concurrent mark-sweep generation total 838912K, used 327737K [0x00000000cccc0000, 0x0000000100000000, 0x0000000100000000)
 Metaspace       used 3935K, capacity 4540K, committed 4864K, reserved 1056768K
  class space    used 425K, capacity 428K, committed 512K, reserved 1048576K
}
2024-07-26T01:31:29.860+0800: 21.459: Total time for which application threads were stopped: 0.0179456 seconds, Stopping threads took: 0.0000779 seconds
{Heap before GC invocations=829 (full 71):
 par new generation   total 188736K, used 187673K [0x00000000c0000000, 0x00000000cccc0000, 0x00000000cccc0000)
  eden space 167808K,  99% used [0x00000000c0000000, 0x00000000ca346440, 0x00000000ca3e0000)
  from space 20928K,  97% used [0x00000000ca3e0000, 0x00000000cb7e0140, 0x00000000cb850000)
  to   space 20928K,   0% used [0x00000000cb850000, 0x00000000cb850000, 0x00000000cccc0000)
 concurrent mark-sweep generation total 838912K, used 327737K [0x00000000cccc0000, 0x0000000100000000, 0x0000000100000000)
 Metaspace       used 3935K, capacity 4540K, committed 4864K, reserved 1056768K
  class space    used 425K, capacity 428K, committed 512K, reserved 1048576K
2024-07-26T01:31:29.904+0800: 21.504: [GC (Allocation Failure) 2024-07-26T01:31:29.905+0800: 21.504: [ParNew2024-07-26T01:31:29.930+0800: 21.529: [SoftReference, 0 refs, 0.0000647 secs]2024-07-26T01:31:29.930+0800: 21.529: [WeakReference, 0 refs, 0.0000103 secs]2024-07-26T01:31:29.930+0800: 21.529: [FinalReference, 0 refs, 0.0000091 secs]2024-07-26T01:31:29.930+0800: 21.529: [PhantomReference, 0 refs, 0.0000089 secs]2024-07-26T01:31:29.930+0800: 21.529: [JNI Weak Reference, 0.0000086 secs]
Desired survivor size 10715136 bytes, new threshold 1 (max 1)
- age   1:   20971840 bytes,   20971840 total
: 187673K->20480K(188736K), 0.0254498 secs] 515411K->426043K(1027648K), 0.0255379 secs] [Times: user=0.11 sys=0.02, real=0.03 secs] 
Heap after GC invocations=830 (full 71):
 par new generation   total 188736K, used 20480K [0x00000000c0000000, 0x00000000cccc0000, 0x00000000cccc0000)
  eden space 167808K,   0% used [0x00000000c0000000, 0x00000000c0000000, 0x00000000ca3e0000)
  from space 20928K,  97% used [0x00000000cb850000, 0x00000000ccc50140, 0x00000000cccc0000)
  to   space 20928K,   0% used [0x00000000ca3e0000, 0x00000000ca3e0000, 0x00000000cb850000)
 concurrent mark-sweep generation total 838912K, used 405562K [0x00000000cccc0000, 0x0000000100000000, 0x0000000100000000)
 Metaspace       used 3935K, capacity 4540K, committed 4864K, reserved 1056768K
  class space    used 425K, capacity 428K, committed 512K, reserved 1048576K
}
2024-07-26T01:31:29.930+0800: 21.529: Total time for which application threads were stopped: 0.0257890 seconds, Stopping threads took: 0.0000630 seconds
2024-07-26T01:31:29.931+0800: 21.530: [GC (CMS Initial Mark) [1 CMS-initial-mark: 405562K(838912K)] 427067K(1027648K), 0.0003158 secs] [Times: user=0.00 sys=0.00, real=0.00 secs] 
2024-07-26T01:31:29.931+0800: 21.530: Total time for which application threads were stopped: 0.0005634 seconds, Stopping threads took: 0.0001684 seconds
2024-07-26T01:31:29.931+0800: 21.530: [CMS-concurrent-mark-start]
2024-07-26T01:31:29.933+0800: 21.532: [CMS-concurrent-mark: 0.002/0.002 secs] [Times: user=0.00 sys=0.00, real=0.00 secs] 
2024-07-26T01:31:29.933+0800: 21.532: [CMS-concurrent-preclean-start]
2024-07-26T01:31:29.933+0800: 21.532: [Preclean SoftReferences, 0.0000085 secs]2024-07-26T01:31:29.933+0800: 21.532: [Preclean WeakReferences, 0.0000067 secs]2024-07-26T01:31:29.933+0800: 21.532: [Preclean FinalReferences, 0.0000054 secs]2024-07-26T01:31:29.933+0800: 21.532: [Preclean PhantomReferences, 0.0000051 secs]2024-07-26T01:31:29.934+0800: 21.533: [CMS-concurrent-preclean: 0.001/0.001 secs] [Times: user=0.00 sys=0.00, real=0.00 secs] 
2024-07-26T01:31:29.934+0800: 21.533: [CMS-concurrent-abortable-preclean-start]
{Heap before GC invocations=830 (full 72):
 par new generation   total 188736K, used 187673K [0x00000000c0000000, 0x00000000cccc0000, 0x00000000cccc0000)
  eden space 167808K,  99% used [0x00000000c0000000, 0x00000000ca346440, 0x00000000ca3e0000)
  from space 20928K,  97% used [0x00000000cb850000, 0x00000000ccc50140, 0x00000000cccc0000)
  to   space 20928K,   0% used [0x00000000ca3e0000, 0x00000000ca3e0000, 0x00000000cb850000)
 concurrent mark-sweep generation total 838912K, used 405562K [0x00000000cccc0000, 0x0000000100000000, 0x0000000100000000)
 Metaspace       used 3935K, capacity 4540K, committed 4864K, reserved 1056768K
  class space    used 425K, capacity 428K, committed 512K, reserved 1048576K
2024-07-26T01:31:29.971+0800: 21.571: [GC (Allocation Failure) 2024-07-26T01:31:29.971+0800: 21.571: [ParNew2024-07-26T01:31:29.986+0800: 21.586: [SoftReference, 0 refs, 0.0000761 secs]2024-07-26T01:31:29.986+0800: 21.586: [WeakReference, 0 refs, 0.0000102 secs]2024-07-26T01:31:29.986+0800: 21.586: [FinalReference, 0 refs, 0.0000087 secs]2024-07-26T01:31:29.986+0800: 21.586: [PhantomReference, 0 refs, 0.0000082 secs]2024-07-26T01:31:29.986+0800: 21.586: [JNI Weak Reference, 0.0000084 secs]
Desired survivor size 10715136 bytes, new threshold 1 (max 1)
- age   1:   20971840 bytes,   20971840 total
: 187673K->20480K(188736K), 0.0153906 secs] 593236K->463931K(1027648K), 0.0154682 secs] [Times: user=0.05 sys=0.02, real=0.02 secs] 
Heap after GC invocations=831 (full 72):
 par new generation   total 188736K, used 20480K [0x00000000c0000000, 0x00000000cccc0000, 0x00000000cccc0000)
  eden space 167808K,   0% used [0x00000000c0000000, 0x00000000c0000000, 0x00000000ca3e0000)
  from space 20928K,  97% used [0x00000000ca3e0000, 0x00000000cb7e0140, 0x00000000cb850000)
  to   space 20928K,   0% used [0x00000000cb850000, 0x00000000cb850000, 0x00000000cccc0000)
 concurrent mark-sweep generation total 838912K, used 443451K [0x00000000cccc0000, 0x0000000100000000, 0x0000000100000000)
 Metaspace       used 3935K, capacity 4540K, committed 4864K, reserved 1056768K
  class space    used 425K, capacity 428K, committed 512K, reserved 1048576K
}
2024-07-26T01:31:29.987+0800: 21.587: Total time for which application threads were stopped: 0.0156992 seconds, Stopping threads took: 0.0000541 seconds
{Heap before GC invocations=831 (full 72):
 par new generation   total 188736K, used 187673K [0x00000000c0000000, 0x00000000cccc0000, 0x00000000cccc0000)
  eden space 167808K,  99% used [0x00000000c0000000, 0x00000000ca346440, 0x00000000ca3e0000)
  from space 20928K,  97% used [0x00000000ca3e0000, 0x00000000cb7e0140, 0x00000000cb850000)
  to   space 20928K,   0% used [0x00000000cb850000, 0x00000000cb850000, 0x00000000cccc0000)
 concurrent mark-sweep generation total 838912K, used 443451K [0x00000000cccc0000, 0x0000000100000000, 0x0000000100000000)
 Metaspace       used 3935K, capacity 4540K, committed 4864K, reserved 1056768K
  class space    used 425K, capacity 428K, committed 512K, reserved 1048576K
2024-07-26T01:31:30.024+0800: 21.623: [GC (Allocation Failure) 2024-07-26T01:31:30.024+0800: 21.623: [ParNew2024-07-26T01:31:30.030+0800: 21.630: [SoftReference, 0 refs, 0.0000573 secs]2024-07-26T01:31:30.030+0800: 21.630: [WeakReference, 0 refs, 0.0000089 secs]2024-07-26T01:31:30.030+0800: 21.630: [FinalReference, 0 refs, 0.0000076 secs]2024-07-26T01:31:30.030+0800: 21.630: [PhantomReference, 0 refs, 0.0000071 secs]2024-07-26T01:31:30.030+0800: 21.630: [JNI Weak Reference, 0.0000085 secs]
Desired survivor size 10715136 bytes, new threshold 1 (max 1)
- age   1:   18874656 bytes,   18874656 total
: 187673K->18432K(188736K), 0.0066336 secs] 631124K->461883K(1027648K), 0.0067286 secs] [Times: user=0.05 sys=0.00, real=0.01 secs] 
Heap after GC invocations=832 (full 72):
 par new generation   total 188736K, used 18432K [0x00000000c0000000, 0x00000000cccc0000, 0x00000000cccc0000)
  eden space 167808K,   0% used [0x00000000c0000000, 0x00000000c0000000, 0x00000000ca3e0000)
  from space 20928K,  88% used [0x00000000cb850000, 0x00000000cca50120, 0x00000000cccc0000)
  to   space 20928K,   0% used [0x00000000ca3e0000, 0x00000000ca3e0000, 0x00000000cb850000)
 concurrent mark-sweep generation total 838912K, used 443451K [0x00000000cccc0000, 0x0000000100000000, 0x0000000100000000)
 Metaspace       used 3935K, capacity 4540K, committed 4864K, reserved 1056768K
  class space    used 425K, capacity 428K, committed 512K, reserved 1048576K
}
2024-07-26T01:31:30.030+0800: 21.630: Total time for which application threads were stopped: 0.0070015 seconds, Stopping threads took: 0.0000882 seconds
{Heap before GC invocations=832 (full 72):
 par new generation   total 188736K, used 185625K [0x00000000c0000000, 0x00000000cccc0000, 0x00000000cccc0000)
  eden space 167808K,  99% used [0x00000000c0000000, 0x00000000ca346440, 0x00000000ca3e0000)
  from space 20928K,  88% used [0x00000000cb850000, 0x00000000cca50120, 0x00000000cccc0000)
  to   space 20928K,   0% used [0x00000000ca3e0000, 0x00000000ca3e0000, 0x00000000cb850000)
 concurrent mark-sweep generation total 838912K, used 443451K [0x00000000cccc0000, 0x0000000100000000, 0x0000000100000000)
 Metaspace       used 3935K, capacity 4540K, committed 4864K, reserved 1056768K
  class space    used 425K, capacity 428K, committed 512K, reserved 1048576K
2024-07-26T01:31:30.051+0800: 21.650: [GC (Allocation Failure) 2024-07-26T01:31:30.051+0800: 21.650: [ParNew2024-07-26T01:31:30.070+0800: 21.669: [SoftReference, 0 refs, 0.0000788 secs]2024-07-26T01:31:30.070+0800: 21.669: [WeakReference, 0 refs, 0.0000071 secs]2024-07-26T01:31:30.070+0800: 21.669: [FinalReference, 0 refs, 0.0000068 secs]2024-07-26T01:31:30.070+0800: 21.669: [PhantomReference, 0 refs, 0.0000066 secs]2024-07-26T01:31:30.070+0800: 21.669: [JNI Weak Reference, 0.0000087 secs]
Desired survivor size 10715136 bytes, new threshold 1 (max 1)
- age   1:   20971840 bytes,   20971840 total
: 185625K->20480K(188736K), 0.0190869 secs] 629076K->525372K(1027648K), 0.0191647 secs] [Times: user=0.14 sys=0.05, real=0.02 secs] 
Heap after GC invocations=833 (full 72):
 par new generation   total 188736K, used 20480K [0x00000000c0000000, 0x00000000cccc0000, 0x00000000cccc0000)
  eden space 167808K,   0% used [0x00000000c0000000, 0x00000000c0000000, 0x00000000ca3e0000)
  from space 20928K,  97% used [0x00000000ca3e0000, 0x00000000cb7e0140, 0x00000000cb850000)
  to   space 20928K,   0% used [0x00000000cb850000, 0x00000000cb850000, 0x00000000cccc0000)
 concurrent mark-sweep generation total 838912K, used 504892K [0x00000000cccc0000, 0x0000000100000000, 0x0000000100000000)
 Metaspace       used 3935K, capacity 4540K, committed 4864K, reserved 1056768K
  class space    used 425K, capacity 428K, committed 512K, reserved 1048576K
}
2024-07-26T01:31:30.070+0800: 21.669: Total time for which application threads were stopped: 0.0194006 seconds, Stopping threads took: 0.0000528 seconds
{Heap before GC invocations=833 (full 72):
 par new generation   total 188736K, used 187673K [0x00000000c0000000, 0x00000000cccc0000, 0x00000000cccc0000)
  eden space 167808K,  99% used [0x00000000c0000000, 0x00000000ca346440, 0x00000000ca3e0000)
  from space 20928K,  97% used [0x00000000ca3e0000, 0x00000000cb7e0140, 0x00000000cb850000)
  to   space 20928K,   0% used [0x00000000cb850000, 0x00000000cb850000, 0x00000000cccc0000)
 concurrent mark-sweep generation total 838912K, used 504892K [0x00000000cccc0000, 0x0000000100000000, 0x0000000100000000)
 Metaspace       used 3935K, capacity 4540K, committed 4864K, reserved 1056768K
  class space    used 425K, capacity 428K, committed 512K, reserved 1048576K
2024-07-26T01:31:30.094+0800: 21.694: [GC (Allocation Failure) 2024-07-26T01:31:30.094+0800: 21.694: [ParNew2024-07-26T01:31:30.105+0800: 21.704: [SoftReference, 0 refs, 0.0000637 secs]2024-07-26T01:31:30.105+0800: 21.705: [WeakReference, 0 refs, 0.0000098 secs]2024-07-26T01:31:30.105+0800: 21.705: [FinalReference, 0 refs, 0.0000087 secs]2024-07-26T01:31:30.105+0800: 21.705: [PhantomReference, 0 refs, 0.0000084 secs]2024-07-26T01:31:30.105+0800: 21.705: [JNI Weak Reference, 0.0000084 secs]
Desired survivor size 10715136 bytes, new threshold 1 (max 1)
- age   1:   20971840 bytes,   20971840 total
: 187673K->20480K(188736K), 0.0106655 secs] 692565K->546877K(1027648K), 0.0107255 secs] [Times: user=0.00 sys=0.00, real=0.01 secs] 
Heap after GC invocations=834 (full 72):
 par new generation   total 188736K, used 20480K [0x00000000c0000000, 0x00000000cccc0000, 0x00000000cccc0000)
  eden space 167808K,   0% used [0x00000000c0000000, 0x00000000c0000000, 0x00000000ca3e0000)
  from space 20928K,  97% used [0x00000000cb850000, 0x00000000ccc50140, 0x00000000cccc0000)
  to   space 20928K,   0% used [0x00000000ca3e0000, 0x00000000ca3e0000, 0x00000000cb850000)
 concurrent mark-sweep generation total 838912K, used 526396K [0x00000000cccc0000, 0x0000000100000000, 0x0000000100000000)
 Metaspace       used 3935K, capacity 4540K, committed 4864K, reserved 1056768K
  class space    used 425K, capacity 428K, committed 512K, reserved 1048576K
}
2024-07-26T01:31:30.105+0800: 21.705: Total time for which application threads were stopped: 0.0109250 seconds, Stopping threads took: 0.0000352 seconds
{Heap before GC invocations=834 (full 72):
 par new generation   total 188736K, used 187673K [0x00000000c0000000, 0x00000000cccc0000, 0x00000000cccc0000)
  eden space 167808K,  99% used [0x00000000c0000000, 0x00000000ca346440, 0x00000000ca3e0000)
  from space 20928K,  97% used [0x00000000cb850000, 0x00000000ccc50140, 0x00000000cccc0000)
  to   space 20928K,   0% used [0x00000000ca3e0000, 0x00000000ca3e0000, 0x00000000cb850000)
 concurrent mark-sweep generation total 838912K, used 526396K [0x00000000cccc0000, 0x0000000100000000, 0x0000000100000000)
